Archive member included to satisfy reference by file (symbol)

obj_cooja/mtype182.a(simEnvChange.o)
                              obj_cooja/mtype182.o (simDontFallAsleep)
obj_cooja/mtype182.a(cooja_mt.o)
                              obj_cooja/mtype182.o (cooja_mt_start)
obj_cooja/mtype182.a(cooja_mtarch.o)
                              obj_cooja/mtype182.a(cooja_mt.o) (cooja_mtarch_init)
obj_cooja/mtype182.a(rtimer-arch.o)
                              obj_cooja/mtype182.o (rtimer_arch_next)
obj_cooja/mtype182.a(beep.o)  obj_cooja/mtype182.o (beep_interface)
obj_cooja/mtype182.a(button-sensor.o)
                              obj_cooja/mtype182.o (button_interface)
obj_cooja/mtype182.a(leds-arch.o)
                              obj_cooja/mtype182.o (leds_interface)
obj_cooja/mtype182.a(moteid.o)
                              obj_cooja/mtype182.o (moteid_interface)
obj_cooja/mtype182.a(pir-sensor.o)
                              obj_cooja/mtype182.o (pir_interface)
obj_cooja/mtype182.a(rs232.o)
                              obj_cooja/mtype182.o (rs232_interface)
obj_cooja/mtype182.a(vib-sensor.o)
                              obj_cooja/mtype182.o (vib_interface)
obj_cooja/mtype182.a(clock.o)
                              obj_cooja/mtype182.o (clock_interface)
obj_cooja/mtype182.a(log.o)   obj_cooja/mtype182.o (simlog_interface)
obj_cooja/mtype182.a(cfs-cooja.o)
                              obj_cooja/mtype182.o (cfs_interface)
obj_cooja/mtype182.a(cooja-radio.o)
                              obj_cooja/mtype182.o (radio_interface)
obj_cooja/mtype182.a(eeprom.o)
                              obj_cooja/mtype182.o (eeprom_interface)
obj_cooja/mtype182.a(random.o)
                              obj_cooja/mtype182.a(moteid.o) (random_init)
obj_cooja/mtype182.a(sensors.o)
                              udp-server.co (sensors_event)
obj_cooja/mtype182.a(leds.o)  obj_cooja/mtype182.a(cooja-radio.o) (leds_on)
obj_cooja/mtype182.a(dual_conf.o)
                              obj_cooja/mtype182.a(cooja-radio.o) (long_range_radio)
obj_cooja/mtype182.a(autostart.o)
                              obj_cooja/mtype182.o (autostart_start)
obj_cooja/mtype182.a(ctimer.o)
                              obj_cooja/mtype182.o (ctimer_init)
obj_cooja/mtype182.a(etimer.o)
                              obj_cooja/mtype182.o (etimer_process)
obj_cooja/mtype182.a(log_message.o)
                              obj_cooja/mtype182.o (log_fp)
obj_cooja/mtype182.a(process.o)
                              udp-server.co (process_current)
obj_cooja/mtype182.a(residual.o)
                              obj_cooja/mtype182.o (DISSIPATION_RATE)
obj_cooja/mtype182.a(rtimer.o)
                              obj_cooja/mtype182.a(rtimer-arch.o) (rtimer_run_next)
obj_cooja/mtype182.a(timer.o)
                              obj_cooja/mtype182.a(button-sensor.o) (timer_set)
obj_cooja/mtype182.a(serial-line.o)
                              obj_cooja/mtype182.a(rs232.o) (serial_line_input_byte)
obj_cooja/mtype182.a(list.o)  obj_cooja/mtype182.a(ctimer.o) (list_init)
obj_cooja/mtype182.a(ringbuf.o)
                              obj_cooja/mtype182.a(serial-line.o) (ringbuf_init)
obj_cooja/mtype182.a(sicslowpan.o)
                              obj_cooja/mtype182.o (sicslowpan_driver)
obj_cooja/mtype182.a(uip-ds6-nbr.o)
                              obj_cooja/mtype182.a(sicslowpan.o) (uip_ds6_link_neighbor_callback)
obj_cooja/mtype182.a(uip-ds6.o)
                              udp-server.co (uip_ds6_if)
obj_cooja/mtype182.a(uip6.o)  obj_cooja/mtype182.o (uip_lladdr)
obj_cooja/mtype182.a(tcpip.o)
                              udp-server.co (tcpip_event)
obj_cooja/mtype182.a(uip-debug.o)
                              udp-server.co (uip_debug_ipaddr_print)
obj_cooja/mtype182.a(uip-packetqueue)
                              obj_cooja/mtype182.a(uip-ds6-nbr.o) (uip_packetqueue_new)
obj_cooja/mtype182.a(rpl-dag.o)
                              udp-server.co (rpl_set_root)
obj_cooja/mtype182.a(rpl-ext-header.)
                              obj_cooja/mtype182.a(uip6.o) (rpl_verify_header)
obj_cooja/mtype182.a(rpl-icmp6.o)
                              obj_cooja/mtype182.a(rpl-dag.o) (rpl_icmp6_update_nbr_table)
obj_cooja/mtype182.a(rpl-ltmax.o)
                              obj_cooja/mtype182.a(rpl-dag.o) (rpl_ltmax_of)
obj_cooja/mtype182.a(rpl-timers.o)
                              obj_cooja/mtype182.a(rpl-dag.o) (rpl_reset_dio_timer)
obj_cooja/mtype182.a(rpl.o)   obj_cooja/mtype182.a(rpl-icmp6.o) (rpl_get_mode)
obj_cooja/mtype182.a(csma.o)  udp-server.co (csma_driver)
obj_cooja/mtype182.a(framer-802154.o)
                              obj_cooja/mtype182.a(sicslowpan.o) (framer_802154)
obj_cooja/mtype182.a(mac.o)   obj_cooja/mtype182.a(csma.o) (mac_call_sent_callback)
obj_cooja/mtype182.a(cxmac.o)
                              obj_cooja/mtype182.o (cxmac_driver)
obj_cooja/mtype182.a(linkaddr.o)
                              obj_cooja/mtype182.o (linkaddr_node_addr)
[...]
Memory Configuration

Name             Origin             Length             Attributes
*default*        0x0000000000000000 0xffffffffffffffff

Linker script and memory map

LOAD /usr/lib/gcc/i686-linux-gnu/4.8/../../../i386-linux-gnu/crti.o
LOAD /usr/lib/gcc/i686-linux-gnu/4.8/crtbeginS.o
LOAD udp-server.co
LOAD obj_cooja/mtype182.o
LOAD obj_cooja/mtype182.a
LOAD /usr/lib/gcc/i686-linux-gnu/4.8/libgcc.a
LOAD /usr/lib/gcc/i686-linux-gnu/4.8/libgcc_s.so
LOAD /usr/lib/gcc/i686-linux-gnu/4.8/../../../i386-linux-gnu/libc.so
START GROUP
LOAD /lib/i386-linux-gnu/libc.so.6
LOAD /usr/lib/i386-linux-gnu/libc_nonshared.a
LOAD /lib/i386-linux-gnu/ld-linux.so.2
END GROUP
LOAD /usr/lib/gcc/i686-linux-gnu/4.8/libgcc.a
LOAD /usr/lib/gcc/i686-linux-gnu/4.8/libgcc_s.so
LOAD /usr/lib/gcc/i686-linux-gnu/4.8/crtendS.o
LOAD /usr/lib/gcc/i686-linux-gnu/4.8/../../../i386-linux-gnu/crtn.o
                0x0000000000000114                . = (0x0 + SIZEOF_HEADERS)

.note.gnu.build-id
                0x0000000000000114       0x24
 *(.note.gnu.build-id)
 .note.gnu.build-id
                0x0000000000000114       0x24 /usr/lib/gcc/i686-linux-gnu/4.8/../../../i386-linux-gnu/crti.o

.hash
 *(.hash)

.gnu.hash       0x0000000000000138     0x139c
 *(.gnu.hash)
 .gnu.hash      0x0000000000000138     0x139c /usr/lib/gcc/i686-linux-gnu/4.8/../../../i386-linux-gnu/crti.o

.dynsym         0x00000000000014d4     0x2700
 *(.dynsym)
 .dynsym        0x00000000000014d4     0x2700 /usr/lib/gcc/i686-linux-gnu/4.8/../../../i386-linux-gnu/crti.o

.dynstr         0x0000000000003bd4     0x27bf
 *(.dynstr)
 .dynstr        0x0000000000003bd4     0x27bf /usr/lib/gcc/i686-linux-gnu/4.8/../../../i386-linux-gnu/crti.o

.gnu.version    0x0000000000006394      0x4e0
 *(.gnu.version)
 .gnu.version   0x0000000000006394      0x4e0 /usr/lib/gcc/i686-linux-gnu/4.8/../../../i386-linux-gnu/crti.o

.gnu.version_d  0x0000000000006874        0x0
 *(.gnu.version_d)
 .gnu.version_d
                0x0000000000000000        0x0 /usr/lib/gcc/i686-linux-gnu/4.8/../../../i386-linux-gnu/crti.o

.gnu.version_r  0x0000000000006874       0x50
 *(.gnu.version_r)
 .gnu.version_r
                0x0000000000006874       0x50 /usr/lib/gcc/i686-linux-gnu/4.8/../../../i386-linux-gnu/crti.o

.rel.dyn        0x00000000000068c4     0x9690
 *(.rel.init)
 .rel.init      0x0000000000000000        0x0 /usr/lib/gcc/i686-linux-gnu/4.8/../../../i386-linux-gnu/crti.o
 *(.rel.text .rel.text.* .rel.gnu.linkonce.t.*)
 .rel.text      0x00000000000068c4     0x8eb8 /usr/lib/gcc/i686-linux-gnu/4.8/../../../i386-linux-gnu/crti.o
 *(.rel.fini)
 .rel.fini      0x0000000000000000        0x0 /usr/lib/gcc/i686-linux-gnu/4.8/../../../i386-linux-gnu/crti.o
 *(.rel.rodata .rel.rodata.* .rel.gnu.linkonce.r.*)
 .rel.rodata    0x000000000000f77c      0x4e0 /usr/lib/gcc/i686-linux-gnu/4.8/../../../i386-linux-gnu/crti.o
 *(.rel.data.rel.ro .rel.data.rel.ro.* .rel.gnu.linkonce.d.rel.ro.*)
 *(.rel.data .rel.data.* .rel.gnu.linkonce.d.*)
 .rel.data.rel  0x000000000000fc5c        0x8 /usr/lib/gcc/i686-linux-gnu/4.8/../../../i386-linux-gnu/crti.o
 .rel.data      0x000000000000fc64      0x2b8 /usr/lib/gcc/i686-linux-gnu/4.8/../../../i386-linux-gnu/crti.o
 *(.rel.tdata .rel.tdata.* .rel.gnu.linkonce.td.*)
 *(.rel.tbss .rel.tbss.* .rel.gnu.linkonce.tb.*)
 *(.rel.ctors)
 *(.rel.dtors)
 *(.rel.got)
 .rel.got       0x000000000000ff1c       0x28 /usr/lib/gcc/i686-linux-gnu/4.8/../../../i386-linux-gnu/crti.o
 *(.rel.bss .rel.bss.* .rel.gnu.linkonce.b.*)
 *(.rel.ifunc)
 .rel.ifunc     0x0000000000000000        0x0 /usr/lib/gcc/i686-linux-gnu/4.8/../../../i386-linux-gnu/crti.o
 .rel.fini_array
                0x000000000000ff44        0x8 /usr/lib/gcc/i686-linux-gnu/4.8/../../../i386-linux-gnu/crti.o
 .rel.init_array
                0x000000000000ff4c        0x8 /usr/lib/gcc/i686-linux-gnu/4.8/../../../i386-linux-gnu/crti.o

.rel.plt        0x000000000000ff54       0x10
 *(.rel.plt)
 .rel.plt       0x000000000000ff54       0x10 /usr/lib/gcc/i686-linux-gnu/4.8/../../../i386-linux-gnu/crti.o
 *(.rel.iplt)

.init           0x000000000000ff64       0x23
 *(SORT(.init))
 .init          0x000000000000ff64       0x1e /usr/lib/gcc/i686-linux-gnu/4.8/../../../i386-linux-gnu/crti.o
                0x000000000000ff64                _init
 .init          0x000000000000ff82        0x5 /usr/lib/gcc/i686-linux-gnu/4.8/../../../i386-linux-gnu/crtn.o

.plt            0x000000000000ff90       0x30
 *(.plt)
 .plt           0x000000000000ff90       0x30 /usr/lib/gcc/i686-linux-gnu/4.8/../../../i386-linux-gnu/crti.o
 *(.iplt)

.text           0x000000000000ffc0    0x1718e
 *(.text.unlikely .text.*_unlikely .text.unlikely.*)
 *(.text.exit .text.exit.*)
 *(.text.startup .text.startup.*)
 *(.text.hot .text.hot.*)
 *(.text .stub .text.* .gnu.linkonce.t.*)
 .text          0x000000000000ffc0        0x0 /usr/lib/gcc/i686-linux-gnu/4.8/../../../i386-linux-gnu/crti.o
 .gnu.linkonce.t.__x86.get_pc_thunk.bx
                0x000000000000ffc0        0x4 /usr/lib/gcc/i686-linux-gnu/4.8/../../../i386-linux-gnu/crti.o
                0x000000000000ffc0                __x86.get_pc_thunk.bx
 *fill*         0x000000000000ffc4        0xc 
 .text          0x000000000000ffd0      0x11b /usr/lib/gcc/i686-linux-gnu/4.8/crtbeginS.o
 .text          0x00000000000100eb      0x4a8 udp-server.co
 .text          0x0000000000010593      0x9c8 obj_cooja/mtype182.o
                0x0000000000010741                contiki_init
                0x0000000000010d72                Java_org_contikios_cooja_corecomm_Lib22_init
                0x0000000000010db2                Java_org_contikios_cooja_corecomm_Lib22_getMemory
                0x0000000000010df2                Java_org_contikios_cooja_corecomm_Lib22_setMemory
                0x0000000000010e69                Java_org_contikios_cooja_corecomm_Lib22_tick
                0x0000000000010f49                Java_org_contikios_cooja_corecomm_Lib22_setReferenceAddress
 .text          0x0000000000010f5b       0x63 obj_cooja/mtype182.a(simEnvChange.o)
                0x0000000000010f5b                doActionsBeforeTick
                0x0000000000010f8c                doActionsAfterTick
 .text          0x0000000000010fbe       0xbc obj_cooja/mtype182.a(cooja_mt.o)
                0x0000000000010fbe                cooja_mt_init
                0x0000000000010fcb                cooja_mt_remove
                0x0000000000010fd8                cooja_mt_start
                0x0000000000011005                cooja_mt_exec
                0x0000000000011036                cooja_mt_exit
                0x0000000000011058                cooja_mt_yield
 .text          0x000000000001107a      0x115 obj_cooja/mtype182.a(cooja_mtarch.o)
                0x000000000001107a                cooja_mtarch_init
                0x000000000001107f                cooja_mtarch_start
                0x00000000000110fa                cooja_sw
                0x000000000001111c                cooja_mtarch_exec
                0x0000000000011138                cooja_mtarch_remove
                0x000000000001113d                cooja_mtarch_yield
                0x0000000000011147                cooja_mtarch_pstop
                0x000000000001114c                cooja_mtarch_pstart
                0x0000000000011151                cooja_mtarch_stack_usage
 .text          0x000000000001118f       0xc2 obj_cooja/mtype182.a(rtimer-arch.o)
                0x000000000001118f                rtimer_arch_init
                0x00000000000111b2                rtimer_arch_schedule
                0x00000000000111c9                rtimer_arch_next
                0x00000000000111d3                rtimer_arch_pending
                0x00000000000111dd                rtimer_arch_check
                0x000000000001120f                rtimer_arch_now
 .text          0x0000000000011251       0x76 obj_cooja/mtype182.a(beep.o)
                0x0000000000011251                beep_alarm
                0x000000000001125d                beep_beep
                0x0000000000011269                beep
                0x0000000000011275                beep_down
                0x0000000000011281                beep_on
                0x000000000001128d                beep_off
                0x0000000000011299                beep_spinup
                0x00000000000112a5                beep_quick
                0x00000000000112b1                beep_long
 .text          0x00000000000112c7      0x103 obj_cooja/mtype182.a(button-sensor.o)
 .text          0x00000000000113ca       0x45 obj_cooja/mtype182.a(leds-arch.o)
                0x00000000000113ca                leds_arch_init
                0x00000000000113d6                leds_arch_get
                0x00000000000113e2                leds_arch_set
 .text          0x000000000001140f       0x2f obj_cooja/mtype182.a(moteid.o)
 .text          0x000000000001143e       0xb1 obj_cooja/mtype182.a(pir-sensor.o)
 .text          0x00000000000114ef      0x131 obj_cooja/mtype182.a(rs232.o)
                0x00000000000114ef                rs232_init
                0x00000000000114f4                rs232_set_speed
                0x0000000000011502                rs232_set_input
                0x000000000001150f                rs232_send
                0x0000000000011531                rs232_print
                0x000000000001154c                slip_arch_writeb
 .text          0x0000000000011620       0xb1 obj_cooja/mtype182.a(vib-sensor.o)
 .text          0x00000000000116d1       0x34 obj_cooja/mtype182.a(clock.o)
                0x00000000000116d1                clock_init
                0x00000000000116d6                clock_time
                0x00000000000116e0                clock_seconds
                0x00000000000116f6                clock_delay
 .text          0x0000000000011705      0x1ed obj_cooja/mtype182.a(log.o)
                0x0000000000011705                simlog_char
                0x0000000000011747                simlog
                0x00000000000117b4                log_message
                0x00000000000117dc                log_set_putchar_with_slip
                0x00000000000117e9                log_putchar
                0x000000000001186d                log_puts
                0x0000000000011891                log_printf
 .text          0x00000000000118f2      0x2c4 obj_cooja/mtype182.a(cfs-cooja.o)
                0x00000000000118f2                cfs_open
                0x000000000001195b                cfs_close
                0x0000000000011967                cfs_read
                0x0000000000011a05                cfs_write
                0x0000000000011ae2                cfs_seek
                0x0000000000011b6a                cfs_remove
                0x0000000000011b93                cfs_opendir
                0x0000000000011b9d                cfs_readdir
                0x0000000000011ba7                cfs_closedir
 .text          0x0000000000011bb6      0x6c4 obj_cooja/mtype182.a(cooja-radio.o)
                0x0000000000011be0                radio_set_channel
                0x0000000000011bf5                radio_set_txpower
                0x0000000000011c15                radio_signal_strength_last
                0x0000000000011c1f                radio_signal_strength_current
                0x0000000000011c29                radio_LQI
 .text          0x000000000001227a       0xef obj_cooja/mtype182.a(eeprom.o)
                0x000000000001227a                eeprom_init
                0x000000000001227f                eeprom_read
                0x00000000000122ef                eeprom_write
 .text          0x0000000000012369       0x28 obj_cooja/mtype182.a(random.o)
                0x0000000000012369                random_init
                0x0000000000012384                random_rand
 .text          0x0000000000012391      0x2a1 obj_cooja/mtype182.a(sensors.o)
                0x00000000000123cc                sensors_first
                0x00000000000123d6                sensors_next
                0x00000000000123f3                sensors_changed
                0x0000000000012422                sensors_find
 .text          0x0000000000012632      0x134 obj_cooja/mtype182.a(leds.o)
                0x0000000000012683                leds_init
                0x0000000000012697                leds_blink
                0x00000000000126cf                leds_get
                0x00000000000126dc                leds_set
                0x00000000000126f6                leds_on
                0x0000000000012719                leds_off
                0x0000000000012743                leds_toggle
 .text          0x0000000000012766      0x318 obj_cooja/mtype182.a(dual_conf.o)
                0x0000000000012766                dual_radio_switch
                0x00000000000127a6                dual_radio_change
                0x00000000000127e0                sending_in_LR
                0x000000000001280b                dual_radio_received
                0x0000000000012843                radio_received_is_longrange
                0x000000000001285e                dual_radio_turn_on
                0x0000000000012881                dual_radio_turn_off
                0x0000000000012a34                dio_broadcast
                0x0000000000012a5d                dis_broadcast
 .text          0x0000000000012a7e       0x8e obj_cooja/mtype182.a(autostart.o)
                0x0000000000012a7e                autostart_start
                0x0000000000012ac9                autostart_exit
 .text          0x0000000000012b0c      0x334 obj_cooja/mtype182.a(ctimer.o)
                0x0000000000012c23                ctimer_init
                0x0000000000012c53                ctimer_set
                0x0000000000012c84                ctimer_set_with_process
                0x0000000000012d00                ctimer_reset
                0x0000000000012d4f                ctimer_restart
                0x0000000000012d9e                ctimer_stop
                0x0000000000012de9                ctimer_expired
 .text          0x0000000000012e40      0x40b obj_cooja/mtype182.a(etimer.o)
                0x0000000000013053                etimer_request_poll
                0x00000000000130d7                etimer_set
                0x00000000000130fc                etimer_reset_with_new_interval
                0x0000000000013123                etimer_reset
                0x0000000000013141                etimer_restart
                0x000000000001315f                etimer_adjust
                0x000000000001317b                etimer_expired
                0x000000000001318e                etimer_expiration_time
                0x00000000000131a0                etimer_start_time
                0x00000000000131aa                etimer_pending
                0x00000000000131bc                etimer_next_expiration_time
                0x00000000000131d6                etimer_stop
 .text          0x000000000001324b      0x225 obj_cooja/mtype182.a(log_message.o)
                0x000000000001324b                log_initialization
                0x000000000001344a                log_reinit
                0x000000000001344f                log_finisher
 .text          0x0000000000013470      0x560 obj_cooja/mtype182.a(process.o)
                0x0000000000013470                process_alloc_event
                0x0000000000013485                process_start
                0x000000000001366e                process_exit
                0x000000000001368a                process_init
                0x000000000001385b                process_run
                0x000000000001388e                process_nevents
                0x00000000000138a9                process_post
                0x0000000000013955                process_post_synch
                0x000000000001398d                process_poll
                0x00000000000139bc                process_is_running
 .text          0x00000000000139d0       0xd3 obj_cooja/mtype182.a(residual.o)
                0x00000000000139d0                get_residual_energy
 .text          0x0000000000013aa3       0xba obj_cooja/mtype182.a(rtimer.o)
                0x0000000000013aa3                rtimer_init
                0x0000000000013ab0                rtimer_set
                0x0000000000013b07                rtimer_run_next
 .text          0x0000000000013b5d       0x91 obj_cooja/mtype182.a(timer.o)
                0x0000000000013b5d                timer_set
                0x0000000000013b78                timer_reset
                0x0000000000013b8f                timer_restart
                0x0000000000013ba1                timer_expired
                0x0000000000013bca                timer_remaining
 .text          0x0000000000013bee      0x1fb obj_cooja/mtype182.a(serial-line.o)
                0x0000000000013bee                serial_line_input_byte
                0x0000000000013db1                serial_line_init
 .text          0x0000000000013de9      0x244 obj_cooja/mtype182.a(list.o)
                0x0000000000013de9                list_init
                0x0000000000013df7                list_head
                0x0000000000013e01                list_copy
                0x0000000000013e10                list_tail
                0x0000000000013e46                list_add
                0x0000000000013e8f                list_push
                0x0000000000013ebb                list_chop
                0x0000000000013f25                list_pop
                0x0000000000013f4d                list_remove
                0x0000000000013fb4                list_length
                0x0000000000013fe2                list_insert
                0x0000000000014016                list_item_next
 .text          0x000000000001402d      0x155 obj_cooja/mtype182.a(ringbuf.o)
                0x000000000001402d                ringbuf_init
                0x000000000001405e                ringbuf_put
                0x00000000000140dc                ringbuf_get
                0x0000000000014149                ringbuf_size
                0x000000000001415b                ringbuf_elements
 .text          0x0000000000014182     0x258b obj_cooja/mtype182.a(sicslowpan.o)
                0x000000000001470c                rime_sniffer_add
                0x0000000000014719                rime_sniffer_remove
                0x00000000000166ac                sicslowpan_init
                0x0000000000016703                sicslowpan_get_last_rssi
 .text          0x000000000001670d      0x2d9 obj_cooja/mtype182.a(uip-ds6-nbr.o)
                0x000000000001672a                uip_ds6_neighbors_init
                0x0000000000016747                uip_ds6_nbr_add
                0x00000000000167f5                uip_ds6_nbr_rm
                0x0000000000016852                uip_ds6_nbr_get_ipaddr
                0x0000000000016867                uip_ds6_nbr_get_ll
                0x0000000000016883                uip_ds6_nbr_num
                0x00000000000168c8                uip_ds6_nbr_lookup
                0x000000000001692d                uip_ds6_nbr_ll_lookup
                0x0000000000016949                uip_ds6_nbr_ipaddr_from_lladdr
                0x000000000001696f                uip_ds6_nbr_lladdr_from_ipaddr
                0x000000000001699d                uip_ds6_link_neighbor_callback
 .text          0x00000000000169e6     0x12ad obj_cooja/mtype182.a(uip-ds6.o)
                0x00000000000169e6                uip_ds6_init
                0x0000000000016d3b                uip_ds6_periodic
                0x0000000000016e13                uip_ds6_list_loop
                0x0000000000016eba                uip_ds6_prefix_add
                0x0000000000016f78                uip_ds6_prefix_rm
                0x0000000000016f8a                uip_ds6_prefix_lookup
                0x0000000000016fdb                uip_ds6_is_addr_onlink
                0x000000000001704f                uip_ds6_addr_add
                0x000000000001717d                uip_ds6_long_addr_add
                0x00000000000172ab                uip_ds6_addr_rm
                0x000000000001734b                uip_ds6_addr_lookup
                0x0000000000017396                uip_ds6_long_addr_lookup
                0x00000000000173e1                uip_ds6_get_link_local
                0x0000000000017460                uip_ds6_long_get_link_local
                0x00000000000174df                uip_ds6_get_global
                0x000000000001755e                uip_ds6_long_get_global
                0x00000000000175dd                uip_ds6_maddr_add
                0x000000000001764f                uip_ds6_long_maddr_add
                0x00000000000176c1                uip_ds6_maddr_rm
                0x00000000000176d3                uip_ds6_maddr_lookup
                0x000000000001771e                uip_ds6_long_maddr_lookup
                0x0000000000017769                uip_ds6_aaddr_add
                0x00000000000177db                uip_ds6_long_aaddr_add
                0x000000000001784d                uip_ds6_aaddr_rm
                0x000000000001785f                uip_ds6_aaddr_lookup
                0x00000000000178aa                uip_ds6_long_aaddr_lookup
                0x00000000000178f5                uip_ds6_select_src
                0x0000000000017b7e                uip_ds6_set_addr_iid
                0x0000000000017bb5                get_match_length
                0x0000000000017c47                uip_ds6_compute_reachable_time
 .text          0x0000000000017c93     0x29ac obj_cooja/mtype182.a(uip6.o)
                0x0000000000017c93                uip_add32
                0x0000000000017e2c                uip_chksum
                0x0000000000017f1a                uip_icmp6chksum
                0x0000000000017f2e                uip_tcpchksum
                0x0000000000017f42                uip_init
                0x0000000000018012                uip_connect
                0x00000000000181c1                remove_ext_hdr
                0x0000000000018296                uip_udp_new
                0x00000000000183f2                uip_unlisten
                0x0000000000018452                uip_listen
                0x0000000000018714                uip_process
                0x000000000001a533                uip_htons
                0x000000000001a555                uip_htonl
                0x000000000001a595                uip_send
 .text          0x000000000001a63f      0xa53 obj_cooja/mtype182.a(tcpip.o)
                0x000000000001a63f                tcpip_output
                0x000000000001a67a                tcpip_set_outputfunc
                0x000000000001a70e                tcp_connect
                0x000000000001a763                tcp_unlisten
                0x000000000001a7be                tcp_listen
                0x000000000001a817                tcp_attach
                0x000000000001a83c                udp_attach
                0x000000000001a861                udp_new
                0x000000000001a8b3                udp_broadcast_new
                0x000000000001ab27                tcpip_input
                0x000000000001ab5b                tcpip_ipv6_output
                0x000000000001aece                tcpip_poll_udp
                0x000000000001aef1                tcpip_poll_tcp
                0x000000000001af14                tcpip_uipcall
 .text          0x000000000001b092      0x1c1 obj_cooja/mtype182.a(uip-debug.o)
                0x000000000001b092                uip_debug_ipaddr_print
                0x000000000001b1f4                uip_debug_lladdr_print
 .text          0x000000000001b253      0x141 obj_cooja/mtype182.a(uip-packetqueue)
                0x000000000001b27f                uip_packetqueue_new
                0x000000000001b28d                uip_packetqueue_alloc
                0x000000000001b2ed                uip_packetqueue_free
                0x000000000001b32e                uip_packetqueue_buf
                0x000000000001b34b                uip_packetqueue_buflen
                0x000000000001b36c                uip_packetqueue_set_buflen
 .text          0x000000000001b394     0x25ad obj_cooja/mtype182.a(rpl-dag.o)
                0x000000000001b394                rpl_print_neighbor_list
                0x000000000001b3fb                rpl_print_child_neighbor_list
                0x000000000001b462                rpl_get_nbr
                0x000000000001b4bc                rpl_get_nbr_child
                0x000000000001b516                rpl_dag_init
                0x000000000001b548                rpl_get_parent
                0x000000000001b56a                rpl_get_parent_rank
                0x000000000001b59d                rpl_get_parent_link_metric
                0x000000000001b5d0                rpl_get_parent_ipaddr
                0x000000000001b5fa                rpl_get_child_ipaddr
                0x000000000001b904                rpl_set_root
                0x000000000001bb3e                rpl_repair_root
                0x000000000001bd7a                rpl_set_prefix
                0x000000000001be79                rpl_set_default_route
                0x000000000001bf05                rpl_alloc_instance
                0x000000000001bf8d                rpl_alloc_dag
                0x000000000001c040                rpl_set_default_instance
                0x000000000001c04d                rpl_get_default_instance
                0x000000000001c057                rpl_free_instance
                0x000000000001c0f8                rpl_free_dag
                0x000000000001c15e                rpl_add_parent
                0x000000000001c247                rpl_find_parent
                0x000000000001c277                rpl_add_child
                0x000000000001c31b                rpl_find_child
                0x000000000001c369                rpl_find_parent_any_dag
                0x000000000001c3a5                rpl_select_dag
                0x000000000001c7d5                rpl_select_parent
                0x000000000001c837                rpl_remove_parent
                0x000000000001c86d                rpl_remove_child
                0x000000000001c889                rpl_nullify_parent
                0x000000000001c927                rpl_move_parent
                0x000000000001c9c4                rpl_has_downward_route
                0x000000000001ca17                rpl_get_any_dag
                0x000000000001ca79                rpl_get_instance
                0x000000000001cadc                rpl_find_of
                0x000000000001cb19                rpl_join_instance
                0x000000000001cdbc                rpl_add_dag
                0x000000000001d1ab                rpl_local_repair
                0x000000000001d284                rpl_recalculate_ranks
                0x000000000001d30a                rpl_process_parent_event
                0x000000000001d3bc                rpl_process_dio
 .text          0x000000000001d941      0xbf3 obj_cooja/mtype182.a(rpl-ext-header.)
                0x000000000001d95e                rpl_verify_header
                0x000000000001ddd8                rpl_update_header_empty
                0x000000000001e0ef                rpl_update_header_final
                0x000000000001e27e                rpl_remove_header
                0x000000000001e388                rpl_invert_header
                0x000000000001e512                rpl_insert_header
 .text          0x000000000001e534     0x2291 obj_cooja/mtype182.a(rpl-icmp6.o)
                0x000000000001e793                rpl_icmp6_update_nbr_table
                0x000000000001e883                dis_output
                0x000000000001f1bb                dio_output
                0x0000000000020330                dao_output
                0x00000000000203f8                dao_output_target
                0x0000000000020779                dao_ack_output
                0x000000000002078d                rpl_icmp6_register_handlers
 .text          0x00000000000207c5      0x3f0 obj_cooja/mtype182.a(rpl-ltmax.o)
 .text          0x0000000000020bb5      0x59d obj_cooja/mtype182.a(rpl-timers.o)
                0x0000000000020dfb                rpl_reset_periodic_timer
                0x0000000000020e50                rpl_reset_dio_timer
                0x000000000002108a                rpl_schedule_dao
                0x00000000000210a5                rpl_schedule_dao_immediately
                0x00000000000210c0                rpl_cancel_dao
                0x0000000000021122                rpl_schedule_unicast_dio_immediately
 .text          0x0000000000021152      0x5c5 obj_cooja/mtype182.a(rpl.o)
                0x0000000000021152                rpl_get_mode
                0x000000000002115c                rpl_set_mode
                0x00000000000211ea                rpl_purge_routes
                0x00000000000212e4                rpl_remove_routes
                0x000000000002132a                rpl_remove_routes_by_nexthop
                0x0000000000021396                rpl_add_route
                0x0000000000021411                rpl_link_neighbor_callback
                0x0000000000021516                rpl_ipv6_neighbor_callback
                0x0000000000021585                rpl_purge_dags
                0x0000000000021691                rpl_init
 .text          0x0000000000021717      0x903 obj_cooja/mtype182.a(csma.o)
 .text          0x000000000002201a      0x3f5 obj_cooja/mtype182.a(framer-802154.o)
 .text          0x000000000002240f       0x3c obj_cooja/mtype182.a(mac.o)
                0x000000000002240f                mac_call_sent_callback
 .text          0x000000000002244b     0x15f7 obj_cooja/mtype182.a(cxmac.o)
                0x0000000000023992                cxmac_set_announcement_radio_txpower
                0x0000000000023997                cxmac_init
 .text          0x0000000000023a42       0x82 obj_cooja/mtype182.a(linkaddr.o)
                0x0000000000023a42                linkaddr_copy
                0x0000000000023a64                linkaddr_cmp
                0x0000000000023a8e                linkaddr_set_node_addr
                0x0000000000023aa9                linkaddr_set_node_long_addr
 .text          0x0000000000023ac4      0x919 obj_cooja/mtype182.a(nbr-table.o)
                0x0000000000023ac4                long_ip_from_lladdr_map
                0x0000000000023b51                lladdr_map_add_lr
                0x0000000000023c0e                lladdr_map_rm_lr
                0x00000000000240d3                nbr_table_register
                0x000000000002411b                nbr_table_head
                0x0000000000024177                nbr_table_next
                0x00000000000241de                nbr_table_add_lladdr
                0x00000000000242ba                nbr_table_get_from_lladdr
                0x0000000000024307                nbr_table_remove
                0x0000000000024359                nbr_table_lock
                0x0000000000024383                nbr_table_unlock
                0x00000000000243ad                nbr_table_get_lladdr
 .text          0x00000000000243dd       0x2b obj_cooja/mtype182.a(netstack.o)
                0x00000000000243dd                netstack_init
 .text          0x0000000000024408      0x3cd obj_cooja/mtype182.a(packetbuf.o)
                0x0000000000024408                packetbuf_clear
                0x0000000000024432                packetbuf_copyfrom
                0x0000000000024484                packetbuf_compact
                0x0000000000024501                packetbuf_copyto
                0x0000000000024598                packetbuf_hdralloc
                0x0000000000024615                packetbuf_hdrreduce
                0x000000000002465d                packetbuf_set_datalen
                0x0000000000024676                packetbuf_dataptr
                0x0000000000024693                packetbuf_hdrptr
                0x000000000002469d                packetbuf_datalen
                0x00000000000246a9                packetbuf_hdrlen
                0x00000000000246c0                packetbuf_totlen
                0x00000000000246d6                packetbuf_attr_clear
                0x0000000000024728                packetbuf_attr_copyto
                0x0000000000024771                packetbuf_attr_copyfrom
                0x00000000000247b9                packetbuf_holds_broadcast
 .text          0x00000000000247d5      0x2b4 obj_cooja/mtype182.a(queuebuf.o)
                0x00000000000247df                queuebuf_init
                0x00000000000247ff                queuebuf_numfree
                0x0000000000024813                queuebuf_new_from_packetbuf
                0x00000000000248a3                queuebuf_update_attr_from_packetbuf
                0x00000000000248d6                queuebuf_update_from_packetbuf
                0x0000000000024920                queuebuf_free
                0x0000000000024967                queuebuf_to_packetbuf
                0x00000000000249cd                queuebuf_dataptr
                0x0000000000024a04                queuebuf_datalen
                0x0000000000024a27                queuebuf_addr
                0x0000000000024a59                queuebuf_attr
                0x0000000000024a84                queuebuf_debug_print
 .text          0x0000000000024a89       0x6e obj_cooja/mtype182.a(nullsec.o)
 .text          0x0000000000024af7       0x19 obj_cooja/mtype182.a(watchdog.o)
                0x0000000000024af7                watchdog_init
                0x0000000000024afc                watchdog_start
                0x0000000000024b01                watchdog_periodic
                0x0000000000024b06                watchdog_stop
                0x0000000000024b0b                watchdog_reboot
 .text          0x0000000000024b10        0x0 obj_cooja/mtype182.a(rimestats.o)
 .text          0x0000000000024b10       0xa3 obj_cooja/mtype182.a(stimer.o)
                0x0000000000024b10                stimer_set
                0x0000000000024b2b                stimer_reset
                0x0000000000024b42                stimer_restart
                0x0000000000024b54                stimer_expired
                0x0000000000024b7b                stimer_remaining
                0x0000000000024b9f                stimer_elapsed
 .text          0x0000000000024bb3      0x1c1 obj_cooja/mtype182.a(memb.o)
                0x0000000000024bb3                memb_init
                0x0000000000024c11                memb_alloc
                0x0000000000024c76                memb_free
                0x0000000000024cf1                memb_inmemb
                0x0000000000024d30                memb_numfree
 .text          0x0000000000024d74      0x916 obj_cooja/mtype182.a(uip-ds6-route.o)
                0x0000000000024deb                uip_ds6_notification_add
                0x0000000000024e1c                uip_ds6_notification_rm
                0x0000000000024e38                uip_ds6_route_init
                0x0000000000024ec0                uip_ds6_route_nexthop
                0x0000000000024ee8                uip_ds6_route_head
                0x0000000000024efd                uip_ds6_route_next
                0x0000000000024f23                uip_ds6_route_is_nexthop
                0x0000000000024f62                uip_ds6_route_num_routes
                0x0000000000024f6c                uip_ds6_route_lookup
                0x000000000002502e                uip_ds6_route_add
                0x0000000000025262                uip_ds6_route_rm
                0x00000000000253f6                uip_ds6_route_rm_by_nexthop
                0x000000000002542e                uip_ds6_defrt_add
                0x00000000000254df                uip_ds6_defrt_rm
                0x000000000002555e                uip_ds6_defrt_lookup
                0x00000000000255b7                uip_ds6_defrt_choose
                0x0000000000025622                uip_ds6_defrt_periodic
 .text          0x000000000002568a      0xabf obj_cooja/mtype182.a(uip-icmp6.o)
                0x00000000000256f8                uip_icmp6_input
                0x000000000002574e                uip_icmp6_register_input_handler
                0x0000000000025a16                uip_icmp6_error_output
                0x0000000000025d5b                uip_icmp6_send
                0x00000000000260dc                uip_icmp6_echo_reply_callback_add
                0x000000000002610d                uip_icmp6_echo_reply_callback_rm
                0x0000000000026129                uip_icmp6_init
 .text          0x0000000000026149      0x358 obj_cooja/mtype182.a(uip-nd6.o)
                0x000000000002619d                uip_nd6_ns_output
                0x000000000002649c                uip_nd6_init
 .text          0x00000000000264a1      0x331 obj_cooja/mtype182.a(rpl-nbr-policy.)
                0x0000000000026679                find_removable_dis
                0x000000000002669c                find_removable_dio
                0x000000000002672b                find_removable_dao
                0x000000000002677b                rpl_nbr_policy_find_removable
 .text          0x00000000000267d2      0x97c obj_cooja/mtype182.a(frame802154.o)
                0x0000000000026803                frame802154_get_pan_id
                0x000000000002680f                frame802154_set_pan_id
                0x0000000000026828                frame802154_has_panid
                0x0000000000026914                frame802154_check_dest_panid
                0x000000000002697c                frame802154_is_broadcast_addr
                0x00000000000269c9                frame802154_extract_linkaddr
                0x0000000000026c09                frame802154_hdrlen
                0x0000000000026c5a                frame802154_create
                0x0000000000026e45                frame802154_parse
 .text          0x000000000002714e        0x0 /usr/lib/gcc/i686-linux-gnu/4.8/crtendS.o
 .text          0x000000000002714e        0x0 /usr/lib/gcc/i686-linux-gnu/4.8/../../../i386-linux-gnu/crtn.o
 *(.gnu.warning)

.fini           0x0000000000027150       0x14
 *(SORT(.fini))
 .fini          0x0000000000027150        0xf /usr/lib/gcc/i686-linux-gnu/4.8/../../../i386-linux-gnu/crti.o
                0x0000000000027150                _fini
 .fini          0x000000000002715f        0x5 /usr/lib/gcc/i686-linux-gnu/4.8/../../../i386-linux-gnu/crtn.o
                0x0000000000027164                PROVIDE (__etext, .)
                0x0000000000027164                PROVIDE (_etext, .)
                0x0000000000027164                PROVIDE (etext, .)

.rodata         0x0000000000027180      0xbc0
 *(.rodata .rodata.* .gnu.linkonce.r.*)
 .rodata        0x0000000000027180      0x158 udp-server.co
                0x0000000000027194                autostart_processes
 .rodata        0x00000000000272d8      0x1e6 obj_cooja/mtype182.o
 *fill*         0x00000000000274be        0x2 
 .rodata        0x00000000000274c0        0x8 obj_cooja/mtype182.a(beep.o)
                0x00000000000274c0                beep_interface
 .rodata        0x00000000000274c8       0x20 obj_cooja/mtype182.a(button-sensor.o)
                0x00000000000274c8                button_interface
                0x00000000000274d8                button_sensor
 .rodata        0x00000000000274e8        0x8 obj_cooja/mtype182.a(leds-arch.o)
                0x00000000000274e8                leds_interface
 .rodata        0x00000000000274f0        0x8 obj_cooja/mtype182.a(moteid.o)
                0x00000000000274f0                moteid_interface
 .rodata        0x00000000000274f8       0x1c obj_cooja/mtype182.a(pir-sensor.o)
                0x00000000000274f8                pir_interface
                0x0000000000027504                pir_sensor
 .rodata        0x0000000000027514        0xe obj_cooja/mtype182.a(rs232.o)
                0x0000000000027514                rs232_interface
 *fill*         0x0000000000027522        0x2 
 .rodata        0x0000000000027524       0x24 obj_cooja/mtype182.a(vib-sensor.o)
                0x0000000000027524                vib_interface
                0x0000000000027538                vib_sensor
 .rodata        0x0000000000027548        0x8 obj_cooja/mtype182.a(clock.o)
                0x0000000000027548                clock_interface
 .rodata        0x0000000000027550        0x8 obj_cooja/mtype182.a(log.o)
                0x0000000000027550                simlog_interface
 .rodata        0x0000000000027558       0x2f obj_cooja/mtype182.a(cfs-cooja.o)
                0x0000000000027558                cfs_interface
 *fill*         0x0000000000027587       0x19 
 .rodata        0x00000000000275a0       0x60 obj_cooja/mtype182.a(cooja-radio.o)
                0x00000000000275c0                cooja_radio_driver
                0x00000000000275f8                radio_interface
 .rodata        0x0000000000027600        0x8 obj_cooja/mtype182.a(eeprom.o)
                0x0000000000027600                eeprom_interface
 .rodata        0x0000000000027608        0x8 obj_cooja/mtype182.a(sensors.o)
 .rodata        0x0000000000027610       0x1c obj_cooja/mtype182.a(dual_conf.o)
 .rodata        0x000000000002762c        0xf obj_cooja/mtype182.a(ctimer.o)
 .rodata        0x000000000002763b        0xc obj_cooja/mtype182.a(etimer.o)
 *fill*         0x0000000000027647        0x1 
 .rodata        0x0000000000027648      0x16d obj_cooja/mtype182.a(log_message.o)
 *fill*         0x00000000000277b5        0x3 
 .rodata        0x00000000000277b8       0x20 obj_cooja/mtype182.a(residual.o)
                0x00000000000277b8                DISSIPATION_RATE
 .rodata        0x00000000000277d8        0xe obj_cooja/mtype182.a(serial-line.o)
 *fill*         0x00000000000277e6        0x2 
 .rodata        0x00000000000277e8       0x2c obj_cooja/mtype182.a(sicslowpan.o)
                0x00000000000277e8                unc_llconf
                0x00000000000277ec                unc_ctxconf
                0x00000000000277f0                unc_mxconf
                0x00000000000277f4                llprefix
                0x0000000000027808                sicslowpan_driver
 .rodata        0x0000000000027814      0x13c obj_cooja/mtype182.a(uip6.o)
 .rodata        0x0000000000027950        0xd obj_cooja/mtype182.a(tcpip.o)
 .rodata        0x000000000002795d       0x3e obj_cooja/mtype182.a(uip-debug.o)
 *fill*         0x000000000002799b        0x1 
 .rodata        0x000000000002799c        0x7 obj_cooja/mtype182.a(rpl-dag.o)
 *fill*         0x00000000000279a3        0x1 
 .rodata        0x00000000000279a4       0x38 obj_cooja/mtype182.a(csma.o)
                0x00000000000279c0                csma_driver
 .rodata        0x00000000000279dc        0xc obj_cooja/mtype182.a(framer-802154.o)
                0x00000000000279dc                framer_802154
 *fill*         0x00000000000279e8       0x18 
 .rodata        0x0000000000027a00      0x320 obj_cooja/mtype182.a(cxmac.o)
                0x0000000000027d00                cxmac_driver
 .rodata        0x0000000000027d20        0x8 obj_cooja/mtype182.a(linkaddr.o)
                0x0000000000027d20                linkaddr_null
 .rodata        0x0000000000027d28       0x18 obj_cooja/mtype182.a(nullsec.o)
                0x0000000000027d30                nullsec_driver

.rodata1
 *(.rodata1)

.eh_frame_hdr   0x0000000000027d40     0x13e4
 *(.eh_frame_hdr)
 .eh_frame_hdr  0x0000000000027d40     0x13e4 udp-server.co

.eh_frame       0x0000000000029124     0x50f4
 *(.eh_frame)
 .eh_frame      0x0000000000029124       0x3c /usr/lib/gcc/i686-linux-gnu/4.8/../../../i386-linux-gnu/crti.o
                                         0x40 (size before relaxing)
 .eh_frame      0x0000000000029160       0x68 udp-server.co
                                         0x80 (size before relaxing)
 .eh_frame      0x00000000000291c8      0x148 obj_cooja/mtype182.o
                                        0x160 (size before relaxing)
 .eh_frame      0x0000000000029310       0x40 obj_cooja/mtype182.a(simEnvChange.o)
                                         0x58 (size before relaxing)
 .eh_frame      0x0000000000029350       0xc0 obj_cooja/mtype182.a(cooja_mt.o)
                                         0xd8 (size before relaxing)
 .eh_frame      0x0000000000029410      0x120 obj_cooja/mtype182.a(cooja_mtarch.o)
                                        0x138 (size before relaxing)
 .eh_frame      0x0000000000029530       0xc0 obj_cooja/mtype182.a(rtimer-arch.o)
                                         0xd8 (size before relaxing)
 .eh_frame      0x00000000000295f0      0x160 obj_cooja/mtype182.a(beep.o)
                                        0x178 (size before relaxing)
 .eh_frame      0x0000000000029750       0xa0 obj_cooja/mtype182.a(button-sensor.o)
                                         0xb8 (size before relaxing)
 .eh_frame      0x00000000000297f0       0xa0 obj_cooja/mtype182.a(leds-arch.o)
                                         0xb8 (size before relaxing)
 .eh_frame      0x0000000000029890       0x40 obj_cooja/mtype182.a(moteid.o)
                                         0x58 (size before relaxing)
 .eh_frame      0x00000000000298d0       0xa0 obj_cooja/mtype182.a(pir-sensor.o)
                                         0xb8 (size before relaxing)
 .eh_frame      0x0000000000029970      0x100 obj_cooja/mtype182.a(rs232.o)
                                        0x118 (size before relaxing)
 .eh_frame      0x0000000000029a70       0xa0 obj_cooja/mtype182.a(vib-sensor.o)
                                         0xb8 (size before relaxing)
 .eh_frame      0x0000000000029b10       0xc0 obj_cooja/mtype182.a(clock.o)
                                         0xd8 (size before relaxing)
 .eh_frame      0x0000000000029bd0      0x120 obj_cooja/mtype182.a(log.o)
                                        0x138 (size before relaxing)
 .eh_frame      0x0000000000029cf0      0x160 obj_cooja/mtype182.a(cfs-cooja.o)
                                        0x178 (size before relaxing)
 .eh_frame      0x0000000000029e50      0x2e0 obj_cooja/mtype182.a(cooja-radio.o)
                                        0x2f8 (size before relaxing)
 .eh_frame      0x000000000002a130       0xa0 obj_cooja/mtype182.a(eeprom.o)
                                         0xb8 (size before relaxing)
 .eh_frame      0x000000000002a1d0       0x40 obj_cooja/mtype182.a(random.o)
                                         0x58 (size before relaxing)
 .eh_frame      0x000000000002a210       0xc0 obj_cooja/mtype182.a(sensors.o)
                                         0xd8 (size before relaxing)
 .eh_frame      0x000000000002a2d0      0x100 obj_cooja/mtype182.a(leds.o)
                                        0x118 (size before relaxing)
 .eh_frame      0x000000000002a3d0      0x160 obj_cooja/mtype182.a(dual_conf.o)
                                        0x178 (size before relaxing)
 .eh_frame      0x000000000002a530       0x40 obj_cooja/mtype182.a(autostart.o)
                                         0x58 (size before relaxing)
 .eh_frame      0x000000000002a570      0x100 obj_cooja/mtype182.a(ctimer.o)
                                        0x118 (size before relaxing)
 .eh_frame      0x000000000002a670      0x1e0 obj_cooja/mtype182.a(etimer.o)
                                        0x1f8 (size before relaxing)
 .eh_frame      0x000000000002a850       0x70 obj_cooja/mtype182.a(log_message.o)
                                         0x88 (size before relaxing)
 .eh_frame      0x000000000002a8c0      0x1c8 obj_cooja/mtype182.a(process.o)
                                        0x1e0 (size before relaxing)
 .eh_frame      0x000000000002aa88       0x2c obj_cooja/mtype182.a(residual.o)
                                         0x44 (size before relaxing)
 .eh_frame      0x000000000002aab4       0x60 obj_cooja/mtype182.a(rtimer.o)
                                         0x78 (size before relaxing)
 .eh_frame      0x000000000002ab14       0xa4 obj_cooja/mtype182.a(timer.o)
                                         0xbc (size before relaxing)
 .eh_frame      0x000000000002abb8       0x60 obj_cooja/mtype182.a(serial-line.o)
                                         0x78 (size before relaxing)
 .eh_frame      0x000000000002ac18      0x180 obj_cooja/mtype182.a(list.o)
                                        0x198 (size before relaxing)
 .eh_frame      0x000000000002ad98       0xa0 obj_cooja/mtype182.a(ringbuf.o)
                                         0xb8 (size before relaxing)
 .eh_frame      0x000000000002ae38      0x350 obj_cooja/mtype182.a(sicslowpan.o)
                                        0x368 (size before relaxing)
 .eh_frame      0x000000000002b188      0x180 obj_cooja/mtype182.a(uip-ds6-nbr.o)
                                        0x198 (size before relaxing)
 .eh_frame      0x000000000002b308      0x3c8 obj_cooja/mtype182.a(uip-ds6.o)
                                        0x3e0 (size before relaxing)
 .eh_frame      0x000000000002b6d0      0x25c obj_cooja/mtype182.a(uip6.o)
                                        0x274 (size before relaxing)
 .eh_frame      0x000000000002b92c      0x270 obj_cooja/mtype182.a(tcpip.o)
                                        0x288 (size before relaxing)
 .eh_frame      0x000000000002bb9c       0x48 obj_cooja/mtype182.a(uip-debug.o)
                                         0x60 (size before relaxing)
 .eh_frame      0x000000000002bbe4       0xe0 obj_cooja/mtype182.a(uip-packetqueue)
                                         0xf8 (size before relaxing)
 .eh_frame      0x000000000002bcc4      0x74c obj_cooja/mtype182.a(rpl-dag.o)
                                        0x764 (size before relaxing)
 .eh_frame      0x000000000002c410      0x10c obj_cooja/mtype182.a(rpl-ext-header.)
                                        0x124 (size before relaxing)
 .eh_frame      0x000000000002c51c      0x278 obj_cooja/mtype182.a(rpl-icmp6.o)
                                        0x290 (size before relaxing)
 .eh_frame      0x000000000002c794       0xe0 obj_cooja/mtype182.a(rpl-ltmax.o)
                                         0xf8 (size before relaxing)
 .eh_frame      0x000000000002c874      0x1ac obj_cooja/mtype182.a(rpl-timers.o)
                                        0x1c4 (size before relaxing)
 .eh_frame      0x000000000002ca20      0x148 obj_cooja/mtype182.a(rpl.o)
                                        0x160 (size before relaxing)
 .eh_frame      0x000000000002cb68      0x28c obj_cooja/mtype182.a(csma.o)
                                        0x2a4 (size before relaxing)
 .eh_frame      0x000000000002cdf4      0x108 obj_cooja/mtype182.a(framer-802154.o)
                                        0x120 (size before relaxing)
 .eh_frame      0x000000000002cefc       0x20 obj_cooja/mtype182.a(mac.o)
                                         0x38 (size before relaxing)
 .eh_frame      0x000000000002cf1c      0x2c0 obj_cooja/mtype182.a(cxmac.o)
                                        0x2d8 (size before relaxing)
 .eh_frame      0x000000000002d1dc       0x80 obj_cooja/mtype182.a(linkaddr.o)
                                         0x98 (size before relaxing)
 .eh_frame      0x000000000002d25c      0x2cc obj_cooja/mtype182.a(nbr-table.o)
                                        0x2e4 (size before relaxing)
 .eh_frame      0x000000000002d528       0x20 obj_cooja/mtype182.a(netstack.o)
                                         0x38 (size before relaxing)
 .eh_frame      0x000000000002d548      0x214 obj_cooja/mtype182.a(packetbuf.o)
                                        0x22c (size before relaxing)
 .eh_frame      0x000000000002d75c      0x1a0 obj_cooja/mtype182.a(queuebuf.o)
                                        0x1b8 (size before relaxing)
 .eh_frame      0x000000000002d8fc       0x80 obj_cooja/mtype182.a(nullsec.o)
                                         0x98 (size before relaxing)
 .eh_frame      0x000000000002d97c       0xa0 obj_cooja/mtype182.a(watchdog.o)
                                         0xb8 (size before relaxing)
 .eh_frame      0x000000000002da1c       0xc4 obj_cooja/mtype182.a(stimer.o)
                                         0xdc (size before relaxing)
 .eh_frame      0x000000000002dae0       0xa0 obj_cooja/mtype182.a(memb.o)
                                         0xb8 (size before relaxing)
 .eh_frame      0x000000000002db80      0x2a0 obj_cooja/mtype182.a(uip-ds6-route.o)
                                        0x2b8 (size before relaxing)
 .eh_frame      0x000000000002de20      0x168 obj_cooja/mtype182.a(uip-icmp6.o)
                                        0x180 (size before relaxing)
 .eh_frame      0x000000000002df88       0x68 obj_cooja/mtype182.a(uip-nd6.o)
                                         0x80 (size before relaxing)
 .eh_frame      0x000000000002dff0       0xc0 obj_cooja/mtype182.a(rpl-nbr-policy.)
                                         0xd8 (size before relaxing)
 .eh_frame      0x000000000002e0b0      0x164 obj_cooja/mtype182.a(frame802154.o)
                                        0x17c (size before relaxing)
 .eh_frame      0x000000000002e214        0x4 /usr/lib/gcc/i686-linux-gnu/4.8/crtendS.o

.gcc_except_table
 *(.gcc_except_table .gcc_except_table.*)

.exception_ranges
 *(.exception_ranges .exception_ranges*)
                0x000000000002e218                . = (ALIGN (0x1000) - ((0x1000 - .) & 0xfff))
                0x000000000002fef8                . = DATA_SEGMENT_ALIGN (0x1000, 0x1000)

.eh_frame
 *(.eh_frame)

.gcc_except_table
 *(.gcc_except_table .gcc_except_table.*)

.exception_ranges
 *(.exception_ranges .exception_ranges*)

.tdata
 *(.tdata .tdata.* .gnu.linkonce.td.*)

.tbss
 *(.tbss .tbss.* .gnu.linkonce.tb.*)
 *(.tcommon)

.preinit_array
 *(.preinit_array)

.init_array     0x000000000002fef8        0x4
 *(SORT(.init_array.*) SORT(.ctors.*))
 *(.init_array EXCLUDE_FILE(*crtend?.o *crtend.o *crtbegin?.o *crtbegin.o) .ctors)
 .init_array    0x000000000002fef8        0x4 /usr/lib/gcc/i686-linux-gnu/4.8/crtbeginS.o

.fini_array     0x000000000002fefc        0x4
 *(SORT(.fini_array.*) SORT(.dtors.*))
 *(.fini_array EXCLUDE_FILE(*crtend?.o *crtend.o *crtbegin?.o *crtbegin.o) .dtors)
 .fini_array    0x000000000002fefc        0x4 /usr/lib/gcc/i686-linux-gnu/4.8/crtbeginS.o

.ctors
 *crtbegin.o(.ctors)
 *crtbegin?.o(.ctors)
 *(EXCLUDE_FILE(*crtend?.o *crtend.o) .ctors)
 *(SORT(.ctors.*))
 *(.ctors)

.dtors
 *crtbegin.o(.dtors)
 *crtbegin?.o(.dtors)
 *(EXCLUDE_FILE(*crtend?.o *crtend.o) .dtors)
 *(SORT(.dtors.*))
 *(.dtors)

.jcr            0x000000000002ff00        0x4
 *(.jcr)
 .jcr           0x000000000002ff00        0x0 /usr/lib/gcc/i686-linux-gnu/4.8/crtbeginS.o
 .jcr           0x000000000002ff00        0x4 /usr/lib/gcc/i686-linux-gnu/4.8/crtendS.o

.data.rel.ro
 *(.data.rel.ro.local* .gnu.linkonce.d.rel.ro.local.*)
 *(.data.rel.ro .data.rel.ro.* .gnu.linkonce.d.rel.ro.*)

.dynamic        0x000000000002ff04       0xe8
 *(.dynamic)
 .dynamic       0x000000000002ff04       0xe8 /usr/lib/gcc/i686-linux-gnu/4.8/../../../i386-linux-gnu/crti.o
                0x000000000002ff04                _DYNAMIC

.got            0x000000000002ffec       0x14
 *(.got)
 .got           0x000000000002ffec       0x14 /usr/lib/gcc/i686-linux-gnu/4.8/../../../i386-linux-gnu/crti.o
 *(.igot)
                0x0000000000030ff4                . = DATA_SEGMENT_RELRO_END (., (SIZEOF (.got.plt) >= 0xc)?0xc:0x0)

.got.plt        0x0000000000030000       0x14
 *(.got.plt)
 .got.plt       0x0000000000030000       0x14 /usr/lib/gcc/i686-linux-gnu/4.8/../../../i386-linux-gnu/crti.o
                0x0000000000030000                _GLOBAL_OFFSET_TABLE_
 *(.igot.plt)

.data           0x0000000000030020      0x2a2
 *(.data .data.* .gnu.linkonce.d.*)
 .data          0x0000000000030020        0x0 /usr/lib/gcc/i686-linux-gnu/4.8/../../../i386-linux-gnu/crti.o
 .data          0x0000000000030020        0x0 /usr/lib/gcc/i686-linux-gnu/4.8/crtbeginS.o
 .data.rel      0x0000000000030020        0x4 /usr/lib/gcc/i686-linux-gnu/4.8/crtbeginS.o
                0x0000000000030020                __dso_handle
 .data          0x0000000000030024       0x10 udp-server.co
                0x0000000000030024                udp_server_process
 *fill*         0x0000000000030034        0xc 
 .data          0x0000000000030040       0x44 obj_cooja/mtype182.o
                0x0000000000030040                simInterfaces
                0x0000000000030074                sensors
 .data          0x0000000000030084        0x0 obj_cooja/mtype182.a(simEnvChange.o)
 .data          0x0000000000030084        0x0 obj_cooja/mtype182.a(cooja_mt.o)
 .data          0x0000000000030084        0x0 obj_cooja/mtype182.a(cooja_mtarch.o)
 .data          0x0000000000030084        0x0 obj_cooja/mtype182.a(rtimer-arch.o)
 .data          0x0000000000030084        0x0 obj_cooja/mtype182.a(beep.o)
 .data          0x0000000000030084        0x0 obj_cooja/mtype182.a(button-sensor.o)
 .data          0x0000000000030084        0x0 obj_cooja/mtype182.a(leds-arch.o)
 .data          0x0000000000030084        0x0 obj_cooja/mtype182.a(moteid.o)
 .data          0x0000000000030084        0x0 obj_cooja/mtype182.a(pir-sensor.o)
 .data          0x0000000000030084        0x0 obj_cooja/mtype182.a(rs232.o)
 .data          0x0000000000030084        0x0 obj_cooja/mtype182.a(vib-sensor.o)
 .data          0x0000000000030084        0x0 obj_cooja/mtype182.a(clock.o)
 .data          0x0000000000030084        0x0 obj_cooja/mtype182.a(log.o)
 .data          0x0000000000030084        0x0 obj_cooja/mtype182.a(cfs-cooja.o)
 .data          0x0000000000030084       0x40 obj_cooja/mtype182.a(cooja-radio.o)
                0x0000000000030084                simRadioChannelLR
                0x0000000000030088                simRadioHWOnLR
                0x000000000003008c                simSignalStrengthLR
                0x0000000000030090                simLastSignalStrengthLR
                0x0000000000030094                simPowerLR
                0x0000000000030098                simLQILR
                0x000000000003009c                simRadioChannel
                0x00000000000300a0                simRadioHWOn
                0x00000000000300a4                simSignalStrength
                0x00000000000300a8                simLastSignalStrength
                0x00000000000300ac                simPower
                0x00000000000300b0                simLQI
                0x00000000000300b4                cooja_radio_process
 .data          0x00000000000300c4        0x0 obj_cooja/mtype182.a(eeprom.o)
 .data          0x00000000000300c4        0x0 obj_cooja/mtype182.a(random.o)
 .data          0x00000000000300c4       0x10 obj_cooja/mtype182.a(sensors.o)
                0x00000000000300c4                sensors_process
 .data          0x00000000000300d4        0x0 obj_cooja/mtype182.a(leds.o)
 .data          0x00000000000300d4       0x28 obj_cooja/mtype182.a(dual_conf.o)
                0x00000000000300d4                radio_received
                0x00000000000300d8                dual_dio_broadcast
                0x00000000000300e8                dual_dis_broadcast
 .data          0x00000000000300fc        0x0 obj_cooja/mtype182.a(autostart.o)
 .data          0x00000000000300fc       0x14 obj_cooja/mtype182.a(ctimer.o)
                0x0000000000030100                ctimer_process
 .data          0x0000000000030110       0x10 obj_cooja/mtype182.a(etimer.o)
                0x0000000000030110                etimer_process
 .data          0x0000000000030120        0x0 obj_cooja/mtype182.a(log_message.o)
 .data          0x0000000000030120        0x0 obj_cooja/mtype182.a(process.o)
 .data          0x0000000000030120        0x0 obj_cooja/mtype182.a(residual.o)
 .data          0x0000000000030120        0x0 obj_cooja/mtype182.a(rtimer.o)
 .data          0x0000000000030120        0x0 obj_cooja/mtype182.a(timer.o)
 .data          0x0000000000030120       0x10 obj_cooja/mtype182.a(serial-line.o)
                0x0000000000030120                serial_line_process
 .data          0x0000000000030130        0x0 obj_cooja/mtype182.a(list.o)
 .data          0x0000000000030130        0x0 obj_cooja/mtype182.a(ringbuf.o)
 .data          0x0000000000030130        0x0 obj_cooja/mtype182.a(sicslowpan.o)
 .data          0x0000000000030130       0x14 obj_cooja/mtype182.a(uip-ds6-nbr.o)
                0x0000000000030140                ds6_neighbors
 .data          0x0000000000030144        0x0 obj_cooja/mtype182.a(uip-ds6.o)
 .data          0x0000000000030144        0x0 obj_cooja/mtype182.a(uip6.o)
 .data          0x0000000000030144       0x10 obj_cooja/mtype182.a(tcpip.o)
                0x0000000000030144                tcpip_process
 .data          0x0000000000030154        0x0 obj_cooja/mtype182.a(uip-debug.o)
 .data          0x0000000000030154        0xc obj_cooja/mtype182.a(uip-packetqueue)
 .data          0x0000000000030160       0x28 obj_cooja/mtype182.a(rpl-dag.o)
                0x0000000000030170                rpl_parents
                0x0000000000030184                rpl_children
 .data          0x0000000000030188        0x0 obj_cooja/mtype182.a(rpl-ext-header.)
 .data          0x0000000000030188       0x34 obj_cooja/mtype182.a(rpl-icmp6.o)
 .data          0x00000000000301bc       0x1c obj_cooja/mtype182.a(rpl-ltmax.o)
                0x00000000000301bc                rpl_ltmax_of
 .data          0x00000000000301d8        0x0 obj_cooja/mtype182.a(rpl-timers.o)
 .data          0x00000000000301d8        0x0 obj_cooja/mtype182.a(rpl.o)
 .data          0x00000000000301d8       0x28 obj_cooja/mtype182.a(csma.o)
 .data          0x0000000000030200        0x0 obj_cooja/mtype182.a(framer-802154.o)
 .data          0x0000000000030200        0x0 obj_cooja/mtype182.a(mac.o)
 .data          0x0000000000030200       0x30 obj_cooja/mtype182.a(cxmac.o)
                0x0000000000030200                cxmac_config
                0x0000000000030210                strobe_wait
 .data          0x0000000000030230        0x0 obj_cooja/mtype182.a(linkaddr.o)
 .data          0x0000000000030230       0x10 obj_cooja/mtype182.a(nbr-table.o)
 .data          0x0000000000030240        0x0 obj_cooja/mtype182.a(netstack.o)
 .data          0x0000000000030240        0x4 obj_cooja/mtype182.a(packetbuf.o)
 .data          0x0000000000030244       0x18 obj_cooja/mtype182.a(queuebuf.o)
 .data          0x000000000003025c        0x0 obj_cooja/mtype182.a(nullsec.o)
 .data          0x000000000003025c        0x0 obj_cooja/mtype182.a(watchdog.o)
 .data          0x000000000003025c        0x0 obj_cooja/mtype182.a(rimestats.o)
 .data          0x000000000003025c        0x0 obj_cooja/mtype182.a(stimer.o)
 .data          0x000000000003025c        0x0 obj_cooja/mtype182.a(memb.o)
 .data          0x000000000003025c       0x44 obj_cooja/mtype182.a(uip-ds6-route.o)
                0x000000000003026c                nbr_routes
 .data          0x00000000000302a0       0x20 obj_cooja/mtype182.a(uip-icmp6.o)
 .data          0x00000000000302c0        0x0 obj_cooja/mtype182.a(uip-nd6.o)
 .data          0x00000000000302c0        0x0 obj_cooja/mtype182.a(rpl-nbr-policy.)
 .data          0x00000000000302c0        0x2 obj_cooja/mtype182.a(frame802154.o)
 .data          0x00000000000302c2        0x0 /usr/lib/gcc/i686-linux-gnu/4.8/crtendS.o
 .data          0x00000000000302c2        0x0 /usr/lib/gcc/i686-linux-gnu/4.8/../../../i386-linux-gnu/crtn.o

.tm_clone_table
                0x00000000000302c4        0x0
 .tm_clone_table
                0x00000000000302c4        0x0 /usr/lib/gcc/i686-linux-gnu/4.8/crtbeginS.o
 .tm_clone_table
                0x00000000000302c4        0x0 /usr/lib/gcc/i686-linux-gnu/4.8/crtendS.o

.data1
 *(.data1)
                0x00000000000302c4                _edata = .
                0x00000000000302c4                PROVIDE (edata, .)
                0x00000000000302c4                . = .
                0x00000000000302c4                __bss_start = .

.bss            0x00000000000302e0     0x9548
 *(.dynbss)
 .dynbss        0x0000000000000000        0x0 /usr/lib/gcc/i686-linux-gnu/4.8/../../../i386-linux-gnu/crti.o
 *(.bss .bss.* .gnu.linkonce.b.*)
 .bss           0x00000000000302e0        0x0 /usr/lib/gcc/i686-linux-gnu/4.8/../../../i386-linux-gnu/crti.o
 .bss           0x00000000000302e0        0x1 /usr/lib/gcc/i686-linux-gnu/4.8/crtbeginS.o
 *fill*         0x00000000000302e1       0x1f 
 .bss           0x0000000000030300      0x3b8 udp-server.co
                0x0000000000030300                my_weight
                0x0000000000030320                id_array
                0x00000000000304c0                id_count
 *fill*         0x00000000000306b8        0x8 
 .bss           0x00000000000306c0     0x2030 obj_cooja/mtype182.o
 .bss           0x00000000000326f0        0x1 obj_cooja/mtype182.a(simEnvChange.o)
                0x00000000000326f0                simDontFallAsleep
 *fill*         0x00000000000326f1        0x3 
 .bss           0x00000000000326f4        0x4 obj_cooja/mtype182.a(cooja_mt.o)
 .bss           0x00000000000326f8        0x4 obj_cooja/mtype182.a(cooja_mtarch.o)
 .bss           0x00000000000326fc        0xc obj_cooja/mtype182.a(rtimer-arch.o)
 .bss           0x0000000000032708        0x0 obj_cooja/mtype182.a(beep.o)
 .bss           0x0000000000032708        0x8 obj_cooja/mtype182.a(button-sensor.o)
 .bss           0x0000000000032710        0x0 obj_cooja/mtype182.a(leds-arch.o)
 .bss           0x0000000000032710        0x0 obj_cooja/mtype182.a(moteid.o)
 .bss           0x0000000000032710        0x1 obj_cooja/mtype182.a(pir-sensor.o)
                0x0000000000032710                simPirValue
 *fill*         0x0000000000032711        0x3 
 .bss           0x0000000000032714        0x4 obj_cooja/mtype182.a(rs232.o)
 .bss           0x0000000000032718        0x1 obj_cooja/mtype182.a(vib-sensor.o)
                0x0000000000032718                simVibValue
 .bss           0x0000000000032719        0x0 obj_cooja/mtype182.a(clock.o)
 *fill*         0x0000000000032719        0x7 
 .bss           0x0000000000032720      0x420 obj_cooja/mtype182.a(log.o)
 .bss           0x0000000000032b40      0xfc0 obj_cooja/mtype182.a(cfs-cooja.o)
                0x0000000000032b40                simCFSData
                0x0000000000033ae0                simCFSSize
                0x0000000000033ae4                simCFSChanged
                0x0000000000033ae8                simCFSRead
                0x0000000000033aec                simCFSWritten
 .bss           0x0000000000033b00       0x24 obj_cooja/mtype182.a(cooja-radio.o)
                0x0000000000033b00                simReceivingLR
                0x0000000000033b04                simInSizeLR
                0x0000000000033b08                simOutSizeLR
                0x0000000000033b0c                simReceiving
                0x0000000000033b10                simInSize
                0x0000000000033b14                simOutSize
                0x0000000000033b18                LongRangeTransmit
                0x0000000000033b1c                LongRangeReceiving
 .bss           0x0000000000033b24        0xc obj_cooja/mtype182.a(eeprom.o)
                0x0000000000033b24                simEEPROMChanged
                0x0000000000033b28                simEEPROMRead
                0x0000000000033b2c                simEEPROMWritten
 .bss           0x0000000000033b30        0x0 obj_cooja/mtype182.a(random.o)
 .bss           0x0000000000033b30        0xc obj_cooja/mtype182.a(sensors.o)
 .bss           0x0000000000033b3c        0x1 obj_cooja/mtype182.a(leds.o)
 *fill*         0x0000000000033b3d        0x3 
 .bss           0x0000000000033b40       0x2c obj_cooja/mtype182.a(dual_conf.o)
                0x0000000000033b40                long_range_radio
 .bss           0x0000000000033b6c        0x0 obj_cooja/mtype182.a(autostart.o)
 .bss           0x0000000000033b6c        0x5 obj_cooja/mtype182.a(ctimer.o)
 *fill*         0x0000000000033b71        0x3 
 .bss           0x0000000000033b74        0x8 obj_cooja/mtype182.a(etimer.o)
 .bss           0x0000000000033b7c        0x0 obj_cooja/mtype182.a(log_message.o)
 *fill*         0x0000000000033b7c        0x4 
 .bss           0x0000000000033b80      0x1b1 obj_cooja/mtype182.a(process.o)
                0x0000000000033b80                process_list
                0x0000000000033b84                process_current
 .bss           0x0000000000033d31        0x0 obj_cooja/mtype182.a(residual.o)
 *fill*         0x0000000000033d31        0x3 
 .bss           0x0000000000033d34        0x4 obj_cooja/mtype182.a(rtimer.o)
 .bss           0x0000000000033d38        0x0 obj_cooja/mtype182.a(timer.o)
 *fill*         0x0000000000033d38        0x8 
 .bss           0x0000000000033d40      0x140 obj_cooja/mtype182.a(serial-line.o)
 .bss           0x0000000000033e80        0x0 obj_cooja/mtype182.a(list.o)
 .bss           0x0000000000033e80        0x0 obj_cooja/mtype182.a(ringbuf.o)
 .bss           0x0000000000033e80      0x70c obj_cooja/mtype182.a(sicslowpan.o)
 *fill*         0x000000000003458c       0x14 
 .bss           0x00000000000345a0      0x4b0 obj_cooja/mtype182.a(uip-ds6-nbr.o)
 .bss           0x0000000000034a50       0x30 obj_cooja/mtype182.a(uip-ds6.o)
 .bss           0x0000000000034a80        0xe obj_cooja/mtype182.a(uip6.o)
                0x0000000000034a80                uip_ext_bitmap
                0x0000000000034a81                uip_ext_len
                0x0000000000034a82                uip_ext_opt_offset
 *fill*         0x0000000000034a8e       0x12 
 .bss           0x0000000000034aa0       0x68 obj_cooja/mtype182.a(tcpip.o)
 .bss           0x0000000000034b08        0x0 obj_cooja/mtype182.a(uip-debug.o)
 *fill*         0x0000000000034b08       0x18 
 .bss           0x0000000000034b20      0xcf8 obj_cooja/mtype182.a(uip-packetqueue)
 *fill*         0x0000000000035818        0x8 
 .bss           0x0000000000035820      0x352 obj_cooja/mtype182.a(rpl-dag.o)
 .bss           0x0000000000035b72        0x0 obj_cooja/mtype182.a(rpl-ext-header.)
 .bss           0x0000000000035b72        0x0 obj_cooja/mtype182.a(rpl-icmp6.o)
 .bss           0x0000000000035b72        0x0 obj_cooja/mtype182.a(rpl-ltmax.o)
 *fill*         0x0000000000035b72        0xe 
 .bss           0x0000000000035b80       0x23 obj_cooja/mtype182.a(rpl-timers.o)
 *fill*         0x0000000000035ba3        0x1 
 .bss           0x0000000000035ba4        0x4 obj_cooja/mtype182.a(rpl.o)
 *fill*         0x0000000000035ba8       0x18 
 .bss           0x0000000000035bc0      0x288 obj_cooja/mtype182.a(csma.o)
 .bss           0x0000000000035e48        0x2 obj_cooja/mtype182.a(framer-802154.o)
 .bss           0x0000000000035e4a        0x0 obj_cooja/mtype182.a(mac.o)
 *fill*         0x0000000000035e4a       0x16 
 .bss           0x0000000000035e60       0xb1 obj_cooja/mtype182.a(cxmac.o)
 .bss           0x0000000000035f11        0x0 obj_cooja/mtype182.a(linkaddr.o)
 *fill*         0x0000000000035f11        0xf 
 .bss           0x0000000000035f20      0x35c obj_cooja/mtype182.a(nbr-table.o)
 .bss           0x000000000003627c        0x0 obj_cooja/mtype182.a(netstack.o)
 *fill*         0x000000000003627c        0x4 
 .bss           0x0000000000036280       0xa0 obj_cooja/mtype182.a(packetbuf.o)
 .bss           0x0000000000036320      0xb80 obj_cooja/mtype182.a(queuebuf.o)
 .bss           0x0000000000036ea0        0x0 obj_cooja/mtype182.a(nullsec.o)
 .bss           0x0000000000036ea0        0x0 obj_cooja/mtype182.a(watchdog.o)
 .bss           0x0000000000036ea0        0x0 obj_cooja/mtype182.a(rimestats.o)
 .bss           0x0000000000036ea0        0x0 obj_cooja/mtype182.a(stimer.o)
 .bss           0x0000000000036ea0        0x0 obj_cooja/mtype182.a(memb.o)
 .bss           0x0000000000036ea0      0x608 obj_cooja/mtype182.a(uip-ds6-route.o)
 .bss           0x00000000000374a8       0x18 obj_cooja/mtype182.a(uip-icmp6.o)
 .bss           0x00000000000374c0        0x0 obj_cooja/mtype182.a(uip-nd6.o)
 .bss           0x00000000000374c0       0x44 obj_cooja/mtype182.a(rpl-nbr-policy.)
 .bss           0x0000000000037504        0x0 obj_cooja/mtype182.a(frame802154.o)
 .bss           0x0000000000037504        0x0 /usr/lib/gcc/i686-linux-gnu/4.8/crtendS.o
 .bss           0x0000000000037504        0x0 /usr/lib/gcc/i686-linux-gnu/4.8/../../../i386-linux-gnu/crtn.o
 *(COMMON)
 COMMON         0x0000000000037504        0x4 udp-server.co
                0x0000000000037504                dead
                0x0000000000037505                my_sink_reachability
                0x0000000000037506                join_instance
                0x0000000000037507                my_parent_number
 COMMON         0x0000000000037508       0x70 obj_cooja/mtype182.o
                0x0000000000037508                dio_count
                0x000000000003750c                dis_count
                0x0000000000037510                csma_drop_count
                0x0000000000037514                tcp_output_count
                0x0000000000037518                csma_transmission_count
                0x000000000003751c                dao_ack_fwd_count
                0x0000000000037520                COOJA_radioRxLong
                0x0000000000037524                cxmac_collision_count
                0x0000000000037528                cxmac_retransmission_count
                0x000000000003752c                control_message_count
                0x0000000000037530                dao_count
                0x0000000000037534                icmp_count
                0x0000000000037538                COOJA_radioTx
                0x000000000003753c                referenceVar
                0x0000000000037540                cxmac_transmission_count
                0x0000000000037544                dao_ack_count
                0x0000000000037548                data_message_count
                0x000000000003754c                COOJA_radioTxLong
                0x0000000000037550                COOJA_radioRx
                0x0000000000037554                debugfp
                0x0000000000037558                COOJA_radioOn
                0x000000000003755c                LSA_count
                0x0000000000037560                dao_fwd_count
                0x0000000000037564                COOJA_duration
                0x0000000000037568                dio_ack_count
                0x000000000003756c                COOJA_radioOnLong
                0x0000000000037570                sensors_flags
                0x0000000000037574                data_fwd_count
 COMMON         0x0000000000037578        0xc obj_cooja/mtype182.a(simEnvChange.o)
                0x0000000000037578                simEtimerPending
                0x000000000003757c                simProcessRunValue
                0x0000000000037580                simNextExpirationTime
 COMMON         0x0000000000037584        0x1 obj_cooja/mtype182.a(beep.o)
                0x0000000000037584                simBeeped
 COMMON         0x0000000000037585        0x3 obj_cooja/mtype182.a(button-sensor.o)
                0x0000000000037585                simButtonIsActive
                0x0000000000037586                simButtonIsDown
                0x0000000000037587                simButtonChanged
 COMMON         0x0000000000037588        0x2 obj_cooja/mtype182.a(leds-arch.o)
                0x0000000000037588                led_end
                0x0000000000037589                simLedsValue
 *fill*         0x000000000003758a        0x2 
 COMMON         0x000000000003758c        0xc obj_cooja/mtype182.a(moteid.o)
                0x000000000003758c                simRandomSeed
                0x0000000000037590                simMoteIDChanged
                0x0000000000037594                simMoteID
 COMMON         0x0000000000037598        0x2 obj_cooja/mtype182.a(pir-sensor.o)
                0x0000000000037598                simPirIsActive
                0x0000000000037599                simPirChanged
 *fill*         0x000000000003759a        0x6 
 COMMON         0x00000000000375a0      0x820 obj_cooja/mtype182.a(rs232.o)
                0x00000000000375a0                simSerialReceivingFlag
                0x00000000000375a4                simSerialReceivingLength
                0x00000000000375c0                simSerialReceivingData
 COMMON         0x0000000000037dc0        0x2 obj_cooja/mtype182.a(vib-sensor.o)
                0x0000000000037dc0                simVibChanged
                0x0000000000037dc1                simVibIsActive
 *fill*         0x0000000000037dc2        0x2 
 COMMON         0x0000000000037dc4        0x4 obj_cooja/mtype182.a(clock.o)
                0x0000000000037dc4                simCurrentTime
 *fill*         0x0000000000037dc8       0x18 
 COMMON         0x0000000000037de0      0x420 obj_cooja/mtype182.a(log.o)
                0x0000000000037de0                simLoggedLength
                0x0000000000037de4                simLoggedFlag
                0x0000000000037e00                simLoggedData
 COMMON         0x0000000000038200      0x260 obj_cooja/mtype182.a(cooja-radio.o)
                0x0000000000038200                simOutDataBuffer
                0x0000000000038280                simRadioTarget
                0x00000000000382a0                simInDataBufferLR
                0x0000000000038320                packet_forwarding
                0x0000000000038340                simOutDataBufferLR
                0x00000000000383c0                dual_duty_cycle_count
                0x00000000000383e0                simInDataBuffer
 COMMON         0x0000000000038460      0x400 obj_cooja/mtype182.a(eeprom.o)
                0x0000000000038460                simEEPROMData
 COMMON         0x0000000000038860        0x1 obj_cooja/mtype182.a(sensors.o)
                0x0000000000038860                sensors_event
 *fill*         0x0000000000038861        0x3 
 COMMON         0x0000000000038864        0x4 obj_cooja/mtype182.a(log_message.o)
                0x0000000000038864                log_fp
 COMMON         0x0000000000038868        0x1 obj_cooja/mtype182.a(serial-line.o)
                0x0000000000038868                serial_line_event_message
 *fill*         0x0000000000038869       0x17 
 COMMON         0x0000000000038880      0x1f4 obj_cooja/mtype182.a(uip-ds6-nbr.o)
                0x0000000000038880                ds6_lr_addrmap
 *fill*         0x0000000000038a74        0xc 
 COMMON         0x0000000000038a80      0x298 obj_cooja/mtype182.a(uip-ds6.o)
                0x0000000000038a80                uip_ds6_prefix_list
                0x0000000000038ae0                uip_ds6_timer_periodic
                0x0000000000038af0                uip_ds6_netif_addr_list_offset
                0x0000000000038b00                uip_ds6_if
                0x0000000000038bf8                uip_ds6_timer_ra
                0x0000000000038c00                uip_ds6_addr_size
                0x0000000000038c20                long_uip_ds6_if
 *fill*         0x0000000000038d18        0x8 
 COMMON         0x0000000000038d20      0x8ec obj_cooja/mtype182.a(uip6.o)
                0x0000000000038d20                uip_slen
                0x0000000000038d22                uip_acc32
                0x0000000000038d40                uip_conns
                0x0000000000038e00                uip_lladdr
                0x0000000000038e08                uip_appdata
                0x0000000000038e0c                uip_flags
                0x0000000000038e20                uip_aligned_buf
                0x0000000000039460                uip_listenports
                0x0000000000039470                uip_len
                0x0000000000039472                uip_long_lladdr
                0x000000000003947c                uip_sappdata
                0x0000000000039480                uip_udp_conns
                0x0000000000039600                uip_udp_conn
                0x0000000000039604                uip_next_hdr
                0x0000000000039608                uip_conn
 COMMON         0x000000000003960c        0x1 obj_cooja/mtype182.a(tcpip.o)
                0x000000000003960c                tcpip_event
 *fill*         0x000000000003960d       0x13 
 COMMON         0x0000000000039620      0x178 obj_cooja/mtype182.a(rpl-dag.o)
                0x0000000000039620                default_instance
                0x0000000000039640                instance_table
 COMMON         0x0000000000039798       0x10 obj_cooja/mtype182.a(linkaddr.o)
                0x0000000000039798                linkaddr_node_addr
                0x00000000000397a0                long_linkaddr_node_addr
 COMMON         0x00000000000397a8       0x2e obj_cooja/mtype182.a(packetbuf.o)
                0x00000000000397a8                packetbuf_attrs
                0x00000000000397c6                packetbuf_addrs
 *fill*         0x00000000000397d6        0xa 
 COMMON         0x00000000000397e0       0x48 obj_cooja/mtype182.a(rimestats.o)
                0x00000000000397e0                rimestats
                0x0000000000039828                . = ALIGN ((. != 0x0)?0x4:0x1)
                0x0000000000039828                . = ALIGN (0x4)
                0x0000000000039828                . = SEGMENT_START ("ldata-segment", .)
                0x0000000000039828                . = ALIGN (0x4)
                0x0000000000039828                _end = .
                0x0000000000039828                PROVIDE (end, .)
                0x0000000000039828                . = DATA_SEGMENT_END (.)

.stab
 *(.stab)

.stabstr
 *(.stabstr)

.stab.excl
 *(.stab.excl)

.stab.exclstr
 *(.stab.exclstr)

.stab.index
 *(.stab.index)

.stab.indexstr
 *(.stab.indexstr)

.comment        0x0000000000000000       0x29
 *(.comment)
 .comment       0x0000000000000000       0x29 /usr/lib/gcc/i686-linux-gnu/4.8/crtbeginS.o
                                         0x2a (size before relaxing)
 .comment       0x0000000000000000       0x2a udp-server.co
 .comment       0x0000000000000000       0x2a obj_cooja/mtype182.o
 .comment       0x0000000000000000       0x2a obj_cooja/mtype182.a(simEnvChange.o)
 .comment       0x0000000000000000       0x2a obj_cooja/mtype182.a(cooja_mt.o)
 .comment       0x0000000000000000       0x2a obj_cooja/mtype182.a(cooja_mtarch.o)
 .comment       0x0000000000000000       0x2a obj_cooja/mtype182.a(rtimer-arch.o)
 .comment       0x0000000000000000       0x2a obj_cooja/mtype182.a(beep.o)
 .comment       0x0000000000000000       0x2a obj_cooja/mtype182.a(button-sensor.o)
 .comment       0x0000000000000000       0x2a obj_cooja/mtype182.a(leds-arch.o)
 .comment       0x0000000000000000       0x2a obj_cooja/mtype182.a(moteid.o)
 .comment       0x0000000000000000       0x2a obj_cooja/mtype182.a(pir-sensor.o)
 .comment       0x0000000000000000       0x2a obj_cooja/mtype182.a(rs232.o)
 .comment       0x0000000000000000       0x2a obj_cooja/mtype182.a(vib-sensor.o)
 .comment       0x0000000000000000       0x2a obj_cooja/mtype182.a(clock.o)
 .comment       0x0000000000000000       0x2a obj_cooja/mtype182.a(log.o)
 .comment       0x0000000000000000       0x2a obj_cooja/mtype182.a(cfs-cooja.o)
 .comment       0x0000000000000000       0x2a obj_cooja/mtype182.a(cooja-radio.o)
 .comment       0x0000000000000000       0x2a obj_cooja/mtype182.a(eeprom.o)
 .comment       0x0000000000000000       0x2a obj_cooja/mtype182.a(random.o)
 .comment       0x0000000000000000       0x2a obj_cooja/mtype182.a(sensors.o)
 .comment       0x0000000000000000       0x2a obj_cooja/mtype182.a(leds.o)
 .comment       0x0000000000000000       0x2a obj_cooja/mtype182.a(dual_conf.o)
 .comment       0x0000000000000000       0x2a obj_cooja/mtype182.a(autostart.o)
 .comment       0x0000000000000000       0x2a obj_cooja/mtype182.a(ctimer.o)
 .comment       0x0000000000000000       0x2a obj_cooja/mtype182.a(etimer.o)
 .comment       0x0000000000000000       0x2a obj_cooja/mtype182.a(log_message.o)
 .comment       0x0000000000000000       0x2a obj_cooja/mtype182.a(process.o)
 .comment       0x0000000000000000       0x2a obj_cooja/mtype182.a(residual.o)
 .comment       0x0000000000000000       0x2a obj_cooja/mtype182.a(rtimer.o)
 .comment       0x0000000000000000       0x2a obj_cooja/mtype182.a(timer.o)
 .comment       0x0000000000000000       0x2a obj_cooja/mtype182.a(serial-line.o)
 .comment       0x0000000000000000       0x2a obj_cooja/mtype182.a(list.o)
 .comment       0x0000000000000000       0x2a obj_cooja/mtype182.a(ringbuf.o)
 .comment       0x0000000000000000       0x2a obj_cooja/mtype182.a(sicslowpan.o)
 .comment       0x0000000000000000       0x2a obj_cooja/mtype182.a(uip-ds6-nbr.o)
 .comment       0x0000000000000000       0x2a obj_cooja/mtype182.a(uip-ds6.o)
 .comment       0x0000000000000000       0x2a obj_cooja/mtype182.a(uip6.o)
 .comment       0x0000000000000000       0x2a obj_cooja/mtype182.a(tcpip.o)
 .comment       0x0000000000000000       0x2a obj_cooja/mtype182.a(uip-debug.o)
 .comment       0x0000000000000000       0x2a obj_cooja/mtype182.a(uip-packetqueue)
 .comment       0x0000000000000000       0x2a obj_cooja/mtype182.a(rpl-dag.o)
 .comment       0x0000000000000000       0x2a obj_cooja/mtype182.a(rpl-ext-header.)
 .comment       0x0000000000000000       0x2a obj_cooja/mtype182.a(rpl-icmp6.o)
 .comment       0x0000000000000000       0x2a obj_cooja/mtype182.a(rpl-ltmax.o)
 .comment       0x0000000000000000       0x2a obj_cooja/mtype182.a(rpl-timers.o)
 .comment       0x0000000000000000       0x2a obj_cooja/mtype182.a(rpl.o)
 .comment       0x0000000000000000       0x2a obj_cooja/mtype182.a(csma.o)
 .comment       0x0000000000000000       0x2a obj_cooja/mtype182.a(framer-802154.o)
 .comment       0x0000000000000000       0x2a obj_cooja/mtype182.a(mac.o)
 .comment       0x0000000000000000       0x2a obj_cooja/mtype182.a(cxmac.o)
 .comment       0x0000000000000000       0x2a obj_cooja/mtype182.a(linkaddr.o)
 .comment       0x0000000000000000       0x2a obj_cooja/mtype182.a(nbr-table.o)
 .comment       0x0000000000000000       0x2a obj_cooja/mtype182.a(netstack.o)
 .comment       0x0000000000000000       0x2a obj_cooja/mtype182.a(packetbuf.o)
 .comment       0x0000000000000000       0x2a obj_cooja/mtype182.a(queuebuf.o)
 .comment       0x0000000000000000       0x2a obj_cooja/mtype182.a(nullsec.o)
 .comment       0x0000000000000000       0x2a obj_cooja/mtype182.a(watchdog.o)
 .comment       0x0000000000000000       0x2a obj_cooja/mtype182.a(rimestats.o)
 .comment       0x0000000000000000       0x2a obj_cooja/mtype182.a(stimer.o)
 .comment       0x0000000000000000       0x2a obj_cooja/mtype182.a(memb.o)
 .comment       0x0000000000000000       0x2a obj_cooja/mtype182.a(uip-ds6-route.o)
 .comment       0x0000000000000000       0x2a obj_cooja/mtype182.a(uip-icmp6.o)
 .comment       0x0000000000000000       0x2a obj_cooja/mtype182.a(uip-nd6.o)
 .comment       0x0000000000000000       0x2a obj_cooja/mtype182.a(rpl-nbr-policy.)
 .comment       0x0000000000000000       0x2a obj_cooja/mtype182.a(frame802154.o)
 .comment       0x0000000000000000       0x2a /usr/lib/gcc/i686-linux-gnu/4.8/crtendS.o

.debug
 *(.debug)

.line
 *(.line)

.debug_srcinfo
 *(.debug_srcinfo)

.debug_sfnames
 *(.debug_sfnames)

.debug_aranges  0x0000000000000000      0x818
 *(.debug_aranges)
 .debug_aranges
                0x0000000000000000       0x20 udp-server.co
 .debug_aranges
                0x0000000000000020       0x20 obj_cooja/mtype182.o
 .debug_aranges
                0x0000000000000040       0x20 obj_cooja/mtype182.a(simEnvChange.o)
 .debug_aranges
                0x0000000000000060       0x20 obj_cooja/mtype182.a(cooja_mt.o)
 .debug_aranges
                0x0000000000000080       0x20 obj_cooja/mtype182.a(cooja_mtarch.o)
 .debug_aranges
                0x00000000000000a0       0x20 obj_cooja/mtype182.a(rtimer-arch.o)
 .debug_aranges
                0x00000000000000c0       0x20 obj_cooja/mtype182.a(beep.o)
 .debug_aranges
                0x00000000000000e0       0x20 obj_cooja/mtype182.a(button-sensor.o)
 .debug_aranges
                0x0000000000000100       0x20 obj_cooja/mtype182.a(leds-arch.o)
 .debug_aranges
                0x0000000000000120       0x20 obj_cooja/mtype182.a(moteid.o)
 .debug_aranges
                0x0000000000000140       0x20 obj_cooja/mtype182.a(pir-sensor.o)
 .debug_aranges
                0x0000000000000160       0x20 obj_cooja/mtype182.a(rs232.o)
 .debug_aranges
                0x0000000000000180       0x20 obj_cooja/mtype182.a(vib-sensor.o)
 .debug_aranges
                0x00000000000001a0       0x20 obj_cooja/mtype182.a(clock.o)
 .debug_aranges
                0x00000000000001c0       0x20 obj_cooja/mtype182.a(log.o)
 .debug_aranges
                0x00000000000001e0       0x20 obj_cooja/mtype182.a(cfs-cooja.o)
 .debug_aranges
                0x0000000000000200       0x20 obj_cooja/mtype182.a(cooja-radio.o)
 .debug_aranges
                0x0000000000000220       0x20 obj_cooja/mtype182.a(eeprom.o)
 .debug_aranges
                0x0000000000000240       0x20 obj_cooja/mtype182.a(random.o)
 .debug_aranges
                0x0000000000000260       0x20 obj_cooja/mtype182.a(sensors.o)
 .debug_aranges
                0x0000000000000280       0x20 obj_cooja/mtype182.a(leds.o)
 .debug_aranges
                0x00000000000002a0       0x20 obj_cooja/mtype182.a(dual_conf.o)
 .debug_aranges
                0x00000000000002c0       0x20 obj_cooja/mtype182.a(autostart.o)
 .debug_aranges
                0x00000000000002e0       0x20 obj_cooja/mtype182.a(ctimer.o)
 .debug_aranges
                0x0000000000000300       0x20 obj_cooja/mtype182.a(etimer.o)
 .debug_aranges
                0x0000000000000320       0x20 obj_cooja/mtype182.a(log_message.o)
 .debug_aranges
                0x0000000000000340       0x20 obj_cooja/mtype182.a(process.o)
 .debug_aranges
                0x0000000000000360       0x20 obj_cooja/mtype182.a(residual.o)
 .debug_aranges
                0x0000000000000380       0x20 obj_cooja/mtype182.a(rtimer.o)
 .debug_aranges
                0x00000000000003a0       0x20 obj_cooja/mtype182.a(timer.o)
 .debug_aranges
                0x00000000000003c0       0x20 obj_cooja/mtype182.a(serial-line.o)
 .debug_aranges
                0x00000000000003e0       0x20 obj_cooja/mtype182.a(list.o)
 .debug_aranges
                0x0000000000000400       0x20 obj_cooja/mtype182.a(ringbuf.o)
 .debug_aranges
                0x0000000000000420       0x20 obj_cooja/mtype182.a(sicslowpan.o)
 .debug_aranges
                0x0000000000000440       0x20 obj_cooja/mtype182.a(uip-ds6-nbr.o)
 .debug_aranges
                0x0000000000000460       0x20 obj_cooja/mtype182.a(uip-ds6.o)
 .debug_aranges
                0x0000000000000480       0x20 obj_cooja/mtype182.a(uip6.o)
 .debug_aranges
                0x00000000000004a0       0x20 obj_cooja/mtype182.a(tcpip.o)
 .debug_aranges
                0x00000000000004c0       0x20 obj_cooja/mtype182.a(uip-debug.o)
 .debug_aranges
                0x00000000000004e0       0x20 obj_cooja/mtype182.a(uip-packetqueue)
 .debug_aranges
                0x0000000000000500       0x20 obj_cooja/mtype182.a(rpl-dag.o)
 .debug_aranges
                0x0000000000000520       0x20 obj_cooja/mtype182.a(rpl-ext-header.)
 .debug_aranges
                0x0000000000000540       0x20 obj_cooja/mtype182.a(rpl-icmp6.o)
 .debug_aranges
                0x0000000000000560       0x20 obj_cooja/mtype182.a(rpl-ltmax.o)
 .debug_aranges
                0x0000000000000580       0x20 obj_cooja/mtype182.a(rpl-timers.o)
 .debug_aranges
                0x00000000000005a0       0x20 obj_cooja/mtype182.a(rpl.o)
 .debug_aranges
                0x00000000000005c0       0x20 obj_cooja/mtype182.a(csma.o)
 .debug_aranges
                0x00000000000005e0       0x20 obj_cooja/mtype182.a(framer-802154.o)
 .debug_aranges
                0x0000000000000600       0x20 obj_cooja/mtype182.a(mac.o)
 .debug_aranges
                0x0000000000000620       0x20 obj_cooja/mtype182.a(cxmac.o)
 .debug_aranges
                0x0000000000000640       0x20 obj_cooja/mtype182.a(linkaddr.o)
 .debug_aranges
                0x0000000000000660       0x20 obj_cooja/mtype182.a(nbr-table.o)
 .debug_aranges
                0x0000000000000680       0x20 obj_cooja/mtype182.a(netstack.o)
 .debug_aranges
                0x00000000000006a0       0x20 obj_cooja/mtype182.a(packetbuf.o)
 .debug_aranges
                0x00000000000006c0       0x20 obj_cooja/mtype182.a(queuebuf.o)
 .debug_aranges
                0x00000000000006e0       0x20 obj_cooja/mtype182.a(nullsec.o)
 .debug_aranges
                0x0000000000000700       0x20 obj_cooja/mtype182.a(watchdog.o)
 .debug_aranges
                0x0000000000000720       0x18 obj_cooja/mtype182.a(rimestats.o)
 .debug_aranges
                0x0000000000000738       0x20 obj_cooja/mtype182.a(stimer.o)
 .debug_aranges
                0x0000000000000758       0x20 obj_cooja/mtype182.a(memb.o)
 .debug_aranges
                0x0000000000000778       0x20 obj_cooja/mtype182.a(uip-ds6-route.o)
 .debug_aranges
                0x0000000000000798       0x20 obj_cooja/mtype182.a(uip-icmp6.o)
 .debug_aranges
                0x00000000000007b8       0x20 obj_cooja/mtype182.a(uip-nd6.o)
 .debug_aranges
                0x00000000000007d8       0x20 obj_cooja/mtype182.a(rpl-nbr-policy.)
 .debug_aranges
                0x00000000000007f8       0x20 obj_cooja/mtype182.a(frame802154.o)

.debug_pubnames
 *(.debug_pubnames)

.debug_info     0x0000000000000000    0x1efba
 *(.debug_info .gnu.linkonce.wi.*)
 .debug_info    0x0000000000000000      0xeb6 udp-server.co
 .debug_info    0x0000000000000eb6     0x3b9a obj_cooja/mtype182.o
 .debug_info    0x0000000000004a50      0x15a obj_cooja/mtype182.a(simEnvChange.o)
 .debug_info    0x0000000000004baa      0x1e2 obj_cooja/mtype182.a(cooja_mt.o)
 .debug_info    0x0000000000004d8c      0x2e7 obj_cooja/mtype182.a(cooja_mtarch.o)
 .debug_info    0x0000000000005073      0x16b obj_cooja/mtype182.a(rtimer-arch.o)
 .debug_info    0x00000000000051de      0x1f3 obj_cooja/mtype182.a(beep.o)
 .debug_info    0x00000000000053d1      0x257 obj_cooja/mtype182.a(button-sensor.o)
 .debug_info    0x0000000000005628      0x14e obj_cooja/mtype182.a(leds-arch.o)