Archive member included to satisfy reference by file (symbol)

obj_cooja/mtype43.a(simEnvChange.o)
                              obj_cooja/mtype43.o (simDontFallAsleep)
obj_cooja/mtype43.a(cooja_mt.o)
                              obj_cooja/mtype43.o (cooja_mt_start)
obj_cooja/mtype43.a(cooja_mtarch.o)
                              obj_cooja/mtype43.a(cooja_mt.o) (cooja_mtarch_init)
obj_cooja/mtype43.a(rtimer-arch.o)
                              obj_cooja/mtype43.o (rtimer_arch_next)
obj_cooja/mtype43.a(beep.o)   obj_cooja/mtype43.o (beep_interface)
obj_cooja/mtype43.a(button-sensor.o)
                              obj_cooja/mtype43.o (button_interface)
obj_cooja/mtype43.a(leds-arch.o)
                              obj_cooja/mtype43.o (leds_interface)
obj_cooja/mtype43.a(moteid.o)
                              obj_cooja/mtype43.o (moteid_interface)
obj_cooja/mtype43.a(pir-sensor.o)
                              obj_cooja/mtype43.o (pir_interface)
obj_cooja/mtype43.a(rs232.o)  obj_cooja/mtype43.o (rs232_interface)
obj_cooja/mtype43.a(vib-sensor.o)
                              obj_cooja/mtype43.o (vib_interface)
obj_cooja/mtype43.a(clock.o)  obj_cooja/mtype43.o (clock_interface)
obj_cooja/mtype43.a(log.o)    obj_cooja/mtype43.o (simlog_interface)
obj_cooja/mtype43.a(cfs-cooja.o)
                              obj_cooja/mtype43.o (cfs_interface)
obj_cooja/mtype43.a(cooja-radio.o)
                              obj_cooja/mtype43.o (radio_interface)
obj_cooja/mtype43.a(eeprom.o)
                              obj_cooja/mtype43.o (eeprom_interface)
obj_cooja/mtype43.a(random.o)
                              obj_cooja/mtype43.a(moteid.o) (random_init)
obj_cooja/mtype43.a(sensors.o)
                              obj_cooja/mtype43.o (sensors_process)
obj_cooja/mtype43.a(leds.o)   obj_cooja/mtype43.a(cooja-radio.o) (leds_on)
obj_cooja/mtype43.a(dual_conf.o)
                              obj_cooja/mtype43.a(cooja-radio.o) (long_range_radio)
obj_cooja/mtype43.a(autostart.o)
                              obj_cooja/mtype43.o (autostart_start)
obj_cooja/mtype43.a(ctimer.o)
                              obj_cooja/mtype43.o (ctimer_init)
obj_cooja/mtype43.a(etimer.o)
                              obj_cooja/mtype43.o (etimer_process)
obj_cooja/mtype43.a(log_message.o)
                              obj_cooja/mtype43.o (log_initialization)
obj_cooja/mtype43.a(process.o)
                              udp-client.co (process_current)
obj_cooja/mtype43.a(residual.o)
                              udp-client.co (DISSIPATION_RATE)
obj_cooja/mtype43.a(rtimer.o)
                              obj_cooja/mtype43.a(rtimer-arch.o) (rtimer_run_next)
obj_cooja/mtype43.a(stimer.o)
                              udp-client.co (stimer_remaining)
obj_cooja/mtype43.a(timer.o)  obj_cooja/mtype43.a(button-sensor.o) (timer_set)
obj_cooja/mtype43.a(serial-line.o)
                              udp-client.co (serial_line_event_message)
obj_cooja/mtype43.a(list.o)   obj_cooja/mtype43.a(ctimer.o) (list_init)
obj_cooja/mtype43.a(ringbuf.o)
                              obj_cooja/mtype43.a(serial-line.o) (ringbuf_init)
obj_cooja/mtype43.a(sicslowpan.o)
                              obj_cooja/mtype43.o (sicslowpan_driver)
obj_cooja/mtype43.a(uip-ds6-nbr.o)
                              obj_cooja/mtype43.a(sicslowpan.o) (uip_ds6_link_neighbor_callback)
obj_cooja/mtype43.a(uip-ds6-route.o)
                              udp-client.co (uip_ds6_route_nexthop)
obj_cooja/mtype43.a(uip-ds6.o)
                              udp-client.co (uip_ds6_if)
obj_cooja/mtype43.a(uip6.o)   udp-client.co (uip_lladdr)
obj_cooja/mtype43.a(tcpip.o)  udp-client.co (tcpip_event)
obj_cooja/mtype43.a(uip-debug.o)
                              udp-client.co (uip_debug_ipaddr_print)
obj_cooja/mtype43.a(uip-packetqueue)
                              obj_cooja/mtype43.a(uip-ds6-nbr.o) (uip_packetqueue_new)
obj_cooja/mtype43.a(uip-udp-packet.)
                              udp-client.co (uip_udp_packet_sendto)
obj_cooja/mtype43.a(rpl-dag.o)
                              udp-client.co (rpl_parents)
obj_cooja/mtype43.a(rpl-ext-header.)
                              obj_cooja/mtype43.a(uip6.o) (rpl_verify_header)
obj_cooja/mtype43.a(rpl-icmp6.o)
                              obj_cooja/mtype43.a(rpl-dag.o) (rpl_icmp6_update_nbr_table)
obj_cooja/mtype43.a(rpl-ltmax.o)
                              obj_cooja/mtype43.a(rpl-dag.o) (rpl_ltmax_of)
obj_cooja/mtype43.a(rpl-timers.o)
                              obj_cooja/mtype43.a(rpl-dag.o) (rpl_reset_dio_timer)
obj_cooja/mtype43.a(rpl.o)    obj_cooja/mtype43.a(rpl-icmp6.o) (rpl_get_mode)
obj_cooja/mtype43.a(csma.o)   obj_cooja/mtype43.o (csma_driver)
obj_cooja/mtype43.a(framer-802154.o)
                              obj_cooja/mtype43.a(sicslowpan.o) (framer_802154)
obj_cooja/mtype43.a(mac.o)    obj_cooja/mtype43.a(csma.o) (mac_call_sent_callback)
obj_cooja/mtype43.a(cxmac.o)  obj_cooja/mtype43.o (cxmac_driver)
obj_cooja/mtype43.a(linkaddr.o)
[...]
Memory Configuration

Name             Origin             Length             Attributes
*default*        0x0000000000000000 0xffffffffffffffff

Linker script and memory map

LOAD /usr/lib/gcc/i686-linux-gnu/4.8/../../../i386-linux-gnu/crti.o
LOAD /usr/lib/gcc/i686-linux-gnu/4.8/crtbeginS.o
LOAD udp-client.co
LOAD obj_cooja/mtype43.o
LOAD obj_cooja/mtype43.a
LOAD /usr/lib/gcc/i686-linux-gnu/4.8/libgcc.a
LOAD /usr/lib/gcc/i686-linux-gnu/4.8/libgcc_s.so
LOAD /usr/lib/gcc/i686-linux-gnu/4.8/../../../i386-linux-gnu/libc.so
START GROUP
LOAD /lib/i386-linux-gnu/libc.so.6
LOAD /usr/lib/i386-linux-gnu/libc_nonshared.a
LOAD /lib/i386-linux-gnu/ld-linux.so.2
END GROUP
LOAD /usr/lib/gcc/i686-linux-gnu/4.8/libgcc.a
LOAD /usr/lib/gcc/i686-linux-gnu/4.8/libgcc_s.so
LOAD /usr/lib/gcc/i686-linux-gnu/4.8/crtendS.o
LOAD /usr/lib/gcc/i686-linux-gnu/4.8/../../../i386-linux-gnu/crtn.o
                0x0000000000000114                . = (0x0 + SIZEOF_HEADERS)

.note.gnu.build-id
                0x0000000000000114       0x24
 *(.note.gnu.build-id)
 .note.gnu.build-id
                0x0000000000000114       0x24 /usr/lib/gcc/i686-linux-gnu/4.8/../../../i386-linux-gnu/crti.o

.hash
 *(.hash)

.gnu.hash       0x0000000000000138     0x1390
 *(.gnu.hash)
 .gnu.hash      0x0000000000000138     0x1390 /usr/lib/gcc/i686-linux-gnu/4.8/../../../i386-linux-gnu/crti.o

.dynsym         0x00000000000014c8     0x26a0
 *(.dynsym)
 .dynsym        0x00000000000014c8     0x26a0 /usr/lib/gcc/i686-linux-gnu/4.8/../../../i386-linux-gnu/crti.o

.dynstr         0x0000000000003b68     0x27ae
 *(.dynstr)
 .dynstr        0x0000000000003b68     0x27ae /usr/lib/gcc/i686-linux-gnu/4.8/../../../i386-linux-gnu/crti.o

.gnu.version    0x0000000000006316      0x4d4
 *(.gnu.version)
 .gnu.version   0x0000000000006316      0x4d4 /usr/lib/gcc/i686-linux-gnu/4.8/../../../i386-linux-gnu/crti.o

.gnu.version_d  0x00000000000067ec        0x0
 *(.gnu.version_d)
 .gnu.version_d
                0x0000000000000000        0x0 /usr/lib/gcc/i686-linux-gnu/4.8/../../../i386-linux-gnu/crti.o

.gnu.version_r  0x00000000000067ec       0x50
 *(.gnu.version_r)
 .gnu.version_r
                0x00000000000067ec       0x50 /usr/lib/gcc/i686-linux-gnu/4.8/../../../i386-linux-gnu/crti.o

.rel.dyn        0x000000000000683c     0xa890
 *(.rel.init)
 .rel.init      0x0000000000000000        0x0 /usr/lib/gcc/i686-linux-gnu/4.8/../../../i386-linux-gnu/crti.o
 *(.rel.text .rel.text.* .rel.gnu.linkonce.t.*)
 .rel.text      0x000000000000683c     0xa0b8 /usr/lib/gcc/i686-linux-gnu/4.8/../../../i386-linux-gnu/crti.o
 *(.rel.fini)
 .rel.fini      0x0000000000000000        0x0 /usr/lib/gcc/i686-linux-gnu/4.8/../../../i386-linux-gnu/crti.o
 *(.rel.rodata .rel.rodata.* .rel.gnu.linkonce.r.*)
 .rel.rodata    0x00000000000108f4      0x4e0 /usr/lib/gcc/i686-linux-gnu/4.8/../../../i386-linux-gnu/crti.o
 *(.rel.data.rel.ro .rel.data.rel.ro.* .rel.gnu.linkonce.d.rel.ro.*)
 *(.rel.data .rel.data.* .rel.gnu.linkonce.d.*)
 .rel.data.rel  0x0000000000010dd4        0x8 /usr/lib/gcc/i686-linux-gnu/4.8/../../../i386-linux-gnu/crti.o
 .rel.data      0x0000000000010ddc      0x2b8 /usr/lib/gcc/i686-linux-gnu/4.8/../../../i386-linux-gnu/crti.o
 *(.rel.tdata .rel.tdata.* .rel.gnu.linkonce.td.*)
 *(.rel.tbss .rel.tbss.* .rel.gnu.linkonce.tb.*)
 *(.rel.ctors)
 *(.rel.dtors)
 *(.rel.got)
 .rel.got       0x0000000000011094       0x28 /usr/lib/gcc/i686-linux-gnu/4.8/../../../i386-linux-gnu/crti.o
 *(.rel.bss .rel.bss.* .rel.gnu.linkonce.b.*)
 *(.rel.ifunc)
 .rel.ifunc     0x0000000000000000        0x0 /usr/lib/gcc/i686-linux-gnu/4.8/../../../i386-linux-gnu/crti.o
 .rel.fini_array
                0x00000000000110bc        0x8 /usr/lib/gcc/i686-linux-gnu/4.8/../../../i386-linux-gnu/crti.o
 .rel.init_array
                0x00000000000110c4        0x8 /usr/lib/gcc/i686-linux-gnu/4.8/../../../i386-linux-gnu/crti.o

.rel.plt        0x00000000000110cc       0x10
 *(.rel.plt)
 .rel.plt       0x00000000000110cc       0x10 /usr/lib/gcc/i686-linux-gnu/4.8/../../../i386-linux-gnu/crti.o
 *(.rel.iplt)

.init           0x00000000000110dc       0x23
 *(SORT(.init))
 .init          0x00000000000110dc       0x1e /usr/lib/gcc/i686-linux-gnu/4.8/../../../i386-linux-gnu/crti.o
                0x00000000000110dc                _init
 .init          0x00000000000110fa        0x5 /usr/lib/gcc/i686-linux-gnu/4.8/../../../i386-linux-gnu/crtn.o

.plt            0x0000000000011100       0x30
 *(.plt)
 .plt           0x0000000000011100       0x30 /usr/lib/gcc/i686-linux-gnu/4.8/../../../i386-linux-gnu/crti.o
 *(.iplt)

.text           0x0000000000011130    0x18603
 *(.text.unlikely .text.*_unlikely .text.unlikely.*)
 *(.text.exit .text.exit.*)
 *(.text.startup .text.startup.*)
 *(.text.hot .text.hot.*)
 *(.text .stub .text.* .gnu.linkonce.t.*)
 .text          0x0000000000011130        0x0 /usr/lib/gcc/i686-linux-gnu/4.8/../../../i386-linux-gnu/crti.o
 .gnu.linkonce.t.__x86.get_pc_thunk.bx
                0x0000000000011130        0x4 /usr/lib/gcc/i686-linux-gnu/4.8/../../../i386-linux-gnu/crti.o
                0x0000000000011130                __x86.get_pc_thunk.bx
 *fill*         0x0000000000011134        0xc 
 .text          0x0000000000011140      0x11b /usr/lib/gcc/i686-linux-gnu/4.8/crtbeginS.o
 .text          0x000000000001125b      0x92b udp-client.co
 .text          0x0000000000011b86      0x96a obj_cooja/mtype43.o
                0x0000000000011d34                contiki_init
                0x0000000000012307                Java_org_contikios_cooja_corecomm_Lib41_init
                0x0000000000012347                Java_org_contikios_cooja_corecomm_Lib41_getMemory
                0x0000000000012387                Java_org_contikios_cooja_corecomm_Lib41_setMemory
                0x00000000000123fe                Java_org_contikios_cooja_corecomm_Lib41_tick
                0x00000000000124de                Java_org_contikios_cooja_corecomm_Lib41_setReferenceAddress
 .text          0x00000000000124f0       0x63 obj_cooja/mtype43.a(simEnvChange.o)
                0x00000000000124f0                doActionsBeforeTick
                0x0000000000012521                doActionsAfterTick
 .text          0x0000000000012553       0xbc obj_cooja/mtype43.a(cooja_mt.o)
                0x0000000000012553                cooja_mt_init
                0x0000000000012560                cooja_mt_remove
                0x000000000001256d                cooja_mt_start
                0x000000000001259a                cooja_mt_exec
                0x00000000000125cb                cooja_mt_exit
                0x00000000000125ed                cooja_mt_yield
 .text          0x000000000001260f      0x115 obj_cooja/mtype43.a(cooja_mtarch.o)
                0x000000000001260f                cooja_mtarch_init
                0x0000000000012614                cooja_mtarch_start
                0x000000000001268f                cooja_sw
                0x00000000000126b1                cooja_mtarch_exec
                0x00000000000126cd                cooja_mtarch_remove
                0x00000000000126d2                cooja_mtarch_yield
                0x00000000000126dc                cooja_mtarch_pstop
                0x00000000000126e1                cooja_mtarch_pstart
                0x00000000000126e6                cooja_mtarch_stack_usage
 .text          0x0000000000012724       0xc2 obj_cooja/mtype43.a(rtimer-arch.o)
                0x0000000000012724                rtimer_arch_init
                0x0000000000012747                rtimer_arch_schedule
                0x000000000001275e                rtimer_arch_next
                0x0000000000012768                rtimer_arch_pending
                0x0000000000012772                rtimer_arch_check
                0x00000000000127a4                rtimer_arch_now
 .text          0x00000000000127e6       0x76 obj_cooja/mtype43.a(beep.o)
                0x00000000000127e6                beep_alarm
                0x00000000000127f2                beep_beep
                0x00000000000127fe                beep
                0x000000000001280a                beep_down
                0x0000000000012816                beep_on
                0x0000000000012822                beep_off
                0x000000000001282e                beep_spinup
                0x000000000001283a                beep_quick
                0x0000000000012846                beep_long
 .text          0x000000000001285c      0x103 obj_cooja/mtype43.a(button-sensor.o)
 .text          0x000000000001295f       0x45 obj_cooja/mtype43.a(leds-arch.o)
                0x000000000001295f                leds_arch_init
                0x000000000001296b                leds_arch_get
                0x0000000000012977                leds_arch_set
 .text          0x00000000000129a4       0x2f obj_cooja/mtype43.a(moteid.o)
 .text          0x00000000000129d3       0xb1 obj_cooja/mtype43.a(pir-sensor.o)
 .text          0x0000000000012a84      0x131 obj_cooja/mtype43.a(rs232.o)
                0x0000000000012a84                rs232_init
                0x0000000000012a89                rs232_set_speed
                0x0000000000012a97                rs232_set_input
                0x0000000000012aa4                rs232_send
                0x0000000000012ac6                rs232_print
                0x0000000000012ae1                slip_arch_writeb
 .text          0x0000000000012bb5       0xb1 obj_cooja/mtype43.a(vib-sensor.o)
 .text          0x0000000000012c66       0x34 obj_cooja/mtype43.a(clock.o)
                0x0000000000012c66                clock_init
                0x0000000000012c6b                clock_time
                0x0000000000012c75                clock_seconds
                0x0000000000012c8b                clock_delay
 .text          0x0000000000012c9a      0x1ed obj_cooja/mtype43.a(log.o)
                0x0000000000012c9a                simlog_char
                0x0000000000012cdc                simlog
                0x0000000000012d49                log_message
                0x0000000000012d71                log_set_putchar_with_slip
                0x0000000000012d7e                log_putchar
                0x0000000000012e02                log_puts
                0x0000000000012e26                log_printf
 .text          0x0000000000012e87      0x2c4 obj_cooja/mtype43.a(cfs-cooja.o)
                0x0000000000012e87                cfs_open
                0x0000000000012ef0                cfs_close
                0x0000000000012efc                cfs_read
                0x0000000000012f9a                cfs_write
                0x0000000000013077                cfs_seek
                0x00000000000130ff                cfs_remove
                0x0000000000013128                cfs_opendir
                0x0000000000013132                cfs_readdir
                0x000000000001313c                cfs_closedir
 .text          0x000000000001314b      0x69f obj_cooja/mtype43.a(cooja-radio.o)
                0x0000000000013175                radio_set_channel
                0x000000000001318a                radio_set_txpower
                0x00000000000131aa                radio_signal_strength_last
                0x00000000000131b4                radio_signal_strength_current
                0x00000000000131be                radio_LQI
 .text          0x00000000000137ea       0xef obj_cooja/mtype43.a(eeprom.o)
                0x00000000000137ea                eeprom_init
                0x00000000000137ef                eeprom_read
                0x000000000001385f                eeprom_write
 .text          0x00000000000138d9       0x28 obj_cooja/mtype43.a(random.o)
                0x00000000000138d9                random_init
                0x00000000000138f4                random_rand
 .text          0x0000000000013901      0x2a1 obj_cooja/mtype43.a(sensors.o)
                0x000000000001393c                sensors_first
                0x0000000000013946                sensors_next
                0x0000000000013963                sensors_changed
                0x0000000000013992                sensors_find
 .text          0x0000000000013ba2      0x134 obj_cooja/mtype43.a(leds.o)
                0x0000000000013bf3                leds_init
                0x0000000000013c07                leds_blink
                0x0000000000013c3f                leds_get
                0x0000000000013c4c                leds_set
                0x0000000000013c66                leds_on
                0x0000000000013c89                leds_off
                0x0000000000013cb3                leds_toggle
 .text          0x0000000000013cd6      0x318 obj_cooja/mtype43.a(dual_conf.o)
                0x0000000000013cd6                dual_radio_switch
                0x0000000000013d16                dual_radio_change
                0x0000000000013d50                sending_in_LR
                0x0000000000013d7b                dual_radio_received
                0x0000000000013db3                radio_received_is_longrange
                0x0000000000013dce                dual_radio_turn_on
                0x0000000000013df1                dual_radio_turn_off
                0x0000000000013fa4                dio_broadcast
                0x0000000000013fcd                dis_broadcast
 .text          0x0000000000013fee       0x8e obj_cooja/mtype43.a(autostart.o)
                0x0000000000013fee                autostart_start
                0x0000000000014039                autostart_exit
 .text          0x000000000001407c      0x334 obj_cooja/mtype43.a(ctimer.o)
                0x0000000000014193                ctimer_init
                0x00000000000141c3                ctimer_set
                0x00000000000141f4                ctimer_set_with_process
                0x0000000000014270                ctimer_reset
                0x00000000000142bf                ctimer_restart
                0x000000000001430e                ctimer_stop
                0x0000000000014359                ctimer_expired
 .text          0x00000000000143b0      0x40b obj_cooja/mtype43.a(etimer.o)
                0x00000000000145c3                etimer_request_poll
                0x0000000000014647                etimer_set
                0x000000000001466c                etimer_reset_with_new_interval
                0x0000000000014693                etimer_reset
                0x00000000000146b1                etimer_restart
                0x00000000000146cf                etimer_adjust
                0x00000000000146eb                etimer_expired
                0x00000000000146fe                etimer_expiration_time
                0x0000000000014710                etimer_start_time
                0x000000000001471a                etimer_pending
                0x000000000001472c                etimer_next_expiration_time
                0x0000000000014746                etimer_stop
 .text          0x00000000000147bb      0x220 obj_cooja/mtype43.a(log_message.o)
                0x00000000000147bb                log_initialization
                0x00000000000149ba                log_finisher
 .text          0x00000000000149db      0x560 obj_cooja/mtype43.a(process.o)
                0x00000000000149db                process_alloc_event
                0x00000000000149f0                process_start
                0x0000000000014bd9                process_exit
                0x0000000000014bf5                process_init
                0x0000000000014dc6                process_run
                0x0000000000014df9                process_nevents
                0x0000000000014e14                process_post
                0x0000000000014ec0                process_post_synch
                0x0000000000014ef8                process_poll
                0x0000000000014f27                process_is_running
 .text          0x0000000000014f3b       0xd3 obj_cooja/mtype43.a(residual.o)
                0x0000000000014f3b                get_residual_energy
 .text          0x000000000001500e       0xba obj_cooja/mtype43.a(rtimer.o)
                0x000000000001500e                rtimer_init
                0x000000000001501b                rtimer_set
                0x0000000000015072                rtimer_run_next
 .text          0x00000000000150c8       0xa3 obj_cooja/mtype43.a(stimer.o)
                0x00000000000150c8                stimer_set
                0x00000000000150e3                stimer_reset
                0x00000000000150fa                stimer_restart
                0x000000000001510c                stimer_expired
                0x0000000000015133                stimer_remaining
                0x0000000000015157                stimer_elapsed
 .text          0x000000000001516b       0x91 obj_cooja/mtype43.a(timer.o)
                0x000000000001516b                timer_set
                0x0000000000015186                timer_reset
                0x000000000001519d                timer_restart
                0x00000000000151af                timer_expired
                0x00000000000151d8                timer_remaining
 .text          0x00000000000151fc      0x1fb obj_cooja/mtype43.a(serial-line.o)
                0x00000000000151fc                serial_line_input_byte
                0x00000000000153bf                serial_line_init
 .text          0x00000000000153f7      0x244 obj_cooja/mtype43.a(list.o)
                0x00000000000153f7                list_init
                0x0000000000015405                list_head
                0x000000000001540f                list_copy
                0x000000000001541e                list_tail
                0x0000000000015454                list_add
                0x000000000001549d                list_push
                0x00000000000154c9                list_chop
                0x0000000000015533                list_pop
                0x000000000001555b                list_remove
                0x00000000000155c2                list_length
                0x00000000000155f0                list_insert
                0x0000000000015624                list_item_next
 .text          0x000000000001563b      0x155 obj_cooja/mtype43.a(ringbuf.o)
                0x000000000001563b                ringbuf_init
                0x000000000001566c                ringbuf_put
                0x00000000000156ea                ringbuf_get
                0x0000000000015757                ringbuf_size
                0x0000000000015769                ringbuf_elements
 .text          0x0000000000015790     0x2c8c obj_cooja/mtype43.a(sicslowpan.o)
                0x0000000000015d90                rime_sniffer_add
                0x0000000000015d9d                rime_sniffer_remove
                0x00000000000183bb                sicslowpan_init
                0x0000000000018412                sicslowpan_get_last_rssi
 .text          0x000000000001841c      0x2d9 obj_cooja/mtype43.a(uip-ds6-nbr.o)
                0x0000000000018439                uip_ds6_neighbors_init
                0x0000000000018456                uip_ds6_nbr_add
                0x0000000000018504                uip_ds6_nbr_rm
                0x0000000000018561                uip_ds6_nbr_get_ipaddr
                0x0000000000018576                uip_ds6_nbr_get_ll
                0x0000000000018592                uip_ds6_nbr_num
                0x00000000000185d7                uip_ds6_nbr_lookup
                0x000000000001863c                uip_ds6_nbr_ll_lookup
                0x0000000000018658                uip_ds6_nbr_ipaddr_from_lladdr
                0x000000000001867e                uip_ds6_nbr_lladdr_from_ipaddr
                0x00000000000186ac                uip_ds6_link_neighbor_callback
 .text          0x00000000000186f5      0x916 obj_cooja/mtype43.a(uip-ds6-route.o)
                0x000000000001876c                uip_ds6_notification_add
                0x000000000001879d                uip_ds6_notification_rm
                0x00000000000187b9                uip_ds6_route_init
                0x0000000000018841                uip_ds6_route_nexthop
                0x0000000000018869                uip_ds6_route_head
                0x000000000001887e                uip_ds6_route_next
                0x00000000000188a4                uip_ds6_route_is_nexthop
                0x00000000000188e3                uip_ds6_route_num_routes
                0x00000000000188ed                uip_ds6_route_lookup
                0x00000000000189af                uip_ds6_route_add
                0x0000000000018be3                uip_ds6_route_rm
                0x0000000000018d77                uip_ds6_route_rm_by_nexthop
                0x0000000000018daf                uip_ds6_defrt_add
                0x0000000000018e60                uip_ds6_defrt_rm
                0x0000000000018edf                uip_ds6_defrt_lookup
                0x0000000000018f38                uip_ds6_defrt_choose
                0x0000000000018fa3                uip_ds6_defrt_periodic
 .text          0x000000000001900b     0x1c19 obj_cooja/mtype43.a(uip-ds6.o)
                0x000000000001900b                uip_ds6_init
                0x0000000000019360                uip_ds6_periodic
                0x0000000000019438                uip_ds6_list_loop
                0x00000000000194df                uip_ds6_prefix_add
                0x000000000001959d                uip_ds6_prefix_rm
                0x00000000000195af                uip_ds6_prefix_lookup
                0x0000000000019600                uip_ds6_is_addr_onlink
                0x0000000000019674                uip_ds6_addr_add
                0x00000000000197a2                uip_ds6_long_addr_add
                0x0000000000019c97                uip_ds6_addr_rm
                0x0000000000019d37                uip_ds6_addr_lookup
                0x0000000000019d82                uip_ds6_long_addr_lookup
                0x0000000000019dcd                uip_ds6_get_link_local
                0x0000000000019e4c                uip_ds6_long_get_link_local
                0x0000000000019ecb                uip_ds6_get_global
                0x0000000000019f4a                uip_ds6_long_get_global
                0x0000000000019fc9                uip_ds6_maddr_add
                0x000000000001a03b                uip_ds6_long_maddr_add
                0x000000000001a0ad                uip_ds6_maddr_rm
                0x000000000001a0bf                uip_ds6_maddr_lookup
                0x000000000001a10a                uip_ds6_long_maddr_lookup
                0x000000000001a155                uip_ds6_aaddr_add
                0x000000000001a1c7                uip_ds6_long_aaddr_add
                0x000000000001a239                uip_ds6_aaddr_rm
                0x000000000001a24b                uip_ds6_aaddr_lookup
                0x000000000001a296                uip_ds6_long_aaddr_lookup
                0x000000000001a2e1                uip_ds6_select_src
                0x000000000001ab0f                uip_ds6_set_addr_iid
                0x000000000001ab46                get_match_length
                0x000000000001abd8                uip_ds6_compute_reachable_time
 .text          0x000000000001ac24     0x2ccc obj_cooja/mtype43.a(uip6.o)
                0x000000000001ac24                uip_add32
                0x000000000001adbd                uip_chksum
                0x000000000001aed3                uip_icmp6chksum
                0x000000000001aee7                uip_tcpchksum
                0x000000000001aefb                uip_init
                0x000000000001afcb                uip_connect
                0x000000000001b17a                remove_ext_hdr
                0x000000000001b283                uip_udp_new
                0x000000000001b3df                uip_unlisten
                0x000000000001b43f                uip_listen
                0x000000000001b765                uip_process
                0x000000000001d7e4                uip_htons
                0x000000000001d806                uip_htonl
                0x000000000001d846                uip_send
 .text          0x000000000001d8f0      0xb4f obj_cooja/mtype43.a(tcpip.o)
                0x000000000001d8f0                tcpip_output
                0x000000000001d92b                tcpip_set_outputfunc
                0x000000000001d9bf                tcp_connect
                0x000000000001da14                tcp_unlisten
                0x000000000001da6f                tcp_listen
                0x000000000001dac8                tcp_attach
                0x000000000001daed                udp_attach
                0x000000000001db12                udp_new
                0x000000000001db64                udp_broadcast_new
                0x000000000001ddd8                tcpip_input
                0x000000000001de0c                tcpip_ipv6_output
                0x000000000001e27b                tcpip_poll_udp
                0x000000000001e29e                tcpip_poll_tcp
                0x000000000001e2c1                tcpip_uipcall
 .text          0x000000000001e43f      0x1c1 obj_cooja/mtype43.a(uip-debug.o)
                0x000000000001e43f                uip_debug_ipaddr_print
                0x000000000001e5a1                uip_debug_lladdr_print
 .text          0x000000000001e600      0x141 obj_cooja/mtype43.a(uip-packetqueue)
                0x000000000001e62c                uip_packetqueue_new
                0x000000000001e63a                uip_packetqueue_alloc
                0x000000000001e69a                uip_packetqueue_free
                0x000000000001e6db                uip_packetqueue_buf
                0x000000000001e6f8                uip_packetqueue_buflen
                0x000000000001e719                uip_packetqueue_set_buflen
 .text          0x000000000001e741      0x131 obj_cooja/mtype43.a(uip-udp-packet.)
                0x000000000001e741                uip_udp_packet_send
                0x000000000001e7a1                uip_udp_packet_sendto
 .text          0x000000000001e872     0x258c obj_cooja/mtype43.a(rpl-dag.o)
                0x000000000001e872                rpl_print_neighbor_list
                0x000000000001e8d9                rpl_print_child_neighbor_list
                0x000000000001e940                rpl_get_nbr
                0x000000000001e99a                rpl_get_nbr_child
                0x000000000001e9f4                rpl_dag_init
                0x000000000001ea26                rpl_get_parent
                0x000000000001ea48                rpl_get_parent_rank
                0x000000000001ea7b                rpl_get_parent_link_metric
                0x000000000001eaae                rpl_get_parent_ipaddr
                0x000000000001ead8                rpl_get_child_ipaddr
                0x000000000001ede2                rpl_set_root
                0x000000000001f010                rpl_repair_root
                0x000000000001f24c                rpl_set_prefix
                0x000000000001f34b                rpl_set_default_route
                0x000000000001f3d7                rpl_alloc_instance
                0x000000000001f45f                rpl_alloc_dag
                0x000000000001f512                rpl_set_default_instance
                0x000000000001f51f                rpl_get_default_instance
                0x000000000001f529                rpl_free_instance
                0x000000000001f5ca                rpl_free_dag
                0x000000000001f630                rpl_add_parent
                0x000000000001f719                rpl_find_parent
                0x000000000001f749                rpl_add_child
                0x000000000001f7ed                rpl_find_child
                0x000000000001f83b                rpl_find_parent_any_dag
                0x000000000001f877                rpl_select_dag
                0x000000000001fca7                rpl_select_parent
                0x000000000001fd09                rpl_remove_parent
                0x000000000001fd3f                rpl_remove_child
                0x000000000001fd5b                rpl_nullify_parent
                0x000000000001fdf9                rpl_move_parent
                0x000000000001fe96                rpl_has_downward_route
                0x000000000001fee9                rpl_get_any_dag
                0x000000000001ff4b                rpl_get_instance
                0x000000000001ffae                rpl_find_of
                0x000000000001ffeb                rpl_join_instance
                0x0000000000020287                rpl_add_dag
                0x0000000000020676                rpl_local_repair
                0x000000000002074f                rpl_recalculate_ranks
                0x00000000000207d5                rpl_process_parent_event
                0x0000000000020887                rpl_process_dio
 .text          0x0000000000020dfe      0xbf3 obj_cooja/mtype43.a(rpl-ext-header.)
                0x0000000000020e1b                rpl_verify_header
                0x0000000000021295                rpl_update_header_empty
                0x00000000000215ac                rpl_update_header_final
                0x000000000002173b                rpl_remove_header
                0x0000000000021845                rpl_invert_header
                0x00000000000219cf                rpl_insert_header
 .text          0x00000000000219f1     0x22fb obj_cooja/mtype43.a(rpl-icmp6.o)
                0x0000000000021cba                rpl_icmp6_update_nbr_table
                0x0000000000021daa                dis_output
                0x00000000000226e2                dio_output
                0x0000000000023857                dao_output
                0x000000000002391f                dao_output_target
                0x0000000000023ca0                dao_ack_output
                0x0000000000023cb4                rpl_icmp6_register_handlers
 .text          0x0000000000023cec      0x3b5 obj_cooja/mtype43.a(rpl-ltmax.o)
 .text          0x00000000000240a1      0x59d obj_cooja/mtype43.a(rpl-timers.o)
                0x00000000000242e7                rpl_reset_periodic_timer
                0x000000000002433c                rpl_reset_dio_timer
                0x0000000000024576                rpl_schedule_dao
                0x0000000000024591                rpl_schedule_dao_immediately
                0x00000000000245ac                rpl_cancel_dao
                0x000000000002460e                rpl_schedule_unicast_dio_immediately
 .text          0x000000000002463e      0x5c5 obj_cooja/mtype43.a(rpl.o)
                0x000000000002463e                rpl_get_mode
                0x0000000000024648                rpl_set_mode
                0x00000000000246d6                rpl_purge_routes
                0x00000000000247d0                rpl_remove_routes
                0x0000000000024816                rpl_remove_routes_by_nexthop
                0x0000000000024882                rpl_add_route
                0x00000000000248fd                rpl_link_neighbor_callback
                0x0000000000024a02                rpl_ipv6_neighbor_callback
                0x0000000000024a71                rpl_purge_dags
                0x0000000000024b7d                rpl_init
 .text          0x0000000000024c03      0x8c3 obj_cooja/mtype43.a(csma.o)
 .text          0x00000000000254c6      0x3f5 obj_cooja/mtype43.a(framer-802154.o)
 .text          0x00000000000258bb       0x3c obj_cooja/mtype43.a(mac.o)
                0x00000000000258bb                mac_call_sent_callback
 .text          0x00000000000258f7     0x10e9 obj_cooja/mtype43.a(cxmac.o)
                0x0000000000026930                cxmac_set_announcement_radio_txpower
                0x0000000000026935                cxmac_init
 .text          0x00000000000269e0       0x82 obj_cooja/mtype43.a(linkaddr.o)
                0x00000000000269e0                linkaddr_copy
                0x0000000000026a02                linkaddr_cmp
                0x0000000000026a2c                linkaddr_set_node_addr
                0x0000000000026a47                linkaddr_set_node_long_addr
 .text          0x0000000000026a62      0x919 obj_cooja/mtype43.a(nbr-table.o)
                0x0000000000026a62                long_ip_from_lladdr_map
                0x0000000000026aef                lladdr_map_add_lr
                0x0000000000026bac                lladdr_map_rm_lr
                0x0000000000027071                nbr_table_register
                0x00000000000270b9                nbr_table_head
                0x0000000000027115                nbr_table_next
                0x000000000002717c                nbr_table_add_lladdr
                0x0000000000027258                nbr_table_get_from_lladdr
                0x00000000000272a5                nbr_table_remove
                0x00000000000272f7                nbr_table_lock
                0x0000000000027321                nbr_table_unlock
                0x000000000002734b                nbr_table_get_lladdr
 .text          0x000000000002737b       0x2b obj_cooja/mtype43.a(netstack.o)
                0x000000000002737b                netstack_init
 .text          0x00000000000273a6      0x3cd obj_cooja/mtype43.a(packetbuf.o)
                0x00000000000273a6                packetbuf_clear
                0x00000000000273d0                packetbuf_copyfrom
                0x0000000000027422                packetbuf_compact
                0x000000000002749f                packetbuf_copyto
                0x0000000000027536                packetbuf_hdralloc
                0x00000000000275b3                packetbuf_hdrreduce
                0x00000000000275fb                packetbuf_set_datalen
                0x0000000000027614                packetbuf_dataptr
                0x0000000000027631                packetbuf_hdrptr
                0x000000000002763b                packetbuf_datalen
                0x0000000000027647                packetbuf_hdrlen
                0x000000000002765e                packetbuf_totlen
                0x0000000000027674                packetbuf_attr_clear
                0x00000000000276c6                packetbuf_attr_copyto
                0x000000000002770f                packetbuf_attr_copyfrom
                0x0000000000027757                packetbuf_holds_broadcast
 .text          0x0000000000027773      0x2b4 obj_cooja/mtype43.a(queuebuf.o)
                0x000000000002777d                queuebuf_init
                0x000000000002779d                queuebuf_numfree
                0x00000000000277b1                queuebuf_new_from_packetbuf
                0x0000000000027841                queuebuf_update_attr_from_packetbuf
                0x0000000000027874                queuebuf_update_from_packetbuf
                0x00000000000278be                queuebuf_free
                0x0000000000027905                queuebuf_to_packetbuf
                0x000000000002796b                queuebuf_dataptr
                0x00000000000279a2                queuebuf_datalen
                0x00000000000279c5                queuebuf_addr
                0x00000000000279f7                queuebuf_attr
                0x0000000000027a22                queuebuf_debug_print
 .text          0x0000000000027a27       0x6e obj_cooja/mtype43.a(nullsec.o)
 .text          0x0000000000027a95       0x19 obj_cooja/mtype43.a(watchdog.o)
                0x0000000000027a95                watchdog_init
                0x0000000000027a9a                watchdog_start
                0x0000000000027a9f                watchdog_periodic
                0x0000000000027aa4                watchdog_stop
                0x0000000000027aa9                watchdog_reboot
 .text          0x0000000000027aae        0x0 obj_cooja/mtype43.a(rimestats.o)
 .text          0x0000000000027aae      0x1c1 obj_cooja/mtype43.a(memb.o)
                0x0000000000027aae                memb_init
                0x0000000000027b0c                memb_alloc
                0x0000000000027b71                memb_free
                0x0000000000027bec                memb_inmemb
                0x0000000000027c2b                memb_numfree
 .text          0x0000000000027c6f      0xabf obj_cooja/mtype43.a(uip-icmp6.o)
                0x0000000000027cdd                uip_icmp6_input
                0x0000000000027d33                uip_icmp6_register_input_handler
                0x0000000000027ffb                uip_icmp6_error_output
                0x0000000000028340                uip_icmp6_send
                0x00000000000286c1                uip_icmp6_echo_reply_callback_add
                0x00000000000286f2                uip_icmp6_echo_reply_callback_rm
                0x000000000002870e                uip_icmp6_init
 .text          0x000000000002872e      0x358 obj_cooja/mtype43.a(uip-nd6.o)
                0x0000000000028782                uip_nd6_ns_output
                0x0000000000028a81                uip_nd6_init
 .text          0x0000000000028a86      0x331 obj_cooja/mtype43.a(rpl-nbr-policy.)
                0x0000000000028c5e                find_removable_dis
                0x0000000000028c81                find_removable_dio
                0x0000000000028d10                find_removable_dao
                0x0000000000028d60                rpl_nbr_policy_find_removable
 .text          0x0000000000028db7      0x97c obj_cooja/mtype43.a(frame802154.o)
                0x0000000000028de8                frame802154_get_pan_id
                0x0000000000028df4                frame802154_set_pan_id
                0x0000000000028e0d                frame802154_has_panid
                0x0000000000028ef9                frame802154_check_dest_panid
                0x0000000000028f61                frame802154_is_broadcast_addr
                0x0000000000028fae                frame802154_extract_linkaddr
                0x00000000000291ee                frame802154_hdrlen
                0x000000000002923f                frame802154_create
                0x000000000002942a                frame802154_parse
 .text          0x0000000000029733        0x0 /usr/lib/gcc/i686-linux-gnu/4.8/crtendS.o
 .text          0x0000000000029733        0x0 /usr/lib/gcc/i686-linux-gnu/4.8/../../../i386-linux-gnu/crtn.o
 *(.gnu.warning)

.fini           0x0000000000029734       0x14
 *(SORT(.fini))
 .fini          0x0000000000029734        0xf /usr/lib/gcc/i686-linux-gnu/4.8/../../../i386-linux-gnu/crti.o
                0x0000000000029734                _fini
 .fini          0x0000000000029743        0x5 /usr/lib/gcc/i686-linux-gnu/4.8/../../../i386-linux-gnu/crtn.o
                0x0000000000029748                PROVIDE (__etext, .)
                0x0000000000029748                PROVIDE (_etext, .)
                0x0000000000029748                PROVIDE (etext, .)

.rodata         0x0000000000029760     0x1c60
 *(.rodata .rodata.* .gnu.linkonce.r.*)
 .rodata        0x0000000000029760      0x456 udp-client.co
                0x0000000000029774                autostart_processes
 *fill*         0x0000000000029bb6        0x2 
 .rodata        0x0000000000029bb8      0x1e6 obj_cooja/mtype43.o
 *fill*         0x0000000000029d9e        0x2 
 .rodata        0x0000000000029da0        0x8 obj_cooja/mtype43.a(beep.o)
                0x0000000000029da0                beep_interface
 .rodata        0x0000000000029da8       0x20 obj_cooja/mtype43.a(button-sensor.o)
                0x0000000000029da8                button_interface
                0x0000000000029db8                button_sensor
 .rodata        0x0000000000029dc8        0x8 obj_cooja/mtype43.a(leds-arch.o)
                0x0000000000029dc8                leds_interface
 .rodata        0x0000000000029dd0        0x8 obj_cooja/mtype43.a(moteid.o)
                0x0000000000029dd0                moteid_interface
 .rodata        0x0000000000029dd8       0x1c obj_cooja/mtype43.a(pir-sensor.o)
                0x0000000000029dd8                pir_interface
                0x0000000000029de4                pir_sensor
 .rodata        0x0000000000029df4        0xe obj_cooja/mtype43.a(rs232.o)
                0x0000000000029df4                rs232_interface
 *fill*         0x0000000000029e02        0x2 
 .rodata        0x0000000000029e04       0x24 obj_cooja/mtype43.a(vib-sensor.o)
                0x0000000000029e04                vib_interface
                0x0000000000029e18                vib_sensor
 .rodata        0x0000000000029e28        0x8 obj_cooja/mtype43.a(clock.o)
                0x0000000000029e28                clock_interface
 .rodata        0x0000000000029e30        0x8 obj_cooja/mtype43.a(log.o)
                0x0000000000029e30                simlog_interface
 .rodata        0x0000000000029e38       0x2f obj_cooja/mtype43.a(cfs-cooja.o)
                0x0000000000029e38                cfs_interface
 *fill*         0x0000000000029e67       0x19 
 .rodata        0x0000000000029e80       0x60 obj_cooja/mtype43.a(cooja-radio.o)
                0x0000000000029ea0                cooja_radio_driver
                0x0000000000029ed8                radio_interface
 .rodata        0x0000000000029ee0        0x8 obj_cooja/mtype43.a(eeprom.o)
                0x0000000000029ee0                eeprom_interface
 .rodata        0x0000000000029ee8        0x8 obj_cooja/mtype43.a(sensors.o)
 .rodata        0x0000000000029ef0       0x1c obj_cooja/mtype43.a(dual_conf.o)
 .rodata        0x0000000000029f0c        0xf obj_cooja/mtype43.a(ctimer.o)
 .rodata        0x0000000000029f1b        0xc obj_cooja/mtype43.a(etimer.o)
 *fill*         0x0000000000029f27        0x1 
 .rodata        0x0000000000029f28      0x16d obj_cooja/mtype43.a(log_message.o)
 *fill*         0x000000000002a095        0x3 
 .rodata        0x000000000002a098       0x20 obj_cooja/mtype43.a(residual.o)
                0x000000000002a098                DISSIPATION_RATE
 .rodata        0x000000000002a0b8        0xe obj_cooja/mtype43.a(serial-line.o)
 *fill*         0x000000000002a0c6        0x2 
 .rodata        0x000000000002a0c8      0x924 obj_cooja/mtype43.a(sicslowpan.o)
                0x000000000002a1a1                unc_llconf
                0x000000000002a1a5                unc_ctxconf
                0x000000000002a1a9                unc_mxconf
                0x000000000002a1ad                llprefix
                0x000000000002a9e0                sicslowpan_driver
 .rodata        0x000000000002a9ec       0xcf obj_cooja/mtype43.a(uip-ds6.o)
 *fill*         0x000000000002aabb        0x1 
 .rodata        0x000000000002aabc      0x56c obj_cooja/mtype43.a(uip6.o)
 .rodata        0x000000000002b028       0x46 obj_cooja/mtype43.a(tcpip.o)
 .rodata        0x000000000002b06e       0x3e obj_cooja/mtype43.a(uip-debug.o)
 .rodata        0x000000000002b0ac        0x4 obj_cooja/mtype43.a(rpl-dag.o)
 .rodata        0x000000000002b0b0       0x24 obj_cooja/mtype43.a(csma.o)
                0x000000000002b0b8                csma_driver
 .rodata        0x000000000002b0d4        0xc obj_cooja/mtype43.a(framer-802154.o)
                0x000000000002b0d4                framer_802154
 .rodata        0x000000000002b0e0      0x2c0 obj_cooja/mtype43.a(cxmac.o)
                0x000000000002b380                cxmac_driver
 .rodata        0x000000000002b3a0        0x8 obj_cooja/mtype43.a(linkaddr.o)
                0x000000000002b3a0                linkaddr_null
 .rodata        0x000000000002b3a8       0x18 obj_cooja/mtype43.a(nullsec.o)
                0x000000000002b3b0                nullsec_driver

.rodata1
 *(.rodata1)

.eh_frame_hdr   0x000000000002b3c0     0x140c
 *(.eh_frame_hdr)
 .eh_frame_hdr  0x000000000002b3c0     0x140c udp-client.co

.eh_frame       0x000000000002c7cc     0x51a0
 *(.eh_frame)
 .eh_frame      0x000000000002c7cc       0x3c /usr/lib/gcc/i686-linux-gnu/4.8/../../../i386-linux-gnu/crti.o
                                         0x40 (size before relaxing)
 .eh_frame      0x000000000002c808       0xb4 udp-client.co
                                         0xcc (size before relaxing)
 .eh_frame      0x000000000002c8bc      0x148 obj_cooja/mtype43.o
                                        0x160 (size before relaxing)
 .eh_frame      0x000000000002ca04       0x40 obj_cooja/mtype43.a(simEnvChange.o)
                                         0x58 (size before relaxing)
 .eh_frame      0x000000000002ca44       0xc0 obj_cooja/mtype43.a(cooja_mt.o)
                                         0xd8 (size before relaxing)
 .eh_frame      0x000000000002cb04      0x120 obj_cooja/mtype43.a(cooja_mtarch.o)
                                        0x138 (size before relaxing)
 .eh_frame      0x000000000002cc24       0xc0 obj_cooja/mtype43.a(rtimer-arch.o)
                                         0xd8 (size before relaxing)
 .eh_frame      0x000000000002cce4      0x160 obj_cooja/mtype43.a(beep.o)
                                        0x178 (size before relaxing)
 .eh_frame      0x000000000002ce44       0xa0 obj_cooja/mtype43.a(button-sensor.o)
                                         0xb8 (size before relaxing)
 .eh_frame      0x000000000002cee4       0xa0 obj_cooja/mtype43.a(leds-arch.o)
                                         0xb8 (size before relaxing)
 .eh_frame      0x000000000002cf84       0x40 obj_cooja/mtype43.a(moteid.o)
                                         0x58 (size before relaxing)
 .eh_frame      0x000000000002cfc4       0xa0 obj_cooja/mtype43.a(pir-sensor.o)
                                         0xb8 (size before relaxing)
 .eh_frame      0x000000000002d064      0x100 obj_cooja/mtype43.a(rs232.o)
                                        0x118 (size before relaxing)
 .eh_frame      0x000000000002d164       0xa0 obj_cooja/mtype43.a(vib-sensor.o)
                                         0xb8 (size before relaxing)
 .eh_frame      0x000000000002d204       0xc0 obj_cooja/mtype43.a(clock.o)
                                         0xd8 (size before relaxing)
 .eh_frame      0x000000000002d2c4      0x120 obj_cooja/mtype43.a(log.o)
                                        0x138 (size before relaxing)
 .eh_frame      0x000000000002d3e4      0x160 obj_cooja/mtype43.a(cfs-cooja.o)
                                        0x178 (size before relaxing)
 .eh_frame      0x000000000002d544      0x2e0 obj_cooja/mtype43.a(cooja-radio.o)
                                        0x2f8 (size before relaxing)
 .eh_frame      0x000000000002d824       0xa0 obj_cooja/mtype43.a(eeprom.o)
                                         0xb8 (size before relaxing)
 .eh_frame      0x000000000002d8c4       0x40 obj_cooja/mtype43.a(random.o)
                                         0x58 (size before relaxing)
 .eh_frame      0x000000000002d904       0xc0 obj_cooja/mtype43.a(sensors.o)
                                         0xd8 (size before relaxing)
 .eh_frame      0x000000000002d9c4      0x100 obj_cooja/mtype43.a(leds.o)
                                        0x118 (size before relaxing)
 .eh_frame      0x000000000002dac4      0x160 obj_cooja/mtype43.a(dual_conf.o)
                                        0x178 (size before relaxing)
 .eh_frame      0x000000000002dc24       0x40 obj_cooja/mtype43.a(autostart.o)
                                         0x58 (size before relaxing)
 .eh_frame      0x000000000002dc64      0x100 obj_cooja/mtype43.a(ctimer.o)
                                        0x118 (size before relaxing)
 .eh_frame      0x000000000002dd64      0x1e0 obj_cooja/mtype43.a(etimer.o)
                                        0x1f8 (size before relaxing)
 .eh_frame      0x000000000002df44       0x50 obj_cooja/mtype43.a(log_message.o)
                                         0x68 (size before relaxing)
 .eh_frame      0x000000000002df94      0x1c8 obj_cooja/mtype43.a(process.o)
                                        0x1e0 (size before relaxing)
 .eh_frame      0x000000000002e15c       0x2c obj_cooja/mtype43.a(residual.o)
                                         0x44 (size before relaxing)
 .eh_frame      0x000000000002e188       0x60 obj_cooja/mtype43.a(rtimer.o)
                                         0x78 (size before relaxing)
 .eh_frame      0x000000000002e1e8       0xc4 obj_cooja/mtype43.a(stimer.o)
                                         0xdc (size before relaxing)
 .eh_frame      0x000000000002e2ac       0xa4 obj_cooja/mtype43.a(timer.o)
                                         0xbc (size before relaxing)
 .eh_frame      0x000000000002e350       0x60 obj_cooja/mtype43.a(serial-line.o)
                                         0x78 (size before relaxing)
 .eh_frame      0x000000000002e3b0      0x180 obj_cooja/mtype43.a(list.o)
                                        0x198 (size before relaxing)
 .eh_frame      0x000000000002e530       0xa0 obj_cooja/mtype43.a(ringbuf.o)
                                         0xb8 (size before relaxing)
 .eh_frame      0x000000000002e5d0      0x350 obj_cooja/mtype43.a(sicslowpan.o)
                                        0x368 (size before relaxing)
 .eh_frame      0x000000000002e920      0x180 obj_cooja/mtype43.a(uip-ds6-nbr.o)
                                        0x198 (size before relaxing)
 .eh_frame      0x000000000002eaa0      0x2a0 obj_cooja/mtype43.a(uip-ds6-route.o)
                                        0x2b8 (size before relaxing)
 .eh_frame      0x000000000002ed40      0x3c8 obj_cooja/mtype43.a(uip-ds6.o)
                                        0x3e0 (size before relaxing)
 .eh_frame      0x000000000002f108      0x25c obj_cooja/mtype43.a(uip6.o)
                                        0x274 (size before relaxing)
 .eh_frame      0x000000000002f364      0x270 obj_cooja/mtype43.a(tcpip.o)
                                        0x288 (size before relaxing)
 .eh_frame      0x000000000002f5d4       0x48 obj_cooja/mtype43.a(uip-debug.o)
                                         0x60 (size before relaxing)
 .eh_frame      0x000000000002f61c       0xe0 obj_cooja/mtype43.a(uip-packetqueue)
                                         0xf8 (size before relaxing)
 .eh_frame      0x000000000002f6fc       0x40 obj_cooja/mtype43.a(uip-udp-packet.)
                                         0x58 (size before relaxing)
 .eh_frame      0x000000000002f73c      0x74c obj_cooja/mtype43.a(rpl-dag.o)
                                        0x764 (size before relaxing)
 .eh_frame      0x000000000002fe88      0x10c obj_cooja/mtype43.a(rpl-ext-header.)
                                        0x124 (size before relaxing)
 .eh_frame      0x000000000002ff94      0x2b8 obj_cooja/mtype43.a(rpl-icmp6.o)
                                        0x2d0 (size before relaxing)
 .eh_frame      0x000000000003024c       0xe0 obj_cooja/mtype43.a(rpl-ltmax.o)
                                         0xf8 (size before relaxing)
 .eh_frame      0x000000000003032c      0x1ac obj_cooja/mtype43.a(rpl-timers.o)
                                        0x1c4 (size before relaxing)
 .eh_frame      0x00000000000304d8      0x148 obj_cooja/mtype43.a(rpl.o)
                                        0x160 (size before relaxing)
 .eh_frame      0x0000000000030620      0x28c obj_cooja/mtype43.a(csma.o)
                                        0x2a4 (size before relaxing)
 .eh_frame      0x00000000000308ac      0x108 obj_cooja/mtype43.a(framer-802154.o)
                                        0x120 (size before relaxing)
 .eh_frame      0x00000000000309b4       0x20 obj_cooja/mtype43.a(mac.o)
                                         0x38 (size before relaxing)
 .eh_frame      0x00000000000309d4      0x2c0 obj_cooja/mtype43.a(cxmac.o)
                                        0x2d8 (size before relaxing)
 .eh_frame      0x0000000000030c94       0x80 obj_cooja/mtype43.a(linkaddr.o)
                                         0x98 (size before relaxing)
 .eh_frame      0x0000000000030d14      0x2cc obj_cooja/mtype43.a(nbr-table.o)
                                        0x2e4 (size before relaxing)
 .eh_frame      0x0000000000030fe0       0x20 obj_cooja/mtype43.a(netstack.o)
                                         0x38 (size before relaxing)
 .eh_frame      0x0000000000031000      0x214 obj_cooja/mtype43.a(packetbuf.o)
                                        0x22c (size before relaxing)
 .eh_frame      0x0000000000031214      0x1a0 obj_cooja/mtype43.a(queuebuf.o)
                                        0x1b8 (size before relaxing)
 .eh_frame      0x00000000000313b4       0x80 obj_cooja/mtype43.a(nullsec.o)
                                         0x98 (size before relaxing)
 .eh_frame      0x0000000000031434       0xa0 obj_cooja/mtype43.a(watchdog.o)
                                         0xb8 (size before relaxing)
 .eh_frame      0x00000000000314d4       0xa0 obj_cooja/mtype43.a(memb.o)
                                         0xb8 (size before relaxing)
 .eh_frame      0x0000000000031574      0x168 obj_cooja/mtype43.a(uip-icmp6.o)
                                        0x180 (size before relaxing)
 .eh_frame      0x00000000000316dc       0x68 obj_cooja/mtype43.a(uip-nd6.o)
                                         0x80 (size before relaxing)
 .eh_frame      0x0000000000031744       0xc0 obj_cooja/mtype43.a(rpl-nbr-policy.)
                                         0xd8 (size before relaxing)
 .eh_frame      0x0000000000031804      0x164 obj_cooja/mtype43.a(frame802154.o)
                                        0x17c (size before relaxing)
 .eh_frame      0x0000000000031968        0x4 /usr/lib/gcc/i686-linux-gnu/4.8/crtendS.o

.gcc_except_table
 *(.gcc_except_table .gcc_except_table.*)

.exception_ranges
 *(.exception_ranges .exception_ranges*)
                0x000000000003196c                . = (ALIGN (0x1000) - ((0x1000 - .) & 0xfff))
                0x0000000000032ef8                . = DATA_SEGMENT_ALIGN (0x1000, 0x1000)

.eh_frame
 *(.eh_frame)

.gcc_except_table
 *(.gcc_except_table .gcc_except_table.*)

.exception_ranges
 *(.exception_ranges .exception_ranges*)

.tdata
 *(.tdata .tdata.* .gnu.linkonce.td.*)

.tbss
 *(.tbss .tbss.* .gnu.linkonce.tb.*)
 *(.tcommon)

.preinit_array
 *(.preinit_array)

.init_array     0x0000000000032ef8        0x4
 *(SORT(.init_array.*) SORT(.ctors.*))
 *(.init_array EXCLUDE_FILE(*crtend?.o *crtend.o *crtbegin?.o *crtbegin.o) .ctors)
 .init_array    0x0000000000032ef8        0x4 /usr/lib/gcc/i686-linux-gnu/4.8/crtbeginS.o

.fini_array     0x0000000000032efc        0x4
 *(SORT(.fini_array.*) SORT(.dtors.*))
 *(.fini_array EXCLUDE_FILE(*crtend?.o *crtend.o *crtbegin?.o *crtbegin.o) .dtors)
 .fini_array    0x0000000000032efc        0x4 /usr/lib/gcc/i686-linux-gnu/4.8/crtbeginS.o

.ctors
 *crtbegin.o(.ctors)
 *crtbegin?.o(.ctors)
 *(EXCLUDE_FILE(*crtend?.o *crtend.o) .ctors)
 *(SORT(.ctors.*))
 *(.ctors)

.dtors
 *crtbegin.o(.dtors)
 *crtbegin?.o(.dtors)
 *(EXCLUDE_FILE(*crtend?.o *crtend.o) .dtors)
 *(SORT(.dtors.*))
 *(.dtors)

.jcr            0x0000000000032f00        0x4
 *(.jcr)
 .jcr           0x0000000000032f00        0x0 /usr/lib/gcc/i686-linux-gnu/4.8/crtbeginS.o
 .jcr           0x0000000000032f00        0x4 /usr/lib/gcc/i686-linux-gnu/4.8/crtendS.o

.data.rel.ro
 *(.data.rel.ro.local* .gnu.linkonce.d.rel.ro.local.*)
 *(.data.rel.ro .data.rel.ro.* .gnu.linkonce.d.rel.ro.*)

.dynamic        0x0000000000032f04       0xe8
 *(.dynamic)
 .dynamic       0x0000000000032f04       0xe8 /usr/lib/gcc/i686-linux-gnu/4.8/../../../i386-linux-gnu/crti.o
                0x0000000000032f04                _DYNAMIC

.got            0x0000000000032fec       0x14
 *(.got)
 .got           0x0000000000032fec       0x14 /usr/lib/gcc/i686-linux-gnu/4.8/../../../i386-linux-gnu/crti.o
 *(.igot)
                0x0000000000033ff4                . = DATA_SEGMENT_RELRO_END (., (SIZEOF (.got.plt) >= 0xc)?0xc:0x0)

.got.plt        0x0000000000033000       0x14
 *(.got.plt)
 .got.plt       0x0000000000033000       0x14 /usr/lib/gcc/i686-linux-gnu/4.8/../../../i386-linux-gnu/crti.o
                0x0000000000033000                _GLOBAL_OFFSET_TABLE_
 *(.igot.plt)

.data           0x0000000000033020      0x2a2
 *(.data .data.* .gnu.linkonce.d.*)
 .data          0x0000000000033020        0x0 /usr/lib/gcc/i686-linux-gnu/4.8/../../../i386-linux-gnu/crti.o
 .data          0x0000000000033020        0x0 /usr/lib/gcc/i686-linux-gnu/4.8/crtbeginS.o
 .data.rel      0x0000000000033020        0x4 /usr/lib/gcc/i686-linux-gnu/4.8/crtbeginS.o
                0x0000000000033020                __dso_handle
 .data          0x0000000000033024       0x14 udp-client.co
                0x0000000000033028                udp_client_process
 *fill*         0x0000000000033038        0x8 
 .data          0x0000000000033040       0x44 obj_cooja/mtype43.o
                0x0000000000033040                simInterfaces
                0x0000000000033074                sensors
 .data          0x0000000000033084        0x0 obj_cooja/mtype43.a(simEnvChange.o)
 .data          0x0000000000033084        0x0 obj_cooja/mtype43.a(cooja_mt.o)
 .data          0x0000000000033084        0x0 obj_cooja/mtype43.a(cooja_mtarch.o)
 .data          0x0000000000033084        0x0 obj_cooja/mtype43.a(rtimer-arch.o)
 .data          0x0000000000033084        0x0 obj_cooja/mtype43.a(beep.o)
 .data          0x0000000000033084        0x0 obj_cooja/mtype43.a(button-sensor.o)
 .data          0x0000000000033084        0x0 obj_cooja/mtype43.a(leds-arch.o)
 .data          0x0000000000033084        0x0 obj_cooja/mtype43.a(moteid.o)
 .data          0x0000000000033084        0x0 obj_cooja/mtype43.a(pir-sensor.o)
 .data          0x0000000000033084        0x0 obj_cooja/mtype43.a(rs232.o)
 .data          0x0000000000033084        0x0 obj_cooja/mtype43.a(vib-sensor.o)
 .data          0x0000000000033084        0x0 obj_cooja/mtype43.a(clock.o)
 .data          0x0000000000033084        0x0 obj_cooja/mtype43.a(log.o)
 .data          0x0000000000033084        0x0 obj_cooja/mtype43.a(cfs-cooja.o)
 .data          0x0000000000033084       0x40 obj_cooja/mtype43.a(cooja-radio.o)
                0x0000000000033084                simRadioChannelLR
                0x0000000000033088                simRadioHWOnLR
                0x000000000003308c                simSignalStrengthLR
                0x0000000000033090                simLastSignalStrengthLR
                0x0000000000033094                simPowerLR
                0x0000000000033098                simLQILR
                0x000000000003309c                simRadioChannel
                0x00000000000330a0                simRadioHWOn
                0x00000000000330a4                simSignalStrength
                0x00000000000330a8                simLastSignalStrength
                0x00000000000330ac                simPower
                0x00000000000330b0                simLQI
                0x00000000000330b4                cooja_radio_process
 .data          0x00000000000330c4        0x0 obj_cooja/mtype43.a(eeprom.o)
 .data          0x00000000000330c4        0x0 obj_cooja/mtype43.a(random.o)
 .data          0x00000000000330c4       0x10 obj_cooja/mtype43.a(sensors.o)
                0x00000000000330c4                sensors_process
 .data          0x00000000000330d4        0x0 obj_cooja/mtype43.a(leds.o)
 .data          0x00000000000330d4       0x28 obj_cooja/mtype43.a(dual_conf.o)
                0x00000000000330d4                radio_received
                0x00000000000330d8                dual_dio_broadcast
                0x00000000000330e8                dual_dis_broadcast
 .data          0x00000000000330fc        0x0 obj_cooja/mtype43.a(autostart.o)
 .data          0x00000000000330fc       0x14 obj_cooja/mtype43.a(ctimer.o)
                0x0000000000033100                ctimer_process
 .data          0x0000000000033110       0x10 obj_cooja/mtype43.a(etimer.o)
                0x0000000000033110                etimer_process
 .data          0x0000000000033120        0x0 obj_cooja/mtype43.a(log_message.o)
 .data          0x0000000000033120        0x0 obj_cooja/mtype43.a(process.o)
 .data          0x0000000000033120        0x0 obj_cooja/mtype43.a(residual.o)
 .data          0x0000000000033120        0x0 obj_cooja/mtype43.a(rtimer.o)
 .data          0x0000000000033120        0x0 obj_cooja/mtype43.a(stimer.o)
 .data          0x0000000000033120        0x0 obj_cooja/mtype43.a(timer.o)
 .data          0x0000000000033120       0x10 obj_cooja/mtype43.a(serial-line.o)
                0x0000000000033120                serial_line_process
 .data          0x0000000000033130        0x0 obj_cooja/mtype43.a(list.o)
 .data          0x0000000000033130        0x0 obj_cooja/mtype43.a(ringbuf.o)
 .data          0x0000000000033130        0x0 obj_cooja/mtype43.a(sicslowpan.o)
 .data          0x0000000000033130       0x14 obj_cooja/mtype43.a(uip-ds6-nbr.o)
                0x0000000000033140                ds6_neighbors
 .data          0x0000000000033144       0x44 obj_cooja/mtype43.a(uip-ds6-route.o)
                0x0000000000033154                nbr_routes
 .data          0x0000000000033188        0x0 obj_cooja/mtype43.a(uip-ds6.o)
 .data          0x0000000000033188        0x0 obj_cooja/mtype43.a(uip6.o)
 .data          0x0000000000033188       0x10 obj_cooja/mtype43.a(tcpip.o)
                0x0000000000033188                tcpip_process
 .data          0x0000000000033198        0x0 obj_cooja/mtype43.a(uip-debug.o)
 .data          0x0000000000033198        0xc obj_cooja/mtype43.a(uip-packetqueue)
 .data          0x00000000000331a4        0x0 obj_cooja/mtype43.a(uip-udp-packet.)
 .data          0x00000000000331a4       0x28 obj_cooja/mtype43.a(rpl-dag.o)
                0x00000000000331b4                rpl_parents
                0x00000000000331c8                rpl_children
 .data          0x00000000000331cc        0x0 obj_cooja/mtype43.a(rpl-ext-header.)
 .data          0x00000000000331cc       0x34 obj_cooja/mtype43.a(rpl-icmp6.o)
 .data          0x0000000000033200       0x1c obj_cooja/mtype43.a(rpl-ltmax.o)
                0x0000000000033200                rpl_ltmax_of
 .data          0x000000000003321c        0x0 obj_cooja/mtype43.a(rpl-timers.o)
 .data          0x000000000003321c        0x0 obj_cooja/mtype43.a(rpl.o)
 .data          0x000000000003321c       0x28 obj_cooja/mtype43.a(csma.o)
 .data          0x0000000000033244        0x0 obj_cooja/mtype43.a(framer-802154.o)
 .data          0x0000000000033244        0x0 obj_cooja/mtype43.a(mac.o)
 .data          0x0000000000033244       0x30 obj_cooja/mtype43.a(cxmac.o)
                0x0000000000033244                cxmac_config
                0x0000000000033254                strobe_wait
 .data          0x0000000000033274        0x0 obj_cooja/mtype43.a(linkaddr.o)
 .data          0x0000000000033274       0x10 obj_cooja/mtype43.a(nbr-table.o)
 .data          0x0000000000033284        0x0 obj_cooja/mtype43.a(netstack.o)
 .data          0x0000000000033284        0x4 obj_cooja/mtype43.a(packetbuf.o)
 .data          0x0000000000033288       0x18 obj_cooja/mtype43.a(queuebuf.o)
 .data          0x00000000000332a0        0x0 obj_cooja/mtype43.a(nullsec.o)
 .data          0x00000000000332a0        0x0 obj_cooja/mtype43.a(watchdog.o)
 .data          0x00000000000332a0        0x0 obj_cooja/mtype43.a(rimestats.o)
 .data          0x00000000000332a0        0x0 obj_cooja/mtype43.a(memb.o)
 .data          0x00000000000332a0       0x20 obj_cooja/mtype43.a(uip-icmp6.o)
 .data          0x00000000000332c0        0x0 obj_cooja/mtype43.a(uip-nd6.o)
 .data          0x00000000000332c0        0x0 obj_cooja/mtype43.a(rpl-nbr-policy.)
 .data          0x00000000000332c0        0x2 obj_cooja/mtype43.a(frame802154.o)
 .data          0x00000000000332c2        0x0 /usr/lib/gcc/i686-linux-gnu/4.8/crtendS.o
 .data          0x00000000000332c2        0x0 /usr/lib/gcc/i686-linux-gnu/4.8/../../../i386-linux-gnu/crtn.o

.tm_clone_table
                0x00000000000332c4        0x0
 .tm_clone_table
                0x00000000000332c4        0x0 /usr/lib/gcc/i686-linux-gnu/4.8/crtbeginS.o
 .tm_clone_table
                0x00000000000332c4        0x0 /usr/lib/gcc/i686-linux-gnu/4.8/crtendS.o

.data1
 *(.data1)
                0x00000000000332c4                _edata = .
                0x00000000000332c4                PROVIDE (edata, .)
                0x00000000000332c4                . = .
                0x00000000000332c4                __bss_start = .

.bss            0x00000000000332e0     0x9208
 *(.dynbss)
 .dynbss        0x0000000000000000        0x0 /usr/lib/gcc/i686-linux-gnu/4.8/../../../i386-linux-gnu/crti.o
 *(.bss .bss.* .gnu.linkonce.b.*)
 .bss           0x00000000000332e0        0x0 /usr/lib/gcc/i686-linux-gnu/4.8/../../../i386-linux-gnu/crti.o
 .bss           0x00000000000332e0        0x1 /usr/lib/gcc/i686-linux-gnu/4.8/crtbeginS.o
 *fill*         0x00000000000332e1       0x1f 
 .bss           0x0000000000033300       0x60 udp-client.co
                0x0000000000033300                my_weight
 .bss           0x0000000000033360     0x2030 obj_cooja/mtype43.o
 .bss           0x0000000000035390        0x1 obj_cooja/mtype43.a(simEnvChange.o)
                0x0000000000035390                simDontFallAsleep
 *fill*         0x0000000000035391        0x3 
 .bss           0x0000000000035394        0x4 obj_cooja/mtype43.a(cooja_mt.o)
 .bss           0x0000000000035398        0x4 obj_cooja/mtype43.a(cooja_mtarch.o)
 .bss           0x000000000003539c        0xc obj_cooja/mtype43.a(rtimer-arch.o)
 .bss           0x00000000000353a8        0x0 obj_cooja/mtype43.a(beep.o)
 .bss           0x00000000000353a8        0x8 obj_cooja/mtype43.a(button-sensor.o)
 .bss           0x00000000000353b0        0x0 obj_cooja/mtype43.a(leds-arch.o)
 .bss           0x00000000000353b0        0x0 obj_cooja/mtype43.a(moteid.o)
 .bss           0x00000000000353b0        0x1 obj_cooja/mtype43.a(pir-sensor.o)
                0x00000000000353b0                simPirValue
 *fill*         0x00000000000353b1        0x3 
 .bss           0x00000000000353b4        0x4 obj_cooja/mtype43.a(rs232.o)
 .bss           0x00000000000353b8        0x1 obj_cooja/mtype43.a(vib-sensor.o)
                0x00000000000353b8                simVibValue
 .bss           0x00000000000353b9        0x0 obj_cooja/mtype43.a(clock.o)
 *fill*         0x00000000000353b9        0x7 
 .bss           0x00000000000353c0      0x420 obj_cooja/mtype43.a(log.o)
 .bss           0x00000000000357e0      0xfc0 obj_cooja/mtype43.a(cfs-cooja.o)
                0x00000000000357e0                simCFSData
                0x0000000000036780                simCFSSize
                0x0000000000036784                simCFSChanged
                0x0000000000036788                simCFSRead
                0x000000000003678c                simCFSWritten
 .bss           0x00000000000367a0       0x24 obj_cooja/mtype43.a(cooja-radio.o)
                0x00000000000367a0                simReceivingLR
                0x00000000000367a4                simInSizeLR
                0x00000000000367a8                simOutSizeLR
                0x00000000000367ac                simReceiving
                0x00000000000367b0                simInSize
                0x00000000000367b4                simOutSize
                0x00000000000367b8                LongRangeTransmit
                0x00000000000367bc                LongRangeReceiving
 .bss           0x00000000000367c4        0xc obj_cooja/mtype43.a(eeprom.o)
                0x00000000000367c4                simEEPROMChanged
                0x00000000000367c8                simEEPROMRead
                0x00000000000367cc                simEEPROMWritten
 .bss           0x00000000000367d0        0x0 obj_cooja/mtype43.a(random.o)
 .bss           0x00000000000367d0        0xc obj_cooja/mtype43.a(sensors.o)
 .bss           0x00000000000367dc        0x1 obj_cooja/mtype43.a(leds.o)
 *fill*         0x00000000000367dd        0x3 
 .bss           0x00000000000367e0       0x2c obj_cooja/mtype43.a(dual_conf.o)
                0x00000000000367e0                long_range_radio
 .bss           0x000000000003680c        0x0 obj_cooja/mtype43.a(autostart.o)
 .bss           0x000000000003680c        0x5 obj_cooja/mtype43.a(ctimer.o)
 *fill*         0x0000000000036811        0x3 
 .bss           0x0000000000036814        0x8 obj_cooja/mtype43.a(etimer.o)
 .bss           0x000000000003681c        0x0 obj_cooja/mtype43.a(log_message.o)
 *fill*         0x000000000003681c        0x4 
 .bss           0x0000000000036820      0x1b1 obj_cooja/mtype43.a(process.o)
                0x0000000000036820                process_list
                0x0000000000036824                process_current
 .bss           0x00000000000369d1        0x0 obj_cooja/mtype43.a(residual.o)
 *fill*         0x00000000000369d1        0x3 
 .bss           0x00000000000369d4        0x4 obj_cooja/mtype43.a(rtimer.o)
 .bss           0x00000000000369d8        0x0 obj_cooja/mtype43.a(stimer.o)
 .bss           0x00000000000369d8        0x0 obj_cooja/mtype43.a(timer.o)
 *fill*         0x00000000000369d8        0x8 
 .bss           0x00000000000369e0      0x140 obj_cooja/mtype43.a(serial-line.o)
 .bss           0x0000000000036b20        0x0 obj_cooja/mtype43.a(list.o)
 .bss           0x0000000000036b20        0x0 obj_cooja/mtype43.a(ringbuf.o)
 .bss           0x0000000000036b20      0x70c obj_cooja/mtype43.a(sicslowpan.o)
 *fill*         0x000000000003722c       0x14 
 .bss           0x0000000000037240      0x4b0 obj_cooja/mtype43.a(uip-ds6-nbr.o)
 *fill*         0x00000000000376f0       0x10 
 .bss           0x0000000000037700      0x608 obj_cooja/mtype43.a(uip-ds6-route.o)
 .bss           0x0000000000037d08       0x30 obj_cooja/mtype43.a(uip-ds6.o)
 .bss           0x0000000000037d38        0xe obj_cooja/mtype43.a(uip6.o)
                0x0000000000037d38                uip_ext_bitmap
                0x0000000000037d39                uip_ext_len
                0x0000000000037d3a                uip_ext_opt_offset
 *fill*         0x0000000000037d46       0x1a 
 .bss           0x0000000000037d60       0x68 obj_cooja/mtype43.a(tcpip.o)
 .bss           0x0000000000037dc8        0x0 obj_cooja/mtype43.a(uip-debug.o)
 *fill*         0x0000000000037dc8       0x18 
 .bss           0x0000000000037de0      0xcf8 obj_cooja/mtype43.a(uip-packetqueue)
 .bss           0x0000000000038ad8        0x0 obj_cooja/mtype43.a(uip-udp-packet.)
 *fill*         0x0000000000038ad8        0x8 
 .bss           0x0000000000038ae0      0x352 obj_cooja/mtype43.a(rpl-dag.o)
 .bss           0x0000000000038e32        0x0 obj_cooja/mtype43.a(rpl-ext-header.)
 .bss           0x0000000000038e32        0x0 obj_cooja/mtype43.a(rpl-icmp6.o)
 .bss           0x0000000000038e32        0x0 obj_cooja/mtype43.a(rpl-ltmax.o)
 *fill*         0x0000000000038e32        0xe 
 .bss           0x0000000000038e40       0x23 obj_cooja/mtype43.a(rpl-timers.o)
 *fill*         0x0000000000038e63        0x1 
 .bss           0x0000000000038e64        0x4 obj_cooja/mtype43.a(rpl.o)
 *fill*         0x0000000000038e68       0x18 
 .bss           0x0000000000038e80      0x288 obj_cooja/mtype43.a(csma.o)
 .bss           0x0000000000039108        0x2 obj_cooja/mtype43.a(framer-802154.o)
 .bss           0x000000000003910a        0x0 obj_cooja/mtype43.a(mac.o)
 *fill*         0x000000000003910a       0x16 
 .bss           0x0000000000039120       0xb0 obj_cooja/mtype43.a(cxmac.o)
 .bss           0x00000000000391d0        0x0 obj_cooja/mtype43.a(linkaddr.o)
 *fill*         0x00000000000391d0       0x10 
 .bss           0x00000000000391e0      0x35c obj_cooja/mtype43.a(nbr-table.o)
 .bss           0x000000000003953c        0x0 obj_cooja/mtype43.a(netstack.o)
 *fill*         0x000000000003953c        0x4 
 .bss           0x0000000000039540       0xa0 obj_cooja/mtype43.a(packetbuf.o)
 .bss           0x00000000000395e0      0xb80 obj_cooja/mtype43.a(queuebuf.o)
 .bss           0x000000000003a160        0x0 obj_cooja/mtype43.a(nullsec.o)
 .bss           0x000000000003a160        0x0 obj_cooja/mtype43.a(watchdog.o)
 .bss           0x000000000003a160        0x0 obj_cooja/mtype43.a(rimestats.o)
 .bss           0x000000000003a160        0x0 obj_cooja/mtype43.a(memb.o)
 .bss           0x000000000003a160       0x18 obj_cooja/mtype43.a(uip-icmp6.o)
 .bss           0x000000000003a178        0x0 obj_cooja/mtype43.a(uip-nd6.o)
 *fill*         0x000000000003a178        0x8 
 .bss           0x000000000003a180       0x44 obj_cooja/mtype43.a(rpl-nbr-policy.)
 .bss           0x000000000003a1c4        0x0 obj_cooja/mtype43.a(frame802154.o)
 .bss           0x000000000003a1c4        0x0 /usr/lib/gcc/i686-linux-gnu/4.8/crtendS.o
 .bss           0x000000000003a1c4        0x0 /usr/lib/gcc/i686-linux-gnu/4.8/../../../i386-linux-gnu/crtn.o
 *(COMMON)
 COMMON         0x000000000003a1c4       0x6c udp-client.co
                0x000000000003a1c4                dio_count
                0x000000000003a1c8                dis_count
                0x000000000003a1cc                csma_drop_count
                0x000000000003a1d0                tcp_output_count
                0x000000000003a1d4                csma_transmission_count
                0x000000000003a1d8                dao_ack_fwd_count
                0x000000000003a1dc                COOJA_radioRxLong
                0x000000000003a1e0                cxmac_collision_count
                0x000000000003a1e4                cxmac_retransmission_count
                0x000000000003a1e8                control_message_count
                0x000000000003a1ec                dao_count
                0x000000000003a1f0                icmp_count
                0x000000000003a1f4                COOJA_radioTx
                0x000000000003a1f8                cxmac_transmission_count
                0x000000000003a1fc                dao_ack_count
                0x000000000003a200                data_message_count
                0x000000000003a204                my_sink_reachability
                0x000000000003a208                COOJA_radioTxLong
                0x000000000003a20c                COOJA_radioRx
                0x000000000003a210                my_parent_number
                0x000000000003a214                COOJA_radioOn
                0x000000000003a218                LSA_count
                0x000000000003a21c                dao_fwd_count
                0x000000000003a220                COOJA_duration
                0x000000000003a224                dio_ack_count
                0x000000000003a228                COOJA_radioOnLong
                0x000000000003a22c                data_fwd_count
 COMMON         0x000000000003a230        0xc obj_cooja/mtype43.o
                0x000000000003a230                referenceVar
                0x000000000003a234                debugfp
                0x000000000003a238                sensors_flags
 COMMON         0x000000000003a23c        0xc obj_cooja/mtype43.a(simEnvChange.o)
                0x000000000003a23c                simEtimerPending
                0x000000000003a240                simProcessRunValue
                0x000000000003a244                simNextExpirationTime
 COMMON         0x000000000003a248        0x1 obj_cooja/mtype43.a(beep.o)
                0x000000000003a248                simBeeped
 COMMON         0x000000000003a249        0x3 obj_cooja/mtype43.a(button-sensor.o)
                0x000000000003a249                simButtonIsActive
                0x000000000003a24a                simButtonIsDown
                0x000000000003a24b                simButtonChanged
 COMMON         0x000000000003a24c        0x1 obj_cooja/mtype43.a(leds-arch.o)
                0x000000000003a24c                simLedsValue
 *fill*         0x000000000003a24d        0x3 
 COMMON         0x000000000003a250        0xc obj_cooja/mtype43.a(moteid.o)
                0x000000000003a250                simRandomSeed
                0x000000000003a254                simMoteIDChanged
                0x000000000003a258                simMoteID
 COMMON         0x000000000003a25c        0x2 obj_cooja/mtype43.a(pir-sensor.o)
                0x000000000003a25c                simPirIsActive
                0x000000000003a25d                simPirChanged
 *fill*         0x000000000003a25e        0x2 
 COMMON         0x000000000003a260      0x820 obj_cooja/mtype43.a(rs232.o)
                0x000000000003a260                simSerialReceivingFlag
                0x000000000003a264                simSerialReceivingLength
                0x000000000003a280                simSerialReceivingData
 COMMON         0x000000000003aa80        0x2 obj_cooja/mtype43.a(vib-sensor.o)
                0x000000000003aa80                simVibChanged
                0x000000000003aa81                simVibIsActive
 *fill*         0x000000000003aa82        0x2 
 COMMON         0x000000000003aa84        0x4 obj_cooja/mtype43.a(clock.o)
                0x000000000003aa84                simCurrentTime
 *fill*         0x000000000003aa88       0x18 
 COMMON         0x000000000003aaa0      0x420 obj_cooja/mtype43.a(log.o)
                0x000000000003aaa0                simLoggedLength
                0x000000000003aaa4                simLoggedFlag
                0x000000000003aac0                simLoggedData
 COMMON         0x000000000003aec0      0x260 obj_cooja/mtype43.a(cooja-radio.o)
                0x000000000003aec0                simOutDataBuffer
                0x000000000003af40                simRadioTarget
                0x000000000003af60                simInDataBufferLR
                0x000000000003afe0                packet_forwarding
                0x000000000003b000                simOutDataBufferLR
                0x000000000003b080                dual_duty_cycle_count
                0x000000000003b0a0                simInDataBuffer
 COMMON         0x000000000003b120      0x400 obj_cooja/mtype43.a(eeprom.o)
                0x000000000003b120                simEEPROMData
 COMMON         0x000000000003b520        0x1 obj_cooja/mtype43.a(sensors.o)
                0x000000000003b520                sensors_event
 *fill*         0x000000000003b521        0x3 
 COMMON         0x000000000003b524        0x4 obj_cooja/mtype43.a(log_message.o)
                0x000000000003b524                log_fp
 COMMON         0x000000000003b528        0x1 obj_cooja/mtype43.a(serial-line.o)
                0x000000000003b528                serial_line_event_message
 COMMON         0x000000000003b529        0x1 obj_cooja/mtype43.a(sicslowpan.o)
                0x000000000003b529                p
 *fill*         0x000000000003b52a       0x16 
 COMMON         0x000000000003b540      0x1f4 obj_cooja/mtype43.a(uip-ds6-nbr.o)
                0x000000000003b540                ds6_lr_addrmap
 *fill*         0x000000000003b734        0xc 
 COMMON         0x000000000003b740      0x298 obj_cooja/mtype43.a(uip-ds6.o)
                0x000000000003b740                uip_ds6_prefix_list
                0x000000000003b7a0                uip_ds6_timer_periodic
                0x000000000003b7b0                uip_ds6_netif_addr_list_offset
                0x000000000003b7c0                uip_ds6_if
                0x000000000003b8b8                uip_ds6_timer_ra
                0x000000000003b8c0                uip_ds6_addr_size
                0x000000000003b8e0                long_uip_ds6_if
 *fill*         0x000000000003b9d8        0x8 
 COMMON         0x000000000003b9e0      0x8ec obj_cooja/mtype43.a(uip6.o)
                0x000000000003b9e0                uip_slen
                0x000000000003b9e2                uip_acc32
                0x000000000003ba00                uip_conns
                0x000000000003bac0                uip_lladdr
                0x000000000003bac8                uip_appdata
                0x000000000003bacc                uip_flags
                0x000000000003bae0                uip_aligned_buf
                0x000000000003c120                uip_listenports
                0x000000000003c130                uip_len
                0x000000000003c132                uip_long_lladdr
                0x000000000003c13c                uip_sappdata
                0x000000000003c140                uip_udp_conns
                0x000000000003c2c0                uip_udp_conn
                0x000000000003c2c4                uip_next_hdr
                0x000000000003c2c8                uip_conn
 COMMON         0x000000000003c2cc        0x1 obj_cooja/mtype43.a(tcpip.o)
                0x000000000003c2cc                tcpip_event
 *fill*         0x000000000003c2cd       0x13 
 COMMON         0x000000000003c2e0      0x178 obj_cooja/mtype43.a(rpl-dag.o)
                0x000000000003c2e0                default_instance
                0x000000000003c300                instance_table
 COMMON         0x000000000003c458       0x10 obj_cooja/mtype43.a(linkaddr.o)
                0x000000000003c458                linkaddr_node_addr
                0x000000000003c460                long_linkaddr_node_addr
 COMMON         0x000000000003c468       0x2e obj_cooja/mtype43.a(packetbuf.o)
                0x000000000003c468                packetbuf_attrs
                0x000000000003c486                packetbuf_addrs
 *fill*         0x000000000003c496        0xa 
 COMMON         0x000000000003c4a0       0x48 obj_cooja/mtype43.a(rimestats.o)
                0x000000000003c4a0                rimestats
                0x000000000003c4e8                . = ALIGN ((. != 0x0)?0x4:0x1)
                0x000000000003c4e8                . = ALIGN (0x4)
                0x000000000003c4e8                . = SEGMENT_START ("ldata-segment", .)
                0x000000000003c4e8                . = ALIGN (0x4)
                0x000000000003c4e8                _end = .
                0x000000000003c4e8                PROVIDE (end, .)
                0x000000000003c4e8                . = DATA_SEGMENT_END (.)

.stab
 *(.stab)

.stabstr
 *(.stabstr)

.stab.excl
 *(.stab.excl)

.stab.exclstr
 *(.stab.exclstr)

.stab.index
 *(.stab.index)

.stab.indexstr
 *(.stab.indexstr)

.comment        0x0000000000000000       0x29
 *(.comment)
 .comment       0x0000000000000000       0x29 /usr/lib/gcc/i686-linux-gnu/4.8/crtbeginS.o
                                         0x2a (size before relaxing)
 .comment       0x0000000000000000       0x2a udp-client.co
 .comment       0x0000000000000000       0x2a obj_cooja/mtype43.o
 .comment       0x0000000000000000       0x2a obj_cooja/mtype43.a(simEnvChange.o)
 .comment       0x0000000000000000       0x2a obj_cooja/mtype43.a(cooja_mt.o)
 .comment       0x0000000000000000       0x2a obj_cooja/mtype43.a(cooja_mtarch.o)
 .comment       0x0000000000000000       0x2a obj_cooja/mtype43.a(rtimer-arch.o)
 .comment       0x0000000000000000       0x2a obj_cooja/mtype43.a(beep.o)
 .comment       0x0000000000000000       0x2a obj_cooja/mtype43.a(button-sensor.o)
 .comment       0x0000000000000000       0x2a obj_cooja/mtype43.a(leds-arch.o)
 .comment       0x0000000000000000       0x2a obj_cooja/mtype43.a(moteid.o)
 .comment       0x0000000000000000       0x2a obj_cooja/mtype43.a(pir-sensor.o)
 .comment       0x0000000000000000       0x2a obj_cooja/mtype43.a(rs232.o)
 .comment       0x0000000000000000       0x2a obj_cooja/mtype43.a(vib-sensor.o)
 .comment       0x0000000000000000       0x2a obj_cooja/mtype43.a(clock.o)
 .comment       0x0000000000000000       0x2a obj_cooja/mtype43.a(log.o)
 .comment       0x0000000000000000       0x2a obj_cooja/mtype43.a(cfs-cooja.o)
 .comment       0x0000000000000000       0x2a obj_cooja/mtype43.a(cooja-radio.o)
 .comment       0x0000000000000000       0x2a obj_cooja/mtype43.a(eeprom.o)
 .comment       0x0000000000000000       0x2a obj_cooja/mtype43.a(random.o)
 .comment       0x0000000000000000       0x2a obj_cooja/mtype43.a(sensors.o)
 .comment       0x0000000000000000       0x2a obj_cooja/mtype43.a(leds.o)
 .comment       0x0000000000000000       0x2a obj_cooja/mtype43.a(dual_conf.o)
 .comment       0x0000000000000000       0x2a obj_cooja/mtype43.a(autostart.o)
 .comment       0x0000000000000000       0x2a obj_cooja/mtype43.a(ctimer.o)
 .comment       0x0000000000000000       0x2a obj_cooja/mtype43.a(etimer.o)
 .comment       0x0000000000000000       0x2a obj_cooja/mtype43.a(log_message.o)
 .comment       0x0000000000000000       0x2a obj_cooja/mtype43.a(process.o)
 .comment       0x0000000000000000       0x2a obj_cooja/mtype43.a(residual.o)
 .comment       0x0000000000000000       0x2a obj_cooja/mtype43.a(rtimer.o)
 .comment       0x0000000000000000       0x2a obj_cooja/mtype43.a(stimer.o)
 .comment       0x0000000000000000       0x2a obj_cooja/mtype43.a(timer.o)
 .comment       0x0000000000000000       0x2a obj_cooja/mtype43.a(serial-line.o)
 .comment       0x0000000000000000       0x2a obj_cooja/mtype43.a(list.o)
 .comment       0x0000000000000000       0x2a obj_cooja/mtype43.a(ringbuf.o)
 .comment       0x0000000000000000       0x2a obj_cooja/mtype43.a(sicslowpan.o)
 .comment       0x0000000000000000       0x2a obj_cooja/mtype43.a(uip-ds6-nbr.o)
 .comment       0x0000000000000000       0x2a obj_cooja/mtype43.a(uip-ds6-route.o)
 .comment       0x0000000000000000       0x2a obj_cooja/mtype43.a(uip-ds6.o)
 .comment       0x0000000000000000       0x2a obj_cooja/mtype43.a(uip6.o)
 .comment       0x0000000000000000       0x2a obj_cooja/mtype43.a(tcpip.o)
 .comment       0x0000000000000000       0x2a obj_cooja/mtype43.a(uip-debug.o)
 .comment       0x0000000000000000       0x2a obj_cooja/mtype43.a(uip-packetqueue)
 .comment       0x0000000000000000       0x2a obj_cooja/mtype43.a(uip-udp-packet.)
 .comment       0x0000000000000000       0x2a obj_cooja/mtype43.a(rpl-dag.o)
 .comment       0x0000000000000000       0x2a obj_cooja/mtype43.a(rpl-ext-header.)
 .comment       0x0000000000000000       0x2a obj_cooja/mtype43.a(rpl-icmp6.o)
 .comment       0x0000000000000000       0x2a obj_cooja/mtype43.a(rpl-ltmax.o)
 .comment       0x0000000000000000       0x2a obj_cooja/mtype43.a(rpl-timers.o)
 .comment       0x0000000000000000       0x2a obj_cooja/mtype43.a(rpl.o)
 .comment       0x0000000000000000       0x2a obj_cooja/mtype43.a(csma.o)
 .comment       0x0000000000000000       0x2a obj_cooja/mtype43.a(framer-802154.o)
 .comment       0x0000000000000000       0x2a obj_cooja/mtype43.a(mac.o)
 .comment       0x0000000000000000       0x2a obj_cooja/mtype43.a(cxmac.o)
 .comment       0x0000000000000000       0x2a obj_cooja/mtype43.a(linkaddr.o)
 .comment       0x0000000000000000       0x2a obj_cooja/mtype43.a(nbr-table.o)
 .comment       0x0000000000000000       0x2a obj_cooja/mtype43.a(netstack.o)
 .comment       0x0000000000000000       0x2a obj_cooja/mtype43.a(packetbuf.o)
 .comment       0x0000000000000000       0x2a obj_cooja/mtype43.a(queuebuf.o)
 .comment       0x0000000000000000       0x2a obj_cooja/mtype43.a(nullsec.o)
 .comment       0x0000000000000000       0x2a obj_cooja/mtype43.a(watchdog.o)
 .comment       0x0000000000000000       0x2a obj_cooja/mtype43.a(rimestats.o)
 .comment       0x0000000000000000       0x2a obj_cooja/mtype43.a(memb.o)
 .comment       0x0000000000000000       0x2a obj_cooja/mtype43.a(uip-icmp6.o)
 .comment       0x0000000000000000       0x2a obj_cooja/mtype43.a(uip-nd6.o)
 .comment       0x0000000000000000       0x2a obj_cooja/mtype43.a(rpl-nbr-policy.)
 .comment       0x0000000000000000       0x2a obj_cooja/mtype43.a(frame802154.o)
 .comment       0x0000000000000000       0x2a /usr/lib/gcc/i686-linux-gnu/4.8/crtendS.o

.debug
 *(.debug)

.line
 *(.line)

.debug_srcinfo
 *(.debug_srcinfo)

.debug_sfnames
 *(.debug_sfnames)

.debug_aranges  0x0000000000000000      0x838
 *(.debug_aranges)
 .debug_aranges
                0x0000000000000000       0x20 udp-client.co
 .debug_aranges
                0x0000000000000020       0x20 obj_cooja/mtype43.o
 .debug_aranges
                0x0000000000000040       0x20 obj_cooja/mtype43.a(simEnvChange.o)
 .debug_aranges
                0x0000000000000060       0x20 obj_cooja/mtype43.a(cooja_mt.o)
 .debug_aranges
                0x0000000000000080       0x20 obj_cooja/mtype43.a(cooja_mtarch.o)
 .debug_aranges
                0x00000000000000a0       0x20 obj_cooja/mtype43.a(rtimer-arch.o)
 .debug_aranges
                0x00000000000000c0       0x20 obj_cooja/mtype43.a(beep.o)
 .debug_aranges
                0x00000000000000e0       0x20 obj_cooja/mtype43.a(button-sensor.o)
 .debug_aranges
                0x0000000000000100       0x20 obj_cooja/mtype43.a(leds-arch.o)
 .debug_aranges
                0x0000000000000120       0x20 obj_cooja/mtype43.a(moteid.o)
 .debug_aranges
                0x0000000000000140       0x20 obj_cooja/mtype43.a(pir-sensor.o)
 .debug_aranges
                0x0000000000000160       0x20 obj_cooja/mtype43.a(rs232.o)
 .debug_aranges
                0x0000000000000180       0x20 obj_cooja/mtype43.a(vib-sensor.o)
 .debug_aranges
                0x00000000000001a0       0x20 obj_cooja/mtype43.a(clock.o)
 .debug_aranges
                0x00000000000001c0       0x20 obj_cooja/mtype43.a(log.o)
 .debug_aranges
                0x00000000000001e0       0x20 obj_cooja/mtype43.a(cfs-cooja.o)
 .debug_aranges
                0x0000000000000200       0x20 obj_cooja/mtype43.a(cooja-radio.o)
 .debug_aranges
                0x0000000000000220       0x20 obj_cooja/mtype43.a(eeprom.o)
 .debug_aranges
                0x0000000000000240       0x20 obj_cooja/mtype43.a(random.o)
 .debug_aranges
                0x0000000000000260       0x20 obj_cooja/mtype43.a(sensors.o)
 .debug_aranges
                0x0000000000000280       0x20 obj_cooja/mtype43.a(leds.o)
 .debug_aranges
                0x00000000000002a0       0x20 obj_cooja/mtype43.a(dual_conf.o)
 .debug_aranges
                0x00000000000002c0       0x20 obj_cooja/mtype43.a(autostart.o)
 .debug_aranges
                0x00000000000002e0       0x20 obj_cooja/mtype43.a(ctimer.o)
 .debug_aranges
                0x0000000000000300       0x20 obj_cooja/mtype43.a(etimer.o)
 .debug_aranges
                0x0000000000000320       0x20 obj_cooja/mtype43.a(log_message.o)
 .debug_aranges
                0x0000000000000340       0x20 obj_cooja/mtype43.a(process.o)
 .debug_aranges
                0x0000000000000360       0x20 obj_cooja/mtype43.a(residual.o)
 .debug_aranges
                0x0000000000000380       0x20 obj_cooja/mtype43.a(rtimer.o)
 .debug_aranges
                0x00000000000003a0       0x20 obj_cooja/mtype43.a(stimer.o)
 .debug_aranges
                0x00000000000003c0       0x20 obj_cooja/mtype43.a(timer.o)
 .debug_aranges
                0x00000000000003e0       0x20 obj_cooja/mtype43.a(serial-line.o)
 .debug_aranges
                0x0000000000000400       0x20 obj_cooja/mtype43.a(list.o)
 .debug_aranges
                0x0000000000000420       0x20 obj_cooja/mtype43.a(ringbuf.o)
 .debug_aranges
                0x0000000000000440       0x20 obj_cooja/mtype43.a(sicslowpan.o)
 .debug_aranges
                0x0000000000000460       0x20 obj_cooja/mtype43.a(uip-ds6-nbr.o)
 .debug_aranges
                0x0000000000000480       0x20 obj_cooja/mtype43.a(uip-ds6-route.o)
 .debug_aranges
                0x00000000000004a0       0x20 obj_cooja/mtype43.a(uip-ds6.o)
 .debug_aranges
                0x00000000000004c0       0x20 obj_cooja/mtype43.a(uip6.o)
 .debug_aranges
                0x00000000000004e0       0x20 obj_cooja/mtype43.a(tcpip.o)
 .debug_aranges
                0x0000000000000500       0x20 obj_cooja/mtype43.a(uip-debug.o)
 .debug_aranges
                0x0000000000000520       0x20 obj_cooja/mtype43.a(uip-packetqueue)
 .debug_aranges
                0x0000000000000540       0x20 obj_cooja/mtype43.a(uip-udp-packet.)
 .debug_aranges
                0x0000000000000560       0x20 obj_cooja/mtype43.a(rpl-dag.o)
 .debug_aranges
                0x0000000000000580       0x20 obj_cooja/mtype43.a(rpl-ext-header.)
 .debug_aranges
                0x00000000000005a0       0x20 obj_cooja/mtype43.a(rpl-icmp6.o)
 .debug_aranges
                0x00000000000005c0       0x20 obj_cooja/mtype43.a(rpl-ltmax.o)
 .debug_aranges
                0x00000000000005e0       0x20 obj_cooja/mtype43.a(rpl-timers.o)
 .debug_aranges
                0x0000000000000600       0x20 obj_cooja/mtype43.a(rpl.o)
 .debug_aranges
                0x0000000000000620       0x20 obj_cooja/mtype43.a(csma.o)
 .debug_aranges
                0x0000000000000640       0x20 obj_cooja/mtype43.a(framer-802154.o)
 .debug_aranges
                0x0000000000000660       0x20 obj_cooja/mtype43.a(mac.o)
 .debug_aranges
                0x0000000000000680       0x20 obj_cooja/mtype43.a(cxmac.o)
 .debug_aranges
                0x00000000000006a0       0x20 obj_cooja/mtype43.a(linkaddr.o)
 .debug_aranges
                0x00000000000006c0       0x20 obj_cooja/mtype43.a(nbr-table.o)
 .debug_aranges
                0x00000000000006e0       0x20 obj_cooja/mtype43.a(netstack.o)
 .debug_aranges
                0x0000000000000700       0x20 obj_cooja/mtype43.a(packetbuf.o)
 .debug_aranges
                0x0000000000000720       0x20 obj_cooja/mtype43.a(queuebuf.o)
 .debug_aranges
                0x0000000000000740       0x20 obj_cooja/mtype43.a(nullsec.o)
 .debug_aranges
                0x0000000000000760       0x20 obj_cooja/mtype43.a(watchdog.o)
 .debug_aranges
                0x0000000000000780       0x18 obj_cooja/mtype43.a(rimestats.o)
 .debug_aranges
                0x0000000000000798       0x20 obj_cooja/mtype43.a(memb.o)
 .debug_aranges
                0x00000000000007b8       0x20 obj_cooja/mtype43.a(uip-icmp6.o)
 .debug_aranges
                0x00000000000007d8       0x20 obj_cooja/mtype43.a(uip-nd6.o)
 .debug_aranges
                0x00000000000007f8       0x20 obj_cooja/mtype43.a(rpl-nbr-policy.)
 .debug_aranges
                0x0000000000000818       0x20 obj_cooja/mtype43.a(frame802154.o)

.debug_pubnames
 *(.debug_pubnames)

.debug_info     0x0000000000000000    0x1e688
 *(.debug_info .gnu.linkonce.wi.*)
 .debug_info    0x0000000000000000     0x1184 udp-client.co
 .debug_info    0x0000000000001184     0x3b8f obj_cooja/mtype43.o
 .debug_info    0x0000000000004d13      0x15a obj_cooja/mtype43.a(simEnvChange.o)
 .debug_info    0x0000000000004e6d      0x1e2 obj_cooja/mtype43.a(cooja_mt.o)
 .debug_info    0x000000000000504f      0x2e7 obj_cooja/mtype43.a(cooja_mtarch.o)
 .debug_info    0x0000000000005336      0x16b obj_cooja/mtype43.a(rtimer-arch.o)
 .debug_info    0x00000000000054a1      0x1f3 obj_cooja/mtype43.a(beep.o)