Archive member included to satisfy reference by file (symbol)

obj_cooja/mtype300.a(simEnvChange.o)
                              obj_cooja/mtype300.o (simDontFallAsleep)
obj_cooja/mtype300.a(cooja_mt.o)
                              obj_cooja/mtype300.o (cooja_mt_start)
obj_cooja/mtype300.a(cooja_mtarch.o)
                              obj_cooja/mtype300.a(cooja_mt.o) (cooja_mtarch_init)
obj_cooja/mtype300.a(rtimer-arch.o)
                              obj_cooja/mtype300.o (rtimer_arch_next)
obj_cooja/mtype300.a(beep.o)  obj_cooja/mtype300.o (beep_interface)
obj_cooja/mtype300.a(button-sensor.o)
                              obj_cooja/mtype300.o (button_interface)
obj_cooja/mtype300.a(leds-arch.o)
                              obj_cooja/mtype300.o (leds_interface)
obj_cooja/mtype300.a(moteid.o)
                              obj_cooja/mtype300.o (moteid_interface)
obj_cooja/mtype300.a(pir-sensor.o)
                              obj_cooja/mtype300.o (pir_interface)
obj_cooja/mtype300.a(rs232.o)
                              obj_cooja/mtype300.o (rs232_interface)
obj_cooja/mtype300.a(vib-sensor.o)
                              obj_cooja/mtype300.o (vib_interface)
obj_cooja/mtype300.a(clock.o)
                              obj_cooja/mtype300.o (clock_interface)
obj_cooja/mtype300.a(log.o)   obj_cooja/mtype300.o (simlog_interface)
obj_cooja/mtype300.a(cfs-cooja.o)
                              obj_cooja/mtype300.o (cfs_interface)
obj_cooja/mtype300.a(cooja-radio.o)
                              obj_cooja/mtype300.o (radio_interface)
obj_cooja/mtype300.a(eeprom.o)
                              obj_cooja/mtype300.o (eeprom_interface)
obj_cooja/mtype300.a(random.o)
                              obj_cooja/mtype300.a(moteid.o) (random_init)
obj_cooja/mtype300.a(sensors.o)
                              udp-server.co (sensors_event)
obj_cooja/mtype300.a(leds.o)  obj_cooja/mtype300.a(cooja-radio.o) (leds_on)
obj_cooja/mtype300.a(dual_conf.o)
                              obj_cooja/mtype300.a(cooja-radio.o) (long_range_radio)
obj_cooja/mtype300.a(autostart.o)
                              obj_cooja/mtype300.o (autostart_start)
obj_cooja/mtype300.a(ctimer.o)
                              obj_cooja/mtype300.o (ctimer_init)
obj_cooja/mtype300.a(etimer.o)
                              obj_cooja/mtype300.o (etimer_process)
obj_cooja/mtype300.a(log_message.o)
                              obj_cooja/mtype300.o (log_initialization)
obj_cooja/mtype300.a(process.o)
                              udp-server.co (process_current)
obj_cooja/mtype300.a(residual.o)
                              obj_cooja/mtype300.o (DISSIPATION_RATE)
obj_cooja/mtype300.a(rtimer.o)
                              obj_cooja/mtype300.a(rtimer-arch.o) (rtimer_run_next)
obj_cooja/mtype300.a(timer.o)
                              obj_cooja/mtype300.a(button-sensor.o) (timer_set)
obj_cooja/mtype300.a(serial-line.o)
                              obj_cooja/mtype300.a(rs232.o) (serial_line_input_byte)
obj_cooja/mtype300.a(list.o)  obj_cooja/mtype300.a(ctimer.o) (list_init)
obj_cooja/mtype300.a(ringbuf.o)
                              obj_cooja/mtype300.a(serial-line.o) (ringbuf_init)
obj_cooja/mtype300.a(sicslowpan.o)
                              obj_cooja/mtype300.o (sicslowpan_driver)
obj_cooja/mtype300.a(uip-ds6-nbr.o)
                              obj_cooja/mtype300.a(sicslowpan.o) (uip_ds6_link_neighbor_callback)
obj_cooja/mtype300.a(uip-ds6.o)
                              udp-server.co (uip_ds6_if)
obj_cooja/mtype300.a(uip6.o)  obj_cooja/mtype300.o (uip_lladdr)
obj_cooja/mtype300.a(tcpip.o)
                              udp-server.co (tcpip_event)
obj_cooja/mtype300.a(uip-debug.o)
                              udp-server.co (uip_debug_ipaddr_print)
obj_cooja/mtype300.a(uip-packetqueue)
                              obj_cooja/mtype300.a(uip-ds6-nbr.o) (uip_packetqueue_new)
obj_cooja/mtype300.a(rpl-dag.o)
                              udp-server.co (rpl_set_root)
obj_cooja/mtype300.a(rpl-ext-header.)
                              obj_cooja/mtype300.a(uip6.o) (rpl_verify_header)
obj_cooja/mtype300.a(rpl-icmp6.o)
                              obj_cooja/mtype300.a(rpl-dag.o) (rpl_icmp6_update_nbr_table)
obj_cooja/mtype300.a(rpl-ltmax.o)
                              obj_cooja/mtype300.a(rpl-dag.o) (rpl_ltmax_of)
obj_cooja/mtype300.a(rpl-timers.o)
                              obj_cooja/mtype300.a(rpl-icmp6.o) (rpl_LSA_convergence_timer)
obj_cooja/mtype300.a(rpl.o)   obj_cooja/mtype300.a(rpl-icmp6.o) (rpl_get_mode)
obj_cooja/mtype300.a(csma.o)  udp-server.co (csma_driver)
obj_cooja/mtype300.a(framer-802154.o)
                              obj_cooja/mtype300.a(sicslowpan.o) (framer_802154)
obj_cooja/mtype300.a(mac.o)   obj_cooja/mtype300.a(csma.o) (mac_call_sent_callback)
obj_cooja/mtype300.a(cxmac.o)
                              obj_cooja/mtype300.o (cxmac_driver)
obj_cooja/mtype300.a(linkaddr.o)
[...]
Memory Configuration

Name             Origin             Length             Attributes
*default*        0x0000000000000000 0xffffffffffffffff

Linker script and memory map

LOAD /usr/lib/gcc/i686-linux-gnu/4.8/../../../i386-linux-gnu/crti.o
LOAD /usr/lib/gcc/i686-linux-gnu/4.8/crtbeginS.o
LOAD udp-server.co
LOAD obj_cooja/mtype300.o
LOAD obj_cooja/mtype300.a
LOAD /usr/lib/gcc/i686-linux-gnu/4.8/libgcc.a
LOAD /usr/lib/gcc/i686-linux-gnu/4.8/libgcc_s.so
LOAD /usr/lib/gcc/i686-linux-gnu/4.8/../../../i386-linux-gnu/libc.so
START GROUP
LOAD /lib/i386-linux-gnu/libc.so.6
LOAD /usr/lib/i386-linux-gnu/libc_nonshared.a
LOAD /lib/i386-linux-gnu/ld-linux.so.2
END GROUP
LOAD /usr/lib/gcc/i686-linux-gnu/4.8/libgcc.a
LOAD /usr/lib/gcc/i686-linux-gnu/4.8/libgcc_s.so
LOAD /usr/lib/gcc/i686-linux-gnu/4.8/crtendS.o
LOAD /usr/lib/gcc/i686-linux-gnu/4.8/../../../i386-linux-gnu/crtn.o
                0x0000000000000114                . = (0x0 + SIZEOF_HEADERS)

.note.gnu.build-id
                0x0000000000000114       0x24
 *(.note.gnu.build-id)
 .note.gnu.build-id
                0x0000000000000114       0x24 /usr/lib/gcc/i686-linux-gnu/4.8/../../../i386-linux-gnu/crti.o

.hash
 *(.hash)

.gnu.hash       0x0000000000000138     0x13b4
 *(.gnu.hash)
 .gnu.hash      0x0000000000000138     0x13b4 /usr/lib/gcc/i686-linux-gnu/4.8/../../../i386-linux-gnu/crti.o

.dynsym         0x00000000000014ec     0x2730
 *(.dynsym)
 .dynsym        0x00000000000014ec     0x2730 /usr/lib/gcc/i686-linux-gnu/4.8/../../../i386-linux-gnu/crti.o

.dynstr         0x0000000000003c1c     0x2855
 *(.dynstr)
 .dynstr        0x0000000000003c1c     0x2855 /usr/lib/gcc/i686-linux-gnu/4.8/../../../i386-linux-gnu/crti.o

.gnu.version    0x0000000000006472      0x4e6
 *(.gnu.version)
 .gnu.version   0x0000000000006472      0x4e6 /usr/lib/gcc/i686-linux-gnu/4.8/../../../i386-linux-gnu/crti.o

.gnu.version_d  0x0000000000006958        0x0
 *(.gnu.version_d)
 .gnu.version_d
                0x0000000000000000        0x0 /usr/lib/gcc/i686-linux-gnu/4.8/../../../i386-linux-gnu/crti.o

.gnu.version_r  0x0000000000006958       0x50
 *(.gnu.version_r)
 .gnu.version_r
                0x0000000000006958       0x50 /usr/lib/gcc/i686-linux-gnu/4.8/../../../i386-linux-gnu/crti.o

.rel.dyn        0x00000000000069a8     0x9780
 *(.rel.init)
 .rel.init      0x0000000000000000        0x0 /usr/lib/gcc/i686-linux-gnu/4.8/../../../i386-linux-gnu/crti.o
 *(.rel.text .rel.text.* .rel.gnu.linkonce.t.*)
 .rel.text      0x00000000000069a8     0x8f90 /usr/lib/gcc/i686-linux-gnu/4.8/../../../i386-linux-gnu/crti.o
 *(.rel.fini)
 .rel.fini      0x0000000000000000        0x0 /usr/lib/gcc/i686-linux-gnu/4.8/../../../i386-linux-gnu/crti.o
 *(.rel.rodata .rel.rodata.* .rel.gnu.linkonce.r.*)
 .rel.rodata    0x000000000000f938      0x4e0 /usr/lib/gcc/i686-linux-gnu/4.8/../../../i386-linux-gnu/crti.o
 *(.rel.data.rel.ro .rel.data.rel.ro.* .rel.gnu.linkonce.d.rel.ro.*)
 *(.rel.data .rel.data.* .rel.gnu.linkonce.d.*)
 .rel.data.rel  0x000000000000fe18        0x8 /usr/lib/gcc/i686-linux-gnu/4.8/../../../i386-linux-gnu/crti.o
 .rel.data      0x000000000000fe20      0x2d0 /usr/lib/gcc/i686-linux-gnu/4.8/../../../i386-linux-gnu/crti.o
 *(.rel.tdata .rel.tdata.* .rel.gnu.linkonce.td.*)
 *(.rel.tbss .rel.tbss.* .rel.gnu.linkonce.tb.*)
 *(.rel.ctors)
 *(.rel.dtors)
 *(.rel.got)
 .rel.got       0x00000000000100f0       0x28 /usr/lib/gcc/i686-linux-gnu/4.8/../../../i386-linux-gnu/crti.o
 *(.rel.bss .rel.bss.* .rel.gnu.linkonce.b.*)
 *(.rel.ifunc)
 .rel.ifunc     0x0000000000000000        0x0 /usr/lib/gcc/i686-linux-gnu/4.8/../../../i386-linux-gnu/crti.o
 .rel.fini_array
                0x0000000000010118        0x8 /usr/lib/gcc/i686-linux-gnu/4.8/../../../i386-linux-gnu/crti.o
 .rel.init_array
                0x0000000000010120        0x8 /usr/lib/gcc/i686-linux-gnu/4.8/../../../i386-linux-gnu/crti.o

.rel.plt        0x0000000000010128       0x10
 *(.rel.plt)
 .rel.plt       0x0000000000010128       0x10 /usr/lib/gcc/i686-linux-gnu/4.8/../../../i386-linux-gnu/crti.o
 *(.rel.iplt)

.init           0x0000000000010138       0x23
 *(SORT(.init))
 .init          0x0000000000010138       0x1e /usr/lib/gcc/i686-linux-gnu/4.8/../../../i386-linux-gnu/crti.o
                0x0000000000010138                _init
 .init          0x0000000000010156        0x5 /usr/lib/gcc/i686-linux-gnu/4.8/../../../i386-linux-gnu/crtn.o

.plt            0x0000000000010160       0x30
 *(.plt)
 .plt           0x0000000000010160       0x30 /usr/lib/gcc/i686-linux-gnu/4.8/../../../i386-linux-gnu/crti.o
 *(.iplt)

.text           0x0000000000010190    0x1721e
 *(.text.unlikely .text.*_unlikely .text.unlikely.*)
 *(.text.exit .text.exit.*)
 *(.text.startup .text.startup.*)
 *(.text.hot .text.hot.*)
 *(.text .stub .text.* .gnu.linkonce.t.*)
 .text          0x0000000000010190        0x0 /usr/lib/gcc/i686-linux-gnu/4.8/../../../i386-linux-gnu/crti.o
 .gnu.linkonce.t.__x86.get_pc_thunk.bx
                0x0000000000010190        0x4 /usr/lib/gcc/i686-linux-gnu/4.8/../../../i386-linux-gnu/crti.o
                0x0000000000010190                __x86.get_pc_thunk.bx
 *fill*         0x0000000000010194        0xc 
 .text          0x00000000000101a0      0x11b /usr/lib/gcc/i686-linux-gnu/4.8/crtbeginS.o
 .text          0x00000000000102bb      0x3ce udp-server.co
 .text          0x0000000000010689      0x96a obj_cooja/mtype300.o
                0x0000000000010837                contiki_init
                0x0000000000010e0a                Java_org_contikios_cooja_corecomm_Lib17_init
                0x0000000000010e4a                Java_org_contikios_cooja_corecomm_Lib17_getMemory
                0x0000000000010e8a                Java_org_contikios_cooja_corecomm_Lib17_setMemory
                0x0000000000010f01                Java_org_contikios_cooja_corecomm_Lib17_tick
                0x0000000000010fe1                Java_org_contikios_cooja_corecomm_Lib17_setReferenceAddress
 .text          0x0000000000010ff3       0x63 obj_cooja/mtype300.a(simEnvChange.o)
                0x0000000000010ff3                doActionsBeforeTick
                0x0000000000011024                doActionsAfterTick
 .text          0x0000000000011056       0xbc obj_cooja/mtype300.a(cooja_mt.o)
                0x0000000000011056                cooja_mt_init
                0x0000000000011063                cooja_mt_remove
                0x0000000000011070                cooja_mt_start
                0x000000000001109d                cooja_mt_exec
                0x00000000000110ce                cooja_mt_exit
                0x00000000000110f0                cooja_mt_yield
 .text          0x0000000000011112      0x115 obj_cooja/mtype300.a(cooja_mtarch.o)
                0x0000000000011112                cooja_mtarch_init
                0x0000000000011117                cooja_mtarch_start
                0x0000000000011192                cooja_sw
                0x00000000000111b4                cooja_mtarch_exec
                0x00000000000111d0                cooja_mtarch_remove
                0x00000000000111d5                cooja_mtarch_yield
                0x00000000000111df                cooja_mtarch_pstop
                0x00000000000111e4                cooja_mtarch_pstart
                0x00000000000111e9                cooja_mtarch_stack_usage
 .text          0x0000000000011227       0xc2 obj_cooja/mtype300.a(rtimer-arch.o)
                0x0000000000011227                rtimer_arch_init
                0x000000000001124a                rtimer_arch_schedule
                0x0000000000011261                rtimer_arch_next
                0x000000000001126b                rtimer_arch_pending
                0x0000000000011275                rtimer_arch_check
                0x00000000000112a7                rtimer_arch_now
 .text          0x00000000000112e9       0x76 obj_cooja/mtype300.a(beep.o)
                0x00000000000112e9                beep_alarm
                0x00000000000112f5                beep_beep
                0x0000000000011301                beep
                0x000000000001130d                beep_down
                0x0000000000011319                beep_on
                0x0000000000011325                beep_off
                0x0000000000011331                beep_spinup
                0x000000000001133d                beep_quick
                0x0000000000011349                beep_long
 .text          0x000000000001135f      0x103 obj_cooja/mtype300.a(button-sensor.o)
 .text          0x0000000000011462       0x45 obj_cooja/mtype300.a(leds-arch.o)
                0x0000000000011462                leds_arch_init
                0x000000000001146e                leds_arch_get
                0x000000000001147a                leds_arch_set
 .text          0x00000000000114a7       0x2f obj_cooja/mtype300.a(moteid.o)
 .text          0x00000000000114d6       0xb1 obj_cooja/mtype300.a(pir-sensor.o)
 .text          0x0000000000011587      0x131 obj_cooja/mtype300.a(rs232.o)
                0x0000000000011587                rs232_init
                0x000000000001158c                rs232_set_speed
                0x000000000001159a                rs232_set_input
                0x00000000000115a7                rs232_send
                0x00000000000115c9                rs232_print
                0x00000000000115e4                slip_arch_writeb
 .text          0x00000000000116b8       0xb1 obj_cooja/mtype300.a(vib-sensor.o)
 .text          0x0000000000011769       0x34 obj_cooja/mtype300.a(clock.o)
                0x0000000000011769                clock_init
                0x000000000001176e                clock_time
                0x0000000000011778                clock_seconds
                0x000000000001178e                clock_delay
 .text          0x000000000001179d      0x1ed obj_cooja/mtype300.a(log.o)
                0x000000000001179d                simlog_char
                0x00000000000117df                simlog
                0x000000000001184c                log_message
                0x0000000000011874                log_set_putchar_with_slip
                0x0000000000011881                log_putchar
                0x0000000000011905                log_puts
                0x0000000000011929                log_printf
 .text          0x000000000001198a      0x2c4 obj_cooja/mtype300.a(cfs-cooja.o)
                0x000000000001198a                cfs_open
                0x00000000000119f3                cfs_close
                0x00000000000119ff                cfs_read
                0x0000000000011a9d                cfs_write
                0x0000000000011b7a                cfs_seek
                0x0000000000011c02                cfs_remove
                0x0000000000011c2b                cfs_opendir
                0x0000000000011c35                cfs_readdir
                0x0000000000011c3f                cfs_closedir
 .text          0x0000000000011c4e      0x69f obj_cooja/mtype300.a(cooja-radio.o)
                0x0000000000011c78                radio_set_channel
                0x0000000000011c8d                radio_set_txpower
                0x0000000000011cad                radio_signal_strength_last
                0x0000000000011cb7                radio_signal_strength_current
                0x0000000000011cc1                radio_LQI
 .text          0x00000000000122ed       0xef obj_cooja/mtype300.a(eeprom.o)
                0x00000000000122ed                eeprom_init
                0x00000000000122f2                eeprom_read
                0x0000000000012362                eeprom_write
 .text          0x00000000000123dc       0x28 obj_cooja/mtype300.a(random.o)
                0x00000000000123dc                random_init
                0x00000000000123f7                random_rand
 .text          0x0000000000012404      0x2a1 obj_cooja/mtype300.a(sensors.o)
                0x000000000001243f                sensors_first
                0x0000000000012449                sensors_next
                0x0000000000012466                sensors_changed
                0x0000000000012495                sensors_find
 .text          0x00000000000126a5      0x134 obj_cooja/mtype300.a(leds.o)
                0x00000000000126f6                leds_init
                0x000000000001270a                leds_blink
                0x0000000000012742                leds_get
                0x000000000001274f                leds_set
                0x0000000000012769                leds_on
                0x000000000001278c                leds_off
                0x00000000000127b6                leds_toggle
 .text          0x00000000000127d9      0x432 obj_cooja/mtype300.a(dual_conf.o)
                0x00000000000127d9                dual_radio_switch
                0x0000000000012819                dual_radio_change
                0x0000000000012853                sending_in_LR
                0x000000000001287e                dual_radio_received
                0x00000000000128b6                radio_received_is_longrange
                0x00000000000128d1                dual_radio_turn_on
                0x00000000000128f4                dual_radio_turn_off
                0x0000000000012b91                dio_broadcast
                0x0000000000012bba                dis_broadcast
                0x0000000000012bdb                LSA_converge_broadcast
 .text          0x0000000000012c0b       0x8e obj_cooja/mtype300.a(autostart.o)
                0x0000000000012c0b                autostart_start
                0x0000000000012c56                autostart_exit
 .text          0x0000000000012c99      0x334 obj_cooja/mtype300.a(ctimer.o)
                0x0000000000012db0                ctimer_init
                0x0000000000012de0                ctimer_set
                0x0000000000012e11                ctimer_set_with_process
                0x0000000000012e8d                ctimer_reset
                0x0000000000012edc                ctimer_restart
                0x0000000000012f2b                ctimer_stop
                0x0000000000012f76                ctimer_expired
 .text          0x0000000000012fcd      0x40b obj_cooja/mtype300.a(etimer.o)
                0x00000000000131e0                etimer_request_poll
                0x0000000000013264                etimer_set
                0x0000000000013289                etimer_reset_with_new_interval
                0x00000000000132b0                etimer_reset
                0x00000000000132ce                etimer_restart
                0x00000000000132ec                etimer_adjust
                0x0000000000013308                etimer_expired
                0x000000000001331b                etimer_expiration_time
                0x000000000001332d                etimer_start_time
                0x0000000000013337                etimer_pending
                0x0000000000013349                etimer_next_expiration_time
                0x0000000000013363                etimer_stop
 .text          0x00000000000133d8      0x240 obj_cooja/mtype300.a(log_message.o)
                0x00000000000133d8                log_initialization
                0x00000000000135f7                log_finisher
 .text          0x0000000000013618      0x560 obj_cooja/mtype300.a(process.o)
                0x0000000000013618                process_alloc_event
                0x000000000001362d                process_start
                0x0000000000013816                process_exit
                0x0000000000013832                process_init
                0x0000000000013a03                process_run
                0x0000000000013a36                process_nevents
                0x0000000000013a51                process_post
                0x0000000000013afd                process_post_synch
                0x0000000000013b35                process_poll
                0x0000000000013b64                process_is_running
 .text          0x0000000000013b78       0xd3 obj_cooja/mtype300.a(residual.o)
                0x0000000000013b78                get_residual_energy
 .text          0x0000000000013c4b       0xba obj_cooja/mtype300.a(rtimer.o)
                0x0000000000013c4b                rtimer_init
                0x0000000000013c58                rtimer_set
                0x0000000000013caf                rtimer_run_next
 .text          0x0000000000013d05       0x91 obj_cooja/mtype300.a(timer.o)
                0x0000000000013d05                timer_set
                0x0000000000013d20                timer_reset
                0x0000000000013d37                timer_restart
                0x0000000000013d49                timer_expired
                0x0000000000013d72                timer_remaining
 .text          0x0000000000013d96      0x1fb obj_cooja/mtype300.a(serial-line.o)
                0x0000000000013d96                serial_line_input_byte
                0x0000000000013f59                serial_line_init
 .text          0x0000000000013f91      0x244 obj_cooja/mtype300.a(list.o)
                0x0000000000013f91                list_init
                0x0000000000013f9f                list_head
                0x0000000000013fa9                list_copy
                0x0000000000013fb8                list_tail
                0x0000000000013fee                list_add
                0x0000000000014037                list_push
                0x0000000000014063                list_chop
                0x00000000000140cd                list_pop
                0x00000000000140f5                list_remove
                0x000000000001415c                list_length
                0x000000000001418a                list_insert
                0x00000000000141be                list_item_next
 .text          0x00000000000141d5      0x155 obj_cooja/mtype300.a(ringbuf.o)
                0x00000000000141d5                ringbuf_init
                0x0000000000014206                ringbuf_put
                0x0000000000014284                ringbuf_get
                0x00000000000142f1                ringbuf_size
                0x0000000000014303                ringbuf_elements
 .text          0x000000000001432a     0x258b obj_cooja/mtype300.a(sicslowpan.o)
                0x00000000000148b4                rime_sniffer_add
                0x00000000000148c1                rime_sniffer_remove
                0x0000000000016854                sicslowpan_init
                0x00000000000168ab                sicslowpan_get_last_rssi
 .text          0x00000000000168b5      0x2dc obj_cooja/mtype300.a(uip-ds6-nbr.o)
                0x00000000000168d2                uip_ds6_neighbors_init
                0x00000000000168ef                uip_ds6_nbr_add
                0x00000000000169a0                uip_ds6_nbr_rm
                0x00000000000169fd                uip_ds6_nbr_get_ipaddr
                0x0000000000016a12                uip_ds6_nbr_get_ll
                0x0000000000016a2e                uip_ds6_nbr_num
                0x0000000000016a73                uip_ds6_nbr_lookup
                0x0000000000016ad8                uip_ds6_nbr_ll_lookup
                0x0000000000016af4                uip_ds6_nbr_ipaddr_from_lladdr
                0x0000000000016b1a                uip_ds6_nbr_lladdr_from_ipaddr
                0x0000000000016b48                uip_ds6_link_neighbor_callback
 .text          0x0000000000016b91     0x12ad obj_cooja/mtype300.a(uip-ds6.o)
                0x0000000000016b91                uip_ds6_init
                0x0000000000016ee6                uip_ds6_periodic
                0x0000000000016fbe                uip_ds6_list_loop
                0x0000000000017065                uip_ds6_prefix_add
                0x0000000000017123                uip_ds6_prefix_rm
                0x0000000000017135                uip_ds6_prefix_lookup
                0x0000000000017186                uip_ds6_is_addr_onlink
                0x00000000000171fa                uip_ds6_addr_add
                0x0000000000017328                uip_ds6_long_addr_add
                0x0000000000017456                uip_ds6_addr_rm
                0x00000000000174f6                uip_ds6_addr_lookup
                0x0000000000017541                uip_ds6_long_addr_lookup
                0x000000000001758c                uip_ds6_get_link_local
                0x000000000001760b                uip_ds6_long_get_link_local
                0x000000000001768a                uip_ds6_get_global
                0x0000000000017709                uip_ds6_long_get_global
                0x0000000000017788                uip_ds6_maddr_add
                0x00000000000177fa                uip_ds6_long_maddr_add
                0x000000000001786c                uip_ds6_maddr_rm
                0x000000000001787e                uip_ds6_maddr_lookup
                0x00000000000178c9                uip_ds6_long_maddr_lookup
                0x0000000000017914                uip_ds6_aaddr_add
                0x0000000000017986                uip_ds6_long_aaddr_add
                0x00000000000179f8                uip_ds6_aaddr_rm
                0x0000000000017a0a                uip_ds6_aaddr_lookup
                0x0000000000017a55                uip_ds6_long_aaddr_lookup
                0x0000000000017aa0                uip_ds6_select_src
                0x0000000000017d29                uip_ds6_set_addr_iid
                0x0000000000017d60                get_match_length
                0x0000000000017df2                uip_ds6_compute_reachable_time
 .text          0x0000000000017e3e     0x2a07 obj_cooja/mtype300.a(uip6.o)
                0x0000000000017e3e                uip_add32
                0x0000000000017fd7                uip_chksum
                0x00000000000180c5                uip_icmp6chksum
                0x00000000000180d9                uip_tcpchksum
                0x00000000000180ed                uip_udpchksum
                0x0000000000018101                uip_init
                0x00000000000181d1                uip_connect
                0x0000000000018380                remove_ext_hdr
                0x0000000000018455                uip_udp_new
                0x00000000000185b1                uip_unlisten
                0x0000000000018611                uip_listen
                0x00000000000188d3                uip_process
                0x000000000001a739                uip_htons
                0x000000000001a75b                uip_htonl
                0x000000000001a79b                uip_send
 .text          0x000000000001a845      0xb80 obj_cooja/mtype300.a(tcpip.o)
                0x000000000001a845                tcpip_output
                0x000000000001a880                tcpip_set_outputfunc
                0x000000000001a914                tcp_connect
                0x000000000001a969                tcp_unlisten
                0x000000000001a9c4                tcp_listen
                0x000000000001aa1d                tcp_attach
                0x000000000001aa42                udp_attach
                0x000000000001aa67                udp_new
                0x000000000001aab9                udp_broadcast_new
                0x000000000001ad2d                tcpip_input
                0x000000000001ad61                tcpip_ipv6_output
                0x000000000001b201                tcpip_poll_udp
                0x000000000001b224                tcpip_poll_tcp
                0x000000000001b247                tcpip_uipcall
 .text          0x000000000001b3c5      0x1c1 obj_cooja/mtype300.a(uip-debug.o)
                0x000000000001b3c5                uip_debug_ipaddr_print
                0x000000000001b527                uip_debug_lladdr_print
 .text          0x000000000001b586      0x141 obj_cooja/mtype300.a(uip-packetqueue)
                0x000000000001b5b2                uip_packetqueue_new
                0x000000000001b5c0                uip_packetqueue_alloc
                0x000000000001b620                uip_packetqueue_free
                0x000000000001b661                uip_packetqueue_buf
                0x000000000001b67e                uip_packetqueue_buflen
                0x000000000001b69f                uip_packetqueue_set_buflen
 .text          0x000000000001b6c7     0x2705 obj_cooja/mtype300.a(rpl-dag.o)
                0x000000000001b6c7                rpl_lr_in_child
                0x000000000001b77f                rpl_print_neighbor_list
                0x000000000001b828                rpl_print_child_neighbor_list
                0x000000000001b89d                rpl_get_nbr
                0x000000000001b8f7                rpl_get_nbr_child
                0x000000000001b951                rpl_dag_init
                0x000000000001b983                rpl_get_parent
                0x000000000001b9a5                rpl_get_parent_rank
                0x000000000001b9d8                rpl_get_parent_link_metric
                0x000000000001ba0b                rpl_get_parent_ipaddr
                0x000000000001ba35                rpl_get_child_ipaddr
                0x000000000001bd50                rpl_set_root
                0x000000000001bf8a                rpl_repair_root
                0x000000000001c1d2                rpl_set_prefix
                0x000000000001c2d1                rpl_set_default_route
                0x000000000001c35d                rpl_alloc_instance
                0x000000000001c3e5                rpl_alloc_dag
                0x000000000001c498                rpl_set_default_instance
                0x000000000001c4a5                rpl_get_default_instance
                0x000000000001c4af                rpl_free_instance
                0x000000000001c550                rpl_free_dag
                0x000000000001c5b6                rpl_add_parent
                0x000000000001c69f                rpl_find_parent
                0x000000000001c6cf                rpl_add_child
                0x000000000001c773                rpl_find_child
                0x000000000001c7c1                rpl_find_parent_any_dag
                0x000000000001c7fd                rpl_select_dag
                0x000000000001cc39                rpl_select_parent
                0x000000000001cc9b                rpl_remove_parent
                0x000000000001ccd1                rpl_remove_child
                0x000000000001cced                rpl_nullify_parent
                0x000000000001cd8b                rpl_move_parent
                0x000000000001ce28                rpl_has_downward_route
                0x000000000001ce7b                rpl_get_any_dag
                0x000000000001cedd                rpl_get_instance
                0x000000000001cf40                rpl_find_of
                0x000000000001cf7d                rpl_join_instance
                0x000000000001d225                rpl_add_dag
                0x000000000001d614                rpl_local_repair
                0x000000000001d6f9                rpl_recalculate_ranks
                0x000000000001d77f                rpl_process_parent_event
                0x000000000001d831                rpl_process_dio
 .text          0x000000000001ddcc      0xc0b obj_cooja/mtype300.a(rpl-ext-header.)
                0x000000000001dde9                rpl_verify_header
                0x000000000001e27b                rpl_update_header_empty
                0x000000000001e592                rpl_update_header_final
                0x000000000001e721                rpl_remove_header
                0x000000000001e82b                rpl_invert_header
                0x000000000001e9b5                rpl_insert_header
 .text          0x000000000001e9d7     0x250e obj_cooja/mtype300.a(rpl-icmp6.o)
                0x000000000001eca0                rpl_icmp6_update_nbr_table
                0x000000000001ed9c                dis_output
                0x000000000001f6e0                dio_output
                0x000000000001ff4b                LSA_converge_output
                0x0000000000020a44                dao_output
                0x0000000000020b0c                dao_output_target
                0x0000000000020e8d                dao_ack_output
                0x0000000000020ea1                rpl_icmp6_register_handlers
 .text          0x0000000000020ee5      0x3df obj_cooja/mtype300.a(rpl-ltmax.o)
 .text          0x00000000000212c4      0x748 obj_cooja/mtype300.a(rpl-timers.o)
                0x00000000000212c4                rpl_LSA_convergence_timer
                0x00000000000213bd                rpl_reset_LSA_convergence_timer
                0x00000000000216b5                rpl_reset_periodic_timer
                0x000000000002170a                rpl_reset_dio_timer
                0x0000000000021944                rpl_schedule_dao
                0x000000000002195f                rpl_schedule_dao_immediately
                0x000000000002197a                rpl_cancel_dao
                0x00000000000219dc                rpl_schedule_unicast_dio_immediately
 .text          0x0000000000021a0c      0x5dc obj_cooja/mtype300.a(rpl.o)
                0x0000000000021a0c                rpl_get_mode
                0x0000000000021a16                rpl_set_mode
                0x0000000000021aa4                rpl_purge_routes
                0x0000000000021b9e                rpl_remove_routes
                0x0000000000021be4                rpl_remove_routes_by_nexthop
                0x0000000000021c50                rpl_add_route
                0x0000000000021ccb                rpl_link_neighbor_callback
                0x0000000000021dd0                rpl_ipv6_neighbor_callback
                0x0000000000021e3f                rpl_purge_dags
                0x0000000000021f4b                rpl_init
 .text          0x0000000000021fe8      0x87b obj_cooja/mtype300.a(csma.o)
 .text          0x0000000000022863      0x3f5 obj_cooja/mtype300.a(framer-802154.o)
 .text          0x0000000000022c58       0x3c obj_cooja/mtype300.a(mac.o)
                0x0000000000022c58                mac_call_sent_callback
 .text          0x0000000000022c94     0x1012 obj_cooja/mtype300.a(cxmac.o)
                0x0000000000023bda                cxmac_set_announcement_radio_txpower
                0x0000000000023bdf                cxmac_init
 .text          0x0000000000023ca6       0x82 obj_cooja/mtype300.a(linkaddr.o)
                0x0000000000023ca6                linkaddr_copy
                0x0000000000023cc8                linkaddr_cmp
                0x0000000000023cf2                linkaddr_set_node_addr
                0x0000000000023d0d                linkaddr_set_node_long_addr
 .text          0x0000000000023d28      0x915 obj_cooja/mtype300.a(nbr-table.o)
                0x0000000000023d28                long_ip_from_lladdr_map
                0x0000000000023db1                lladdr_map_add_lr
                0x0000000000023e6e                lladdr_map_rm_lr
                0x0000000000024333                nbr_table_register
                0x000000000002437b                nbr_table_head
                0x00000000000243d7                nbr_table_next
                0x000000000002443e                nbr_table_add_lladdr
                0x000000000002451a                nbr_table_get_from_lladdr
                0x0000000000024567                nbr_table_remove
                0x00000000000245b9                nbr_table_lock
                0x00000000000245e3                nbr_table_unlock
                0x000000000002460d                nbr_table_get_lladdr
 .text          0x000000000002463d       0x2b obj_cooja/mtype300.a(netstack.o)
                0x000000000002463d                netstack_init
 .text          0x0000000000024668      0x3cd obj_cooja/mtype300.a(packetbuf.o)
                0x0000000000024668                packetbuf_clear
                0x0000000000024692                packetbuf_copyfrom
                0x00000000000246e4                packetbuf_compact
                0x0000000000024761                packetbuf_copyto
                0x00000000000247f8                packetbuf_hdralloc
                0x0000000000024875                packetbuf_hdrreduce
                0x00000000000248bd                packetbuf_set_datalen
                0x00000000000248d6                packetbuf_dataptr
                0x00000000000248f3                packetbuf_hdrptr
                0x00000000000248fd                packetbuf_datalen
                0x0000000000024909                packetbuf_hdrlen
                0x0000000000024920                packetbuf_totlen
                0x0000000000024936                packetbuf_attr_clear
                0x0000000000024988                packetbuf_attr_copyto
                0x00000000000249d1                packetbuf_attr_copyfrom
                0x0000000000024a19                packetbuf_holds_broadcast
 .text          0x0000000000024a35      0x2b4 obj_cooja/mtype300.a(queuebuf.o)
                0x0000000000024a3f                queuebuf_init
                0x0000000000024a5f                queuebuf_numfree
                0x0000000000024a73                queuebuf_new_from_packetbuf
                0x0000000000024b03                queuebuf_update_attr_from_packetbuf
                0x0000000000024b36                queuebuf_update_from_packetbuf
                0x0000000000024b80                queuebuf_free
                0x0000000000024bc7                queuebuf_to_packetbuf
                0x0000000000024c2d                queuebuf_dataptr
                0x0000000000024c64                queuebuf_datalen
                0x0000000000024c87                queuebuf_addr
                0x0000000000024cb9                queuebuf_attr
                0x0000000000024ce4                queuebuf_debug_print
 .text          0x0000000000024ce9       0x6e obj_cooja/mtype300.a(nullsec.o)
 .text          0x0000000000024d57       0x19 obj_cooja/mtype300.a(watchdog.o)
                0x0000000000024d57                watchdog_init
                0x0000000000024d5c                watchdog_start
                0x0000000000024d61                watchdog_periodic
                0x0000000000024d66                watchdog_stop
                0x0000000000024d6b                watchdog_reboot
 .text          0x0000000000024d70        0x0 obj_cooja/mtype300.a(rimestats.o)
 .text          0x0000000000024d70       0xa3 obj_cooja/mtype300.a(stimer.o)
                0x0000000000024d70                stimer_set
                0x0000000000024d8b                stimer_reset
                0x0000000000024da2                stimer_restart
                0x0000000000024db4                stimer_expired
                0x0000000000024ddb                stimer_remaining
                0x0000000000024dff                stimer_elapsed
 .text          0x0000000000024e13      0x1c1 obj_cooja/mtype300.a(memb.o)
                0x0000000000024e13                memb_init
                0x0000000000024e71                memb_alloc
                0x0000000000024ed6                memb_free
                0x0000000000024f51                memb_inmemb
                0x0000000000024f90                memb_numfree
 .text          0x0000000000024fd4      0x916 obj_cooja/mtype300.a(uip-ds6-route.o)
                0x000000000002504b                uip_ds6_notification_add
                0x000000000002507c                uip_ds6_notification_rm
                0x0000000000025098                uip_ds6_route_init
                0x0000000000025120                uip_ds6_route_nexthop
                0x0000000000025148                uip_ds6_route_head
                0x000000000002515d                uip_ds6_route_next
                0x0000000000025183                uip_ds6_route_is_nexthop
                0x00000000000251c2                uip_ds6_route_num_routes
                0x00000000000251cc                uip_ds6_route_lookup
                0x000000000002528e                uip_ds6_route_add
                0x00000000000254c2                uip_ds6_route_rm
                0x0000000000025656                uip_ds6_route_rm_by_nexthop
                0x000000000002568e                uip_ds6_defrt_add
                0x000000000002573f                uip_ds6_defrt_rm
                0x00000000000257be                uip_ds6_defrt_lookup
                0x0000000000025817                uip_ds6_defrt_choose
                0x0000000000025882                uip_ds6_defrt_periodic
 .text          0x00000000000258ea      0xabf obj_cooja/mtype300.a(uip-icmp6.o)
                0x0000000000025958                uip_icmp6_input
                0x00000000000259ae                uip_icmp6_register_input_handler
                0x0000000000025c76                uip_icmp6_error_output
                0x0000000000025fbb                uip_icmp6_send
                0x000000000002633c                uip_icmp6_echo_reply_callback_add
                0x000000000002636d                uip_icmp6_echo_reply_callback_rm
                0x0000000000026389                uip_icmp6_init
 .text          0x00000000000263a9      0x358 obj_cooja/mtype300.a(uip-nd6.o)
                0x00000000000263fd                uip_nd6_ns_output
                0x00000000000266fc                uip_nd6_init
 .text          0x0000000000026701      0x331 obj_cooja/mtype300.a(rpl-nbr-policy.)
                0x00000000000268d9                find_removable_dis
                0x00000000000268fc                find_removable_dio
                0x000000000002698b                find_removable_dao
                0x00000000000269db                rpl_nbr_policy_find_removable
 .text          0x0000000000026a32      0x97c obj_cooja/mtype300.a(frame802154.o)
                0x0000000000026a63                frame802154_get_pan_id
                0x0000000000026a6f                frame802154_set_pan_id
                0x0000000000026a88                frame802154_has_panid
                0x0000000000026b74                frame802154_check_dest_panid
                0x0000000000026bdc                frame802154_is_broadcast_addr
                0x0000000000026c29                frame802154_extract_linkaddr
                0x0000000000026e69                frame802154_hdrlen
                0x0000000000026eba                frame802154_create
                0x00000000000270a5                frame802154_parse
 .text          0x00000000000273ae        0x0 /usr/lib/gcc/i686-linux-gnu/4.8/crtendS.o
 .text          0x00000000000273ae        0x0 /usr/lib/gcc/i686-linux-gnu/4.8/../../../i386-linux-gnu/crtn.o
 *(.gnu.warning)

.fini           0x00000000000273b0       0x14
 *(SORT(.fini))
 .fini          0x00000000000273b0        0xf /usr/lib/gcc/i686-linux-gnu/4.8/../../../i386-linux-gnu/crti.o
                0x00000000000273b0                _fini
 .fini          0x00000000000273bf        0x5 /usr/lib/gcc/i686-linux-gnu/4.8/../../../i386-linux-gnu/crtn.o
                0x00000000000273c4                PROVIDE (__etext, .)
                0x00000000000273c4                PROVIDE (_etext, .)
                0x00000000000273c4                PROVIDE (etext, .)

.rodata         0x00000000000273e0      0xa80
 *(.rodata .rodata.* .gnu.linkonce.r.*)
 .rodata        0x00000000000273e0      0x148 udp-server.co
                0x00000000000273f4                autostart_processes
 .rodata        0x0000000000027528      0x1e6 obj_cooja/mtype300.o
 *fill*         0x000000000002770e        0x2 
 .rodata        0x0000000000027710        0x8 obj_cooja/mtype300.a(beep.o)
                0x0000000000027710                beep_interface
 .rodata        0x0000000000027718       0x20 obj_cooja/mtype300.a(button-sensor.o)
                0x0000000000027718                button_interface
                0x0000000000027728                button_sensor
 .rodata        0x0000000000027738        0x8 obj_cooja/mtype300.a(leds-arch.o)
                0x0000000000027738                leds_interface
 .rodata        0x0000000000027740        0x8 obj_cooja/mtype300.a(moteid.o)
                0x0000000000027740                moteid_interface
 .rodata        0x0000000000027748       0x1c obj_cooja/mtype300.a(pir-sensor.o)
                0x0000000000027748                pir_interface
                0x0000000000027754                pir_sensor
 .rodata        0x0000000000027764        0xe obj_cooja/mtype300.a(rs232.o)
                0x0000000000027764                rs232_interface
 *fill*         0x0000000000027772        0x2 
 .rodata        0x0000000000027774       0x24 obj_cooja/mtype300.a(vib-sensor.o)
                0x0000000000027774                vib_interface
                0x0000000000027788                vib_sensor
 .rodata        0x0000000000027798        0x8 obj_cooja/mtype300.a(clock.o)
                0x0000000000027798                clock_interface
 .rodata        0x00000000000277a0        0x8 obj_cooja/mtype300.a(log.o)
                0x00000000000277a0                simlog_interface
 .rodata        0x00000000000277a8       0x2f obj_cooja/mtype300.a(cfs-cooja.o)
                0x00000000000277a8                cfs_interface
 *fill*         0x00000000000277d7        0x9 
 .rodata        0x00000000000277e0       0x60 obj_cooja/mtype300.a(cooja-radio.o)
                0x0000000000027800                cooja_radio_driver
                0x0000000000027838                radio_interface
 .rodata        0x0000000000027840        0x8 obj_cooja/mtype300.a(eeprom.o)
                0x0000000000027840                eeprom_interface
 .rodata        0x0000000000027848        0x8 obj_cooja/mtype300.a(sensors.o)
 .rodata        0x0000000000027850       0x33 obj_cooja/mtype300.a(dual_conf.o)
 .rodata        0x0000000000027883        0xf obj_cooja/mtype300.a(ctimer.o)
 .rodata        0x0000000000027892        0xc obj_cooja/mtype300.a(etimer.o)
 *fill*         0x000000000002789e        0x2 
 .rodata        0x00000000000278a0      0x1d5 obj_cooja/mtype300.a(log_message.o)
 *fill*         0x0000000000027a75        0x3 
 .rodata        0x0000000000027a78       0x20 obj_cooja/mtype300.a(residual.o)
                0x0000000000027a78                DISSIPATION_RATE
 .rodata        0x0000000000027a98        0xe obj_cooja/mtype300.a(serial-line.o)
 *fill*         0x0000000000027aa6        0x2 
 .rodata        0x0000000000027aa8       0x2c obj_cooja/mtype300.a(sicslowpan.o)
                0x0000000000027aa8                unc_llconf
                0x0000000000027aac                unc_ctxconf
                0x0000000000027ab0                unc_mxconf
                0x0000000000027ab4                llprefix
                0x0000000000027ac8                sicslowpan_driver
 .rodata        0x0000000000027ad4      0x13c obj_cooja/mtype300.a(uip6.o)
 .rodata        0x0000000000027c10       0x49 obj_cooja/mtype300.a(tcpip.o)
 .rodata        0x0000000000027c59       0x3e obj_cooja/mtype300.a(uip-debug.o)
 *fill*         0x0000000000027c97        0x1 
 .rodata        0x0000000000027c98       0x4c obj_cooja/mtype300.a(rpl-dag.o)
 .rodata        0x0000000000027ce4       0x13 obj_cooja/mtype300.a(rpl-ext-header.)
 .rodata        0x0000000000027cf7       0x3a obj_cooja/mtype300.a(rpl-icmp6.o)
 *fill*         0x0000000000027d31        0x3 
 .rodata        0x0000000000027d34       0x8a obj_cooja/mtype300.a(rpl-timers.o)
 *fill*         0x0000000000027dbe        0x2 
 .rodata        0x0000000000027dc0       0x24 obj_cooja/mtype300.a(csma.o)
                0x0000000000027dc8                csma_driver
 .rodata        0x0000000000027de4        0xc obj_cooja/mtype300.a(framer-802154.o)
                0x0000000000027de4                framer_802154
 *fill*         0x0000000000027df0       0x10 
 .rodata        0x0000000000027e00       0x40 obj_cooja/mtype300.a(cxmac.o)
                0x0000000000027e20                cxmac_driver
 .rodata        0x0000000000027e40        0x8 obj_cooja/mtype300.a(linkaddr.o)
                0x0000000000027e40                linkaddr_null
 .rodata        0x0000000000027e48       0x18 obj_cooja/mtype300.a(nullsec.o)
                0x0000000000027e50                nullsec_driver

.rodata1
 *(.rodata1)

.eh_frame_hdr   0x0000000000027e60     0x1434
 *(.eh_frame_hdr)
 .eh_frame_hdr  0x0000000000027e60     0x1434 udp-server.co

.eh_frame       0x0000000000029294     0x5230
 *(.eh_frame)
 .eh_frame      0x0000000000029294       0x3c /usr/lib/gcc/i686-linux-gnu/4.8/../../../i386-linux-gnu/crti.o
                                         0x40 (size before relaxing)
 .eh_frame      0x00000000000292d0       0x68 udp-server.co
                                         0x80 (size before relaxing)
 .eh_frame      0x0000000000029338      0x148 obj_cooja/mtype300.o
                                        0x160 (size before relaxing)
 .eh_frame      0x0000000000029480       0x40 obj_cooja/mtype300.a(simEnvChange.o)
                                         0x58 (size before relaxing)
 .eh_frame      0x00000000000294c0       0xc0 obj_cooja/mtype300.a(cooja_mt.o)
                                         0xd8 (size before relaxing)
 .eh_frame      0x0000000000029580      0x120 obj_cooja/mtype300.a(cooja_mtarch.o)
                                        0x138 (size before relaxing)
 .eh_frame      0x00000000000296a0       0xc0 obj_cooja/mtype300.a(rtimer-arch.o)
                                         0xd8 (size before relaxing)
 .eh_frame      0x0000000000029760      0x160 obj_cooja/mtype300.a(beep.o)
                                        0x178 (size before relaxing)
 .eh_frame      0x00000000000298c0       0xa0 obj_cooja/mtype300.a(button-sensor.o)
                                         0xb8 (size before relaxing)
 .eh_frame      0x0000000000029960       0xa0 obj_cooja/mtype300.a(leds-arch.o)
                                         0xb8 (size before relaxing)
 .eh_frame      0x0000000000029a00       0x40 obj_cooja/mtype300.a(moteid.o)
                                         0x58 (size before relaxing)
 .eh_frame      0x0000000000029a40       0xa0 obj_cooja/mtype300.a(pir-sensor.o)
                                         0xb8 (size before relaxing)
 .eh_frame      0x0000000000029ae0      0x100 obj_cooja/mtype300.a(rs232.o)
                                        0x118 (size before relaxing)
 .eh_frame      0x0000000000029be0       0xa0 obj_cooja/mtype300.a(vib-sensor.o)
                                         0xb8 (size before relaxing)
 .eh_frame      0x0000000000029c80       0xc0 obj_cooja/mtype300.a(clock.o)
                                         0xd8 (size before relaxing)
 .eh_frame      0x0000000000029d40      0x120 obj_cooja/mtype300.a(log.o)
                                        0x138 (size before relaxing)
 .eh_frame      0x0000000000029e60      0x160 obj_cooja/mtype300.a(cfs-cooja.o)
                                        0x178 (size before relaxing)
 .eh_frame      0x0000000000029fc0      0x2e0 obj_cooja/mtype300.a(cooja-radio.o)
                                        0x2f8 (size before relaxing)
 .eh_frame      0x000000000002a2a0       0xa0 obj_cooja/mtype300.a(eeprom.o)
                                         0xb8 (size before relaxing)
 .eh_frame      0x000000000002a340       0x40 obj_cooja/mtype300.a(random.o)
                                         0x58 (size before relaxing)
 .eh_frame      0x000000000002a380       0xc0 obj_cooja/mtype300.a(sensors.o)
                                         0xd8 (size before relaxing)
 .eh_frame      0x000000000002a440      0x100 obj_cooja/mtype300.a(leds.o)
                                        0x118 (size before relaxing)
 .eh_frame      0x000000000002a540      0x1a0 obj_cooja/mtype300.a(dual_conf.o)
                                        0x1b8 (size before relaxing)
 .eh_frame      0x000000000002a6e0       0x40 obj_cooja/mtype300.a(autostart.o)
                                         0x58 (size before relaxing)
 .eh_frame      0x000000000002a720      0x100 obj_cooja/mtype300.a(ctimer.o)
                                        0x118 (size before relaxing)
 .eh_frame      0x000000000002a820      0x1e0 obj_cooja/mtype300.a(etimer.o)
                                        0x1f8 (size before relaxing)
 .eh_frame      0x000000000002aa00       0x50 obj_cooja/mtype300.a(log_message.o)
                                         0x68 (size before relaxing)
 .eh_frame      0x000000000002aa50      0x1c8 obj_cooja/mtype300.a(process.o)
                                        0x1e0 (size before relaxing)
 .eh_frame      0x000000000002ac18       0x2c obj_cooja/mtype300.a(residual.o)
                                         0x44 (size before relaxing)
 .eh_frame      0x000000000002ac44       0x60 obj_cooja/mtype300.a(rtimer.o)
                                         0x78 (size before relaxing)
 .eh_frame      0x000000000002aca4       0xa4 obj_cooja/mtype300.a(timer.o)
                                         0xbc (size before relaxing)
 .eh_frame      0x000000000002ad48       0x60 obj_cooja/mtype300.a(serial-line.o)
                                         0x78 (size before relaxing)
 .eh_frame      0x000000000002ada8      0x180 obj_cooja/mtype300.a(list.o)
                                        0x198 (size before relaxing)
 .eh_frame      0x000000000002af28       0xa0 obj_cooja/mtype300.a(ringbuf.o)
                                         0xb8 (size before relaxing)
 .eh_frame      0x000000000002afc8      0x350 obj_cooja/mtype300.a(sicslowpan.o)
                                        0x368 (size before relaxing)
 .eh_frame      0x000000000002b318      0x180 obj_cooja/mtype300.a(uip-ds6-nbr.o)
                                        0x198 (size before relaxing)
 .eh_frame      0x000000000002b498      0x3c8 obj_cooja/mtype300.a(uip-ds6.o)
                                        0x3e0 (size before relaxing)
 .eh_frame      0x000000000002b860      0x27c obj_cooja/mtype300.a(uip6.o)
                                        0x294 (size before relaxing)
 .eh_frame      0x000000000002badc      0x270 obj_cooja/mtype300.a(tcpip.o)
                                        0x288 (size before relaxing)
 .eh_frame      0x000000000002bd4c       0x48 obj_cooja/mtype300.a(uip-debug.o)
                                         0x60 (size before relaxing)
 .eh_frame      0x000000000002bd94       0xe0 obj_cooja/mtype300.a(uip-packetqueue)
                                         0xf8 (size before relaxing)
 .eh_frame      0x000000000002be74      0x76c obj_cooja/mtype300.a(rpl-dag.o)
                                        0x784 (size before relaxing)
 .eh_frame      0x000000000002c5e0      0x10c obj_cooja/mtype300.a(rpl-ext-header.)
                                        0x124 (size before relaxing)
 .eh_frame      0x000000000002c6ec      0x2f8 obj_cooja/mtype300.a(rpl-icmp6.o)
                                        0x310 (size before relaxing)
 .eh_frame      0x000000000002c9e4       0xe0 obj_cooja/mtype300.a(rpl-ltmax.o)
                                         0xf8 (size before relaxing)
 .eh_frame      0x000000000002cac4      0x20c obj_cooja/mtype300.a(rpl-timers.o)
                                        0x224 (size before relaxing)
 .eh_frame      0x000000000002ccd0      0x148 obj_cooja/mtype300.a(rpl.o)
                                        0x160 (size before relaxing)
 .eh_frame      0x000000000002ce18      0x28c obj_cooja/mtype300.a(csma.o)
                                        0x2a4 (size before relaxing)
 .eh_frame      0x000000000002d0a4      0x108 obj_cooja/mtype300.a(framer-802154.o)
                                        0x120 (size before relaxing)
 .eh_frame      0x000000000002d1ac       0x20 obj_cooja/mtype300.a(mac.o)
                                         0x38 (size before relaxing)
 .eh_frame      0x000000000002d1cc      0x2bc obj_cooja/mtype300.a(cxmac.o)
                                        0x2d4 (size before relaxing)
 .eh_frame      0x000000000002d488       0x80 obj_cooja/mtype300.a(linkaddr.o)
                                         0x98 (size before relaxing)
 .eh_frame      0x000000000002d508      0x2cc obj_cooja/mtype300.a(nbr-table.o)
                                        0x2e4 (size before relaxing)
 .eh_frame      0x000000000002d7d4       0x20 obj_cooja/mtype300.a(netstack.o)
                                         0x38 (size before relaxing)
 .eh_frame      0x000000000002d7f4      0x214 obj_cooja/mtype300.a(packetbuf.o)
                                        0x22c (size before relaxing)
 .eh_frame      0x000000000002da08      0x1a0 obj_cooja/mtype300.a(queuebuf.o)
                                        0x1b8 (size before relaxing)
 .eh_frame      0x000000000002dba8       0x80 obj_cooja/mtype300.a(nullsec.o)
                                         0x98 (size before relaxing)
 .eh_frame      0x000000000002dc28       0xa0 obj_cooja/mtype300.a(watchdog.o)
                                         0xb8 (size before relaxing)
 .eh_frame      0x000000000002dcc8       0xc4 obj_cooja/mtype300.a(stimer.o)
                                         0xdc (size before relaxing)
 .eh_frame      0x000000000002dd8c       0xa0 obj_cooja/mtype300.a(memb.o)
                                         0xb8 (size before relaxing)
 .eh_frame      0x000000000002de2c      0x2a0 obj_cooja/mtype300.a(uip-ds6-route.o)
                                        0x2b8 (size before relaxing)
 .eh_frame      0x000000000002e0cc      0x168 obj_cooja/mtype300.a(uip-icmp6.o)
                                        0x180 (size before relaxing)
 .eh_frame      0x000000000002e234       0x68 obj_cooja/mtype300.a(uip-nd6.o)
                                         0x80 (size before relaxing)
 .eh_frame      0x000000000002e29c       0xc0 obj_cooja/mtype300.a(rpl-nbr-policy.)
                                         0xd8 (size before relaxing)
 .eh_frame      0x000000000002e35c      0x164 obj_cooja/mtype300.a(frame802154.o)
                                        0x17c (size before relaxing)
 .eh_frame      0x000000000002e4c0        0x4 /usr/lib/gcc/i686-linux-gnu/4.8/crtendS.o

.gcc_except_table
 *(.gcc_except_table .gcc_except_table.*)

.exception_ranges
 *(.exception_ranges .exception_ranges*)
                0x000000000002e4c4                . = (ALIGN (0x1000) - ((0x1000 - .) & 0xfff))
                0x000000000002fef8                . = DATA_SEGMENT_ALIGN (0x1000, 0x1000)

.eh_frame
 *(.eh_frame)

.gcc_except_table
 *(.gcc_except_table .gcc_except_table.*)

.exception_ranges
 *(.exception_ranges .exception_ranges*)

.tdata
 *(.tdata .tdata.* .gnu.linkonce.td.*)

.tbss
 *(.tbss .tbss.* .gnu.linkonce.tb.*)
 *(.tcommon)

.preinit_array
 *(.preinit_array)

.init_array     0x000000000002fef8        0x4
 *(SORT(.init_array.*) SORT(.ctors.*))
 *(.init_array EXCLUDE_FILE(*crtend?.o *crtend.o *crtbegin?.o *crtbegin.o) .ctors)
 .init_array    0x000000000002fef8        0x4 /usr/lib/gcc/i686-linux-gnu/4.8/crtbeginS.o

.fini_array     0x000000000002fefc        0x4
 *(SORT(.fini_array.*) SORT(.dtors.*))
 *(.fini_array EXCLUDE_FILE(*crtend?.o *crtend.o *crtbegin?.o *crtbegin.o) .dtors)
 .fini_array    0x000000000002fefc        0x4 /usr/lib/gcc/i686-linux-gnu/4.8/crtbeginS.o

.ctors
 *crtbegin.o(.ctors)
 *crtbegin?.o(.ctors)
 *(EXCLUDE_FILE(*crtend?.o *crtend.o) .ctors)
 *(SORT(.ctors.*))
 *(.ctors)

.dtors
 *crtbegin.o(.dtors)
 *crtbegin?.o(.dtors)
 *(EXCLUDE_FILE(*crtend?.o *crtend.o) .dtors)
 *(SORT(.dtors.*))
 *(.dtors)

.jcr            0x000000000002ff00        0x4
 *(.jcr)
 .jcr           0x000000000002ff00        0x0 /usr/lib/gcc/i686-linux-gnu/4.8/crtbeginS.o
 .jcr           0x000000000002ff00        0x4 /usr/lib/gcc/i686-linux-gnu/4.8/crtendS.o

.data.rel.ro
 *(.data.rel.ro.local* .gnu.linkonce.d.rel.ro.local.*)
 *(.data.rel.ro .data.rel.ro.* .gnu.linkonce.d.rel.ro.*)

.dynamic        0x000000000002ff04       0xe8
 *(.dynamic)
 .dynamic       0x000000000002ff04       0xe8 /usr/lib/gcc/i686-linux-gnu/4.8/../../../i386-linux-gnu/crti.o
                0x000000000002ff04                _DYNAMIC

.got            0x000000000002ffec       0x14
 *(.got)
 .got           0x000000000002ffec       0x14 /usr/lib/gcc/i686-linux-gnu/4.8/../../../i386-linux-gnu/crti.o
 *(.igot)
                0x0000000000030ff4                . = DATA_SEGMENT_RELRO_END (., (SIZEOF (.got.plt) >= 0xc)?0xc:0x0)

.got.plt        0x0000000000030000       0x14
 *(.got.plt)
 .got.plt       0x0000000000030000       0x14 /usr/lib/gcc/i686-linux-gnu/4.8/../../../i386-linux-gnu/crti.o
                0x0000000000030000                _GLOBAL_OFFSET_TABLE_
 *(.igot.plt)

.data           0x0000000000030020      0x2c2
 *(.data .data.* .gnu.linkonce.d.*)
 .data          0x0000000000030020        0x0 /usr/lib/gcc/i686-linux-gnu/4.8/../../../i386-linux-gnu/crti.o
 .data          0x0000000000030020        0x0 /usr/lib/gcc/i686-linux-gnu/4.8/crtbeginS.o
 .data.rel      0x0000000000030020        0x4 /usr/lib/gcc/i686-linux-gnu/4.8/crtbeginS.o
                0x0000000000030020                __dso_handle
 .data          0x0000000000030024       0x10 udp-server.co
                0x0000000000030024                udp_server_process
 *fill*         0x0000000000030034        0xc 
 .data          0x0000000000030040       0x44 obj_cooja/mtype300.o
                0x0000000000030040                simInterfaces
                0x0000000000030074                sensors
 .data          0x0000000000030084        0x0 obj_cooja/mtype300.a(simEnvChange.o)
 .data          0x0000000000030084        0x0 obj_cooja/mtype300.a(cooja_mt.o)
 .data          0x0000000000030084        0x0 obj_cooja/mtype300.a(cooja_mtarch.o)
 .data          0x0000000000030084        0x0 obj_cooja/mtype300.a(rtimer-arch.o)
 .data          0x0000000000030084        0x0 obj_cooja/mtype300.a(beep.o)
 .data          0x0000000000030084        0x0 obj_cooja/mtype300.a(button-sensor.o)
 .data          0x0000000000030084        0x0 obj_cooja/mtype300.a(leds-arch.o)
 .data          0x0000000000030084        0x0 obj_cooja/mtype300.a(moteid.o)
 .data          0x0000000000030084        0x0 obj_cooja/mtype300.a(pir-sensor.o)
 .data          0x0000000000030084        0x0 obj_cooja/mtype300.a(rs232.o)
 .data          0x0000000000030084        0x0 obj_cooja/mtype300.a(vib-sensor.o)
 .data          0x0000000000030084        0x0 obj_cooja/mtype300.a(clock.o)
 .data          0x0000000000030084        0x0 obj_cooja/mtype300.a(log.o)
 .data          0x0000000000030084        0x0 obj_cooja/mtype300.a(cfs-cooja.o)
 .data          0x0000000000030084       0x40 obj_cooja/mtype300.a(cooja-radio.o)
                0x0000000000030084                simRadioChannelLR
                0x0000000000030088                simRadioHWOnLR
                0x000000000003008c                simSignalStrengthLR
                0x0000000000030090                simLastSignalStrengthLR
                0x0000000000030094                simPowerLR
                0x0000000000030098                simLQILR
                0x000000000003009c                simRadioChannel
                0x00000000000300a0                simRadioHWOn
                0x00000000000300a4                simSignalStrength
                0x00000000000300a8                simLastSignalStrength
                0x00000000000300ac                simPower
                0x00000000000300b0                simLQI
                0x00000000000300b4                cooja_radio_process
 .data          0x00000000000300c4        0x0 obj_cooja/mtype300.a(eeprom.o)
 .data          0x00000000000300c4        0x0 obj_cooja/mtype300.a(random.o)
 .data          0x00000000000300c4       0x10 obj_cooja/mtype300.a(sensors.o)
                0x00000000000300c4                sensors_process
 .data          0x00000000000300d4        0x0 obj_cooja/mtype300.a(leds.o)
 .data          0x00000000000300d4       0x3a obj_cooja/mtype300.a(dual_conf.o)
                0x00000000000300d4                radio_received
                0x00000000000300d8                dual_dio_broadcast
                0x00000000000300e8                dual_dis_broadcast
                0x00000000000300f8                dual_LSA_converge_broadcast
 .data          0x000000000003010e        0x0 obj_cooja/mtype300.a(autostart.o)
 *fill*         0x000000000003010e        0x2 
 .data          0x0000000000030110       0x14 obj_cooja/mtype300.a(ctimer.o)
                0x0000000000030114                ctimer_process
 .data          0x0000000000030124       0x10 obj_cooja/mtype300.a(etimer.o)
                0x0000000000030124                etimer_process
 .data          0x0000000000030134        0x0 obj_cooja/mtype300.a(log_message.o)
 .data          0x0000000000030134        0x0 obj_cooja/mtype300.a(process.o)
 .data          0x0000000000030134        0x0 obj_cooja/mtype300.a(residual.o)
 .data          0x0000000000030134        0x0 obj_cooja/mtype300.a(rtimer.o)
 .data          0x0000000000030134        0x0 obj_cooja/mtype300.a(timer.o)
 .data          0x0000000000030134       0x10 obj_cooja/mtype300.a(serial-line.o)
                0x0000000000030134                serial_line_process
 .data          0x0000000000030144        0x0 obj_cooja/mtype300.a(list.o)
 .data          0x0000000000030144        0x0 obj_cooja/mtype300.a(ringbuf.o)
 .data          0x0000000000030144        0x0 obj_cooja/mtype300.a(sicslowpan.o)
 .data          0x0000000000030144       0x14 obj_cooja/mtype300.a(uip-ds6-nbr.o)
                0x0000000000030154                ds6_neighbors
 .data          0x0000000000030158        0x0 obj_cooja/mtype300.a(uip-ds6.o)
 .data          0x0000000000030158        0x0 obj_cooja/mtype300.a(uip6.o)
 .data          0x0000000000030158       0x10 obj_cooja/mtype300.a(tcpip.o)
                0x0000000000030158                tcpip_process
 .data          0x0000000000030168        0x0 obj_cooja/mtype300.a(uip-debug.o)
 .data          0x0000000000030168        0xc obj_cooja/mtype300.a(uip-packetqueue)
 .data          0x0000000000030174       0x28 obj_cooja/mtype300.a(rpl-dag.o)
                0x0000000000030184                rpl_parents
                0x0000000000030198                rpl_children
 .data          0x000000000003019c        0x0 obj_cooja/mtype300.a(rpl-ext-header.)
 .data          0x000000000003019c       0x40 obj_cooja/mtype300.a(rpl-icmp6.o)
 .data          0x00000000000301dc       0x1c obj_cooja/mtype300.a(rpl-ltmax.o)
                0x00000000000301dc                rpl_ltmax_of
 .data          0x00000000000301f8        0x0 obj_cooja/mtype300.a(rpl-timers.o)
 .data          0x00000000000301f8        0x0 obj_cooja/mtype300.a(rpl.o)
 .data          0x00000000000301f8       0x28 obj_cooja/mtype300.a(csma.o)
 .data          0x0000000000030220        0x0 obj_cooja/mtype300.a(framer-802154.o)
 .data          0x0000000000030220        0x0 obj_cooja/mtype300.a(mac.o)
 .data          0x0000000000030220       0x30 obj_cooja/mtype300.a(cxmac.o)
                0x0000000000030220                cxmac_config
                0x0000000000030230                strobe_wait
 .data          0x0000000000030250        0x0 obj_cooja/mtype300.a(linkaddr.o)
 .data          0x0000000000030250       0x10 obj_cooja/mtype300.a(nbr-table.o)
 .data          0x0000000000030260        0x0 obj_cooja/mtype300.a(netstack.o)
 .data          0x0000000000030260        0x4 obj_cooja/mtype300.a(packetbuf.o)
 .data          0x0000000000030264       0x18 obj_cooja/mtype300.a(queuebuf.o)
 .data          0x000000000003027c        0x0 obj_cooja/mtype300.a(nullsec.o)
 .data          0x000000000003027c        0x0 obj_cooja/mtype300.a(watchdog.o)
 .data          0x000000000003027c        0x0 obj_cooja/mtype300.a(rimestats.o)
 .data          0x000000000003027c        0x0 obj_cooja/mtype300.a(stimer.o)
 .data          0x000000000003027c        0x0 obj_cooja/mtype300.a(memb.o)
 .data          0x000000000003027c       0x44 obj_cooja/mtype300.a(uip-ds6-route.o)
                0x000000000003028c                nbr_routes
 .data          0x00000000000302c0       0x20 obj_cooja/mtype300.a(uip-icmp6.o)
 .data          0x00000000000302e0        0x0 obj_cooja/mtype300.a(uip-nd6.o)
 .data          0x00000000000302e0        0x0 obj_cooja/mtype300.a(rpl-nbr-policy.)
 .data          0x00000000000302e0        0x2 obj_cooja/mtype300.a(frame802154.o)
 .data          0x00000000000302e2        0x0 /usr/lib/gcc/i686-linux-gnu/4.8/crtendS.o
 .data          0x00000000000302e2        0x0 /usr/lib/gcc/i686-linux-gnu/4.8/../../../i386-linux-gnu/crtn.o

.tm_clone_table
                0x00000000000302e4        0x0
 .tm_clone_table
                0x00000000000302e4        0x0 /usr/lib/gcc/i686-linux-gnu/4.8/crtbeginS.o
 .tm_clone_table
                0x00000000000302e4        0x0 /usr/lib/gcc/i686-linux-gnu/4.8/crtendS.o

.data1
 *(.data1)
                0x00000000000302e4                _edata = .
                0x00000000000302e4                PROVIDE (edata, .)
                0x00000000000302e4                . = .
                0x00000000000302e4                __bss_start = .

.bss            0x0000000000030300     0x85a8
 *(.dynbss)
 .dynbss        0x0000000000000000        0x0 /usr/lib/gcc/i686-linux-gnu/4.8/../../../i386-linux-gnu/crti.o
 *(.bss .bss.* .gnu.linkonce.b.*)
 .bss           0x0000000000030300        0x0 /usr/lib/gcc/i686-linux-gnu/4.8/../../../i386-linux-gnu/crti.o
 .bss           0x0000000000030300        0x1 /usr/lib/gcc/i686-linux-gnu/4.8/crtbeginS.o
 *fill*         0x0000000000030301        0x3 
 .bss           0x0000000000030304        0x8 udp-server.co
                0x0000000000030304                my_weight
 *fill*         0x000000000003030c       0x14 
 .bss           0x0000000000030320     0x2030 obj_cooja/mtype300.o
 .bss           0x0000000000032350        0x1 obj_cooja/mtype300.a(simEnvChange.o)
                0x0000000000032350                simDontFallAsleep
 *fill*         0x0000000000032351        0x3 
 .bss           0x0000000000032354        0x4 obj_cooja/mtype300.a(cooja_mt.o)
 .bss           0x0000000000032358        0x4 obj_cooja/mtype300.a(cooja_mtarch.o)
 .bss           0x000000000003235c        0xc obj_cooja/mtype300.a(rtimer-arch.o)
 .bss           0x0000000000032368        0x0 obj_cooja/mtype300.a(beep.o)
 .bss           0x0000000000032368        0x8 obj_cooja/mtype300.a(button-sensor.o)
 .bss           0x0000000000032370        0x0 obj_cooja/mtype300.a(leds-arch.o)
 .bss           0x0000000000032370        0x0 obj_cooja/mtype300.a(moteid.o)
 .bss           0x0000000000032370        0x1 obj_cooja/mtype300.a(pir-sensor.o)
                0x0000000000032370                simPirValue
 *fill*         0x0000000000032371        0x3 
 .bss           0x0000000000032374        0x4 obj_cooja/mtype300.a(rs232.o)
 .bss           0x0000000000032378        0x1 obj_cooja/mtype300.a(vib-sensor.o)
                0x0000000000032378                simVibValue
 .bss           0x0000000000032379        0x0 obj_cooja/mtype300.a(clock.o)
 *fill*         0x0000000000032379        0x7 
 .bss           0x0000000000032380      0x420 obj_cooja/mtype300.a(log.o)
 .bss           0x00000000000327a0      0xfc0 obj_cooja/mtype300.a(cfs-cooja.o)
                0x00000000000327a0                simCFSData
                0x0000000000033740                simCFSSize
                0x0000000000033744                simCFSChanged
                0x0000000000033748                simCFSRead
                0x000000000003374c                simCFSWritten
 .bss           0x0000000000033760       0x24 obj_cooja/mtype300.a(cooja-radio.o)
                0x0000000000033760                simReceivingLR
                0x0000000000033764                simInSizeLR
                0x0000000000033768                simOutSizeLR
                0x000000000003376c                simReceiving
                0x0000000000033770                simInSize
                0x0000000000033774                simOutSize
                0x0000000000033778                LongRangeTransmit
                0x000000000003377c                LongRangeReceiving
 .bss           0x0000000000033784        0xc obj_cooja/mtype300.a(eeprom.o)
                0x0000000000033784                simEEPROMChanged
                0x0000000000033788                simEEPROMRead
                0x000000000003378c                simEEPROMWritten
 .bss           0x0000000000033790        0x0 obj_cooja/mtype300.a(random.o)
 .bss           0x0000000000033790        0xc obj_cooja/mtype300.a(sensors.o)
 .bss           0x000000000003379c        0x1 obj_cooja/mtype300.a(leds.o)
 *fill*         0x000000000003379d        0x3 
 .bss           0x00000000000337a0       0x40 obj_cooja/mtype300.a(dual_conf.o)
                0x00000000000337a0                long_range_radio
 .bss           0x00000000000337e0        0x0 obj_cooja/mtype300.a(autostart.o)
 .bss           0x00000000000337e0        0x5 obj_cooja/mtype300.a(ctimer.o)
 *fill*         0x00000000000337e5        0x3 
 .bss           0x00000000000337e8        0x8 obj_cooja/mtype300.a(etimer.o)
 .bss           0x00000000000337f0        0x0 obj_cooja/mtype300.a(log_message.o)
 *fill*         0x00000000000337f0       0x10 
 .bss           0x0000000000033800      0x1b1 obj_cooja/mtype300.a(process.o)
                0x0000000000033800                process_list
                0x0000000000033804                process_current
 .bss           0x00000000000339b1        0x0 obj_cooja/mtype300.a(residual.o)
 *fill*         0x00000000000339b1        0x3 
 .bss           0x00000000000339b4        0x4 obj_cooja/mtype300.a(rtimer.o)
 .bss           0x00000000000339b8        0x0 obj_cooja/mtype300.a(timer.o)
 *fill*         0x00000000000339b8        0x8 
 .bss           0x00000000000339c0      0x140 obj_cooja/mtype300.a(serial-line.o)
 .bss           0x0000000000033b00        0x0 obj_cooja/mtype300.a(list.o)
 .bss           0x0000000000033b00        0x0 obj_cooja/mtype300.a(ringbuf.o)
 .bss           0x0000000000033b00      0x70c obj_cooja/mtype300.a(sicslowpan.o)
 *fill*         0x000000000003420c       0x14 
 .bss           0x0000000000034220       0xc0 obj_cooja/mtype300.a(uip-ds6-nbr.o)
 .bss           0x00000000000342e0       0x30 obj_cooja/mtype300.a(uip-ds6.o)
 .bss           0x0000000000034310        0xe obj_cooja/mtype300.a(uip6.o)
                0x0000000000034310                uip_ext_bitmap
                0x0000000000034311                uip_ext_len
                0x0000000000034312                uip_ext_opt_offset
 *fill*         0x000000000003431e        0x2 
 .bss           0x0000000000034320       0x6b obj_cooja/mtype300.a(tcpip.o)
 .bss           0x000000000003438b        0x0 obj_cooja/mtype300.a(uip-debug.o)
 *fill*         0x000000000003438b       0x15 
 .bss           0x00000000000343a0      0xcf8 obj_cooja/mtype300.a(uip-packetqueue)
 *fill*         0x0000000000035098        0x8 
 .bss           0x00000000000350a0       0x88 obj_cooja/mtype300.a(rpl-dag.o)
 .bss           0x0000000000035128        0x0 obj_cooja/mtype300.a(rpl-ext-header.)
 .bss           0x0000000000035128        0x0 obj_cooja/mtype300.a(rpl-icmp6.o)
 .bss           0x0000000000035128        0x0 obj_cooja/mtype300.a(rpl-ltmax.o)
 *fill*         0x0000000000035128       0x18 
 .bss           0x0000000000035140       0x60 obj_cooja/mtype300.a(rpl-timers.o)
 .bss           0x00000000000351a0        0x4 obj_cooja/mtype300.a(rpl.o)
 *fill*         0x00000000000351a4       0x1c 
 .bss           0x00000000000351c0      0x288 obj_cooja/mtype300.a(csma.o)
 .bss           0x0000000000035448        0x2 obj_cooja/mtype300.a(framer-802154.o)
 .bss           0x000000000003544a        0x0 obj_cooja/mtype300.a(mac.o)
 *fill*         0x000000000003544a       0x16 
 .bss           0x0000000000035460       0xb1 obj_cooja/mtype300.a(cxmac.o)
 .bss           0x0000000000035511        0x0 obj_cooja/mtype300.a(linkaddr.o)
 *fill*         0x0000000000035511        0xf 
 .bss           0x0000000000035520       0xc4 obj_cooja/mtype300.a(nbr-table.o)
 .bss           0x00000000000355e4        0x0 obj_cooja/mtype300.a(netstack.o)
 *fill*         0x00000000000355e4       0x1c 
 .bss           0x0000000000035600       0xa0 obj_cooja/mtype300.a(packetbuf.o)
 .bss           0x00000000000356a0      0xb80 obj_cooja/mtype300.a(queuebuf.o)
 .bss           0x0000000000036220        0x0 obj_cooja/mtype300.a(nullsec.o)
 .bss           0x0000000000036220        0x0 obj_cooja/mtype300.a(watchdog.o)
 .bss           0x0000000000036220        0x0 obj_cooja/mtype300.a(rimestats.o)
 .bss           0x0000000000036220        0x0 obj_cooja/mtype300.a(stimer.o)
 .bss           0x0000000000036220        0x0 obj_cooja/mtype300.a(memb.o)
 .bss           0x0000000000036220      0x4a8 obj_cooja/mtype300.a(uip-ds6-route.o)
 .bss           0x00000000000366c8       0x18 obj_cooja/mtype300.a(uip-icmp6.o)
 .bss           0x00000000000366e0        0x0 obj_cooja/mtype300.a(uip-nd6.o)
 .bss           0x00000000000366e0       0x44 obj_cooja/mtype300.a(rpl-nbr-policy.)
 .bss           0x0000000000036724        0x0 obj_cooja/mtype300.a(frame802154.o)
 .bss           0x0000000000036724        0x0 /usr/lib/gcc/i686-linux-gnu/4.8/crtendS.o
 .bss           0x0000000000036724        0x0 /usr/lib/gcc/i686-linux-gnu/4.8/../../../i386-linux-gnu/crtn.o
 *(COMMON)
 COMMON         0x0000000000036724        0x9 udp-server.co
                0x0000000000036724                LSA_message_input
                0x0000000000036725                LSA_SR_preamble
                0x0000000000036726                LSA_lr_child
                0x0000000000036727                simple_convergence
                0x0000000000036728                LSA_converge
                0x0000000000036729                my_sink_reachability
                0x000000000003672a                my_parent_number
                0x000000000003672b                LSA_broadcast_count
                0x000000000003672c                LSA_message_flag
 *fill*         0x000000000003672d        0x3 
 COMMON         0x0000000000036730       0x68 obj_cooja/mtype300.o
                0x0000000000036730                dio_count
                0x0000000000036734                dis_count
                0x0000000000036738                tcp_output_count
                0x000000000003673c                csma_transmission_count
                0x0000000000036740                dao_ack_fwd_count
                0x0000000000036744                COOJA_radioRxLong
                0x0000000000036748                cxmac_collision_count
                0x000000000003674c                control_message_count
                0x0000000000036750                dao_count
                0x0000000000036754                icmp_count
                0x0000000000036758                COOJA_radioTx
                0x000000000003675c                referenceVar
                0x0000000000036760                cxmac_transmission_count
                0x0000000000036764                dao_ack_count
                0x0000000000036768                data_message_count
                0x000000000003676c                COOJA_radioTxLong
                0x0000000000036770                COOJA_radioRx
                0x0000000000036774                debugfp
                0x0000000000036778                COOJA_radioOn
                0x000000000003677c                LSA_count
                0x0000000000036780                dao_fwd_count
                0x0000000000036784                COOJA_duration
                0x0000000000036788                dio_ack_count
                0x000000000003678c                COOJA_radioOnLong
                0x0000000000036790                sensors_flags
                0x0000000000036794                data_fwd_count
 COMMON         0x0000000000036798        0xc obj_cooja/mtype300.a(simEnvChange.o)
                0x0000000000036798                simEtimerPending
                0x000000000003679c                simProcessRunValue
                0x00000000000367a0                simNextExpirationTime
 COMMON         0x00000000000367a4        0x1 obj_cooja/mtype300.a(beep.o)
                0x00000000000367a4                simBeeped
 COMMON         0x00000000000367a5        0x3 obj_cooja/mtype300.a(button-sensor.o)
                0x00000000000367a5                simButtonIsActive
                0x00000000000367a6                simButtonIsDown
                0x00000000000367a7                simButtonChanged
 COMMON         0x00000000000367a8        0x1 obj_cooja/mtype300.a(leds-arch.o)
                0x00000000000367a8                simLedsValue
 *fill*         0x00000000000367a9        0x3 
 COMMON         0x00000000000367ac        0xc obj_cooja/mtype300.a(moteid.o)
                0x00000000000367ac                simRandomSeed
                0x00000000000367b0                simMoteIDChanged
                0x00000000000367b4                simMoteID
 COMMON         0x00000000000367b8        0x2 obj_cooja/mtype300.a(pir-sensor.o)
                0x00000000000367b8                simPirIsActive
                0x00000000000367b9                simPirChanged
 *fill*         0x00000000000367ba        0x6 
 COMMON         0x00000000000367c0      0x820 obj_cooja/mtype300.a(rs232.o)
                0x00000000000367c0                simSerialReceivingFlag
                0x00000000000367c4                simSerialReceivingLength
                0x00000000000367e0                simSerialReceivingData
 COMMON         0x0000000000036fe0        0x2 obj_cooja/mtype300.a(vib-sensor.o)
                0x0000000000036fe0                simVibChanged
                0x0000000000036fe1                simVibIsActive
 *fill*         0x0000000000036fe2        0x2 
 COMMON         0x0000000000036fe4        0x4 obj_cooja/mtype300.a(clock.o)
                0x0000000000036fe4                simCurrentTime
 *fill*         0x0000000000036fe8       0x18 
 COMMON         0x0000000000037000      0x420 obj_cooja/mtype300.a(log.o)
                0x0000000000037000                simLoggedLength
                0x0000000000037004                simLoggedFlag
                0x0000000000037020                simLoggedData
 COMMON         0x0000000000037420      0x260 obj_cooja/mtype300.a(cooja-radio.o)
                0x0000000000037420                simOutDataBuffer
                0x00000000000374a0                simRadioTarget
                0x00000000000374c0                simInDataBufferLR
                0x0000000000037540                packet_forwarding
                0x0000000000037560                simOutDataBufferLR
                0x00000000000375e0                dual_duty_cycle_count
                0x0000000000037600                simInDataBuffer
 COMMON         0x0000000000037680      0x400 obj_cooja/mtype300.a(eeprom.o)
                0x0000000000037680                simEEPROMData
 COMMON         0x0000000000037a80        0x1 obj_cooja/mtype300.a(sensors.o)
                0x0000000000037a80                sensors_event
 *fill*         0x0000000000037a81        0x3 
 COMMON         0x0000000000037a84        0x4 obj_cooja/mtype300.a(log_message.o)
                0x0000000000037a84                log_fp
 COMMON         0x0000000000037a88        0x1 obj_cooja/mtype300.a(serial-line.o)
                0x0000000000037a88                serial_line_event_message
 *fill*         0x0000000000037a89       0x17 
 COMMON         0x0000000000037aa0       0x50 obj_cooja/mtype300.a(uip-ds6-nbr.o)
                0x0000000000037aa0                ds6_lr_addrmap
 *fill*         0x0000000000037af0       0x10 
 COMMON         0x0000000000037b00      0x298 obj_cooja/mtype300.a(uip-ds6.o)
                0x0000000000037b00                uip_ds6_prefix_list
                0x0000000000037b60                uip_ds6_timer_periodic
                0x0000000000037b70                uip_ds6_netif_addr_list_offset
                0x0000000000037b80                uip_ds6_if
                0x0000000000037c78                uip_ds6_timer_ra
                0x0000000000037c80                uip_ds6_addr_size
                0x0000000000037ca0                long_uip_ds6_if
 *fill*         0x0000000000037d98        0x8 
 COMMON         0x0000000000037da0      0x8ec obj_cooja/mtype300.a(uip6.o)
                0x0000000000037da0                uip_slen
                0x0000000000037da2                uip_acc32
                0x0000000000037dc0                uip_conns
                0x0000000000037e80                uip_lladdr
                0x0000000000037e88                uip_appdata
                0x0000000000037e8c                uip_flags
                0x0000000000037ea0                uip_aligned_buf
                0x00000000000384e0                uip_listenports
                0x00000000000384f0                uip_len
                0x00000000000384f2                uip_long_lladdr
                0x00000000000384fc                uip_sappdata
                0x0000000000038500                uip_udp_conns
                0x0000000000038680                uip_udp_conn
                0x0000000000038684                uip_next_hdr
                0x0000000000038688                uip_conn
 COMMON         0x000000000003868c        0x1 obj_cooja/mtype300.a(tcpip.o)
                0x000000000003868c                tcpip_event
 *fill*         0x000000000003868d       0x13 
 COMMON         0x00000000000386a0      0x178 obj_cooja/mtype300.a(rpl-dag.o)
                0x00000000000386a0                default_instance
                0x00000000000386c0                instance_table
 COMMON         0x0000000000038818       0x10 obj_cooja/mtype300.a(linkaddr.o)
                0x0000000000038818                linkaddr_node_addr
                0x0000000000038820                long_linkaddr_node_addr
 COMMON         0x0000000000038828       0x2e obj_cooja/mtype300.a(packetbuf.o)
                0x0000000000038828                packetbuf_attrs
                0x0000000000038846                packetbuf_addrs
 *fill*         0x0000000000038856        0xa 
 COMMON         0x0000000000038860       0x48 obj_cooja/mtype300.a(rimestats.o)
                0x0000000000038860                rimestats
                0x00000000000388a8                . = ALIGN ((. != 0x0)?0x4:0x1)
                0x00000000000388a8                . = ALIGN (0x4)
                0x00000000000388a8                . = SEGMENT_START ("ldata-segment", .)
                0x00000000000388a8                . = ALIGN (0x4)
                0x00000000000388a8                _end = .
                0x00000000000388a8                PROVIDE (end, .)
                0x00000000000388a8                . = DATA_SEGMENT_END (.)

.stab
 *(.stab)

.stabstr
 *(.stabstr)

.stab.excl
 *(.stab.excl)

.stab.exclstr
 *(.stab.exclstr)

.stab.index
 *(.stab.index)

.stab.indexstr
 *(.stab.indexstr)

.comment        0x0000000000000000       0x29
 *(.comment)
 .comment       0x0000000000000000       0x29 /usr/lib/gcc/i686-linux-gnu/4.8/crtbeginS.o
                                         0x2a (size before relaxing)
 .comment       0x0000000000000000       0x2a udp-server.co
 .comment       0x0000000000000000       0x2a obj_cooja/mtype300.o
 .comment       0x0000000000000000       0x2a obj_cooja/mtype300.a(simEnvChange.o)
 .comment       0x0000000000000000       0x2a obj_cooja/mtype300.a(cooja_mt.o)
 .comment       0x0000000000000000       0x2a obj_cooja/mtype300.a(cooja_mtarch.o)
 .comment       0x0000000000000000       0x2a obj_cooja/mtype300.a(rtimer-arch.o)
 .comment       0x0000000000000000       0x2a obj_cooja/mtype300.a(beep.o)
 .comment       0x0000000000000000       0x2a obj_cooja/mtype300.a(button-sensor.o)
 .comment       0x0000000000000000       0x2a obj_cooja/mtype300.a(leds-arch.o)
 .comment       0x0000000000000000       0x2a obj_cooja/mtype300.a(moteid.o)
 .comment       0x0000000000000000       0x2a obj_cooja/mtype300.a(pir-sensor.o)
 .comment       0x0000000000000000       0x2a obj_cooja/mtype300.a(rs232.o)
 .comment       0x0000000000000000       0x2a obj_cooja/mtype300.a(vib-sensor.o)
 .comment       0x0000000000000000       0x2a obj_cooja/mtype300.a(clock.o)
 .comment       0x0000000000000000       0x2a obj_cooja/mtype300.a(log.o)
 .comment       0x0000000000000000       0x2a obj_cooja/mtype300.a(cfs-cooja.o)
 .comment       0x0000000000000000       0x2a obj_cooja/mtype300.a(cooja-radio.o)
 .comment       0x0000000000000000       0x2a obj_cooja/mtype300.a(eeprom.o)
 .comment       0x0000000000000000       0x2a obj_cooja/mtype300.a(random.o)
 .comment       0x0000000000000000       0x2a obj_cooja/mtype300.a(sensors.o)
 .comment       0x0000000000000000       0x2a obj_cooja/mtype300.a(leds.o)
 .comment       0x0000000000000000       0x2a obj_cooja/mtype300.a(dual_conf.o)
 .comment       0x0000000000000000       0x2a obj_cooja/mtype300.a(autostart.o)
 .comment       0x0000000000000000       0x2a obj_cooja/mtype300.a(ctimer.o)
 .comment       0x0000000000000000       0x2a obj_cooja/mtype300.a(etimer.o)
 .comment       0x0000000000000000       0x2a obj_cooja/mtype300.a(log_message.o)
 .comment       0x0000000000000000       0x2a obj_cooja/mtype300.a(process.o)
 .comment       0x0000000000000000       0x2a obj_cooja/mtype300.a(residual.o)
 .comment       0x0000000000000000       0x2a obj_cooja/mtype300.a(rtimer.o)
 .comment       0x0000000000000000       0x2a obj_cooja/mtype300.a(timer.o)
 .comment       0x0000000000000000       0x2a obj_cooja/mtype300.a(serial-line.o)
 .comment       0x0000000000000000       0x2a obj_cooja/mtype300.a(list.o)
 .comment       0x0000000000000000       0x2a obj_cooja/mtype300.a(ringbuf.o)
 .comment       0x0000000000000000       0x2a obj_cooja/mtype300.a(sicslowpan.o)
 .comment       0x0000000000000000       0x2a obj_cooja/mtype300.a(uip-ds6-nbr.o)
 .comment       0x0000000000000000       0x2a obj_cooja/mtype300.a(uip-ds6.o)
 .comment       0x0000000000000000       0x2a obj_cooja/mtype300.a(uip6.o)
 .comment       0x0000000000000000       0x2a obj_cooja/mtype300.a(tcpip.o)
 .comment       0x0000000000000000       0x2a obj_cooja/mtype300.a(uip-debug.o)
 .comment       0x0000000000000000       0x2a obj_cooja/mtype300.a(uip-packetqueue)
 .comment       0x0000000000000000       0x2a obj_cooja/mtype300.a(rpl-dag.o)
 .comment       0x0000000000000000       0x2a obj_cooja/mtype300.a(rpl-ext-header.)
 .comment       0x0000000000000000       0x2a obj_cooja/mtype300.a(rpl-icmp6.o)
 .comment       0x0000000000000000       0x2a obj_cooja/mtype300.a(rpl-ltmax.o)
 .comment       0x0000000000000000       0x2a obj_cooja/mtype300.a(rpl-timers.o)
 .comment       0x0000000000000000       0x2a obj_cooja/mtype300.a(rpl.o)
 .comment       0x0000000000000000       0x2a obj_cooja/mtype300.a(csma.o)
 .comment       0x0000000000000000       0x2a obj_cooja/mtype300.a(framer-802154.o)
 .comment       0x0000000000000000       0x2a obj_cooja/mtype300.a(mac.o)
 .comment       0x0000000000000000       0x2a obj_cooja/mtype300.a(cxmac.o)
 .comment       0x0000000000000000       0x2a obj_cooja/mtype300.a(linkaddr.o)
 .comment       0x0000000000000000       0x2a obj_cooja/mtype300.a(nbr-table.o)
 .comment       0x0000000000000000       0x2a obj_cooja/mtype300.a(netstack.o)
 .comment       0x0000000000000000       0x2a obj_cooja/mtype300.a(packetbuf.o)
 .comment       0x0000000000000000       0x2a obj_cooja/mtype300.a(queuebuf.o)
 .comment       0x0000000000000000       0x2a obj_cooja/mtype300.a(nullsec.o)
 .comment       0x0000000000000000       0x2a obj_cooja/mtype300.a(watchdog.o)
 .comment       0x0000000000000000       0x2a obj_cooja/mtype300.a(rimestats.o)
 .comment       0x0000000000000000       0x2a obj_cooja/mtype300.a(stimer.o)
 .comment       0x0000000000000000       0x2a obj_cooja/mtype300.a(memb.o)
 .comment       0x0000000000000000       0x2a obj_cooja/mtype300.a(uip-ds6-route.o)
 .comment       0x0000000000000000       0x2a obj_cooja/mtype300.a(uip-icmp6.o)
 .comment       0x0000000000000000       0x2a obj_cooja/mtype300.a(uip-nd6.o)
 .comment       0x0000000000000000       0x2a obj_cooja/mtype300.a(rpl-nbr-policy.)
 .comment       0x0000000000000000       0x2a obj_cooja/mtype300.a(frame802154.o)
 .comment       0x0000000000000000       0x2a /usr/lib/gcc/i686-linux-gnu/4.8/crtendS.o

.debug
 *(.debug)

.line
 *(.line)

.debug_srcinfo
 *(.debug_srcinfo)

.debug_sfnames
 *(.debug_sfnames)

.debug_aranges  0x0000000000000000      0x818
 *(.debug_aranges)
 .debug_aranges
                0x0000000000000000       0x20 udp-server.co
 .debug_aranges
                0x0000000000000020       0x20 obj_cooja/mtype300.o
 .debug_aranges
                0x0000000000000040       0x20 obj_cooja/mtype300.a(simEnvChange.o)
 .debug_aranges
                0x0000000000000060       0x20 obj_cooja/mtype300.a(cooja_mt.o)
 .debug_aranges
                0x0000000000000080       0x20 obj_cooja/mtype300.a(cooja_mtarch.o)
 .debug_aranges
                0x00000000000000a0       0x20 obj_cooja/mtype300.a(rtimer-arch.o)
 .debug_aranges
                0x00000000000000c0       0x20 obj_cooja/mtype300.a(beep.o)
 .debug_aranges
                0x00000000000000e0       0x20 obj_cooja/mtype300.a(button-sensor.o)
 .debug_aranges
                0x0000000000000100       0x20 obj_cooja/mtype300.a(leds-arch.o)
 .debug_aranges
                0x0000000000000120       0x20 obj_cooja/mtype300.a(moteid.o)
 .debug_aranges
                0x0000000000000140       0x20 obj_cooja/mtype300.a(pir-sensor.o)
 .debug_aranges
                0x0000000000000160       0x20 obj_cooja/mtype300.a(rs232.o)
 .debug_aranges
                0x0000000000000180       0x20 obj_cooja/mtype300.a(vib-sensor.o)
 .debug_aranges
                0x00000000000001a0       0x20 obj_cooja/mtype300.a(clock.o)
 .debug_aranges
                0x00000000000001c0       0x20 obj_cooja/mtype300.a(log.o)
 .debug_aranges
                0x00000000000001e0       0x20 obj_cooja/mtype300.a(cfs-cooja.o)
 .debug_aranges
                0x0000000000000200       0x20 obj_cooja/mtype300.a(cooja-radio.o)
 .debug_aranges
                0x0000000000000220       0x20 obj_cooja/mtype300.a(eeprom.o)
 .debug_aranges
                0x0000000000000240       0x20 obj_cooja/mtype300.a(random.o)
 .debug_aranges
                0x0000000000000260       0x20 obj_cooja/mtype300.a(sensors.o)
 .debug_aranges
                0x0000000000000280       0x20 obj_cooja/mtype300.a(leds.o)
 .debug_aranges
                0x00000000000002a0       0x20 obj_cooja/mtype300.a(dual_conf.o)
 .debug_aranges
                0x00000000000002c0       0x20 obj_cooja/mtype300.a(autostart.o)
 .debug_aranges
                0x00000000000002e0       0x20 obj_cooja/mtype300.a(ctimer.o)
 .debug_aranges
                0x0000000000000300       0x20 obj_cooja/mtype300.a(etimer.o)
 .debug_aranges
                0x0000000000000320       0x20 obj_cooja/mtype300.a(log_message.o)
 .debug_aranges
                0x0000000000000340       0x20 obj_cooja/mtype300.a(process.o)
 .debug_aranges
                0x0000000000000360       0x20 obj_cooja/mtype300.a(residual.o)
 .debug_aranges
                0x0000000000000380       0x20 obj_cooja/mtype300.a(rtimer.o)
 .debug_aranges
                0x00000000000003a0       0x20 obj_cooja/mtype300.a(timer.o)
 .debug_aranges
                0x00000000000003c0       0x20 obj_cooja/mtype300.a(serial-line.o)
 .debug_aranges
                0x00000000000003e0       0x20 obj_cooja/mtype300.a(list.o)
 .debug_aranges
                0x0000000000000400       0x20 obj_cooja/mtype300.a(ringbuf.o)
 .debug_aranges
                0x0000000000000420       0x20 obj_cooja/mtype300.a(sicslowpan.o)
 .debug_aranges
                0x0000000000000440       0x20 obj_cooja/mtype300.a(uip-ds6-nbr.o)
 .debug_aranges
                0x0000000000000460       0x20 obj_cooja/mtype300.a(uip-ds6.o)
 .debug_aranges
                0x0000000000000480       0x20 obj_cooja/mtype300.a(uip6.o)
 .debug_aranges
                0x00000000000004a0       0x20 obj_cooja/mtype300.a(tcpip.o)
 .debug_aranges
                0x00000000000004c0       0x20 obj_cooja/mtype300.a(uip-debug.o)
 .debug_aranges
                0x00000000000004e0       0x20 obj_cooja/mtype300.a(uip-packetqueue)
 .debug_aranges
                0x0000000000000500       0x20 obj_cooja/mtype300.a(rpl-dag.o)
 .debug_aranges
                0x0000000000000520       0x20 obj_cooja/mtype300.a(rpl-ext-header.)
 .debug_aranges
                0x0000000000000540       0x20 obj_cooja/mtype300.a(rpl-icmp6.o)
 .debug_aranges
                0x0000000000000560       0x20 obj_cooja/mtype300.a(rpl-ltmax.o)
 .debug_aranges
                0x0000000000000580       0x20 obj_cooja/mtype300.a(rpl-timers.o)
 .debug_aranges
                0x00000000000005a0       0x20 obj_cooja/mtype300.a(rpl.o)
 .debug_aranges
                0x00000000000005c0       0x20 obj_cooja/mtype300.a(csma.o)
 .debug_aranges
                0x00000000000005e0       0x20 obj_cooja/mtype300.a(framer-802154.o)
 .debug_aranges
                0x0000000000000600       0x20 obj_cooja/mtype300.a(mac.o)
 .debug_aranges
                0x0000000000000620       0x20 obj_cooja/mtype300.a(cxmac.o)
 .debug_aranges
                0x0000000000000640       0x20 obj_cooja/mtype300.a(linkaddr.o)
 .debug_aranges
                0x0000000000000660       0x20 obj_cooja/mtype300.a(nbr-table.o)
 .debug_aranges
                0x0000000000000680       0x20 obj_cooja/mtype300.a(netstack.o)
 .debug_aranges
                0x00000000000006a0       0x20 obj_cooja/mtype300.a(packetbuf.o)
 .debug_aranges
                0x00000000000006c0       0x20 obj_cooja/mtype300.a(queuebuf.o)
 .debug_aranges
                0x00000000000006e0       0x20 obj_cooja/mtype300.a(nullsec.o)
 .debug_aranges
                0x0000000000000700       0x20 obj_cooja/mtype300.a(watchdog.o)
 .debug_aranges
                0x0000000000000720       0x18 obj_cooja/mtype300.a(rimestats.o)
 .debug_aranges
                0x0000000000000738       0x20 obj_cooja/mtype300.a(stimer.o)
 .debug_aranges
                0x0000000000000758       0x20 obj_cooja/mtype300.a(memb.o)
 .debug_aranges
                0x0000000000000778       0x20 obj_cooja/mtype300.a(uip-ds6-route.o)
 .debug_aranges
                0x0000000000000798       0x20 obj_cooja/mtype300.a(uip-icmp6.o)
 .debug_aranges
                0x00000000000007b8       0x20 obj_cooja/mtype300.a(uip-nd6.o)
 .debug_aranges
                0x00000000000007d8       0x20 obj_cooja/mtype300.a(rpl-nbr-policy.)
 .debug_aranges
                0x00000000000007f8       0x20 obj_cooja/mtype300.a(frame802154.o)

.debug_pubnames