Archive member included to satisfy reference by file (symbol)

obj_cooja/mtype722.a(simEnvChange.o)
                              obj_cooja/mtype722.o (simDontFallAsleep)
obj_cooja/mtype722.a(cooja_mt.o)
                              obj_cooja/mtype722.o (cooja_mt_start)
obj_cooja/mtype722.a(cooja_mtarch.o)
                              obj_cooja/mtype722.a(cooja_mt.o) (cooja_mtarch_init)
obj_cooja/mtype722.a(rtimer-arch.o)
                              obj_cooja/mtype722.o (rtimer_arch_next)
obj_cooja/mtype722.a(beep.o)  obj_cooja/mtype722.o (beep_interface)
obj_cooja/mtype722.a(button-sensor.o)
                              obj_cooja/mtype722.o (button_interface)
obj_cooja/mtype722.a(leds-arch.o)
                              obj_cooja/mtype722.o (leds_interface)
obj_cooja/mtype722.a(moteid.o)
                              obj_cooja/mtype722.o (moteid_interface)
obj_cooja/mtype722.a(pir-sensor.o)
                              obj_cooja/mtype722.o (pir_interface)
obj_cooja/mtype722.a(rs232.o)
                              obj_cooja/mtype722.o (rs232_interface)
obj_cooja/mtype722.a(vib-sensor.o)
                              obj_cooja/mtype722.o (vib_interface)
obj_cooja/mtype722.a(clock.o)
                              obj_cooja/mtype722.o (clock_interface)
obj_cooja/mtype722.a(log.o)   obj_cooja/mtype722.o (simlog_interface)
obj_cooja/mtype722.a(cfs-cooja.o)
                              obj_cooja/mtype722.o (cfs_interface)
obj_cooja/mtype722.a(cooja-radio.o)
                              obj_cooja/mtype722.o (radio_interface)
obj_cooja/mtype722.a(eeprom.o)
                              obj_cooja/mtype722.o (eeprom_interface)
obj_cooja/mtype722.a(random.o)
                              obj_cooja/mtype722.a(moteid.o) (random_init)
obj_cooja/mtype722.a(sensors.o)
                              udp-server.co (sensors_event)
obj_cooja/mtype722.a(leds.o)  obj_cooja/mtype722.a(cooja-radio.o) (leds_on)
obj_cooja/mtype722.a(dual_conf.o)
                              obj_cooja/mtype722.a(cooja-radio.o) (long_range_radio)
obj_cooja/mtype722.a(autostart.o)
                              obj_cooja/mtype722.o (autostart_start)
obj_cooja/mtype722.a(ctimer.o)
                              obj_cooja/mtype722.o (ctimer_init)
obj_cooja/mtype722.a(etimer.o)
                              obj_cooja/mtype722.o (etimer_process)
obj_cooja/mtype722.a(log_message.o)
                              obj_cooja/mtype722.o (log_fp)
obj_cooja/mtype722.a(process.o)
                              udp-server.co (process_current)
obj_cooja/mtype722.a(residual.o)
                              obj_cooja/mtype722.o (DISSIPATION_RATE)
obj_cooja/mtype722.a(rtimer.o)
                              obj_cooja/mtype722.a(rtimer-arch.o) (rtimer_run_next)
obj_cooja/mtype722.a(timer.o)
                              obj_cooja/mtype722.a(button-sensor.o) (timer_set)
obj_cooja/mtype722.a(serial-line.o)
                              obj_cooja/mtype722.a(rs232.o) (serial_line_input_byte)
obj_cooja/mtype722.a(list.o)  obj_cooja/mtype722.a(ctimer.o) (list_init)
obj_cooja/mtype722.a(ringbuf.o)
                              obj_cooja/mtype722.a(serial-line.o) (ringbuf_init)
obj_cooja/mtype722.a(sicslowpan.o)
                              obj_cooja/mtype722.o (sicslowpan_driver)
obj_cooja/mtype722.a(uip-ds6-nbr.o)
                              obj_cooja/mtype722.a(sicslowpan.o) (uip_ds6_link_neighbor_callback)
obj_cooja/mtype722.a(uip-ds6.o)
                              udp-server.co (uip_ds6_if)
obj_cooja/mtype722.a(uip6.o)  obj_cooja/mtype722.o (uip_lladdr)
obj_cooja/mtype722.a(tcpip.o)
                              udp-server.co (tcpip_event)
obj_cooja/mtype722.a(uip-debug.o)
                              udp-server.co (uip_debug_ipaddr_print)
obj_cooja/mtype722.a(uip-packetqueue)
                              obj_cooja/mtype722.a(uip-ds6-nbr.o) (uip_packetqueue_new)
obj_cooja/mtype722.a(rpl-dag.o)
                              udp-server.co (rpl_set_root)
obj_cooja/mtype722.a(rpl-ext-header.)
                              obj_cooja/mtype722.a(uip6.o) (rpl_verify_header)
obj_cooja/mtype722.a(rpl-icmp6.o)
                              obj_cooja/mtype722.a(rpl-dag.o) (rpl_icmp6_update_nbr_table)
obj_cooja/mtype722.a(rpl-ltmax.o)
                              obj_cooja/mtype722.a(rpl-dag.o) (rpl_ltmax_of)
obj_cooja/mtype722.a(rpl-timers.o)
                              obj_cooja/mtype722.a(rpl-dag.o) (rpl_reset_dio_timer)
obj_cooja/mtype722.a(rpl.o)   obj_cooja/mtype722.a(rpl-icmp6.o) (rpl_get_mode)
obj_cooja/mtype722.a(csma.o)  udp-server.co (csma_driver)
obj_cooja/mtype722.a(framer-802154.o)
                              obj_cooja/mtype722.a(sicslowpan.o) (framer_802154)
obj_cooja/mtype722.a(mac.o)   obj_cooja/mtype722.a(csma.o) (mac_call_sent_callback)
obj_cooja/mtype722.a(cxmac.o)
                              obj_cooja/mtype722.o (cxmac_driver)
obj_cooja/mtype722.a(linkaddr.o)
                              obj_cooja/mtype722.o (linkaddr_node_addr)
[...]
Memory Configuration

Name             Origin             Length             Attributes
*default*        0x0000000000000000 0xffffffffffffffff

Linker script and memory map

LOAD /usr/lib/gcc/i686-linux-gnu/4.8/../../../i386-linux-gnu/crti.o
LOAD /usr/lib/gcc/i686-linux-gnu/4.8/crtbeginS.o
LOAD udp-server.co
LOAD obj_cooja/mtype722.o
LOAD obj_cooja/mtype722.a
LOAD /usr/lib/gcc/i686-linux-gnu/4.8/libgcc.a
LOAD /usr/lib/gcc/i686-linux-gnu/4.8/libgcc_s.so
LOAD /usr/lib/gcc/i686-linux-gnu/4.8/../../../i386-linux-gnu/libc.so
START GROUP
LOAD /lib/i386-linux-gnu/libc.so.6
LOAD /usr/lib/i386-linux-gnu/libc_nonshared.a
LOAD /lib/i386-linux-gnu/ld-linux.so.2
END GROUP
LOAD /usr/lib/gcc/i686-linux-gnu/4.8/libgcc.a
LOAD /usr/lib/gcc/i686-linux-gnu/4.8/libgcc_s.so
LOAD /usr/lib/gcc/i686-linux-gnu/4.8/crtendS.o
LOAD /usr/lib/gcc/i686-linux-gnu/4.8/../../../i386-linux-gnu/crtn.o
                0x0000000000000114                . = (0x0 + SIZEOF_HEADERS)

.note.gnu.build-id
                0x0000000000000114       0x24
 *(.note.gnu.build-id)
 .note.gnu.build-id
                0x0000000000000114       0x24 /usr/lib/gcc/i686-linux-gnu/4.8/../../../i386-linux-gnu/crti.o

.hash
 *(.hash)

.gnu.hash       0x0000000000000138     0x139c
 *(.gnu.hash)
 .gnu.hash      0x0000000000000138     0x139c /usr/lib/gcc/i686-linux-gnu/4.8/../../../i386-linux-gnu/crti.o

.dynsym         0x00000000000014d4     0x2700
 *(.dynsym)
 .dynsym        0x00000000000014d4     0x2700 /usr/lib/gcc/i686-linux-gnu/4.8/../../../i386-linux-gnu/crti.o

.dynstr         0x0000000000003bd4     0x27ba
 *(.dynstr)
 .dynstr        0x0000000000003bd4     0x27ba /usr/lib/gcc/i686-linux-gnu/4.8/../../../i386-linux-gnu/crti.o

.gnu.version    0x000000000000638e      0x4e0
 *(.gnu.version)
 .gnu.version   0x000000000000638e      0x4e0 /usr/lib/gcc/i686-linux-gnu/4.8/../../../i386-linux-gnu/crti.o

.gnu.version_d  0x0000000000006870        0x0
 *(.gnu.version_d)
 .gnu.version_d
                0x0000000000000000        0x0 /usr/lib/gcc/i686-linux-gnu/4.8/../../../i386-linux-gnu/crti.o

.gnu.version_r  0x0000000000006870       0x50
 *(.gnu.version_r)
 .gnu.version_r
                0x0000000000006870       0x50 /usr/lib/gcc/i686-linux-gnu/4.8/../../../i386-linux-gnu/crti.o

.rel.dyn        0x00000000000068c0     0x95a8
 *(.rel.init)
 .rel.init      0x0000000000000000        0x0 /usr/lib/gcc/i686-linux-gnu/4.8/../../../i386-linux-gnu/crti.o
 *(.rel.text .rel.text.* .rel.gnu.linkonce.t.*)
 .rel.text      0x00000000000068c0     0x8dd0 /usr/lib/gcc/i686-linux-gnu/4.8/../../../i386-linux-gnu/crti.o
 *(.rel.fini)
 .rel.fini      0x0000000000000000        0x0 /usr/lib/gcc/i686-linux-gnu/4.8/../../../i386-linux-gnu/crti.o
 *(.rel.rodata .rel.rodata.* .rel.gnu.linkonce.r.*)
 .rel.rodata    0x000000000000f690      0x4e0 /usr/lib/gcc/i686-linux-gnu/4.8/../../../i386-linux-gnu/crti.o
 *(.rel.data.rel.ro .rel.data.rel.ro.* .rel.gnu.linkonce.d.rel.ro.*)
 *(.rel.data .rel.data.* .rel.gnu.linkonce.d.*)
 .rel.data.rel  0x000000000000fb70        0x8 /usr/lib/gcc/i686-linux-gnu/4.8/../../../i386-linux-gnu/crti.o
 .rel.data      0x000000000000fb78      0x2b8 /usr/lib/gcc/i686-linux-gnu/4.8/../../../i386-linux-gnu/crti.o
 *(.rel.tdata .rel.tdata.* .rel.gnu.linkonce.td.*)
 *(.rel.tbss .rel.tbss.* .rel.gnu.linkonce.tb.*)
 *(.rel.ctors)
 *(.rel.dtors)
 *(.rel.got)
 .rel.got       0x000000000000fe30       0x28 /usr/lib/gcc/i686-linux-gnu/4.8/../../../i386-linux-gnu/crti.o
 *(.rel.bss .rel.bss.* .rel.gnu.linkonce.b.*)
 *(.rel.ifunc)
 .rel.ifunc     0x0000000000000000        0x0 /usr/lib/gcc/i686-linux-gnu/4.8/../../../i386-linux-gnu/crti.o
 .rel.fini_array
                0x000000000000fe58        0x8 /usr/lib/gcc/i686-linux-gnu/4.8/../../../i386-linux-gnu/crti.o
 .rel.init_array
                0x000000000000fe60        0x8 /usr/lib/gcc/i686-linux-gnu/4.8/../../../i386-linux-gnu/crti.o

.rel.plt        0x000000000000fe68       0x10
 *(.rel.plt)
 .rel.plt       0x000000000000fe68       0x10 /usr/lib/gcc/i686-linux-gnu/4.8/../../../i386-linux-gnu/crti.o
 *(.rel.iplt)

.init           0x000000000000fe78       0x23
 *(SORT(.init))
 .init          0x000000000000fe78       0x1e /usr/lib/gcc/i686-linux-gnu/4.8/../../../i386-linux-gnu/crti.o
                0x000000000000fe78                _init
 .init          0x000000000000fe96        0x5 /usr/lib/gcc/i686-linux-gnu/4.8/../../../i386-linux-gnu/crtn.o

.plt            0x000000000000fea0       0x30
 *(.plt)
 .plt           0x000000000000fea0       0x30 /usr/lib/gcc/i686-linux-gnu/4.8/../../../i386-linux-gnu/crti.o
 *(.iplt)

.text           0x000000000000fed0    0x16f58
 *(.text.unlikely .text.*_unlikely .text.unlikely.*)
 *(.text.exit .text.exit.*)
 *(.text.startup .text.startup.*)
 *(.text.hot .text.hot.*)
 *(.text .stub .text.* .gnu.linkonce.t.*)
 .text          0x000000000000fed0        0x0 /usr/lib/gcc/i686-linux-gnu/4.8/../../../i386-linux-gnu/crti.o
 .gnu.linkonce.t.__x86.get_pc_thunk.bx
                0x000000000000fed0        0x4 /usr/lib/gcc/i686-linux-gnu/4.8/../../../i386-linux-gnu/crti.o
                0x000000000000fed0                __x86.get_pc_thunk.bx
 *fill*         0x000000000000fed4        0xc 
 .text          0x000000000000fee0      0x11b /usr/lib/gcc/i686-linux-gnu/4.8/crtbeginS.o
 .text          0x000000000000fffb      0x4a8 udp-server.co
 .text          0x00000000000104a3      0x792 obj_cooja/mtype722.o
                0x00000000000105d9                contiki_init
                0x0000000000010a4c                Java_org_contikios_cooja_corecomm_Lib2_init
                0x0000000000010a8c                Java_org_contikios_cooja_corecomm_Lib2_getMemory
                0x0000000000010acc                Java_org_contikios_cooja_corecomm_Lib2_setMemory
                0x0000000000010b43                Java_org_contikios_cooja_corecomm_Lib2_tick
                0x0000000000010c23                Java_org_contikios_cooja_corecomm_Lib2_setReferenceAddress
 .text          0x0000000000010c35       0x63 obj_cooja/mtype722.a(simEnvChange.o)
                0x0000000000010c35                doActionsBeforeTick
                0x0000000000010c66                doActionsAfterTick
 .text          0x0000000000010c98       0xbc obj_cooja/mtype722.a(cooja_mt.o)
                0x0000000000010c98                cooja_mt_init
                0x0000000000010ca5                cooja_mt_remove
                0x0000000000010cb2                cooja_mt_start
                0x0000000000010cdf                cooja_mt_exec
                0x0000000000010d10                cooja_mt_exit
                0x0000000000010d32                cooja_mt_yield
 .text          0x0000000000010d54      0x115 obj_cooja/mtype722.a(cooja_mtarch.o)
                0x0000000000010d54                cooja_mtarch_init
                0x0000000000010d59                cooja_mtarch_start
                0x0000000000010dd4                cooja_sw
                0x0000000000010df6                cooja_mtarch_exec
                0x0000000000010e12                cooja_mtarch_remove
                0x0000000000010e17                cooja_mtarch_yield
                0x0000000000010e21                cooja_mtarch_pstop
                0x0000000000010e26                cooja_mtarch_pstart
                0x0000000000010e2b                cooja_mtarch_stack_usage
 .text          0x0000000000010e69       0xc2 obj_cooja/mtype722.a(rtimer-arch.o)
                0x0000000000010e69                rtimer_arch_init
                0x0000000000010e8c                rtimer_arch_schedule
                0x0000000000010ea3                rtimer_arch_next
                0x0000000000010ead                rtimer_arch_pending
                0x0000000000010eb7                rtimer_arch_check
                0x0000000000010ee9                rtimer_arch_now
 .text          0x0000000000010f2b       0x76 obj_cooja/mtype722.a(beep.o)
                0x0000000000010f2b                beep_alarm
                0x0000000000010f37                beep_beep
                0x0000000000010f43                beep
                0x0000000000010f4f                beep_down
                0x0000000000010f5b                beep_on
                0x0000000000010f67                beep_off
                0x0000000000010f73                beep_spinup
                0x0000000000010f7f                beep_quick
                0x0000000000010f8b                beep_long
 .text          0x0000000000010fa1      0x103 obj_cooja/mtype722.a(button-sensor.o)
 .text          0x00000000000110a4       0x45 obj_cooja/mtype722.a(leds-arch.o)
                0x00000000000110a4                leds_arch_init
                0x00000000000110b0                leds_arch_get
                0x00000000000110bc                leds_arch_set
 .text          0x00000000000110e9       0x2f obj_cooja/mtype722.a(moteid.o)
 .text          0x0000000000011118       0xb1 obj_cooja/mtype722.a(pir-sensor.o)
 .text          0x00000000000111c9      0x131 obj_cooja/mtype722.a(rs232.o)
                0x00000000000111c9                rs232_init
                0x00000000000111ce                rs232_set_speed
                0x00000000000111dc                rs232_set_input
                0x00000000000111e9                rs232_send
                0x000000000001120b                rs232_print
                0x0000000000011226                slip_arch_writeb
 .text          0x00000000000112fa       0xb1 obj_cooja/mtype722.a(vib-sensor.o)
 .text          0x00000000000113ab       0x34 obj_cooja/mtype722.a(clock.o)
                0x00000000000113ab                clock_init
                0x00000000000113b0                clock_time
                0x00000000000113ba                clock_seconds
                0x00000000000113d0                clock_delay
 .text          0x00000000000113df      0x1ed obj_cooja/mtype722.a(log.o)
                0x00000000000113df                simlog_char
                0x0000000000011421                simlog
                0x000000000001148e                log_message
                0x00000000000114b6                log_set_putchar_with_slip
                0x00000000000114c3                log_putchar
                0x0000000000011547                log_puts
                0x000000000001156b                log_printf
 .text          0x00000000000115cc      0x2c4 obj_cooja/mtype722.a(cfs-cooja.o)
                0x00000000000115cc                cfs_open
                0x0000000000011635                cfs_close
                0x0000000000011641                cfs_read
                0x00000000000116df                cfs_write
                0x00000000000117bc                cfs_seek
                0x0000000000011844                cfs_remove
                0x000000000001186d                cfs_opendir
                0x0000000000011877                cfs_readdir
                0x0000000000011881                cfs_closedir
 .text          0x0000000000011890      0x6c4 obj_cooja/mtype722.a(cooja-radio.o)
                0x00000000000118ba                radio_set_channel
                0x00000000000118cf                radio_set_txpower
                0x00000000000118ef                radio_signal_strength_last
                0x00000000000118f9                radio_signal_strength_current
                0x0000000000011903                radio_LQI
 .text          0x0000000000011f54       0xef obj_cooja/mtype722.a(eeprom.o)
                0x0000000000011f54                eeprom_init
                0x0000000000011f59                eeprom_read
                0x0000000000011fc9                eeprom_write
 .text          0x0000000000012043       0x28 obj_cooja/mtype722.a(random.o)
                0x0000000000012043                random_init
                0x000000000001205e                random_rand
 .text          0x000000000001206b      0x2a1 obj_cooja/mtype722.a(sensors.o)
                0x00000000000120a6                sensors_first
                0x00000000000120b0                sensors_next
                0x00000000000120cd                sensors_changed
                0x00000000000120fc                sensors_find
 .text          0x000000000001230c      0x134 obj_cooja/mtype722.a(leds.o)
                0x000000000001235d                leds_init
                0x0000000000012371                leds_blink
                0x00000000000123a9                leds_get
                0x00000000000123b6                leds_set
                0x00000000000123d0                leds_on
                0x00000000000123f3                leds_off
                0x000000000001241d                leds_toggle
 .text          0x0000000000012440      0x318 obj_cooja/mtype722.a(dual_conf.o)
                0x0000000000012440                dual_radio_switch
                0x0000000000012480                dual_radio_change
                0x00000000000124ba                sending_in_LR
                0x00000000000124e5                dual_radio_received
                0x000000000001251d                radio_received_is_longrange
                0x0000000000012538                dual_radio_turn_on
                0x000000000001255b                dual_radio_turn_off
                0x000000000001270e                dio_broadcast
                0x0000000000012737                dis_broadcast
 .text          0x0000000000012758       0x8e obj_cooja/mtype722.a(autostart.o)
                0x0000000000012758                autostart_start
                0x00000000000127a3                autostart_exit
 .text          0x00000000000127e6      0x334 obj_cooja/mtype722.a(ctimer.o)
                0x00000000000128fd                ctimer_init
                0x000000000001292d                ctimer_set
                0x000000000001295e                ctimer_set_with_process
                0x00000000000129da                ctimer_reset
                0x0000000000012a29                ctimer_restart
                0x0000000000012a78                ctimer_stop
                0x0000000000012ac3                ctimer_expired
 .text          0x0000000000012b1a      0x40b obj_cooja/mtype722.a(etimer.o)
                0x0000000000012d2d                etimer_request_poll
                0x0000000000012db1                etimer_set
                0x0000000000012dd6                etimer_reset_with_new_interval
                0x0000000000012dfd                etimer_reset
                0x0000000000012e1b                etimer_restart
                0x0000000000012e39                etimer_adjust
                0x0000000000012e55                etimer_expired
                0x0000000000012e68                etimer_expiration_time
                0x0000000000012e7a                etimer_start_time
                0x0000000000012e84                etimer_pending
                0x0000000000012e96                etimer_next_expiration_time
                0x0000000000012eb0                etimer_stop
 .text          0x0000000000012f25      0x225 obj_cooja/mtype722.a(log_message.o)
                0x0000000000012f25                log_initialization
                0x0000000000013124                log_reinit
                0x0000000000013129                log_finisher
 .text          0x000000000001314a      0x560 obj_cooja/mtype722.a(process.o)
                0x000000000001314a                process_alloc_event
                0x000000000001315f                process_start
                0x0000000000013348                process_exit
                0x0000000000013364                process_init
                0x0000000000013535                process_run
                0x0000000000013568                process_nevents
                0x0000000000013583                process_post
                0x000000000001362f                process_post_synch
                0x0000000000013667                process_poll
                0x0000000000013696                process_is_running
 .text          0x00000000000136aa       0xd3 obj_cooja/mtype722.a(residual.o)
                0x00000000000136aa                get_residual_energy
 .text          0x000000000001377d       0xba obj_cooja/mtype722.a(rtimer.o)
                0x000000000001377d                rtimer_init
                0x000000000001378a                rtimer_set
                0x00000000000137e1                rtimer_run_next
 .text          0x0000000000013837       0x91 obj_cooja/mtype722.a(timer.o)
                0x0000000000013837                timer_set
                0x0000000000013852                timer_reset
                0x0000000000013869                timer_restart
                0x000000000001387b                timer_expired
                0x00000000000138a4                timer_remaining
 .text          0x00000000000138c8      0x1fb obj_cooja/mtype722.a(serial-line.o)
                0x00000000000138c8                serial_line_input_byte
                0x0000000000013a8b                serial_line_init
 .text          0x0000000000013ac3      0x244 obj_cooja/mtype722.a(list.o)
                0x0000000000013ac3                list_init
                0x0000000000013ad1                list_head
                0x0000000000013adb                list_copy
                0x0000000000013aea                list_tail
                0x0000000000013b20                list_add
                0x0000000000013b69                list_push
                0x0000000000013b95                list_chop
                0x0000000000013bff                list_pop
                0x0000000000013c27                list_remove
                0x0000000000013c8e                list_length
                0x0000000000013cbc                list_insert
                0x0000000000013cf0                list_item_next
 .text          0x0000000000013d07      0x155 obj_cooja/mtype722.a(ringbuf.o)
                0x0000000000013d07                ringbuf_init
                0x0000000000013d38                ringbuf_put
                0x0000000000013db6                ringbuf_get
                0x0000000000013e23                ringbuf_size
                0x0000000000013e35                ringbuf_elements
 .text          0x0000000000013e5c     0x258b obj_cooja/mtype722.a(sicslowpan.o)
                0x00000000000143e6                rime_sniffer_add
                0x00000000000143f3                rime_sniffer_remove
                0x0000000000016386                sicslowpan_init
                0x00000000000163dd                sicslowpan_get_last_rssi
 .text          0x00000000000163e7      0x2d9 obj_cooja/mtype722.a(uip-ds6-nbr.o)
                0x0000000000016404                uip_ds6_neighbors_init
                0x0000000000016421                uip_ds6_nbr_add
                0x00000000000164cf                uip_ds6_nbr_rm
                0x000000000001652c                uip_ds6_nbr_get_ipaddr
                0x0000000000016541                uip_ds6_nbr_get_ll
                0x000000000001655d                uip_ds6_nbr_num
                0x00000000000165a2                uip_ds6_nbr_lookup
                0x0000000000016607                uip_ds6_nbr_ll_lookup
                0x0000000000016623                uip_ds6_nbr_ipaddr_from_lladdr
                0x0000000000016649                uip_ds6_nbr_lladdr_from_ipaddr
                0x0000000000016677                uip_ds6_link_neighbor_callback
 .text          0x00000000000166c0     0x12ad obj_cooja/mtype722.a(uip-ds6.o)
                0x00000000000166c0                uip_ds6_init
                0x0000000000016a15                uip_ds6_periodic
                0x0000000000016aed                uip_ds6_list_loop
                0x0000000000016b94                uip_ds6_prefix_add
                0x0000000000016c52                uip_ds6_prefix_rm
                0x0000000000016c64                uip_ds6_prefix_lookup
                0x0000000000016cb5                uip_ds6_is_addr_onlink
                0x0000000000016d29                uip_ds6_addr_add
                0x0000000000016e57                uip_ds6_long_addr_add
                0x0000000000016f85                uip_ds6_addr_rm
                0x0000000000017025                uip_ds6_addr_lookup
                0x0000000000017070                uip_ds6_long_addr_lookup
                0x00000000000170bb                uip_ds6_get_link_local
                0x000000000001713a                uip_ds6_long_get_link_local
                0x00000000000171b9                uip_ds6_get_global
                0x0000000000017238                uip_ds6_long_get_global
                0x00000000000172b7                uip_ds6_maddr_add
                0x0000000000017329                uip_ds6_long_maddr_add
                0x000000000001739b                uip_ds6_maddr_rm
                0x00000000000173ad                uip_ds6_maddr_lookup
                0x00000000000173f8                uip_ds6_long_maddr_lookup
                0x0000000000017443                uip_ds6_aaddr_add
                0x00000000000174b5                uip_ds6_long_aaddr_add
                0x0000000000017527                uip_ds6_aaddr_rm
                0x0000000000017539                uip_ds6_aaddr_lookup
                0x0000000000017584                uip_ds6_long_aaddr_lookup
                0x00000000000175cf                uip_ds6_select_src
                0x0000000000017858                uip_ds6_set_addr_iid
                0x000000000001788f                get_match_length
                0x0000000000017921                uip_ds6_compute_reachable_time
 .text          0x000000000001796d     0x29ac obj_cooja/mtype722.a(uip6.o)
                0x000000000001796d                uip_add32
                0x0000000000017b06                uip_chksum
                0x0000000000017bf4                uip_icmp6chksum
                0x0000000000017c08                uip_tcpchksum
                0x0000000000017c1c                uip_init
                0x0000000000017cec                uip_connect
                0x0000000000017e9b                remove_ext_hdr
                0x0000000000017f70                uip_udp_new
                0x00000000000180cc                uip_unlisten
                0x000000000001812c                uip_listen
                0x00000000000183ee                uip_process
                0x000000000001a20d                uip_htons
                0x000000000001a22f                uip_htonl
                0x000000000001a26f                uip_send
 .text          0x000000000001a319      0xa53 obj_cooja/mtype722.a(tcpip.o)
                0x000000000001a319                tcpip_output
                0x000000000001a354                tcpip_set_outputfunc
                0x000000000001a3e8                tcp_connect
                0x000000000001a43d                tcp_unlisten
                0x000000000001a498                tcp_listen
                0x000000000001a4f1                tcp_attach
                0x000000000001a516                udp_attach
                0x000000000001a53b                udp_new
                0x000000000001a58d                udp_broadcast_new
                0x000000000001a801                tcpip_input
                0x000000000001a835                tcpip_ipv6_output
                0x000000000001aba8                tcpip_poll_udp
                0x000000000001abcb                tcpip_poll_tcp
                0x000000000001abee                tcpip_uipcall
 .text          0x000000000001ad6c      0x1c1 obj_cooja/mtype722.a(uip-debug.o)
                0x000000000001ad6c                uip_debug_ipaddr_print
                0x000000000001aece                uip_debug_lladdr_print
 .text          0x000000000001af2d      0x141 obj_cooja/mtype722.a(uip-packetqueue)
                0x000000000001af59                uip_packetqueue_new
                0x000000000001af67                uip_packetqueue_alloc
                0x000000000001afc7                uip_packetqueue_free
                0x000000000001b008                uip_packetqueue_buf
                0x000000000001b025                uip_packetqueue_buflen
                0x000000000001b046                uip_packetqueue_set_buflen
 .text          0x000000000001b06e     0x25ad obj_cooja/mtype722.a(rpl-dag.o)
                0x000000000001b06e                rpl_print_neighbor_list
                0x000000000001b0d5                rpl_print_child_neighbor_list
                0x000000000001b13c                rpl_get_nbr
                0x000000000001b196                rpl_get_nbr_child
                0x000000000001b1f0                rpl_dag_init
                0x000000000001b222                rpl_get_parent
                0x000000000001b244                rpl_get_parent_rank
                0x000000000001b277                rpl_get_parent_link_metric
                0x000000000001b2aa                rpl_get_parent_ipaddr
                0x000000000001b2d4                rpl_get_child_ipaddr
                0x000000000001b5de                rpl_set_root
                0x000000000001b818                rpl_repair_root
                0x000000000001ba54                rpl_set_prefix
                0x000000000001bb53                rpl_set_default_route
                0x000000000001bbdf                rpl_alloc_instance
                0x000000000001bc67                rpl_alloc_dag
                0x000000000001bd1a                rpl_set_default_instance
                0x000000000001bd27                rpl_get_default_instance
                0x000000000001bd31                rpl_free_instance
                0x000000000001bdd2                rpl_free_dag
                0x000000000001be38                rpl_add_parent
                0x000000000001bf21                rpl_find_parent
                0x000000000001bf51                rpl_add_child
                0x000000000001bff5                rpl_find_child
                0x000000000001c043                rpl_find_parent_any_dag
                0x000000000001c07f                rpl_select_dag
                0x000000000001c4af                rpl_select_parent
                0x000000000001c511                rpl_remove_parent
                0x000000000001c547                rpl_remove_child
                0x000000000001c563                rpl_nullify_parent
                0x000000000001c601                rpl_move_parent
                0x000000000001c69e                rpl_has_downward_route
                0x000000000001c6f1                rpl_get_any_dag
                0x000000000001c753                rpl_get_instance
                0x000000000001c7b6                rpl_find_of
                0x000000000001c7f3                rpl_join_instance
                0x000000000001ca96                rpl_add_dag
                0x000000000001ce85                rpl_local_repair
                0x000000000001cf5e                rpl_recalculate_ranks
                0x000000000001cfe4                rpl_process_parent_event
                0x000000000001d096                rpl_process_dio
 .text          0x000000000001d61b      0xbf3 obj_cooja/mtype722.a(rpl-ext-header.)
                0x000000000001d638                rpl_verify_header
                0x000000000001dab2                rpl_update_header_empty
                0x000000000001ddc9                rpl_update_header_final
                0x000000000001df58                rpl_remove_header
                0x000000000001e062                rpl_invert_header
                0x000000000001e1ec                rpl_insert_header
 .text          0x000000000001e20e     0x2291 obj_cooja/mtype722.a(rpl-icmp6.o)
                0x000000000001e46d                rpl_icmp6_update_nbr_table
                0x000000000001e55d                dis_output
                0x000000000001ee95                dio_output
                0x000000000002000a                dao_output
                0x00000000000200d2                dao_output_target
                0x0000000000020453                dao_ack_output
                0x0000000000020467                rpl_icmp6_register_handlers
 .text          0x000000000002049f      0x3f0 obj_cooja/mtype722.a(rpl-ltmax.o)
 .text          0x000000000002088f      0x59d obj_cooja/mtype722.a(rpl-timers.o)
                0x0000000000020ad5                rpl_reset_periodic_timer
                0x0000000000020b2a                rpl_reset_dio_timer
                0x0000000000020d64                rpl_schedule_dao
                0x0000000000020d7f                rpl_schedule_dao_immediately
                0x0000000000020d9a                rpl_cancel_dao
                0x0000000000020dfc                rpl_schedule_unicast_dio_immediately
 .text          0x0000000000020e2c      0x5c5 obj_cooja/mtype722.a(rpl.o)
                0x0000000000020e2c                rpl_get_mode
                0x0000000000020e36                rpl_set_mode
                0x0000000000020ec4                rpl_purge_routes
                0x0000000000020fbe                rpl_remove_routes
                0x0000000000021004                rpl_remove_routes_by_nexthop
                0x0000000000021070                rpl_add_route
                0x00000000000210eb                rpl_link_neighbor_callback
                0x00000000000211f0                rpl_ipv6_neighbor_callback
                0x000000000002125f                rpl_purge_dags
                0x000000000002136b                rpl_init
 .text          0x00000000000213f1      0x903 obj_cooja/mtype722.a(csma.o)
 .text          0x0000000000021cf4      0x3f5 obj_cooja/mtype722.a(framer-802154.o)
 .text          0x00000000000220e9       0x3c obj_cooja/mtype722.a(mac.o)
                0x00000000000220e9                mac_call_sent_callback
 .text          0x0000000000022125     0x15f7 obj_cooja/mtype722.a(cxmac.o)
                0x000000000002366c                cxmac_set_announcement_radio_txpower
                0x0000000000023671                cxmac_init
 .text          0x000000000002371c       0x82 obj_cooja/mtype722.a(linkaddr.o)
                0x000000000002371c                linkaddr_copy
                0x000000000002373e                linkaddr_cmp
                0x0000000000023768                linkaddr_set_node_addr
                0x0000000000023783                linkaddr_set_node_long_addr
 .text          0x000000000002379e      0x919 obj_cooja/mtype722.a(nbr-table.o)
                0x000000000002379e                long_ip_from_lladdr_map
                0x000000000002382b                lladdr_map_add_lr
                0x00000000000238e8                lladdr_map_rm_lr
                0x0000000000023dad                nbr_table_register
                0x0000000000023df5                nbr_table_head
                0x0000000000023e51                nbr_table_next
                0x0000000000023eb8                nbr_table_add_lladdr
                0x0000000000023f94                nbr_table_get_from_lladdr
                0x0000000000023fe1                nbr_table_remove
                0x0000000000024033                nbr_table_lock
                0x000000000002405d                nbr_table_unlock
                0x0000000000024087                nbr_table_get_lladdr
 .text          0x00000000000240b7       0x2b obj_cooja/mtype722.a(netstack.o)
                0x00000000000240b7                netstack_init
 .text          0x00000000000240e2      0x3cd obj_cooja/mtype722.a(packetbuf.o)
                0x00000000000240e2                packetbuf_clear
                0x000000000002410c                packetbuf_copyfrom
                0x000000000002415e                packetbuf_compact
                0x00000000000241db                packetbuf_copyto
                0x0000000000024272                packetbuf_hdralloc
                0x00000000000242ef                packetbuf_hdrreduce
                0x0000000000024337                packetbuf_set_datalen
                0x0000000000024350                packetbuf_dataptr
                0x000000000002436d                packetbuf_hdrptr
                0x0000000000024377                packetbuf_datalen
                0x0000000000024383                packetbuf_hdrlen
                0x000000000002439a                packetbuf_totlen
                0x00000000000243b0                packetbuf_attr_clear
                0x0000000000024402                packetbuf_attr_copyto
                0x000000000002444b                packetbuf_attr_copyfrom
                0x0000000000024493                packetbuf_holds_broadcast
 .text          0x00000000000244af      0x2b4 obj_cooja/mtype722.a(queuebuf.o)
                0x00000000000244b9                queuebuf_init
                0x00000000000244d9                queuebuf_numfree
                0x00000000000244ed                queuebuf_new_from_packetbuf
                0x000000000002457d                queuebuf_update_attr_from_packetbuf
                0x00000000000245b0                queuebuf_update_from_packetbuf
                0x00000000000245fa                queuebuf_free
                0x0000000000024641                queuebuf_to_packetbuf
                0x00000000000246a7                queuebuf_dataptr
                0x00000000000246de                queuebuf_datalen
                0x0000000000024701                queuebuf_addr
                0x0000000000024733                queuebuf_attr
                0x000000000002475e                queuebuf_debug_print
 .text          0x0000000000024763       0x6e obj_cooja/mtype722.a(nullsec.o)
 .text          0x00000000000247d1       0x19 obj_cooja/mtype722.a(watchdog.o)
                0x00000000000247d1                watchdog_init
                0x00000000000247d6                watchdog_start
                0x00000000000247db                watchdog_periodic
                0x00000000000247e0                watchdog_stop
                0x00000000000247e5                watchdog_reboot
 .text          0x00000000000247ea        0x0 obj_cooja/mtype722.a(rimestats.o)
 .text          0x00000000000247ea       0xa3 obj_cooja/mtype722.a(stimer.o)
                0x00000000000247ea                stimer_set
                0x0000000000024805                stimer_reset
                0x000000000002481c                stimer_restart
                0x000000000002482e                stimer_expired
                0x0000000000024855                stimer_remaining
                0x0000000000024879                stimer_elapsed
 .text          0x000000000002488d      0x1c1 obj_cooja/mtype722.a(memb.o)
                0x000000000002488d                memb_init
                0x00000000000248eb                memb_alloc
                0x0000000000024950                memb_free
                0x00000000000249cb                memb_inmemb
                0x0000000000024a0a                memb_numfree
 .text          0x0000000000024a4e      0x916 obj_cooja/mtype722.a(uip-ds6-route.o)
                0x0000000000024ac5                uip_ds6_notification_add
                0x0000000000024af6                uip_ds6_notification_rm
                0x0000000000024b12                uip_ds6_route_init
                0x0000000000024b9a                uip_ds6_route_nexthop
                0x0000000000024bc2                uip_ds6_route_head
                0x0000000000024bd7                uip_ds6_route_next
                0x0000000000024bfd                uip_ds6_route_is_nexthop
                0x0000000000024c3c                uip_ds6_route_num_routes
                0x0000000000024c46                uip_ds6_route_lookup
                0x0000000000024d08                uip_ds6_route_add
                0x0000000000024f3c                uip_ds6_route_rm
                0x00000000000250d0                uip_ds6_route_rm_by_nexthop
                0x0000000000025108                uip_ds6_defrt_add
                0x00000000000251b9                uip_ds6_defrt_rm
                0x0000000000025238                uip_ds6_defrt_lookup
                0x0000000000025291                uip_ds6_defrt_choose
                0x00000000000252fc                uip_ds6_defrt_periodic
 .text          0x0000000000025364      0xabf obj_cooja/mtype722.a(uip-icmp6.o)
                0x00000000000253d2                uip_icmp6_input
                0x0000000000025428                uip_icmp6_register_input_handler
                0x00000000000256f0                uip_icmp6_error_output
                0x0000000000025a35                uip_icmp6_send
                0x0000000000025db6                uip_icmp6_echo_reply_callback_add
                0x0000000000025de7                uip_icmp6_echo_reply_callback_rm
                0x0000000000025e03                uip_icmp6_init
 .text          0x0000000000025e23      0x358 obj_cooja/mtype722.a(uip-nd6.o)
                0x0000000000025e77                uip_nd6_ns_output
                0x0000000000026176                uip_nd6_init
 .text          0x000000000002617b      0x331 obj_cooja/mtype722.a(rpl-nbr-policy.)
                0x0000000000026353                find_removable_dis
                0x0000000000026376                find_removable_dio
                0x0000000000026405                find_removable_dao
                0x0000000000026455                rpl_nbr_policy_find_removable
 .text          0x00000000000264ac      0x97c obj_cooja/mtype722.a(frame802154.o)
                0x00000000000264dd                frame802154_get_pan_id
                0x00000000000264e9                frame802154_set_pan_id
                0x0000000000026502                frame802154_has_panid
                0x00000000000265ee                frame802154_check_dest_panid
                0x0000000000026656                frame802154_is_broadcast_addr
                0x00000000000266a3                frame802154_extract_linkaddr
                0x00000000000268e3                frame802154_hdrlen
                0x0000000000026934                frame802154_create
                0x0000000000026b1f                frame802154_parse
 .text          0x0000000000026e28        0x0 /usr/lib/gcc/i686-linux-gnu/4.8/crtendS.o
 .text          0x0000000000026e28        0x0 /usr/lib/gcc/i686-linux-gnu/4.8/../../../i386-linux-gnu/crtn.o
 *(.gnu.warning)

.fini           0x0000000000026e28       0x14
 *(SORT(.fini))
 .fini          0x0000000000026e28        0xf /usr/lib/gcc/i686-linux-gnu/4.8/../../../i386-linux-gnu/crti.o
                0x0000000000026e28                _fini
 .fini          0x0000000000026e37        0x5 /usr/lib/gcc/i686-linux-gnu/4.8/../../../i386-linux-gnu/crtn.o
                0x0000000000026e3c                PROVIDE (__etext, .)
                0x0000000000026e3c                PROVIDE (_etext, .)
                0x0000000000026e3c                PROVIDE (etext, .)

.rodata         0x0000000000026e40      0xb20
 *(.rodata .rodata.* .gnu.linkonce.r.*)
 .rodata        0x0000000000026e40      0x158 udp-server.co
                0x0000000000026e54                autostart_processes
 .rodata        0x0000000000026f98      0x157 obj_cooja/mtype722.o
 *fill*         0x00000000000270ef        0x1 
 .rodata        0x00000000000270f0        0x8 obj_cooja/mtype722.a(beep.o)
                0x00000000000270f0                beep_interface
 .rodata        0x00000000000270f8       0x20 obj_cooja/mtype722.a(button-sensor.o)
                0x00000000000270f8                button_interface
                0x0000000000027108                button_sensor
 .rodata        0x0000000000027118        0x8 obj_cooja/mtype722.a(leds-arch.o)
                0x0000000000027118                leds_interface
 .rodata        0x0000000000027120        0x8 obj_cooja/mtype722.a(moteid.o)
                0x0000000000027120                moteid_interface
 .rodata        0x0000000000027128       0x1c obj_cooja/mtype722.a(pir-sensor.o)
                0x0000000000027128                pir_interface
                0x0000000000027134                pir_sensor
 .rodata        0x0000000000027144        0xe obj_cooja/mtype722.a(rs232.o)
                0x0000000000027144                rs232_interface
 *fill*         0x0000000000027152        0x2 
 .rodata        0x0000000000027154       0x24 obj_cooja/mtype722.a(vib-sensor.o)
                0x0000000000027154                vib_interface
                0x0000000000027168                vib_sensor
 .rodata        0x0000000000027178        0x8 obj_cooja/mtype722.a(clock.o)
                0x0000000000027178                clock_interface
 .rodata        0x0000000000027180        0x8 obj_cooja/mtype722.a(log.o)
                0x0000000000027180                simlog_interface
 .rodata        0x0000000000027188       0x2f obj_cooja/mtype722.a(cfs-cooja.o)
                0x0000000000027188                cfs_interface
 *fill*         0x00000000000271b7        0x9 
 .rodata        0x00000000000271c0       0x60 obj_cooja/mtype722.a(cooja-radio.o)
                0x00000000000271e0                cooja_radio_driver
                0x0000000000027218                radio_interface
 .rodata        0x0000000000027220        0x8 obj_cooja/mtype722.a(eeprom.o)
                0x0000000000027220                eeprom_interface
 .rodata        0x0000000000027228        0x8 obj_cooja/mtype722.a(sensors.o)
 .rodata        0x0000000000027230       0x1c obj_cooja/mtype722.a(dual_conf.o)
 .rodata        0x000000000002724c        0xf obj_cooja/mtype722.a(ctimer.o)
 .rodata        0x000000000002725b        0xc obj_cooja/mtype722.a(etimer.o)
 *fill*         0x0000000000027267        0x1 
 .rodata        0x0000000000027268      0x16d obj_cooja/mtype722.a(log_message.o)
 *fill*         0x00000000000273d5        0x3 
 .rodata        0x00000000000273d8       0x20 obj_cooja/mtype722.a(residual.o)
                0x00000000000273d8                DISSIPATION_RATE
 .rodata        0x00000000000273f8        0xe obj_cooja/mtype722.a(serial-line.o)
 *fill*         0x0000000000027406        0x2 
 .rodata        0x0000000000027408       0x2c obj_cooja/mtype722.a(sicslowpan.o)
                0x0000000000027408                unc_llconf
                0x000000000002740c                unc_ctxconf
                0x0000000000027410                unc_mxconf
                0x0000000000027414                llprefix
                0x0000000000027428                sicslowpan_driver
 .rodata        0x0000000000027434      0x13c obj_cooja/mtype722.a(uip6.o)
 .rodata        0x0000000000027570        0xd obj_cooja/mtype722.a(tcpip.o)
 .rodata        0x000000000002757d       0x3e obj_cooja/mtype722.a(uip-debug.o)
 *fill*         0x00000000000275bb        0x1 
 .rodata        0x00000000000275bc        0x7 obj_cooja/mtype722.a(rpl-dag.o)
 *fill*         0x00000000000275c3        0x1 
 .rodata        0x00000000000275c4       0x38 obj_cooja/mtype722.a(csma.o)
                0x00000000000275e0                csma_driver
 .rodata        0x00000000000275fc        0xc obj_cooja/mtype722.a(framer-802154.o)
                0x00000000000275fc                framer_802154
 *fill*         0x0000000000027608       0x18 
 .rodata        0x0000000000027620      0x320 obj_cooja/mtype722.a(cxmac.o)
                0x0000000000027920                cxmac_driver
 .rodata        0x0000000000027940        0x8 obj_cooja/mtype722.a(linkaddr.o)
                0x0000000000027940                linkaddr_null
 .rodata        0x0000000000027948       0x18 obj_cooja/mtype722.a(nullsec.o)
                0x0000000000027950                nullsec_driver

.rodata1
 *(.rodata1)

.eh_frame_hdr   0x0000000000027960     0x13e4
 *(.eh_frame_hdr)
 .eh_frame_hdr  0x0000000000027960     0x13e4 udp-server.co

.eh_frame       0x0000000000028d44     0x50f4
 *(.eh_frame)
 .eh_frame      0x0000000000028d44       0x3c /usr/lib/gcc/i686-linux-gnu/4.8/../../../i386-linux-gnu/crti.o
                                         0x40 (size before relaxing)
 .eh_frame      0x0000000000028d80       0x68 udp-server.co
                                         0x80 (size before relaxing)
 .eh_frame      0x0000000000028de8      0x148 obj_cooja/mtype722.o
                                        0x160 (size before relaxing)
 .eh_frame      0x0000000000028f30       0x40 obj_cooja/mtype722.a(simEnvChange.o)
                                         0x58 (size before relaxing)
 .eh_frame      0x0000000000028f70       0xc0 obj_cooja/mtype722.a(cooja_mt.o)
                                         0xd8 (size before relaxing)
 .eh_frame      0x0000000000029030      0x120 obj_cooja/mtype722.a(cooja_mtarch.o)
                                        0x138 (size before relaxing)
 .eh_frame      0x0000000000029150       0xc0 obj_cooja/mtype722.a(rtimer-arch.o)
                                         0xd8 (size before relaxing)
 .eh_frame      0x0000000000029210      0x160 obj_cooja/mtype722.a(beep.o)
                                        0x178 (size before relaxing)
 .eh_frame      0x0000000000029370       0xa0 obj_cooja/mtype722.a(button-sensor.o)
                                         0xb8 (size before relaxing)
 .eh_frame      0x0000000000029410       0xa0 obj_cooja/mtype722.a(leds-arch.o)
                                         0xb8 (size before relaxing)
 .eh_frame      0x00000000000294b0       0x40 obj_cooja/mtype722.a(moteid.o)
                                         0x58 (size before relaxing)
 .eh_frame      0x00000000000294f0       0xa0 obj_cooja/mtype722.a(pir-sensor.o)
                                         0xb8 (size before relaxing)
 .eh_frame      0x0000000000029590      0x100 obj_cooja/mtype722.a(rs232.o)
                                        0x118 (size before relaxing)
 .eh_frame      0x0000000000029690       0xa0 obj_cooja/mtype722.a(vib-sensor.o)
                                         0xb8 (size before relaxing)
 .eh_frame      0x0000000000029730       0xc0 obj_cooja/mtype722.a(clock.o)
                                         0xd8 (size before relaxing)
 .eh_frame      0x00000000000297f0      0x120 obj_cooja/mtype722.a(log.o)
                                        0x138 (size before relaxing)
 .eh_frame      0x0000000000029910      0x160 obj_cooja/mtype722.a(cfs-cooja.o)
                                        0x178 (size before relaxing)
 .eh_frame      0x0000000000029a70      0x2e0 obj_cooja/mtype722.a(cooja-radio.o)
                                        0x2f8 (size before relaxing)
 .eh_frame      0x0000000000029d50       0xa0 obj_cooja/mtype722.a(eeprom.o)
                                         0xb8 (size before relaxing)
 .eh_frame      0x0000000000029df0       0x40 obj_cooja/mtype722.a(random.o)
                                         0x58 (size before relaxing)
 .eh_frame      0x0000000000029e30       0xc0 obj_cooja/mtype722.a(sensors.o)
                                         0xd8 (size before relaxing)
 .eh_frame      0x0000000000029ef0      0x100 obj_cooja/mtype722.a(leds.o)
                                        0x118 (size before relaxing)
 .eh_frame      0x0000000000029ff0      0x160 obj_cooja/mtype722.a(dual_conf.o)
                                        0x178 (size before relaxing)
 .eh_frame      0x000000000002a150       0x40 obj_cooja/mtype722.a(autostart.o)
                                         0x58 (size before relaxing)
 .eh_frame      0x000000000002a190      0x100 obj_cooja/mtype722.a(ctimer.o)
                                        0x118 (size before relaxing)
 .eh_frame      0x000000000002a290      0x1e0 obj_cooja/mtype722.a(etimer.o)
                                        0x1f8 (size before relaxing)
 .eh_frame      0x000000000002a470       0x70 obj_cooja/mtype722.a(log_message.o)
                                         0x88 (size before relaxing)
 .eh_frame      0x000000000002a4e0      0x1c8 obj_cooja/mtype722.a(process.o)
                                        0x1e0 (size before relaxing)
 .eh_frame      0x000000000002a6a8       0x2c obj_cooja/mtype722.a(residual.o)
                                         0x44 (size before relaxing)
 .eh_frame      0x000000000002a6d4       0x60 obj_cooja/mtype722.a(rtimer.o)
                                         0x78 (size before relaxing)
 .eh_frame      0x000000000002a734       0xa4 obj_cooja/mtype722.a(timer.o)
                                         0xbc (size before relaxing)
 .eh_frame      0x000000000002a7d8       0x60 obj_cooja/mtype722.a(serial-line.o)
                                         0x78 (size before relaxing)
 .eh_frame      0x000000000002a838      0x180 obj_cooja/mtype722.a(list.o)
                                        0x198 (size before relaxing)
 .eh_frame      0x000000000002a9b8       0xa0 obj_cooja/mtype722.a(ringbuf.o)
                                         0xb8 (size before relaxing)
 .eh_frame      0x000000000002aa58      0x350 obj_cooja/mtype722.a(sicslowpan.o)
                                        0x368 (size before relaxing)
 .eh_frame      0x000000000002ada8      0x180 obj_cooja/mtype722.a(uip-ds6-nbr.o)
                                        0x198 (size before relaxing)
 .eh_frame      0x000000000002af28      0x3c8 obj_cooja/mtype722.a(uip-ds6.o)
                                        0x3e0 (size before relaxing)
 .eh_frame      0x000000000002b2f0      0x25c obj_cooja/mtype722.a(uip6.o)
                                        0x274 (size before relaxing)
 .eh_frame      0x000000000002b54c      0x270 obj_cooja/mtype722.a(tcpip.o)
                                        0x288 (size before relaxing)
 .eh_frame      0x000000000002b7bc       0x48 obj_cooja/mtype722.a(uip-debug.o)
                                         0x60 (size before relaxing)
 .eh_frame      0x000000000002b804       0xe0 obj_cooja/mtype722.a(uip-packetqueue)
                                         0xf8 (size before relaxing)
 .eh_frame      0x000000000002b8e4      0x74c obj_cooja/mtype722.a(rpl-dag.o)
                                        0x764 (size before relaxing)
 .eh_frame      0x000000000002c030      0x10c obj_cooja/mtype722.a(rpl-ext-header.)
                                        0x124 (size before relaxing)
 .eh_frame      0x000000000002c13c      0x278 obj_cooja/mtype722.a(rpl-icmp6.o)
                                        0x290 (size before relaxing)
 .eh_frame      0x000000000002c3b4       0xe0 obj_cooja/mtype722.a(rpl-ltmax.o)
                                         0xf8 (size before relaxing)
 .eh_frame      0x000000000002c494      0x1ac obj_cooja/mtype722.a(rpl-timers.o)
                                        0x1c4 (size before relaxing)
 .eh_frame      0x000000000002c640      0x148 obj_cooja/mtype722.a(rpl.o)
                                        0x160 (size before relaxing)
 .eh_frame      0x000000000002c788      0x28c obj_cooja/mtype722.a(csma.o)
                                        0x2a4 (size before relaxing)
 .eh_frame      0x000000000002ca14      0x108 obj_cooja/mtype722.a(framer-802154.o)
                                        0x120 (size before relaxing)
 .eh_frame      0x000000000002cb1c       0x20 obj_cooja/mtype722.a(mac.o)
                                         0x38 (size before relaxing)
 .eh_frame      0x000000000002cb3c      0x2c0 obj_cooja/mtype722.a(cxmac.o)
                                        0x2d8 (size before relaxing)
 .eh_frame      0x000000000002cdfc       0x80 obj_cooja/mtype722.a(linkaddr.o)
                                         0x98 (size before relaxing)
 .eh_frame      0x000000000002ce7c      0x2cc obj_cooja/mtype722.a(nbr-table.o)
                                        0x2e4 (size before relaxing)
 .eh_frame      0x000000000002d148       0x20 obj_cooja/mtype722.a(netstack.o)
                                         0x38 (size before relaxing)
 .eh_frame      0x000000000002d168      0x214 obj_cooja/mtype722.a(packetbuf.o)
                                        0x22c (size before relaxing)
 .eh_frame      0x000000000002d37c      0x1a0 obj_cooja/mtype722.a(queuebuf.o)
                                        0x1b8 (size before relaxing)
 .eh_frame      0x000000000002d51c       0x80 obj_cooja/mtype722.a(nullsec.o)
                                         0x98 (size before relaxing)
 .eh_frame      0x000000000002d59c       0xa0 obj_cooja/mtype722.a(watchdog.o)
                                         0xb8 (size before relaxing)
 .eh_frame      0x000000000002d63c       0xc4 obj_cooja/mtype722.a(stimer.o)
                                         0xdc (size before relaxing)
 .eh_frame      0x000000000002d700       0xa0 obj_cooja/mtype722.a(memb.o)
                                         0xb8 (size before relaxing)
 .eh_frame      0x000000000002d7a0      0x2a0 obj_cooja/mtype722.a(uip-ds6-route.o)
                                        0x2b8 (size before relaxing)
 .eh_frame      0x000000000002da40      0x168 obj_cooja/mtype722.a(uip-icmp6.o)
                                        0x180 (size before relaxing)
 .eh_frame      0x000000000002dba8       0x68 obj_cooja/mtype722.a(uip-nd6.o)
                                         0x80 (size before relaxing)
 .eh_frame      0x000000000002dc10       0xc0 obj_cooja/mtype722.a(rpl-nbr-policy.)
                                         0xd8 (size before relaxing)
 .eh_frame      0x000000000002dcd0      0x164 obj_cooja/mtype722.a(frame802154.o)
                                        0x17c (size before relaxing)
 .eh_frame      0x000000000002de34        0x4 /usr/lib/gcc/i686-linux-gnu/4.8/crtendS.o

.gcc_except_table
 *(.gcc_except_table .gcc_except_table.*)

.exception_ranges
 *(.exception_ranges .exception_ranges*)
                0x000000000002de38                . = (ALIGN (0x1000) - ((0x1000 - .) & 0xfff))
                0x000000000002eef8                . = DATA_SEGMENT_ALIGN (0x1000, 0x1000)

.eh_frame
 *(.eh_frame)

.gcc_except_table
 *(.gcc_except_table .gcc_except_table.*)

.exception_ranges
 *(.exception_ranges .exception_ranges*)

.tdata
 *(.tdata .tdata.* .gnu.linkonce.td.*)

.tbss
 *(.tbss .tbss.* .gnu.linkonce.tb.*)
 *(.tcommon)

.preinit_array
 *(.preinit_array)

.init_array     0x000000000002eef8        0x4
 *(SORT(.init_array.*) SORT(.ctors.*))
 *(.init_array EXCLUDE_FILE(*crtend?.o *crtend.o *crtbegin?.o *crtbegin.o) .ctors)
 .init_array    0x000000000002eef8        0x4 /usr/lib/gcc/i686-linux-gnu/4.8/crtbeginS.o

.fini_array     0x000000000002eefc        0x4
 *(SORT(.fini_array.*) SORT(.dtors.*))
 *(.fini_array EXCLUDE_FILE(*crtend?.o *crtend.o *crtbegin?.o *crtbegin.o) .dtors)
 .fini_array    0x000000000002eefc        0x4 /usr/lib/gcc/i686-linux-gnu/4.8/crtbeginS.o

.ctors
 *crtbegin.o(.ctors)
 *crtbegin?.o(.ctors)
 *(EXCLUDE_FILE(*crtend?.o *crtend.o) .ctors)
 *(SORT(.ctors.*))
 *(.ctors)

.dtors
 *crtbegin.o(.dtors)
 *crtbegin?.o(.dtors)
 *(EXCLUDE_FILE(*crtend?.o *crtend.o) .dtors)
 *(SORT(.dtors.*))
 *(.dtors)

.jcr            0x000000000002ef00        0x4
 *(.jcr)
 .jcr           0x000000000002ef00        0x0 /usr/lib/gcc/i686-linux-gnu/4.8/crtbeginS.o
 .jcr           0x000000000002ef00        0x4 /usr/lib/gcc/i686-linux-gnu/4.8/crtendS.o

.data.rel.ro
 *(.data.rel.ro.local* .gnu.linkonce.d.rel.ro.local.*)
 *(.data.rel.ro .data.rel.ro.* .gnu.linkonce.d.rel.ro.*)

.dynamic        0x000000000002ef04       0xe8
 *(.dynamic)
 .dynamic       0x000000000002ef04       0xe8 /usr/lib/gcc/i686-linux-gnu/4.8/../../../i386-linux-gnu/crti.o
                0x000000000002ef04                _DYNAMIC

.got            0x000000000002efec       0x14
 *(.got)
 .got           0x000000000002efec       0x14 /usr/lib/gcc/i686-linux-gnu/4.8/../../../i386-linux-gnu/crti.o
 *(.igot)
                0x000000000002fff4                . = DATA_SEGMENT_RELRO_END (., (SIZEOF (.got.plt) >= 0xc)?0xc:0x0)

.got.plt        0x000000000002f000       0x14
 *(.got.plt)
 .got.plt       0x000000000002f000       0x14 /usr/lib/gcc/i686-linux-gnu/4.8/../../../i386-linux-gnu/crti.o
                0x000000000002f000                _GLOBAL_OFFSET_TABLE_
 *(.igot.plt)

.data           0x000000000002f020      0x2a2
 *(.data .data.* .gnu.linkonce.d.*)
 .data          0x000000000002f020        0x0 /usr/lib/gcc/i686-linux-gnu/4.8/../../../i386-linux-gnu/crti.o
 .data          0x000000000002f020        0x0 /usr/lib/gcc/i686-linux-gnu/4.8/crtbeginS.o
 .data.rel      0x000000000002f020        0x4 /usr/lib/gcc/i686-linux-gnu/4.8/crtbeginS.o
                0x000000000002f020                __dso_handle
 .data          0x000000000002f024       0x10 udp-server.co
                0x000000000002f024                udp_server_process
 *fill*         0x000000000002f034        0xc 
 .data          0x000000000002f040       0x44 obj_cooja/mtype722.o
                0x000000000002f040                simInterfaces
                0x000000000002f074                sensors
 .data          0x000000000002f084        0x0 obj_cooja/mtype722.a(simEnvChange.o)
 .data          0x000000000002f084        0x0 obj_cooja/mtype722.a(cooja_mt.o)
 .data          0x000000000002f084        0x0 obj_cooja/mtype722.a(cooja_mtarch.o)
 .data          0x000000000002f084        0x0 obj_cooja/mtype722.a(rtimer-arch.o)
 .data          0x000000000002f084        0x0 obj_cooja/mtype722.a(beep.o)
 .data          0x000000000002f084        0x0 obj_cooja/mtype722.a(button-sensor.o)
 .data          0x000000000002f084        0x0 obj_cooja/mtype722.a(leds-arch.o)
 .data          0x000000000002f084        0x0 obj_cooja/mtype722.a(moteid.o)
 .data          0x000000000002f084        0x0 obj_cooja/mtype722.a(pir-sensor.o)
 .data          0x000000000002f084        0x0 obj_cooja/mtype722.a(rs232.o)
 .data          0x000000000002f084        0x0 obj_cooja/mtype722.a(vib-sensor.o)
 .data          0x000000000002f084        0x0 obj_cooja/mtype722.a(clock.o)
 .data          0x000000000002f084        0x0 obj_cooja/mtype722.a(log.o)
 .data          0x000000000002f084        0x0 obj_cooja/mtype722.a(cfs-cooja.o)
 .data          0x000000000002f084       0x40 obj_cooja/mtype722.a(cooja-radio.o)
                0x000000000002f084                simRadioChannelLR
                0x000000000002f088                simRadioHWOnLR
                0x000000000002f08c                simSignalStrengthLR
                0x000000000002f090                simLastSignalStrengthLR
                0x000000000002f094                simPowerLR
                0x000000000002f098                simLQILR
                0x000000000002f09c                simRadioChannel
                0x000000000002f0a0                simRadioHWOn
                0x000000000002f0a4                simSignalStrength
                0x000000000002f0a8                simLastSignalStrength
                0x000000000002f0ac                simPower
                0x000000000002f0b0                simLQI
                0x000000000002f0b4                cooja_radio_process
 .data          0x000000000002f0c4        0x0 obj_cooja/mtype722.a(eeprom.o)
 .data          0x000000000002f0c4        0x0 obj_cooja/mtype722.a(random.o)
 .data          0x000000000002f0c4       0x10 obj_cooja/mtype722.a(sensors.o)
                0x000000000002f0c4                sensors_process
 .data          0x000000000002f0d4        0x0 obj_cooja/mtype722.a(leds.o)
 .data          0x000000000002f0d4       0x28 obj_cooja/mtype722.a(dual_conf.o)
                0x000000000002f0d4                radio_received
                0x000000000002f0d8                dual_dio_broadcast
                0x000000000002f0e8                dual_dis_broadcast
 .data          0x000000000002f0fc        0x0 obj_cooja/mtype722.a(autostart.o)
 .data          0x000000000002f0fc       0x14 obj_cooja/mtype722.a(ctimer.o)
                0x000000000002f100                ctimer_process
 .data          0x000000000002f110       0x10 obj_cooja/mtype722.a(etimer.o)
                0x000000000002f110                etimer_process
 .data          0x000000000002f120        0x0 obj_cooja/mtype722.a(log_message.o)
 .data          0x000000000002f120        0x0 obj_cooja/mtype722.a(process.o)
 .data          0x000000000002f120        0x0 obj_cooja/mtype722.a(residual.o)
 .data          0x000000000002f120        0x0 obj_cooja/mtype722.a(rtimer.o)
 .data          0x000000000002f120        0x0 obj_cooja/mtype722.a(timer.o)
 .data          0x000000000002f120       0x10 obj_cooja/mtype722.a(serial-line.o)
                0x000000000002f120                serial_line_process
 .data          0x000000000002f130        0x0 obj_cooja/mtype722.a(list.o)
 .data          0x000000000002f130        0x0 obj_cooja/mtype722.a(ringbuf.o)
 .data          0x000000000002f130        0x0 obj_cooja/mtype722.a(sicslowpan.o)
 .data          0x000000000002f130       0x14 obj_cooja/mtype722.a(uip-ds6-nbr.o)
                0x000000000002f140                ds6_neighbors
 .data          0x000000000002f144        0x0 obj_cooja/mtype722.a(uip-ds6.o)
 .data          0x000000000002f144        0x0 obj_cooja/mtype722.a(uip6.o)
 .data          0x000000000002f144       0x10 obj_cooja/mtype722.a(tcpip.o)
                0x000000000002f144                tcpip_process
 .data          0x000000000002f154        0x0 obj_cooja/mtype722.a(uip-debug.o)
 .data          0x000000000002f154        0xc obj_cooja/mtype722.a(uip-packetqueue)
 .data          0x000000000002f160       0x28 obj_cooja/mtype722.a(rpl-dag.o)
                0x000000000002f170                rpl_parents
                0x000000000002f184                rpl_children
 .data          0x000000000002f188        0x0 obj_cooja/mtype722.a(rpl-ext-header.)
 .data          0x000000000002f188       0x34 obj_cooja/mtype722.a(rpl-icmp6.o)
 .data          0x000000000002f1bc       0x1c obj_cooja/mtype722.a(rpl-ltmax.o)
                0x000000000002f1bc                rpl_ltmax_of
 .data          0x000000000002f1d8        0x0 obj_cooja/mtype722.a(rpl-timers.o)
 .data          0x000000000002f1d8        0x0 obj_cooja/mtype722.a(rpl.o)
 .data          0x000000000002f1d8       0x28 obj_cooja/mtype722.a(csma.o)
 .data          0x000000000002f200        0x0 obj_cooja/mtype722.a(framer-802154.o)
 .data          0x000000000002f200        0x0 obj_cooja/mtype722.a(mac.o)
 .data          0x000000000002f200       0x30 obj_cooja/mtype722.a(cxmac.o)
                0x000000000002f200                cxmac_config
                0x000000000002f210                strobe_wait
 .data          0x000000000002f230        0x0 obj_cooja/mtype722.a(linkaddr.o)
 .data          0x000000000002f230       0x10 obj_cooja/mtype722.a(nbr-table.o)
 .data          0x000000000002f240        0x0 obj_cooja/mtype722.a(netstack.o)
 .data          0x000000000002f240        0x4 obj_cooja/mtype722.a(packetbuf.o)
 .data          0x000000000002f244       0x18 obj_cooja/mtype722.a(queuebuf.o)
 .data          0x000000000002f25c        0x0 obj_cooja/mtype722.a(nullsec.o)
 .data          0x000000000002f25c        0x0 obj_cooja/mtype722.a(watchdog.o)
 .data          0x000000000002f25c        0x0 obj_cooja/mtype722.a(rimestats.o)
 .data          0x000000000002f25c        0x0 obj_cooja/mtype722.a(stimer.o)
 .data          0x000000000002f25c        0x0 obj_cooja/mtype722.a(memb.o)
 .data          0x000000000002f25c       0x44 obj_cooja/mtype722.a(uip-ds6-route.o)
                0x000000000002f26c                nbr_routes
 .data          0x000000000002f2a0       0x20 obj_cooja/mtype722.a(uip-icmp6.o)
 .data          0x000000000002f2c0        0x0 obj_cooja/mtype722.a(uip-nd6.o)
 .data          0x000000000002f2c0        0x0 obj_cooja/mtype722.a(rpl-nbr-policy.)
 .data          0x000000000002f2c0        0x2 obj_cooja/mtype722.a(frame802154.o)
 .data          0x000000000002f2c2        0x0 /usr/lib/gcc/i686-linux-gnu/4.8/crtendS.o
 .data          0x000000000002f2c2        0x0 /usr/lib/gcc/i686-linux-gnu/4.8/../../../i386-linux-gnu/crtn.o

.tm_clone_table
                0x000000000002f2c4        0x0
 .tm_clone_table
                0x000000000002f2c4        0x0 /usr/lib/gcc/i686-linux-gnu/4.8/crtbeginS.o
 .tm_clone_table
                0x000000000002f2c4        0x0 /usr/lib/gcc/i686-linux-gnu/4.8/crtendS.o

.data1
 *(.data1)
                0x000000000002f2c4                _edata = .
                0x000000000002f2c4                PROVIDE (edata, .)
                0x000000000002f2c4                . = .
                0x000000000002f2c4                __bss_start = .

.bss            0x000000000002f2e0     0x9548
 *(.dynbss)
 .dynbss        0x0000000000000000        0x0 /usr/lib/gcc/i686-linux-gnu/4.8/../../../i386-linux-gnu/crti.o
 *(.bss .bss.* .gnu.linkonce.b.*)
 .bss           0x000000000002f2e0        0x0 /usr/lib/gcc/i686-linux-gnu/4.8/../../../i386-linux-gnu/crti.o
 .bss           0x000000000002f2e0        0x1 /usr/lib/gcc/i686-linux-gnu/4.8/crtbeginS.o
 *fill*         0x000000000002f2e1       0x1f 
 .bss           0x000000000002f300      0x3b8 udp-server.co
                0x000000000002f300                my_weight
                0x000000000002f320                id_array
                0x000000000002f4c0                id_count
 *fill*         0x000000000002f6b8        0x8 
 .bss           0x000000000002f6c0     0x2030 obj_cooja/mtype722.o
 .bss           0x00000000000316f0        0x1 obj_cooja/mtype722.a(simEnvChange.o)
                0x00000000000316f0                simDontFallAsleep
 *fill*         0x00000000000316f1        0x3 
 .bss           0x00000000000316f4        0x4 obj_cooja/mtype722.a(cooja_mt.o)
 .bss           0x00000000000316f8        0x4 obj_cooja/mtype722.a(cooja_mtarch.o)
 .bss           0x00000000000316fc        0xc obj_cooja/mtype722.a(rtimer-arch.o)
 .bss           0x0000000000031708        0x0 obj_cooja/mtype722.a(beep.o)
 .bss           0x0000000000031708        0x8 obj_cooja/mtype722.a(button-sensor.o)
 .bss           0x0000000000031710        0x0 obj_cooja/mtype722.a(leds-arch.o)
 .bss           0x0000000000031710        0x0 obj_cooja/mtype722.a(moteid.o)
 .bss           0x0000000000031710        0x1 obj_cooja/mtype722.a(pir-sensor.o)
                0x0000000000031710                simPirValue
 *fill*         0x0000000000031711        0x3 
 .bss           0x0000000000031714        0x4 obj_cooja/mtype722.a(rs232.o)
 .bss           0x0000000000031718        0x1 obj_cooja/mtype722.a(vib-sensor.o)
                0x0000000000031718                simVibValue
 .bss           0x0000000000031719        0x0 obj_cooja/mtype722.a(clock.o)
 *fill*         0x0000000000031719        0x7 
 .bss           0x0000000000031720      0x420 obj_cooja/mtype722.a(log.o)
 .bss           0x0000000000031b40      0xfc0 obj_cooja/mtype722.a(cfs-cooja.o)
                0x0000000000031b40                simCFSData
                0x0000000000032ae0                simCFSSize
                0x0000000000032ae4                simCFSChanged
                0x0000000000032ae8                simCFSRead
                0x0000000000032aec                simCFSWritten
 .bss           0x0000000000032b00       0x24 obj_cooja/mtype722.a(cooja-radio.o)
                0x0000000000032b00                simReceivingLR
                0x0000000000032b04                simInSizeLR
                0x0000000000032b08                simOutSizeLR
                0x0000000000032b0c                simReceiving
                0x0000000000032b10                simInSize
                0x0000000000032b14                simOutSize
                0x0000000000032b18                LongRangeTransmit
                0x0000000000032b1c                LongRangeReceiving
 .bss           0x0000000000032b24        0xc obj_cooja/mtype722.a(eeprom.o)
                0x0000000000032b24                simEEPROMChanged
                0x0000000000032b28                simEEPROMRead
                0x0000000000032b2c                simEEPROMWritten
 .bss           0x0000000000032b30        0x0 obj_cooja/mtype722.a(random.o)
 .bss           0x0000000000032b30        0xc obj_cooja/mtype722.a(sensors.o)
 .bss           0x0000000000032b3c        0x1 obj_cooja/mtype722.a(leds.o)
 *fill*         0x0000000000032b3d        0x3 
 .bss           0x0000000000032b40       0x2c obj_cooja/mtype722.a(dual_conf.o)
                0x0000000000032b40                long_range_radio
 .bss           0x0000000000032b6c        0x0 obj_cooja/mtype722.a(autostart.o)
 .bss           0x0000000000032b6c        0x5 obj_cooja/mtype722.a(ctimer.o)
 *fill*         0x0000000000032b71        0x3 
 .bss           0x0000000000032b74        0x8 obj_cooja/mtype722.a(etimer.o)
 .bss           0x0000000000032b7c        0x0 obj_cooja/mtype722.a(log_message.o)
 *fill*         0x0000000000032b7c        0x4 
 .bss           0x0000000000032b80      0x1b1 obj_cooja/mtype722.a(process.o)
                0x0000000000032b80                process_list
                0x0000000000032b84                process_current
 .bss           0x0000000000032d31        0x0 obj_cooja/mtype722.a(residual.o)
 *fill*         0x0000000000032d31        0x3 
 .bss           0x0000000000032d34        0x4 obj_cooja/mtype722.a(rtimer.o)
 .bss           0x0000000000032d38        0x0 obj_cooja/mtype722.a(timer.o)
 *fill*         0x0000000000032d38        0x8 
 .bss           0x0000000000032d40      0x140 obj_cooja/mtype722.a(serial-line.o)
 .bss           0x0000000000032e80        0x0 obj_cooja/mtype722.a(list.o)
 .bss           0x0000000000032e80        0x0 obj_cooja/mtype722.a(ringbuf.o)
 .bss           0x0000000000032e80      0x70c obj_cooja/mtype722.a(sicslowpan.o)
 *fill*         0x000000000003358c       0x14 
 .bss           0x00000000000335a0      0x4b0 obj_cooja/mtype722.a(uip-ds6-nbr.o)
 .bss           0x0000000000033a50       0x30 obj_cooja/mtype722.a(uip-ds6.o)
 .bss           0x0000000000033a80        0xe obj_cooja/mtype722.a(uip6.o)
                0x0000000000033a80                uip_ext_bitmap
                0x0000000000033a81                uip_ext_len
                0x0000000000033a82                uip_ext_opt_offset
 *fill*         0x0000000000033a8e       0x12 
 .bss           0x0000000000033aa0       0x68 obj_cooja/mtype722.a(tcpip.o)
 .bss           0x0000000000033b08        0x0 obj_cooja/mtype722.a(uip-debug.o)
 *fill*         0x0000000000033b08       0x18 
 .bss           0x0000000000033b20      0xcf8 obj_cooja/mtype722.a(uip-packetqueue)
 *fill*         0x0000000000034818        0x8 
 .bss           0x0000000000034820      0x352 obj_cooja/mtype722.a(rpl-dag.o)
 .bss           0x0000000000034b72        0x0 obj_cooja/mtype722.a(rpl-ext-header.)
 .bss           0x0000000000034b72        0x0 obj_cooja/mtype722.a(rpl-icmp6.o)
 .bss           0x0000000000034b72        0x0 obj_cooja/mtype722.a(rpl-ltmax.o)
 *fill*         0x0000000000034b72        0xe 
 .bss           0x0000000000034b80       0x23 obj_cooja/mtype722.a(rpl-timers.o)
 *fill*         0x0000000000034ba3        0x1 
 .bss           0x0000000000034ba4        0x4 obj_cooja/mtype722.a(rpl.o)
 *fill*         0x0000000000034ba8       0x18 
 .bss           0x0000000000034bc0      0x288 obj_cooja/mtype722.a(csma.o)
 .bss           0x0000000000034e48        0x2 obj_cooja/mtype722.a(framer-802154.o)
 .bss           0x0000000000034e4a        0x0 obj_cooja/mtype722.a(mac.o)
 *fill*         0x0000000000034e4a       0x16 
 .bss           0x0000000000034e60       0xb1 obj_cooja/mtype722.a(cxmac.o)
 .bss           0x0000000000034f11        0x0 obj_cooja/mtype722.a(linkaddr.o)
 *fill*         0x0000000000034f11        0xf 
 .bss           0x0000000000034f20      0x35c obj_cooja/mtype722.a(nbr-table.o)
 .bss           0x000000000003527c        0x0 obj_cooja/mtype722.a(netstack.o)
 *fill*         0x000000000003527c        0x4 
 .bss           0x0000000000035280       0xa0 obj_cooja/mtype722.a(packetbuf.o)
 .bss           0x0000000000035320      0xb80 obj_cooja/mtype722.a(queuebuf.o)
 .bss           0x0000000000035ea0        0x0 obj_cooja/mtype722.a(nullsec.o)
 .bss           0x0000000000035ea0        0x0 obj_cooja/mtype722.a(watchdog.o)
 .bss           0x0000000000035ea0        0x0 obj_cooja/mtype722.a(rimestats.o)
 .bss           0x0000000000035ea0        0x0 obj_cooja/mtype722.a(stimer.o)
 .bss           0x0000000000035ea0        0x0 obj_cooja/mtype722.a(memb.o)
 .bss           0x0000000000035ea0      0x608 obj_cooja/mtype722.a(uip-ds6-route.o)
 .bss           0x00000000000364a8       0x18 obj_cooja/mtype722.a(uip-icmp6.o)
 .bss           0x00000000000364c0        0x0 obj_cooja/mtype722.a(uip-nd6.o)
 .bss           0x00000000000364c0       0x44 obj_cooja/mtype722.a(rpl-nbr-policy.)
 .bss           0x0000000000036504        0x0 obj_cooja/mtype722.a(frame802154.o)
 .bss           0x0000000000036504        0x0 /usr/lib/gcc/i686-linux-gnu/4.8/crtendS.o
 .bss           0x0000000000036504        0x0 /usr/lib/gcc/i686-linux-gnu/4.8/../../../i386-linux-gnu/crtn.o
 *(COMMON)
 COMMON         0x0000000000036504        0x4 udp-server.co
                0x0000000000036504                dead
                0x0000000000036505                my_sink_reachability
                0x0000000000036506                join_instance
                0x0000000000036507                my_parent_number
 COMMON         0x0000000000036508       0x70 obj_cooja/mtype722.o
                0x0000000000036508                dio_count
                0x000000000003650c                dis_count
                0x0000000000036510                csma_drop_count
                0x0000000000036514                tcp_output_count
                0x0000000000036518                csma_transmission_count
                0x000000000003651c                dao_ack_fwd_count
                0x0000000000036520                COOJA_radioRxLong
                0x0000000000036524                cxmac_collision_count
                0x0000000000036528                cxmac_retransmission_count
                0x000000000003652c                control_message_count
                0x0000000000036530                dao_count
                0x0000000000036534                icmp_count
                0x0000000000036538                COOJA_radioTx
                0x000000000003653c                referenceVar
                0x0000000000036540                cxmac_transmission_count
                0x0000000000036544                dao_ack_count
                0x0000000000036548                data_message_count
                0x000000000003654c                COOJA_radioTxLong
                0x0000000000036550                COOJA_radioRx
                0x0000000000036554                debugfp
                0x0000000000036558                COOJA_radioOn
                0x000000000003655c                LSA_count
                0x0000000000036560                dao_fwd_count
                0x0000000000036564                COOJA_duration
                0x0000000000036568                dio_ack_count
                0x000000000003656c                COOJA_radioOnLong
                0x0000000000036570                sensors_flags
                0x0000000000036574                data_fwd_count
 COMMON         0x0000000000036578        0xc obj_cooja/mtype722.a(simEnvChange.o)
                0x0000000000036578                simEtimerPending
                0x000000000003657c                simProcessRunValue
                0x0000000000036580                simNextExpirationTime
 COMMON         0x0000000000036584        0x1 obj_cooja/mtype722.a(beep.o)
                0x0000000000036584                simBeeped
 COMMON         0x0000000000036585        0x3 obj_cooja/mtype722.a(button-sensor.o)
                0x0000000000036585                simButtonIsActive
                0x0000000000036586                simButtonIsDown
                0x0000000000036587                simButtonChanged
 COMMON         0x0000000000036588        0x2 obj_cooja/mtype722.a(leds-arch.o)
                0x0000000000036588                led_end
                0x0000000000036589                simLedsValue
 *fill*         0x000000000003658a        0x2 
 COMMON         0x000000000003658c        0xc obj_cooja/mtype722.a(moteid.o)
                0x000000000003658c                simRandomSeed
                0x0000000000036590                simMoteIDChanged
                0x0000000000036594                simMoteID
 COMMON         0x0000000000036598        0x2 obj_cooja/mtype722.a(pir-sensor.o)
                0x0000000000036598                simPirIsActive
                0x0000000000036599                simPirChanged
 *fill*         0x000000000003659a        0x6 
 COMMON         0x00000000000365a0      0x820 obj_cooja/mtype722.a(rs232.o)
                0x00000000000365a0                simSerialReceivingFlag
                0x00000000000365a4                simSerialReceivingLength
                0x00000000000365c0                simSerialReceivingData
 COMMON         0x0000000000036dc0        0x2 obj_cooja/mtype722.a(vib-sensor.o)
                0x0000000000036dc0                simVibChanged
                0x0000000000036dc1                simVibIsActive
 *fill*         0x0000000000036dc2        0x2 
 COMMON         0x0000000000036dc4        0x4 obj_cooja/mtype722.a(clock.o)
                0x0000000000036dc4                simCurrentTime
 *fill*         0x0000000000036dc8       0x18 
 COMMON         0x0000000000036de0      0x420 obj_cooja/mtype722.a(log.o)
                0x0000000000036de0                simLoggedLength
                0x0000000000036de4                simLoggedFlag
                0x0000000000036e00                simLoggedData
 COMMON         0x0000000000037200      0x260 obj_cooja/mtype722.a(cooja-radio.o)
                0x0000000000037200                simOutDataBuffer
                0x0000000000037280                simRadioTarget
                0x00000000000372a0                simInDataBufferLR
                0x0000000000037320                packet_forwarding
                0x0000000000037340                simOutDataBufferLR
                0x00000000000373c0                dual_duty_cycle_count
                0x00000000000373e0                simInDataBuffer
 COMMON         0x0000000000037460      0x400 obj_cooja/mtype722.a(eeprom.o)
                0x0000000000037460                simEEPROMData
 COMMON         0x0000000000037860        0x1 obj_cooja/mtype722.a(sensors.o)
                0x0000000000037860                sensors_event
 *fill*         0x0000000000037861        0x3 
 COMMON         0x0000000000037864        0x4 obj_cooja/mtype722.a(log_message.o)
                0x0000000000037864                log_fp
 COMMON         0x0000000000037868        0x1 obj_cooja/mtype722.a(serial-line.o)
                0x0000000000037868                serial_line_event_message
 *fill*         0x0000000000037869       0x17 
 COMMON         0x0000000000037880      0x1f4 obj_cooja/mtype722.a(uip-ds6-nbr.o)
                0x0000000000037880                ds6_lr_addrmap
 *fill*         0x0000000000037a74        0xc 
 COMMON         0x0000000000037a80      0x298 obj_cooja/mtype722.a(uip-ds6.o)
                0x0000000000037a80                uip_ds6_prefix_list
                0x0000000000037ae0                uip_ds6_timer_periodic
                0x0000000000037af0                uip_ds6_netif_addr_list_offset
                0x0000000000037b00                uip_ds6_if
                0x0000000000037bf8                uip_ds6_timer_ra
                0x0000000000037c00                uip_ds6_addr_size
                0x0000000000037c20                long_uip_ds6_if
 *fill*         0x0000000000037d18        0x8 
 COMMON         0x0000000000037d20      0x8ec obj_cooja/mtype722.a(uip6.o)
                0x0000000000037d20                uip_slen
                0x0000000000037d22                uip_acc32
                0x0000000000037d40                uip_conns
                0x0000000000037e00                uip_lladdr
                0x0000000000037e08                uip_appdata
                0x0000000000037e0c                uip_flags
                0x0000000000037e20                uip_aligned_buf
                0x0000000000038460                uip_listenports
                0x0000000000038470                uip_len
                0x0000000000038472                uip_long_lladdr
                0x000000000003847c                uip_sappdata
                0x0000000000038480                uip_udp_conns
                0x0000000000038600                uip_udp_conn
                0x0000000000038604                uip_next_hdr
                0x0000000000038608                uip_conn
 COMMON         0x000000000003860c        0x1 obj_cooja/mtype722.a(tcpip.o)
                0x000000000003860c                tcpip_event
 *fill*         0x000000000003860d       0x13 
 COMMON         0x0000000000038620      0x178 obj_cooja/mtype722.a(rpl-dag.o)
                0x0000000000038620                default_instance
                0x0000000000038640                instance_table
 COMMON         0x0000000000038798       0x10 obj_cooja/mtype722.a(linkaddr.o)
                0x0000000000038798                linkaddr_node_addr
                0x00000000000387a0                long_linkaddr_node_addr
 COMMON         0x00000000000387a8       0x2e obj_cooja/mtype722.a(packetbuf.o)
                0x00000000000387a8                packetbuf_attrs
                0x00000000000387c6                packetbuf_addrs
 *fill*         0x00000000000387d6        0xa 
 COMMON         0x00000000000387e0       0x48 obj_cooja/mtype722.a(rimestats.o)
                0x00000000000387e0                rimestats
                0x0000000000038828                . = ALIGN ((. != 0x0)?0x4:0x1)
                0x0000000000038828                . = ALIGN (0x4)
                0x0000000000038828                . = SEGMENT_START ("ldata-segment", .)
                0x0000000000038828                . = ALIGN (0x4)
                0x0000000000038828                _end = .
                0x0000000000038828                PROVIDE (end, .)
                0x0000000000038828                . = DATA_SEGMENT_END (.)

.stab
 *(.stab)

.stabstr
 *(.stabstr)

.stab.excl
 *(.stab.excl)

.stab.exclstr
 *(.stab.exclstr)

.stab.index
 *(.stab.index)

.stab.indexstr
 *(.stab.indexstr)

.comment        0x0000000000000000       0x29
 *(.comment)
 .comment       0x0000000000000000       0x29 /usr/lib/gcc/i686-linux-gnu/4.8/crtbeginS.o
                                         0x2a (size before relaxing)
 .comment       0x0000000000000000       0x2a udp-server.co
 .comment       0x0000000000000000       0x2a obj_cooja/mtype722.o
 .comment       0x0000000000000000       0x2a obj_cooja/mtype722.a(simEnvChange.o)
 .comment       0x0000000000000000       0x2a obj_cooja/mtype722.a(cooja_mt.o)
 .comment       0x0000000000000000       0x2a obj_cooja/mtype722.a(cooja_mtarch.o)
 .comment       0x0000000000000000       0x2a obj_cooja/mtype722.a(rtimer-arch.o)
 .comment       0x0000000000000000       0x2a obj_cooja/mtype722.a(beep.o)
 .comment       0x0000000000000000       0x2a obj_cooja/mtype722.a(button-sensor.o)
 .comment       0x0000000000000000       0x2a obj_cooja/mtype722.a(leds-arch.o)
 .comment       0x0000000000000000       0x2a obj_cooja/mtype722.a(moteid.o)
 .comment       0x0000000000000000       0x2a obj_cooja/mtype722.a(pir-sensor.o)
 .comment       0x0000000000000000       0x2a obj_cooja/mtype722.a(rs232.o)
 .comment       0x0000000000000000       0x2a obj_cooja/mtype722.a(vib-sensor.o)
 .comment       0x0000000000000000       0x2a obj_cooja/mtype722.a(clock.o)
 .comment       0x0000000000000000       0x2a obj_cooja/mtype722.a(log.o)
 .comment       0x0000000000000000       0x2a obj_cooja/mtype722.a(cfs-cooja.o)
 .comment       0x0000000000000000       0x2a obj_cooja/mtype722.a(cooja-radio.o)
 .comment       0x0000000000000000       0x2a obj_cooja/mtype722.a(eeprom.o)
 .comment       0x0000000000000000       0x2a obj_cooja/mtype722.a(random.o)
 .comment       0x0000000000000000       0x2a obj_cooja/mtype722.a(sensors.o)
 .comment       0x0000000000000000       0x2a obj_cooja/mtype722.a(leds.o)
 .comment       0x0000000000000000       0x2a obj_cooja/mtype722.a(dual_conf.o)
 .comment       0x0000000000000000       0x2a obj_cooja/mtype722.a(autostart.o)
 .comment       0x0000000000000000       0x2a obj_cooja/mtype722.a(ctimer.o)
 .comment       0x0000000000000000       0x2a obj_cooja/mtype722.a(etimer.o)
 .comment       0x0000000000000000       0x2a obj_cooja/mtype722.a(log_message.o)
 .comment       0x0000000000000000       0x2a obj_cooja/mtype722.a(process.o)
 .comment       0x0000000000000000       0x2a obj_cooja/mtype722.a(residual.o)
 .comment       0x0000000000000000       0x2a obj_cooja/mtype722.a(rtimer.o)
 .comment       0x0000000000000000       0x2a obj_cooja/mtype722.a(timer.o)
 .comment       0x0000000000000000       0x2a obj_cooja/mtype722.a(serial-line.o)
 .comment       0x0000000000000000       0x2a obj_cooja/mtype722.a(list.o)
 .comment       0x0000000000000000       0x2a obj_cooja/mtype722.a(ringbuf.o)
 .comment       0x0000000000000000       0x2a obj_cooja/mtype722.a(sicslowpan.o)
 .comment       0x0000000000000000       0x2a obj_cooja/mtype722.a(uip-ds6-nbr.o)
 .comment       0x0000000000000000       0x2a obj_cooja/mtype722.a(uip-ds6.o)
 .comment       0x0000000000000000       0x2a obj_cooja/mtype722.a(uip6.o)
 .comment       0x0000000000000000       0x2a obj_cooja/mtype722.a(tcpip.o)
 .comment       0x0000000000000000       0x2a obj_cooja/mtype722.a(uip-debug.o)
 .comment       0x0000000000000000       0x2a obj_cooja/mtype722.a(uip-packetqueue)
 .comment       0x0000000000000000       0x2a obj_cooja/mtype722.a(rpl-dag.o)
 .comment       0x0000000000000000       0x2a obj_cooja/mtype722.a(rpl-ext-header.)
 .comment       0x0000000000000000       0x2a obj_cooja/mtype722.a(rpl-icmp6.o)
 .comment       0x0000000000000000       0x2a obj_cooja/mtype722.a(rpl-ltmax.o)
 .comment       0x0000000000000000       0x2a obj_cooja/mtype722.a(rpl-timers.o)
 .comment       0x0000000000000000       0x2a obj_cooja/mtype722.a(rpl.o)
 .comment       0x0000000000000000       0x2a obj_cooja/mtype722.a(csma.o)
 .comment       0x0000000000000000       0x2a obj_cooja/mtype722.a(framer-802154.o)
 .comment       0x0000000000000000       0x2a obj_cooja/mtype722.a(mac.o)
 .comment       0x0000000000000000       0x2a obj_cooja/mtype722.a(cxmac.o)
 .comment       0x0000000000000000       0x2a obj_cooja/mtype722.a(linkaddr.o)
 .comment       0x0000000000000000       0x2a obj_cooja/mtype722.a(nbr-table.o)
 .comment       0x0000000000000000       0x2a obj_cooja/mtype722.a(netstack.o)
 .comment       0x0000000000000000       0x2a obj_cooja/mtype722.a(packetbuf.o)
 .comment       0x0000000000000000       0x2a obj_cooja/mtype722.a(queuebuf.o)
 .comment       0x0000000000000000       0x2a obj_cooja/mtype722.a(nullsec.o)
 .comment       0x0000000000000000       0x2a obj_cooja/mtype722.a(watchdog.o)
 .comment       0x0000000000000000       0x2a obj_cooja/mtype722.a(rimestats.o)
 .comment       0x0000000000000000       0x2a obj_cooja/mtype722.a(stimer.o)
 .comment       0x0000000000000000       0x2a obj_cooja/mtype722.a(memb.o)
 .comment       0x0000000000000000       0x2a obj_cooja/mtype722.a(uip-ds6-route.o)
 .comment       0x0000000000000000       0x2a obj_cooja/mtype722.a(uip-icmp6.o)
 .comment       0x0000000000000000       0x2a obj_cooja/mtype722.a(uip-nd6.o)
 .comment       0x0000000000000000       0x2a obj_cooja/mtype722.a(rpl-nbr-policy.)
 .comment       0x0000000000000000       0x2a obj_cooja/mtype722.a(frame802154.o)
 .comment       0x0000000000000000       0x2a /usr/lib/gcc/i686-linux-gnu/4.8/crtendS.o

.debug
 *(.debug)

.line
 *(.line)

.debug_srcinfo
 *(.debug_srcinfo)

.debug_sfnames
 *(.debug_sfnames)

.debug_aranges  0x0000000000000000      0x818
 *(.debug_aranges)
 .debug_aranges
                0x0000000000000000       0x20 udp-server.co
 .debug_aranges
                0x0000000000000020       0x20 obj_cooja/mtype722.o
 .debug_aranges
                0x0000000000000040       0x20 obj_cooja/mtype722.a(simEnvChange.o)
 .debug_aranges
                0x0000000000000060       0x20 obj_cooja/mtype722.a(cooja_mt.o)
 .debug_aranges
                0x0000000000000080       0x20 obj_cooja/mtype722.a(cooja_mtarch.o)
 .debug_aranges
                0x00000000000000a0       0x20 obj_cooja/mtype722.a(rtimer-arch.o)
 .debug_aranges
                0x00000000000000c0       0x20 obj_cooja/mtype722.a(beep.o)
 .debug_aranges
                0x00000000000000e0       0x20 obj_cooja/mtype722.a(button-sensor.o)
 .debug_aranges
                0x0000000000000100       0x20 obj_cooja/mtype722.a(leds-arch.o)
 .debug_aranges
                0x0000000000000120       0x20 obj_cooja/mtype722.a(moteid.o)
 .debug_aranges
                0x0000000000000140       0x20 obj_cooja/mtype722.a(pir-sensor.o)
 .debug_aranges
                0x0000000000000160       0x20 obj_cooja/mtype722.a(rs232.o)
 .debug_aranges
                0x0000000000000180       0x20 obj_cooja/mtype722.a(vib-sensor.o)
 .debug_aranges
                0x00000000000001a0       0x20 obj_cooja/mtype722.a(clock.o)
 .debug_aranges
                0x00000000000001c0       0x20 obj_cooja/mtype722.a(log.o)
 .debug_aranges
                0x00000000000001e0       0x20 obj_cooja/mtype722.a(cfs-cooja.o)
 .debug_aranges
                0x0000000000000200       0x20 obj_cooja/mtype722.a(cooja-radio.o)
 .debug_aranges
                0x0000000000000220       0x20 obj_cooja/mtype722.a(eeprom.o)
 .debug_aranges
                0x0000000000000240       0x20 obj_cooja/mtype722.a(random.o)
 .debug_aranges
                0x0000000000000260       0x20 obj_cooja/mtype722.a(sensors.o)
 .debug_aranges
                0x0000000000000280       0x20 obj_cooja/mtype722.a(leds.o)
 .debug_aranges
                0x00000000000002a0       0x20 obj_cooja/mtype722.a(dual_conf.o)
 .debug_aranges
                0x00000000000002c0       0x20 obj_cooja/mtype722.a(autostart.o)
 .debug_aranges
                0x00000000000002e0       0x20 obj_cooja/mtype722.a(ctimer.o)
 .debug_aranges
                0x0000000000000300       0x20 obj_cooja/mtype722.a(etimer.o)
 .debug_aranges
                0x0000000000000320       0x20 obj_cooja/mtype722.a(log_message.o)
 .debug_aranges
                0x0000000000000340       0x20 obj_cooja/mtype722.a(process.o)
 .debug_aranges
                0x0000000000000360       0x20 obj_cooja/mtype722.a(residual.o)
 .debug_aranges
                0x0000000000000380       0x20 obj_cooja/mtype722.a(rtimer.o)
 .debug_aranges
                0x00000000000003a0       0x20 obj_cooja/mtype722.a(timer.o)
 .debug_aranges
                0x00000000000003c0       0x20 obj_cooja/mtype722.a(serial-line.o)
 .debug_aranges
                0x00000000000003e0       0x20 obj_cooja/mtype722.a(list.o)
 .debug_aranges
                0x0000000000000400       0x20 obj_cooja/mtype722.a(ringbuf.o)
 .debug_aranges
                0x0000000000000420       0x20 obj_cooja/mtype722.a(sicslowpan.o)
 .debug_aranges
                0x0000000000000440       0x20 obj_cooja/mtype722.a(uip-ds6-nbr.o)
 .debug_aranges
                0x0000000000000460       0x20 obj_cooja/mtype722.a(uip-ds6.o)
 .debug_aranges
                0x0000000000000480       0x20 obj_cooja/mtype722.a(uip6.o)
 .debug_aranges
                0x00000000000004a0       0x20 obj_cooja/mtype722.a(tcpip.o)
 .debug_aranges
                0x00000000000004c0       0x20 obj_cooja/mtype722.a(uip-debug.o)
 .debug_aranges
                0x00000000000004e0       0x20 obj_cooja/mtype722.a(uip-packetqueue)
 .debug_aranges
                0x0000000000000500       0x20 obj_cooja/mtype722.a(rpl-dag.o)
 .debug_aranges
                0x0000000000000520       0x20 obj_cooja/mtype722.a(rpl-ext-header.)
 .debug_aranges
                0x0000000000000540       0x20 obj_cooja/mtype722.a(rpl-icmp6.o)
 .debug_aranges
                0x0000000000000560       0x20 obj_cooja/mtype722.a(rpl-ltmax.o)
 .debug_aranges
                0x0000000000000580       0x20 obj_cooja/mtype722.a(rpl-timers.o)
 .debug_aranges
                0x00000000000005a0       0x20 obj_cooja/mtype722.a(rpl.o)
 .debug_aranges
                0x00000000000005c0       0x20 obj_cooja/mtype722.a(csma.o)
 .debug_aranges
                0x00000000000005e0       0x20 obj_cooja/mtype722.a(framer-802154.o)
 .debug_aranges
                0x0000000000000600       0x20 obj_cooja/mtype722.a(mac.o)
 .debug_aranges
                0x0000000000000620       0x20 obj_cooja/mtype722.a(cxmac.o)
 .debug_aranges
                0x0000000000000640       0x20 obj_cooja/mtype722.a(linkaddr.o)
 .debug_aranges
                0x0000000000000660       0x20 obj_cooja/mtype722.a(nbr-table.o)
 .debug_aranges
                0x0000000000000680       0x20 obj_cooja/mtype722.a(netstack.o)
 .debug_aranges
                0x00000000000006a0       0x20 obj_cooja/mtype722.a(packetbuf.o)
 .debug_aranges
                0x00000000000006c0       0x20 obj_cooja/mtype722.a(queuebuf.o)
 .debug_aranges
                0x00000000000006e0       0x20 obj_cooja/mtype722.a(nullsec.o)
 .debug_aranges
                0x0000000000000700       0x20 obj_cooja/mtype722.a(watchdog.o)
 .debug_aranges
                0x0000000000000720       0x18 obj_cooja/mtype722.a(rimestats.o)
 .debug_aranges
                0x0000000000000738       0x20 obj_cooja/mtype722.a(stimer.o)
 .debug_aranges
                0x0000000000000758       0x20 obj_cooja/mtype722.a(memb.o)
 .debug_aranges
                0x0000000000000778       0x20 obj_cooja/mtype722.a(uip-ds6-route.o)
 .debug_aranges
                0x0000000000000798       0x20 obj_cooja/mtype722.a(uip-icmp6.o)
 .debug_aranges
                0x00000000000007b8       0x20 obj_cooja/mtype722.a(uip-nd6.o)
 .debug_aranges
                0x00000000000007d8       0x20 obj_cooja/mtype722.a(rpl-nbr-policy.)
 .debug_aranges
                0x00000000000007f8       0x20 obj_cooja/mtype722.a(frame802154.o)

.debug_pubnames
 *(.debug_pubnames)

.debug_info     0x0000000000000000    0x1ef49
 *(.debug_info .gnu.linkonce.wi.*)
 .debug_info    0x0000000000000000      0xeb6 udp-server.co
 .debug_info    0x0000000000000eb6     0x3b29 obj_cooja/mtype722.o
 .debug_info    0x00000000000049df      0x15a obj_cooja/mtype722.a(simEnvChange.o)
 .debug_info    0x0000000000004b39      0x1e2 obj_cooja/mtype722.a(cooja_mt.o)
 .debug_info    0x0000000000004d1b      0x2e7 obj_cooja/mtype722.a(cooja_mtarch.o)
 .debug_info    0x0000000000005002      0x16b obj_cooja/mtype722.a(rtimer-arch.o)
 .debug_info    0x000000000000516d      0x1f3 obj_cooja/mtype722.a(beep.o)
 .debug_info    0x0000000000005360      0x257 obj_cooja/mtype722.a(button-sensor.o)
 .debug_info    0x00000000000055b7      0x14e obj_cooja/mtype722.a(leds-arch.o)