Archive member included to satisfy reference by file (symbol)

obj_cooja/mtype206.a(simEnvChange.o)
                              obj_cooja/mtype206.o (simDontFallAsleep)
obj_cooja/mtype206.a(cooja_mt.o)
                              obj_cooja/mtype206.o (cooja_mt_start)
obj_cooja/mtype206.a(cooja_mtarch.o)
                              obj_cooja/mtype206.a(cooja_mt.o) (cooja_mtarch_init)
obj_cooja/mtype206.a(rtimer-arch.o)
                              obj_cooja/mtype206.o (rtimer_arch_next)
obj_cooja/mtype206.a(beep.o)  obj_cooja/mtype206.o (beep_interface)
obj_cooja/mtype206.a(button-sensor.o)
                              obj_cooja/mtype206.o (button_interface)
obj_cooja/mtype206.a(leds-arch.o)
                              obj_cooja/mtype206.o (leds_interface)
obj_cooja/mtype206.a(moteid.o)
                              obj_cooja/mtype206.o (moteid_interface)
obj_cooja/mtype206.a(pir-sensor.o)
                              obj_cooja/mtype206.o (pir_interface)
obj_cooja/mtype206.a(rs232.o)
                              obj_cooja/mtype206.o (rs232_interface)
obj_cooja/mtype206.a(vib-sensor.o)
                              obj_cooja/mtype206.o (vib_interface)
obj_cooja/mtype206.a(clock.o)
                              obj_cooja/mtype206.o (clock_interface)
obj_cooja/mtype206.a(log.o)   obj_cooja/mtype206.o (simlog_interface)
obj_cooja/mtype206.a(cfs-cooja.o)
                              obj_cooja/mtype206.o (cfs_interface)
obj_cooja/mtype206.a(cooja-radio.o)
                              obj_cooja/mtype206.o (radio_interface)
obj_cooja/mtype206.a(eeprom.o)
                              obj_cooja/mtype206.o (eeprom_interface)
obj_cooja/mtype206.a(random.o)
                              obj_cooja/mtype206.a(moteid.o) (random_init)
obj_cooja/mtype206.a(sensors.o)
                              obj_cooja/mtype206.o (sensors_process)
obj_cooja/mtype206.a(autostart.o)
                              obj_cooja/mtype206.o (autostart_start)
obj_cooja/mtype206.a(ctimer.o)
                              obj_cooja/mtype206.o (ctimer_init)
obj_cooja/mtype206.a(etimer.o)
                              obj_cooja/mtype206.o (etimer_process)
obj_cooja/mtype206.a(log_message.o)
                              obj_cooja/mtype206.o (log_initialization)
obj_cooja/mtype206.a(process.o)
                              udp-client.co (process_current)
obj_cooja/mtype206.a(residual.o)
                              udp-client.co (DISSIPATION_RATE)
obj_cooja/mtype206.a(rtimer.o)
                              obj_cooja/mtype206.a(rtimer-arch.o) (rtimer_run_next)
obj_cooja/mtype206.a(stimer.o)
                              udp-client.co (stimer_remaining)
obj_cooja/mtype206.a(timer.o)
                              obj_cooja/mtype206.a(button-sensor.o) (timer_set)
obj_cooja/mtype206.a(serial-line.o)
                              udp-client.co (serial_line_event_message)
obj_cooja/mtype206.a(list.o)  obj_cooja/mtype206.a(ctimer.o) (list_init)
obj_cooja/mtype206.a(ringbuf.o)
                              obj_cooja/mtype206.a(serial-line.o) (ringbuf_init)
obj_cooja/mtype206.a(sicslowpan.o)
                              obj_cooja/mtype206.o (sicslowpan_driver)
obj_cooja/mtype206.a(uip-ds6-nbr.o)
                              obj_cooja/mtype206.a(sicslowpan.o) (uip_ds6_link_neighbor_callback)
obj_cooja/mtype206.a(uip-ds6-route.o)
                              udp-client.co (uip_ds6_route_nexthop)
obj_cooja/mtype206.a(uip-ds6.o)
                              udp-client.co (uip_ds6_if)
obj_cooja/mtype206.a(uip6.o)  udp-client.co (uip_lladdr)
obj_cooja/mtype206.a(tcpip.o)
                              udp-client.co (tcpip_event)
obj_cooja/mtype206.a(uip-debug.o)
                              udp-client.co (uip_debug_ipaddr_print)
obj_cooja/mtype206.a(uip-packetqueue)
                              obj_cooja/mtype206.a(uip-ds6-nbr.o) (uip_packetqueue_new)
obj_cooja/mtype206.a(uip-udp-packet.)
                              udp-client.co (uip_udp_packet_sendto)
obj_cooja/mtype206.a(rpl-dag.o)
                              udp-client.co (rpl_parents)
obj_cooja/mtype206.a(rpl-ext-header.)
                              obj_cooja/mtype206.a(uip6.o) (rpl_verify_header)
obj_cooja/mtype206.a(rpl-icmp6.o)
                              obj_cooja/mtype206.a(rpl-dag.o) (rpl_icmp6_update_nbr_table)
obj_cooja/mtype206.a(rpl-ltmax.o)
                              obj_cooja/mtype206.a(rpl-dag.o) (rpl_ltmax_of)
obj_cooja/mtype206.a(rpl-timers.o)
                              obj_cooja/mtype206.a(rpl-dag.o) (rpl_reset_dio_timer)
obj_cooja/mtype206.a(rpl.o)   obj_cooja/mtype206.a(rpl-icmp6.o) (rpl_get_mode)
obj_cooja/mtype206.a(csma.o)  obj_cooja/mtype206.o (csma_driver)
obj_cooja/mtype206.a(framer-802154.o)
                              obj_cooja/mtype206.a(sicslowpan.o) (framer_802154)
obj_cooja/mtype206.a(mac.o)   obj_cooja/mtype206.a(csma.o) (mac_call_sent_callback)
obj_cooja/mtype206.a(cxmac.o)
                              obj_cooja/mtype206.o (cxmac_driver)
[...]
Memory Configuration

Name             Origin             Length             Attributes
*default*        0x0000000000000000 0xffffffffffffffff

Linker script and memory map

LOAD /usr/lib/gcc/i686-linux-gnu/4.8/../../../i386-linux-gnu/crti.o
LOAD /usr/lib/gcc/i686-linux-gnu/4.8/crtbeginS.o
LOAD udp-client.co
LOAD obj_cooja/mtype206.o
LOAD obj_cooja/mtype206.a
LOAD /usr/lib/gcc/i686-linux-gnu/4.8/libgcc.a
LOAD /usr/lib/gcc/i686-linux-gnu/4.8/libgcc_s.so
LOAD /usr/lib/gcc/i686-linux-gnu/4.8/../../../i386-linux-gnu/libc.so
START GROUP
LOAD /lib/i386-linux-gnu/libc.so.6
LOAD /usr/lib/i386-linux-gnu/libc_nonshared.a
LOAD /lib/i386-linux-gnu/ld-linux.so.2
END GROUP
LOAD /usr/lib/gcc/i686-linux-gnu/4.8/libgcc.a
LOAD /usr/lib/gcc/i686-linux-gnu/4.8/libgcc_s.so
LOAD /usr/lib/gcc/i686-linux-gnu/4.8/crtendS.o
LOAD /usr/lib/gcc/i686-linux-gnu/4.8/../../../i386-linux-gnu/crtn.o
                0x0000000000000114                . = (0x0 + SIZEOF_HEADERS)

.note.gnu.build-id
                0x0000000000000114       0x24
 *(.note.gnu.build-id)
 .note.gnu.build-id
                0x0000000000000114       0x24 /usr/lib/gcc/i686-linux-gnu/4.8/../../../i386-linux-gnu/crti.o

.hash
 *(.hash)

.gnu.hash       0x0000000000000138     0x1310
 *(.gnu.hash)
 .gnu.hash      0x0000000000000138     0x1310 /usr/lib/gcc/i686-linux-gnu/4.8/../../../i386-linux-gnu/crti.o

.dynsym         0x0000000000001448     0x24a0
 *(.dynsym)
 .dynsym        0x0000000000001448     0x24a0 /usr/lib/gcc/i686-linux-gnu/4.8/../../../i386-linux-gnu/crti.o

.dynstr         0x00000000000038e8     0x257b
 *(.dynstr)
 .dynstr        0x00000000000038e8     0x257b /usr/lib/gcc/i686-linux-gnu/4.8/../../../i386-linux-gnu/crti.o

.gnu.version    0x0000000000005e64      0x494
 *(.gnu.version)
 .gnu.version   0x0000000000005e64      0x494 /usr/lib/gcc/i686-linux-gnu/4.8/../../../i386-linux-gnu/crti.o

.gnu.version_d  0x00000000000062f8        0x0
 *(.gnu.version_d)
 .gnu.version_d
                0x0000000000000000        0x0 /usr/lib/gcc/i686-linux-gnu/4.8/../../../i386-linux-gnu/crti.o

.gnu.version_r  0x00000000000062f8       0x50
 *(.gnu.version_r)
 .gnu.version_r
                0x00000000000062f8       0x50 /usr/lib/gcc/i686-linux-gnu/4.8/../../../i386-linux-gnu/crti.o

.rel.dyn        0x0000000000006348     0x8a70
 *(.rel.init)
 .rel.init      0x0000000000000000        0x0 /usr/lib/gcc/i686-linux-gnu/4.8/../../../i386-linux-gnu/crti.o
 *(.rel.text .rel.text.* .rel.gnu.linkonce.t.*)
 .rel.text      0x0000000000006348     0x82b8 /usr/lib/gcc/i686-linux-gnu/4.8/../../../i386-linux-gnu/crti.o
 *(.rel.fini)
 .rel.fini      0x0000000000000000        0x0 /usr/lib/gcc/i686-linux-gnu/4.8/../../../i386-linux-gnu/crti.o
 *(.rel.rodata .rel.rodata.* .rel.gnu.linkonce.r.*)
 .rel.rodata    0x000000000000e600      0x4e0 /usr/lib/gcc/i686-linux-gnu/4.8/../../../i386-linux-gnu/crti.o
 *(.rel.data.rel.ro .rel.data.rel.ro.* .rel.gnu.linkonce.d.rel.ro.*)
 *(.rel.data .rel.data.* .rel.gnu.linkonce.d.*)
 .rel.data.rel  0x000000000000eae0        0x8 /usr/lib/gcc/i686-linux-gnu/4.8/../../../i386-linux-gnu/crti.o
 .rel.data      0x000000000000eae8      0x298 /usr/lib/gcc/i686-linux-gnu/4.8/../../../i386-linux-gnu/crti.o
 *(.rel.tdata .rel.tdata.* .rel.gnu.linkonce.td.*)
 *(.rel.tbss .rel.tbss.* .rel.gnu.linkonce.tb.*)
 *(.rel.ctors)
 *(.rel.dtors)
 *(.rel.got)
 .rel.got       0x000000000000ed80       0x28 /usr/lib/gcc/i686-linux-gnu/4.8/../../../i386-linux-gnu/crti.o
 *(.rel.bss .rel.bss.* .rel.gnu.linkonce.b.*)
 *(.rel.ifunc)
 .rel.ifunc     0x0000000000000000        0x0 /usr/lib/gcc/i686-linux-gnu/4.8/../../../i386-linux-gnu/crti.o
 .rel.fini_array
                0x000000000000eda8        0x8 /usr/lib/gcc/i686-linux-gnu/4.8/../../../i386-linux-gnu/crti.o
 .rel.init_array
                0x000000000000edb0        0x8 /usr/lib/gcc/i686-linux-gnu/4.8/../../../i386-linux-gnu/crti.o

.rel.plt        0x000000000000edb8       0x10
 *(.rel.plt)
 .rel.plt       0x000000000000edb8       0x10 /usr/lib/gcc/i686-linux-gnu/4.8/../../../i386-linux-gnu/crti.o
 *(.rel.iplt)

.init           0x000000000000edc8       0x23
 *(SORT(.init))
 .init          0x000000000000edc8       0x1e /usr/lib/gcc/i686-linux-gnu/4.8/../../../i386-linux-gnu/crti.o
                0x000000000000edc8                _init
 .init          0x000000000000ede6        0x5 /usr/lib/gcc/i686-linux-gnu/4.8/../../../i386-linux-gnu/crtn.o

.plt            0x000000000000edf0       0x30
 *(.plt)
 .plt           0x000000000000edf0       0x30 /usr/lib/gcc/i686-linux-gnu/4.8/../../../i386-linux-gnu/crti.o
 *(.iplt)

.text           0x000000000000ee20    0x1560e
 *(.text.unlikely .text.*_unlikely .text.unlikely.*)
 *(.text.exit .text.exit.*)
 *(.text.startup .text.startup.*)
 *(.text.hot .text.hot.*)
 *(.text .stub .text.* .gnu.linkonce.t.*)
 .text          0x000000000000ee20        0x0 /usr/lib/gcc/i686-linux-gnu/4.8/../../../i386-linux-gnu/crti.o
 .gnu.linkonce.t.__x86.get_pc_thunk.bx
                0x000000000000ee20        0x4 /usr/lib/gcc/i686-linux-gnu/4.8/../../../i386-linux-gnu/crti.o
                0x000000000000ee20                __x86.get_pc_thunk.bx
 *fill*         0x000000000000ee24        0xc 
 .text          0x000000000000ee30      0x11b /usr/lib/gcc/i686-linux-gnu/4.8/crtbeginS.o
 .text          0x000000000000ef4b      0x918 udp-client.co
 .text          0x000000000000f863      0x734 obj_cooja/mtype206.o
                0x000000000000f999                contiki_init
                0x000000000000fdae                Java_org_contikios_cooja_corecomm_Lib2_init
                0x000000000000fdee                Java_org_contikios_cooja_corecomm_Lib2_getMemory
                0x000000000000fe2e                Java_org_contikios_cooja_corecomm_Lib2_setMemory
                0x000000000000fea5                Java_org_contikios_cooja_corecomm_Lib2_tick
                0x000000000000ff85                Java_org_contikios_cooja_corecomm_Lib2_setReferenceAddress
 .text          0x000000000000ff97       0x63 obj_cooja/mtype206.a(simEnvChange.o)
                0x000000000000ff97                doActionsBeforeTick
                0x000000000000ffc8                doActionsAfterTick
 .text          0x000000000000fffa       0xbc obj_cooja/mtype206.a(cooja_mt.o)
                0x000000000000fffa                cooja_mt_init
                0x0000000000010007                cooja_mt_remove
                0x0000000000010014                cooja_mt_start
                0x0000000000010041                cooja_mt_exec
                0x0000000000010072                cooja_mt_exit
                0x0000000000010094                cooja_mt_yield
 .text          0x00000000000100b6      0x115 obj_cooja/mtype206.a(cooja_mtarch.o)
                0x00000000000100b6                cooja_mtarch_init
                0x00000000000100bb                cooja_mtarch_start
                0x0000000000010136                cooja_sw
                0x0000000000010158                cooja_mtarch_exec
                0x0000000000010174                cooja_mtarch_remove
                0x0000000000010179                cooja_mtarch_yield
                0x0000000000010183                cooja_mtarch_pstop
                0x0000000000010188                cooja_mtarch_pstart
                0x000000000001018d                cooja_mtarch_stack_usage
 .text          0x00000000000101cb       0xc2 obj_cooja/mtype206.a(rtimer-arch.o)
                0x00000000000101cb                rtimer_arch_init
                0x00000000000101ee                rtimer_arch_schedule
                0x0000000000010205                rtimer_arch_next
                0x000000000001020f                rtimer_arch_pending
                0x0000000000010219                rtimer_arch_check
                0x000000000001024b                rtimer_arch_now
 .text          0x000000000001028d       0x76 obj_cooja/mtype206.a(beep.o)
                0x000000000001028d                beep_alarm
                0x0000000000010299                beep_beep
                0x00000000000102a5                beep
                0x00000000000102b1                beep_down
                0x00000000000102bd                beep_on
                0x00000000000102c9                beep_off
                0x00000000000102d5                beep_spinup
                0x00000000000102e1                beep_quick
                0x00000000000102ed                beep_long
 .text          0x0000000000010303      0x103 obj_cooja/mtype206.a(button-sensor.o)
 .text          0x0000000000010406       0x45 obj_cooja/mtype206.a(leds-arch.o)
                0x0000000000010406                leds_arch_init
                0x0000000000010412                leds_arch_get
                0x000000000001041e                leds_arch_set
 .text          0x000000000001044b       0x2f obj_cooja/mtype206.a(moteid.o)
 .text          0x000000000001047a       0xb1 obj_cooja/mtype206.a(pir-sensor.o)
 .text          0x000000000001052b      0x131 obj_cooja/mtype206.a(rs232.o)
                0x000000000001052b                rs232_init
                0x0000000000010530                rs232_set_speed
                0x000000000001053e                rs232_set_input
                0x000000000001054b                rs232_send
                0x000000000001056d                rs232_print
                0x0000000000010588                slip_arch_writeb
 .text          0x000000000001065c       0xb1 obj_cooja/mtype206.a(vib-sensor.o)
 .text          0x000000000001070d       0x34 obj_cooja/mtype206.a(clock.o)
                0x000000000001070d                clock_init
                0x0000000000010712                clock_time
                0x000000000001071c                clock_seconds
                0x0000000000010732                clock_delay
 .text          0x0000000000010741      0x1ed obj_cooja/mtype206.a(log.o)
                0x0000000000010741                simlog_char
                0x0000000000010783                simlog
                0x00000000000107f0                log_message
                0x0000000000010818                log_set_putchar_with_slip
                0x0000000000010825                log_putchar
                0x00000000000108a9                log_puts
                0x00000000000108cd                log_printf
 .text          0x000000000001092e      0x2c4 obj_cooja/mtype206.a(cfs-cooja.o)
                0x000000000001092e                cfs_open
                0x0000000000010997                cfs_close
                0x00000000000109a3                cfs_read
                0x0000000000010a41                cfs_write
                0x0000000000010b1e                cfs_seek
                0x0000000000010ba6                cfs_remove
                0x0000000000010bcf                cfs_opendir
                0x0000000000010bd9                cfs_readdir
                0x0000000000010be3                cfs_closedir
 .text          0x0000000000010bf2      0x3e8 obj_cooja/mtype206.a(cooja-radio.o)
                0x0000000000010c1c                radio_set_channel
                0x0000000000010c29                radio_set_txpower
                0x0000000000010c40                radio_signal_strength_last
                0x0000000000010c4a                radio_signal_strength_current
                0x0000000000010c54                radio_LQI
 .text          0x0000000000010fda       0xef obj_cooja/mtype206.a(eeprom.o)
                0x0000000000010fda                eeprom_init
                0x0000000000010fdf                eeprom_read
                0x000000000001104f                eeprom_write
 .text          0x00000000000110c9       0x28 obj_cooja/mtype206.a(random.o)
                0x00000000000110c9                random_init
                0x00000000000110e4                random_rand
 .text          0x00000000000110f1      0x2a1 obj_cooja/mtype206.a(sensors.o)
                0x000000000001112c                sensors_first
                0x0000000000011136                sensors_next
                0x0000000000011153                sensors_changed
                0x0000000000011182                sensors_find
 .text          0x0000000000011392       0x8e obj_cooja/mtype206.a(autostart.o)
                0x0000000000011392                autostart_start
                0x00000000000113dd                autostart_exit
 .text          0x0000000000011420      0x334 obj_cooja/mtype206.a(ctimer.o)
                0x0000000000011537                ctimer_init
                0x0000000000011567                ctimer_set
                0x0000000000011598                ctimer_set_with_process
                0x0000000000011614                ctimer_reset
                0x0000000000011663                ctimer_restart
                0x00000000000116b2                ctimer_stop
                0x00000000000116fd                ctimer_expired
 .text          0x0000000000011754      0x40b obj_cooja/mtype206.a(etimer.o)
                0x0000000000011967                etimer_request_poll
                0x00000000000119eb                etimer_set
                0x0000000000011a10                etimer_reset_with_new_interval
                0x0000000000011a37                etimer_reset
                0x0000000000011a55                etimer_restart
                0x0000000000011a73                etimer_adjust
                0x0000000000011a8f                etimer_expired
                0x0000000000011aa2                etimer_expiration_time
                0x0000000000011ab4                etimer_start_time
                0x0000000000011abe                etimer_pending
                0x0000000000011ad0                etimer_next_expiration_time
                0x0000000000011aea                etimer_stop
 .text          0x0000000000011b5f      0x220 obj_cooja/mtype206.a(log_message.o)
                0x0000000000011b5f                log_initialization
                0x0000000000011d5e                log_finisher
 .text          0x0000000000011d7f      0x560 obj_cooja/mtype206.a(process.o)
                0x0000000000011d7f                process_alloc_event
                0x0000000000011d94                process_start
                0x0000000000011f7d                process_exit
                0x0000000000011f99                process_init
                0x000000000001216a                process_run
                0x000000000001219d                process_nevents
                0x00000000000121b8                process_post
                0x0000000000012264                process_post_synch
                0x000000000001229c                process_poll
                0x00000000000122cb                process_is_running
 .text          0x00000000000122df       0x8b obj_cooja/mtype206.a(residual.o)
                0x00000000000122df                get_residual_energy
 .text          0x000000000001236a       0xba obj_cooja/mtype206.a(rtimer.o)
                0x000000000001236a                rtimer_init
                0x0000000000012377                rtimer_set
                0x00000000000123ce                rtimer_run_next
 .text          0x0000000000012424       0xa3 obj_cooja/mtype206.a(stimer.o)
                0x0000000000012424                stimer_set
                0x000000000001243f                stimer_reset
                0x0000000000012456                stimer_restart
                0x0000000000012468                stimer_expired
                0x000000000001248f                stimer_remaining
                0x00000000000124b3                stimer_elapsed
 .text          0x00000000000124c7       0x91 obj_cooja/mtype206.a(timer.o)
                0x00000000000124c7                timer_set
                0x00000000000124e2                timer_reset
                0x00000000000124f9                timer_restart
                0x000000000001250b                timer_expired
                0x0000000000012534                timer_remaining
 .text          0x0000000000012558      0x1fb obj_cooja/mtype206.a(serial-line.o)
                0x0000000000012558                serial_line_input_byte
                0x000000000001271b                serial_line_init
 .text          0x0000000000012753      0x244 obj_cooja/mtype206.a(list.o)
                0x0000000000012753                list_init
                0x0000000000012761                list_head
                0x000000000001276b                list_copy
                0x000000000001277a                list_tail
                0x00000000000127b0                list_add
                0x00000000000127f9                list_push
                0x0000000000012825                list_chop
                0x000000000001288f                list_pop
                0x00000000000128b7                list_remove
                0x000000000001291e                list_length
                0x000000000001294c                list_insert
                0x0000000000012980                list_item_next
 .text          0x0000000000012997      0x155 obj_cooja/mtype206.a(ringbuf.o)
                0x0000000000012997                ringbuf_init
                0x00000000000129c8                ringbuf_put
                0x0000000000012a46                ringbuf_get
                0x0000000000012ab3                ringbuf_size
                0x0000000000012ac5                ringbuf_elements
 .text          0x0000000000012aec     0x258b obj_cooja/mtype206.a(sicslowpan.o)
                0x0000000000013076                rime_sniffer_add
                0x0000000000013083                rime_sniffer_remove
                0x0000000000015016                sicslowpan_init
                0x000000000001506d                sicslowpan_get_last_rssi
 .text          0x0000000000015077      0x298 obj_cooja/mtype206.a(uip-ds6-nbr.o)
                0x0000000000015094                uip_ds6_neighbors_init
                0x00000000000150b1                uip_ds6_nbr_add
                0x0000000000015139                uip_ds6_nbr_rm
                0x000000000001517b                uip_ds6_nbr_get_ipaddr
                0x0000000000015190                uip_ds6_nbr_get_ll
                0x00000000000151ac                uip_ds6_nbr_num
                0x00000000000151f1                uip_ds6_nbr_lookup
                0x0000000000015256                uip_ds6_nbr_ll_lookup
                0x0000000000015272                uip_ds6_nbr_ipaddr_from_lladdr
                0x0000000000015298                uip_ds6_nbr_lladdr_from_ipaddr
                0x00000000000152c6                uip_ds6_link_neighbor_callback
 .text          0x000000000001530f      0x916 obj_cooja/mtype206.a(uip-ds6-route.o)
                0x0000000000015386                uip_ds6_notification_add
                0x00000000000153b7                uip_ds6_notification_rm
                0x00000000000153d3                uip_ds6_route_init
                0x000000000001545b                uip_ds6_route_nexthop
                0x0000000000015483                uip_ds6_route_head
                0x0000000000015498                uip_ds6_route_next
                0x00000000000154be                uip_ds6_route_is_nexthop
                0x00000000000154fd                uip_ds6_route_num_routes
                0x0000000000015507                uip_ds6_route_lookup
                0x00000000000155c9                uip_ds6_route_add
                0x00000000000157fd                uip_ds6_route_rm
                0x0000000000015991                uip_ds6_route_rm_by_nexthop
                0x00000000000159c9                uip_ds6_defrt_add
                0x0000000000015a7a                uip_ds6_defrt_rm
                0x0000000000015af9                uip_ds6_defrt_lookup
                0x0000000000015b52                uip_ds6_defrt_choose
                0x0000000000015bbd                uip_ds6_defrt_periodic
 .text          0x0000000000015c25      0xb97 obj_cooja/mtype206.a(uip-ds6.o)
                0x0000000000015c25                uip_ds6_init
                0x0000000000015df8                uip_ds6_periodic
                0x0000000000015e71                uip_ds6_list_loop
                0x0000000000015f18                uip_ds6_prefix_add
                0x0000000000015fd6                uip_ds6_prefix_rm
                0x0000000000015fe8                uip_ds6_prefix_lookup
                0x0000000000016039                uip_ds6_is_addr_onlink
                0x00000000000160ad                uip_ds6_addr_add
                0x00000000000161db                uip_ds6_addr_rm
                0x000000000001627b                uip_ds6_addr_lookup
                0x00000000000162c6                uip_ds6_get_link_local
                0x0000000000016345                uip_ds6_get_global
                0x00000000000163c4                uip_ds6_maddr_add
                0x0000000000016436                uip_ds6_maddr_rm
                0x0000000000016448                uip_ds6_maddr_lookup
                0x0000000000016493                uip_ds6_aaddr_add
                0x0000000000016505                uip_ds6_aaddr_rm
                0x0000000000016517                uip_ds6_aaddr_lookup
                0x0000000000016562                uip_ds6_select_src
                0x00000000000166a7                uip_ds6_set_addr_iid
                0x00000000000166de                get_match_length
                0x0000000000016770                uip_ds6_compute_reachable_time
 .text          0x00000000000167bc     0x29d8 obj_cooja/mtype206.a(uip6.o)
                0x00000000000167bc                uip_add32
                0x0000000000016955                uip_chksum
                0x0000000000016a43                uip_icmp6chksum
                0x0000000000016a57                uip_tcpchksum
                0x0000000000016a6b                uip_udpchksum
                0x0000000000016a7f                uip_init
                0x0000000000016b4f                uip_connect
                0x0000000000016cfe                remove_ext_hdr
                0x0000000000016dd3                uip_udp_new
                0x0000000000016f2f                uip_unlisten
                0x0000000000016f8f                uip_listen
                0x0000000000017251                uip_process
                0x0000000000019088                uip_htons
                0x00000000000190aa                uip_htonl
                0x00000000000190ea                uip_send
 .text          0x0000000000019194      0x98e obj_cooja/mtype206.a(tcpip.o)
                0x0000000000019194                tcpip_output
                0x00000000000191cf                tcpip_set_outputfunc
                0x0000000000019263                tcp_connect
                0x00000000000192b8                tcp_unlisten
                0x0000000000019313                tcp_listen
                0x000000000001936c                tcp_attach
                0x0000000000019391                udp_attach
                0x00000000000193b6                udp_new
                0x0000000000019408                udp_broadcast_new
                0x000000000001967c                tcpip_input
                0x00000000000196b0                tcpip_ipv6_output
                0x0000000000019968                tcpip_poll_udp
                0x000000000001998b                tcpip_poll_tcp
                0x00000000000199ae                tcpip_uipcall
 .text          0x0000000000019b22      0x1c1 obj_cooja/mtype206.a(uip-debug.o)
                0x0000000000019b22                uip_debug_ipaddr_print
                0x0000000000019c84                uip_debug_lladdr_print
 .text          0x0000000000019ce3      0x141 obj_cooja/mtype206.a(uip-packetqueue)
                0x0000000000019d0f                uip_packetqueue_new
                0x0000000000019d1d                uip_packetqueue_alloc
                0x0000000000019d7d                uip_packetqueue_free
                0x0000000000019dbe                uip_packetqueue_buf
                0x0000000000019ddb                uip_packetqueue_buflen
                0x0000000000019dfc                uip_packetqueue_set_buflen
 .text          0x0000000000019e24      0x131 obj_cooja/mtype206.a(uip-udp-packet.)
                0x0000000000019e24                uip_udp_packet_send
                0x0000000000019e84                uip_udp_packet_sendto
 .text          0x0000000000019f55     0x2558 obj_cooja/mtype206.a(rpl-dag.o)
                0x0000000000019f55                rpl_print_neighbor_list
                0x0000000000019fbc                rpl_print_child_neighbor_list
                0x000000000001a023                rpl_get_nbr
                0x000000000001a07d                rpl_get_nbr_child
                0x000000000001a0d7                rpl_dag_init
                0x000000000001a109                rpl_get_parent
                0x000000000001a12b                rpl_get_parent_rank
                0x000000000001a15e                rpl_get_parent_link_metric
                0x000000000001a191                rpl_get_parent_ipaddr
                0x000000000001a1bb                rpl_get_child_ipaddr
                0x000000000001a4c5                rpl_set_root
                0x000000000001a6f3                rpl_repair_root
                0x000000000001a92f                rpl_set_prefix
                0x000000000001aa2e                rpl_set_default_route
                0x000000000001aaba                rpl_alloc_instance
                0x000000000001ab42                rpl_alloc_dag
                0x000000000001abf5                rpl_set_default_instance
                0x000000000001ac02                rpl_get_default_instance
                0x000000000001ac0c                rpl_free_instance
                0x000000000001acad                rpl_free_dag
                0x000000000001ad13                rpl_add_parent
                0x000000000001adfc                rpl_find_parent
                0x000000000001ae2c                rpl_add_child
                0x000000000001aed0                rpl_find_child
                0x000000000001af1e                rpl_find_parent_any_dag
                0x000000000001af5a                rpl_select_dag
                0x000000000001b38a                rpl_select_parent
                0x000000000001b3ec                rpl_remove_parent
                0x000000000001b422                rpl_remove_child
                0x000000000001b43e                rpl_nullify_parent
                0x000000000001b4dc                rpl_move_parent
                0x000000000001b579                rpl_has_downward_route
                0x000000000001b5cc                rpl_get_any_dag
                0x000000000001b62e                rpl_get_instance
                0x000000000001b691                rpl_find_of
                0x000000000001b6ce                rpl_join_instance
                0x000000000001b950                rpl_add_dag
                0x000000000001bd3f                rpl_local_repair
                0x000000000001be18                rpl_recalculate_ranks
                0x000000000001be9e                rpl_process_parent_event
                0x000000000001bf50                rpl_process_dio
 .text          0x000000000001c4ad      0xbf3 obj_cooja/mtype206.a(rpl-ext-header.)
                0x000000000001c4ca                rpl_verify_header
                0x000000000001c944                rpl_update_header_empty
                0x000000000001cc5b                rpl_update_header_final
                0x000000000001cdea                rpl_remove_header
                0x000000000001cef4                rpl_invert_header
                0x000000000001d07e                rpl_insert_header
 .text          0x000000000001d0a0     0x1fa3 obj_cooja/mtype206.a(rpl-icmp6.o)
                0x000000000001d369                rpl_icmp6_update_nbr_table
                0x000000000001d459                dis_output
                0x000000000001dd05                dio_output
                0x000000000001ec3b                dao_output
                0x000000000001ed03                dao_output_target
                0x000000000001eff7                dao_ack_output
                0x000000000001f00b                rpl_icmp6_register_handlers
 .text          0x000000000001f043      0x2f2 obj_cooja/mtype206.a(rpl-ltmax.o)
 .text          0x000000000001f335      0x5ac obj_cooja/mtype206.a(rpl-timers.o)
                0x000000000001f58a                rpl_reset_periodic_timer
                0x000000000001f5df                rpl_reset_dio_timer
                0x000000000001f819                rpl_schedule_dao
                0x000000000001f834                rpl_schedule_dao_immediately
                0x000000000001f84f                rpl_cancel_dao
                0x000000000001f8b1                rpl_schedule_unicast_dio_immediately
 .text          0x000000000001f8e1      0x5c5 obj_cooja/mtype206.a(rpl.o)
                0x000000000001f8e1                rpl_get_mode
                0x000000000001f8eb                rpl_set_mode
                0x000000000001f979                rpl_purge_routes
                0x000000000001fa73                rpl_remove_routes
                0x000000000001fab9                rpl_remove_routes_by_nexthop
                0x000000000001fb25                rpl_add_route
                0x000000000001fba0                rpl_link_neighbor_callback
                0x000000000001fca5                rpl_ipv6_neighbor_callback
                0x000000000001fd14                rpl_purge_dags
                0x000000000001fe20                rpl_init
 .text          0x000000000001fea6      0x886 obj_cooja/mtype206.a(csma.o)
 .text          0x000000000002072c      0x3f5 obj_cooja/mtype206.a(framer-802154.o)
 .text          0x0000000000020b21       0x3c obj_cooja/mtype206.a(mac.o)
                0x0000000000020b21                mac_call_sent_callback
 .text          0x0000000000020b5d      0xc15 obj_cooja/mtype206.a(cxmac.o)
                0x00000000000216d3                cxmac_set_announcement_radio_txpower
                0x00000000000216d8                cxmac_init
 .text          0x0000000000021772       0x67 obj_cooja/mtype206.a(linkaddr.o)
                0x0000000000021772                linkaddr_copy
                0x0000000000021794                linkaddr_cmp
                0x00000000000217be                linkaddr_set_node_addr
 .text          0x00000000000217d9      0x769 obj_cooja/mtype206.a(nbr-table.o)
                0x0000000000021c38                nbr_table_register
                0x0000000000021c80                nbr_table_head
                0x0000000000021cdc                nbr_table_next
                0x0000000000021d43                nbr_table_add_lladdr
                0x0000000000021e1f                nbr_table_get_from_lladdr
                0x0000000000021e6c                nbr_table_remove
                0x0000000000021ebe                nbr_table_lock
                0x0000000000021ee8                nbr_table_unlock
                0x0000000000021f12                nbr_table_get_lladdr
 .text          0x0000000000021f42       0x2b obj_cooja/mtype206.a(netstack.o)
                0x0000000000021f42                netstack_init
 .text          0x0000000000021f6d      0x3cd obj_cooja/mtype206.a(packetbuf.o)
                0x0000000000021f6d                packetbuf_clear
                0x0000000000021f97                packetbuf_copyfrom
                0x0000000000021fe9                packetbuf_compact
                0x0000000000022066                packetbuf_copyto
                0x00000000000220fd                packetbuf_hdralloc
                0x000000000002217a                packetbuf_hdrreduce
                0x00000000000221c2                packetbuf_set_datalen
                0x00000000000221db                packetbuf_dataptr
                0x00000000000221f8                packetbuf_hdrptr
                0x0000000000022202                packetbuf_datalen
                0x000000000002220e                packetbuf_hdrlen
                0x0000000000022225                packetbuf_totlen
                0x000000000002223b                packetbuf_attr_clear
                0x000000000002228d                packetbuf_attr_copyto
                0x00000000000222d6                packetbuf_attr_copyfrom
                0x000000000002231e                packetbuf_holds_broadcast
 .text          0x000000000002233a      0x2b4 obj_cooja/mtype206.a(queuebuf.o)
                0x0000000000022344                queuebuf_init
                0x0000000000022364                queuebuf_numfree
                0x0000000000022378                queuebuf_new_from_packetbuf
                0x0000000000022408                queuebuf_update_attr_from_packetbuf
                0x000000000002243b                queuebuf_update_from_packetbuf
                0x0000000000022485                queuebuf_free
                0x00000000000224cc                queuebuf_to_packetbuf
                0x0000000000022532                queuebuf_dataptr
                0x0000000000022569                queuebuf_datalen
                0x000000000002258c                queuebuf_addr
                0x00000000000225be                queuebuf_attr
                0x00000000000225e9                queuebuf_debug_print
 .text          0x00000000000225ee       0x6e obj_cooja/mtype206.a(nullsec.o)
 .text          0x000000000002265c       0x19 obj_cooja/mtype206.a(watchdog.o)
                0x000000000002265c                watchdog_init
                0x0000000000022661                watchdog_start
                0x0000000000022666                watchdog_periodic
                0x000000000002266b                watchdog_stop
                0x0000000000022670                watchdog_reboot
 .text          0x0000000000022675        0x0 obj_cooja/mtype206.a(rimestats.o)
 .text          0x0000000000022675      0x134 obj_cooja/mtype206.a(leds.o)
                0x00000000000226c6                leds_init
                0x00000000000226da                leds_blink
                0x0000000000022712                leds_get
                0x000000000002271f                leds_set
                0x0000000000022739                leds_on
                0x000000000002275c                leds_off
                0x0000000000022786                leds_toggle
 .text          0x00000000000227a9      0x1c1 obj_cooja/mtype206.a(memb.o)
                0x00000000000227a9                memb_init
                0x0000000000022807                memb_alloc
                0x000000000002286c                memb_free
                0x00000000000228e7                memb_inmemb
                0x0000000000022926                memb_numfree
 .text          0x000000000002296a      0xabf obj_cooja/mtype206.a(uip-icmp6.o)
                0x00000000000229d8                uip_icmp6_input
                0x0000000000022a2e                uip_icmp6_register_input_handler
                0x0000000000022cf6                uip_icmp6_error_output
                0x000000000002303b                uip_icmp6_send
                0x00000000000233bc                uip_icmp6_echo_reply_callback_add
                0x00000000000233ed                uip_icmp6_echo_reply_callback_rm
                0x0000000000023409                uip_icmp6_init
 .text          0x0000000000023429      0x358 obj_cooja/mtype206.a(uip-nd6.o)
                0x000000000002347d                uip_nd6_ns_output
                0x000000000002377c                uip_nd6_init
 .text          0x0000000000023781      0x331 obj_cooja/mtype206.a(rpl-nbr-policy.)
                0x0000000000023959                find_removable_dis
                0x000000000002397c                find_removable_dio
                0x0000000000023a0b                find_removable_dao
                0x0000000000023a5b                rpl_nbr_policy_find_removable
 .text          0x0000000000023ab2      0x97c obj_cooja/mtype206.a(frame802154.o)
                0x0000000000023ae3                frame802154_get_pan_id
                0x0000000000023aef                frame802154_set_pan_id
                0x0000000000023b08                frame802154_has_panid
                0x0000000000023bf4                frame802154_check_dest_panid
                0x0000000000023c5c                frame802154_is_broadcast_addr
                0x0000000000023ca9                frame802154_extract_linkaddr
                0x0000000000023ee9                frame802154_hdrlen
                0x0000000000023f3a                frame802154_create
                0x0000000000024125                frame802154_parse
 .text          0x000000000002442e        0x0 /usr/lib/gcc/i686-linux-gnu/4.8/crtendS.o
 .text          0x000000000002442e        0x0 /usr/lib/gcc/i686-linux-gnu/4.8/../../../i386-linux-gnu/crtn.o
 *(.gnu.warning)

.fini           0x0000000000024430       0x14
 *(SORT(.fini))
 .fini          0x0000000000024430        0xf /usr/lib/gcc/i686-linux-gnu/4.8/../../../i386-linux-gnu/crti.o
                0x0000000000024430                _fini
 .fini          0x000000000002443f        0x5 /usr/lib/gcc/i686-linux-gnu/4.8/../../../i386-linux-gnu/crtn.o
                0x0000000000024444                PROVIDE (__etext, .)
                0x0000000000024444                PROVIDE (_etext, .)
                0x0000000000024444                PROVIDE (etext, .)

.rodata         0x0000000000024460      0xb00
 *(.rodata .rodata.* .gnu.linkonce.r.*)
 .rodata        0x0000000000024460      0x456 udp-client.co
                0x0000000000024474                autostart_processes
 *fill*         0x00000000000248b6        0x2 
 .rodata        0x00000000000248b8      0x157 obj_cooja/mtype206.o
 *fill*         0x0000000000024a0f        0x1 
 .rodata        0x0000000000024a10        0x8 obj_cooja/mtype206.a(beep.o)
                0x0000000000024a10                beep_interface
 .rodata        0x0000000000024a18       0x20 obj_cooja/mtype206.a(button-sensor.o)
                0x0000000000024a18                button_interface
                0x0000000000024a28                button_sensor
 .rodata        0x0000000000024a38        0x8 obj_cooja/mtype206.a(leds-arch.o)
                0x0000000000024a38                leds_interface
 .rodata        0x0000000000024a40        0x8 obj_cooja/mtype206.a(moteid.o)
                0x0000000000024a40                moteid_interface
 .rodata        0x0000000000024a48       0x1c obj_cooja/mtype206.a(pir-sensor.o)
                0x0000000000024a48                pir_interface
                0x0000000000024a54                pir_sensor
 .rodata        0x0000000000024a64        0xe obj_cooja/mtype206.a(rs232.o)
                0x0000000000024a64                rs232_interface
 *fill*         0x0000000000024a72        0x2 
 .rodata        0x0000000000024a74       0x24 obj_cooja/mtype206.a(vib-sensor.o)
                0x0000000000024a74                vib_interface
                0x0000000000024a88                vib_sensor
 .rodata        0x0000000000024a98        0x8 obj_cooja/mtype206.a(clock.o)
                0x0000000000024a98                clock_interface
 .rodata        0x0000000000024aa0        0x8 obj_cooja/mtype206.a(log.o)
                0x0000000000024aa0                simlog_interface
 .rodata        0x0000000000024aa8       0x2f obj_cooja/mtype206.a(cfs-cooja.o)
                0x0000000000024aa8                cfs_interface
 *fill*         0x0000000000024ad7        0x9 
 .rodata        0x0000000000024ae0       0x60 obj_cooja/mtype206.a(cooja-radio.o)
                0x0000000000024b00                cooja_radio_driver
                0x0000000000024b38                radio_interface
 .rodata        0x0000000000024b40        0x8 obj_cooja/mtype206.a(eeprom.o)
                0x0000000000024b40                eeprom_interface
 .rodata        0x0000000000024b48        0x8 obj_cooja/mtype206.a(sensors.o)
 .rodata        0x0000000000024b50        0xf obj_cooja/mtype206.a(ctimer.o)
 .rodata        0x0000000000024b5f        0xc obj_cooja/mtype206.a(etimer.o)
 *fill*         0x0000000000024b6b        0x1 
 .rodata        0x0000000000024b6c      0x16d obj_cooja/mtype206.a(log_message.o)
 *fill*         0x0000000000024cd9        0x3 
 .rodata        0x0000000000024cdc       0x20 obj_cooja/mtype206.a(residual.o)
                0x0000000000024cdc                DISSIPATION_RATE
 .rodata        0x0000000000024cfc        0xe obj_cooja/mtype206.a(serial-line.o)
 *fill*         0x0000000000024d0a        0x2 
 .rodata        0x0000000000024d0c       0x2c obj_cooja/mtype206.a(sicslowpan.o)
                0x0000000000024d0c                unc_llconf
                0x0000000000024d10                unc_ctxconf
                0x0000000000024d14                unc_mxconf
                0x0000000000024d18                llprefix
                0x0000000000024d2c                sicslowpan_driver
 .rodata        0x0000000000024d38      0x13c obj_cooja/mtype206.a(uip6.o)
 .rodata        0x0000000000024e74        0xd obj_cooja/mtype206.a(tcpip.o)
 .rodata        0x0000000000024e81       0x3e obj_cooja/mtype206.a(uip-debug.o)
 *fill*         0x0000000000024ebf        0x1 
 .rodata        0x0000000000024ec0        0x4 obj_cooja/mtype206.a(rpl-dag.o)
 .rodata        0x0000000000024ec4       0x24 obj_cooja/mtype206.a(csma.o)
                0x0000000000024ecc                csma_driver
 .rodata        0x0000000000024ee8        0xc obj_cooja/mtype206.a(framer-802154.o)
                0x0000000000024ee8                framer_802154
 *fill*         0x0000000000024ef4        0xc 
 .rodata        0x0000000000024f00       0x40 obj_cooja/mtype206.a(cxmac.o)
                0x0000000000024f20                cxmac_driver
 .rodata        0x0000000000024f40        0x8 obj_cooja/mtype206.a(linkaddr.o)
                0x0000000000024f40                linkaddr_null
 .rodata        0x0000000000024f48       0x18 obj_cooja/mtype206.a(nullsec.o)
                0x0000000000024f50                nullsec_driver

.rodata1
 *(.rodata1)

.eh_frame_hdr   0x0000000000024f60     0x134c
 *(.eh_frame_hdr)
 .eh_frame_hdr  0x0000000000024f60     0x134c udp-client.co

.eh_frame       0x00000000000262ac     0x4e9c
 *(.eh_frame)
 .eh_frame      0x00000000000262ac       0x3c /usr/lib/gcc/i686-linux-gnu/4.8/../../../i386-linux-gnu/crti.o
                                         0x40 (size before relaxing)
 .eh_frame      0x00000000000262e8       0xb4 udp-client.co
                                         0xcc (size before relaxing)
 .eh_frame      0x000000000002639c      0x148 obj_cooja/mtype206.o
                                        0x160 (size before relaxing)
 .eh_frame      0x00000000000264e4       0x40 obj_cooja/mtype206.a(simEnvChange.o)
                                         0x58 (size before relaxing)
 .eh_frame      0x0000000000026524       0xc0 obj_cooja/mtype206.a(cooja_mt.o)
                                         0xd8 (size before relaxing)
 .eh_frame      0x00000000000265e4      0x120 obj_cooja/mtype206.a(cooja_mtarch.o)
                                        0x138 (size before relaxing)
 .eh_frame      0x0000000000026704       0xc0 obj_cooja/mtype206.a(rtimer-arch.o)
                                         0xd8 (size before relaxing)
 .eh_frame      0x00000000000267c4      0x160 obj_cooja/mtype206.a(beep.o)
                                        0x178 (size before relaxing)
 .eh_frame      0x0000000000026924       0xa0 obj_cooja/mtype206.a(button-sensor.o)
                                         0xb8 (size before relaxing)
 .eh_frame      0x00000000000269c4       0xa0 obj_cooja/mtype206.a(leds-arch.o)
                                         0xb8 (size before relaxing)
 .eh_frame      0x0000000000026a64       0x40 obj_cooja/mtype206.a(moteid.o)
                                         0x58 (size before relaxing)
 .eh_frame      0x0000000000026aa4       0xa0 obj_cooja/mtype206.a(pir-sensor.o)
                                         0xb8 (size before relaxing)
 .eh_frame      0x0000000000026b44      0x100 obj_cooja/mtype206.a(rs232.o)
                                        0x118 (size before relaxing)
 .eh_frame      0x0000000000026c44       0xa0 obj_cooja/mtype206.a(vib-sensor.o)
                                         0xb8 (size before relaxing)
 .eh_frame      0x0000000000026ce4       0xc0 obj_cooja/mtype206.a(clock.o)
                                         0xd8 (size before relaxing)
 .eh_frame      0x0000000000026da4      0x120 obj_cooja/mtype206.a(log.o)
                                        0x138 (size before relaxing)
 .eh_frame      0x0000000000026ec4      0x160 obj_cooja/mtype206.a(cfs-cooja.o)
                                        0x178 (size before relaxing)
 .eh_frame      0x0000000000027024      0x2e0 obj_cooja/mtype206.a(cooja-radio.o)
                                        0x2f8 (size before relaxing)
 .eh_frame      0x0000000000027304       0xa0 obj_cooja/mtype206.a(eeprom.o)
                                         0xb8 (size before relaxing)
 .eh_frame      0x00000000000273a4       0x40 obj_cooja/mtype206.a(random.o)
                                         0x58 (size before relaxing)
 .eh_frame      0x00000000000273e4       0xc0 obj_cooja/mtype206.a(sensors.o)
                                         0xd8 (size before relaxing)
 .eh_frame      0x00000000000274a4       0x40 obj_cooja/mtype206.a(autostart.o)
                                         0x58 (size before relaxing)
 .eh_frame      0x00000000000274e4      0x100 obj_cooja/mtype206.a(ctimer.o)
                                        0x118 (size before relaxing)
 .eh_frame      0x00000000000275e4      0x1e0 obj_cooja/mtype206.a(etimer.o)
                                        0x1f8 (size before relaxing)
 .eh_frame      0x00000000000277c4       0x50 obj_cooja/mtype206.a(log_message.o)
                                         0x68 (size before relaxing)
 .eh_frame      0x0000000000027814      0x1c8 obj_cooja/mtype206.a(process.o)
                                        0x1e0 (size before relaxing)
 .eh_frame      0x00000000000279dc       0x2c obj_cooja/mtype206.a(residual.o)
                                         0x44 (size before relaxing)
 .eh_frame      0x0000000000027a08       0x60 obj_cooja/mtype206.a(rtimer.o)
                                         0x78 (size before relaxing)
 .eh_frame      0x0000000000027a68       0xc4 obj_cooja/mtype206.a(stimer.o)
                                         0xdc (size before relaxing)
 .eh_frame      0x0000000000027b2c       0xa4 obj_cooja/mtype206.a(timer.o)
                                         0xbc (size before relaxing)
 .eh_frame      0x0000000000027bd0       0x60 obj_cooja/mtype206.a(serial-line.o)
                                         0x78 (size before relaxing)
 .eh_frame      0x0000000000027c30      0x180 obj_cooja/mtype206.a(list.o)
                                        0x198 (size before relaxing)
 .eh_frame      0x0000000000027db0       0xa0 obj_cooja/mtype206.a(ringbuf.o)
                                         0xb8 (size before relaxing)
 .eh_frame      0x0000000000027e50      0x350 obj_cooja/mtype206.a(sicslowpan.o)
                                        0x368 (size before relaxing)
 .eh_frame      0x00000000000281a0      0x180 obj_cooja/mtype206.a(uip-ds6-nbr.o)
                                        0x198 (size before relaxing)
 .eh_frame      0x0000000000028320      0x2a0 obj_cooja/mtype206.a(uip-ds6-route.o)
                                        0x2b8 (size before relaxing)
 .eh_frame      0x00000000000285c0      0x2c8 obj_cooja/mtype206.a(uip-ds6.o)
                                        0x2e0 (size before relaxing)
 .eh_frame      0x0000000000028888      0x27c obj_cooja/mtype206.a(uip6.o)
                                        0x294 (size before relaxing)
 .eh_frame      0x0000000000028b04      0x270 obj_cooja/mtype206.a(tcpip.o)
                                        0x288 (size before relaxing)
 .eh_frame      0x0000000000028d74       0x48 obj_cooja/mtype206.a(uip-debug.o)
                                         0x60 (size before relaxing)
 .eh_frame      0x0000000000028dbc       0xe0 obj_cooja/mtype206.a(uip-packetqueue)
                                         0xf8 (size before relaxing)
 .eh_frame      0x0000000000028e9c       0x40 obj_cooja/mtype206.a(uip-udp-packet.)
                                         0x58 (size before relaxing)
 .eh_frame      0x0000000000028edc      0x74c obj_cooja/mtype206.a(rpl-dag.o)
                                        0x764 (size before relaxing)
 .eh_frame      0x0000000000029628      0x10c obj_cooja/mtype206.a(rpl-ext-header.)
                                        0x124 (size before relaxing)
 .eh_frame      0x0000000000029734      0x2b8 obj_cooja/mtype206.a(rpl-icmp6.o)
                                        0x2d0 (size before relaxing)
 .eh_frame      0x00000000000299ec       0xe0 obj_cooja/mtype206.a(rpl-ltmax.o)
                                         0xf8 (size before relaxing)
 .eh_frame      0x0000000000029acc      0x1ac obj_cooja/mtype206.a(rpl-timers.o)
                                        0x1c4 (size before relaxing)
 .eh_frame      0x0000000000029c78      0x148 obj_cooja/mtype206.a(rpl.o)
                                        0x160 (size before relaxing)
 .eh_frame      0x0000000000029dc0      0x28c obj_cooja/mtype206.a(csma.o)
                                        0x2a4 (size before relaxing)
 .eh_frame      0x000000000002a04c      0x108 obj_cooja/mtype206.a(framer-802154.o)
                                        0x120 (size before relaxing)
 .eh_frame      0x000000000002a154       0x20 obj_cooja/mtype206.a(mac.o)
                                         0x38 (size before relaxing)
 .eh_frame      0x000000000002a174      0x27c obj_cooja/mtype206.a(cxmac.o)
                                        0x294 (size before relaxing)
 .eh_frame      0x000000000002a3f0       0x60 obj_cooja/mtype206.a(linkaddr.o)
                                         0x78 (size before relaxing)
 .eh_frame      0x000000000002a450      0x26c obj_cooja/mtype206.a(nbr-table.o)
                                        0x284 (size before relaxing)
 .eh_frame      0x000000000002a6bc       0x20 obj_cooja/mtype206.a(netstack.o)
                                         0x38 (size before relaxing)
 .eh_frame      0x000000000002a6dc      0x214 obj_cooja/mtype206.a(packetbuf.o)
                                        0x22c (size before relaxing)
 .eh_frame      0x000000000002a8f0      0x1a0 obj_cooja/mtype206.a(queuebuf.o)
                                        0x1b8 (size before relaxing)
 .eh_frame      0x000000000002aa90       0x80 obj_cooja/mtype206.a(nullsec.o)
                                         0x98 (size before relaxing)
 .eh_frame      0x000000000002ab10       0xa0 obj_cooja/mtype206.a(watchdog.o)
                                         0xb8 (size before relaxing)
 .eh_frame      0x000000000002abb0      0x100 obj_cooja/mtype206.a(leds.o)
                                        0x118 (size before relaxing)
 .eh_frame      0x000000000002acb0       0xa0 obj_cooja/mtype206.a(memb.o)
                                         0xb8 (size before relaxing)
 .eh_frame      0x000000000002ad50      0x168 obj_cooja/mtype206.a(uip-icmp6.o)
                                        0x180 (size before relaxing)
 .eh_frame      0x000000000002aeb8       0x68 obj_cooja/mtype206.a(uip-nd6.o)
                                         0x80 (size before relaxing)
 .eh_frame      0x000000000002af20       0xc0 obj_cooja/mtype206.a(rpl-nbr-policy.)
                                         0xd8 (size before relaxing)
 .eh_frame      0x000000000002afe0      0x164 obj_cooja/mtype206.a(frame802154.o)
                                        0x17c (size before relaxing)
 .eh_frame      0x000000000002b144        0x4 /usr/lib/gcc/i686-linux-gnu/4.8/crtendS.o

.gcc_except_table
 *(.gcc_except_table .gcc_except_table.*)

.exception_ranges
 *(.exception_ranges .exception_ranges*)
                0x000000000002b148                . = (ALIGN (0x1000) - ((0x1000 - .) & 0xfff))
                0x000000000002cef8                . = DATA_SEGMENT_ALIGN (0x1000, 0x1000)

.eh_frame
 *(.eh_frame)

.gcc_except_table
 *(.gcc_except_table .gcc_except_table.*)

.exception_ranges
 *(.exception_ranges .exception_ranges*)

.tdata
 *(.tdata .tdata.* .gnu.linkonce.td.*)

.tbss
 *(.tbss .tbss.* .gnu.linkonce.tb.*)
 *(.tcommon)

.preinit_array
 *(.preinit_array)

.init_array     0x000000000002cef8        0x4
 *(SORT(.init_array.*) SORT(.ctors.*))
 *(.init_array EXCLUDE_FILE(*crtend?.o *crtend.o *crtbegin?.o *crtbegin.o) .ctors)
 .init_array    0x000000000002cef8        0x4 /usr/lib/gcc/i686-linux-gnu/4.8/crtbeginS.o

.fini_array     0x000000000002cefc        0x4
 *(SORT(.fini_array.*) SORT(.dtors.*))
 *(.fini_array EXCLUDE_FILE(*crtend?.o *crtend.o *crtbegin?.o *crtbegin.o) .dtors)
 .fini_array    0x000000000002cefc        0x4 /usr/lib/gcc/i686-linux-gnu/4.8/crtbeginS.o

.ctors
 *crtbegin.o(.ctors)
 *crtbegin?.o(.ctors)
 *(EXCLUDE_FILE(*crtend?.o *crtend.o) .ctors)
 *(SORT(.ctors.*))
 *(.ctors)

.dtors
 *crtbegin.o(.dtors)
 *crtbegin?.o(.dtors)
 *(EXCLUDE_FILE(*crtend?.o *crtend.o) .dtors)
 *(SORT(.dtors.*))
 *(.dtors)

.jcr            0x000000000002cf00        0x4
 *(.jcr)
 .jcr           0x000000000002cf00        0x0 /usr/lib/gcc/i686-linux-gnu/4.8/crtbeginS.o
 .jcr           0x000000000002cf00        0x4 /usr/lib/gcc/i686-linux-gnu/4.8/crtendS.o

.data.rel.ro
 *(.data.rel.ro.local* .gnu.linkonce.d.rel.ro.local.*)
 *(.data.rel.ro .data.rel.ro.* .gnu.linkonce.d.rel.ro.*)

.dynamic        0x000000000002cf04       0xe8
 *(.dynamic)
 .dynamic       0x000000000002cf04       0xe8 /usr/lib/gcc/i686-linux-gnu/4.8/../../../i386-linux-gnu/crti.o
                0x000000000002cf04                _DYNAMIC

.got            0x000000000002cfec       0x14
 *(.got)
 .got           0x000000000002cfec       0x14 /usr/lib/gcc/i686-linux-gnu/4.8/../../../i386-linux-gnu/crti.o
 *(.igot)
                0x000000000002dff4                . = DATA_SEGMENT_RELRO_END (., (SIZEOF (.got.plt) >= 0xc)?0xc:0x0)

.got.plt        0x000000000002d000       0x14
 *(.got.plt)
 .got.plt       0x000000000002d000       0x14 /usr/lib/gcc/i686-linux-gnu/4.8/../../../i386-linux-gnu/crti.o
                0x000000000002d000                _GLOBAL_OFFSET_TABLE_
 *(.igot.plt)

.data           0x000000000002d020      0x27a
 *(.data .data.* .gnu.linkonce.d.*)
 .data          0x000000000002d020        0x0 /usr/lib/gcc/i686-linux-gnu/4.8/../../../i386-linux-gnu/crti.o
 .data          0x000000000002d020        0x0 /usr/lib/gcc/i686-linux-gnu/4.8/crtbeginS.o
 .data.rel      0x000000000002d020        0x4 /usr/lib/gcc/i686-linux-gnu/4.8/crtbeginS.o
                0x000000000002d020                __dso_handle
 .data          0x000000000002d024       0x14 udp-client.co
                0x000000000002d028                udp_client_process
 *fill*         0x000000000002d038        0x8 
 .data          0x000000000002d040       0x44 obj_cooja/mtype206.o
                0x000000000002d040                simInterfaces
                0x000000000002d074                sensors
 .data          0x000000000002d084        0x0 obj_cooja/mtype206.a(simEnvChange.o)
 .data          0x000000000002d084        0x0 obj_cooja/mtype206.a(cooja_mt.o)
 .data          0x000000000002d084        0x0 obj_cooja/mtype206.a(cooja_mtarch.o)
 .data          0x000000000002d084        0x0 obj_cooja/mtype206.a(rtimer-arch.o)
 .data          0x000000000002d084        0x0 obj_cooja/mtype206.a(beep.o)
 .data          0x000000000002d084        0x0 obj_cooja/mtype206.a(button-sensor.o)
 .data          0x000000000002d084        0x0 obj_cooja/mtype206.a(leds-arch.o)
 .data          0x000000000002d084        0x0 obj_cooja/mtype206.a(moteid.o)
 .data          0x000000000002d084        0x0 obj_cooja/mtype206.a(pir-sensor.o)
 .data          0x000000000002d084        0x0 obj_cooja/mtype206.a(rs232.o)
 .data          0x000000000002d084        0x0 obj_cooja/mtype206.a(vib-sensor.o)
 .data          0x000000000002d084        0x0 obj_cooja/mtype206.a(clock.o)
 .data          0x000000000002d084        0x0 obj_cooja/mtype206.a(log.o)
 .data          0x000000000002d084        0x0 obj_cooja/mtype206.a(cfs-cooja.o)
 .data          0x000000000002d084       0x40 obj_cooja/mtype206.a(cooja-radio.o)
                0x000000000002d084                simRadioChannelLR
                0x000000000002d088                simRadioHWOnLR
                0x000000000002d08c                simSignalStrengthLR
                0x000000000002d090                simLastSignalStrengthLR
                0x000000000002d094                simPowerLR
                0x000000000002d098                simLQILR
                0x000000000002d09c                simRadioChannel
                0x000000000002d0a0                simRadioHWOn
                0x000000000002d0a4                simSignalStrength
                0x000000000002d0a8                simLastSignalStrength
                0x000000000002d0ac                simPower
                0x000000000002d0b0                simLQI
                0x000000000002d0b4                cooja_radio_process
 .data          0x000000000002d0c4        0x0 obj_cooja/mtype206.a(eeprom.o)
 .data          0x000000000002d0c4        0x0 obj_cooja/mtype206.a(random.o)
 .data          0x000000000002d0c4       0x10 obj_cooja/mtype206.a(sensors.o)
                0x000000000002d0c4                sensors_process
 .data          0x000000000002d0d4        0x0 obj_cooja/mtype206.a(autostart.o)
 .data          0x000000000002d0d4       0x14 obj_cooja/mtype206.a(ctimer.o)
                0x000000000002d0d8                ctimer_process
 .data          0x000000000002d0e8       0x10 obj_cooja/mtype206.a(etimer.o)
                0x000000000002d0e8                etimer_process
 .data          0x000000000002d0f8        0x0 obj_cooja/mtype206.a(log_message.o)
 .data          0x000000000002d0f8        0x0 obj_cooja/mtype206.a(process.o)
 .data          0x000000000002d0f8        0x0 obj_cooja/mtype206.a(residual.o)
 .data          0x000000000002d0f8        0x0 obj_cooja/mtype206.a(rtimer.o)
 .data          0x000000000002d0f8        0x0 obj_cooja/mtype206.a(stimer.o)
 .data          0x000000000002d0f8        0x0 obj_cooja/mtype206.a(timer.o)
 .data          0x000000000002d0f8       0x10 obj_cooja/mtype206.a(serial-line.o)
                0x000000000002d0f8                serial_line_process
 .data          0x000000000002d108        0x0 obj_cooja/mtype206.a(list.o)
 .data          0x000000000002d108        0x0 obj_cooja/mtype206.a(ringbuf.o)
 .data          0x000000000002d108        0x0 obj_cooja/mtype206.a(sicslowpan.o)
 .data          0x000000000002d108       0x14 obj_cooja/mtype206.a(uip-ds6-nbr.o)
                0x000000000002d118                ds6_neighbors
 .data          0x000000000002d11c       0x44 obj_cooja/mtype206.a(uip-ds6-route.o)
                0x000000000002d12c                nbr_routes
 .data          0x000000000002d160        0x0 obj_cooja/mtype206.a(uip-ds6.o)
 .data          0x000000000002d160        0x0 obj_cooja/mtype206.a(uip6.o)
 .data          0x000000000002d160       0x10 obj_cooja/mtype206.a(tcpip.o)
                0x000000000002d160                tcpip_process
 .data          0x000000000002d170        0x0 obj_cooja/mtype206.a(uip-debug.o)
 .data          0x000000000002d170        0xc obj_cooja/mtype206.a(uip-packetqueue)
 .data          0x000000000002d17c        0x0 obj_cooja/mtype206.a(uip-udp-packet.)
 .data          0x000000000002d17c       0x28 obj_cooja/mtype206.a(rpl-dag.o)
                0x000000000002d18c                rpl_parents
                0x000000000002d1a0                rpl_children
 .data          0x000000000002d1a4        0x0 obj_cooja/mtype206.a(rpl-ext-header.)
 .data          0x000000000002d1a4       0x34 obj_cooja/mtype206.a(rpl-icmp6.o)
 .data          0x000000000002d1d8       0x1c obj_cooja/mtype206.a(rpl-ltmax.o)
                0x000000000002d1d8                rpl_ltmax_of
 .data          0x000000000002d1f4        0x0 obj_cooja/mtype206.a(rpl-timers.o)
 .data          0x000000000002d1f4        0x0 obj_cooja/mtype206.a(rpl.o)
 .data          0x000000000002d1f4       0x28 obj_cooja/mtype206.a(csma.o)
 .data          0x000000000002d21c        0x0 obj_cooja/mtype206.a(framer-802154.o)
 .data          0x000000000002d21c        0x0 obj_cooja/mtype206.a(mac.o)
 .data          0x000000000002d21c       0x30 obj_cooja/mtype206.a(cxmac.o)
                0x000000000002d21c                cxmac_config
                0x000000000002d22c                strobe_wait
 .data          0x000000000002d24c        0x0 obj_cooja/mtype206.a(linkaddr.o)
 .data          0x000000000002d24c       0x10 obj_cooja/mtype206.a(nbr-table.o)
 .data          0x000000000002d25c        0x0 obj_cooja/mtype206.a(netstack.o)
 .data          0x000000000002d25c        0x4 obj_cooja/mtype206.a(packetbuf.o)
 .data          0x000000000002d260       0x18 obj_cooja/mtype206.a(queuebuf.o)
 .data          0x000000000002d278        0x0 obj_cooja/mtype206.a(nullsec.o)
 .data          0x000000000002d278        0x0 obj_cooja/mtype206.a(watchdog.o)
 .data          0x000000000002d278        0x0 obj_cooja/mtype206.a(rimestats.o)
 .data          0x000000000002d278        0x0 obj_cooja/mtype206.a(leds.o)
 .data          0x000000000002d278        0x0 obj_cooja/mtype206.a(memb.o)
 .data          0x000000000002d278       0x20 obj_cooja/mtype206.a(uip-icmp6.o)
 .data          0x000000000002d298        0x0 obj_cooja/mtype206.a(uip-nd6.o)
 .data          0x000000000002d298        0x0 obj_cooja/mtype206.a(rpl-nbr-policy.)
 .data          0x000000000002d298        0x2 obj_cooja/mtype206.a(frame802154.o)
 .data          0x000000000002d29a        0x0 /usr/lib/gcc/i686-linux-gnu/4.8/crtendS.o
 .data          0x000000000002d29a        0x0 /usr/lib/gcc/i686-linux-gnu/4.8/../../../i386-linux-gnu/crtn.o

.tm_clone_table
                0x000000000002d29c        0x0
 .tm_clone_table
                0x000000000002d29c        0x0 /usr/lib/gcc/i686-linux-gnu/4.8/crtbeginS.o
 .tm_clone_table
                0x000000000002d29c        0x0 /usr/lib/gcc/i686-linux-gnu/4.8/crtendS.o

.data1
 *(.data1)
                0x000000000002d29c                _edata = .
                0x000000000002d29c                PROVIDE (edata, .)
                0x000000000002d29c                . = .
                0x000000000002d29c                __bss_start = .

.bss            0x000000000002d2a0     0x8908
 *(.dynbss)
 .dynbss        0x0000000000000000        0x0 /usr/lib/gcc/i686-linux-gnu/4.8/../../../i386-linux-gnu/crti.o
 *(.bss .bss.* .gnu.linkonce.b.*)
 .bss           0x000000000002d2a0        0x0 /usr/lib/gcc/i686-linux-gnu/4.8/../../../i386-linux-gnu/crti.o
 .bss           0x000000000002d2a0        0x1 /usr/lib/gcc/i686-linux-gnu/4.8/crtbeginS.o
 *fill*         0x000000000002d2a1       0x1f 
 .bss           0x000000000002d2c0       0x60 udp-client.co
                0x000000000002d2c0                my_weight
 .bss           0x000000000002d320     0x2030 obj_cooja/mtype206.o
 .bss           0x000000000002f350        0x1 obj_cooja/mtype206.a(simEnvChange.o)
                0x000000000002f350                simDontFallAsleep
 *fill*         0x000000000002f351        0x3 
 .bss           0x000000000002f354        0x4 obj_cooja/mtype206.a(cooja_mt.o)
 .bss           0x000000000002f358        0x4 obj_cooja/mtype206.a(cooja_mtarch.o)
 .bss           0x000000000002f35c        0xc obj_cooja/mtype206.a(rtimer-arch.o)
 .bss           0x000000000002f368        0x0 obj_cooja/mtype206.a(beep.o)
 .bss           0x000000000002f368        0x8 obj_cooja/mtype206.a(button-sensor.o)
 .bss           0x000000000002f370        0x0 obj_cooja/mtype206.a(leds-arch.o)
 .bss           0x000000000002f370        0x0 obj_cooja/mtype206.a(moteid.o)
 .bss           0x000000000002f370        0x1 obj_cooja/mtype206.a(pir-sensor.o)
                0x000000000002f370                simPirValue
 *fill*         0x000000000002f371        0x3 
 .bss           0x000000000002f374        0x4 obj_cooja/mtype206.a(rs232.o)
 .bss           0x000000000002f378        0x1 obj_cooja/mtype206.a(vib-sensor.o)
                0x000000000002f378                simVibValue
 .bss           0x000000000002f379        0x0 obj_cooja/mtype206.a(clock.o)
 *fill*         0x000000000002f379        0x7 
 .bss           0x000000000002f380      0x420 obj_cooja/mtype206.a(log.o)
 .bss           0x000000000002f7a0      0xfc0 obj_cooja/mtype206.a(cfs-cooja.o)
                0x000000000002f7a0                simCFSData
                0x0000000000030740                simCFSSize
                0x0000000000030744                simCFSChanged
                0x0000000000030748                simCFSRead
                0x000000000003074c                simCFSWritten
 .bss           0x0000000000030760       0x24 obj_cooja/mtype206.a(cooja-radio.o)
                0x0000000000030760                simReceivingLR
                0x0000000000030764                simInSizeLR
                0x0000000000030768                simOutSizeLR
                0x000000000003076c                simReceiving
                0x0000000000030770                simInSize
                0x0000000000030774                simOutSize
                0x0000000000030778                LongRangeTransmit
                0x000000000003077c                LongRangeReceiving
 .bss           0x0000000000030784        0xc obj_cooja/mtype206.a(eeprom.o)
                0x0000000000030784                simEEPROMChanged
                0x0000000000030788                simEEPROMRead
                0x000000000003078c                simEEPROMWritten
 .bss           0x0000000000030790        0x0 obj_cooja/mtype206.a(random.o)
 .bss           0x0000000000030790        0xc obj_cooja/mtype206.a(sensors.o)
 .bss           0x000000000003079c        0x0 obj_cooja/mtype206.a(autostart.o)
 .bss           0x000000000003079c        0x5 obj_cooja/mtype206.a(ctimer.o)
 *fill*         0x00000000000307a1        0x3 
 .bss           0x00000000000307a4        0x8 obj_cooja/mtype206.a(etimer.o)
 .bss           0x00000000000307ac        0x0 obj_cooja/mtype206.a(log_message.o)
 *fill*         0x00000000000307ac       0x14 
 .bss           0x00000000000307c0      0x1b1 obj_cooja/mtype206.a(process.o)
                0x00000000000307c0                process_list
                0x00000000000307c4                process_current
 .bss           0x0000000000030971        0x0 obj_cooja/mtype206.a(residual.o)
 *fill*         0x0000000000030971        0x3 
 .bss           0x0000000000030974        0x4 obj_cooja/mtype206.a(rtimer.o)
 .bss           0x0000000000030978        0x0 obj_cooja/mtype206.a(stimer.o)
 .bss           0x0000000000030978        0x0 obj_cooja/mtype206.a(timer.o)
 *fill*         0x0000000000030978        0x8 
 .bss           0x0000000000030980      0x140 obj_cooja/mtype206.a(serial-line.o)
 .bss           0x0000000000030ac0        0x0 obj_cooja/mtype206.a(list.o)
 .bss           0x0000000000030ac0        0x0 obj_cooja/mtype206.a(ringbuf.o)
 .bss           0x0000000000030ac0      0x70c obj_cooja/mtype206.a(sicslowpan.o)
 *fill*         0x00000000000311cc       0x14 
 .bss           0x00000000000311e0      0x2d0 obj_cooja/mtype206.a(uip-ds6-nbr.o)
 *fill*         0x00000000000314b0       0x10 
 .bss           0x00000000000314c0      0x568 obj_cooja/mtype206.a(uip-ds6-route.o)
 .bss           0x0000000000031a28       0x20 obj_cooja/mtype206.a(uip-ds6.o)
 .bss           0x0000000000031a48        0xe obj_cooja/mtype206.a(uip6.o)
                0x0000000000031a48                uip_ext_bitmap
                0x0000000000031a49                uip_ext_len
                0x0000000000031a4a                uip_ext_opt_offset
 *fill*         0x0000000000031a56        0xa 
 .bss           0x0000000000031a60       0x68 obj_cooja/mtype206.a(tcpip.o)
 .bss           0x0000000000031ac8        0x0 obj_cooja/mtype206.a(uip-debug.o)
 *fill*         0x0000000000031ac8       0x18 
 .bss           0x0000000000031ae0      0xcf8 obj_cooja/mtype206.a(uip-packetqueue)
 .bss           0x00000000000327d8        0x0 obj_cooja/mtype206.a(uip-udp-packet.)
 *fill*         0x00000000000327d8        0x8 
 .bss           0x00000000000327e0      0x1fe obj_cooja/mtype206.a(rpl-dag.o)
 .bss           0x00000000000329de        0x0 obj_cooja/mtype206.a(rpl-ext-header.)
 .bss           0x00000000000329de        0x0 obj_cooja/mtype206.a(rpl-icmp6.o)
 .bss           0x00000000000329de        0x0 obj_cooja/mtype206.a(rpl-ltmax.o)
 *fill*         0x00000000000329de        0x2 
 .bss           0x00000000000329e0       0x23 obj_cooja/mtype206.a(rpl-timers.o)
 *fill*         0x0000000000032a03        0x1 
 .bss           0x0000000000032a04        0x4 obj_cooja/mtype206.a(rpl.o)
 *fill*         0x0000000000032a08       0x18 
 .bss           0x0000000000032a20      0x248 obj_cooja/mtype206.a(csma.o)
 .bss           0x0000000000032c68        0x2 obj_cooja/mtype206.a(framer-802154.o)
 .bss           0x0000000000032c6a        0x0 obj_cooja/mtype206.a(mac.o)
 *fill*         0x0000000000032c6a       0x16 
 .bss           0x0000000000032c80       0xb0 obj_cooja/mtype206.a(cxmac.o)
 .bss           0x0000000000032d30        0x0 obj_cooja/mtype206.a(linkaddr.o)
 *fill*         0x0000000000032d30       0x10 
 .bss           0x0000000000032d40      0x20c obj_cooja/mtype206.a(nbr-table.o)
 .bss           0x0000000000032f4c        0x0 obj_cooja/mtype206.a(netstack.o)
 *fill*         0x0000000000032f4c       0x14 
 .bss           0x0000000000032f60       0xa0 obj_cooja/mtype206.a(packetbuf.o)
 .bss           0x0000000000033000      0xb80 obj_cooja/mtype206.a(queuebuf.o)
 .bss           0x0000000000033b80        0x0 obj_cooja/mtype206.a(nullsec.o)
 .bss           0x0000000000033b80        0x0 obj_cooja/mtype206.a(watchdog.o)
 .bss           0x0000000000033b80        0x0 obj_cooja/mtype206.a(rimestats.o)
 .bss           0x0000000000033b80        0x1 obj_cooja/mtype206.a(leds.o)
 .bss           0x0000000000033b81        0x0 obj_cooja/mtype206.a(memb.o)
 *fill*         0x0000000000033b81        0x3 
 .bss           0x0000000000033b84       0x18 obj_cooja/mtype206.a(uip-icmp6.o)
 .bss           0x0000000000033b9c        0x0 obj_cooja/mtype206.a(uip-nd6.o)
 *fill*         0x0000000000033b9c        0x4 
 .bss           0x0000000000033ba0       0x44 obj_cooja/mtype206.a(rpl-nbr-policy.)
 .bss           0x0000000000033be4        0x0 obj_cooja/mtype206.a(frame802154.o)
 .bss           0x0000000000033be4        0x0 /usr/lib/gcc/i686-linux-gnu/4.8/crtendS.o
 .bss           0x0000000000033be4        0x0 /usr/lib/gcc/i686-linux-gnu/4.8/../../../i386-linux-gnu/crtn.o
 *(COMMON)
 COMMON         0x0000000000033be4       0x6c udp-client.co
                0x0000000000033be4                dio_count
                0x0000000000033be8                dis_count
                0x0000000000033bec                csma_drop_count
                0x0000000000033bf0                tcp_output_count
                0x0000000000033bf4                csma_transmission_count
                0x0000000000033bf8                dao_ack_fwd_count
                0x0000000000033bfc                COOJA_radioRxLong
                0x0000000000033c00                cxmac_collision_count
                0x0000000000033c04                cxmac_retransmission_count
                0x0000000000033c08                control_message_count
                0x0000000000033c0c                dao_count
                0x0000000000033c10                icmp_count
                0x0000000000033c14                COOJA_radioTx
                0x0000000000033c18                cxmac_transmission_count
                0x0000000000033c1c                dao_ack_count
                0x0000000000033c20                data_message_count
                0x0000000000033c24                my_sink_reachability
                0x0000000000033c28                COOJA_radioTxLong
                0x0000000000033c2c                COOJA_radioRx
                0x0000000000033c30                my_parent_number
                0x0000000000033c34                COOJA_radioOn
                0x0000000000033c38                LSA_count
                0x0000000000033c3c                dao_fwd_count
                0x0000000000033c40                COOJA_duration
                0x0000000000033c44                dio_ack_count
                0x0000000000033c48                COOJA_radioOnLong
                0x0000000000033c4c                data_fwd_count
 COMMON         0x0000000000033c50        0xc obj_cooja/mtype206.o
                0x0000000000033c50                referenceVar
                0x0000000000033c54                debugfp
                0x0000000000033c58                sensors_flags
 COMMON         0x0000000000033c5c        0xc obj_cooja/mtype206.a(simEnvChange.o)
                0x0000000000033c5c                simEtimerPending
                0x0000000000033c60                simProcessRunValue
                0x0000000000033c64                simNextExpirationTime
 COMMON         0x0000000000033c68        0x1 obj_cooja/mtype206.a(beep.o)
                0x0000000000033c68                simBeeped
 COMMON         0x0000000000033c69        0x3 obj_cooja/mtype206.a(button-sensor.o)
                0x0000000000033c69                simButtonIsActive
                0x0000000000033c6a                simButtonIsDown
                0x0000000000033c6b                simButtonChanged
 COMMON         0x0000000000033c6c        0x1 obj_cooja/mtype206.a(leds-arch.o)
                0x0000000000033c6c                simLedsValue
 *fill*         0x0000000000033c6d        0x3 
 COMMON         0x0000000000033c70        0xc obj_cooja/mtype206.a(moteid.o)
                0x0000000000033c70                simRandomSeed
                0x0000000000033c74                simMoteIDChanged
                0x0000000000033c78                simMoteID
 COMMON         0x0000000000033c7c        0x2 obj_cooja/mtype206.a(pir-sensor.o)
                0x0000000000033c7c                simPirIsActive
                0x0000000000033c7d                simPirChanged
 *fill*         0x0000000000033c7e        0x2 
 COMMON         0x0000000000033c80      0x820 obj_cooja/mtype206.a(rs232.o)
                0x0000000000033c80                simSerialReceivingFlag
                0x0000000000033c84                simSerialReceivingLength
                0x0000000000033ca0                simSerialReceivingData
 COMMON         0x00000000000344a0        0x2 obj_cooja/mtype206.a(vib-sensor.o)
                0x00000000000344a0                simVibChanged
                0x00000000000344a1                simVibIsActive
 *fill*         0x00000000000344a2        0x2 
 COMMON         0x00000000000344a4        0x4 obj_cooja/mtype206.a(clock.o)
                0x00000000000344a4                simCurrentTime
 *fill*         0x00000000000344a8       0x18 
 COMMON         0x00000000000344c0      0x420 obj_cooja/mtype206.a(log.o)
                0x00000000000344c0                simLoggedLength
                0x00000000000344c4                simLoggedFlag
                0x00000000000344e0                simLoggedData
 COMMON         0x00000000000348e0      0x200 obj_cooja/mtype206.a(cooja-radio.o)
                0x00000000000348e0                simOutDataBuffer
                0x0000000000034960                simInDataBufferLR
                0x00000000000349e0                simOutDataBufferLR
                0x0000000000034a60                simInDataBuffer
 COMMON         0x0000000000034ae0      0x400 obj_cooja/mtype206.a(eeprom.o)
                0x0000000000034ae0                simEEPROMData
 COMMON         0x0000000000034ee0        0x1 obj_cooja/mtype206.a(sensors.o)
                0x0000000000034ee0                sensors_event
 *fill*         0x0000000000034ee1        0x3 
 COMMON         0x0000000000034ee4        0x4 obj_cooja/mtype206.a(log_message.o)
                0x0000000000034ee4                log_fp
 COMMON         0x0000000000034ee8        0x1 obj_cooja/mtype206.a(serial-line.o)
                0x0000000000034ee8                serial_line_event_message
 *fill*         0x0000000000034ee9       0x17 
 COMMON         0x0000000000034f00      0x181 obj_cooja/mtype206.a(uip-ds6.o)
                0x0000000000034f00                uip_ds6_prefix_list
                0x0000000000034f60                uip_ds6_timer_periodic
                0x0000000000034f70                uip_ds6_netif_addr_list_offset
                0x0000000000034f80                uip_ds6_if
                0x0000000000035078                uip_ds6_timer_ra
                0x0000000000035080                uip_ds6_addr_size
 *fill*         0x0000000000035081       0x1f 
 COMMON         0x00000000000350a0      0x8ec obj_cooja/mtype206.a(uip6.o)
                0x00000000000350a0                uip_slen
                0x00000000000350a2                uip_acc32
                0x00000000000350c0                uip_conns
                0x0000000000035180                uip_lladdr
                0x0000000000035188                uip_appdata
                0x000000000003518c                uip_flags
                0x00000000000351a0                uip_aligned_buf
                0x00000000000357e0                uip_listenports
                0x00000000000357f0                uip_len
                0x00000000000357f4                uip_sappdata
                0x0000000000035800                uip_udp_conns
                0x0000000000035980                uip_udp_conn
                0x0000000000035984                uip_next_hdr
                0x0000000000035988                uip_conn
 COMMON         0x000000000003598c        0x1 obj_cooja/mtype206.a(tcpip.o)
                0x000000000003598c                tcpip_event
 *fill*         0x000000000003598d       0x13 
 COMMON         0x00000000000359a0      0x178 obj_cooja/mtype206.a(rpl-dag.o)
                0x00000000000359a0                default_instance
                0x00000000000359c0                instance_table
 COMMON         0x0000000000035b18        0x8 obj_cooja/mtype206.a(linkaddr.o)
                0x0000000000035b18                linkaddr_node_addr
 COMMON         0x0000000000035b20       0x2e obj_cooja/mtype206.a(packetbuf.o)
                0x0000000000035b20                packetbuf_attrs
                0x0000000000035b3e                packetbuf_addrs
 *fill*         0x0000000000035b4e       0x12 
 COMMON         0x0000000000035b60       0x48 obj_cooja/mtype206.a(rimestats.o)
                0x0000000000035b60                rimestats
                0x0000000000035ba8                . = ALIGN ((. != 0x0)?0x4:0x1)
                0x0000000000035ba8                . = ALIGN (0x4)
                0x0000000000035ba8                . = SEGMENT_START ("ldata-segment", .)
                0x0000000000035ba8                . = ALIGN (0x4)
                0x0000000000035ba8                _end = .
                0x0000000000035ba8                PROVIDE (end, .)
                0x0000000000035ba8                . = DATA_SEGMENT_END (.)

.stab
 *(.stab)

.stabstr
 *(.stabstr)

.stab.excl
 *(.stab.excl)

.stab.exclstr
 *(.stab.exclstr)

.stab.index
 *(.stab.index)

.stab.indexstr
 *(.stab.indexstr)

.comment        0x0000000000000000       0x29
 *(.comment)
 .comment       0x0000000000000000       0x29 /usr/lib/gcc/i686-linux-gnu/4.8/crtbeginS.o
                                         0x2a (size before relaxing)
 .comment       0x0000000000000000       0x2a udp-client.co
 .comment       0x0000000000000000       0x2a obj_cooja/mtype206.o
 .comment       0x0000000000000000       0x2a obj_cooja/mtype206.a(simEnvChange.o)
 .comment       0x0000000000000000       0x2a obj_cooja/mtype206.a(cooja_mt.o)
 .comment       0x0000000000000000       0x2a obj_cooja/mtype206.a(cooja_mtarch.o)
 .comment       0x0000000000000000       0x2a obj_cooja/mtype206.a(rtimer-arch.o)
 .comment       0x0000000000000000       0x2a obj_cooja/mtype206.a(beep.o)
 .comment       0x0000000000000000       0x2a obj_cooja/mtype206.a(button-sensor.o)
 .comment       0x0000000000000000       0x2a obj_cooja/mtype206.a(leds-arch.o)
 .comment       0x0000000000000000       0x2a obj_cooja/mtype206.a(moteid.o)
 .comment       0x0000000000000000       0x2a obj_cooja/mtype206.a(pir-sensor.o)
 .comment       0x0000000000000000       0x2a obj_cooja/mtype206.a(rs232.o)
 .comment       0x0000000000000000       0x2a obj_cooja/mtype206.a(vib-sensor.o)
 .comment       0x0000000000000000       0x2a obj_cooja/mtype206.a(clock.o)
 .comment       0x0000000000000000       0x2a obj_cooja/mtype206.a(log.o)
 .comment       0x0000000000000000       0x2a obj_cooja/mtype206.a(cfs-cooja.o)
 .comment       0x0000000000000000       0x2a obj_cooja/mtype206.a(cooja-radio.o)
 .comment       0x0000000000000000       0x2a obj_cooja/mtype206.a(eeprom.o)
 .comment       0x0000000000000000       0x2a obj_cooja/mtype206.a(random.o)
 .comment       0x0000000000000000       0x2a obj_cooja/mtype206.a(sensors.o)
 .comment       0x0000000000000000       0x2a obj_cooja/mtype206.a(autostart.o)
 .comment       0x0000000000000000       0x2a obj_cooja/mtype206.a(ctimer.o)
 .comment       0x0000000000000000       0x2a obj_cooja/mtype206.a(etimer.o)
 .comment       0x0000000000000000       0x2a obj_cooja/mtype206.a(log_message.o)
 .comment       0x0000000000000000       0x2a obj_cooja/mtype206.a(process.o)
 .comment       0x0000000000000000       0x2a obj_cooja/mtype206.a(residual.o)
 .comment       0x0000000000000000       0x2a obj_cooja/mtype206.a(rtimer.o)
 .comment       0x0000000000000000       0x2a obj_cooja/mtype206.a(stimer.o)
 .comment       0x0000000000000000       0x2a obj_cooja/mtype206.a(timer.o)
 .comment       0x0000000000000000       0x2a obj_cooja/mtype206.a(serial-line.o)
 .comment       0x0000000000000000       0x2a obj_cooja/mtype206.a(list.o)
 .comment       0x0000000000000000       0x2a obj_cooja/mtype206.a(ringbuf.o)
 .comment       0x0000000000000000       0x2a obj_cooja/mtype206.a(sicslowpan.o)
 .comment       0x0000000000000000       0x2a obj_cooja/mtype206.a(uip-ds6-nbr.o)
 .comment       0x0000000000000000       0x2a obj_cooja/mtype206.a(uip-ds6-route.o)
 .comment       0x0000000000000000       0x2a obj_cooja/mtype206.a(uip-ds6.o)
 .comment       0x0000000000000000       0x2a obj_cooja/mtype206.a(uip6.o)
 .comment       0x0000000000000000       0x2a obj_cooja/mtype206.a(tcpip.o)
 .comment       0x0000000000000000       0x2a obj_cooja/mtype206.a(uip-debug.o)
 .comment       0x0000000000000000       0x2a obj_cooja/mtype206.a(uip-packetqueue)
 .comment       0x0000000000000000       0x2a obj_cooja/mtype206.a(uip-udp-packet.)
 .comment       0x0000000000000000       0x2a obj_cooja/mtype206.a(rpl-dag.o)
 .comment       0x0000000000000000       0x2a obj_cooja/mtype206.a(rpl-ext-header.)
 .comment       0x0000000000000000       0x2a obj_cooja/mtype206.a(rpl-icmp6.o)
 .comment       0x0000000000000000       0x2a obj_cooja/mtype206.a(rpl-ltmax.o)
 .comment       0x0000000000000000       0x2a obj_cooja/mtype206.a(rpl-timers.o)
 .comment       0x0000000000000000       0x2a obj_cooja/mtype206.a(rpl.o)
 .comment       0x0000000000000000       0x2a obj_cooja/mtype206.a(csma.o)
 .comment       0x0000000000000000       0x2a obj_cooja/mtype206.a(framer-802154.o)
 .comment       0x0000000000000000       0x2a obj_cooja/mtype206.a(mac.o)
 .comment       0x0000000000000000       0x2a obj_cooja/mtype206.a(cxmac.o)
 .comment       0x0000000000000000       0x2a obj_cooja/mtype206.a(linkaddr.o)
 .comment       0x0000000000000000       0x2a obj_cooja/mtype206.a(nbr-table.o)
 .comment       0x0000000000000000       0x2a obj_cooja/mtype206.a(netstack.o)
 .comment       0x0000000000000000       0x2a obj_cooja/mtype206.a(packetbuf.o)
 .comment       0x0000000000000000       0x2a obj_cooja/mtype206.a(queuebuf.o)
 .comment       0x0000000000000000       0x2a obj_cooja/mtype206.a(nullsec.o)
 .comment       0x0000000000000000       0x2a obj_cooja/mtype206.a(watchdog.o)
 .comment       0x0000000000000000       0x2a obj_cooja/mtype206.a(rimestats.o)
 .comment       0x0000000000000000       0x2a obj_cooja/mtype206.a(leds.o)
 .comment       0x0000000000000000       0x2a obj_cooja/mtype206.a(memb.o)
 .comment       0x0000000000000000       0x2a obj_cooja/mtype206.a(uip-icmp6.o)
 .comment       0x0000000000000000       0x2a obj_cooja/mtype206.a(uip-nd6.o)
 .comment       0x0000000000000000       0x2a obj_cooja/mtype206.a(rpl-nbr-policy.)
 .comment       0x0000000000000000       0x2a obj_cooja/mtype206.a(frame802154.o)
 .comment       0x0000000000000000       0x2a /usr/lib/gcc/i686-linux-gnu/4.8/crtendS.o

.debug
 *(.debug)

.line
 *(.line)

.debug_srcinfo
 *(.debug_srcinfo)

.debug_sfnames
 *(.debug_sfnames)

.debug_aranges  0x0000000000000000      0x818
 *(.debug_aranges)
 .debug_aranges
                0x0000000000000000       0x20 udp-client.co
 .debug_aranges
                0x0000000000000020       0x20 obj_cooja/mtype206.o
 .debug_aranges
                0x0000000000000040       0x20 obj_cooja/mtype206.a(simEnvChange.o)
 .debug_aranges
                0x0000000000000060       0x20 obj_cooja/mtype206.a(cooja_mt.o)
 .debug_aranges
                0x0000000000000080       0x20 obj_cooja/mtype206.a(cooja_mtarch.o)
 .debug_aranges
                0x00000000000000a0       0x20 obj_cooja/mtype206.a(rtimer-arch.o)
 .debug_aranges
                0x00000000000000c0       0x20 obj_cooja/mtype206.a(beep.o)
 .debug_aranges
                0x00000000000000e0       0x20 obj_cooja/mtype206.a(button-sensor.o)
 .debug_aranges
                0x0000000000000100       0x20 obj_cooja/mtype206.a(leds-arch.o)
 .debug_aranges
                0x0000000000000120       0x20 obj_cooja/mtype206.a(moteid.o)
 .debug_aranges
                0x0000000000000140       0x20 obj_cooja/mtype206.a(pir-sensor.o)
 .debug_aranges
                0x0000000000000160       0x20 obj_cooja/mtype206.a(rs232.o)
 .debug_aranges
                0x0000000000000180       0x20 obj_cooja/mtype206.a(vib-sensor.o)
 .debug_aranges
                0x00000000000001a0       0x20 obj_cooja/mtype206.a(clock.o)
 .debug_aranges
                0x00000000000001c0       0x20 obj_cooja/mtype206.a(log.o)
 .debug_aranges
                0x00000000000001e0       0x20 obj_cooja/mtype206.a(cfs-cooja.o)
 .debug_aranges
                0x0000000000000200       0x20 obj_cooja/mtype206.a(cooja-radio.o)
 .debug_aranges
                0x0000000000000220       0x20 obj_cooja/mtype206.a(eeprom.o)
 .debug_aranges
                0x0000000000000240       0x20 obj_cooja/mtype206.a(random.o)
 .debug_aranges
                0x0000000000000260       0x20 obj_cooja/mtype206.a(sensors.o)
 .debug_aranges
                0x0000000000000280       0x20 obj_cooja/mtype206.a(autostart.o)
 .debug_aranges
                0x00000000000002a0       0x20 obj_cooja/mtype206.a(ctimer.o)
 .debug_aranges
                0x00000000000002c0       0x20 obj_cooja/mtype206.a(etimer.o)
 .debug_aranges
                0x00000000000002e0       0x20 obj_cooja/mtype206.a(log_message.o)
 .debug_aranges
                0x0000000000000300       0x20 obj_cooja/mtype206.a(process.o)
 .debug_aranges
                0x0000000000000320       0x20 obj_cooja/mtype206.a(residual.o)
 .debug_aranges
                0x0000000000000340       0x20 obj_cooja/mtype206.a(rtimer.o)
 .debug_aranges
                0x0000000000000360       0x20 obj_cooja/mtype206.a(stimer.o)
 .debug_aranges
                0x0000000000000380       0x20 obj_cooja/mtype206.a(timer.o)
 .debug_aranges
                0x00000000000003a0       0x20 obj_cooja/mtype206.a(serial-line.o)
 .debug_aranges
                0x00000000000003c0       0x20 obj_cooja/mtype206.a(list.o)
 .debug_aranges
                0x00000000000003e0       0x20 obj_cooja/mtype206.a(ringbuf.o)
 .debug_aranges
                0x0000000000000400       0x20 obj_cooja/mtype206.a(sicslowpan.o)
 .debug_aranges
                0x0000000000000420       0x20 obj_cooja/mtype206.a(uip-ds6-nbr.o)
 .debug_aranges
                0x0000000000000440       0x20 obj_cooja/mtype206.a(uip-ds6-route.o)
 .debug_aranges
                0x0000000000000460       0x20 obj_cooja/mtype206.a(uip-ds6.o)
 .debug_aranges
                0x0000000000000480       0x20 obj_cooja/mtype206.a(uip6.o)
 .debug_aranges
                0x00000000000004a0       0x20 obj_cooja/mtype206.a(tcpip.o)
 .debug_aranges
                0x00000000000004c0       0x20 obj_cooja/mtype206.a(uip-debug.o)
 .debug_aranges
                0x00000000000004e0       0x20 obj_cooja/mtype206.a(uip-packetqueue)
 .debug_aranges
                0x0000000000000500       0x20 obj_cooja/mtype206.a(uip-udp-packet.)
 .debug_aranges
                0x0000000000000520       0x20 obj_cooja/mtype206.a(rpl-dag.o)
 .debug_aranges
                0x0000000000000540       0x20 obj_cooja/mtype206.a(rpl-ext-header.)
 .debug_aranges
                0x0000000000000560       0x20 obj_cooja/mtype206.a(rpl-icmp6.o)
 .debug_aranges
                0x0000000000000580       0x20 obj_cooja/mtype206.a(rpl-ltmax.o)
 .debug_aranges
                0x00000000000005a0       0x20 obj_cooja/mtype206.a(rpl-timers.o)
 .debug_aranges
                0x00000000000005c0       0x20 obj_cooja/mtype206.a(rpl.o)
 .debug_aranges
                0x00000000000005e0       0x20 obj_cooja/mtype206.a(csma.o)
 .debug_aranges
                0x0000000000000600       0x20 obj_cooja/mtype206.a(framer-802154.o)
 .debug_aranges
                0x0000000000000620       0x20 obj_cooja/mtype206.a(mac.o)
 .debug_aranges
                0x0000000000000640       0x20 obj_cooja/mtype206.a(cxmac.o)
 .debug_aranges
                0x0000000000000660       0x20 obj_cooja/mtype206.a(linkaddr.o)
 .debug_aranges
                0x0000000000000680       0x20 obj_cooja/mtype206.a(nbr-table.o)
 .debug_aranges
                0x00000000000006a0       0x20 obj_cooja/mtype206.a(netstack.o)
 .debug_aranges
                0x00000000000006c0       0x20 obj_cooja/mtype206.a(packetbuf.o)
 .debug_aranges
                0x00000000000006e0       0x20 obj_cooja/mtype206.a(queuebuf.o)
 .debug_aranges
                0x0000000000000700       0x20 obj_cooja/mtype206.a(nullsec.o)
 .debug_aranges
                0x0000000000000720       0x20 obj_cooja/mtype206.a(watchdog.o)
 .debug_aranges
                0x0000000000000740       0x18 obj_cooja/mtype206.a(rimestats.o)
 .debug_aranges
                0x0000000000000758       0x20 obj_cooja/mtype206.a(leds.o)
 .debug_aranges
                0x0000000000000778       0x20 obj_cooja/mtype206.a(memb.o)
 .debug_aranges
                0x0000000000000798       0x20 obj_cooja/mtype206.a(uip-icmp6.o)
 .debug_aranges
                0x00000000000007b8       0x20 obj_cooja/mtype206.a(uip-nd6.o)
 .debug_aranges
                0x00000000000007d8       0x20 obj_cooja/mtype206.a(rpl-nbr-policy.)
 .debug_aranges
                0x00000000000007f8       0x20 obj_cooja/mtype206.a(frame802154.o)

.debug_pubnames
 *(.debug_pubnames)

.debug_info     0x0000000000000000    0x1cc91
 *(.debug_info .gnu.linkonce.wi.*)
 .debug_info    0x0000000000000000     0x1184 udp-client.co
 .debug_info    0x0000000000001184     0x3b1e obj_cooja/mtype206.o
 .debug_info    0x0000000000004ca2      0x15a obj_cooja/mtype206.a(simEnvChange.o)
 .debug_info    0x0000000000004dfc      0x1e2 obj_cooja/mtype206.a(cooja_mt.o)
 .debug_info    0x0000000000004fde      0x2e7 obj_cooja/mtype206.a(cooja_mtarch.o)
 .debug_info    0x00000000000052c5      0x16b obj_cooja/mtype206.a(rtimer-arch.o)
 .debug_info    0x0000000000005430      0x1f3 obj_cooja/mtype206.a(beep.o)
 .debug_info    0x0000000000005623      0x257 obj_cooja/mtype206.a(button-sensor.o)
 .debug_info    0x000000000000587a      0x132 obj_cooja/mtype206.a(leds-arch.o)
 .debug_info    0x00000000000059ac      0x10a obj_cooja/mtype206.a(moteid.o)
 .debug_info    0x0000000000005ab6      0x216 obj_cooja/mtype206.a(pir-sensor.o)
 .debug_info    0x0000000000005ccc      0x21e obj_cooja/mtype206.a(rs232.o)
 .debug_info    0x0000000000005eea      0x216 obj_cooja/mtype206.a(vib-sensor.o)
 .debug_info    0x0000000000006100      0x152 obj_cooja/mtype206.a(clock.o)
 .debug_info    0x0000000000006252      0x2bb obj_cooja/mtype206.a(log.o)
 .debug_info    0x000000000000650d      0x3cf obj_cooja/mtype206.a(cfs-cooja.o)
 .debug_info    0x00000000000068dc      0xc9c obj_cooja/mtype206.a(cooja-radio.o)
 .debug_info    0x0000000000007578      0x1d5 obj_cooja/mtype206.a(eeprom.o)
 .debug_info    0x000000000000774d       0xb3 obj_cooja/mtype206.a(random.o)
 .debug_info    0x0000000000007800      0x36d obj_cooja/mtype206.a(sensors.o)
 .debug_info    0x0000000000007b6d      0x1a5 obj_cooja/mtype206.a(autostart.o)
 .debug_info    0x0000000000007d12      0x46c obj_cooja/mtype206.a(ctimer.o)
 .debug_info    0x000000000000817e      0x49c obj_cooja/mtype206.a(etimer.o)
 .debug_info    0x000000000000861a      0x55c obj_cooja/mtype206.a(log_message.o)
 .debug_info    0x0000000000008b76      0x4ba obj_cooja/mtype206.a(process.o)
 .debug_info    0x0000000000009030      0x16b obj_cooja/mtype206.a(residual.o)
 .debug_info    0x000000000000919b      0x1ab obj_cooja/mtype206.a(rtimer.o)
 .debug_info    0x0000000000009346      0x179 obj_cooja/mtype206.a(stimer.o)
 .debug_info    0x00000000000094bf      0x16c obj_cooja/mtype206.a(timer.o)
 .debug_info    0x000000000000962b      0x2de obj_cooja/mtype206.a(serial-line.o)
 .debug_info    0x0000000000009909      0x2ed obj_cooja/mtype206.a(list.o)
 .debug_info    0x0000000000009bf6      0x1aa obj_cooja/mtype206.a(ringbuf.o)
 .debug_info    0x0000000000009da0     0x105e obj_cooja/mtype206.a(sicslowpan.o)
 .debug_info    0x000000000000adfe      0x853 obj_cooja/mtype206.a(uip-ds6-nbr.o)
 .debug_info    0x000000000000b651      0xd30 obj_cooja/mtype206.a(uip-ds6-route.o)
 .debug_info    0x000000000000c381      0xa5b obj_cooja/mtype206.a(uip-ds6.o)
 .debug_info    0x000000000000cddc      0xfd2 obj_cooja/mtype206.a(uip6.o)
 .debug_info    0x000000000000ddae     0x157e obj_cooja/mtype206.a(tcpip.o)
 .debug_info    0x000000000000f32c      0x1b5 obj_cooja/mtype206.a(uip-debug.o)
 .debug_info    0x000000000000f4e1      0x470 obj_cooja/mtype206.a(uip-packetqueue)
 .debug_info    0x000000000000f951      0x37a obj_cooja/mtype206.a(uip-udp-packet.)