Archive member included to satisfy reference by file (symbol)

obj_cooja/mtype124.a(simEnvChange.o)
                              obj_cooja/mtype124.o (simDontFallAsleep)
obj_cooja/mtype124.a(cooja_mt.o)
                              obj_cooja/mtype124.o (cooja_mt_start)
obj_cooja/mtype124.a(cooja_mtarch.o)
                              obj_cooja/mtype124.a(cooja_mt.o) (cooja_mtarch_init)
obj_cooja/mtype124.a(rtimer-arch.o)
                              obj_cooja/mtype124.o (rtimer_arch_next)
obj_cooja/mtype124.a(beep.o)  obj_cooja/mtype124.o (beep_interface)
obj_cooja/mtype124.a(button-sensor.o)
                              obj_cooja/mtype124.o (button_interface)
obj_cooja/mtype124.a(leds-arch.o)
                              obj_cooja/mtype124.o (leds_interface)
obj_cooja/mtype124.a(moteid.o)
                              obj_cooja/mtype124.o (moteid_interface)
obj_cooja/mtype124.a(pir-sensor.o)
                              obj_cooja/mtype124.o (pir_interface)
obj_cooja/mtype124.a(rs232.o)
                              obj_cooja/mtype124.o (rs232_interface)
obj_cooja/mtype124.a(vib-sensor.o)
                              obj_cooja/mtype124.o (vib_interface)
obj_cooja/mtype124.a(clock.o)
                              obj_cooja/mtype124.o (clock_interface)
obj_cooja/mtype124.a(log.o)   obj_cooja/mtype124.o (simlog_interface)
obj_cooja/mtype124.a(cfs-cooja.o)
                              obj_cooja/mtype124.o (cfs_interface)
obj_cooja/mtype124.a(cooja-radio.o)
                              obj_cooja/mtype124.o (radio_interface)
obj_cooja/mtype124.a(eeprom.o)
                              obj_cooja/mtype124.o (eeprom_interface)
obj_cooja/mtype124.a(random.o)
                              obj_cooja/mtype124.a(moteid.o) (random_init)
obj_cooja/mtype124.a(sensors.o)
                              obj_cooja/mtype124.o (sensors_process)
obj_cooja/mtype124.a(leds.o)  obj_cooja/mtype124.a(cooja-radio.o) (leds_on)
obj_cooja/mtype124.a(dual_conf.o)
                              obj_cooja/mtype124.a(cooja-radio.o) (long_range_radio)
obj_cooja/mtype124.a(autostart.o)
                              obj_cooja/mtype124.o (autostart_start)
obj_cooja/mtype124.a(ctimer.o)
                              obj_cooja/mtype124.o (ctimer_init)
obj_cooja/mtype124.a(etimer.o)
                              obj_cooja/mtype124.o (etimer_process)
obj_cooja/mtype124.a(log_message.o)
                              obj_cooja/mtype124.o (log_initialization)
obj_cooja/mtype124.a(process.o)
                              udp-client.co (process_current)
obj_cooja/mtype124.a(residual.o)
                              udp-client.co (DISSIPATION_RATE)
obj_cooja/mtype124.a(rtimer.o)
                              obj_cooja/mtype124.a(rtimer-arch.o) (rtimer_run_next)
obj_cooja/mtype124.a(stimer.o)
                              udp-client.co (stimer_remaining)
obj_cooja/mtype124.a(timer.o)
                              obj_cooja/mtype124.a(button-sensor.o) (timer_set)
obj_cooja/mtype124.a(serial-line.o)
                              udp-client.co (serial_line_event_message)
obj_cooja/mtype124.a(list.o)  obj_cooja/mtype124.a(ctimer.o) (list_init)
obj_cooja/mtype124.a(ringbuf.o)
                              obj_cooja/mtype124.a(serial-line.o) (ringbuf_init)
obj_cooja/mtype124.a(sicslowpan.o)
                              obj_cooja/mtype124.o (sicslowpan_driver)
obj_cooja/mtype124.a(uip-ds6-nbr.o)
                              obj_cooja/mtype124.a(sicslowpan.o) (uip_ds6_link_neighbor_callback)
obj_cooja/mtype124.a(uip-ds6-route.o)
                              udp-client.co (uip_ds6_route_nexthop)
obj_cooja/mtype124.a(uip-ds6.o)
                              udp-client.co (uip_ds6_if)
obj_cooja/mtype124.a(uip6.o)  udp-client.co (uip_lladdr)
obj_cooja/mtype124.a(tcpip.o)
                              udp-client.co (tcpip_event)
obj_cooja/mtype124.a(uip-debug.o)
                              udp-client.co (uip_debug_ipaddr_print)
obj_cooja/mtype124.a(uip-packetqueue)
                              obj_cooja/mtype124.a(uip-ds6-nbr.o) (uip_packetqueue_new)
obj_cooja/mtype124.a(uip-udp-packet.)
                              udp-client.co (uip_udp_packet_sendto)
obj_cooja/mtype124.a(rpl-dag.o)
                              udp-client.co (rpl_parents)
obj_cooja/mtype124.a(rpl-ext-header.)
                              obj_cooja/mtype124.a(uip6.o) (rpl_verify_header)
obj_cooja/mtype124.a(rpl-icmp6.o)
                              obj_cooja/mtype124.a(rpl-dag.o) (rpl_icmp6_update_nbr_table)
obj_cooja/mtype124.a(rpl-ltmax.o)
                              obj_cooja/mtype124.a(rpl-dag.o) (rpl_ltmax_of)
obj_cooja/mtype124.a(rpl-timers.o)
                              obj_cooja/mtype124.a(rpl-dag.o) (rpl_reset_dio_timer)
obj_cooja/mtype124.a(rpl.o)   obj_cooja/mtype124.a(rpl-icmp6.o) (rpl_get_mode)
obj_cooja/mtype124.a(csma.o)  obj_cooja/mtype124.o (csma_driver)
obj_cooja/mtype124.a(framer-802154.o)
[...]
Memory Configuration

Name             Origin             Length             Attributes
*default*        0x0000000000000000 0xffffffffffffffff

Linker script and memory map

LOAD /usr/lib/gcc/i686-linux-gnu/4.8/../../../i386-linux-gnu/crti.o
LOAD /usr/lib/gcc/i686-linux-gnu/4.8/crtbeginS.o
LOAD udp-client.co
LOAD obj_cooja/mtype124.o
LOAD obj_cooja/mtype124.a
LOAD /usr/lib/gcc/i686-linux-gnu/4.8/libgcc.a
LOAD /usr/lib/gcc/i686-linux-gnu/4.8/libgcc_s.so
LOAD /usr/lib/gcc/i686-linux-gnu/4.8/../../../i386-linux-gnu/libc.so
START GROUP
LOAD /lib/i386-linux-gnu/libc.so.6
LOAD /usr/lib/i386-linux-gnu/libc_nonshared.a
LOAD /lib/i386-linux-gnu/ld-linux.so.2
END GROUP
LOAD /usr/lib/gcc/i686-linux-gnu/4.8/libgcc.a
LOAD /usr/lib/gcc/i686-linux-gnu/4.8/libgcc_s.so
LOAD /usr/lib/gcc/i686-linux-gnu/4.8/crtendS.o
LOAD /usr/lib/gcc/i686-linux-gnu/4.8/../../../i386-linux-gnu/crtn.o
                0x0000000000000114                . = (0x0 + SIZEOF_HEADERS)

.note.gnu.build-id
                0x0000000000000114       0x24
 *(.note.gnu.build-id)
 .note.gnu.build-id
                0x0000000000000114       0x24 /usr/lib/gcc/i686-linux-gnu/4.8/../../../i386-linux-gnu/crti.o

.hash
 *(.hash)

.gnu.hash       0x0000000000000138     0x1394
 *(.gnu.hash)
 .gnu.hash      0x0000000000000138     0x1394 /usr/lib/gcc/i686-linux-gnu/4.8/../../../i386-linux-gnu/crti.o

.dynsym         0x00000000000014cc     0x26c0
 *(.dynsym)
 .dynsym        0x00000000000014cc     0x26c0 /usr/lib/gcc/i686-linux-gnu/4.8/../../../i386-linux-gnu/crti.o

.dynstr         0x0000000000003b8c     0x27d3
 *(.dynstr)
 .dynstr        0x0000000000003b8c     0x27d3 /usr/lib/gcc/i686-linux-gnu/4.8/../../../i386-linux-gnu/crti.o

.gnu.version    0x0000000000006360      0x4d8
 *(.gnu.version)
 .gnu.version   0x0000000000006360      0x4d8 /usr/lib/gcc/i686-linux-gnu/4.8/../../../i386-linux-gnu/crti.o

.gnu.version_d  0x0000000000006838        0x0
 *(.gnu.version_d)
 .gnu.version_d
                0x0000000000000000        0x0 /usr/lib/gcc/i686-linux-gnu/4.8/../../../i386-linux-gnu/crti.o

.gnu.version_r  0x0000000000006838       0x50
 *(.gnu.version_r)
 .gnu.version_r
                0x0000000000006838       0x50 /usr/lib/gcc/i686-linux-gnu/4.8/../../../i386-linux-gnu/crti.o

.rel.dyn        0x0000000000006888     0x9848
 *(.rel.init)
 .rel.init      0x0000000000000000        0x0 /usr/lib/gcc/i686-linux-gnu/4.8/../../../i386-linux-gnu/crti.o
 *(.rel.text .rel.text.* .rel.gnu.linkonce.t.*)
 .rel.text      0x0000000000006888     0x9070 /usr/lib/gcc/i686-linux-gnu/4.8/../../../i386-linux-gnu/crti.o
 *(.rel.fini)
 .rel.fini      0x0000000000000000        0x0 /usr/lib/gcc/i686-linux-gnu/4.8/../../../i386-linux-gnu/crti.o
 *(.rel.rodata .rel.rodata.* .rel.gnu.linkonce.r.*)
 .rel.rodata    0x000000000000f8f8      0x4e0 /usr/lib/gcc/i686-linux-gnu/4.8/../../../i386-linux-gnu/crti.o
 *(.rel.data.rel.ro .rel.data.rel.ro.* .rel.gnu.linkonce.d.rel.ro.*)
 *(.rel.data .rel.data.* .rel.gnu.linkonce.d.*)
 .rel.data.rel  0x000000000000fdd8        0x8 /usr/lib/gcc/i686-linux-gnu/4.8/../../../i386-linux-gnu/crti.o
 .rel.data      0x000000000000fde0      0x2b8 /usr/lib/gcc/i686-linux-gnu/4.8/../../../i386-linux-gnu/crti.o
 *(.rel.tdata .rel.tdata.* .rel.gnu.linkonce.td.*)
 *(.rel.tbss .rel.tbss.* .rel.gnu.linkonce.tb.*)
 *(.rel.ctors)
 *(.rel.dtors)
 *(.rel.got)
 .rel.got       0x0000000000010098       0x28 /usr/lib/gcc/i686-linux-gnu/4.8/../../../i386-linux-gnu/crti.o
 *(.rel.bss .rel.bss.* .rel.gnu.linkonce.b.*)
 *(.rel.ifunc)
 .rel.ifunc     0x0000000000000000        0x0 /usr/lib/gcc/i686-linux-gnu/4.8/../../../i386-linux-gnu/crti.o
 .rel.fini_array
                0x00000000000100c0        0x8 /usr/lib/gcc/i686-linux-gnu/4.8/../../../i386-linux-gnu/crti.o
 .rel.init_array
                0x00000000000100c8        0x8 /usr/lib/gcc/i686-linux-gnu/4.8/../../../i386-linux-gnu/crti.o

.rel.plt        0x00000000000100d0       0x10
 *(.rel.plt)
 .rel.plt       0x00000000000100d0       0x10 /usr/lib/gcc/i686-linux-gnu/4.8/../../../i386-linux-gnu/crti.o
 *(.rel.iplt)

.init           0x00000000000100e0       0x23
 *(SORT(.init))
 .init          0x00000000000100e0       0x1e /usr/lib/gcc/i686-linux-gnu/4.8/../../../i386-linux-gnu/crti.o
                0x00000000000100e0                _init
 .init          0x00000000000100fe        0x5 /usr/lib/gcc/i686-linux-gnu/4.8/../../../i386-linux-gnu/crtn.o

.plt            0x0000000000010110       0x30
 *(.plt)
 .plt           0x0000000000010110       0x30 /usr/lib/gcc/i686-linux-gnu/4.8/../../../i386-linux-gnu/crti.o
 *(.iplt)

.text           0x0000000000010140    0x17302
 *(.text.unlikely .text.*_unlikely .text.unlikely.*)
 *(.text.exit .text.exit.*)
 *(.text.startup .text.startup.*)
 *(.text.hot .text.hot.*)
 *(.text .stub .text.* .gnu.linkonce.t.*)
 .text          0x0000000000010140        0x0 /usr/lib/gcc/i686-linux-gnu/4.8/../../../i386-linux-gnu/crti.o
 .gnu.linkonce.t.__x86.get_pc_thunk.bx
                0x0000000000010140        0x4 /usr/lib/gcc/i686-linux-gnu/4.8/../../../i386-linux-gnu/crti.o
                0x0000000000010140                __x86.get_pc_thunk.bx
 *fill*         0x0000000000010144        0xc 
 .text          0x0000000000010150      0x11b /usr/lib/gcc/i686-linux-gnu/4.8/crtbeginS.o
 .text          0x000000000001026b      0x9e7 udp-client.co
 .text          0x0000000000010c52      0x96a obj_cooja/mtype124.o
                0x0000000000010e00                contiki_init
                0x00000000000113d3                Java_org_contikios_cooja_corecomm_Lib2_init
                0x0000000000011413                Java_org_contikios_cooja_corecomm_Lib2_getMemory
                0x0000000000011453                Java_org_contikios_cooja_corecomm_Lib2_setMemory
                0x00000000000114ca                Java_org_contikios_cooja_corecomm_Lib2_tick
                0x00000000000115aa                Java_org_contikios_cooja_corecomm_Lib2_setReferenceAddress
 .text          0x00000000000115bc       0x63 obj_cooja/mtype124.a(simEnvChange.o)
                0x00000000000115bc                doActionsBeforeTick
                0x00000000000115ed                doActionsAfterTick
 .text          0x000000000001161f       0xbc obj_cooja/mtype124.a(cooja_mt.o)
                0x000000000001161f                cooja_mt_init
                0x000000000001162c                cooja_mt_remove
                0x0000000000011639                cooja_mt_start
                0x0000000000011666                cooja_mt_exec
                0x0000000000011697                cooja_mt_exit
                0x00000000000116b9                cooja_mt_yield
 .text          0x00000000000116db      0x115 obj_cooja/mtype124.a(cooja_mtarch.o)
                0x00000000000116db                cooja_mtarch_init
                0x00000000000116e0                cooja_mtarch_start
                0x000000000001175b                cooja_sw
                0x000000000001177d                cooja_mtarch_exec
                0x0000000000011799                cooja_mtarch_remove
                0x000000000001179e                cooja_mtarch_yield
                0x00000000000117a8                cooja_mtarch_pstop
                0x00000000000117ad                cooja_mtarch_pstart
                0x00000000000117b2                cooja_mtarch_stack_usage
 .text          0x00000000000117f0       0xc2 obj_cooja/mtype124.a(rtimer-arch.o)
                0x00000000000117f0                rtimer_arch_init
                0x0000000000011813                rtimer_arch_schedule
                0x000000000001182a                rtimer_arch_next
                0x0000000000011834                rtimer_arch_pending
                0x000000000001183e                rtimer_arch_check
                0x0000000000011870                rtimer_arch_now
 .text          0x00000000000118b2       0x76 obj_cooja/mtype124.a(beep.o)
                0x00000000000118b2                beep_alarm
                0x00000000000118be                beep_beep
                0x00000000000118ca                beep
                0x00000000000118d6                beep_down
                0x00000000000118e2                beep_on
                0x00000000000118ee                beep_off
                0x00000000000118fa                beep_spinup
                0x0000000000011906                beep_quick
                0x0000000000011912                beep_long
 .text          0x0000000000011928      0x103 obj_cooja/mtype124.a(button-sensor.o)
 .text          0x0000000000011a2b       0x45 obj_cooja/mtype124.a(leds-arch.o)
                0x0000000000011a2b                leds_arch_init
                0x0000000000011a37                leds_arch_get
                0x0000000000011a43                leds_arch_set
 .text          0x0000000000011a70       0x2f obj_cooja/mtype124.a(moteid.o)
 .text          0x0000000000011a9f       0xb1 obj_cooja/mtype124.a(pir-sensor.o)
 .text          0x0000000000011b50      0x131 obj_cooja/mtype124.a(rs232.o)
                0x0000000000011b50                rs232_init
                0x0000000000011b55                rs232_set_speed
                0x0000000000011b63                rs232_set_input
                0x0000000000011b70                rs232_send
                0x0000000000011b92                rs232_print
                0x0000000000011bad                slip_arch_writeb
 .text          0x0000000000011c81       0xb1 obj_cooja/mtype124.a(vib-sensor.o)
 .text          0x0000000000011d32       0x34 obj_cooja/mtype124.a(clock.o)
                0x0000000000011d32                clock_init
                0x0000000000011d37                clock_time
                0x0000000000011d41                clock_seconds
                0x0000000000011d57                clock_delay
 .text          0x0000000000011d66      0x1ed obj_cooja/mtype124.a(log.o)
                0x0000000000011d66                simlog_char
                0x0000000000011da8                simlog
                0x0000000000011e15                log_message
                0x0000000000011e3d                log_set_putchar_with_slip
                0x0000000000011e4a                log_putchar
                0x0000000000011ece                log_puts
                0x0000000000011ef2                log_printf
 .text          0x0000000000011f53      0x2c4 obj_cooja/mtype124.a(cfs-cooja.o)
                0x0000000000011f53                cfs_open
                0x0000000000011fbc                cfs_close
                0x0000000000011fc8                cfs_read
                0x0000000000012066                cfs_write
                0x0000000000012143                cfs_seek
                0x00000000000121cb                cfs_remove
                0x00000000000121f4                cfs_opendir
                0x00000000000121fe                cfs_readdir
                0x0000000000012208                cfs_closedir
 .text          0x0000000000012217      0x69f obj_cooja/mtype124.a(cooja-radio.o)
                0x0000000000012241                radio_set_channel
                0x0000000000012256                radio_set_txpower
                0x0000000000012276                radio_signal_strength_last
                0x0000000000012280                radio_signal_strength_current
                0x000000000001228a                radio_LQI
 .text          0x00000000000128b6       0xef obj_cooja/mtype124.a(eeprom.o)
                0x00000000000128b6                eeprom_init
                0x00000000000128bb                eeprom_read
                0x000000000001292b                eeprom_write
 .text          0x00000000000129a5       0x28 obj_cooja/mtype124.a(random.o)
                0x00000000000129a5                random_init
                0x00000000000129c0                random_rand
 .text          0x00000000000129cd      0x2a1 obj_cooja/mtype124.a(sensors.o)
                0x0000000000012a08                sensors_first
                0x0000000000012a12                sensors_next
                0x0000000000012a2f                sensors_changed
                0x0000000000012a5e                sensors_find
 .text          0x0000000000012c6e      0x134 obj_cooja/mtype124.a(leds.o)
                0x0000000000012cbf                leds_init
                0x0000000000012cd3                leds_blink
                0x0000000000012d0b                leds_get
                0x0000000000012d18                leds_set
                0x0000000000012d32                leds_on
                0x0000000000012d55                leds_off
                0x0000000000012d7f                leds_toggle
 .text          0x0000000000012da2      0x318 obj_cooja/mtype124.a(dual_conf.o)
                0x0000000000012da2                dual_radio_switch
                0x0000000000012de2                dual_radio_change
                0x0000000000012e1c                sending_in_LR
                0x0000000000012e47                dual_radio_received
                0x0000000000012e7f                radio_received_is_longrange
                0x0000000000012e9a                dual_radio_turn_on
                0x0000000000012ebd                dual_radio_turn_off
                0x0000000000013070                dio_broadcast
                0x0000000000013099                dis_broadcast
 .text          0x00000000000130ba       0x8e obj_cooja/mtype124.a(autostart.o)
                0x00000000000130ba                autostart_start
                0x0000000000013105                autostart_exit
 .text          0x0000000000013148      0x334 obj_cooja/mtype124.a(ctimer.o)
                0x000000000001325f                ctimer_init
                0x000000000001328f                ctimer_set
                0x00000000000132c0                ctimer_set_with_process
                0x000000000001333c                ctimer_reset
                0x000000000001338b                ctimer_restart
                0x00000000000133da                ctimer_stop
                0x0000000000013425                ctimer_expired
 .text          0x000000000001347c      0x40b obj_cooja/mtype124.a(etimer.o)
                0x000000000001368f                etimer_request_poll
                0x0000000000013713                etimer_set
                0x0000000000013738                etimer_reset_with_new_interval
                0x000000000001375f                etimer_reset
                0x000000000001377d                etimer_restart
                0x000000000001379b                etimer_adjust
                0x00000000000137b7                etimer_expired
                0x00000000000137ca                etimer_expiration_time
                0x00000000000137dc                etimer_start_time
                0x00000000000137e6                etimer_pending
                0x00000000000137f8                etimer_next_expiration_time
                0x0000000000013812                etimer_stop
 .text          0x0000000000013887      0x220 obj_cooja/mtype124.a(log_message.o)
                0x0000000000013887                log_initialization
                0x0000000000013a86                log_finisher
 .text          0x0000000000013aa7      0x560 obj_cooja/mtype124.a(process.o)
                0x0000000000013aa7                process_alloc_event
                0x0000000000013abc                process_start
                0x0000000000013ca5                process_exit
                0x0000000000013cc1                process_init
                0x0000000000013e92                process_run
                0x0000000000013ec5                process_nevents
                0x0000000000013ee0                process_post
                0x0000000000013f8c                process_post_synch
                0x0000000000013fc4                process_poll
                0x0000000000013ff3                process_is_running
 .text          0x0000000000014007       0xd3 obj_cooja/mtype124.a(residual.o)
                0x0000000000014007                get_residual_energy
 .text          0x00000000000140da       0xba obj_cooja/mtype124.a(rtimer.o)
                0x00000000000140da                rtimer_init
                0x00000000000140e7                rtimer_set
                0x000000000001413e                rtimer_run_next
 .text          0x0000000000014194       0xa3 obj_cooja/mtype124.a(stimer.o)
                0x0000000000014194                stimer_set
                0x00000000000141af                stimer_reset
                0x00000000000141c6                stimer_restart
                0x00000000000141d8                stimer_expired
                0x00000000000141ff                stimer_remaining
                0x0000000000014223                stimer_elapsed
 .text          0x0000000000014237       0x91 obj_cooja/mtype124.a(timer.o)
                0x0000000000014237                timer_set
                0x0000000000014252                timer_reset
                0x0000000000014269                timer_restart
                0x000000000001427b                timer_expired
                0x00000000000142a4                timer_remaining
 .text          0x00000000000142c8      0x1fb obj_cooja/mtype124.a(serial-line.o)
                0x00000000000142c8                serial_line_input_byte
                0x000000000001448b                serial_line_init
 .text          0x00000000000144c3      0x244 obj_cooja/mtype124.a(list.o)
                0x00000000000144c3                list_init
                0x00000000000144d1                list_head
                0x00000000000144db                list_copy
                0x00000000000144ea                list_tail
                0x0000000000014520                list_add
                0x0000000000014569                list_push
                0x0000000000014595                list_chop
                0x00000000000145ff                list_pop
                0x0000000000014627                list_remove
                0x000000000001468e                list_length
                0x00000000000146bc                list_insert
                0x00000000000146f0                list_item_next
 .text          0x0000000000014707      0x155 obj_cooja/mtype124.a(ringbuf.o)
                0x0000000000014707                ringbuf_init
                0x0000000000014738                ringbuf_put
                0x00000000000147b6                ringbuf_get
                0x0000000000014823                ringbuf_size
                0x0000000000014835                ringbuf_elements
 .text          0x000000000001485c     0x258b obj_cooja/mtype124.a(sicslowpan.o)
                0x0000000000014de6                rime_sniffer_add
                0x0000000000014df3                rime_sniffer_remove
                0x0000000000016d86                sicslowpan_init
                0x0000000000016ddd                sicslowpan_get_last_rssi
 .text          0x0000000000016de7      0x2dc obj_cooja/mtype124.a(uip-ds6-nbr.o)
                0x0000000000016e04                uip_ds6_neighbors_init
                0x0000000000016e21                uip_ds6_nbr_add
                0x0000000000016ed2                uip_ds6_nbr_rm
                0x0000000000016f2f                uip_ds6_nbr_get_ipaddr
                0x0000000000016f44                uip_ds6_nbr_get_ll
                0x0000000000016f60                uip_ds6_nbr_num
                0x0000000000016fa5                uip_ds6_nbr_lookup
                0x000000000001700a                uip_ds6_nbr_ll_lookup
                0x0000000000017026                uip_ds6_nbr_ipaddr_from_lladdr
                0x000000000001704c                uip_ds6_nbr_lladdr_from_ipaddr
                0x000000000001707a                uip_ds6_link_neighbor_callback
 .text          0x00000000000170c3      0x916 obj_cooja/mtype124.a(uip-ds6-route.o)
                0x000000000001713a                uip_ds6_notification_add
                0x000000000001716b                uip_ds6_notification_rm
                0x0000000000017187                uip_ds6_route_init
                0x000000000001720f                uip_ds6_route_nexthop
                0x0000000000017237                uip_ds6_route_head
                0x000000000001724c                uip_ds6_route_next
                0x0000000000017272                uip_ds6_route_is_nexthop
                0x00000000000172b1                uip_ds6_route_num_routes
                0x00000000000172bb                uip_ds6_route_lookup
                0x000000000001737d                uip_ds6_route_add
                0x00000000000175b1                uip_ds6_route_rm
                0x0000000000017745                uip_ds6_route_rm_by_nexthop
                0x000000000001777d                uip_ds6_defrt_add
                0x000000000001782e                uip_ds6_defrt_rm
                0x00000000000178ad                uip_ds6_defrt_lookup
                0x0000000000017906                uip_ds6_defrt_choose
                0x0000000000017971                uip_ds6_defrt_periodic
 .text          0x00000000000179d9     0x12ad obj_cooja/mtype124.a(uip-ds6.o)
                0x00000000000179d9                uip_ds6_init
                0x0000000000017d2e                uip_ds6_periodic
                0x0000000000017e06                uip_ds6_list_loop
                0x0000000000017ead                uip_ds6_prefix_add
                0x0000000000017f6b                uip_ds6_prefix_rm
                0x0000000000017f7d                uip_ds6_prefix_lookup
                0x0000000000017fce                uip_ds6_is_addr_onlink
                0x0000000000018042                uip_ds6_addr_add
                0x0000000000018170                uip_ds6_long_addr_add
                0x000000000001829e                uip_ds6_addr_rm
                0x000000000001833e                uip_ds6_addr_lookup
                0x0000000000018389                uip_ds6_long_addr_lookup
                0x00000000000183d4                uip_ds6_get_link_local
                0x0000000000018453                uip_ds6_long_get_link_local
                0x00000000000184d2                uip_ds6_get_global
                0x0000000000018551                uip_ds6_long_get_global
                0x00000000000185d0                uip_ds6_maddr_add
                0x0000000000018642                uip_ds6_long_maddr_add
                0x00000000000186b4                uip_ds6_maddr_rm
                0x00000000000186c6                uip_ds6_maddr_lookup
                0x0000000000018711                uip_ds6_long_maddr_lookup
                0x000000000001875c                uip_ds6_aaddr_add
                0x00000000000187ce                uip_ds6_long_aaddr_add
                0x0000000000018840                uip_ds6_aaddr_rm
                0x0000000000018852                uip_ds6_aaddr_lookup
                0x000000000001889d                uip_ds6_long_aaddr_lookup
                0x00000000000188e8                uip_ds6_select_src
                0x0000000000018b71                uip_ds6_set_addr_iid
                0x0000000000018ba8                get_match_length
                0x0000000000018c3a                uip_ds6_compute_reachable_time
 .text          0x0000000000018c86     0x2a07 obj_cooja/mtype124.a(uip6.o)
                0x0000000000018c86                uip_add32
                0x0000000000018e1f                uip_chksum
                0x0000000000018f0d                uip_icmp6chksum
                0x0000000000018f21                uip_tcpchksum
                0x0000000000018f35                uip_udpchksum
                0x0000000000018f49                uip_init
                0x0000000000019019                uip_connect
                0x00000000000191c8                remove_ext_hdr
                0x000000000001929d                uip_udp_new
                0x00000000000193f9                uip_unlisten
                0x0000000000019459                uip_listen
                0x000000000001971b                uip_process
                0x000000000001b581                uip_htons
                0x000000000001b5a3                uip_htonl
                0x000000000001b5e3                uip_send
 .text          0x000000000001b68d      0xa53 obj_cooja/mtype124.a(tcpip.o)
                0x000000000001b68d                tcpip_output
                0x000000000001b6c8                tcpip_set_outputfunc
                0x000000000001b75c                tcp_connect
                0x000000000001b7b1                tcp_unlisten
                0x000000000001b80c                tcp_listen
                0x000000000001b865                tcp_attach
                0x000000000001b88a                udp_attach
                0x000000000001b8af                udp_new
                0x000000000001b901                udp_broadcast_new
                0x000000000001bb75                tcpip_input
                0x000000000001bba9                tcpip_ipv6_output
                0x000000000001bf1c                tcpip_poll_udp
                0x000000000001bf3f                tcpip_poll_tcp
                0x000000000001bf62                tcpip_uipcall
 .text          0x000000000001c0e0      0x1c1 obj_cooja/mtype124.a(uip-debug.o)
                0x000000000001c0e0                uip_debug_ipaddr_print
                0x000000000001c242                uip_debug_lladdr_print
 .text          0x000000000001c2a1      0x141 obj_cooja/mtype124.a(uip-packetqueue)
                0x000000000001c2cd                uip_packetqueue_new
                0x000000000001c2db                uip_packetqueue_alloc
                0x000000000001c33b                uip_packetqueue_free
                0x000000000001c37c                uip_packetqueue_buf
                0x000000000001c399                uip_packetqueue_buflen
                0x000000000001c3ba                uip_packetqueue_set_buflen
 .text          0x000000000001c3e2      0x131 obj_cooja/mtype124.a(uip-udp-packet.)
                0x000000000001c3e2                uip_udp_packet_send
                0x000000000001c442                uip_udp_packet_sendto
 .text          0x000000000001c513     0x266f obj_cooja/mtype124.a(rpl-dag.o)
                0x000000000001c513                rpl_print_neighbor_list
                0x000000000001c5bc                rpl_print_child_neighbor_list
                0x000000000001c631                rpl_get_nbr
                0x000000000001c68b                rpl_get_nbr_child
                0x000000000001c6e5                rpl_dag_init
                0x000000000001c717                rpl_get_parent
                0x000000000001c739                rpl_get_parent_rank
                0x000000000001c76c                rpl_get_parent_link_metric
                0x000000000001c79f                rpl_get_parent_ipaddr
                0x000000000001c7c9                rpl_get_child_ipaddr
                0x000000000001cae4                rpl_set_root
                0x000000000001cd12                rpl_repair_root
                0x000000000001cf4e                rpl_set_prefix
                0x000000000001d04d                rpl_set_default_route
                0x000000000001d0d9                rpl_alloc_instance
                0x000000000001d161                rpl_alloc_dag
                0x000000000001d214                rpl_set_default_instance
                0x000000000001d221                rpl_get_default_instance
                0x000000000001d22b                rpl_free_instance
                0x000000000001d2cc                rpl_free_dag
                0x000000000001d332                rpl_add_parent
                0x000000000001d475                rpl_find_parent
                0x000000000001d4a5                rpl_add_child
                0x000000000001d549                rpl_find_child
                0x000000000001d597                rpl_find_parent_any_dag
                0x000000000001d5d3                rpl_select_dag
                0x000000000001da11                rpl_select_parent
                0x000000000001da73                rpl_remove_parent
                0x000000000001dac3                rpl_remove_child
                0x000000000001dadf                rpl_nullify_parent
                0x000000000001db7d                rpl_move_parent
                0x000000000001dc1a                rpl_has_downward_route
                0x000000000001dc6d                rpl_get_any_dag
                0x000000000001dccf                rpl_get_instance
                0x000000000001dd32                rpl_find_of
                0x000000000001dd6f                rpl_join_instance
                0x000000000001e00b                rpl_add_dag
                0x000000000001e3fa                rpl_local_repair
                0x000000000001e4d3                rpl_recalculate_ranks
                0x000000000001e559                rpl_process_parent_event
                0x000000000001e60b                rpl_process_dio
 .text          0x000000000001eb82      0xbf3 obj_cooja/mtype124.a(rpl-ext-header.)
                0x000000000001eb9f                rpl_verify_header
                0x000000000001f019                rpl_update_header_empty
                0x000000000001f330                rpl_update_header_final
                0x000000000001f4bf                rpl_remove_header
                0x000000000001f5c9                rpl_invert_header
                0x000000000001f753                rpl_insert_header
 .text          0x000000000001f775     0x22fb obj_cooja/mtype124.a(rpl-icmp6.o)
                0x000000000001fa3e                rpl_icmp6_update_nbr_table
                0x000000000001fb2e                dis_output
                0x0000000000020466                dio_output
                0x00000000000215db                dao_output
                0x00000000000216a3                dao_output_target
                0x0000000000021a24                dao_ack_output
                0x0000000000021a38                rpl_icmp6_register_handlers
 .text          0x0000000000021a70      0x3df obj_cooja/mtype124.a(rpl-ltmax.o)
 .text          0x0000000000021e4f      0x59d obj_cooja/mtype124.a(rpl-timers.o)
                0x0000000000022095                rpl_reset_periodic_timer
                0x00000000000220ea                rpl_reset_dio_timer
                0x0000000000022324                rpl_schedule_dao
                0x000000000002233f                rpl_schedule_dao_immediately
                0x000000000002235a                rpl_cancel_dao
                0x00000000000223bc                rpl_schedule_unicast_dio_immediately
 .text          0x00000000000223ec      0x5c5 obj_cooja/mtype124.a(rpl.o)
                0x00000000000223ec                rpl_get_mode
                0x00000000000223f6                rpl_set_mode
                0x0000000000022484                rpl_purge_routes
                0x000000000002257e                rpl_remove_routes
                0x00000000000225c4                rpl_remove_routes_by_nexthop
                0x0000000000022630                rpl_add_route
                0x00000000000226ab                rpl_link_neighbor_callback
                0x00000000000227b0                rpl_ipv6_neighbor_callback
                0x000000000002281f                rpl_purge_dags
                0x000000000002292b                rpl_init
 .text          0x00000000000229b1      0x8c3 obj_cooja/mtype124.a(csma.o)
 .text          0x0000000000023274      0x3f5 obj_cooja/mtype124.a(framer-802154.o)
 .text          0x0000000000023669       0x3c obj_cooja/mtype124.a(mac.o)
                0x0000000000023669                mac_call_sent_callback
 .text          0x00000000000236a5     0x104e obj_cooja/mtype124.a(cxmac.o)
                0x0000000000024643                cxmac_set_announcement_radio_txpower
                0x0000000000024648                cxmac_init
 .text          0x00000000000246f3       0x82 obj_cooja/mtype124.a(linkaddr.o)
                0x00000000000246f3                linkaddr_copy
                0x0000000000024715                linkaddr_cmp
                0x000000000002473f                linkaddr_set_node_addr
                0x000000000002475a                linkaddr_set_node_long_addr
 .text          0x0000000000024775      0x915 obj_cooja/mtype124.a(nbr-table.o)
                0x0000000000024775                long_ip_from_lladdr_map
                0x00000000000247fe                lladdr_map_add_lr
                0x00000000000248bb                lladdr_map_rm_lr
                0x0000000000024d80                nbr_table_register
                0x0000000000024dc8                nbr_table_head
                0x0000000000024e24                nbr_table_next
                0x0000000000024e8b                nbr_table_add_lladdr
                0x0000000000024f67                nbr_table_get_from_lladdr
                0x0000000000024fb4                nbr_table_remove
                0x0000000000025006                nbr_table_lock
                0x0000000000025030                nbr_table_unlock
                0x000000000002505a                nbr_table_get_lladdr
 .text          0x000000000002508a       0x2b obj_cooja/mtype124.a(netstack.o)
                0x000000000002508a                netstack_init
 .text          0x00000000000250b5      0x3cd obj_cooja/mtype124.a(packetbuf.o)
                0x00000000000250b5                packetbuf_clear
                0x00000000000250df                packetbuf_copyfrom
                0x0000000000025131                packetbuf_compact
                0x00000000000251ae                packetbuf_copyto
                0x0000000000025245                packetbuf_hdralloc
                0x00000000000252c2                packetbuf_hdrreduce
                0x000000000002530a                packetbuf_set_datalen
                0x0000000000025323                packetbuf_dataptr
                0x0000000000025340                packetbuf_hdrptr
                0x000000000002534a                packetbuf_datalen
                0x0000000000025356                packetbuf_hdrlen
                0x000000000002536d                packetbuf_totlen
                0x0000000000025383                packetbuf_attr_clear
                0x00000000000253d5                packetbuf_attr_copyto
                0x000000000002541e                packetbuf_attr_copyfrom
                0x0000000000025466                packetbuf_holds_broadcast
 .text          0x0000000000025482      0x2b4 obj_cooja/mtype124.a(queuebuf.o)
                0x000000000002548c                queuebuf_init
                0x00000000000254ac                queuebuf_numfree
                0x00000000000254c0                queuebuf_new_from_packetbuf
                0x0000000000025550                queuebuf_update_attr_from_packetbuf
                0x0000000000025583                queuebuf_update_from_packetbuf
                0x00000000000255cd                queuebuf_free
                0x0000000000025614                queuebuf_to_packetbuf
                0x000000000002567a                queuebuf_dataptr
                0x00000000000256b1                queuebuf_datalen
                0x00000000000256d4                queuebuf_addr
                0x0000000000025706                queuebuf_attr
                0x0000000000025731                queuebuf_debug_print
 .text          0x0000000000025736       0x6e obj_cooja/mtype124.a(nullsec.o)
 .text          0x00000000000257a4       0x19 obj_cooja/mtype124.a(watchdog.o)
                0x00000000000257a4                watchdog_init
                0x00000000000257a9                watchdog_start
                0x00000000000257ae                watchdog_periodic
                0x00000000000257b3                watchdog_stop
                0x00000000000257b8                watchdog_reboot
 .text          0x00000000000257bd        0x0 obj_cooja/mtype124.a(rimestats.o)
 .text          0x00000000000257bd      0x1c1 obj_cooja/mtype124.a(memb.o)
                0x00000000000257bd                memb_init
                0x000000000002581b                memb_alloc
                0x0000000000025880                memb_free
                0x00000000000258fb                memb_inmemb
                0x000000000002593a                memb_numfree
 .text          0x000000000002597e      0xabf obj_cooja/mtype124.a(uip-icmp6.o)
                0x00000000000259ec                uip_icmp6_input
                0x0000000000025a42                uip_icmp6_register_input_handler
                0x0000000000025d0a                uip_icmp6_error_output
                0x000000000002604f                uip_icmp6_send
                0x00000000000263d0                uip_icmp6_echo_reply_callback_add
                0x0000000000026401                uip_icmp6_echo_reply_callback_rm
                0x000000000002641d                uip_icmp6_init
 .text          0x000000000002643d      0x358 obj_cooja/mtype124.a(uip-nd6.o)
                0x0000000000026491                uip_nd6_ns_output
                0x0000000000026790                uip_nd6_init
 .text          0x0000000000026795      0x331 obj_cooja/mtype124.a(rpl-nbr-policy.)
                0x000000000002696d                find_removable_dis
                0x0000000000026990                find_removable_dio
                0x0000000000026a1f                find_removable_dao
                0x0000000000026a6f                rpl_nbr_policy_find_removable
 .text          0x0000000000026ac6      0x97c obj_cooja/mtype124.a(frame802154.o)
                0x0000000000026af7                frame802154_get_pan_id
                0x0000000000026b03                frame802154_set_pan_id
                0x0000000000026b1c                frame802154_has_panid
                0x0000000000026c08                frame802154_check_dest_panid
                0x0000000000026c70                frame802154_is_broadcast_addr
                0x0000000000026cbd                frame802154_extract_linkaddr
                0x0000000000026efd                frame802154_hdrlen
                0x0000000000026f4e                frame802154_create
                0x0000000000027139                frame802154_parse
 .text          0x0000000000027442        0x0 /usr/lib/gcc/i686-linux-gnu/4.8/crtendS.o
 .text          0x0000000000027442        0x0 /usr/lib/gcc/i686-linux-gnu/4.8/../../../i386-linux-gnu/crtn.o
 *(.gnu.warning)

.fini           0x0000000000027444       0x14
 *(SORT(.fini))
 .fini          0x0000000000027444        0xf /usr/lib/gcc/i686-linux-gnu/4.8/../../../i386-linux-gnu/crti.o
                0x0000000000027444                _fini
 .fini          0x0000000000027453        0x5 /usr/lib/gcc/i686-linux-gnu/4.8/../../../i386-linux-gnu/crtn.o
                0x0000000000027458                PROVIDE (__etext, .)
                0x0000000000027458                PROVIDE (_etext, .)
                0x0000000000027458                PROVIDE (etext, .)

.rodata         0x0000000000027460      0xbc0
 *(.rodata .rodata.* .gnu.linkonce.r.*)
 .rodata        0x0000000000027460      0x468 udp-client.co
                0x0000000000027474                autostart_processes
 .rodata        0x00000000000278c8      0x1e6 obj_cooja/mtype124.o
 *fill*         0x0000000000027aae        0x2 
 .rodata        0x0000000000027ab0        0x8 obj_cooja/mtype124.a(beep.o)
                0x0000000000027ab0                beep_interface
 .rodata        0x0000000000027ab8       0x20 obj_cooja/mtype124.a(button-sensor.o)
                0x0000000000027ab8                button_interface
                0x0000000000027ac8                button_sensor
 .rodata        0x0000000000027ad8        0x8 obj_cooja/mtype124.a(leds-arch.o)
                0x0000000000027ad8                leds_interface
 .rodata        0x0000000000027ae0        0x8 obj_cooja/mtype124.a(moteid.o)
                0x0000000000027ae0                moteid_interface
 .rodata        0x0000000000027ae8       0x1c obj_cooja/mtype124.a(pir-sensor.o)
                0x0000000000027ae8                pir_interface
                0x0000000000027af4                pir_sensor
 .rodata        0x0000000000027b04        0xe obj_cooja/mtype124.a(rs232.o)
                0x0000000000027b04                rs232_interface
 *fill*         0x0000000000027b12        0x2 
 .rodata        0x0000000000027b14       0x24 obj_cooja/mtype124.a(vib-sensor.o)
                0x0000000000027b14                vib_interface
                0x0000000000027b28                vib_sensor
 .rodata        0x0000000000027b38        0x8 obj_cooja/mtype124.a(clock.o)
                0x0000000000027b38                clock_interface
 .rodata        0x0000000000027b40        0x8 obj_cooja/mtype124.a(log.o)
                0x0000000000027b40                simlog_interface
 .rodata        0x0000000000027b48       0x2f obj_cooja/mtype124.a(cfs-cooja.o)
                0x0000000000027b48                cfs_interface
 *fill*         0x0000000000027b77        0x9 
 .rodata        0x0000000000027b80       0x60 obj_cooja/mtype124.a(cooja-radio.o)
                0x0000000000027ba0                cooja_radio_driver
                0x0000000000027bd8                radio_interface
 .rodata        0x0000000000027be0        0x8 obj_cooja/mtype124.a(eeprom.o)
                0x0000000000027be0                eeprom_interface
 .rodata        0x0000000000027be8        0x8 obj_cooja/mtype124.a(sensors.o)
 .rodata        0x0000000000027bf0       0x1c obj_cooja/mtype124.a(dual_conf.o)
 .rodata        0x0000000000027c0c        0xf obj_cooja/mtype124.a(ctimer.o)
 .rodata        0x0000000000027c1b        0xc obj_cooja/mtype124.a(etimer.o)
 *fill*         0x0000000000027c27        0x1 
 .rodata        0x0000000000027c28      0x171 obj_cooja/mtype124.a(log_message.o)
 *fill*         0x0000000000027d99        0x3 
 .rodata        0x0000000000027d9c       0x20 obj_cooja/mtype124.a(residual.o)
                0x0000000000027d9c                DISSIPATION_RATE
 .rodata        0x0000000000027dbc        0xe obj_cooja/mtype124.a(serial-line.o)
 *fill*         0x0000000000027dca        0x2 
 .rodata        0x0000000000027dcc       0x2c obj_cooja/mtype124.a(sicslowpan.o)
                0x0000000000027dcc                unc_llconf
                0x0000000000027dd0                unc_ctxconf
                0x0000000000027dd4                unc_mxconf
                0x0000000000027dd8                llprefix
                0x0000000000027dec                sicslowpan_driver
 .rodata        0x0000000000027df8      0x13c obj_cooja/mtype124.a(uip6.o)
 .rodata        0x0000000000027f34        0xd obj_cooja/mtype124.a(tcpip.o)
 .rodata        0x0000000000027f41       0x3e obj_cooja/mtype124.a(uip-debug.o)
 *fill*         0x0000000000027f7f        0x1 
 .rodata        0x0000000000027f80       0x10 obj_cooja/mtype124.a(rpl-dag.o)
 .rodata        0x0000000000027f90       0x24 obj_cooja/mtype124.a(csma.o)
                0x0000000000027f98                csma_driver
 .rodata        0x0000000000027fb4        0xc obj_cooja/mtype124.a(framer-802154.o)
                0x0000000000027fb4                framer_802154
 .rodata        0x0000000000027fc0       0x40 obj_cooja/mtype124.a(cxmac.o)
                0x0000000000027fe0                cxmac_driver
 .rodata        0x0000000000028000        0x8 obj_cooja/mtype124.a(linkaddr.o)
                0x0000000000028000                linkaddr_null
 .rodata        0x0000000000028008       0x18 obj_cooja/mtype124.a(nullsec.o)
                0x0000000000028010                nullsec_driver

.rodata1
 *(.rodata1)

.eh_frame_hdr   0x0000000000028020     0x1414
 *(.eh_frame_hdr)
 .eh_frame_hdr  0x0000000000028020     0x1414 udp-client.co

.eh_frame       0x0000000000029434     0x51bc
 *(.eh_frame)
 .eh_frame      0x0000000000029434       0x3c /usr/lib/gcc/i686-linux-gnu/4.8/../../../i386-linux-gnu/crti.o
                                         0x40 (size before relaxing)
 .eh_frame      0x0000000000029470       0xb4 udp-client.co
                                         0xcc (size before relaxing)
 .eh_frame      0x0000000000029524      0x148 obj_cooja/mtype124.o
                                        0x160 (size before relaxing)
 .eh_frame      0x000000000002966c       0x40 obj_cooja/mtype124.a(simEnvChange.o)
                                         0x58 (size before relaxing)
 .eh_frame      0x00000000000296ac       0xc0 obj_cooja/mtype124.a(cooja_mt.o)
                                         0xd8 (size before relaxing)
 .eh_frame      0x000000000002976c      0x120 obj_cooja/mtype124.a(cooja_mtarch.o)
                                        0x138 (size before relaxing)
 .eh_frame      0x000000000002988c       0xc0 obj_cooja/mtype124.a(rtimer-arch.o)
                                         0xd8 (size before relaxing)
 .eh_frame      0x000000000002994c      0x160 obj_cooja/mtype124.a(beep.o)
                                        0x178 (size before relaxing)
 .eh_frame      0x0000000000029aac       0xa0 obj_cooja/mtype124.a(button-sensor.o)
                                         0xb8 (size before relaxing)
 .eh_frame      0x0000000000029b4c       0xa0 obj_cooja/mtype124.a(leds-arch.o)
                                         0xb8 (size before relaxing)
 .eh_frame      0x0000000000029bec       0x40 obj_cooja/mtype124.a(moteid.o)
                                         0x58 (size before relaxing)
 .eh_frame      0x0000000000029c2c       0xa0 obj_cooja/mtype124.a(pir-sensor.o)
                                         0xb8 (size before relaxing)
 .eh_frame      0x0000000000029ccc      0x100 obj_cooja/mtype124.a(rs232.o)
                                        0x118 (size before relaxing)
 .eh_frame      0x0000000000029dcc       0xa0 obj_cooja/mtype124.a(vib-sensor.o)
                                         0xb8 (size before relaxing)
 .eh_frame      0x0000000000029e6c       0xc0 obj_cooja/mtype124.a(clock.o)
                                         0xd8 (size before relaxing)
 .eh_frame      0x0000000000029f2c      0x120 obj_cooja/mtype124.a(log.o)
                                        0x138 (size before relaxing)
 .eh_frame      0x000000000002a04c      0x160 obj_cooja/mtype124.a(cfs-cooja.o)
                                        0x178 (size before relaxing)
 .eh_frame      0x000000000002a1ac      0x2e0 obj_cooja/mtype124.a(cooja-radio.o)
                                        0x2f8 (size before relaxing)
 .eh_frame      0x000000000002a48c       0xa0 obj_cooja/mtype124.a(eeprom.o)
                                         0xb8 (size before relaxing)
 .eh_frame      0x000000000002a52c       0x40 obj_cooja/mtype124.a(random.o)
                                         0x58 (size before relaxing)
 .eh_frame      0x000000000002a56c       0xc0 obj_cooja/mtype124.a(sensors.o)
                                         0xd8 (size before relaxing)
 .eh_frame      0x000000000002a62c      0x100 obj_cooja/mtype124.a(leds.o)
                                        0x118 (size before relaxing)
 .eh_frame      0x000000000002a72c      0x160 obj_cooja/mtype124.a(dual_conf.o)
                                        0x178 (size before relaxing)
 .eh_frame      0x000000000002a88c       0x40 obj_cooja/mtype124.a(autostart.o)
                                         0x58 (size before relaxing)
 .eh_frame      0x000000000002a8cc      0x100 obj_cooja/mtype124.a(ctimer.o)
                                        0x118 (size before relaxing)
 .eh_frame      0x000000000002a9cc      0x1e0 obj_cooja/mtype124.a(etimer.o)
                                        0x1f8 (size before relaxing)
 .eh_frame      0x000000000002abac       0x50 obj_cooja/mtype124.a(log_message.o)
                                         0x68 (size before relaxing)
 .eh_frame      0x000000000002abfc      0x1c8 obj_cooja/mtype124.a(process.o)
                                        0x1e0 (size before relaxing)
 .eh_frame      0x000000000002adc4       0x2c obj_cooja/mtype124.a(residual.o)
                                         0x44 (size before relaxing)
 .eh_frame      0x000000000002adf0       0x60 obj_cooja/mtype124.a(rtimer.o)
                                         0x78 (size before relaxing)
 .eh_frame      0x000000000002ae50       0xc4 obj_cooja/mtype124.a(stimer.o)
                                         0xdc (size before relaxing)
 .eh_frame      0x000000000002af14       0xa4 obj_cooja/mtype124.a(timer.o)
                                         0xbc (size before relaxing)
 .eh_frame      0x000000000002afb8       0x60 obj_cooja/mtype124.a(serial-line.o)
                                         0x78 (size before relaxing)
 .eh_frame      0x000000000002b018      0x180 obj_cooja/mtype124.a(list.o)
                                        0x198 (size before relaxing)
 .eh_frame      0x000000000002b198       0xa0 obj_cooja/mtype124.a(ringbuf.o)
                                         0xb8 (size before relaxing)
 .eh_frame      0x000000000002b238      0x350 obj_cooja/mtype124.a(sicslowpan.o)
                                        0x368 (size before relaxing)
 .eh_frame      0x000000000002b588      0x180 obj_cooja/mtype124.a(uip-ds6-nbr.o)
                                        0x198 (size before relaxing)
 .eh_frame      0x000000000002b708      0x2a0 obj_cooja/mtype124.a(uip-ds6-route.o)
                                        0x2b8 (size before relaxing)
 .eh_frame      0x000000000002b9a8      0x3c8 obj_cooja/mtype124.a(uip-ds6.o)
                                        0x3e0 (size before relaxing)
 .eh_frame      0x000000000002bd70      0x27c obj_cooja/mtype124.a(uip6.o)
                                        0x294 (size before relaxing)
 .eh_frame      0x000000000002bfec      0x270 obj_cooja/mtype124.a(tcpip.o)
                                        0x288 (size before relaxing)
 .eh_frame      0x000000000002c25c       0x48 obj_cooja/mtype124.a(uip-debug.o)
                                         0x60 (size before relaxing)
 .eh_frame      0x000000000002c2a4       0xe0 obj_cooja/mtype124.a(uip-packetqueue)
                                         0xf8 (size before relaxing)
 .eh_frame      0x000000000002c384       0x40 obj_cooja/mtype124.a(uip-udp-packet.)
                                         0x58 (size before relaxing)
 .eh_frame      0x000000000002c3c4      0x74c obj_cooja/mtype124.a(rpl-dag.o)
                                        0x764 (size before relaxing)
 .eh_frame      0x000000000002cb10      0x10c obj_cooja/mtype124.a(rpl-ext-header.)
                                        0x124 (size before relaxing)
 .eh_frame      0x000000000002cc1c      0x2b8 obj_cooja/mtype124.a(rpl-icmp6.o)
                                        0x2d0 (size before relaxing)
 .eh_frame      0x000000000002ced4       0xe0 obj_cooja/mtype124.a(rpl-ltmax.o)
                                         0xf8 (size before relaxing)
 .eh_frame      0x000000000002cfb4      0x1ac obj_cooja/mtype124.a(rpl-timers.o)
                                        0x1c4 (size before relaxing)
 .eh_frame      0x000000000002d160      0x148 obj_cooja/mtype124.a(rpl.o)
                                        0x160 (size before relaxing)
 .eh_frame      0x000000000002d2a8      0x28c obj_cooja/mtype124.a(csma.o)
                                        0x2a4 (size before relaxing)
 .eh_frame      0x000000000002d534      0x108 obj_cooja/mtype124.a(framer-802154.o)
                                        0x120 (size before relaxing)
 .eh_frame      0x000000000002d63c       0x20 obj_cooja/mtype124.a(mac.o)
                                         0x38 (size before relaxing)
 .eh_frame      0x000000000002d65c      0x2bc obj_cooja/mtype124.a(cxmac.o)
                                        0x2d4 (size before relaxing)
 .eh_frame      0x000000000002d918       0x80 obj_cooja/mtype124.a(linkaddr.o)
                                         0x98 (size before relaxing)
 .eh_frame      0x000000000002d998      0x2cc obj_cooja/mtype124.a(nbr-table.o)
                                        0x2e4 (size before relaxing)
 .eh_frame      0x000000000002dc64       0x20 obj_cooja/mtype124.a(netstack.o)
                                         0x38 (size before relaxing)
 .eh_frame      0x000000000002dc84      0x214 obj_cooja/mtype124.a(packetbuf.o)
                                        0x22c (size before relaxing)
 .eh_frame      0x000000000002de98      0x1a0 obj_cooja/mtype124.a(queuebuf.o)
                                        0x1b8 (size before relaxing)
 .eh_frame      0x000000000002e038       0x80 obj_cooja/mtype124.a(nullsec.o)
                                         0x98 (size before relaxing)
 .eh_frame      0x000000000002e0b8       0xa0 obj_cooja/mtype124.a(watchdog.o)
                                         0xb8 (size before relaxing)
 .eh_frame      0x000000000002e158       0xa0 obj_cooja/mtype124.a(memb.o)
                                         0xb8 (size before relaxing)
 .eh_frame      0x000000000002e1f8      0x168 obj_cooja/mtype124.a(uip-icmp6.o)
                                        0x180 (size before relaxing)
 .eh_frame      0x000000000002e360       0x68 obj_cooja/mtype124.a(uip-nd6.o)
                                         0x80 (size before relaxing)
 .eh_frame      0x000000000002e3c8       0xc0 obj_cooja/mtype124.a(rpl-nbr-policy.)
                                         0xd8 (size before relaxing)
 .eh_frame      0x000000000002e488      0x164 obj_cooja/mtype124.a(frame802154.o)
                                        0x17c (size before relaxing)
 .eh_frame      0x000000000002e5ec        0x4 /usr/lib/gcc/i686-linux-gnu/4.8/crtendS.o

.gcc_except_table
 *(.gcc_except_table .gcc_except_table.*)

.exception_ranges
 *(.exception_ranges .exception_ranges*)
                0x000000000002e5f0                . = (ALIGN (0x1000) - ((0x1000 - .) & 0xfff))
                0x000000000002fef8                . = DATA_SEGMENT_ALIGN (0x1000, 0x1000)

.eh_frame
 *(.eh_frame)

.gcc_except_table
 *(.gcc_except_table .gcc_except_table.*)

.exception_ranges
 *(.exception_ranges .exception_ranges*)

.tdata
 *(.tdata .tdata.* .gnu.linkonce.td.*)

.tbss
 *(.tbss .tbss.* .gnu.linkonce.tb.*)
 *(.tcommon)

.preinit_array
 *(.preinit_array)

.init_array     0x000000000002fef8        0x4
 *(SORT(.init_array.*) SORT(.ctors.*))
 *(.init_array EXCLUDE_FILE(*crtend?.o *crtend.o *crtbegin?.o *crtbegin.o) .ctors)
 .init_array    0x000000000002fef8        0x4 /usr/lib/gcc/i686-linux-gnu/4.8/crtbeginS.o

.fini_array     0x000000000002fefc        0x4
 *(SORT(.fini_array.*) SORT(.dtors.*))
 *(.fini_array EXCLUDE_FILE(*crtend?.o *crtend.o *crtbegin?.o *crtbegin.o) .dtors)
 .fini_array    0x000000000002fefc        0x4 /usr/lib/gcc/i686-linux-gnu/4.8/crtbeginS.o

.ctors
 *crtbegin.o(.ctors)
 *crtbegin?.o(.ctors)
 *(EXCLUDE_FILE(*crtend?.o *crtend.o) .ctors)
 *(SORT(.ctors.*))
 *(.ctors)

.dtors
 *crtbegin.o(.dtors)
 *crtbegin?.o(.dtors)
 *(EXCLUDE_FILE(*crtend?.o *crtend.o) .dtors)
 *(SORT(.dtors.*))
 *(.dtors)

.jcr            0x000000000002ff00        0x4
 *(.jcr)
 .jcr           0x000000000002ff00        0x0 /usr/lib/gcc/i686-linux-gnu/4.8/crtbeginS.o
 .jcr           0x000000000002ff00        0x4 /usr/lib/gcc/i686-linux-gnu/4.8/crtendS.o

.data.rel.ro
 *(.data.rel.ro.local* .gnu.linkonce.d.rel.ro.local.*)
 *(.data.rel.ro .data.rel.ro.* .gnu.linkonce.d.rel.ro.*)

.dynamic        0x000000000002ff04       0xe8
 *(.dynamic)
 .dynamic       0x000000000002ff04       0xe8 /usr/lib/gcc/i686-linux-gnu/4.8/../../../i386-linux-gnu/crti.o
                0x000000000002ff04                _DYNAMIC

.got            0x000000000002ffec       0x14
 *(.got)
 .got           0x000000000002ffec       0x14 /usr/lib/gcc/i686-linux-gnu/4.8/../../../i386-linux-gnu/crti.o
 *(.igot)
                0x0000000000030ff4                . = DATA_SEGMENT_RELRO_END (., (SIZEOF (.got.plt) >= 0xc)?0xc:0x0)

.got.plt        0x0000000000030000       0x14
 *(.got.plt)
 .got.plt       0x0000000000030000       0x14 /usr/lib/gcc/i686-linux-gnu/4.8/../../../i386-linux-gnu/crti.o
                0x0000000000030000                _GLOBAL_OFFSET_TABLE_
 *(.igot.plt)

.data           0x0000000000030020      0x2a2
 *(.data .data.* .gnu.linkonce.d.*)
 .data          0x0000000000030020        0x0 /usr/lib/gcc/i686-linux-gnu/4.8/../../../i386-linux-gnu/crti.o
 .data          0x0000000000030020        0x0 /usr/lib/gcc/i686-linux-gnu/4.8/crtbeginS.o
 .data.rel      0x0000000000030020        0x4 /usr/lib/gcc/i686-linux-gnu/4.8/crtbeginS.o
                0x0000000000030020                __dso_handle
 .data          0x0000000000030024       0x14 udp-client.co
                0x0000000000030028                udp_client_process
 *fill*         0x0000000000030038        0x8 
 .data          0x0000000000030040       0x44 obj_cooja/mtype124.o
                0x0000000000030040                simInterfaces
                0x0000000000030074                sensors
 .data          0x0000000000030084        0x0 obj_cooja/mtype124.a(simEnvChange.o)
 .data          0x0000000000030084        0x0 obj_cooja/mtype124.a(cooja_mt.o)
 .data          0x0000000000030084        0x0 obj_cooja/mtype124.a(cooja_mtarch.o)
 .data          0x0000000000030084        0x0 obj_cooja/mtype124.a(rtimer-arch.o)
 .data          0x0000000000030084        0x0 obj_cooja/mtype124.a(beep.o)
 .data          0x0000000000030084        0x0 obj_cooja/mtype124.a(button-sensor.o)
 .data          0x0000000000030084        0x0 obj_cooja/mtype124.a(leds-arch.o)
 .data          0x0000000000030084        0x0 obj_cooja/mtype124.a(moteid.o)
 .data          0x0000000000030084        0x0 obj_cooja/mtype124.a(pir-sensor.o)
 .data          0x0000000000030084        0x0 obj_cooja/mtype124.a(rs232.o)
 .data          0x0000000000030084        0x0 obj_cooja/mtype124.a(vib-sensor.o)
 .data          0x0000000000030084        0x0 obj_cooja/mtype124.a(clock.o)
 .data          0x0000000000030084        0x0 obj_cooja/mtype124.a(log.o)
 .data          0x0000000000030084        0x0 obj_cooja/mtype124.a(cfs-cooja.o)
 .data          0x0000000000030084       0x40 obj_cooja/mtype124.a(cooja-radio.o)
                0x0000000000030084                simRadioChannelLR
                0x0000000000030088                simRadioHWOnLR
                0x000000000003008c                simSignalStrengthLR
                0x0000000000030090                simLastSignalStrengthLR
                0x0000000000030094                simPowerLR
                0x0000000000030098                simLQILR
                0x000000000003009c                simRadioChannel
                0x00000000000300a0                simRadioHWOn
                0x00000000000300a4                simSignalStrength
                0x00000000000300a8                simLastSignalStrength
                0x00000000000300ac                simPower
                0x00000000000300b0                simLQI
                0x00000000000300b4                cooja_radio_process
 .data          0x00000000000300c4        0x0 obj_cooja/mtype124.a(eeprom.o)
 .data          0x00000000000300c4        0x0 obj_cooja/mtype124.a(random.o)
 .data          0x00000000000300c4       0x10 obj_cooja/mtype124.a(sensors.o)
                0x00000000000300c4                sensors_process
 .data          0x00000000000300d4        0x0 obj_cooja/mtype124.a(leds.o)
 .data          0x00000000000300d4       0x28 obj_cooja/mtype124.a(dual_conf.o)
                0x00000000000300d4                radio_received
                0x00000000000300d8                dual_dio_broadcast
                0x00000000000300e8                dual_dis_broadcast
 .data          0x00000000000300fc        0x0 obj_cooja/mtype124.a(autostart.o)
 .data          0x00000000000300fc       0x14 obj_cooja/mtype124.a(ctimer.o)
                0x0000000000030100                ctimer_process
 .data          0x0000000000030110       0x10 obj_cooja/mtype124.a(etimer.o)
                0x0000000000030110                etimer_process
 .data          0x0000000000030120        0x0 obj_cooja/mtype124.a(log_message.o)
 .data          0x0000000000030120        0x0 obj_cooja/mtype124.a(process.o)
 .data          0x0000000000030120        0x0 obj_cooja/mtype124.a(residual.o)
 .data          0x0000000000030120        0x0 obj_cooja/mtype124.a(rtimer.o)
 .data          0x0000000000030120        0x0 obj_cooja/mtype124.a(stimer.o)
 .data          0x0000000000030120        0x0 obj_cooja/mtype124.a(timer.o)
 .data          0x0000000000030120       0x10 obj_cooja/mtype124.a(serial-line.o)
                0x0000000000030120                serial_line_process
 .data          0x0000000000030130        0x0 obj_cooja/mtype124.a(list.o)
 .data          0x0000000000030130        0x0 obj_cooja/mtype124.a(ringbuf.o)
 .data          0x0000000000030130        0x0 obj_cooja/mtype124.a(sicslowpan.o)
 .data          0x0000000000030130       0x14 obj_cooja/mtype124.a(uip-ds6-nbr.o)
                0x0000000000030140                ds6_neighbors
 .data          0x0000000000030144       0x44 obj_cooja/mtype124.a(uip-ds6-route.o)
                0x0000000000030154                nbr_routes
 .data          0x0000000000030188        0x0 obj_cooja/mtype124.a(uip-ds6.o)
 .data          0x0000000000030188        0x0 obj_cooja/mtype124.a(uip6.o)
 .data          0x0000000000030188       0x10 obj_cooja/mtype124.a(tcpip.o)
                0x0000000000030188                tcpip_process
 .data          0x0000000000030198        0x0 obj_cooja/mtype124.a(uip-debug.o)
 .data          0x0000000000030198        0xc obj_cooja/mtype124.a(uip-packetqueue)
 .data          0x00000000000301a4        0x0 obj_cooja/mtype124.a(uip-udp-packet.)
 .data          0x00000000000301a4       0x28 obj_cooja/mtype124.a(rpl-dag.o)
                0x00000000000301b4                rpl_parents
                0x00000000000301c8                rpl_children
 .data          0x00000000000301cc        0x0 obj_cooja/mtype124.a(rpl-ext-header.)
 .data          0x00000000000301cc       0x34 obj_cooja/mtype124.a(rpl-icmp6.o)
 .data          0x0000000000030200       0x1c obj_cooja/mtype124.a(rpl-ltmax.o)
                0x0000000000030200                rpl_ltmax_of
 .data          0x000000000003021c        0x0 obj_cooja/mtype124.a(rpl-timers.o)
 .data          0x000000000003021c        0x0 obj_cooja/mtype124.a(rpl.o)
 .data          0x000000000003021c       0x28 obj_cooja/mtype124.a(csma.o)
 .data          0x0000000000030244        0x0 obj_cooja/mtype124.a(framer-802154.o)
 .data          0x0000000000030244        0x0 obj_cooja/mtype124.a(mac.o)
 .data          0x0000000000030244       0x30 obj_cooja/mtype124.a(cxmac.o)
                0x0000000000030244                cxmac_config
                0x0000000000030254                strobe_wait
 .data          0x0000000000030274        0x0 obj_cooja/mtype124.a(linkaddr.o)
 .data          0x0000000000030274       0x10 obj_cooja/mtype124.a(nbr-table.o)
 .data          0x0000000000030284        0x0 obj_cooja/mtype124.a(netstack.o)
 .data          0x0000000000030284        0x4 obj_cooja/mtype124.a(packetbuf.o)
 .data          0x0000000000030288       0x18 obj_cooja/mtype124.a(queuebuf.o)
 .data          0x00000000000302a0        0x0 obj_cooja/mtype124.a(nullsec.o)
 .data          0x00000000000302a0        0x0 obj_cooja/mtype124.a(watchdog.o)
 .data          0x00000000000302a0        0x0 obj_cooja/mtype124.a(rimestats.o)
 .data          0x00000000000302a0        0x0 obj_cooja/mtype124.a(memb.o)
 .data          0x00000000000302a0       0x20 obj_cooja/mtype124.a(uip-icmp6.o)
 .data          0x00000000000302c0        0x0 obj_cooja/mtype124.a(uip-nd6.o)
 .data          0x00000000000302c0        0x0 obj_cooja/mtype124.a(rpl-nbr-policy.)
 .data          0x00000000000302c0        0x2 obj_cooja/mtype124.a(frame802154.o)
 .data          0x00000000000302c2        0x0 /usr/lib/gcc/i686-linux-gnu/4.8/crtendS.o
 .data          0x00000000000302c2        0x0 /usr/lib/gcc/i686-linux-gnu/4.8/../../../i386-linux-gnu/crtn.o

.tm_clone_table
                0x00000000000302c4        0x0
 .tm_clone_table
                0x00000000000302c4        0x0 /usr/lib/gcc/i686-linux-gnu/4.8/crtbeginS.o
 .tm_clone_table
                0x00000000000302c4        0x0 /usr/lib/gcc/i686-linux-gnu/4.8/crtendS.o

.data1
 *(.data1)
                0x00000000000302c4                _edata = .
                0x00000000000302c4                PROVIDE (edata, .)
                0x00000000000302c4                . = .
                0x00000000000302c4                __bss_start = .

.bss            0x00000000000302e0     0x9308
 *(.dynbss)
 .dynbss        0x0000000000000000        0x0 /usr/lib/gcc/i686-linux-gnu/4.8/../../../i386-linux-gnu/crti.o
 *(.bss .bss.* .gnu.linkonce.b.*)
 .bss           0x00000000000302e0        0x0 /usr/lib/gcc/i686-linux-gnu/4.8/../../../i386-linux-gnu/crti.o
 .bss           0x00000000000302e0        0x1 /usr/lib/gcc/i686-linux-gnu/4.8/crtbeginS.o
 *fill*         0x00000000000302e1       0x1f 
 .bss           0x0000000000030300       0x60 udp-client.co
                0x0000000000030300                my_weight
 .bss           0x0000000000030360     0x2030 obj_cooja/mtype124.o
 .bss           0x0000000000032390        0x1 obj_cooja/mtype124.a(simEnvChange.o)
                0x0000000000032390                simDontFallAsleep
 *fill*         0x0000000000032391        0x3 
 .bss           0x0000000000032394        0x4 obj_cooja/mtype124.a(cooja_mt.o)
 .bss           0x0000000000032398        0x4 obj_cooja/mtype124.a(cooja_mtarch.o)
 .bss           0x000000000003239c        0xc obj_cooja/mtype124.a(rtimer-arch.o)
 .bss           0x00000000000323a8        0x0 obj_cooja/mtype124.a(beep.o)
 .bss           0x00000000000323a8        0x8 obj_cooja/mtype124.a(button-sensor.o)
 .bss           0x00000000000323b0        0x0 obj_cooja/mtype124.a(leds-arch.o)
 .bss           0x00000000000323b0        0x0 obj_cooja/mtype124.a(moteid.o)
 .bss           0x00000000000323b0        0x1 obj_cooja/mtype124.a(pir-sensor.o)
                0x00000000000323b0                simPirValue
 *fill*         0x00000000000323b1        0x3 
 .bss           0x00000000000323b4        0x4 obj_cooja/mtype124.a(rs232.o)
 .bss           0x00000000000323b8        0x1 obj_cooja/mtype124.a(vib-sensor.o)
                0x00000000000323b8                simVibValue
 .bss           0x00000000000323b9        0x0 obj_cooja/mtype124.a(clock.o)
 *fill*         0x00000000000323b9        0x7 
 .bss           0x00000000000323c0      0x420 obj_cooja/mtype124.a(log.o)
 .bss           0x00000000000327e0      0xfc0 obj_cooja/mtype124.a(cfs-cooja.o)
                0x00000000000327e0                simCFSData
                0x0000000000033780                simCFSSize
                0x0000000000033784                simCFSChanged
                0x0000000000033788                simCFSRead
                0x000000000003378c                simCFSWritten
 .bss           0x00000000000337a0       0x24 obj_cooja/mtype124.a(cooja-radio.o)
                0x00000000000337a0                simReceivingLR
                0x00000000000337a4                simInSizeLR
                0x00000000000337a8                simOutSizeLR
                0x00000000000337ac                simReceiving
                0x00000000000337b0                simInSize
                0x00000000000337b4                simOutSize
                0x00000000000337b8                LongRangeTransmit
                0x00000000000337bc                LongRangeReceiving
 .bss           0x00000000000337c4        0xc obj_cooja/mtype124.a(eeprom.o)
                0x00000000000337c4                simEEPROMChanged
                0x00000000000337c8                simEEPROMRead
                0x00000000000337cc                simEEPROMWritten
 .bss           0x00000000000337d0        0x0 obj_cooja/mtype124.a(random.o)
 .bss           0x00000000000337d0        0xc obj_cooja/mtype124.a(sensors.o)
 .bss           0x00000000000337dc        0x1 obj_cooja/mtype124.a(leds.o)
 *fill*         0x00000000000337dd        0x3 
 .bss           0x00000000000337e0       0x2c obj_cooja/mtype124.a(dual_conf.o)
                0x00000000000337e0                long_range_radio
 .bss           0x000000000003380c        0x0 obj_cooja/mtype124.a(autostart.o)
 .bss           0x000000000003380c        0x5 obj_cooja/mtype124.a(ctimer.o)
 *fill*         0x0000000000033811        0x3 
 .bss           0x0000000000033814        0x8 obj_cooja/mtype124.a(etimer.o)
 .bss           0x000000000003381c        0x0 obj_cooja/mtype124.a(log_message.o)
 *fill*         0x000000000003381c        0x4 
 .bss           0x0000000000033820      0x1b1 obj_cooja/mtype124.a(process.o)
                0x0000000000033820                process_list
                0x0000000000033824                process_current
 .bss           0x00000000000339d1        0x0 obj_cooja/mtype124.a(residual.o)
 *fill*         0x00000000000339d1        0x3 
 .bss           0x00000000000339d4        0x4 obj_cooja/mtype124.a(rtimer.o)
 .bss           0x00000000000339d8        0x0 obj_cooja/mtype124.a(stimer.o)
 .bss           0x00000000000339d8        0x0 obj_cooja/mtype124.a(timer.o)
 *fill*         0x00000000000339d8        0x8 
 .bss           0x00000000000339e0      0x140 obj_cooja/mtype124.a(serial-line.o)
 .bss           0x0000000000033b20        0x0 obj_cooja/mtype124.a(list.o)
 .bss           0x0000000000033b20        0x0 obj_cooja/mtype124.a(ringbuf.o)
 .bss           0x0000000000033b20      0x70c obj_cooja/mtype124.a(sicslowpan.o)
 *fill*         0x000000000003422c       0x14 
 .bss           0x0000000000034240      0x4b0 obj_cooja/mtype124.a(uip-ds6-nbr.o)
 *fill*         0x00000000000346f0       0x10 
 .bss           0x0000000000034700      0x608 obj_cooja/mtype124.a(uip-ds6-route.o)
 .bss           0x0000000000034d08       0x30 obj_cooja/mtype124.a(uip-ds6.o)
 .bss           0x0000000000034d38        0xe obj_cooja/mtype124.a(uip6.o)
                0x0000000000034d38                uip_ext_bitmap
                0x0000000000034d39                uip_ext_len
                0x0000000000034d3a                uip_ext_opt_offset
 *fill*         0x0000000000034d46       0x1a 
 .bss           0x0000000000034d60       0x68 obj_cooja/mtype124.a(tcpip.o)
 .bss           0x0000000000034dc8        0x0 obj_cooja/mtype124.a(uip-debug.o)
 *fill*         0x0000000000034dc8       0x18 
 .bss           0x0000000000034de0      0xcf8 obj_cooja/mtype124.a(uip-packetqueue)
 .bss           0x0000000000035ad8        0x0 obj_cooja/mtype124.a(uip-udp-packet.)
 *fill*         0x0000000000035ad8        0x8 
 .bss           0x0000000000035ae0      0x432 obj_cooja/mtype124.a(rpl-dag.o)
 .bss           0x0000000000035f12        0x0 obj_cooja/mtype124.a(rpl-ext-header.)
 .bss           0x0000000000035f12        0x0 obj_cooja/mtype124.a(rpl-icmp6.o)
 .bss           0x0000000000035f12        0x0 obj_cooja/mtype124.a(rpl-ltmax.o)
 *fill*         0x0000000000035f12        0xe 
 .bss           0x0000000000035f20       0x23 obj_cooja/mtype124.a(rpl-timers.o)
 *fill*         0x0000000000035f43        0x1 
 .bss           0x0000000000035f44        0x4 obj_cooja/mtype124.a(rpl.o)
 *fill*         0x0000000000035f48       0x18 
 .bss           0x0000000000035f60      0x288 obj_cooja/mtype124.a(csma.o)
 .bss           0x00000000000361e8        0x2 obj_cooja/mtype124.a(framer-802154.o)
 .bss           0x00000000000361ea        0x0 obj_cooja/mtype124.a(mac.o)
 *fill*         0x00000000000361ea       0x16 
 .bss           0x0000000000036200       0xb1 obj_cooja/mtype124.a(cxmac.o)
 .bss           0x00000000000362b1        0x0 obj_cooja/mtype124.a(linkaddr.o)
 *fill*         0x00000000000362b1        0xf 
 .bss           0x00000000000362c0      0x35c obj_cooja/mtype124.a(nbr-table.o)
 .bss           0x000000000003661c        0x0 obj_cooja/mtype124.a(netstack.o)
 *fill*         0x000000000003661c        0x4 
 .bss           0x0000000000036620       0xa0 obj_cooja/mtype124.a(packetbuf.o)
 .bss           0x00000000000366c0      0xb80 obj_cooja/mtype124.a(queuebuf.o)
 .bss           0x0000000000037240        0x0 obj_cooja/mtype124.a(nullsec.o)
 .bss           0x0000000000037240        0x0 obj_cooja/mtype124.a(watchdog.o)
 .bss           0x0000000000037240        0x0 obj_cooja/mtype124.a(rimestats.o)
 .bss           0x0000000000037240        0x0 obj_cooja/mtype124.a(memb.o)
 .bss           0x0000000000037240       0x18 obj_cooja/mtype124.a(uip-icmp6.o)
 .bss           0x0000000000037258        0x0 obj_cooja/mtype124.a(uip-nd6.o)
 *fill*         0x0000000000037258        0x8 
 .bss           0x0000000000037260       0x44 obj_cooja/mtype124.a(rpl-nbr-policy.)
 .bss           0x00000000000372a4        0x0 obj_cooja/mtype124.a(frame802154.o)
 .bss           0x00000000000372a4        0x0 /usr/lib/gcc/i686-linux-gnu/4.8/crtendS.o
 .bss           0x00000000000372a4        0x0 /usr/lib/gcc/i686-linux-gnu/4.8/../../../i386-linux-gnu/crtn.o
 *(COMMON)
 COMMON         0x00000000000372a4       0x6d udp-client.co
                0x00000000000372a4                dio_count
                0x00000000000372a8                dis_count
                0x00000000000372ac                csma_drop_count
                0x00000000000372b0                tcp_output_count
                0x00000000000372b4                csma_transmission_count
                0x00000000000372b8                dao_ack_fwd_count
                0x00000000000372bc                COOJA_radioRxLong
                0x00000000000372c0                cxmac_collision_count
                0x00000000000372c4                cxmac_retransmission_count
                0x00000000000372c8                control_message_count
                0x00000000000372cc                dao_count
                0x00000000000372d0                icmp_count
                0x00000000000372d4                COOJA_radioTx
                0x00000000000372d8                cxmac_transmission_count
                0x00000000000372dc                dao_ack_count
                0x00000000000372e0                data_message_count
                0x00000000000372e4                my_sink_reachability
                0x00000000000372e8                COOJA_radioTxLong
                0x00000000000372ec                COOJA_radioRx
                0x00000000000372f0                my_parent_number
                0x00000000000372f4                COOJA_radioOn
                0x00000000000372f8                LSA_count
                0x00000000000372fc                dao_fwd_count
                0x0000000000037300                COOJA_duration
                0x0000000000037304                dio_ack_count
                0x0000000000037308                COOJA_radioOnLong
                0x000000000003730c                data_fwd_count
                0x0000000000037310                my_valid_parent_number
 *fill*         0x0000000000037311        0x3 
 COMMON         0x0000000000037314        0xc obj_cooja/mtype124.o
                0x0000000000037314                referenceVar
                0x0000000000037318                debugfp
                0x000000000003731c                sensors_flags
 COMMON         0x0000000000037320        0xc obj_cooja/mtype124.a(simEnvChange.o)
                0x0000000000037320                simEtimerPending
                0x0000000000037324                simProcessRunValue
                0x0000000000037328                simNextExpirationTime
 COMMON         0x000000000003732c        0x1 obj_cooja/mtype124.a(beep.o)
                0x000000000003732c                simBeeped
 COMMON         0x000000000003732d        0x3 obj_cooja/mtype124.a(button-sensor.o)
                0x000000000003732d                simButtonIsActive
                0x000000000003732e                simButtonIsDown
                0x000000000003732f                simButtonChanged
 COMMON         0x0000000000037330        0x1 obj_cooja/mtype124.a(leds-arch.o)
                0x0000000000037330                simLedsValue
 *fill*         0x0000000000037331        0x3 
 COMMON         0x0000000000037334        0xc obj_cooja/mtype124.a(moteid.o)
                0x0000000000037334                simRandomSeed
                0x0000000000037338                simMoteIDChanged
                0x000000000003733c                simMoteID
 COMMON         0x0000000000037340        0x2 obj_cooja/mtype124.a(pir-sensor.o)
                0x0000000000037340                simPirIsActive
                0x0000000000037341                simPirChanged
 *fill*         0x0000000000037342       0x1e 
 COMMON         0x0000000000037360      0x820 obj_cooja/mtype124.a(rs232.o)
                0x0000000000037360                simSerialReceivingFlag
                0x0000000000037364                simSerialReceivingLength
                0x0000000000037380                simSerialReceivingData
 COMMON         0x0000000000037b80        0x2 obj_cooja/mtype124.a(vib-sensor.o)
                0x0000000000037b80                simVibChanged
                0x0000000000037b81                simVibIsActive
 *fill*         0x0000000000037b82        0x2 
 COMMON         0x0000000000037b84        0x4 obj_cooja/mtype124.a(clock.o)
                0x0000000000037b84                simCurrentTime
 *fill*         0x0000000000037b88       0x18 
 COMMON         0x0000000000037ba0      0x420 obj_cooja/mtype124.a(log.o)
                0x0000000000037ba0                simLoggedLength
                0x0000000000037ba4                simLoggedFlag
                0x0000000000037bc0                simLoggedData
 COMMON         0x0000000000037fc0      0x260 obj_cooja/mtype124.a(cooja-radio.o)
                0x0000000000037fc0                simOutDataBuffer
                0x0000000000038040                simRadioTarget
                0x0000000000038060                simInDataBufferLR
                0x00000000000380e0                packet_forwarding
                0x0000000000038100                simOutDataBufferLR
                0x0000000000038180                dual_duty_cycle_count
                0x00000000000381a0                simInDataBuffer
 COMMON         0x0000000000038220      0x400 obj_cooja/mtype124.a(eeprom.o)
                0x0000000000038220                simEEPROMData
 COMMON         0x0000000000038620        0x1 obj_cooja/mtype124.a(sensors.o)
                0x0000000000038620                sensors_event
 *fill*         0x0000000000038621        0x3 
 COMMON         0x0000000000038624        0x4 obj_cooja/mtype124.a(log_message.o)
                0x0000000000038624                log_fp
 COMMON         0x0000000000038628        0x1 obj_cooja/mtype124.a(serial-line.o)
                0x0000000000038628                serial_line_event_message
 *fill*         0x0000000000038629       0x17 
 COMMON         0x0000000000038640      0x1f4 obj_cooja/mtype124.a(uip-ds6-nbr.o)
                0x0000000000038640                ds6_lr_addrmap
 *fill*         0x0000000000038834        0xc 
 COMMON         0x0000000000038840      0x298 obj_cooja/mtype124.a(uip-ds6.o)
                0x0000000000038840                uip_ds6_prefix_list
                0x00000000000388a0                uip_ds6_timer_periodic
                0x00000000000388b0                uip_ds6_netif_addr_list_offset
                0x00000000000388c0                uip_ds6_if
                0x00000000000389b8                uip_ds6_timer_ra
                0x00000000000389c0                uip_ds6_addr_size
                0x00000000000389e0                long_uip_ds6_if
 *fill*         0x0000000000038ad8        0x8 
 COMMON         0x0000000000038ae0      0x8ec obj_cooja/mtype124.a(uip6.o)
                0x0000000000038ae0                uip_slen
                0x0000000000038ae2                uip_acc32
                0x0000000000038b00                uip_conns
                0x0000000000038bc0                uip_lladdr
                0x0000000000038bc8                uip_appdata
                0x0000000000038bcc                uip_flags
                0x0000000000038be0                uip_aligned_buf
                0x0000000000039220                uip_listenports
                0x0000000000039230                uip_len
                0x0000000000039232                uip_long_lladdr
                0x000000000003923c                uip_sappdata
                0x0000000000039240                uip_udp_conns
                0x00000000000393c0                uip_udp_conn
                0x00000000000393c4                uip_next_hdr
                0x00000000000393c8                uip_conn
 COMMON         0x00000000000393cc        0x1 obj_cooja/mtype124.a(tcpip.o)
                0x00000000000393cc                tcpip_event
 *fill*         0x00000000000393cd       0x13 
 COMMON         0x00000000000393e0      0x178 obj_cooja/mtype124.a(rpl-dag.o)
                0x00000000000393e0                default_instance
                0x0000000000039400                instance_table
 COMMON         0x0000000000039558       0x10 obj_cooja/mtype124.a(linkaddr.o)
                0x0000000000039558                linkaddr_node_addr
                0x0000000000039560                long_linkaddr_node_addr
 COMMON         0x0000000000039568       0x2e obj_cooja/mtype124.a(packetbuf.o)
                0x0000000000039568                packetbuf_attrs
                0x0000000000039586                packetbuf_addrs
 *fill*         0x0000000000039596        0xa 
 COMMON         0x00000000000395a0       0x48 obj_cooja/mtype124.a(rimestats.o)
                0x00000000000395a0                rimestats
                0x00000000000395e8                . = ALIGN ((. != 0x0)?0x4:0x1)
                0x00000000000395e8                . = ALIGN (0x4)
                0x00000000000395e8                . = SEGMENT_START ("ldata-segment", .)
                0x00000000000395e8                . = ALIGN (0x4)
                0x00000000000395e8                _end = .
                0x00000000000395e8                PROVIDE (end, .)
                0x00000000000395e8                . = DATA_SEGMENT_END (.)

.stab
 *(.stab)

.stabstr
 *(.stabstr)

.stab.excl
 *(.stab.excl)

.stab.exclstr
 *(.stab.exclstr)

.stab.index
 *(.stab.index)

.stab.indexstr
 *(.stab.indexstr)

.comment        0x0000000000000000       0x29
 *(.comment)
 .comment       0x0000000000000000       0x29 /usr/lib/gcc/i686-linux-gnu/4.8/crtbeginS.o
                                         0x2a (size before relaxing)
 .comment       0x0000000000000000       0x2a udp-client.co
 .comment       0x0000000000000000       0x2a obj_cooja/mtype124.o
 .comment       0x0000000000000000       0x2a obj_cooja/mtype124.a(simEnvChange.o)
 .comment       0x0000000000000000       0x2a obj_cooja/mtype124.a(cooja_mt.o)
 .comment       0x0000000000000000       0x2a obj_cooja/mtype124.a(cooja_mtarch.o)
 .comment       0x0000000000000000       0x2a obj_cooja/mtype124.a(rtimer-arch.o)
 .comment       0x0000000000000000       0x2a obj_cooja/mtype124.a(beep.o)
 .comment       0x0000000000000000       0x2a obj_cooja/mtype124.a(button-sensor.o)
 .comment       0x0000000000000000       0x2a obj_cooja/mtype124.a(leds-arch.o)
 .comment       0x0000000000000000       0x2a obj_cooja/mtype124.a(moteid.o)
 .comment       0x0000000000000000       0x2a obj_cooja/mtype124.a(pir-sensor.o)
 .comment       0x0000000000000000       0x2a obj_cooja/mtype124.a(rs232.o)
 .comment       0x0000000000000000       0x2a obj_cooja/mtype124.a(vib-sensor.o)
 .comment       0x0000000000000000       0x2a obj_cooja/mtype124.a(clock.o)
 .comment       0x0000000000000000       0x2a obj_cooja/mtype124.a(log.o)
 .comment       0x0000000000000000       0x2a obj_cooja/mtype124.a(cfs-cooja.o)
 .comment       0x0000000000000000       0x2a obj_cooja/mtype124.a(cooja-radio.o)
 .comment       0x0000000000000000       0x2a obj_cooja/mtype124.a(eeprom.o)
 .comment       0x0000000000000000       0x2a obj_cooja/mtype124.a(random.o)
 .comment       0x0000000000000000       0x2a obj_cooja/mtype124.a(sensors.o)
 .comment       0x0000000000000000       0x2a obj_cooja/mtype124.a(leds.o)
 .comment       0x0000000000000000       0x2a obj_cooja/mtype124.a(dual_conf.o)
 .comment       0x0000000000000000       0x2a obj_cooja/mtype124.a(autostart.o)
 .comment       0x0000000000000000       0x2a obj_cooja/mtype124.a(ctimer.o)
 .comment       0x0000000000000000       0x2a obj_cooja/mtype124.a(etimer.o)
 .comment       0x0000000000000000       0x2a obj_cooja/mtype124.a(log_message.o)
 .comment       0x0000000000000000       0x2a obj_cooja/mtype124.a(process.o)
 .comment       0x0000000000000000       0x2a obj_cooja/mtype124.a(residual.o)
 .comment       0x0000000000000000       0x2a obj_cooja/mtype124.a(rtimer.o)
 .comment       0x0000000000000000       0x2a obj_cooja/mtype124.a(stimer.o)
 .comment       0x0000000000000000       0x2a obj_cooja/mtype124.a(timer.o)
 .comment       0x0000000000000000       0x2a obj_cooja/mtype124.a(serial-line.o)
 .comment       0x0000000000000000       0x2a obj_cooja/mtype124.a(list.o)
 .comment       0x0000000000000000       0x2a obj_cooja/mtype124.a(ringbuf.o)
 .comment       0x0000000000000000       0x2a obj_cooja/mtype124.a(sicslowpan.o)
 .comment       0x0000000000000000       0x2a obj_cooja/mtype124.a(uip-ds6-nbr.o)
 .comment       0x0000000000000000       0x2a obj_cooja/mtype124.a(uip-ds6-route.o)
 .comment       0x0000000000000000       0x2a obj_cooja/mtype124.a(uip-ds6.o)
 .comment       0x0000000000000000       0x2a obj_cooja/mtype124.a(uip6.o)
 .comment       0x0000000000000000       0x2a obj_cooja/mtype124.a(tcpip.o)
 .comment       0x0000000000000000       0x2a obj_cooja/mtype124.a(uip-debug.o)
 .comment       0x0000000000000000       0x2a obj_cooja/mtype124.a(uip-packetqueue)
 .comment       0x0000000000000000       0x2a obj_cooja/mtype124.a(uip-udp-packet.)
 .comment       0x0000000000000000       0x2a obj_cooja/mtype124.a(rpl-dag.o)
 .comment       0x0000000000000000       0x2a obj_cooja/mtype124.a(rpl-ext-header.)
 .comment       0x0000000000000000       0x2a obj_cooja/mtype124.a(rpl-icmp6.o)
 .comment       0x0000000000000000       0x2a obj_cooja/mtype124.a(rpl-ltmax.o)
 .comment       0x0000000000000000       0x2a obj_cooja/mtype124.a(rpl-timers.o)
 .comment       0x0000000000000000       0x2a obj_cooja/mtype124.a(rpl.o)
 .comment       0x0000000000000000       0x2a obj_cooja/mtype124.a(csma.o)
 .comment       0x0000000000000000       0x2a obj_cooja/mtype124.a(framer-802154.o)
 .comment       0x0000000000000000       0x2a obj_cooja/mtype124.a(mac.o)
 .comment       0x0000000000000000       0x2a obj_cooja/mtype124.a(cxmac.o)
 .comment       0x0000000000000000       0x2a obj_cooja/mtype124.a(linkaddr.o)
 .comment       0x0000000000000000       0x2a obj_cooja/mtype124.a(nbr-table.o)
 .comment       0x0000000000000000       0x2a obj_cooja/mtype124.a(netstack.o)
 .comment       0x0000000000000000       0x2a obj_cooja/mtype124.a(packetbuf.o)
 .comment       0x0000000000000000       0x2a obj_cooja/mtype124.a(queuebuf.o)
 .comment       0x0000000000000000       0x2a obj_cooja/mtype124.a(nullsec.o)
 .comment       0x0000000000000000       0x2a obj_cooja/mtype124.a(watchdog.o)
 .comment       0x0000000000000000       0x2a obj_cooja/mtype124.a(rimestats.o)
 .comment       0x0000000000000000       0x2a obj_cooja/mtype124.a(memb.o)
 .comment       0x0000000000000000       0x2a obj_cooja/mtype124.a(uip-icmp6.o)
 .comment       0x0000000000000000       0x2a obj_cooja/mtype124.a(uip-nd6.o)
 .comment       0x0000000000000000       0x2a obj_cooja/mtype124.a(rpl-nbr-policy.)
 .comment       0x0000000000000000       0x2a obj_cooja/mtype124.a(frame802154.o)
 .comment       0x0000000000000000       0x2a /usr/lib/gcc/i686-linux-gnu/4.8/crtendS.o

.debug
 *(.debug)

.line
 *(.line)

.debug_srcinfo
 *(.debug_srcinfo)

.debug_sfnames
 *(.debug_sfnames)

.debug_aranges  0x0000000000000000      0x838
 *(.debug_aranges)
 .debug_aranges
                0x0000000000000000       0x20 udp-client.co
 .debug_aranges
                0x0000000000000020       0x20 obj_cooja/mtype124.o
 .debug_aranges
                0x0000000000000040       0x20 obj_cooja/mtype124.a(simEnvChange.o)
 .debug_aranges
                0x0000000000000060       0x20 obj_cooja/mtype124.a(cooja_mt.o)
 .debug_aranges
                0x0000000000000080       0x20 obj_cooja/mtype124.a(cooja_mtarch.o)
 .debug_aranges
                0x00000000000000a0       0x20 obj_cooja/mtype124.a(rtimer-arch.o)
 .debug_aranges
                0x00000000000000c0       0x20 obj_cooja/mtype124.a(beep.o)
 .debug_aranges
                0x00000000000000e0       0x20 obj_cooja/mtype124.a(button-sensor.o)
 .debug_aranges
                0x0000000000000100       0x20 obj_cooja/mtype124.a(leds-arch.o)
 .debug_aranges
                0x0000000000000120       0x20 obj_cooja/mtype124.a(moteid.o)
 .debug_aranges
                0x0000000000000140       0x20 obj_cooja/mtype124.a(pir-sensor.o)
 .debug_aranges
                0x0000000000000160       0x20 obj_cooja/mtype124.a(rs232.o)
 .debug_aranges
                0x0000000000000180       0x20 obj_cooja/mtype124.a(vib-sensor.o)
 .debug_aranges
                0x00000000000001a0       0x20 obj_cooja/mtype124.a(clock.o)
 .debug_aranges
                0x00000000000001c0       0x20 obj_cooja/mtype124.a(log.o)
 .debug_aranges
                0x00000000000001e0       0x20 obj_cooja/mtype124.a(cfs-cooja.o)
 .debug_aranges
                0x0000000000000200       0x20 obj_cooja/mtype124.a(cooja-radio.o)
 .debug_aranges
                0x0000000000000220       0x20 obj_cooja/mtype124.a(eeprom.o)
 .debug_aranges
                0x0000000000000240       0x20 obj_cooja/mtype124.a(random.o)
 .debug_aranges
                0x0000000000000260       0x20 obj_cooja/mtype124.a(sensors.o)
 .debug_aranges
                0x0000000000000280       0x20 obj_cooja/mtype124.a(leds.o)
 .debug_aranges
                0x00000000000002a0       0x20 obj_cooja/mtype124.a(dual_conf.o)
 .debug_aranges
                0x00000000000002c0       0x20 obj_cooja/mtype124.a(autostart.o)
 .debug_aranges
                0x00000000000002e0       0x20 obj_cooja/mtype124.a(ctimer.o)
 .debug_aranges
                0x0000000000000300       0x20 obj_cooja/mtype124.a(etimer.o)
 .debug_aranges
                0x0000000000000320       0x20 obj_cooja/mtype124.a(log_message.o)
 .debug_aranges
                0x0000000000000340       0x20 obj_cooja/mtype124.a(process.o)
 .debug_aranges
                0x0000000000000360       0x20 obj_cooja/mtype124.a(residual.o)
 .debug_aranges
                0x0000000000000380       0x20 obj_cooja/mtype124.a(rtimer.o)
 .debug_aranges
                0x00000000000003a0       0x20 obj_cooja/mtype124.a(stimer.o)
 .debug_aranges
                0x00000000000003c0       0x20 obj_cooja/mtype124.a(timer.o)
 .debug_aranges
                0x00000000000003e0       0x20 obj_cooja/mtype124.a(serial-line.o)
 .debug_aranges
                0x0000000000000400       0x20 obj_cooja/mtype124.a(list.o)
 .debug_aranges
                0x0000000000000420       0x20 obj_cooja/mtype124.a(ringbuf.o)
 .debug_aranges
                0x0000000000000440       0x20 obj_cooja/mtype124.a(sicslowpan.o)
 .debug_aranges
                0x0000000000000460       0x20 obj_cooja/mtype124.a(uip-ds6-nbr.o)
 .debug_aranges
                0x0000000000000480       0x20 obj_cooja/mtype124.a(uip-ds6-route.o)
 .debug_aranges
                0x00000000000004a0       0x20 obj_cooja/mtype124.a(uip-ds6.o)
 .debug_aranges
                0x00000000000004c0       0x20 obj_cooja/mtype124.a(uip6.o)
 .debug_aranges
                0x00000000000004e0       0x20 obj_cooja/mtype124.a(tcpip.o)
 .debug_aranges
                0x0000000000000500       0x20 obj_cooja/mtype124.a(uip-debug.o)
 .debug_aranges
                0x0000000000000520       0x20 obj_cooja/mtype124.a(uip-packetqueue)
 .debug_aranges
                0x0000000000000540       0x20 obj_cooja/mtype124.a(uip-udp-packet.)
 .debug_aranges
                0x0000000000000560       0x20 obj_cooja/mtype124.a(rpl-dag.o)
 .debug_aranges
                0x0000000000000580       0x20 obj_cooja/mtype124.a(rpl-ext-header.)
 .debug_aranges
                0x00000000000005a0       0x20 obj_cooja/mtype124.a(rpl-icmp6.o)
 .debug_aranges
                0x00000000000005c0       0x20 obj_cooja/mtype124.a(rpl-ltmax.o)
 .debug_aranges
                0x00000000000005e0       0x20 obj_cooja/mtype124.a(rpl-timers.o)
 .debug_aranges
                0x0000000000000600       0x20 obj_cooja/mtype124.a(rpl.o)
 .debug_aranges
                0x0000000000000620       0x20 obj_cooja/mtype124.a(csma.o)
 .debug_aranges
                0x0000000000000640       0x20 obj_cooja/mtype124.a(framer-802154.o)
 .debug_aranges
                0x0000000000000660       0x20 obj_cooja/mtype124.a(mac.o)
 .debug_aranges
                0x0000000000000680       0x20 obj_cooja/mtype124.a(cxmac.o)
 .debug_aranges
                0x00000000000006a0       0x20 obj_cooja/mtype124.a(linkaddr.o)
 .debug_aranges
                0x00000000000006c0       0x20 obj_cooja/mtype124.a(nbr-table.o)
 .debug_aranges
                0x00000000000006e0       0x20 obj_cooja/mtype124.a(netstack.o)
 .debug_aranges
                0x0000000000000700       0x20 obj_cooja/mtype124.a(packetbuf.o)
 .debug_aranges
                0x0000000000000720       0x20 obj_cooja/mtype124.a(queuebuf.o)
 .debug_aranges
                0x0000000000000740       0x20 obj_cooja/mtype124.a(nullsec.o)
 .debug_aranges
                0x0000000000000760       0x20 obj_cooja/mtype124.a(watchdog.o)
 .debug_aranges
                0x0000000000000780       0x18 obj_cooja/mtype124.a(rimestats.o)
 .debug_aranges
                0x0000000000000798       0x20 obj_cooja/mtype124.a(memb.o)
 .debug_aranges
                0x00000000000007b8       0x20 obj_cooja/mtype124.a(uip-icmp6.o)
 .debug_aranges
                0x00000000000007d8       0x20 obj_cooja/mtype124.a(uip-nd6.o)
 .debug_aranges
                0x00000000000007f8       0x20 obj_cooja/mtype124.a(rpl-nbr-policy.)
 .debug_aranges
                0x0000000000000818       0x20 obj_cooja/mtype124.a(frame802154.o)

.debug_pubnames
 *(.debug_pubnames)

.debug_info     0x0000000000000000    0x1e954
 *(.debug_info .gnu.linkonce.wi.*)
 .debug_info    0x0000000000000000     0x11c1 udp-client.co
 .debug_info    0x00000000000011c1     0x3b8f obj_cooja/mtype124.o
 .debug_info    0x0000000000004d50      0x15a obj_cooja/mtype124.a(simEnvChange.o)