Archive member included to satisfy reference by file (symbol)

obj_cooja/mtype865.a(simEnvChange.o)
                              obj_cooja/mtype865.o (simDontFallAsleep)
obj_cooja/mtype865.a(cooja_mt.o)
                              obj_cooja/mtype865.o (cooja_mt_start)
obj_cooja/mtype865.a(cooja_mtarch.o)
                              obj_cooja/mtype865.a(cooja_mt.o) (cooja_mtarch_init)
obj_cooja/mtype865.a(rtimer-arch.o)
                              obj_cooja/mtype865.o (rtimer_arch_next)
obj_cooja/mtype865.a(beep.o)  obj_cooja/mtype865.o (beep_interface)
obj_cooja/mtype865.a(button-sensor.o)
                              obj_cooja/mtype865.o (button_interface)
obj_cooja/mtype865.a(leds-arch.o)
                              obj_cooja/mtype865.o (leds_interface)
obj_cooja/mtype865.a(moteid.o)
                              obj_cooja/mtype865.o (moteid_interface)
obj_cooja/mtype865.a(pir-sensor.o)
                              obj_cooja/mtype865.o (pir_interface)
obj_cooja/mtype865.a(rs232.o)
                              obj_cooja/mtype865.o (rs232_interface)
obj_cooja/mtype865.a(vib-sensor.o)
                              obj_cooja/mtype865.o (vib_interface)
obj_cooja/mtype865.a(clock.o)
                              obj_cooja/mtype865.o (clock_interface)
obj_cooja/mtype865.a(log.o)   obj_cooja/mtype865.o (simlog_interface)
obj_cooja/mtype865.a(cfs-cooja.o)
                              obj_cooja/mtype865.o (cfs_interface)
obj_cooja/mtype865.a(cooja-radio.o)
                              obj_cooja/mtype865.o (radio_interface)
obj_cooja/mtype865.a(eeprom.o)
                              obj_cooja/mtype865.o (eeprom_interface)
obj_cooja/mtype865.a(random.o)
                              obj_cooja/mtype865.a(moteid.o) (random_init)
obj_cooja/mtype865.a(sensors.o)
                              udp-client.co (sensors_event)
obj_cooja/mtype865.a(leds.o)  obj_cooja/mtype865.a(cooja-radio.o) (leds_on)
obj_cooja/mtype865.a(dual_conf.o)
                              obj_cooja/mtype865.a(cooja-radio.o) (long_range_radio)
obj_cooja/mtype865.a(autostart.o)
                              obj_cooja/mtype865.o (autostart_start)
obj_cooja/mtype865.a(ctimer.o)
                              obj_cooja/mtype865.o (ctimer_init)
obj_cooja/mtype865.a(etimer.o)
                              obj_cooja/mtype865.o (etimer_process)
obj_cooja/mtype865.a(log_message.o)
                              obj_cooja/mtype865.o (log_initialization)
obj_cooja/mtype865.a(process.o)
                              udp-client.co (process_current)
obj_cooja/mtype865.a(residual.o)
                              udp-client.co (DISSIPATION_RATE)
obj_cooja/mtype865.a(rtimer.o)
                              obj_cooja/mtype865.a(rtimer-arch.o) (rtimer_run_next)
obj_cooja/mtype865.a(stimer.o)
                              udp-client.co (stimer_remaining)
obj_cooja/mtype865.a(timer.o)
                              obj_cooja/mtype865.a(button-sensor.o) (timer_set)
obj_cooja/mtype865.a(serial-line.o)
                              udp-client.co (serial_line_event_message)
obj_cooja/mtype865.a(list.o)  obj_cooja/mtype865.a(ctimer.o) (list_init)
obj_cooja/mtype865.a(ringbuf.o)
                              obj_cooja/mtype865.a(serial-line.o) (ringbuf_init)
obj_cooja/mtype865.a(sicslowpan.o)
                              obj_cooja/mtype865.o (sicslowpan_driver)
obj_cooja/mtype865.a(uip-ds6-nbr.o)
                              obj_cooja/mtype865.a(sicslowpan.o) (uip_ds6_link_neighbor_callback)
obj_cooja/mtype865.a(uip-ds6-route.o)
                              udp-client.co (uip_ds6_route_nexthop)
obj_cooja/mtype865.a(uip-ds6.o)
                              udp-client.co (uip_ds6_if)
obj_cooja/mtype865.a(uip6.o)  udp-client.co (uip_lladdr)
obj_cooja/mtype865.a(tcpip.o)
                              udp-client.co (tcpip_event)
obj_cooja/mtype865.a(uip-debug.o)
                              udp-client.co (uip_debug_ipaddr_print)
obj_cooja/mtype865.a(uip-packetqueue)
                              obj_cooja/mtype865.a(uip-ds6-nbr.o) (uip_packetqueue_new)
obj_cooja/mtype865.a(uip-udp-packet.)
                              udp-client.co (uip_udp_packet_sendto)
obj_cooja/mtype865.a(rpl-dag.o)
                              udp-client.co (rpl_parents)
obj_cooja/mtype865.a(rpl-ext-header.)
                              obj_cooja/mtype865.a(uip6.o) (rpl_verify_header)
obj_cooja/mtype865.a(rpl-icmp6.o)
                              obj_cooja/mtype865.a(rpl-dag.o) (rpl_icmp6_update_nbr_table)
obj_cooja/mtype865.a(rpl-ltmax.o)
                              obj_cooja/mtype865.a(rpl-dag.o) (rpl_ltmax_of)
obj_cooja/mtype865.a(rpl-timers.o)
                              obj_cooja/mtype865.a(rpl-dag.o) (rpl_reset_dio_timer)
obj_cooja/mtype865.a(rpl.o)   obj_cooja/mtype865.a(rpl-icmp6.o) (rpl_get_mode)
obj_cooja/mtype865.a(csma.o)  obj_cooja/mtype865.o (csma_driver)
obj_cooja/mtype865.a(framer-802154.o)
                              obj_cooja/mtype865.a(sicslowpan.o) (framer_802154)
[...]
Memory Configuration

Name             Origin             Length             Attributes
*default*        0x0000000000000000 0xffffffffffffffff

Linker script and memory map

LOAD /usr/lib/gcc/i686-linux-gnu/4.8/../../../i386-linux-gnu/crti.o
LOAD /usr/lib/gcc/i686-linux-gnu/4.8/crtbeginS.o
LOAD udp-client.co
LOAD obj_cooja/mtype865.o
LOAD obj_cooja/mtype865.a
LOAD /usr/lib/gcc/i686-linux-gnu/4.8/libgcc.a
LOAD /usr/lib/gcc/i686-linux-gnu/4.8/libgcc_s.so
LOAD /usr/lib/gcc/i686-linux-gnu/4.8/../../../i386-linux-gnu/libc.so
START GROUP
LOAD /lib/i386-linux-gnu/libc.so.6
LOAD /usr/lib/i386-linux-gnu/libc_nonshared.a
LOAD /lib/i386-linux-gnu/ld-linux.so.2
END GROUP
LOAD /usr/lib/gcc/i686-linux-gnu/4.8/libgcc.a
LOAD /usr/lib/gcc/i686-linux-gnu/4.8/libgcc_s.so
LOAD /usr/lib/gcc/i686-linux-gnu/4.8/crtendS.o
LOAD /usr/lib/gcc/i686-linux-gnu/4.8/../../../i386-linux-gnu/crtn.o
                0x0000000000000114                . = (0x0 + SIZEOF_HEADERS)

.note.gnu.build-id
                0x0000000000000114       0x24
 *(.note.gnu.build-id)
 .note.gnu.build-id
                0x0000000000000114       0x24 /usr/lib/gcc/i686-linux-gnu/4.8/../../../i386-linux-gnu/crti.o

.hash
 *(.hash)

.gnu.hash       0x0000000000000138     0x1394
 *(.gnu.hash)
 .gnu.hash      0x0000000000000138     0x1394 /usr/lib/gcc/i686-linux-gnu/4.8/../../../i386-linux-gnu/crti.o

.dynsym         0x00000000000014cc     0x26b0
 *(.dynsym)
 .dynsym        0x00000000000014cc     0x26b0 /usr/lib/gcc/i686-linux-gnu/4.8/../../../i386-linux-gnu/crti.o

.dynstr         0x0000000000003b7c     0x27ac
 *(.dynstr)
 .dynstr        0x0000000000003b7c     0x27ac /usr/lib/gcc/i686-linux-gnu/4.8/../../../i386-linux-gnu/crti.o

.gnu.version    0x0000000000006328      0x4d6
 *(.gnu.version)
 .gnu.version   0x0000000000006328      0x4d6 /usr/lib/gcc/i686-linux-gnu/4.8/../../../i386-linux-gnu/crti.o

.gnu.version_d  0x0000000000006800        0x0
 *(.gnu.version_d)
 .gnu.version_d
                0x0000000000000000        0x0 /usr/lib/gcc/i686-linux-gnu/4.8/../../../i386-linux-gnu/crti.o

.gnu.version_r  0x0000000000006800       0x50
 *(.gnu.version_r)
 .gnu.version_r
                0x0000000000006800       0x50 /usr/lib/gcc/i686-linux-gnu/4.8/../../../i386-linux-gnu/crti.o

.rel.dyn        0x0000000000006850     0x9578
 *(.rel.init)
 .rel.init      0x0000000000000000        0x0 /usr/lib/gcc/i686-linux-gnu/4.8/../../../i386-linux-gnu/crti.o
 *(.rel.text .rel.text.* .rel.gnu.linkonce.t.*)
 .rel.text      0x0000000000006850     0x8da0 /usr/lib/gcc/i686-linux-gnu/4.8/../../../i386-linux-gnu/crti.o
 *(.rel.fini)
 .rel.fini      0x0000000000000000        0x0 /usr/lib/gcc/i686-linux-gnu/4.8/../../../i386-linux-gnu/crti.o
 *(.rel.rodata .rel.rodata.* .rel.gnu.linkonce.r.*)
 .rel.rodata    0x000000000000f5f0      0x4e0 /usr/lib/gcc/i686-linux-gnu/4.8/../../../i386-linux-gnu/crti.o
 *(.rel.data.rel.ro .rel.data.rel.ro.* .rel.gnu.linkonce.d.rel.ro.*)
 *(.rel.data .rel.data.* .rel.gnu.linkonce.d.*)
 .rel.data.rel  0x000000000000fad0        0x8 /usr/lib/gcc/i686-linux-gnu/4.8/../../../i386-linux-gnu/crti.o
 .rel.data      0x000000000000fad8      0x2b8 /usr/lib/gcc/i686-linux-gnu/4.8/../../../i386-linux-gnu/crti.o
 *(.rel.tdata .rel.tdata.* .rel.gnu.linkonce.td.*)
 *(.rel.tbss .rel.tbss.* .rel.gnu.linkonce.tb.*)
 *(.rel.ctors)
 *(.rel.dtors)
 *(.rel.got)
 .rel.got       0x000000000000fd90       0x28 /usr/lib/gcc/i686-linux-gnu/4.8/../../../i386-linux-gnu/crti.o
 *(.rel.bss .rel.bss.* .rel.gnu.linkonce.b.*)
 *(.rel.ifunc)
 .rel.ifunc     0x0000000000000000        0x0 /usr/lib/gcc/i686-linux-gnu/4.8/../../../i386-linux-gnu/crti.o
 .rel.fini_array
                0x000000000000fdb8        0x8 /usr/lib/gcc/i686-linux-gnu/4.8/../../../i386-linux-gnu/crti.o
 .rel.init_array
                0x000000000000fdc0        0x8 /usr/lib/gcc/i686-linux-gnu/4.8/../../../i386-linux-gnu/crti.o

.rel.plt        0x000000000000fdc8       0x10
 *(.rel.plt)
 .rel.plt       0x000000000000fdc8       0x10 /usr/lib/gcc/i686-linux-gnu/4.8/../../../i386-linux-gnu/crti.o
 *(.rel.iplt)

.init           0x000000000000fdd8       0x23
 *(SORT(.init))
 .init          0x000000000000fdd8       0x1e /usr/lib/gcc/i686-linux-gnu/4.8/../../../i386-linux-gnu/crti.o
                0x000000000000fdd8                _init
 .init          0x000000000000fdf6        0x5 /usr/lib/gcc/i686-linux-gnu/4.8/../../../i386-linux-gnu/crtn.o

.plt            0x000000000000fe00       0x30
 *(.plt)
 .plt           0x000000000000fe00       0x30 /usr/lib/gcc/i686-linux-gnu/4.8/../../../i386-linux-gnu/crti.o
 *(.iplt)

.text           0x000000000000fe30    0x16f89
 *(.text.unlikely .text.*_unlikely .text.unlikely.*)
 *(.text.exit .text.exit.*)
 *(.text.startup .text.startup.*)
 *(.text.hot .text.hot.*)
 *(.text .stub .text.* .gnu.linkonce.t.*)
 .text          0x000000000000fe30        0x0 /usr/lib/gcc/i686-linux-gnu/4.8/../../../i386-linux-gnu/crti.o
 .gnu.linkonce.t.__x86.get_pc_thunk.bx
                0x000000000000fe30        0x4 /usr/lib/gcc/i686-linux-gnu/4.8/../../../i386-linux-gnu/crti.o
                0x000000000000fe30                __x86.get_pc_thunk.bx
 *fill*         0x000000000000fe34        0xc 
 .text          0x000000000000fe40      0x11b /usr/lib/gcc/i686-linux-gnu/4.8/crtbeginS.o
 .text          0x000000000000ff5b      0x79a udp-client.co
 .text          0x00000000000106f5      0x949 obj_cooja/mtype865.o
                0x00000000000108a3                contiki_init
                0x0000000000010e55                Java_org_contikios_cooja_corecomm_Lib8_init
                0x0000000000010e95                Java_org_contikios_cooja_corecomm_Lib8_getMemory
                0x0000000000010ed5                Java_org_contikios_cooja_corecomm_Lib8_setMemory
                0x0000000000010f4c                Java_org_contikios_cooja_corecomm_Lib8_tick
                0x000000000001102c                Java_org_contikios_cooja_corecomm_Lib8_setReferenceAddress
 .text          0x000000000001103e       0x63 obj_cooja/mtype865.a(simEnvChange.o)
                0x000000000001103e                doActionsBeforeTick
                0x000000000001106f                doActionsAfterTick
 .text          0x00000000000110a1       0xbc obj_cooja/mtype865.a(cooja_mt.o)
                0x00000000000110a1                cooja_mt_init
                0x00000000000110ae                cooja_mt_remove
                0x00000000000110bb                cooja_mt_start
                0x00000000000110e8                cooja_mt_exec
                0x0000000000011119                cooja_mt_exit
                0x000000000001113b                cooja_mt_yield
 .text          0x000000000001115d      0x115 obj_cooja/mtype865.a(cooja_mtarch.o)
                0x000000000001115d                cooja_mtarch_init
                0x0000000000011162                cooja_mtarch_start
                0x00000000000111dd                cooja_sw
                0x00000000000111ff                cooja_mtarch_exec
                0x000000000001121b                cooja_mtarch_remove
                0x0000000000011220                cooja_mtarch_yield
                0x000000000001122a                cooja_mtarch_pstop
                0x000000000001122f                cooja_mtarch_pstart
                0x0000000000011234                cooja_mtarch_stack_usage
 .text          0x0000000000011272       0xc2 obj_cooja/mtype865.a(rtimer-arch.o)
                0x0000000000011272                rtimer_arch_init
                0x0000000000011295                rtimer_arch_schedule
                0x00000000000112ac                rtimer_arch_next
                0x00000000000112b6                rtimer_arch_pending
                0x00000000000112c0                rtimer_arch_check
                0x00000000000112f2                rtimer_arch_now
 .text          0x0000000000011334       0x76 obj_cooja/mtype865.a(beep.o)
                0x0000000000011334                beep_alarm
                0x0000000000011340                beep_beep
                0x000000000001134c                beep
                0x0000000000011358                beep_down
                0x0000000000011364                beep_on
                0x0000000000011370                beep_off
                0x000000000001137c                beep_spinup
                0x0000000000011388                beep_quick
                0x0000000000011394                beep_long
 .text          0x00000000000113aa      0x103 obj_cooja/mtype865.a(button-sensor.o)
 .text          0x00000000000114ad       0x45 obj_cooja/mtype865.a(leds-arch.o)
                0x00000000000114ad                leds_arch_init
                0x00000000000114b9                leds_arch_get
                0x00000000000114c5                leds_arch_set
 .text          0x00000000000114f2       0x2f obj_cooja/mtype865.a(moteid.o)
 .text          0x0000000000011521       0xb1 obj_cooja/mtype865.a(pir-sensor.o)
 .text          0x00000000000115d2      0x131 obj_cooja/mtype865.a(rs232.o)
                0x00000000000115d2                rs232_init
                0x00000000000115d7                rs232_set_speed
                0x00000000000115e5                rs232_set_input
                0x00000000000115f2                rs232_send
                0x0000000000011614                rs232_print
                0x000000000001162f                slip_arch_writeb
 .text          0x0000000000011703       0xb1 obj_cooja/mtype865.a(vib-sensor.o)
 .text          0x00000000000117b4       0x34 obj_cooja/mtype865.a(clock.o)
                0x00000000000117b4                clock_init
                0x00000000000117b9                clock_time
                0x00000000000117c3                clock_seconds
                0x00000000000117d9                clock_delay
 .text          0x00000000000117e8      0x1ed obj_cooja/mtype865.a(log.o)
                0x00000000000117e8                simlog_char
                0x000000000001182a                simlog
                0x0000000000011897                log_message
                0x00000000000118bf                log_set_putchar_with_slip
                0x00000000000118cc                log_putchar
                0x0000000000011950                log_puts
                0x0000000000011974                log_printf
 .text          0x00000000000119d5      0x2c4 obj_cooja/mtype865.a(cfs-cooja.o)
                0x00000000000119d5                cfs_open
                0x0000000000011a3e                cfs_close
                0x0000000000011a4a                cfs_read
                0x0000000000011ae8                cfs_write
                0x0000000000011bc5                cfs_seek
                0x0000000000011c4d                cfs_remove
                0x0000000000011c76                cfs_opendir
                0x0000000000011c80                cfs_readdir
                0x0000000000011c8a                cfs_closedir
 .text          0x0000000000011c99      0x69f obj_cooja/mtype865.a(cooja-radio.o)
                0x0000000000011cc3                radio_set_channel
                0x0000000000011cd8                radio_set_txpower
                0x0000000000011cf8                radio_signal_strength_last
                0x0000000000011d02                radio_signal_strength_current
                0x0000000000011d0c                radio_LQI
 .text          0x0000000000012338       0xef obj_cooja/mtype865.a(eeprom.o)
                0x0000000000012338                eeprom_init
                0x000000000001233d                eeprom_read
                0x00000000000123ad                eeprom_write
 .text          0x0000000000012427       0x28 obj_cooja/mtype865.a(random.o)
                0x0000000000012427                random_init
                0x0000000000012442                random_rand
 .text          0x000000000001244f      0x2a1 obj_cooja/mtype865.a(sensors.o)
                0x000000000001248a                sensors_first
                0x0000000000012494                sensors_next
                0x00000000000124b1                sensors_changed
                0x00000000000124e0                sensors_find
 .text          0x00000000000126f0      0x134 obj_cooja/mtype865.a(leds.o)
                0x0000000000012741                leds_init
                0x0000000000012755                leds_blink
                0x000000000001278d                leds_get
                0x000000000001279a                leds_set
                0x00000000000127b4                leds_on
                0x00000000000127d7                leds_off
                0x0000000000012801                leds_toggle
 .text          0x0000000000012824      0x318 obj_cooja/mtype865.a(dual_conf.o)
                0x0000000000012824                dual_radio_switch
                0x0000000000012864                dual_radio_change
                0x000000000001289e                sending_in_LR
                0x00000000000128c9                dual_radio_received
                0x0000000000012901                radio_received_is_longrange
                0x000000000001291c                dual_radio_turn_on
                0x000000000001293f                dual_radio_turn_off
                0x0000000000012af2                dio_broadcast
                0x0000000000012b1b                dis_broadcast
 .text          0x0000000000012b3c       0x8e obj_cooja/mtype865.a(autostart.o)
                0x0000000000012b3c                autostart_start
                0x0000000000012b87                autostart_exit
 .text          0x0000000000012bca      0x334 obj_cooja/mtype865.a(ctimer.o)
                0x0000000000012ce1                ctimer_init
                0x0000000000012d11                ctimer_set
                0x0000000000012d42                ctimer_set_with_process
                0x0000000000012dbe                ctimer_reset
                0x0000000000012e0d                ctimer_restart
                0x0000000000012e5c                ctimer_stop
                0x0000000000012ea7                ctimer_expired
 .text          0x0000000000012efe      0x40b obj_cooja/mtype865.a(etimer.o)
                0x0000000000013111                etimer_request_poll
                0x0000000000013195                etimer_set
                0x00000000000131ba                etimer_reset_with_new_interval
                0x00000000000131e1                etimer_reset
                0x00000000000131ff                etimer_restart
                0x000000000001321d                etimer_adjust
                0x0000000000013239                etimer_expired
                0x000000000001324c                etimer_expiration_time
                0x000000000001325e                etimer_start_time
                0x0000000000013268                etimer_pending
                0x000000000001327a                etimer_next_expiration_time
                0x0000000000013294                etimer_stop
 .text          0x0000000000013309      0x220 obj_cooja/mtype865.a(log_message.o)
                0x0000000000013309                log_initialization
                0x0000000000013508                log_finisher
 .text          0x0000000000013529      0x560 obj_cooja/mtype865.a(process.o)
                0x0000000000013529                process_alloc_event
                0x000000000001353e                process_start
                0x0000000000013727                process_exit
                0x0000000000013743                process_init
                0x0000000000013914                process_run
                0x0000000000013947                process_nevents
                0x0000000000013962                process_post
                0x0000000000013a0e                process_post_synch
                0x0000000000013a46                process_poll
                0x0000000000013a75                process_is_running
 .text          0x0000000000013a89       0xd3 obj_cooja/mtype865.a(residual.o)
                0x0000000000013a89                get_residual_energy
 .text          0x0000000000013b5c       0xba obj_cooja/mtype865.a(rtimer.o)
                0x0000000000013b5c                rtimer_init
                0x0000000000013b69                rtimer_set
                0x0000000000013bc0                rtimer_run_next
 .text          0x0000000000013c16       0xa3 obj_cooja/mtype865.a(stimer.o)
                0x0000000000013c16                stimer_set
                0x0000000000013c31                stimer_reset
                0x0000000000013c48                stimer_restart
                0x0000000000013c5a                stimer_expired
                0x0000000000013c81                stimer_remaining
                0x0000000000013ca5                stimer_elapsed
 .text          0x0000000000013cb9       0x91 obj_cooja/mtype865.a(timer.o)
                0x0000000000013cb9                timer_set
                0x0000000000013cd4                timer_reset
                0x0000000000013ceb                timer_restart
                0x0000000000013cfd                timer_expired
                0x0000000000013d26                timer_remaining
 .text          0x0000000000013d4a      0x1fb obj_cooja/mtype865.a(serial-line.o)
                0x0000000000013d4a                serial_line_input_byte
                0x0000000000013f0d                serial_line_init
 .text          0x0000000000013f45      0x244 obj_cooja/mtype865.a(list.o)
                0x0000000000013f45                list_init
                0x0000000000013f53                list_head
                0x0000000000013f5d                list_copy
                0x0000000000013f6c                list_tail
                0x0000000000013fa2                list_add
                0x0000000000013feb                list_push
                0x0000000000014017                list_chop
                0x0000000000014081                list_pop
                0x00000000000140a9                list_remove
                0x0000000000014110                list_length
                0x000000000001413e                list_insert
                0x0000000000014172                list_item_next
 .text          0x0000000000014189      0x155 obj_cooja/mtype865.a(ringbuf.o)
                0x0000000000014189                ringbuf_init
                0x00000000000141ba                ringbuf_put
                0x0000000000014238                ringbuf_get
                0x00000000000142a5                ringbuf_size
                0x00000000000142b7                ringbuf_elements
 .text          0x00000000000142de     0x258b obj_cooja/mtype865.a(sicslowpan.o)
                0x0000000000014868                rime_sniffer_add
                0x0000000000014875                rime_sniffer_remove
                0x0000000000016808                sicslowpan_init
                0x000000000001685f                sicslowpan_get_last_rssi
 .text          0x0000000000016869      0x2d9 obj_cooja/mtype865.a(uip-ds6-nbr.o)
                0x0000000000016886                uip_ds6_neighbors_init
                0x00000000000168a3                uip_ds6_nbr_add
                0x0000000000016951                uip_ds6_nbr_rm
                0x00000000000169ae                uip_ds6_nbr_get_ipaddr
                0x00000000000169c3                uip_ds6_nbr_get_ll
                0x00000000000169df                uip_ds6_nbr_num
                0x0000000000016a24                uip_ds6_nbr_lookup
                0x0000000000016a89                uip_ds6_nbr_ll_lookup
                0x0000000000016aa5                uip_ds6_nbr_ipaddr_from_lladdr
                0x0000000000016acb                uip_ds6_nbr_lladdr_from_ipaddr
                0x0000000000016af9                uip_ds6_link_neighbor_callback
 .text          0x0000000000016b42      0x916 obj_cooja/mtype865.a(uip-ds6-route.o)
                0x0000000000016bb9                uip_ds6_notification_add
                0x0000000000016bea                uip_ds6_notification_rm
                0x0000000000016c06                uip_ds6_route_init
                0x0000000000016c8e                uip_ds6_route_nexthop
                0x0000000000016cb6                uip_ds6_route_head
                0x0000000000016ccb                uip_ds6_route_next
                0x0000000000016cf1                uip_ds6_route_is_nexthop
                0x0000000000016d30                uip_ds6_route_num_routes
                0x0000000000016d3a                uip_ds6_route_lookup
                0x0000000000016dfc                uip_ds6_route_add
                0x0000000000017030                uip_ds6_route_rm
                0x00000000000171c4                uip_ds6_route_rm_by_nexthop
                0x00000000000171fc                uip_ds6_defrt_add
                0x00000000000172ad                uip_ds6_defrt_rm
                0x000000000001732c                uip_ds6_defrt_lookup
                0x0000000000017385                uip_ds6_defrt_choose
                0x00000000000173f0                uip_ds6_defrt_periodic
 .text          0x0000000000017458     0x12ad obj_cooja/mtype865.a(uip-ds6.o)
                0x0000000000017458                uip_ds6_init
                0x00000000000177ad                uip_ds6_periodic
                0x0000000000017885                uip_ds6_list_loop
                0x000000000001792c                uip_ds6_prefix_add
                0x00000000000179ea                uip_ds6_prefix_rm
                0x00000000000179fc                uip_ds6_prefix_lookup
                0x0000000000017a4d                uip_ds6_is_addr_onlink
                0x0000000000017ac1                uip_ds6_addr_add
                0x0000000000017bef                uip_ds6_long_addr_add
                0x0000000000017d1d                uip_ds6_addr_rm
                0x0000000000017dbd                uip_ds6_addr_lookup
                0x0000000000017e08                uip_ds6_long_addr_lookup
                0x0000000000017e53                uip_ds6_get_link_local
                0x0000000000017ed2                uip_ds6_long_get_link_local
                0x0000000000017f51                uip_ds6_get_global
                0x0000000000017fd0                uip_ds6_long_get_global
                0x000000000001804f                uip_ds6_maddr_add
                0x00000000000180c1                uip_ds6_long_maddr_add
                0x0000000000018133                uip_ds6_maddr_rm
                0x0000000000018145                uip_ds6_maddr_lookup
                0x0000000000018190                uip_ds6_long_maddr_lookup
                0x00000000000181db                uip_ds6_aaddr_add
                0x000000000001824d                uip_ds6_long_aaddr_add
                0x00000000000182bf                uip_ds6_aaddr_rm
                0x00000000000182d1                uip_ds6_aaddr_lookup
                0x000000000001831c                uip_ds6_long_aaddr_lookup
                0x0000000000018367                uip_ds6_select_src
                0x00000000000185f0                uip_ds6_set_addr_iid
                0x0000000000018627                get_match_length
                0x00000000000186b9                uip_ds6_compute_reachable_time
 .text          0x0000000000018705     0x29ac obj_cooja/mtype865.a(uip6.o)
                0x0000000000018705                uip_add32
                0x000000000001889e                uip_chksum
                0x000000000001898c                uip_icmp6chksum
                0x00000000000189a0                uip_tcpchksum
                0x00000000000189b4                uip_init
                0x0000000000018a84                uip_connect
                0x0000000000018c33                remove_ext_hdr
                0x0000000000018d08                uip_udp_new
                0x0000000000018e64                uip_unlisten
                0x0000000000018ec4                uip_listen
                0x0000000000019186                uip_process
                0x000000000001afa5                uip_htons
                0x000000000001afc7                uip_htonl
                0x000000000001b007                uip_send
 .text          0x000000000001b0b1      0xa53 obj_cooja/mtype865.a(tcpip.o)
                0x000000000001b0b1                tcpip_output
                0x000000000001b0ec                tcpip_set_outputfunc
                0x000000000001b180                tcp_connect
                0x000000000001b1d5                tcp_unlisten
                0x000000000001b230                tcp_listen
                0x000000000001b289                tcp_attach
                0x000000000001b2ae                udp_attach
                0x000000000001b2d3                udp_new
                0x000000000001b325                udp_broadcast_new
                0x000000000001b599                tcpip_input
                0x000000000001b5cd                tcpip_ipv6_output
                0x000000000001b940                tcpip_poll_udp
                0x000000000001b963                tcpip_poll_tcp
                0x000000000001b986                tcpip_uipcall
 .text          0x000000000001bb04      0x1c1 obj_cooja/mtype865.a(uip-debug.o)
                0x000000000001bb04                uip_debug_ipaddr_print
                0x000000000001bc66                uip_debug_lladdr_print
 .text          0x000000000001bcc5      0x141 obj_cooja/mtype865.a(uip-packetqueue)
                0x000000000001bcf1                uip_packetqueue_new
                0x000000000001bcff                uip_packetqueue_alloc
                0x000000000001bd5f                uip_packetqueue_free
                0x000000000001bda0                uip_packetqueue_buf
                0x000000000001bdbd                uip_packetqueue_buflen
                0x000000000001bdde                uip_packetqueue_set_buflen
 .text          0x000000000001be06      0x131 obj_cooja/mtype865.a(uip-udp-packet.)
                0x000000000001be06                uip_udp_packet_send
                0x000000000001be66                uip_udp_packet_sendto
 .text          0x000000000001bf37     0x2593 obj_cooja/mtype865.a(rpl-dag.o)
                0x000000000001bf37                rpl_print_neighbor_list
                0x000000000001bf9e                rpl_print_child_neighbor_list
                0x000000000001c005                rpl_get_nbr
                0x000000000001c05f                rpl_get_nbr_child
                0x000000000001c0b9                rpl_dag_init
                0x000000000001c0eb                rpl_get_parent
                0x000000000001c10d                rpl_get_parent_rank
                0x000000000001c140                rpl_get_parent_link_metric
                0x000000000001c173                rpl_get_parent_ipaddr
                0x000000000001c19d                rpl_get_child_ipaddr
                0x000000000001c4a7                rpl_set_root
                0x000000000001c6d5                rpl_repair_root
                0x000000000001c911                rpl_set_prefix
                0x000000000001ca10                rpl_set_default_route
                0x000000000001ca9c                rpl_alloc_instance
                0x000000000001cb24                rpl_alloc_dag
                0x000000000001cbd7                rpl_set_default_instance
                0x000000000001cbe4                rpl_get_default_instance
                0x000000000001cbee                rpl_free_instance
                0x000000000001cc8f                rpl_free_dag
                0x000000000001ccf5                rpl_add_parent
                0x000000000001cdde                rpl_find_parent
                0x000000000001ce0e                rpl_add_child
                0x000000000001ceb2                rpl_find_child
                0x000000000001cf00                rpl_find_parent_any_dag
                0x000000000001cf3c                rpl_select_dag
                0x000000000001d36c                rpl_select_parent
                0x000000000001d3ce                rpl_remove_parent
                0x000000000001d404                rpl_remove_child
                0x000000000001d420                rpl_nullify_parent
                0x000000000001d4be                rpl_move_parent
                0x000000000001d55b                rpl_has_downward_route
                0x000000000001d5ae                rpl_get_any_dag
                0x000000000001d610                rpl_get_instance
                0x000000000001d673                rpl_find_of
                0x000000000001d6b0                rpl_join_instance
                0x000000000001d953                rpl_add_dag
                0x000000000001dd42                rpl_local_repair
                0x000000000001de1b                rpl_recalculate_ranks
                0x000000000001dea1                rpl_process_parent_event
                0x000000000001df53                rpl_process_dio
 .text          0x000000000001e4ca      0xbf3 obj_cooja/mtype865.a(rpl-ext-header.)
                0x000000000001e4e7                rpl_verify_header
                0x000000000001e961                rpl_update_header_empty
                0x000000000001ec78                rpl_update_header_final
                0x000000000001ee07                rpl_remove_header
                0x000000000001ef11                rpl_invert_header
                0x000000000001f09b                rpl_insert_header
 .text          0x000000000001f0bd     0x2291 obj_cooja/mtype865.a(rpl-icmp6.o)
                0x000000000001f31c                rpl_icmp6_update_nbr_table
                0x000000000001f40c                dis_output
                0x000000000001fd44                dio_output
                0x0000000000020eb9                dao_output
                0x0000000000020f81                dao_output_target
                0x0000000000021302                dao_ack_output
                0x0000000000021316                rpl_icmp6_register_handlers
 .text          0x000000000002134e      0x41b obj_cooja/mtype865.a(rpl-ltmax.o)
 .text          0x0000000000021769      0x59d obj_cooja/mtype865.a(rpl-timers.o)
                0x00000000000219af                rpl_reset_periodic_timer
                0x0000000000021a04                rpl_reset_dio_timer
                0x0000000000021c3e                rpl_schedule_dao
                0x0000000000021c59                rpl_schedule_dao_immediately
                0x0000000000021c74                rpl_cancel_dao
                0x0000000000021cd6                rpl_schedule_unicast_dio_immediately
 .text          0x0000000000021d06      0x5c5 obj_cooja/mtype865.a(rpl.o)
                0x0000000000021d06                rpl_get_mode
                0x0000000000021d10                rpl_set_mode
                0x0000000000021d9e                rpl_purge_routes
                0x0000000000021e98                rpl_remove_routes
                0x0000000000021ede                rpl_remove_routes_by_nexthop
                0x0000000000021f4a                rpl_add_route
                0x0000000000021fc5                rpl_link_neighbor_callback
                0x00000000000220ca                rpl_ipv6_neighbor_callback
                0x0000000000022139                rpl_purge_dags
                0x0000000000022245                rpl_init
 .text          0x00000000000222cb      0x8c3 obj_cooja/mtype865.a(csma.o)
 .text          0x0000000000022b8e      0x3f5 obj_cooja/mtype865.a(framer-802154.o)
 .text          0x0000000000022f83       0x3c obj_cooja/mtype865.a(mac.o)
                0x0000000000022f83                mac_call_sent_callback
 .text          0x0000000000022fbf     0x10a7 obj_cooja/mtype865.a(cxmac.o)
                0x0000000000023fb6                cxmac_set_announcement_radio_txpower
                0x0000000000023fbb                cxmac_init
 .text          0x0000000000024066       0x82 obj_cooja/mtype865.a(linkaddr.o)
                0x0000000000024066                linkaddr_copy
                0x0000000000024088                linkaddr_cmp
                0x00000000000240b2                linkaddr_set_node_addr
                0x00000000000240cd                linkaddr_set_node_long_addr
 .text          0x00000000000240e8      0x919 obj_cooja/mtype865.a(nbr-table.o)
                0x00000000000240e8                long_ip_from_lladdr_map
                0x0000000000024175                lladdr_map_add_lr
                0x0000000000024232                lladdr_map_rm_lr
                0x00000000000246f7                nbr_table_register
                0x000000000002473f                nbr_table_head
                0x000000000002479b                nbr_table_next
                0x0000000000024802                nbr_table_add_lladdr
                0x00000000000248de                nbr_table_get_from_lladdr
                0x000000000002492b                nbr_table_remove
                0x000000000002497d                nbr_table_lock
                0x00000000000249a7                nbr_table_unlock
                0x00000000000249d1                nbr_table_get_lladdr
 .text          0x0000000000024a01       0x2b obj_cooja/mtype865.a(netstack.o)
                0x0000000000024a01                netstack_init
 .text          0x0000000000024a2c      0x3cd obj_cooja/mtype865.a(packetbuf.o)
                0x0000000000024a2c                packetbuf_clear
                0x0000000000024a56                packetbuf_copyfrom
                0x0000000000024aa8                packetbuf_compact
                0x0000000000024b25                packetbuf_copyto
                0x0000000000024bbc                packetbuf_hdralloc
                0x0000000000024c39                packetbuf_hdrreduce
                0x0000000000024c81                packetbuf_set_datalen
                0x0000000000024c9a                packetbuf_dataptr
                0x0000000000024cb7                packetbuf_hdrptr
                0x0000000000024cc1                packetbuf_datalen
                0x0000000000024ccd                packetbuf_hdrlen
                0x0000000000024ce4                packetbuf_totlen
                0x0000000000024cfa                packetbuf_attr_clear
                0x0000000000024d4c                packetbuf_attr_copyto
                0x0000000000024d95                packetbuf_attr_copyfrom
                0x0000000000024ddd                packetbuf_holds_broadcast
 .text          0x0000000000024df9      0x2b4 obj_cooja/mtype865.a(queuebuf.o)
                0x0000000000024e03                queuebuf_init
                0x0000000000024e23                queuebuf_numfree
                0x0000000000024e37                queuebuf_new_from_packetbuf
                0x0000000000024ec7                queuebuf_update_attr_from_packetbuf
                0x0000000000024efa                queuebuf_update_from_packetbuf
                0x0000000000024f44                queuebuf_free
                0x0000000000024f8b                queuebuf_to_packetbuf
                0x0000000000024ff1                queuebuf_dataptr
                0x0000000000025028                queuebuf_datalen
                0x000000000002504b                queuebuf_addr
                0x000000000002507d                queuebuf_attr
                0x00000000000250a8                queuebuf_debug_print
 .text          0x00000000000250ad       0x6e obj_cooja/mtype865.a(nullsec.o)
 .text          0x000000000002511b       0x19 obj_cooja/mtype865.a(watchdog.o)
                0x000000000002511b                watchdog_init
                0x0000000000025120                watchdog_start
                0x0000000000025125                watchdog_periodic
                0x000000000002512a                watchdog_stop
                0x000000000002512f                watchdog_reboot
 .text          0x0000000000025134        0x0 obj_cooja/mtype865.a(rimestats.o)
 .text          0x0000000000025134      0x1c1 obj_cooja/mtype865.a(memb.o)
                0x0000000000025134                memb_init
                0x0000000000025192                memb_alloc
                0x00000000000251f7                memb_free
                0x0000000000025272                memb_inmemb
                0x00000000000252b1                memb_numfree
 .text          0x00000000000252f5      0xabf obj_cooja/mtype865.a(uip-icmp6.o)
                0x0000000000025363                uip_icmp6_input
                0x00000000000253b9                uip_icmp6_register_input_handler
                0x0000000000025681                uip_icmp6_error_output
                0x00000000000259c6                uip_icmp6_send
                0x0000000000025d47                uip_icmp6_echo_reply_callback_add
                0x0000000000025d78                uip_icmp6_echo_reply_callback_rm
                0x0000000000025d94                uip_icmp6_init
 .text          0x0000000000025db4      0x358 obj_cooja/mtype865.a(uip-nd6.o)
                0x0000000000025e08                uip_nd6_ns_output
                0x0000000000026107                uip_nd6_init
 .text          0x000000000002610c      0x331 obj_cooja/mtype865.a(rpl-nbr-policy.)
                0x00000000000262e4                find_removable_dis
                0x0000000000026307                find_removable_dio
                0x0000000000026396                find_removable_dao
                0x00000000000263e6                rpl_nbr_policy_find_removable
 .text          0x000000000002643d      0x97c obj_cooja/mtype865.a(frame802154.o)
                0x000000000002646e                frame802154_get_pan_id
                0x000000000002647a                frame802154_set_pan_id
                0x0000000000026493                frame802154_has_panid
                0x000000000002657f                frame802154_check_dest_panid
                0x00000000000265e7                frame802154_is_broadcast_addr
                0x0000000000026634                frame802154_extract_linkaddr
                0x0000000000026874                frame802154_hdrlen
                0x00000000000268c5                frame802154_create
                0x0000000000026ab0                frame802154_parse
 .text          0x0000000000026db9        0x0 /usr/lib/gcc/i686-linux-gnu/4.8/crtendS.o
 .text          0x0000000000026db9        0x0 /usr/lib/gcc/i686-linux-gnu/4.8/../../../i386-linux-gnu/crtn.o
 *(.gnu.warning)

.fini           0x0000000000026dbc       0x14
 *(SORT(.fini))
 .fini          0x0000000000026dbc        0xf /usr/lib/gcc/i686-linux-gnu/4.8/../../../i386-linux-gnu/crti.o
                0x0000000000026dbc                _fini
 .fini          0x0000000000026dcb        0x5 /usr/lib/gcc/i686-linux-gnu/4.8/../../../i386-linux-gnu/crtn.o
                0x0000000000026dd0                PROVIDE (__etext, .)
                0x0000000000026dd0                PROVIDE (_etext, .)
                0x0000000000026dd0                PROVIDE (etext, .)

.rodata         0x0000000000026de0      0x900
 *(.rodata .rodata.* .gnu.linkonce.r.*)
 .rodata        0x0000000000026de0      0x1d0 udp-client.co
                0x0000000000026df4                autostart_processes
 .rodata        0x0000000000026fb0      0x1b6 obj_cooja/mtype865.o
 *fill*         0x0000000000027166        0x2 
 .rodata        0x0000000000027168        0x8 obj_cooja/mtype865.a(beep.o)
                0x0000000000027168                beep_interface
 .rodata        0x0000000000027170       0x20 obj_cooja/mtype865.a(button-sensor.o)
                0x0000000000027170                button_interface
                0x0000000000027180                button_sensor
 .rodata        0x0000000000027190        0x8 obj_cooja/mtype865.a(leds-arch.o)
                0x0000000000027190                leds_interface
 .rodata        0x0000000000027198        0x8 obj_cooja/mtype865.a(moteid.o)
                0x0000000000027198                moteid_interface
 .rodata        0x00000000000271a0       0x1c obj_cooja/mtype865.a(pir-sensor.o)
                0x00000000000271a0                pir_interface
                0x00000000000271ac                pir_sensor
 .rodata        0x00000000000271bc        0xe obj_cooja/mtype865.a(rs232.o)
                0x00000000000271bc                rs232_interface
 *fill*         0x00000000000271ca        0x2 
 .rodata        0x00000000000271cc       0x24 obj_cooja/mtype865.a(vib-sensor.o)
                0x00000000000271cc                vib_interface
                0x00000000000271e0                vib_sensor
 .rodata        0x00000000000271f0        0x8 obj_cooja/mtype865.a(clock.o)
                0x00000000000271f0                clock_interface
 .rodata        0x00000000000271f8        0x8 obj_cooja/mtype865.a(log.o)
                0x00000000000271f8                simlog_interface
 .rodata        0x0000000000027200       0x2f obj_cooja/mtype865.a(cfs-cooja.o)
                0x0000000000027200                cfs_interface
 *fill*         0x000000000002722f       0x11 
 .rodata        0x0000000000027240       0x60 obj_cooja/mtype865.a(cooja-radio.o)
                0x0000000000027260                cooja_radio_driver
                0x0000000000027298                radio_interface
 .rodata        0x00000000000272a0        0x8 obj_cooja/mtype865.a(eeprom.o)
                0x00000000000272a0                eeprom_interface
 .rodata        0x00000000000272a8        0x8 obj_cooja/mtype865.a(sensors.o)
 .rodata        0x00000000000272b0       0x1c obj_cooja/mtype865.a(dual_conf.o)
 .rodata        0x00000000000272cc        0xf obj_cooja/mtype865.a(ctimer.o)
 .rodata        0x00000000000272db        0xc obj_cooja/mtype865.a(etimer.o)
 *fill*         0x00000000000272e7        0x1 
 .rodata        0x00000000000272e8      0x16d obj_cooja/mtype865.a(log_message.o)
 *fill*         0x0000000000027455        0x3 
 .rodata        0x0000000000027458       0x20 obj_cooja/mtype865.a(residual.o)
                0x0000000000027458                DISSIPATION_RATE
 .rodata        0x0000000000027478        0xe obj_cooja/mtype865.a(serial-line.o)
 *fill*         0x0000000000027486        0x2 
 .rodata        0x0000000000027488       0x2c obj_cooja/mtype865.a(sicslowpan.o)
                0x0000000000027488                unc_llconf
                0x000000000002748c                unc_ctxconf
                0x0000000000027490                unc_mxconf
                0x0000000000027494                llprefix
                0x00000000000274a8                sicslowpan_driver
 .rodata        0x00000000000274b4      0x13c obj_cooja/mtype865.a(uip6.o)
 .rodata        0x00000000000275f0        0xd obj_cooja/mtype865.a(tcpip.o)
 .rodata        0x00000000000275fd       0x3e obj_cooja/mtype865.a(uip-debug.o)
 *fill*         0x000000000002763b        0x1 
 .rodata        0x000000000002763c        0x4 obj_cooja/mtype865.a(rpl-dag.o)
 .rodata        0x0000000000027640       0x24 obj_cooja/mtype865.a(csma.o)
                0x0000000000027648                csma_driver
 .rodata        0x0000000000027664        0xc obj_cooja/mtype865.a(framer-802154.o)
                0x0000000000027664                framer_802154
 *fill*         0x0000000000027670       0x10 
 .rodata        0x0000000000027680       0x40 obj_cooja/mtype865.a(cxmac.o)
                0x00000000000276a0                cxmac_driver
 .rodata        0x00000000000276c0        0x8 obj_cooja/mtype865.a(linkaddr.o)
                0x00000000000276c0                linkaddr_null
 .rodata        0x00000000000276c8       0x18 obj_cooja/mtype865.a(nullsec.o)
                0x00000000000276d0                nullsec_driver

.rodata1
 *(.rodata1)

.eh_frame_hdr   0x00000000000276e0     0x13fc
 *(.eh_frame_hdr)
 .eh_frame_hdr  0x00000000000276e0     0x13fc udp-client.co

.eh_frame       0x0000000000028adc     0x5150
 *(.eh_frame)
 .eh_frame      0x0000000000028adc       0x3c /usr/lib/gcc/i686-linux-gnu/4.8/../../../i386-linux-gnu/crti.o
                                         0x40 (size before relaxing)
 .eh_frame      0x0000000000028b18       0xa8 udp-client.co
                                         0xc0 (size before relaxing)
 .eh_frame      0x0000000000028bc0      0x148 obj_cooja/mtype865.o
                                        0x160 (size before relaxing)
 .eh_frame      0x0000000000028d08       0x40 obj_cooja/mtype865.a(simEnvChange.o)
                                         0x58 (size before relaxing)
 .eh_frame      0x0000000000028d48       0xc0 obj_cooja/mtype865.a(cooja_mt.o)
                                         0xd8 (size before relaxing)
 .eh_frame      0x0000000000028e08      0x120 obj_cooja/mtype865.a(cooja_mtarch.o)
                                        0x138 (size before relaxing)
 .eh_frame      0x0000000000028f28       0xc0 obj_cooja/mtype865.a(rtimer-arch.o)
                                         0xd8 (size before relaxing)
 .eh_frame      0x0000000000028fe8      0x160 obj_cooja/mtype865.a(beep.o)
                                        0x178 (size before relaxing)
 .eh_frame      0x0000000000029148       0xa0 obj_cooja/mtype865.a(button-sensor.o)
                                         0xb8 (size before relaxing)
 .eh_frame      0x00000000000291e8       0xa0 obj_cooja/mtype865.a(leds-arch.o)
                                         0xb8 (size before relaxing)
 .eh_frame      0x0000000000029288       0x40 obj_cooja/mtype865.a(moteid.o)
                                         0x58 (size before relaxing)
 .eh_frame      0x00000000000292c8       0xa0 obj_cooja/mtype865.a(pir-sensor.o)
                                         0xb8 (size before relaxing)
 .eh_frame      0x0000000000029368      0x100 obj_cooja/mtype865.a(rs232.o)
                                        0x118 (size before relaxing)
 .eh_frame      0x0000000000029468       0xa0 obj_cooja/mtype865.a(vib-sensor.o)
                                         0xb8 (size before relaxing)
 .eh_frame      0x0000000000029508       0xc0 obj_cooja/mtype865.a(clock.o)
                                         0xd8 (size before relaxing)
 .eh_frame      0x00000000000295c8      0x120 obj_cooja/mtype865.a(log.o)
                                        0x138 (size before relaxing)
 .eh_frame      0x00000000000296e8      0x160 obj_cooja/mtype865.a(cfs-cooja.o)
                                        0x178 (size before relaxing)
 .eh_frame      0x0000000000029848      0x2e0 obj_cooja/mtype865.a(cooja-radio.o)
                                        0x2f8 (size before relaxing)
 .eh_frame      0x0000000000029b28       0xa0 obj_cooja/mtype865.a(eeprom.o)
                                         0xb8 (size before relaxing)
 .eh_frame      0x0000000000029bc8       0x40 obj_cooja/mtype865.a(random.o)
                                         0x58 (size before relaxing)
 .eh_frame      0x0000000000029c08       0xc0 obj_cooja/mtype865.a(sensors.o)
                                         0xd8 (size before relaxing)
 .eh_frame      0x0000000000029cc8      0x100 obj_cooja/mtype865.a(leds.o)
                                        0x118 (size before relaxing)
 .eh_frame      0x0000000000029dc8      0x160 obj_cooja/mtype865.a(dual_conf.o)
                                        0x178 (size before relaxing)
 .eh_frame      0x0000000000029f28       0x40 obj_cooja/mtype865.a(autostart.o)
                                         0x58 (size before relaxing)
 .eh_frame      0x0000000000029f68      0x100 obj_cooja/mtype865.a(ctimer.o)
                                        0x118 (size before relaxing)
 .eh_frame      0x000000000002a068      0x1e0 obj_cooja/mtype865.a(etimer.o)
                                        0x1f8 (size before relaxing)
 .eh_frame      0x000000000002a248       0x50 obj_cooja/mtype865.a(log_message.o)
                                         0x68 (size before relaxing)
 .eh_frame      0x000000000002a298      0x1c8 obj_cooja/mtype865.a(process.o)
                                        0x1e0 (size before relaxing)
 .eh_frame      0x000000000002a460       0x2c obj_cooja/mtype865.a(residual.o)
                                         0x44 (size before relaxing)
 .eh_frame      0x000000000002a48c       0x60 obj_cooja/mtype865.a(rtimer.o)
                                         0x78 (size before relaxing)
 .eh_frame      0x000000000002a4ec       0xc4 obj_cooja/mtype865.a(stimer.o)
                                         0xdc (size before relaxing)
 .eh_frame      0x000000000002a5b0       0xa4 obj_cooja/mtype865.a(timer.o)
                                         0xbc (size before relaxing)
 .eh_frame      0x000000000002a654       0x60 obj_cooja/mtype865.a(serial-line.o)
                                         0x78 (size before relaxing)
 .eh_frame      0x000000000002a6b4      0x180 obj_cooja/mtype865.a(list.o)
                                        0x198 (size before relaxing)
 .eh_frame      0x000000000002a834       0xa0 obj_cooja/mtype865.a(ringbuf.o)
                                         0xb8 (size before relaxing)
 .eh_frame      0x000000000002a8d4      0x350 obj_cooja/mtype865.a(sicslowpan.o)
                                        0x368 (size before relaxing)
 .eh_frame      0x000000000002ac24      0x180 obj_cooja/mtype865.a(uip-ds6-nbr.o)
                                        0x198 (size before relaxing)
 .eh_frame      0x000000000002ada4      0x2a0 obj_cooja/mtype865.a(uip-ds6-route.o)
                                        0x2b8 (size before relaxing)
 .eh_frame      0x000000000002b044      0x3c8 obj_cooja/mtype865.a(uip-ds6.o)
                                        0x3e0 (size before relaxing)
 .eh_frame      0x000000000002b40c      0x25c obj_cooja/mtype865.a(uip6.o)
                                        0x274 (size before relaxing)
 .eh_frame      0x000000000002b668      0x270 obj_cooja/mtype865.a(tcpip.o)
                                        0x288 (size before relaxing)
 .eh_frame      0x000000000002b8d8       0x48 obj_cooja/mtype865.a(uip-debug.o)
                                         0x60 (size before relaxing)
 .eh_frame      0x000000000002b920       0xe0 obj_cooja/mtype865.a(uip-packetqueue)
                                         0xf8 (size before relaxing)
 .eh_frame      0x000000000002ba00       0x40 obj_cooja/mtype865.a(uip-udp-packet.)
                                         0x58 (size before relaxing)
 .eh_frame      0x000000000002ba40      0x74c obj_cooja/mtype865.a(rpl-dag.o)
                                        0x764 (size before relaxing)
 .eh_frame      0x000000000002c18c      0x10c obj_cooja/mtype865.a(rpl-ext-header.)
                                        0x124 (size before relaxing)
 .eh_frame      0x000000000002c298      0x278 obj_cooja/mtype865.a(rpl-icmp6.o)
                                        0x290 (size before relaxing)
 .eh_frame      0x000000000002c510       0xe0 obj_cooja/mtype865.a(rpl-ltmax.o)
                                         0xf8 (size before relaxing)
 .eh_frame      0x000000000002c5f0      0x1ac obj_cooja/mtype865.a(rpl-timers.o)
                                        0x1c4 (size before relaxing)
 .eh_frame      0x000000000002c79c      0x148 obj_cooja/mtype865.a(rpl.o)
                                        0x160 (size before relaxing)
 .eh_frame      0x000000000002c8e4      0x28c obj_cooja/mtype865.a(csma.o)
                                        0x2a4 (size before relaxing)
 .eh_frame      0x000000000002cb70      0x108 obj_cooja/mtype865.a(framer-802154.o)
                                        0x120 (size before relaxing)
 .eh_frame      0x000000000002cc78       0x20 obj_cooja/mtype865.a(mac.o)
                                         0x38 (size before relaxing)
 .eh_frame      0x000000000002cc98      0x2bc obj_cooja/mtype865.a(cxmac.o)
                                        0x2d4 (size before relaxing)
 .eh_frame      0x000000000002cf54       0x80 obj_cooja/mtype865.a(linkaddr.o)
                                         0x98 (size before relaxing)
 .eh_frame      0x000000000002cfd4      0x2cc obj_cooja/mtype865.a(nbr-table.o)
                                        0x2e4 (size before relaxing)
 .eh_frame      0x000000000002d2a0       0x20 obj_cooja/mtype865.a(netstack.o)
                                         0x38 (size before relaxing)
 .eh_frame      0x000000000002d2c0      0x214 obj_cooja/mtype865.a(packetbuf.o)
                                        0x22c (size before relaxing)
 .eh_frame      0x000000000002d4d4      0x1a0 obj_cooja/mtype865.a(queuebuf.o)
                                        0x1b8 (size before relaxing)
 .eh_frame      0x000000000002d674       0x80 obj_cooja/mtype865.a(nullsec.o)
                                         0x98 (size before relaxing)
 .eh_frame      0x000000000002d6f4       0xa0 obj_cooja/mtype865.a(watchdog.o)
                                         0xb8 (size before relaxing)
 .eh_frame      0x000000000002d794       0xa0 obj_cooja/mtype865.a(memb.o)
                                         0xb8 (size before relaxing)
 .eh_frame      0x000000000002d834      0x168 obj_cooja/mtype865.a(uip-icmp6.o)
                                        0x180 (size before relaxing)
 .eh_frame      0x000000000002d99c       0x68 obj_cooja/mtype865.a(uip-nd6.o)
                                         0x80 (size before relaxing)
 .eh_frame      0x000000000002da04       0xc0 obj_cooja/mtype865.a(rpl-nbr-policy.)
                                         0xd8 (size before relaxing)
 .eh_frame      0x000000000002dac4      0x164 obj_cooja/mtype865.a(frame802154.o)
                                        0x17c (size before relaxing)
 .eh_frame      0x000000000002dc28        0x4 /usr/lib/gcc/i686-linux-gnu/4.8/crtendS.o

.gcc_except_table
 *(.gcc_except_table .gcc_except_table.*)

.exception_ranges
 *(.exception_ranges .exception_ranges*)
                0x000000000002dc2c                . = (ALIGN (0x1000) - ((0x1000 - .) & 0xfff))
                0x000000000002eef8                . = DATA_SEGMENT_ALIGN (0x1000, 0x1000)

.eh_frame
 *(.eh_frame)

.gcc_except_table
 *(.gcc_except_table .gcc_except_table.*)

.exception_ranges
 *(.exception_ranges .exception_ranges*)

.tdata
 *(.tdata .tdata.* .gnu.linkonce.td.*)

.tbss
 *(.tbss .tbss.* .gnu.linkonce.tb.*)
 *(.tcommon)

.preinit_array
 *(.preinit_array)

.init_array     0x000000000002eef8        0x4
 *(SORT(.init_array.*) SORT(.ctors.*))
 *(.init_array EXCLUDE_FILE(*crtend?.o *crtend.o *crtbegin?.o *crtbegin.o) .ctors)
 .init_array    0x000000000002eef8        0x4 /usr/lib/gcc/i686-linux-gnu/4.8/crtbeginS.o

.fini_array     0x000000000002eefc        0x4
 *(SORT(.fini_array.*) SORT(.dtors.*))
 *(.fini_array EXCLUDE_FILE(*crtend?.o *crtend.o *crtbegin?.o *crtbegin.o) .dtors)
 .fini_array    0x000000000002eefc        0x4 /usr/lib/gcc/i686-linux-gnu/4.8/crtbeginS.o

.ctors
 *crtbegin.o(.ctors)
 *crtbegin?.o(.ctors)
 *(EXCLUDE_FILE(*crtend?.o *crtend.o) .ctors)
 *(SORT(.ctors.*))
 *(.ctors)

.dtors
 *crtbegin.o(.dtors)
 *crtbegin?.o(.dtors)
 *(EXCLUDE_FILE(*crtend?.o *crtend.o) .dtors)
 *(SORT(.dtors.*))
 *(.dtors)

.jcr            0x000000000002ef00        0x4
 *(.jcr)
 .jcr           0x000000000002ef00        0x0 /usr/lib/gcc/i686-linux-gnu/4.8/crtbeginS.o
 .jcr           0x000000000002ef00        0x4 /usr/lib/gcc/i686-linux-gnu/4.8/crtendS.o

.data.rel.ro
 *(.data.rel.ro.local* .gnu.linkonce.d.rel.ro.local.*)
 *(.data.rel.ro .data.rel.ro.* .gnu.linkonce.d.rel.ro.*)

.dynamic        0x000000000002ef04       0xe8
 *(.dynamic)
 .dynamic       0x000000000002ef04       0xe8 /usr/lib/gcc/i686-linux-gnu/4.8/../../../i386-linux-gnu/crti.o
                0x000000000002ef04                _DYNAMIC

.got            0x000000000002efec       0x14
 *(.got)
 .got           0x000000000002efec       0x14 /usr/lib/gcc/i686-linux-gnu/4.8/../../../i386-linux-gnu/crti.o
 *(.igot)
                0x000000000002fff4                . = DATA_SEGMENT_RELRO_END (., (SIZEOF (.got.plt) >= 0xc)?0xc:0x0)

.got.plt        0x000000000002f000       0x14
 *(.got.plt)
 .got.plt       0x000000000002f000       0x14 /usr/lib/gcc/i686-linux-gnu/4.8/../../../i386-linux-gnu/crti.o
                0x000000000002f000                _GLOBAL_OFFSET_TABLE_
 *(.igot.plt)

.data           0x000000000002f020      0x2a2
 *(.data .data.* .gnu.linkonce.d.*)
 .data          0x000000000002f020        0x0 /usr/lib/gcc/i686-linux-gnu/4.8/../../../i386-linux-gnu/crti.o
 .data          0x000000000002f020        0x0 /usr/lib/gcc/i686-linux-gnu/4.8/crtbeginS.o
 .data.rel      0x000000000002f020        0x4 /usr/lib/gcc/i686-linux-gnu/4.8/crtbeginS.o
                0x000000000002f020                __dso_handle
 .data          0x000000000002f024       0x14 udp-client.co
                0x000000000002f028                udp_client_process
 *fill*         0x000000000002f038        0x8 
 .data          0x000000000002f040       0x44 obj_cooja/mtype865.o
                0x000000000002f040                simInterfaces
                0x000000000002f074                sensors
 .data          0x000000000002f084        0x0 obj_cooja/mtype865.a(simEnvChange.o)
 .data          0x000000000002f084        0x0 obj_cooja/mtype865.a(cooja_mt.o)
 .data          0x000000000002f084        0x0 obj_cooja/mtype865.a(cooja_mtarch.o)
 .data          0x000000000002f084        0x0 obj_cooja/mtype865.a(rtimer-arch.o)
 .data          0x000000000002f084        0x0 obj_cooja/mtype865.a(beep.o)
 .data          0x000000000002f084        0x0 obj_cooja/mtype865.a(button-sensor.o)
 .data          0x000000000002f084        0x0 obj_cooja/mtype865.a(leds-arch.o)
 .data          0x000000000002f084        0x0 obj_cooja/mtype865.a(moteid.o)
 .data          0x000000000002f084        0x0 obj_cooja/mtype865.a(pir-sensor.o)
 .data          0x000000000002f084        0x0 obj_cooja/mtype865.a(rs232.o)
 .data          0x000000000002f084        0x0 obj_cooja/mtype865.a(vib-sensor.o)
 .data          0x000000000002f084        0x0 obj_cooja/mtype865.a(clock.o)
 .data          0x000000000002f084        0x0 obj_cooja/mtype865.a(log.o)
 .data          0x000000000002f084        0x0 obj_cooja/mtype865.a(cfs-cooja.o)
 .data          0x000000000002f084       0x40 obj_cooja/mtype865.a(cooja-radio.o)
                0x000000000002f084                simRadioChannelLR
                0x000000000002f088                simRadioHWOnLR
                0x000000000002f08c                simSignalStrengthLR
                0x000000000002f090                simLastSignalStrengthLR
                0x000000000002f094                simPowerLR
                0x000000000002f098                simLQILR
                0x000000000002f09c                simRadioChannel
                0x000000000002f0a0                simRadioHWOn
                0x000000000002f0a4                simSignalStrength
                0x000000000002f0a8                simLastSignalStrength
                0x000000000002f0ac                simPower
                0x000000000002f0b0                simLQI
                0x000000000002f0b4                cooja_radio_process
 .data          0x000000000002f0c4        0x0 obj_cooja/mtype865.a(eeprom.o)
 .data          0x000000000002f0c4        0x0 obj_cooja/mtype865.a(random.o)
 .data          0x000000000002f0c4       0x10 obj_cooja/mtype865.a(sensors.o)
                0x000000000002f0c4                sensors_process
 .data          0x000000000002f0d4        0x0 obj_cooja/mtype865.a(leds.o)
 .data          0x000000000002f0d4       0x28 obj_cooja/mtype865.a(dual_conf.o)
                0x000000000002f0d4                radio_received
                0x000000000002f0d8                dual_dio_broadcast
                0x000000000002f0e8                dual_dis_broadcast
 .data          0x000000000002f0fc        0x0 obj_cooja/mtype865.a(autostart.o)
 .data          0x000000000002f0fc       0x14 obj_cooja/mtype865.a(ctimer.o)
                0x000000000002f100                ctimer_process
 .data          0x000000000002f110       0x10 obj_cooja/mtype865.a(etimer.o)
                0x000000000002f110                etimer_process
 .data          0x000000000002f120        0x0 obj_cooja/mtype865.a(log_message.o)
 .data          0x000000000002f120        0x0 obj_cooja/mtype865.a(process.o)
 .data          0x000000000002f120        0x0 obj_cooja/mtype865.a(residual.o)
 .data          0x000000000002f120        0x0 obj_cooja/mtype865.a(rtimer.o)
 .data          0x000000000002f120        0x0 obj_cooja/mtype865.a(stimer.o)
 .data          0x000000000002f120        0x0 obj_cooja/mtype865.a(timer.o)
 .data          0x000000000002f120       0x10 obj_cooja/mtype865.a(serial-line.o)
                0x000000000002f120                serial_line_process
 .data          0x000000000002f130        0x0 obj_cooja/mtype865.a(list.o)
 .data          0x000000000002f130        0x0 obj_cooja/mtype865.a(ringbuf.o)
 .data          0x000000000002f130        0x0 obj_cooja/mtype865.a(sicslowpan.o)
 .data          0x000000000002f130       0x14 obj_cooja/mtype865.a(uip-ds6-nbr.o)
                0x000000000002f140                ds6_neighbors
 .data          0x000000000002f144       0x44 obj_cooja/mtype865.a(uip-ds6-route.o)
                0x000000000002f154                nbr_routes
 .data          0x000000000002f188        0x0 obj_cooja/mtype865.a(uip-ds6.o)
 .data          0x000000000002f188        0x0 obj_cooja/mtype865.a(uip6.o)
 .data          0x000000000002f188       0x10 obj_cooja/mtype865.a(tcpip.o)
                0x000000000002f188                tcpip_process
 .data          0x000000000002f198        0x0 obj_cooja/mtype865.a(uip-debug.o)
 .data          0x000000000002f198        0xc obj_cooja/mtype865.a(uip-packetqueue)
 .data          0x000000000002f1a4        0x0 obj_cooja/mtype865.a(uip-udp-packet.)
 .data          0x000000000002f1a4       0x28 obj_cooja/mtype865.a(rpl-dag.o)
                0x000000000002f1b4                rpl_parents
                0x000000000002f1c8                rpl_children
 .data          0x000000000002f1cc        0x0 obj_cooja/mtype865.a(rpl-ext-header.)
 .data          0x000000000002f1cc       0x34 obj_cooja/mtype865.a(rpl-icmp6.o)
 .data          0x000000000002f200       0x1c obj_cooja/mtype865.a(rpl-ltmax.o)
                0x000000000002f200                rpl_ltmax_of
 .data          0x000000000002f21c        0x0 obj_cooja/mtype865.a(rpl-timers.o)
 .data          0x000000000002f21c        0x0 obj_cooja/mtype865.a(rpl.o)
 .data          0x000000000002f21c       0x28 obj_cooja/mtype865.a(csma.o)
 .data          0x000000000002f244        0x0 obj_cooja/mtype865.a(framer-802154.o)
 .data          0x000000000002f244        0x0 obj_cooja/mtype865.a(mac.o)
 .data          0x000000000002f244       0x30 obj_cooja/mtype865.a(cxmac.o)
                0x000000000002f244                cxmac_config
                0x000000000002f254                strobe_wait
 .data          0x000000000002f274        0x0 obj_cooja/mtype865.a(linkaddr.o)
 .data          0x000000000002f274       0x10 obj_cooja/mtype865.a(nbr-table.o)
 .data          0x000000000002f284        0x0 obj_cooja/mtype865.a(netstack.o)
 .data          0x000000000002f284        0x4 obj_cooja/mtype865.a(packetbuf.o)
 .data          0x000000000002f288       0x18 obj_cooja/mtype865.a(queuebuf.o)
 .data          0x000000000002f2a0        0x0 obj_cooja/mtype865.a(nullsec.o)
 .data          0x000000000002f2a0        0x0 obj_cooja/mtype865.a(watchdog.o)
 .data          0x000000000002f2a0        0x0 obj_cooja/mtype865.a(rimestats.o)
 .data          0x000000000002f2a0        0x0 obj_cooja/mtype865.a(memb.o)
 .data          0x000000000002f2a0       0x20 obj_cooja/mtype865.a(uip-icmp6.o)
 .data          0x000000000002f2c0        0x0 obj_cooja/mtype865.a(uip-nd6.o)
 .data          0x000000000002f2c0        0x0 obj_cooja/mtype865.a(rpl-nbr-policy.)
 .data          0x000000000002f2c0        0x2 obj_cooja/mtype865.a(frame802154.o)
 .data          0x000000000002f2c2        0x0 /usr/lib/gcc/i686-linux-gnu/4.8/crtendS.o
 .data          0x000000000002f2c2        0x0 /usr/lib/gcc/i686-linux-gnu/4.8/../../../i386-linux-gnu/crtn.o

.tm_clone_table
                0x000000000002f2c4        0x0
 .tm_clone_table
                0x000000000002f2c4        0x0 /usr/lib/gcc/i686-linux-gnu/4.8/crtbeginS.o
 .tm_clone_table
                0x000000000002f2c4        0x0 /usr/lib/gcc/i686-linux-gnu/4.8/crtendS.o

.data1
 *(.data1)
                0x000000000002f2c4                _edata = .
                0x000000000002f2c4                PROVIDE (edata, .)
                0x000000000002f2c4                . = .
                0x000000000002f2c4                __bss_start = .

.bss            0x000000000002f2e0     0x9228
 *(.dynbss)
 .dynbss        0x0000000000000000        0x0 /usr/lib/gcc/i686-linux-gnu/4.8/../../../i386-linux-gnu/crti.o
 *(.bss .bss.* .gnu.linkonce.b.*)
 .bss           0x000000000002f2e0        0x0 /usr/lib/gcc/i686-linux-gnu/4.8/../../../i386-linux-gnu/crti.o
 .bss           0x000000000002f2e0        0x1 /usr/lib/gcc/i686-linux-gnu/4.8/crtbeginS.o
 *fill*         0x000000000002f2e1       0x1f 
 .bss           0x000000000002f300       0x60 udp-client.co
                0x000000000002f300                my_weight
 .bss           0x000000000002f360     0x2030 obj_cooja/mtype865.o
 .bss           0x0000000000031390        0x1 obj_cooja/mtype865.a(simEnvChange.o)
                0x0000000000031390                simDontFallAsleep
 *fill*         0x0000000000031391        0x3 
 .bss           0x0000000000031394        0x4 obj_cooja/mtype865.a(cooja_mt.o)
 .bss           0x0000000000031398        0x4 obj_cooja/mtype865.a(cooja_mtarch.o)
 .bss           0x000000000003139c        0xc obj_cooja/mtype865.a(rtimer-arch.o)
 .bss           0x00000000000313a8        0x0 obj_cooja/mtype865.a(beep.o)
 .bss           0x00000000000313a8        0x8 obj_cooja/mtype865.a(button-sensor.o)
 .bss           0x00000000000313b0        0x0 obj_cooja/mtype865.a(leds-arch.o)
 .bss           0x00000000000313b0        0x0 obj_cooja/mtype865.a(moteid.o)
 .bss           0x00000000000313b0        0x1 obj_cooja/mtype865.a(pir-sensor.o)
                0x00000000000313b0                simPirValue
 *fill*         0x00000000000313b1        0x3 
 .bss           0x00000000000313b4        0x4 obj_cooja/mtype865.a(rs232.o)
 .bss           0x00000000000313b8        0x1 obj_cooja/mtype865.a(vib-sensor.o)
                0x00000000000313b8                simVibValue
 .bss           0x00000000000313b9        0x0 obj_cooja/mtype865.a(clock.o)
 *fill*         0x00000000000313b9        0x7 
 .bss           0x00000000000313c0      0x420 obj_cooja/mtype865.a(log.o)
 .bss           0x00000000000317e0      0xfc0 obj_cooja/mtype865.a(cfs-cooja.o)
                0x00000000000317e0                simCFSData
                0x0000000000032780                simCFSSize
                0x0000000000032784                simCFSChanged
                0x0000000000032788                simCFSRead
                0x000000000003278c                simCFSWritten
 .bss           0x00000000000327a0       0x24 obj_cooja/mtype865.a(cooja-radio.o)
                0x00000000000327a0                simReceivingLR
                0x00000000000327a4                simInSizeLR
                0x00000000000327a8                simOutSizeLR
                0x00000000000327ac                simReceiving
                0x00000000000327b0                simInSize
                0x00000000000327b4                simOutSize
                0x00000000000327b8                LongRangeTransmit
                0x00000000000327bc                LongRangeReceiving
 .bss           0x00000000000327c4        0xc obj_cooja/mtype865.a(eeprom.o)
                0x00000000000327c4                simEEPROMChanged
                0x00000000000327c8                simEEPROMRead
                0x00000000000327cc                simEEPROMWritten
 .bss           0x00000000000327d0        0x0 obj_cooja/mtype865.a(random.o)
 .bss           0x00000000000327d0        0xc obj_cooja/mtype865.a(sensors.o)
 .bss           0x00000000000327dc        0x1 obj_cooja/mtype865.a(leds.o)
 *fill*         0x00000000000327dd        0x3 
 .bss           0x00000000000327e0       0x2c obj_cooja/mtype865.a(dual_conf.o)
                0x00000000000327e0                long_range_radio
 .bss           0x000000000003280c        0x0 obj_cooja/mtype865.a(autostart.o)
 .bss           0x000000000003280c        0x5 obj_cooja/mtype865.a(ctimer.o)
 *fill*         0x0000000000032811        0x3 
 .bss           0x0000000000032814        0x8 obj_cooja/mtype865.a(etimer.o)
 .bss           0x000000000003281c        0x0 obj_cooja/mtype865.a(log_message.o)
 *fill*         0x000000000003281c        0x4 
 .bss           0x0000000000032820      0x1b1 obj_cooja/mtype865.a(process.o)
                0x0000000000032820                process_list
                0x0000000000032824                process_current
 .bss           0x00000000000329d1        0x0 obj_cooja/mtype865.a(residual.o)
 *fill*         0x00000000000329d1        0x3 
 .bss           0x00000000000329d4        0x4 obj_cooja/mtype865.a(rtimer.o)
 .bss           0x00000000000329d8        0x0 obj_cooja/mtype865.a(stimer.o)
 .bss           0x00000000000329d8        0x0 obj_cooja/mtype865.a(timer.o)
 *fill*         0x00000000000329d8        0x8 
 .bss           0x00000000000329e0      0x140 obj_cooja/mtype865.a(serial-line.o)
 .bss           0x0000000000032b20        0x0 obj_cooja/mtype865.a(list.o)
 .bss           0x0000000000032b20        0x0 obj_cooja/mtype865.a(ringbuf.o)
 .bss           0x0000000000032b20      0x70c obj_cooja/mtype865.a(sicslowpan.o)
 *fill*         0x000000000003322c       0x14 
 .bss           0x0000000000033240      0x4b0 obj_cooja/mtype865.a(uip-ds6-nbr.o)
 *fill*         0x00000000000336f0       0x10 
 .bss           0x0000000000033700      0x608 obj_cooja/mtype865.a(uip-ds6-route.o)
 .bss           0x0000000000033d08       0x30 obj_cooja/mtype865.a(uip-ds6.o)
 .bss           0x0000000000033d38        0xe obj_cooja/mtype865.a(uip6.o)
                0x0000000000033d38                uip_ext_bitmap
                0x0000000000033d39                uip_ext_len
                0x0000000000033d3a                uip_ext_opt_offset
 *fill*         0x0000000000033d46       0x1a 
 .bss           0x0000000000033d60       0x68 obj_cooja/mtype865.a(tcpip.o)
 .bss           0x0000000000033dc8        0x0 obj_cooja/mtype865.a(uip-debug.o)
 *fill*         0x0000000000033dc8       0x18 
 .bss           0x0000000000033de0      0xcf8 obj_cooja/mtype865.a(uip-packetqueue)
 .bss           0x0000000000034ad8        0x0 obj_cooja/mtype865.a(uip-udp-packet.)
 *fill*         0x0000000000034ad8        0x8 
 .bss           0x0000000000034ae0      0x352 obj_cooja/mtype865.a(rpl-dag.o)
 .bss           0x0000000000034e32        0x0 obj_cooja/mtype865.a(rpl-ext-header.)
 .bss           0x0000000000034e32        0x0 obj_cooja/mtype865.a(rpl-icmp6.o)
 .bss           0x0000000000034e32        0x0 obj_cooja/mtype865.a(rpl-ltmax.o)
 *fill*         0x0000000000034e32        0xe 
 .bss           0x0000000000034e40       0x23 obj_cooja/mtype865.a(rpl-timers.o)
 *fill*         0x0000000000034e63        0x1 
 .bss           0x0000000000034e64        0x4 obj_cooja/mtype865.a(rpl.o)
 *fill*         0x0000000000034e68       0x18 
 .bss           0x0000000000034e80      0x288 obj_cooja/mtype865.a(csma.o)
 .bss           0x0000000000035108        0x2 obj_cooja/mtype865.a(framer-802154.o)
 .bss           0x000000000003510a        0x0 obj_cooja/mtype865.a(mac.o)
 *fill*         0x000000000003510a       0x16 
 .bss           0x0000000000035120       0xb0 obj_cooja/mtype865.a(cxmac.o)
 .bss           0x00000000000351d0        0x0 obj_cooja/mtype865.a(linkaddr.o)
 *fill*         0x00000000000351d0       0x10 
 .bss           0x00000000000351e0      0x35c obj_cooja/mtype865.a(nbr-table.o)
 .bss           0x000000000003553c        0x0 obj_cooja/mtype865.a(netstack.o)
 *fill*         0x000000000003553c        0x4 
 .bss           0x0000000000035540       0xa0 obj_cooja/mtype865.a(packetbuf.o)
 .bss           0x00000000000355e0      0xb80 obj_cooja/mtype865.a(queuebuf.o)
 .bss           0x0000000000036160        0x0 obj_cooja/mtype865.a(nullsec.o)
 .bss           0x0000000000036160        0x0 obj_cooja/mtype865.a(watchdog.o)
 .bss           0x0000000000036160        0x0 obj_cooja/mtype865.a(rimestats.o)
 .bss           0x0000000000036160        0x0 obj_cooja/mtype865.a(memb.o)
 .bss           0x0000000000036160       0x18 obj_cooja/mtype865.a(uip-icmp6.o)
 .bss           0x0000000000036178        0x0 obj_cooja/mtype865.a(uip-nd6.o)
 *fill*         0x0000000000036178        0x8 
 .bss           0x0000000000036180       0x44 obj_cooja/mtype865.a(rpl-nbr-policy.)
 .bss           0x00000000000361c4        0x0 obj_cooja/mtype865.a(frame802154.o)
 .bss           0x00000000000361c4        0x0 /usr/lib/gcc/i686-linux-gnu/4.8/crtendS.o
 .bss           0x00000000000361c4        0x0 /usr/lib/gcc/i686-linux-gnu/4.8/../../../i386-linux-gnu/crtn.o
 *(COMMON)
 COMMON         0x00000000000361c4       0x70 udp-client.co
                0x00000000000361c4                dio_count
                0x00000000000361c8                dis_count
                0x00000000000361cc                csma_drop_count
                0x00000000000361d0                tcp_output_count
                0x00000000000361d4                csma_transmission_count
                0x00000000000361d8                dao_ack_fwd_count
                0x00000000000361dc                COOJA_radioRxLong
                0x00000000000361e0                cxmac_collision_count
                0x00000000000361e4                led_end
                0x00000000000361e8                cxmac_retransmission_count
                0x00000000000361ec                control_message_count
                0x00000000000361f0                dao_count
                0x00000000000361f4                icmp_count
                0x00000000000361f8                COOJA_radioTx
                0x00000000000361fc                cxmac_transmission_count
                0x0000000000036200                dao_ack_count
                0x0000000000036204                data_message_count
                0x0000000000036208                my_sink_reachability
                0x0000000000036209                join_instance
                0x000000000003620c                COOJA_radioTxLong
                0x0000000000036210                COOJA_radioRx
                0x0000000000036214                my_parent_number
                0x0000000000036218                COOJA_radioOn
                0x000000000003621c                LSA_count
                0x0000000000036220                dao_fwd_count
                0x0000000000036224                COOJA_duration
                0x0000000000036228                dio_ack_count
                0x000000000003622c                COOJA_radioOnLong
                0x0000000000036230                data_fwd_count
 COMMON         0x0000000000036234        0xc obj_cooja/mtype865.o
                0x0000000000036234                referenceVar
                0x0000000000036238                debugfp
                0x000000000003623c                sensors_flags
 COMMON         0x0000000000036240        0xc obj_cooja/mtype865.a(simEnvChange.o)
                0x0000000000036240                simEtimerPending
                0x0000000000036244                simProcessRunValue
                0x0000000000036248                simNextExpirationTime
 COMMON         0x000000000003624c        0x1 obj_cooja/mtype865.a(beep.o)
                0x000000000003624c                simBeeped
 COMMON         0x000000000003624d        0x3 obj_cooja/mtype865.a(button-sensor.o)
                0x000000000003624d                simButtonIsActive
                0x000000000003624e                simButtonIsDown
                0x000000000003624f                simButtonChanged
 COMMON         0x0000000000036250        0x1 obj_cooja/mtype865.a(leds-arch.o)
                0x0000000000036250                simLedsValue
 *fill*         0x0000000000036251        0x3 
 COMMON         0x0000000000036254        0xc obj_cooja/mtype865.a(moteid.o)
                0x0000000000036254                simRandomSeed
                0x0000000000036258                simMoteIDChanged
                0x000000000003625c                simMoteID
 COMMON         0x0000000000036260        0x2 obj_cooja/mtype865.a(pir-sensor.o)
                0x0000000000036260                simPirIsActive
                0x0000000000036261                simPirChanged
 *fill*         0x0000000000036262       0x1e 
 COMMON         0x0000000000036280      0x820 obj_cooja/mtype865.a(rs232.o)
                0x0000000000036280                simSerialReceivingFlag
                0x0000000000036284                simSerialReceivingLength
                0x00000000000362a0                simSerialReceivingData
 COMMON         0x0000000000036aa0        0x2 obj_cooja/mtype865.a(vib-sensor.o)
                0x0000000000036aa0                simVibChanged
                0x0000000000036aa1                simVibIsActive
 *fill*         0x0000000000036aa2        0x2 
 COMMON         0x0000000000036aa4        0x4 obj_cooja/mtype865.a(clock.o)
                0x0000000000036aa4                simCurrentTime
 *fill*         0x0000000000036aa8       0x18 
 COMMON         0x0000000000036ac0      0x420 obj_cooja/mtype865.a(log.o)
                0x0000000000036ac0                simLoggedLength
                0x0000000000036ac4                simLoggedFlag
                0x0000000000036ae0                simLoggedData
 COMMON         0x0000000000036ee0      0x260 obj_cooja/mtype865.a(cooja-radio.o)
                0x0000000000036ee0                simOutDataBuffer
                0x0000000000036f60                simRadioTarget
                0x0000000000036f80                simInDataBufferLR
                0x0000000000037000                packet_forwarding
                0x0000000000037020                simOutDataBufferLR
                0x00000000000370a0                dual_duty_cycle_count
                0x00000000000370c0                simInDataBuffer
 COMMON         0x0000000000037140      0x400 obj_cooja/mtype865.a(eeprom.o)
                0x0000000000037140                simEEPROMData
 COMMON         0x0000000000037540        0x1 obj_cooja/mtype865.a(sensors.o)
                0x0000000000037540                sensors_event
 *fill*         0x0000000000037541        0x3 
 COMMON         0x0000000000037544        0x4 obj_cooja/mtype865.a(log_message.o)
                0x0000000000037544                log_fp
 COMMON         0x0000000000037548        0x1 obj_cooja/mtype865.a(serial-line.o)
                0x0000000000037548                serial_line_event_message
 *fill*         0x0000000000037549       0x17 
 COMMON         0x0000000000037560      0x1f4 obj_cooja/mtype865.a(uip-ds6-nbr.o)
                0x0000000000037560                ds6_lr_addrmap
 *fill*         0x0000000000037754        0xc 
 COMMON         0x0000000000037760      0x298 obj_cooja/mtype865.a(uip-ds6.o)
                0x0000000000037760                uip_ds6_prefix_list
                0x00000000000377c0                uip_ds6_timer_periodic
                0x00000000000377d0                uip_ds6_netif_addr_list_offset
                0x00000000000377e0                uip_ds6_if
                0x00000000000378d8                uip_ds6_timer_ra
                0x00000000000378e0                uip_ds6_addr_size
                0x0000000000037900                long_uip_ds6_if
 *fill*         0x00000000000379f8        0x8 
 COMMON         0x0000000000037a00      0x8ec obj_cooja/mtype865.a(uip6.o)
                0x0000000000037a00                uip_slen
                0x0000000000037a02                uip_acc32
                0x0000000000037a20                uip_conns
                0x0000000000037ae0                uip_lladdr
                0x0000000000037ae8                uip_appdata
                0x0000000000037aec                uip_flags
                0x0000000000037b00                uip_aligned_buf
                0x0000000000038140                uip_listenports
                0x0000000000038150                uip_len
                0x0000000000038152                uip_long_lladdr
                0x000000000003815c                uip_sappdata
                0x0000000000038160                uip_udp_conns
                0x00000000000382e0                uip_udp_conn
                0x00000000000382e4                uip_next_hdr
                0x00000000000382e8                uip_conn
 COMMON         0x00000000000382ec        0x1 obj_cooja/mtype865.a(tcpip.o)
                0x00000000000382ec                tcpip_event
 *fill*         0x00000000000382ed       0x13 
 COMMON         0x0000000000038300      0x178 obj_cooja/mtype865.a(rpl-dag.o)
                0x0000000000038300                default_instance
                0x0000000000038320                instance_table
 COMMON         0x0000000000038478       0x10 obj_cooja/mtype865.a(linkaddr.o)
                0x0000000000038478                linkaddr_node_addr
                0x0000000000038480                long_linkaddr_node_addr
 COMMON         0x0000000000038488       0x2e obj_cooja/mtype865.a(packetbuf.o)
                0x0000000000038488                packetbuf_attrs
                0x00000000000384a6                packetbuf_addrs
 *fill*         0x00000000000384b6        0xa 
 COMMON         0x00000000000384c0       0x48 obj_cooja/mtype865.a(rimestats.o)
                0x00000000000384c0                rimestats
                0x0000000000038508                . = ALIGN ((. != 0x0)?0x4:0x1)
                0x0000000000038508                . = ALIGN (0x4)
                0x0000000000038508                . = SEGMENT_START ("ldata-segment", .)
                0x0000000000038508                . = ALIGN (0x4)
                0x0000000000038508                _end = .
                0x0000000000038508                PROVIDE (end, .)
                0x0000000000038508                . = DATA_SEGMENT_END (.)

.stab
 *(.stab)

.stabstr
 *(.stabstr)

.stab.excl
 *(.stab.excl)

.stab.exclstr
 *(.stab.exclstr)

.stab.index
 *(.stab.index)

.stab.indexstr
 *(.stab.indexstr)

.comment        0x0000000000000000       0x29
 *(.comment)
 .comment       0x0000000000000000       0x29 /usr/lib/gcc/i686-linux-gnu/4.8/crtbeginS.o
                                         0x2a (size before relaxing)
 .comment       0x0000000000000000       0x2a udp-client.co
 .comment       0x0000000000000000       0x2a obj_cooja/mtype865.o
 .comment       0x0000000000000000       0x2a obj_cooja/mtype865.a(simEnvChange.o)
 .comment       0x0000000000000000       0x2a obj_cooja/mtype865.a(cooja_mt.o)
 .comment       0x0000000000000000       0x2a obj_cooja/mtype865.a(cooja_mtarch.o)
 .comment       0x0000000000000000       0x2a obj_cooja/mtype865.a(rtimer-arch.o)
 .comment       0x0000000000000000       0x2a obj_cooja/mtype865.a(beep.o)
 .comment       0x0000000000000000       0x2a obj_cooja/mtype865.a(button-sensor.o)
 .comment       0x0000000000000000       0x2a obj_cooja/mtype865.a(leds-arch.o)
 .comment       0x0000000000000000       0x2a obj_cooja/mtype865.a(moteid.o)
 .comment       0x0000000000000000       0x2a obj_cooja/mtype865.a(pir-sensor.o)
 .comment       0x0000000000000000       0x2a obj_cooja/mtype865.a(rs232.o)
 .comment       0x0000000000000000       0x2a obj_cooja/mtype865.a(vib-sensor.o)
 .comment       0x0000000000000000       0x2a obj_cooja/mtype865.a(clock.o)
 .comment       0x0000000000000000       0x2a obj_cooja/mtype865.a(log.o)
 .comment       0x0000000000000000       0x2a obj_cooja/mtype865.a(cfs-cooja.o)
 .comment       0x0000000000000000       0x2a obj_cooja/mtype865.a(cooja-radio.o)
 .comment       0x0000000000000000       0x2a obj_cooja/mtype865.a(eeprom.o)
 .comment       0x0000000000000000       0x2a obj_cooja/mtype865.a(random.o)
 .comment       0x0000000000000000       0x2a obj_cooja/mtype865.a(sensors.o)
 .comment       0x0000000000000000       0x2a obj_cooja/mtype865.a(leds.o)
 .comment       0x0000000000000000       0x2a obj_cooja/mtype865.a(dual_conf.o)
 .comment       0x0000000000000000       0x2a obj_cooja/mtype865.a(autostart.o)
 .comment       0x0000000000000000       0x2a obj_cooja/mtype865.a(ctimer.o)
 .comment       0x0000000000000000       0x2a obj_cooja/mtype865.a(etimer.o)
 .comment       0x0000000000000000       0x2a obj_cooja/mtype865.a(log_message.o)
 .comment       0x0000000000000000       0x2a obj_cooja/mtype865.a(process.o)
 .comment       0x0000000000000000       0x2a obj_cooja/mtype865.a(residual.o)
 .comment       0x0000000000000000       0x2a obj_cooja/mtype865.a(rtimer.o)
 .comment       0x0000000000000000       0x2a obj_cooja/mtype865.a(stimer.o)
 .comment       0x0000000000000000       0x2a obj_cooja/mtype865.a(timer.o)
 .comment       0x0000000000000000       0x2a obj_cooja/mtype865.a(serial-line.o)
 .comment       0x0000000000000000       0x2a obj_cooja/mtype865.a(list.o)
 .comment       0x0000000000000000       0x2a obj_cooja/mtype865.a(ringbuf.o)
 .comment       0x0000000000000000       0x2a obj_cooja/mtype865.a(sicslowpan.o)
 .comment       0x0000000000000000       0x2a obj_cooja/mtype865.a(uip-ds6-nbr.o)
 .comment       0x0000000000000000       0x2a obj_cooja/mtype865.a(uip-ds6-route.o)
 .comment       0x0000000000000000       0x2a obj_cooja/mtype865.a(uip-ds6.o)
 .comment       0x0000000000000000       0x2a obj_cooja/mtype865.a(uip6.o)
 .comment       0x0000000000000000       0x2a obj_cooja/mtype865.a(tcpip.o)
 .comment       0x0000000000000000       0x2a obj_cooja/mtype865.a(uip-debug.o)
 .comment       0x0000000000000000       0x2a obj_cooja/mtype865.a(uip-packetqueue)
 .comment       0x0000000000000000       0x2a obj_cooja/mtype865.a(uip-udp-packet.)
 .comment       0x0000000000000000       0x2a obj_cooja/mtype865.a(rpl-dag.o)
 .comment       0x0000000000000000       0x2a obj_cooja/mtype865.a(rpl-ext-header.)
 .comment       0x0000000000000000       0x2a obj_cooja/mtype865.a(rpl-icmp6.o)
 .comment       0x0000000000000000       0x2a obj_cooja/mtype865.a(rpl-ltmax.o)
 .comment       0x0000000000000000       0x2a obj_cooja/mtype865.a(rpl-timers.o)
 .comment       0x0000000000000000       0x2a obj_cooja/mtype865.a(rpl.o)
 .comment       0x0000000000000000       0x2a obj_cooja/mtype865.a(csma.o)
 .comment       0x0000000000000000       0x2a obj_cooja/mtype865.a(framer-802154.o)
 .comment       0x0000000000000000       0x2a obj_cooja/mtype865.a(mac.o)
 .comment       0x0000000000000000       0x2a obj_cooja/mtype865.a(cxmac.o)
 .comment       0x0000000000000000       0x2a obj_cooja/mtype865.a(linkaddr.o)
 .comment       0x0000000000000000       0x2a obj_cooja/mtype865.a(nbr-table.o)
 .comment       0x0000000000000000       0x2a obj_cooja/mtype865.a(netstack.o)
 .comment       0x0000000000000000       0x2a obj_cooja/mtype865.a(packetbuf.o)
 .comment       0x0000000000000000       0x2a obj_cooja/mtype865.a(queuebuf.o)
 .comment       0x0000000000000000       0x2a obj_cooja/mtype865.a(nullsec.o)
 .comment       0x0000000000000000       0x2a obj_cooja/mtype865.a(watchdog.o)
 .comment       0x0000000000000000       0x2a obj_cooja/mtype865.a(rimestats.o)
 .comment       0x0000000000000000       0x2a obj_cooja/mtype865.a(memb.o)
 .comment       0x0000000000000000       0x2a obj_cooja/mtype865.a(uip-icmp6.o)
 .comment       0x0000000000000000       0x2a obj_cooja/mtype865.a(uip-nd6.o)
 .comment       0x0000000000000000       0x2a obj_cooja/mtype865.a(rpl-nbr-policy.)
 .comment       0x0000000000000000       0x2a obj_cooja/mtype865.a(frame802154.o)
 .comment       0x0000000000000000       0x2a /usr/lib/gcc/i686-linux-gnu/4.8/crtendS.o

.debug
 *(.debug)

.line
 *(.line)

.debug_srcinfo
 *(.debug_srcinfo)

.debug_sfnames
 *(.debug_sfnames)

.debug_aranges  0x0000000000000000      0x838
 *(.debug_aranges)
 .debug_aranges
                0x0000000000000000       0x20 udp-client.co
 .debug_aranges
                0x0000000000000020       0x20 obj_cooja/mtype865.o
 .debug_aranges
                0x0000000000000040       0x20 obj_cooja/mtype865.a(simEnvChange.o)
 .debug_aranges
                0x0000000000000060       0x20 obj_cooja/mtype865.a(cooja_mt.o)
 .debug_aranges
                0x0000000000000080       0x20 obj_cooja/mtype865.a(cooja_mtarch.o)
 .debug_aranges
                0x00000000000000a0       0x20 obj_cooja/mtype865.a(rtimer-arch.o)
 .debug_aranges
                0x00000000000000c0       0x20 obj_cooja/mtype865.a(beep.o)
 .debug_aranges
                0x00000000000000e0       0x20 obj_cooja/mtype865.a(button-sensor.o)
 .debug_aranges
                0x0000000000000100       0x20 obj_cooja/mtype865.a(leds-arch.o)
 .debug_aranges
                0x0000000000000120       0x20 obj_cooja/mtype865.a(moteid.o)
 .debug_aranges
                0x0000000000000140       0x20 obj_cooja/mtype865.a(pir-sensor.o)
 .debug_aranges
                0x0000000000000160       0x20 obj_cooja/mtype865.a(rs232.o)
 .debug_aranges
                0x0000000000000180       0x20 obj_cooja/mtype865.a(vib-sensor.o)
 .debug_aranges
                0x00000000000001a0       0x20 obj_cooja/mtype865.a(clock.o)
 .debug_aranges
                0x00000000000001c0       0x20 obj_cooja/mtype865.a(log.o)
 .debug_aranges
                0x00000000000001e0       0x20 obj_cooja/mtype865.a(cfs-cooja.o)
 .debug_aranges
                0x0000000000000200       0x20 obj_cooja/mtype865.a(cooja-radio.o)
 .debug_aranges
                0x0000000000000220       0x20 obj_cooja/mtype865.a(eeprom.o)
 .debug_aranges
                0x0000000000000240       0x20 obj_cooja/mtype865.a(random.o)
 .debug_aranges
                0x0000000000000260       0x20 obj_cooja/mtype865.a(sensors.o)
 .debug_aranges
                0x0000000000000280       0x20 obj_cooja/mtype865.a(leds.o)
 .debug_aranges
                0x00000000000002a0       0x20 obj_cooja/mtype865.a(dual_conf.o)
 .debug_aranges
                0x00000000000002c0       0x20 obj_cooja/mtype865.a(autostart.o)
 .debug_aranges
                0x00000000000002e0       0x20 obj_cooja/mtype865.a(ctimer.o)
 .debug_aranges
                0x0000000000000300       0x20 obj_cooja/mtype865.a(etimer.o)
 .debug_aranges
                0x0000000000000320       0x20 obj_cooja/mtype865.a(log_message.o)
 .debug_aranges
                0x0000000000000340       0x20 obj_cooja/mtype865.a(process.o)
 .debug_aranges
                0x0000000000000360       0x20 obj_cooja/mtype865.a(residual.o)
 .debug_aranges
                0x0000000000000380       0x20 obj_cooja/mtype865.a(rtimer.o)
 .debug_aranges
                0x00000000000003a0       0x20 obj_cooja/mtype865.a(stimer.o)
 .debug_aranges
                0x00000000000003c0       0x20 obj_cooja/mtype865.a(timer.o)
 .debug_aranges
                0x00000000000003e0       0x20 obj_cooja/mtype865.a(serial-line.o)
 .debug_aranges
                0x0000000000000400       0x20 obj_cooja/mtype865.a(list.o)
 .debug_aranges
                0x0000000000000420       0x20 obj_cooja/mtype865.a(ringbuf.o)
 .debug_aranges
                0x0000000000000440       0x20 obj_cooja/mtype865.a(sicslowpan.o)
 .debug_aranges
                0x0000000000000460       0x20 obj_cooja/mtype865.a(uip-ds6-nbr.o)
 .debug_aranges
                0x0000000000000480       0x20 obj_cooja/mtype865.a(uip-ds6-route.o)
 .debug_aranges
                0x00000000000004a0       0x20 obj_cooja/mtype865.a(uip-ds6.o)
 .debug_aranges
                0x00000000000004c0       0x20 obj_cooja/mtype865.a(uip6.o)
 .debug_aranges
                0x00000000000004e0       0x20 obj_cooja/mtype865.a(tcpip.o)
 .debug_aranges
                0x0000000000000500       0x20 obj_cooja/mtype865.a(uip-debug.o)
 .debug_aranges
                0x0000000000000520       0x20 obj_cooja/mtype865.a(uip-packetqueue)
 .debug_aranges
                0x0000000000000540       0x20 obj_cooja/mtype865.a(uip-udp-packet.)
 .debug_aranges
                0x0000000000000560       0x20 obj_cooja/mtype865.a(rpl-dag.o)
 .debug_aranges
                0x0000000000000580       0x20 obj_cooja/mtype865.a(rpl-ext-header.)
 .debug_aranges
                0x00000000000005a0       0x20 obj_cooja/mtype865.a(rpl-icmp6.o)
 .debug_aranges
                0x00000000000005c0       0x20 obj_cooja/mtype865.a(rpl-ltmax.o)
 .debug_aranges
                0x00000000000005e0       0x20 obj_cooja/mtype865.a(rpl-timers.o)
 .debug_aranges
                0x0000000000000600       0x20 obj_cooja/mtype865.a(rpl.o)
 .debug_aranges
                0x0000000000000620       0x20 obj_cooja/mtype865.a(csma.o)
 .debug_aranges
                0x0000000000000640       0x20 obj_cooja/mtype865.a(framer-802154.o)
 .debug_aranges
                0x0000000000000660       0x20 obj_cooja/mtype865.a(mac.o)
 .debug_aranges
                0x0000000000000680       0x20 obj_cooja/mtype865.a(cxmac.o)
 .debug_aranges
                0x00000000000006a0       0x20 obj_cooja/mtype865.a(linkaddr.o)
 .debug_aranges
                0x00000000000006c0       0x20 obj_cooja/mtype865.a(nbr-table.o)
 .debug_aranges
                0x00000000000006e0       0x20 obj_cooja/mtype865.a(netstack.o)
 .debug_aranges
                0x0000000000000700       0x20 obj_cooja/mtype865.a(packetbuf.o)
 .debug_aranges
                0x0000000000000720       0x20 obj_cooja/mtype865.a(queuebuf.o)
 .debug_aranges
                0x0000000000000740       0x20 obj_cooja/mtype865.a(nullsec.o)
 .debug_aranges
                0x0000000000000760       0x20 obj_cooja/mtype865.a(watchdog.o)
 .debug_aranges
                0x0000000000000780       0x18 obj_cooja/mtype865.a(rimestats.o)
 .debug_aranges
                0x0000000000000798       0x20 obj_cooja/mtype865.a(memb.o)
 .debug_aranges
                0x00000000000007b8       0x20 obj_cooja/mtype865.a(uip-icmp6.o)
 .debug_aranges
                0x00000000000007d8       0x20 obj_cooja/mtype865.a(uip-nd6.o)
 .debug_aranges
                0x00000000000007f8       0x20 obj_cooja/mtype865.a(rpl-nbr-policy.)
 .debug_aranges
                0x0000000000000818       0x20 obj_cooja/mtype865.a(frame802154.o)

.debug_pubnames
 *(.debug_pubnames)

.debug_info     0x0000000000000000    0x1efcc
 *(.debug_info .gnu.linkonce.wi.*)
 .debug_info    0x0000000000000000     0x1268 udp-client.co
 .debug_info    0x0000000000001268     0x3b8f obj_cooja/mtype865.o
 .debug_info    0x0000000000004df7      0x15a obj_cooja/mtype865.a(simEnvChange.o)