Archive member included to satisfy reference by file (symbol)

obj_cooja/mtype41.a(simEnvChange.o)
                              obj_cooja/mtype41.o (simDontFallAsleep)
obj_cooja/mtype41.a(cooja_mt.o)
                              obj_cooja/mtype41.o (cooja_mt_start)
obj_cooja/mtype41.a(cooja_mtarch.o)
                              obj_cooja/mtype41.a(cooja_mt.o) (cooja_mtarch_init)
obj_cooja/mtype41.a(rtimer-arch.o)
                              obj_cooja/mtype41.o (rtimer_arch_next)
obj_cooja/mtype41.a(beep.o)   obj_cooja/mtype41.o (beep_interface)
obj_cooja/mtype41.a(button-sensor.o)
                              obj_cooja/mtype41.o (button_interface)
obj_cooja/mtype41.a(leds-arch.o)
                              obj_cooja/mtype41.o (leds_interface)
obj_cooja/mtype41.a(moteid.o)
                              obj_cooja/mtype41.o (moteid_interface)
obj_cooja/mtype41.a(pir-sensor.o)
                              obj_cooja/mtype41.o (pir_interface)
obj_cooja/mtype41.a(rs232.o)  obj_cooja/mtype41.o (rs232_interface)
obj_cooja/mtype41.a(vib-sensor.o)
                              obj_cooja/mtype41.o (vib_interface)
obj_cooja/mtype41.a(clock.o)  obj_cooja/mtype41.o (clock_interface)
obj_cooja/mtype41.a(log.o)    obj_cooja/mtype41.o (simlog_interface)
obj_cooja/mtype41.a(cfs-cooja.o)
                              obj_cooja/mtype41.o (cfs_interface)
obj_cooja/mtype41.a(cooja-radio.o)
                              obj_cooja/mtype41.o (radio_interface)
obj_cooja/mtype41.a(eeprom.o)
                              obj_cooja/mtype41.o (eeprom_interface)
obj_cooja/mtype41.a(random.o)
                              obj_cooja/mtype41.a(moteid.o) (random_init)
obj_cooja/mtype41.a(sensors.o)
                              obj_cooja/mtype41.o (sensors_process)
obj_cooja/mtype41.a(autostart.o)
                              obj_cooja/mtype41.o (autostart_start)
obj_cooja/mtype41.a(ctimer.o)
                              obj_cooja/mtype41.o (ctimer_init)
obj_cooja/mtype41.a(etimer.o)
                              obj_cooja/mtype41.o (etimer_process)
obj_cooja/mtype41.a(log_message.o)
                              obj_cooja/mtype41.o (log_initialization)
obj_cooja/mtype41.a(process.o)
                              udp-client.co (process_current)
obj_cooja/mtype41.a(residual.o)
                              udp-client.co (DISSIPATION_RATE)
obj_cooja/mtype41.a(rtimer.o)
                              obj_cooja/mtype41.a(rtimer-arch.o) (rtimer_run_next)
obj_cooja/mtype41.a(stimer.o)
                              udp-client.co (stimer_remaining)
obj_cooja/mtype41.a(timer.o)  obj_cooja/mtype41.a(button-sensor.o) (timer_set)
obj_cooja/mtype41.a(serial-line.o)
                              udp-client.co (serial_line_event_message)
obj_cooja/mtype41.a(list.o)   obj_cooja/mtype41.a(ctimer.o) (list_init)
obj_cooja/mtype41.a(ringbuf.o)
                              obj_cooja/mtype41.a(serial-line.o) (ringbuf_init)
obj_cooja/mtype41.a(sicslowpan.o)
                              obj_cooja/mtype41.o (sicslowpan_driver)
obj_cooja/mtype41.a(uip-ds6-nbr.o)
                              obj_cooja/mtype41.a(sicslowpan.o) (uip_ds6_link_neighbor_callback)
obj_cooja/mtype41.a(uip-ds6-route.o)
                              udp-client.co (uip_ds6_route_nexthop)
obj_cooja/mtype41.a(uip-ds6.o)
                              udp-client.co (uip_ds6_if)
obj_cooja/mtype41.a(uip6.o)   udp-client.co (uip_lladdr)
obj_cooja/mtype41.a(tcpip.o)  udp-client.co (tcpip_event)
obj_cooja/mtype41.a(uip-debug.o)
                              udp-client.co (uip_debug_ipaddr_print)
obj_cooja/mtype41.a(uip-packetqueue)
                              obj_cooja/mtype41.a(uip-ds6-nbr.o) (uip_packetqueue_new)
obj_cooja/mtype41.a(uip-udp-packet.)
                              udp-client.co (uip_udp_packet_sendto)
obj_cooja/mtype41.a(rpl-dag.o)
                              udp-client.co (rpl_parents)
obj_cooja/mtype41.a(rpl-ext-header.)
                              obj_cooja/mtype41.a(uip6.o) (rpl_verify_header)
obj_cooja/mtype41.a(rpl-icmp6.o)
                              obj_cooja/mtype41.a(rpl-dag.o) (rpl_icmp6_update_nbr_table)
obj_cooja/mtype41.a(rpl-ltmax.o)
                              obj_cooja/mtype41.a(rpl-dag.o) (rpl_ltmax_of)
obj_cooja/mtype41.a(rpl-timers.o)
                              obj_cooja/mtype41.a(rpl-dag.o) (rpl_reset_dio_timer)
obj_cooja/mtype41.a(rpl.o)    obj_cooja/mtype41.a(rpl-icmp6.o) (rpl_get_mode)
obj_cooja/mtype41.a(csma.o)   udp-client.co (csma_driver)
obj_cooja/mtype41.a(framer-802154.o)
                              obj_cooja/mtype41.a(sicslowpan.o) (framer_802154)
obj_cooja/mtype41.a(mac.o)    obj_cooja/mtype41.a(csma.o) (mac_call_sent_callback)
obj_cooja/mtype41.a(cxmac.o)  obj_cooja/mtype41.o (cxmac_driver)
obj_cooja/mtype41.a(linkaddr.o)
                              obj_cooja/mtype41.o (linkaddr_node_addr)
obj_cooja/mtype41.a(nbr-table.o)
                              obj_cooja/mtype41.a(uip-ds6-nbr.o) (nbr_table_register)
[...]
Memory Configuration

Name             Origin             Length             Attributes
*default*        0x0000000000000000 0xffffffffffffffff

Linker script and memory map

LOAD /usr/lib/gcc/i686-linux-gnu/4.8/../../../i386-linux-gnu/crti.o
LOAD /usr/lib/gcc/i686-linux-gnu/4.8/crtbeginS.o
LOAD udp-client.co
LOAD obj_cooja/mtype41.o
LOAD obj_cooja/mtype41.a
LOAD /usr/lib/gcc/i686-linux-gnu/4.8/libgcc.a
LOAD /usr/lib/gcc/i686-linux-gnu/4.8/libgcc_s.so
LOAD /usr/lib/gcc/i686-linux-gnu/4.8/../../../i386-linux-gnu/libc.so
START GROUP
LOAD /lib/i386-linux-gnu/libc.so.6
LOAD /usr/lib/i386-linux-gnu/libc_nonshared.a
LOAD /lib/i386-linux-gnu/ld-linux.so.2
END GROUP
LOAD /usr/lib/gcc/i686-linux-gnu/4.8/libgcc.a
LOAD /usr/lib/gcc/i686-linux-gnu/4.8/libgcc_s.so
LOAD /usr/lib/gcc/i686-linux-gnu/4.8/crtendS.o
LOAD /usr/lib/gcc/i686-linux-gnu/4.8/../../../i386-linux-gnu/crtn.o
                0x0000000000000114                . = (0x0 + SIZEOF_HEADERS)

.note.gnu.build-id
                0x0000000000000114       0x24
 *(.note.gnu.build-id)
 .note.gnu.build-id
                0x0000000000000114       0x24 /usr/lib/gcc/i686-linux-gnu/4.8/../../../i386-linux-gnu/crti.o

.hash
 *(.hash)

.gnu.hash       0x0000000000000138     0x1310
 *(.gnu.hash)
 .gnu.hash      0x0000000000000138     0x1310 /usr/lib/gcc/i686-linux-gnu/4.8/../../../i386-linux-gnu/crti.o

.dynsym         0x0000000000001448     0x24a0
 *(.dynsym)
 .dynsym        0x0000000000001448     0x24a0 /usr/lib/gcc/i686-linux-gnu/4.8/../../../i386-linux-gnu/crti.o

.dynstr         0x00000000000038e8     0x257b
 *(.dynstr)
 .dynstr        0x00000000000038e8     0x257b /usr/lib/gcc/i686-linux-gnu/4.8/../../../i386-linux-gnu/crti.o

.gnu.version    0x0000000000005e64      0x494
 *(.gnu.version)
 .gnu.version   0x0000000000005e64      0x494 /usr/lib/gcc/i686-linux-gnu/4.8/../../../i386-linux-gnu/crti.o

.gnu.version_d  0x00000000000062f8        0x0
 *(.gnu.version_d)
 .gnu.version_d
                0x0000000000000000        0x0 /usr/lib/gcc/i686-linux-gnu/4.8/../../../i386-linux-gnu/crti.o

.gnu.version_r  0x00000000000062f8       0x50
 *(.gnu.version_r)
 .gnu.version_r
                0x00000000000062f8       0x50 /usr/lib/gcc/i686-linux-gnu/4.8/../../../i386-linux-gnu/crti.o

.rel.dyn        0x0000000000006348     0x9418
 *(.rel.init)
 .rel.init      0x0000000000000000        0x0 /usr/lib/gcc/i686-linux-gnu/4.8/../../../i386-linux-gnu/crti.o
 *(.rel.text .rel.text.* .rel.gnu.linkonce.t.*)
 .rel.text      0x0000000000006348     0x8c60 /usr/lib/gcc/i686-linux-gnu/4.8/../../../i386-linux-gnu/crti.o
 *(.rel.fini)
 .rel.fini      0x0000000000000000        0x0 /usr/lib/gcc/i686-linux-gnu/4.8/../../../i386-linux-gnu/crti.o
 *(.rel.rodata .rel.rodata.* .rel.gnu.linkonce.r.*)
 .rel.rodata    0x000000000000efa8      0x4e0 /usr/lib/gcc/i686-linux-gnu/4.8/../../../i386-linux-gnu/crti.o
 *(.rel.data.rel.ro .rel.data.rel.ro.* .rel.gnu.linkonce.d.rel.ro.*)
 *(.rel.data .rel.data.* .rel.gnu.linkonce.d.*)
 .rel.data.rel  0x000000000000f488        0x8 /usr/lib/gcc/i686-linux-gnu/4.8/../../../i386-linux-gnu/crti.o
 .rel.data      0x000000000000f490      0x298 /usr/lib/gcc/i686-linux-gnu/4.8/../../../i386-linux-gnu/crti.o
 *(.rel.tdata .rel.tdata.* .rel.gnu.linkonce.td.*)
 *(.rel.tbss .rel.tbss.* .rel.gnu.linkonce.tb.*)
 *(.rel.ctors)
 *(.rel.dtors)
 *(.rel.got)
 .rel.got       0x000000000000f728       0x28 /usr/lib/gcc/i686-linux-gnu/4.8/../../../i386-linux-gnu/crti.o
 *(.rel.bss .rel.bss.* .rel.gnu.linkonce.b.*)
 *(.rel.ifunc)
 .rel.ifunc     0x0000000000000000        0x0 /usr/lib/gcc/i686-linux-gnu/4.8/../../../i386-linux-gnu/crti.o
 .rel.fini_array
                0x000000000000f750        0x8 /usr/lib/gcc/i686-linux-gnu/4.8/../../../i386-linux-gnu/crti.o
 .rel.init_array
                0x000000000000f758        0x8 /usr/lib/gcc/i686-linux-gnu/4.8/../../../i386-linux-gnu/crti.o

.rel.plt        0x000000000000f760       0x10
 *(.rel.plt)
 .rel.plt       0x000000000000f760       0x10 /usr/lib/gcc/i686-linux-gnu/4.8/../../../i386-linux-gnu/crti.o
 *(.rel.iplt)

.init           0x000000000000f770       0x23
 *(SORT(.init))
 .init          0x000000000000f770       0x1e /usr/lib/gcc/i686-linux-gnu/4.8/../../../i386-linux-gnu/crti.o
                0x000000000000f770                _init
 .init          0x000000000000f78e        0x5 /usr/lib/gcc/i686-linux-gnu/4.8/../../../i386-linux-gnu/crtn.o

.plt            0x000000000000f7a0       0x30
 *(.plt)
 .plt           0x000000000000f7a0       0x30 /usr/lib/gcc/i686-linux-gnu/4.8/../../../i386-linux-gnu/crti.o
 *(.iplt)

.text           0x000000000000f7d0    0x16301
 *(.text.unlikely .text.*_unlikely .text.unlikely.*)
 *(.text.exit .text.exit.*)
 *(.text.startup .text.startup.*)
 *(.text.hot .text.hot.*)
 *(.text .stub .text.* .gnu.linkonce.t.*)
 .text          0x000000000000f7d0        0x0 /usr/lib/gcc/i686-linux-gnu/4.8/../../../i386-linux-gnu/crti.o
 .gnu.linkonce.t.__x86.get_pc_thunk.bx
                0x000000000000f7d0        0x4 /usr/lib/gcc/i686-linux-gnu/4.8/../../../i386-linux-gnu/crti.o
                0x000000000000f7d0                __x86.get_pc_thunk.bx
 *fill*         0x000000000000f7d4        0xc 
 .text          0x000000000000f7e0      0x11b /usr/lib/gcc/i686-linux-gnu/4.8/crtbeginS.o
 .text          0x000000000000f8fb      0x932 udp-client.co
 .text          0x000000000001022d      0x734 obj_cooja/mtype41.o
                0x0000000000010363                contiki_init
                0x0000000000010778                Java_org_contikios_cooja_corecomm_Lib2_init
                0x00000000000107b8                Java_org_contikios_cooja_corecomm_Lib2_getMemory
                0x00000000000107f8                Java_org_contikios_cooja_corecomm_Lib2_setMemory
                0x000000000001086f                Java_org_contikios_cooja_corecomm_Lib2_tick
                0x000000000001094f                Java_org_contikios_cooja_corecomm_Lib2_setReferenceAddress
 .text          0x0000000000010961       0x63 obj_cooja/mtype41.a(simEnvChange.o)
                0x0000000000010961                doActionsBeforeTick
                0x0000000000010992                doActionsAfterTick
 .text          0x00000000000109c4       0xbc obj_cooja/mtype41.a(cooja_mt.o)
                0x00000000000109c4                cooja_mt_init
                0x00000000000109d1                cooja_mt_remove
                0x00000000000109de                cooja_mt_start
                0x0000000000010a0b                cooja_mt_exec
                0x0000000000010a3c                cooja_mt_exit
                0x0000000000010a5e                cooja_mt_yield
 .text          0x0000000000010a80      0x115 obj_cooja/mtype41.a(cooja_mtarch.o)
                0x0000000000010a80                cooja_mtarch_init
                0x0000000000010a85                cooja_mtarch_start
                0x0000000000010b00                cooja_sw
                0x0000000000010b22                cooja_mtarch_exec
                0x0000000000010b3e                cooja_mtarch_remove
                0x0000000000010b43                cooja_mtarch_yield
                0x0000000000010b4d                cooja_mtarch_pstop
                0x0000000000010b52                cooja_mtarch_pstart
                0x0000000000010b57                cooja_mtarch_stack_usage
 .text          0x0000000000010b95       0xc2 obj_cooja/mtype41.a(rtimer-arch.o)
                0x0000000000010b95                rtimer_arch_init
                0x0000000000010bb8                rtimer_arch_schedule
                0x0000000000010bcf                rtimer_arch_next
                0x0000000000010bd9                rtimer_arch_pending
                0x0000000000010be3                rtimer_arch_check
                0x0000000000010c15                rtimer_arch_now
 .text          0x0000000000010c57       0x76 obj_cooja/mtype41.a(beep.o)
                0x0000000000010c57                beep_alarm
                0x0000000000010c63                beep_beep
                0x0000000000010c6f                beep
                0x0000000000010c7b                beep_down
                0x0000000000010c87                beep_on
                0x0000000000010c93                beep_off
                0x0000000000010c9f                beep_spinup
                0x0000000000010cab                beep_quick
                0x0000000000010cb7                beep_long
 .text          0x0000000000010ccd      0x103 obj_cooja/mtype41.a(button-sensor.o)
 .text          0x0000000000010dd0       0x45 obj_cooja/mtype41.a(leds-arch.o)
                0x0000000000010dd0                leds_arch_init
                0x0000000000010ddc                leds_arch_get
                0x0000000000010de8                leds_arch_set
 .text          0x0000000000010e15       0x2f obj_cooja/mtype41.a(moteid.o)
 .text          0x0000000000010e44       0xb1 obj_cooja/mtype41.a(pir-sensor.o)
 .text          0x0000000000010ef5      0x131 obj_cooja/mtype41.a(rs232.o)
                0x0000000000010ef5                rs232_init
                0x0000000000010efa                rs232_set_speed
                0x0000000000010f08                rs232_set_input
                0x0000000000010f15                rs232_send
                0x0000000000010f37                rs232_print
                0x0000000000010f52                slip_arch_writeb
 .text          0x0000000000011026       0xb1 obj_cooja/mtype41.a(vib-sensor.o)
 .text          0x00000000000110d7       0x34 obj_cooja/mtype41.a(clock.o)
                0x00000000000110d7                clock_init
                0x00000000000110dc                clock_time
                0x00000000000110e6                clock_seconds
                0x00000000000110fc                clock_delay
 .text          0x000000000001110b      0x1ed obj_cooja/mtype41.a(log.o)
                0x000000000001110b                simlog_char
                0x000000000001114d                simlog
                0x00000000000111ba                log_message
                0x00000000000111e2                log_set_putchar_with_slip
                0x00000000000111ef                log_putchar
                0x0000000000011273                log_puts
                0x0000000000011297                log_printf
 .text          0x00000000000112f8      0x2c4 obj_cooja/mtype41.a(cfs-cooja.o)
                0x00000000000112f8                cfs_open
                0x0000000000011361                cfs_close
                0x000000000001136d                cfs_read
                0x000000000001140b                cfs_write
                0x00000000000114e8                cfs_seek
                0x0000000000011570                cfs_remove
                0x0000000000011599                cfs_opendir
                0x00000000000115a3                cfs_readdir
                0x00000000000115ad                cfs_closedir
 .text          0x00000000000115bc      0x3e8 obj_cooja/mtype41.a(cooja-radio.o)
                0x00000000000115e6                radio_set_channel
                0x00000000000115f3                radio_set_txpower
                0x000000000001160a                radio_signal_strength_last
                0x0000000000011614                radio_signal_strength_current
                0x000000000001161e                radio_LQI
 .text          0x00000000000119a4       0xef obj_cooja/mtype41.a(eeprom.o)
                0x00000000000119a4                eeprom_init
                0x00000000000119a9                eeprom_read
                0x0000000000011a19                eeprom_write
 .text          0x0000000000011a93       0x28 obj_cooja/mtype41.a(random.o)
                0x0000000000011a93                random_init
                0x0000000000011aae                random_rand
 .text          0x0000000000011abb      0x2a1 obj_cooja/mtype41.a(sensors.o)
                0x0000000000011af6                sensors_first
                0x0000000000011b00                sensors_next
                0x0000000000011b1d                sensors_changed
                0x0000000000011b4c                sensors_find
 .text          0x0000000000011d5c       0x8e obj_cooja/mtype41.a(autostart.o)
                0x0000000000011d5c                autostart_start
                0x0000000000011da7                autostart_exit
 .text          0x0000000000011dea      0x334 obj_cooja/mtype41.a(ctimer.o)
                0x0000000000011f01                ctimer_init
                0x0000000000011f31                ctimer_set
                0x0000000000011f62                ctimer_set_with_process
                0x0000000000011fde                ctimer_reset
                0x000000000001202d                ctimer_restart
                0x000000000001207c                ctimer_stop
                0x00000000000120c7                ctimer_expired
 .text          0x000000000001211e      0x40b obj_cooja/mtype41.a(etimer.o)
                0x0000000000012331                etimer_request_poll
                0x00000000000123b5                etimer_set
                0x00000000000123da                etimer_reset_with_new_interval
                0x0000000000012401                etimer_reset
                0x000000000001241f                etimer_restart
                0x000000000001243d                etimer_adjust
                0x0000000000012459                etimer_expired
                0x000000000001246c                etimer_expiration_time
                0x000000000001247e                etimer_start_time
                0x0000000000012488                etimer_pending
                0x000000000001249a                etimer_next_expiration_time
                0x00000000000124b4                etimer_stop
 .text          0x0000000000012529      0x220 obj_cooja/mtype41.a(log_message.o)
                0x0000000000012529                log_initialization
                0x0000000000012728                log_finisher
 .text          0x0000000000012749      0x560 obj_cooja/mtype41.a(process.o)
                0x0000000000012749                process_alloc_event
                0x000000000001275e                process_start
                0x0000000000012947                process_exit
                0x0000000000012963                process_init
                0x0000000000012b34                process_run
                0x0000000000012b67                process_nevents
                0x0000000000012b82                process_post
                0x0000000000012c2e                process_post_synch
                0x0000000000012c66                process_poll
                0x0000000000012c95                process_is_running
 .text          0x0000000000012ca9       0x8b obj_cooja/mtype41.a(residual.o)
                0x0000000000012ca9                get_residual_energy
 .text          0x0000000000012d34       0xba obj_cooja/mtype41.a(rtimer.o)
                0x0000000000012d34                rtimer_init
                0x0000000000012d41                rtimer_set
                0x0000000000012d98                rtimer_run_next
 .text          0x0000000000012dee       0xa3 obj_cooja/mtype41.a(stimer.o)
                0x0000000000012dee                stimer_set
                0x0000000000012e09                stimer_reset
                0x0000000000012e20                stimer_restart
                0x0000000000012e32                stimer_expired
                0x0000000000012e59                stimer_remaining
                0x0000000000012e7d                stimer_elapsed
 .text          0x0000000000012e91       0x91 obj_cooja/mtype41.a(timer.o)
                0x0000000000012e91                timer_set
                0x0000000000012eac                timer_reset
                0x0000000000012ec3                timer_restart
                0x0000000000012ed5                timer_expired
                0x0000000000012efe                timer_remaining
 .text          0x0000000000012f22      0x1fb obj_cooja/mtype41.a(serial-line.o)
                0x0000000000012f22                serial_line_input_byte
                0x00000000000130e5                serial_line_init
 .text          0x000000000001311d      0x244 obj_cooja/mtype41.a(list.o)
                0x000000000001311d                list_init
                0x000000000001312b                list_head
                0x0000000000013135                list_copy
                0x0000000000013144                list_tail
                0x000000000001317a                list_add
                0x00000000000131c3                list_push
                0x00000000000131ef                list_chop
                0x0000000000013259                list_pop
                0x0000000000013281                list_remove
                0x00000000000132e8                list_length
                0x0000000000013316                list_insert
                0x000000000001334a                list_item_next
 .text          0x0000000000013361      0x155 obj_cooja/mtype41.a(ringbuf.o)
                0x0000000000013361                ringbuf_init
                0x0000000000013392                ringbuf_put
                0x0000000000013410                ringbuf_get
                0x000000000001347d                ringbuf_size
                0x000000000001348f                ringbuf_elements
 .text          0x00000000000134b6     0x258b obj_cooja/mtype41.a(sicslowpan.o)
                0x0000000000013a40                rime_sniffer_add
                0x0000000000013a4d                rime_sniffer_remove
                0x00000000000159e0                sicslowpan_init
                0x0000000000015a37                sicslowpan_get_last_rssi
 .text          0x0000000000015a41      0x298 obj_cooja/mtype41.a(uip-ds6-nbr.o)
                0x0000000000015a5e                uip_ds6_neighbors_init
                0x0000000000015a7b                uip_ds6_nbr_add
                0x0000000000015b03                uip_ds6_nbr_rm
                0x0000000000015b45                uip_ds6_nbr_get_ipaddr
                0x0000000000015b5a                uip_ds6_nbr_get_ll
                0x0000000000015b76                uip_ds6_nbr_num
                0x0000000000015bbb                uip_ds6_nbr_lookup
                0x0000000000015c20                uip_ds6_nbr_ll_lookup
                0x0000000000015c3c                uip_ds6_nbr_ipaddr_from_lladdr
                0x0000000000015c62                uip_ds6_nbr_lladdr_from_ipaddr
                0x0000000000015c90                uip_ds6_link_neighbor_callback
 .text          0x0000000000015cd9      0x916 obj_cooja/mtype41.a(uip-ds6-route.o)
                0x0000000000015d50                uip_ds6_notification_add
                0x0000000000015d81                uip_ds6_notification_rm
                0x0000000000015d9d                uip_ds6_route_init
                0x0000000000015e25                uip_ds6_route_nexthop
                0x0000000000015e4d                uip_ds6_route_head
                0x0000000000015e62                uip_ds6_route_next
                0x0000000000015e88                uip_ds6_route_is_nexthop
                0x0000000000015ec7                uip_ds6_route_num_routes
                0x0000000000015ed1                uip_ds6_route_lookup
                0x0000000000015f93                uip_ds6_route_add
                0x00000000000161c7                uip_ds6_route_rm
                0x000000000001635b                uip_ds6_route_rm_by_nexthop
                0x0000000000016393                uip_ds6_defrt_add
                0x0000000000016444                uip_ds6_defrt_rm
                0x00000000000164c3                uip_ds6_defrt_lookup
                0x000000000001651c                uip_ds6_defrt_choose
                0x0000000000016587                uip_ds6_defrt_periodic
 .text          0x00000000000165ef      0xb97 obj_cooja/mtype41.a(uip-ds6.o)
                0x00000000000165ef                uip_ds6_init
                0x00000000000167c2                uip_ds6_periodic
                0x000000000001683b                uip_ds6_list_loop
                0x00000000000168e2                uip_ds6_prefix_add
                0x00000000000169a0                uip_ds6_prefix_rm
                0x00000000000169b2                uip_ds6_prefix_lookup
                0x0000000000016a03                uip_ds6_is_addr_onlink
                0x0000000000016a77                uip_ds6_addr_add
                0x0000000000016ba5                uip_ds6_addr_rm
                0x0000000000016c45                uip_ds6_addr_lookup
                0x0000000000016c90                uip_ds6_get_link_local
                0x0000000000016d0f                uip_ds6_get_global
                0x0000000000016d8e                uip_ds6_maddr_add
                0x0000000000016e00                uip_ds6_maddr_rm
                0x0000000000016e12                uip_ds6_maddr_lookup
                0x0000000000016e5d                uip_ds6_aaddr_add
                0x0000000000016ecf                uip_ds6_aaddr_rm
                0x0000000000016ee1                uip_ds6_aaddr_lookup
                0x0000000000016f2c                uip_ds6_select_src
                0x0000000000017071                uip_ds6_set_addr_iid
                0x00000000000170a8                get_match_length
                0x000000000001713a                uip_ds6_compute_reachable_time
 .text          0x0000000000017186     0x29d8 obj_cooja/mtype41.a(uip6.o)
                0x0000000000017186                uip_add32
                0x000000000001731f                uip_chksum
                0x000000000001740d                uip_icmp6chksum
                0x0000000000017421                uip_tcpchksum
                0x0000000000017435                uip_udpchksum
                0x0000000000017449                uip_init
                0x0000000000017519                uip_connect
                0x00000000000176c8                remove_ext_hdr
                0x000000000001779d                uip_udp_new
                0x00000000000178f9                uip_unlisten
                0x0000000000017959                uip_listen
                0x0000000000017c1b                uip_process
                0x0000000000019a52                uip_htons
                0x0000000000019a74                uip_htonl
                0x0000000000019ab4                uip_send
 .text          0x0000000000019b5e      0x98e obj_cooja/mtype41.a(tcpip.o)
                0x0000000000019b5e                tcpip_output
                0x0000000000019b99                tcpip_set_outputfunc
                0x0000000000019c2d                tcp_connect
                0x0000000000019c82                tcp_unlisten
                0x0000000000019cdd                tcp_listen
                0x0000000000019d36                tcp_attach
                0x0000000000019d5b                udp_attach
                0x0000000000019d80                udp_new
                0x0000000000019dd2                udp_broadcast_new
                0x000000000001a046                tcpip_input
                0x000000000001a07a                tcpip_ipv6_output
                0x000000000001a332                tcpip_poll_udp
                0x000000000001a355                tcpip_poll_tcp
                0x000000000001a378                tcpip_uipcall
 .text          0x000000000001a4ec      0x1c1 obj_cooja/mtype41.a(uip-debug.o)
                0x000000000001a4ec                uip_debug_ipaddr_print
                0x000000000001a64e                uip_debug_lladdr_print
 .text          0x000000000001a6ad      0x141 obj_cooja/mtype41.a(uip-packetqueue)
                0x000000000001a6d9                uip_packetqueue_new
                0x000000000001a6e7                uip_packetqueue_alloc
                0x000000000001a747                uip_packetqueue_free
                0x000000000001a788                uip_packetqueue_buf
                0x000000000001a7a5                uip_packetqueue_buflen
                0x000000000001a7c6                uip_packetqueue_set_buflen
 .text          0x000000000001a7ee      0x131 obj_cooja/mtype41.a(uip-udp-packet.)
                0x000000000001a7ee                uip_udp_packet_send
                0x000000000001a84e                uip_udp_packet_sendto
 .text          0x000000000001a91f     0x2558 obj_cooja/mtype41.a(rpl-dag.o)
                0x000000000001a91f                rpl_print_neighbor_list
                0x000000000001a986                rpl_print_child_neighbor_list
                0x000000000001a9ed                rpl_get_nbr
                0x000000000001aa47                rpl_get_nbr_child
                0x000000000001aaa1                rpl_dag_init
                0x000000000001aad3                rpl_get_parent
                0x000000000001aaf5                rpl_get_parent_rank
                0x000000000001ab28                rpl_get_parent_link_metric
                0x000000000001ab5b                rpl_get_parent_ipaddr
                0x000000000001ab85                rpl_get_child_ipaddr
                0x000000000001ae8f                rpl_set_root
                0x000000000001b0bd                rpl_repair_root
                0x000000000001b2f9                rpl_set_prefix
                0x000000000001b3f8                rpl_set_default_route
                0x000000000001b484                rpl_alloc_instance
                0x000000000001b50c                rpl_alloc_dag
                0x000000000001b5bf                rpl_set_default_instance
                0x000000000001b5cc                rpl_get_default_instance
                0x000000000001b5d6                rpl_free_instance
                0x000000000001b677                rpl_free_dag
                0x000000000001b6dd                rpl_add_parent
                0x000000000001b7c6                rpl_find_parent
                0x000000000001b7f6                rpl_add_child
                0x000000000001b89a                rpl_find_child
                0x000000000001b8e8                rpl_find_parent_any_dag
                0x000000000001b924                rpl_select_dag
                0x000000000001bd54                rpl_select_parent
                0x000000000001bdb6                rpl_remove_parent
                0x000000000001bdec                rpl_remove_child
                0x000000000001be08                rpl_nullify_parent
                0x000000000001bea6                rpl_move_parent
                0x000000000001bf43                rpl_has_downward_route
                0x000000000001bf96                rpl_get_any_dag
                0x000000000001bff8                rpl_get_instance
                0x000000000001c05b                rpl_find_of
                0x000000000001c098                rpl_join_instance
                0x000000000001c31a                rpl_add_dag
                0x000000000001c709                rpl_local_repair
                0x000000000001c7e2                rpl_recalculate_ranks
                0x000000000001c868                rpl_process_parent_event
                0x000000000001c91a                rpl_process_dio
 .text          0x000000000001ce77      0xbf3 obj_cooja/mtype41.a(rpl-ext-header.)
                0x000000000001ce94                rpl_verify_header
                0x000000000001d30e                rpl_update_header_empty
                0x000000000001d625                rpl_update_header_final
                0x000000000001d7b4                rpl_remove_header
                0x000000000001d8be                rpl_invert_header
                0x000000000001da48                rpl_insert_header
 .text          0x000000000001da6a     0x28fe obj_cooja/mtype41.a(rpl-icmp6.o)
                0x000000000001dd79                rpl_icmp6_update_nbr_table
                0x000000000001df46                dis_output
                0x000000000001ebc6                dio_output
                0x000000000001feb8                dao_output
                0x000000000001ff8c                dao_output_target
                0x000000000002031c                dao_ack_output
                0x0000000000020330                rpl_icmp6_register_handlers
 .text          0x0000000000020368      0x2f2 obj_cooja/mtype41.a(rpl-ltmax.o)
 .text          0x000000000002065a      0x5ac obj_cooja/mtype41.a(rpl-timers.o)
                0x00000000000208af                rpl_reset_periodic_timer
                0x0000000000020904                rpl_reset_dio_timer
                0x0000000000020b3e                rpl_schedule_dao
                0x0000000000020b59                rpl_schedule_dao_immediately
                0x0000000000020b74                rpl_cancel_dao
                0x0000000000020bd6                rpl_schedule_unicast_dio_immediately
 .text          0x0000000000020c06      0x5c5 obj_cooja/mtype41.a(rpl.o)
                0x0000000000020c06                rpl_get_mode
                0x0000000000020c10                rpl_set_mode
                0x0000000000020c9e                rpl_purge_routes
                0x0000000000020d98                rpl_remove_routes
                0x0000000000020dde                rpl_remove_routes_by_nexthop
                0x0000000000020e4a                rpl_add_route
                0x0000000000020ec5                rpl_link_neighbor_callback
                0x0000000000020fca                rpl_ipv6_neighbor_callback
                0x0000000000021039                rpl_purge_dags
                0x0000000000021145                rpl_init
 .text          0x00000000000211cb      0x886 obj_cooja/mtype41.a(csma.o)
 .text          0x0000000000021a51      0x3f5 obj_cooja/mtype41.a(framer-802154.o)
 .text          0x0000000000021e46       0x3c obj_cooja/mtype41.a(mac.o)
                0x0000000000021e46                mac_call_sent_callback
 .text          0x0000000000021e82      0xf93 obj_cooja/mtype41.a(cxmac.o)
                0x0000000000022d76                cxmac_set_announcement_radio_txpower
                0x0000000000022d7b                cxmac_init
 .text          0x0000000000022e15       0x67 obj_cooja/mtype41.a(linkaddr.o)
                0x0000000000022e15                linkaddr_copy
                0x0000000000022e37                linkaddr_cmp
                0x0000000000022e61                linkaddr_set_node_addr
 .text          0x0000000000022e7c      0x769 obj_cooja/mtype41.a(nbr-table.o)
                0x00000000000232db                nbr_table_register
                0x0000000000023323                nbr_table_head
                0x000000000002337f                nbr_table_next
                0x00000000000233e6                nbr_table_add_lladdr
                0x00000000000234c2                nbr_table_get_from_lladdr
                0x000000000002350f                nbr_table_remove
                0x0000000000023561                nbr_table_lock
                0x000000000002358b                nbr_table_unlock
                0x00000000000235b5                nbr_table_get_lladdr
 .text          0x00000000000235e5       0x2b obj_cooja/mtype41.a(netstack.o)
                0x00000000000235e5                netstack_init
 .text          0x0000000000023610      0x3cd obj_cooja/mtype41.a(packetbuf.o)
                0x0000000000023610                packetbuf_clear
                0x000000000002363a                packetbuf_copyfrom
                0x000000000002368c                packetbuf_compact
                0x0000000000023709                packetbuf_copyto
                0x00000000000237a0                packetbuf_hdralloc
                0x000000000002381d                packetbuf_hdrreduce
                0x0000000000023865                packetbuf_set_datalen
                0x000000000002387e                packetbuf_dataptr
                0x000000000002389b                packetbuf_hdrptr
                0x00000000000238a5                packetbuf_datalen
                0x00000000000238b1                packetbuf_hdrlen
                0x00000000000238c8                packetbuf_totlen
                0x00000000000238de                packetbuf_attr_clear
                0x0000000000023930                packetbuf_attr_copyto
                0x0000000000023979                packetbuf_attr_copyfrom
                0x00000000000239c1                packetbuf_holds_broadcast
 .text          0x00000000000239dd      0x2b4 obj_cooja/mtype41.a(queuebuf.o)
                0x00000000000239e7                queuebuf_init
                0x0000000000023a07                queuebuf_numfree
                0x0000000000023a1b                queuebuf_new_from_packetbuf
                0x0000000000023aab                queuebuf_update_attr_from_packetbuf
                0x0000000000023ade                queuebuf_update_from_packetbuf
                0x0000000000023b28                queuebuf_free
                0x0000000000023b6f                queuebuf_to_packetbuf
                0x0000000000023bd5                queuebuf_dataptr
                0x0000000000023c0c                queuebuf_datalen
                0x0000000000023c2f                queuebuf_addr
                0x0000000000023c61                queuebuf_attr
                0x0000000000023c8c                queuebuf_debug_print
 .text          0x0000000000023c91       0x6e obj_cooja/mtype41.a(nullsec.o)
 .text          0x0000000000023cff       0x19 obj_cooja/mtype41.a(watchdog.o)
                0x0000000000023cff                watchdog_init
                0x0000000000023d04                watchdog_start
                0x0000000000023d09                watchdog_periodic
                0x0000000000023d0e                watchdog_stop
                0x0000000000023d13                watchdog_reboot
 .text          0x0000000000023d18        0x0 obj_cooja/mtype41.a(rimestats.o)
 .text          0x0000000000023d18      0x134 obj_cooja/mtype41.a(leds.o)
                0x0000000000023d69                leds_init
                0x0000000000023d7d                leds_blink
                0x0000000000023db5                leds_get
                0x0000000000023dc2                leds_set
                0x0000000000023ddc                leds_on
                0x0000000000023dff                leds_off
                0x0000000000023e29                leds_toggle
 .text          0x0000000000023e4c      0x1c1 obj_cooja/mtype41.a(memb.o)
                0x0000000000023e4c                memb_init
                0x0000000000023eaa                memb_alloc
                0x0000000000023f0f                memb_free
                0x0000000000023f8a                memb_inmemb
                0x0000000000023fc9                memb_numfree
 .text          0x000000000002400d      0xabf obj_cooja/mtype41.a(uip-icmp6.o)
                0x000000000002407b                uip_icmp6_input
                0x00000000000240d1                uip_icmp6_register_input_handler
                0x0000000000024399                uip_icmp6_error_output
                0x00000000000246de                uip_icmp6_send
                0x0000000000024a5f                uip_icmp6_echo_reply_callback_add
                0x0000000000024a90                uip_icmp6_echo_reply_callback_rm
                0x0000000000024aac                uip_icmp6_init
 .text          0x0000000000024acc      0x358 obj_cooja/mtype41.a(uip-nd6.o)
                0x0000000000024b20                uip_nd6_ns_output
                0x0000000000024e1f                uip_nd6_init
 .text          0x0000000000024e24      0x331 obj_cooja/mtype41.a(rpl-nbr-policy.)
                0x0000000000024ffc                find_removable_dis
                0x000000000002501f                find_removable_dio
                0x00000000000250ae                find_removable_dao
                0x00000000000250fe                rpl_nbr_policy_find_removable
 .text          0x0000000000025155      0x97c obj_cooja/mtype41.a(frame802154.o)
                0x0000000000025186                frame802154_get_pan_id
                0x0000000000025192                frame802154_set_pan_id
                0x00000000000251ab                frame802154_has_panid
                0x0000000000025297                frame802154_check_dest_panid
                0x00000000000252ff                frame802154_is_broadcast_addr
                0x000000000002534c                frame802154_extract_linkaddr
                0x000000000002558c                frame802154_hdrlen
                0x00000000000255dd                frame802154_create
                0x00000000000257c8                frame802154_parse
 .text          0x0000000000025ad1        0x0 /usr/lib/gcc/i686-linux-gnu/4.8/crtendS.o
 .text          0x0000000000025ad1        0x0 /usr/lib/gcc/i686-linux-gnu/4.8/../../../i386-linux-gnu/crtn.o
 *(.gnu.warning)

.fini           0x0000000000025ad4       0x14
 *(SORT(.fini))
 .fini          0x0000000000025ad4        0xf /usr/lib/gcc/i686-linux-gnu/4.8/../../../i386-linux-gnu/crti.o
                0x0000000000025ad4                _fini
 .fini          0x0000000000025ae3        0x5 /usr/lib/gcc/i686-linux-gnu/4.8/../../../i386-linux-gnu/crtn.o
                0x0000000000025ae8                PROVIDE (__etext, .)
                0x0000000000025ae8                PROVIDE (_etext, .)
                0x0000000000025ae8                PROVIDE (etext, .)

.rodata         0x0000000000025b00     0x1940
 *(.rodata .rodata.* .gnu.linkonce.r.*)
 .rodata        0x0000000000025b00      0x456 udp-client.co
                0x0000000000025b14                autostart_processes
 *fill*         0x0000000000025f56        0x2 
 .rodata        0x0000000000025f58      0x157 obj_cooja/mtype41.o
 *fill*         0x00000000000260af        0x1 
 .rodata        0x00000000000260b0        0x8 obj_cooja/mtype41.a(beep.o)
                0x00000000000260b0                beep_interface
 .rodata        0x00000000000260b8       0x20 obj_cooja/mtype41.a(button-sensor.o)
                0x00000000000260b8                button_interface
                0x00000000000260c8                button_sensor
 .rodata        0x00000000000260d8        0x8 obj_cooja/mtype41.a(leds-arch.o)
                0x00000000000260d8                leds_interface
 .rodata        0x00000000000260e0        0x8 obj_cooja/mtype41.a(moteid.o)
                0x00000000000260e0                moteid_interface
 .rodata        0x00000000000260e8       0x1c obj_cooja/mtype41.a(pir-sensor.o)
                0x00000000000260e8                pir_interface
                0x00000000000260f4                pir_sensor
 .rodata        0x0000000000026104        0xe obj_cooja/mtype41.a(rs232.o)
                0x0000000000026104                rs232_interface
 *fill*         0x0000000000026112        0x2 
 .rodata        0x0000000000026114       0x24 obj_cooja/mtype41.a(vib-sensor.o)
                0x0000000000026114                vib_interface
                0x0000000000026128                vib_sensor
 .rodata        0x0000000000026138        0x8 obj_cooja/mtype41.a(clock.o)
                0x0000000000026138                clock_interface
 .rodata        0x0000000000026140        0x8 obj_cooja/mtype41.a(log.o)
                0x0000000000026140                simlog_interface
 .rodata        0x0000000000026148       0x2f obj_cooja/mtype41.a(cfs-cooja.o)
                0x0000000000026148                cfs_interface
 *fill*         0x0000000000026177        0x9 
 .rodata        0x0000000000026180       0x60 obj_cooja/mtype41.a(cooja-radio.o)
                0x00000000000261a0                cooja_radio_driver
                0x00000000000261d8                radio_interface
 .rodata        0x00000000000261e0        0x8 obj_cooja/mtype41.a(eeprom.o)
                0x00000000000261e0                eeprom_interface
 .rodata        0x00000000000261e8        0x8 obj_cooja/mtype41.a(sensors.o)
 .rodata        0x00000000000261f0        0xf obj_cooja/mtype41.a(ctimer.o)
 .rodata        0x00000000000261ff        0xc obj_cooja/mtype41.a(etimer.o)
 *fill*         0x000000000002620b        0x1 
 .rodata        0x000000000002620c      0x16d obj_cooja/mtype41.a(log_message.o)
 *fill*         0x0000000000026379        0x3 
 .rodata        0x000000000002637c       0x20 obj_cooja/mtype41.a(residual.o)
                0x000000000002637c                DISSIPATION_RATE
 .rodata        0x000000000002639c        0xe obj_cooja/mtype41.a(serial-line.o)
 *fill*         0x00000000000263aa        0x2 
 .rodata        0x00000000000263ac       0x2c obj_cooja/mtype41.a(sicslowpan.o)
                0x00000000000263ac                unc_llconf
                0x00000000000263b0                unc_ctxconf
                0x00000000000263b4                unc_mxconf
                0x00000000000263b8                llprefix
                0x00000000000263cc                sicslowpan_driver
 .rodata        0x00000000000263d8      0x13c obj_cooja/mtype41.a(uip6.o)
 .rodata        0x0000000000026514        0xd obj_cooja/mtype41.a(tcpip.o)
 .rodata        0x0000000000026521       0x3e obj_cooja/mtype41.a(uip-debug.o)
 *fill*         0x000000000002655f        0x1 
 .rodata        0x0000000000026560        0x4 obj_cooja/mtype41.a(rpl-dag.o)
 .rodata        0x0000000000026564      0xb5c obj_cooja/mtype41.a(rpl-icmp6.o)
 .rodata        0x00000000000270c0       0x24 obj_cooja/mtype41.a(csma.o)
                0x00000000000270c8                csma_driver
 .rodata        0x00000000000270e4        0xc obj_cooja/mtype41.a(framer-802154.o)
                0x00000000000270e4                framer_802154
 *fill*         0x00000000000270f0       0x10 
 .rodata        0x0000000000027100      0x320 obj_cooja/mtype41.a(cxmac.o)
                0x0000000000027400                cxmac_driver
 .rodata        0x0000000000027420        0x8 obj_cooja/mtype41.a(linkaddr.o)
                0x0000000000027420                linkaddr_null
 .rodata        0x0000000000027428       0x18 obj_cooja/mtype41.a(nullsec.o)
                0x0000000000027430                nullsec_driver

.rodata1
 *(.rodata1)

.eh_frame_hdr   0x0000000000027440     0x134c
 *(.eh_frame_hdr)
 .eh_frame_hdr  0x0000000000027440     0x134c udp-client.co

.eh_frame       0x000000000002878c     0x4eb0
 *(.eh_frame)
 .eh_frame      0x000000000002878c       0x3c /usr/lib/gcc/i686-linux-gnu/4.8/../../../i386-linux-gnu/crti.o
                                         0x40 (size before relaxing)
 .eh_frame      0x00000000000287c8       0xb4 udp-client.co
                                         0xcc (size before relaxing)
 .eh_frame      0x000000000002887c      0x148 obj_cooja/mtype41.o
                                        0x160 (size before relaxing)
 .eh_frame      0x00000000000289c4       0x40 obj_cooja/mtype41.a(simEnvChange.o)
                                         0x58 (size before relaxing)
 .eh_frame      0x0000000000028a04       0xc0 obj_cooja/mtype41.a(cooja_mt.o)
                                         0xd8 (size before relaxing)
 .eh_frame      0x0000000000028ac4      0x120 obj_cooja/mtype41.a(cooja_mtarch.o)
                                        0x138 (size before relaxing)
 .eh_frame      0x0000000000028be4       0xc0 obj_cooja/mtype41.a(rtimer-arch.o)
                                         0xd8 (size before relaxing)
 .eh_frame      0x0000000000028ca4      0x160 obj_cooja/mtype41.a(beep.o)
                                        0x178 (size before relaxing)
 .eh_frame      0x0000000000028e04       0xa0 obj_cooja/mtype41.a(button-sensor.o)
                                         0xb8 (size before relaxing)
 .eh_frame      0x0000000000028ea4       0xa0 obj_cooja/mtype41.a(leds-arch.o)
                                         0xb8 (size before relaxing)
 .eh_frame      0x0000000000028f44       0x40 obj_cooja/mtype41.a(moteid.o)
                                         0x58 (size before relaxing)
 .eh_frame      0x0000000000028f84       0xa0 obj_cooja/mtype41.a(pir-sensor.o)
                                         0xb8 (size before relaxing)
 .eh_frame      0x0000000000029024      0x100 obj_cooja/mtype41.a(rs232.o)
                                        0x118 (size before relaxing)
 .eh_frame      0x0000000000029124       0xa0 obj_cooja/mtype41.a(vib-sensor.o)
                                         0xb8 (size before relaxing)
 .eh_frame      0x00000000000291c4       0xc0 obj_cooja/mtype41.a(clock.o)
                                         0xd8 (size before relaxing)
 .eh_frame      0x0000000000029284      0x120 obj_cooja/mtype41.a(log.o)
                                        0x138 (size before relaxing)
 .eh_frame      0x00000000000293a4      0x160 obj_cooja/mtype41.a(cfs-cooja.o)
                                        0x178 (size before relaxing)
 .eh_frame      0x0000000000029504      0x2e0 obj_cooja/mtype41.a(cooja-radio.o)
                                        0x2f8 (size before relaxing)
 .eh_frame      0x00000000000297e4       0xa0 obj_cooja/mtype41.a(eeprom.o)
                                         0xb8 (size before relaxing)
 .eh_frame      0x0000000000029884       0x40 obj_cooja/mtype41.a(random.o)
                                         0x58 (size before relaxing)
 .eh_frame      0x00000000000298c4       0xc0 obj_cooja/mtype41.a(sensors.o)
                                         0xd8 (size before relaxing)
 .eh_frame      0x0000000000029984       0x40 obj_cooja/mtype41.a(autostart.o)
                                         0x58 (size before relaxing)
 .eh_frame      0x00000000000299c4      0x100 obj_cooja/mtype41.a(ctimer.o)
                                        0x118 (size before relaxing)
 .eh_frame      0x0000000000029ac4      0x1e0 obj_cooja/mtype41.a(etimer.o)
                                        0x1f8 (size before relaxing)
 .eh_frame      0x0000000000029ca4       0x50 obj_cooja/mtype41.a(log_message.o)
                                         0x68 (size before relaxing)
 .eh_frame      0x0000000000029cf4      0x1c8 obj_cooja/mtype41.a(process.o)
                                        0x1e0 (size before relaxing)
 .eh_frame      0x0000000000029ebc       0x2c obj_cooja/mtype41.a(residual.o)
                                         0x44 (size before relaxing)
 .eh_frame      0x0000000000029ee8       0x60 obj_cooja/mtype41.a(rtimer.o)
                                         0x78 (size before relaxing)
 .eh_frame      0x0000000000029f48       0xc4 obj_cooja/mtype41.a(stimer.o)
                                         0xdc (size before relaxing)
 .eh_frame      0x000000000002a00c       0xa4 obj_cooja/mtype41.a(timer.o)
                                         0xbc (size before relaxing)
 .eh_frame      0x000000000002a0b0       0x60 obj_cooja/mtype41.a(serial-line.o)
                                         0x78 (size before relaxing)
 .eh_frame      0x000000000002a110      0x180 obj_cooja/mtype41.a(list.o)
                                        0x198 (size before relaxing)
 .eh_frame      0x000000000002a290       0xa0 obj_cooja/mtype41.a(ringbuf.o)
                                         0xb8 (size before relaxing)
 .eh_frame      0x000000000002a330      0x350 obj_cooja/mtype41.a(sicslowpan.o)
                                        0x368 (size before relaxing)
 .eh_frame      0x000000000002a680      0x180 obj_cooja/mtype41.a(uip-ds6-nbr.o)
                                        0x198 (size before relaxing)
 .eh_frame      0x000000000002a800      0x2a0 obj_cooja/mtype41.a(uip-ds6-route.o)
                                        0x2b8 (size before relaxing)
 .eh_frame      0x000000000002aaa0      0x2c8 obj_cooja/mtype41.a(uip-ds6.o)
                                        0x2e0 (size before relaxing)
 .eh_frame      0x000000000002ad68      0x27c obj_cooja/mtype41.a(uip6.o)
                                        0x294 (size before relaxing)
 .eh_frame      0x000000000002afe4      0x270 obj_cooja/mtype41.a(tcpip.o)
                                        0x288 (size before relaxing)
 .eh_frame      0x000000000002b254       0x48 obj_cooja/mtype41.a(uip-debug.o)
                                         0x60 (size before relaxing)
 .eh_frame      0x000000000002b29c       0xe0 obj_cooja/mtype41.a(uip-packetqueue)
                                         0xf8 (size before relaxing)
 .eh_frame      0x000000000002b37c       0x40 obj_cooja/mtype41.a(uip-udp-packet.)
                                         0x58 (size before relaxing)
 .eh_frame      0x000000000002b3bc      0x74c obj_cooja/mtype41.a(rpl-dag.o)
                                        0x764 (size before relaxing)
 .eh_frame      0x000000000002bb08      0x10c obj_cooja/mtype41.a(rpl-ext-header.)
                                        0x124 (size before relaxing)
 .eh_frame      0x000000000002bc14      0x2c8 obj_cooja/mtype41.a(rpl-icmp6.o)
                                        0x2e0 (size before relaxing)
 .eh_frame      0x000000000002bedc       0xe0 obj_cooja/mtype41.a(rpl-ltmax.o)
                                         0xf8 (size before relaxing)
 .eh_frame      0x000000000002bfbc      0x1ac obj_cooja/mtype41.a(rpl-timers.o)
                                        0x1c4 (size before relaxing)
 .eh_frame      0x000000000002c168      0x148 obj_cooja/mtype41.a(rpl.o)
                                        0x160 (size before relaxing)
 .eh_frame      0x000000000002c2b0      0x28c obj_cooja/mtype41.a(csma.o)
                                        0x2a4 (size before relaxing)
 .eh_frame      0x000000000002c53c      0x108 obj_cooja/mtype41.a(framer-802154.o)
                                        0x120 (size before relaxing)
 .eh_frame      0x000000000002c644       0x20 obj_cooja/mtype41.a(mac.o)
                                         0x38 (size before relaxing)
 .eh_frame      0x000000000002c664      0x280 obj_cooja/mtype41.a(cxmac.o)
                                        0x298 (size before relaxing)
 .eh_frame      0x000000000002c8e4       0x60 obj_cooja/mtype41.a(linkaddr.o)
                                         0x78 (size before relaxing)
 .eh_frame      0x000000000002c944      0x26c obj_cooja/mtype41.a(nbr-table.o)
                                        0x284 (size before relaxing)
 .eh_frame      0x000000000002cbb0       0x20 obj_cooja/mtype41.a(netstack.o)
                                         0x38 (size before relaxing)
 .eh_frame      0x000000000002cbd0      0x214 obj_cooja/mtype41.a(packetbuf.o)
                                        0x22c (size before relaxing)
 .eh_frame      0x000000000002cde4      0x1a0 obj_cooja/mtype41.a(queuebuf.o)
                                        0x1b8 (size before relaxing)
 .eh_frame      0x000000000002cf84       0x80 obj_cooja/mtype41.a(nullsec.o)
                                         0x98 (size before relaxing)
 .eh_frame      0x000000000002d004       0xa0 obj_cooja/mtype41.a(watchdog.o)
                                         0xb8 (size before relaxing)
 .eh_frame      0x000000000002d0a4      0x100 obj_cooja/mtype41.a(leds.o)
                                        0x118 (size before relaxing)
 .eh_frame      0x000000000002d1a4       0xa0 obj_cooja/mtype41.a(memb.o)
                                         0xb8 (size before relaxing)
 .eh_frame      0x000000000002d244      0x168 obj_cooja/mtype41.a(uip-icmp6.o)
                                        0x180 (size before relaxing)
 .eh_frame      0x000000000002d3ac       0x68 obj_cooja/mtype41.a(uip-nd6.o)
                                         0x80 (size before relaxing)
 .eh_frame      0x000000000002d414       0xc0 obj_cooja/mtype41.a(rpl-nbr-policy.)
                                         0xd8 (size before relaxing)
 .eh_frame      0x000000000002d4d4      0x164 obj_cooja/mtype41.a(frame802154.o)
                                        0x17c (size before relaxing)
 .eh_frame      0x000000000002d638        0x4 /usr/lib/gcc/i686-linux-gnu/4.8/crtendS.o

.gcc_except_table
 *(.gcc_except_table .gcc_except_table.*)

.exception_ranges
 *(.exception_ranges .exception_ranges*)
                0x000000000002d63c                . = (ALIGN (0x1000) - ((0x1000 - .) & 0xfff))
                0x000000000002eef8                . = DATA_SEGMENT_ALIGN (0x1000, 0x1000)

.eh_frame
 *(.eh_frame)

.gcc_except_table
 *(.gcc_except_table .gcc_except_table.*)

.exception_ranges
 *(.exception_ranges .exception_ranges*)

.tdata
 *(.tdata .tdata.* .gnu.linkonce.td.*)

.tbss
 *(.tbss .tbss.* .gnu.linkonce.tb.*)
 *(.tcommon)

.preinit_array
 *(.preinit_array)

.init_array     0x000000000002eef8        0x4
 *(SORT(.init_array.*) SORT(.ctors.*))
 *(.init_array EXCLUDE_FILE(*crtend?.o *crtend.o *crtbegin?.o *crtbegin.o) .ctors)
 .init_array    0x000000000002eef8        0x4 /usr/lib/gcc/i686-linux-gnu/4.8/crtbeginS.o

.fini_array     0x000000000002eefc        0x4
 *(SORT(.fini_array.*) SORT(.dtors.*))
 *(.fini_array EXCLUDE_FILE(*crtend?.o *crtend.o *crtbegin?.o *crtbegin.o) .dtors)
 .fini_array    0x000000000002eefc        0x4 /usr/lib/gcc/i686-linux-gnu/4.8/crtbeginS.o

.ctors
 *crtbegin.o(.ctors)
 *crtbegin?.o(.ctors)
 *(EXCLUDE_FILE(*crtend?.o *crtend.o) .ctors)
 *(SORT(.ctors.*))
 *(.ctors)

.dtors
 *crtbegin.o(.dtors)
 *crtbegin?.o(.dtors)
 *(EXCLUDE_FILE(*crtend?.o *crtend.o) .dtors)
 *(SORT(.dtors.*))
 *(.dtors)

.jcr            0x000000000002ef00        0x4
 *(.jcr)
 .jcr           0x000000000002ef00        0x0 /usr/lib/gcc/i686-linux-gnu/4.8/crtbeginS.o
 .jcr           0x000000000002ef00        0x4 /usr/lib/gcc/i686-linux-gnu/4.8/crtendS.o

.data.rel.ro
 *(.data.rel.ro.local* .gnu.linkonce.d.rel.ro.local.*)
 *(.data.rel.ro .data.rel.ro.* .gnu.linkonce.d.rel.ro.*)

.dynamic        0x000000000002ef04       0xe8
 *(.dynamic)
 .dynamic       0x000000000002ef04       0xe8 /usr/lib/gcc/i686-linux-gnu/4.8/../../../i386-linux-gnu/crti.o
                0x000000000002ef04                _DYNAMIC

.got            0x000000000002efec       0x14
 *(.got)
 .got           0x000000000002efec       0x14 /usr/lib/gcc/i686-linux-gnu/4.8/../../../i386-linux-gnu/crti.o
 *(.igot)
                0x000000000002fff4                . = DATA_SEGMENT_RELRO_END (., (SIZEOF (.got.plt) >= 0xc)?0xc:0x0)

.got.plt        0x000000000002f000       0x14
 *(.got.plt)
 .got.plt       0x000000000002f000       0x14 /usr/lib/gcc/i686-linux-gnu/4.8/../../../i386-linux-gnu/crti.o
                0x000000000002f000                _GLOBAL_OFFSET_TABLE_
 *(.igot.plt)

.data           0x000000000002f020      0x27a
 *(.data .data.* .gnu.linkonce.d.*)
 .data          0x000000000002f020        0x0 /usr/lib/gcc/i686-linux-gnu/4.8/../../../i386-linux-gnu/crti.o
 .data          0x000000000002f020        0x0 /usr/lib/gcc/i686-linux-gnu/4.8/crtbeginS.o
 .data.rel      0x000000000002f020        0x4 /usr/lib/gcc/i686-linux-gnu/4.8/crtbeginS.o
                0x000000000002f020                __dso_handle
 .data          0x000000000002f024       0x14 udp-client.co
                0x000000000002f028                udp_client_process
 *fill*         0x000000000002f038        0x8 
 .data          0x000000000002f040       0x44 obj_cooja/mtype41.o
                0x000000000002f040                simInterfaces
                0x000000000002f074                sensors
 .data          0x000000000002f084        0x0 obj_cooja/mtype41.a(simEnvChange.o)
 .data          0x000000000002f084        0x0 obj_cooja/mtype41.a(cooja_mt.o)
 .data          0x000000000002f084        0x0 obj_cooja/mtype41.a(cooja_mtarch.o)
 .data          0x000000000002f084        0x0 obj_cooja/mtype41.a(rtimer-arch.o)
 .data          0x000000000002f084        0x0 obj_cooja/mtype41.a(beep.o)
 .data          0x000000000002f084        0x0 obj_cooja/mtype41.a(button-sensor.o)
 .data          0x000000000002f084        0x0 obj_cooja/mtype41.a(leds-arch.o)
 .data          0x000000000002f084        0x0 obj_cooja/mtype41.a(moteid.o)
 .data          0x000000000002f084        0x0 obj_cooja/mtype41.a(pir-sensor.o)
 .data          0x000000000002f084        0x0 obj_cooja/mtype41.a(rs232.o)
 .data          0x000000000002f084        0x0 obj_cooja/mtype41.a(vib-sensor.o)
 .data          0x000000000002f084        0x0 obj_cooja/mtype41.a(clock.o)
 .data          0x000000000002f084        0x0 obj_cooja/mtype41.a(log.o)
 .data          0x000000000002f084        0x0 obj_cooja/mtype41.a(cfs-cooja.o)
 .data          0x000000000002f084       0x40 obj_cooja/mtype41.a(cooja-radio.o)
                0x000000000002f084                simRadioChannelLR
                0x000000000002f088                simRadioHWOnLR
                0x000000000002f08c                simSignalStrengthLR
                0x000000000002f090                simLastSignalStrengthLR
                0x000000000002f094                simPowerLR
                0x000000000002f098                simLQILR
                0x000000000002f09c                simRadioChannel
                0x000000000002f0a0                simRadioHWOn
                0x000000000002f0a4                simSignalStrength
                0x000000000002f0a8                simLastSignalStrength
                0x000000000002f0ac                simPower
                0x000000000002f0b0                simLQI
                0x000000000002f0b4                cooja_radio_process
 .data          0x000000000002f0c4        0x0 obj_cooja/mtype41.a(eeprom.o)
 .data          0x000000000002f0c4        0x0 obj_cooja/mtype41.a(random.o)
 .data          0x000000000002f0c4       0x10 obj_cooja/mtype41.a(sensors.o)
                0x000000000002f0c4                sensors_process
 .data          0x000000000002f0d4        0x0 obj_cooja/mtype41.a(autostart.o)
 .data          0x000000000002f0d4       0x14 obj_cooja/mtype41.a(ctimer.o)
                0x000000000002f0d8                ctimer_process
 .data          0x000000000002f0e8       0x10 obj_cooja/mtype41.a(etimer.o)
                0x000000000002f0e8                etimer_process
 .data          0x000000000002f0f8        0x0 obj_cooja/mtype41.a(log_message.o)
 .data          0x000000000002f0f8        0x0 obj_cooja/mtype41.a(process.o)
 .data          0x000000000002f0f8        0x0 obj_cooja/mtype41.a(residual.o)
 .data          0x000000000002f0f8        0x0 obj_cooja/mtype41.a(rtimer.o)
 .data          0x000000000002f0f8        0x0 obj_cooja/mtype41.a(stimer.o)
 .data          0x000000000002f0f8        0x0 obj_cooja/mtype41.a(timer.o)
 .data          0x000000000002f0f8       0x10 obj_cooja/mtype41.a(serial-line.o)
                0x000000000002f0f8                serial_line_process
 .data          0x000000000002f108        0x0 obj_cooja/mtype41.a(list.o)
 .data          0x000000000002f108        0x0 obj_cooja/mtype41.a(ringbuf.o)
 .data          0x000000000002f108        0x0 obj_cooja/mtype41.a(sicslowpan.o)
 .data          0x000000000002f108       0x14 obj_cooja/mtype41.a(uip-ds6-nbr.o)
                0x000000000002f118                ds6_neighbors
 .data          0x000000000002f11c       0x44 obj_cooja/mtype41.a(uip-ds6-route.o)
                0x000000000002f12c                nbr_routes
 .data          0x000000000002f160        0x0 obj_cooja/mtype41.a(uip-ds6.o)
 .data          0x000000000002f160        0x0 obj_cooja/mtype41.a(uip6.o)
 .data          0x000000000002f160       0x10 obj_cooja/mtype41.a(tcpip.o)
                0x000000000002f160                tcpip_process
 .data          0x000000000002f170        0x0 obj_cooja/mtype41.a(uip-debug.o)
 .data          0x000000000002f170        0xc obj_cooja/mtype41.a(uip-packetqueue)
 .data          0x000000000002f17c        0x0 obj_cooja/mtype41.a(uip-udp-packet.)
 .data          0x000000000002f17c       0x28 obj_cooja/mtype41.a(rpl-dag.o)
                0x000000000002f18c                rpl_parents
                0x000000000002f1a0                rpl_children
 .data          0x000000000002f1a4        0x0 obj_cooja/mtype41.a(rpl-ext-header.)
 .data          0x000000000002f1a4       0x34 obj_cooja/mtype41.a(rpl-icmp6.o)
 .data          0x000000000002f1d8       0x1c obj_cooja/mtype41.a(rpl-ltmax.o)
                0x000000000002f1d8                rpl_ltmax_of
 .data          0x000000000002f1f4        0x0 obj_cooja/mtype41.a(rpl-timers.o)
 .data          0x000000000002f1f4        0x0 obj_cooja/mtype41.a(rpl.o)
 .data          0x000000000002f1f4       0x28 obj_cooja/mtype41.a(csma.o)
 .data          0x000000000002f21c        0x0 obj_cooja/mtype41.a(framer-802154.o)
 .data          0x000000000002f21c        0x0 obj_cooja/mtype41.a(mac.o)
 .data          0x000000000002f21c       0x30 obj_cooja/mtype41.a(cxmac.o)
                0x000000000002f21c                cxmac_config
                0x000000000002f22c                strobe_wait
 .data          0x000000000002f24c        0x0 obj_cooja/mtype41.a(linkaddr.o)
 .data          0x000000000002f24c       0x10 obj_cooja/mtype41.a(nbr-table.o)
 .data          0x000000000002f25c        0x0 obj_cooja/mtype41.a(netstack.o)
 .data          0x000000000002f25c        0x4 obj_cooja/mtype41.a(packetbuf.o)
 .data          0x000000000002f260       0x18 obj_cooja/mtype41.a(queuebuf.o)
 .data          0x000000000002f278        0x0 obj_cooja/mtype41.a(nullsec.o)
 .data          0x000000000002f278        0x0 obj_cooja/mtype41.a(watchdog.o)
 .data          0x000000000002f278        0x0 obj_cooja/mtype41.a(rimestats.o)
 .data          0x000000000002f278        0x0 obj_cooja/mtype41.a(leds.o)
 .data          0x000000000002f278        0x0 obj_cooja/mtype41.a(memb.o)
 .data          0x000000000002f278       0x20 obj_cooja/mtype41.a(uip-icmp6.o)
 .data          0x000000000002f298        0x0 obj_cooja/mtype41.a(uip-nd6.o)
 .data          0x000000000002f298        0x0 obj_cooja/mtype41.a(rpl-nbr-policy.)
 .data          0x000000000002f298        0x2 obj_cooja/mtype41.a(frame802154.o)
 .data          0x000000000002f29a        0x0 /usr/lib/gcc/i686-linux-gnu/4.8/crtendS.o
 .data          0x000000000002f29a        0x0 /usr/lib/gcc/i686-linux-gnu/4.8/../../../i386-linux-gnu/crtn.o

.tm_clone_table
                0x000000000002f29c        0x0
 .tm_clone_table
                0x000000000002f29c        0x0 /usr/lib/gcc/i686-linux-gnu/4.8/crtbeginS.o
 .tm_clone_table
                0x000000000002f29c        0x0 /usr/lib/gcc/i686-linux-gnu/4.8/crtendS.o

.data1
 *(.data1)
                0x000000000002f29c                _edata = .
                0x000000000002f29c                PROVIDE (edata, .)
                0x000000000002f29c                . = .
                0x000000000002f29c                __bss_start = .

.bss            0x000000000002f2a0     0x8908
 *(.dynbss)
 .dynbss        0x0000000000000000        0x0 /usr/lib/gcc/i686-linux-gnu/4.8/../../../i386-linux-gnu/crti.o
 *(.bss .bss.* .gnu.linkonce.b.*)
 .bss           0x000000000002f2a0        0x0 /usr/lib/gcc/i686-linux-gnu/4.8/../../../i386-linux-gnu/crti.o
 .bss           0x000000000002f2a0        0x1 /usr/lib/gcc/i686-linux-gnu/4.8/crtbeginS.o
 *fill*         0x000000000002f2a1       0x1f 
 .bss           0x000000000002f2c0       0x60 udp-client.co
                0x000000000002f2c0                my_weight
 .bss           0x000000000002f320     0x2030 obj_cooja/mtype41.o
 .bss           0x0000000000031350        0x1 obj_cooja/mtype41.a(simEnvChange.o)
                0x0000000000031350                simDontFallAsleep
 *fill*         0x0000000000031351        0x3 
 .bss           0x0000000000031354        0x4 obj_cooja/mtype41.a(cooja_mt.o)
 .bss           0x0000000000031358        0x4 obj_cooja/mtype41.a(cooja_mtarch.o)
 .bss           0x000000000003135c        0xc obj_cooja/mtype41.a(rtimer-arch.o)
 .bss           0x0000000000031368        0x0 obj_cooja/mtype41.a(beep.o)
 .bss           0x0000000000031368        0x8 obj_cooja/mtype41.a(button-sensor.o)
 .bss           0x0000000000031370        0x0 obj_cooja/mtype41.a(leds-arch.o)
 .bss           0x0000000000031370        0x0 obj_cooja/mtype41.a(moteid.o)
 .bss           0x0000000000031370        0x1 obj_cooja/mtype41.a(pir-sensor.o)
                0x0000000000031370                simPirValue
 *fill*         0x0000000000031371        0x3 
 .bss           0x0000000000031374        0x4 obj_cooja/mtype41.a(rs232.o)
 .bss           0x0000000000031378        0x1 obj_cooja/mtype41.a(vib-sensor.o)
                0x0000000000031378                simVibValue
 .bss           0x0000000000031379        0x0 obj_cooja/mtype41.a(clock.o)
 *fill*         0x0000000000031379        0x7 
 .bss           0x0000000000031380      0x420 obj_cooja/mtype41.a(log.o)
 .bss           0x00000000000317a0      0xfc0 obj_cooja/mtype41.a(cfs-cooja.o)
                0x00000000000317a0                simCFSData
                0x0000000000032740                simCFSSize
                0x0000000000032744                simCFSChanged
                0x0000000000032748                simCFSRead
                0x000000000003274c                simCFSWritten
 .bss           0x0000000000032760       0x24 obj_cooja/mtype41.a(cooja-radio.o)
                0x0000000000032760                simReceivingLR
                0x0000000000032764                simInSizeLR
                0x0000000000032768                simOutSizeLR
                0x000000000003276c                simReceiving
                0x0000000000032770                simInSize
                0x0000000000032774                simOutSize
                0x0000000000032778                LongRangeTransmit
                0x000000000003277c                LongRangeReceiving
 .bss           0x0000000000032784        0xc obj_cooja/mtype41.a(eeprom.o)
                0x0000000000032784                simEEPROMChanged
                0x0000000000032788                simEEPROMRead
                0x000000000003278c                simEEPROMWritten
 .bss           0x0000000000032790        0x0 obj_cooja/mtype41.a(random.o)
 .bss           0x0000000000032790        0xc obj_cooja/mtype41.a(sensors.o)
 .bss           0x000000000003279c        0x0 obj_cooja/mtype41.a(autostart.o)
 .bss           0x000000000003279c        0x5 obj_cooja/mtype41.a(ctimer.o)
 *fill*         0x00000000000327a1        0x3 
 .bss           0x00000000000327a4        0x8 obj_cooja/mtype41.a(etimer.o)
 .bss           0x00000000000327ac        0x0 obj_cooja/mtype41.a(log_message.o)
 *fill*         0x00000000000327ac       0x14 
 .bss           0x00000000000327c0      0x1b1 obj_cooja/mtype41.a(process.o)
                0x00000000000327c0                process_list
                0x00000000000327c4                process_current
 .bss           0x0000000000032971        0x0 obj_cooja/mtype41.a(residual.o)
 *fill*         0x0000000000032971        0x3 
 .bss           0x0000000000032974        0x4 obj_cooja/mtype41.a(rtimer.o)
 .bss           0x0000000000032978        0x0 obj_cooja/mtype41.a(stimer.o)
 .bss           0x0000000000032978        0x0 obj_cooja/mtype41.a(timer.o)
 *fill*         0x0000000000032978        0x8 
 .bss           0x0000000000032980      0x140 obj_cooja/mtype41.a(serial-line.o)
 .bss           0x0000000000032ac0        0x0 obj_cooja/mtype41.a(list.o)
 .bss           0x0000000000032ac0        0x0 obj_cooja/mtype41.a(ringbuf.o)
 .bss           0x0000000000032ac0      0x70c obj_cooja/mtype41.a(sicslowpan.o)
 *fill*         0x00000000000331cc       0x14 
 .bss           0x00000000000331e0      0x2d0 obj_cooja/mtype41.a(uip-ds6-nbr.o)
 *fill*         0x00000000000334b0       0x10 
 .bss           0x00000000000334c0      0x568 obj_cooja/mtype41.a(uip-ds6-route.o)
 .bss           0x0000000000033a28       0x20 obj_cooja/mtype41.a(uip-ds6.o)
 .bss           0x0000000000033a48        0xe obj_cooja/mtype41.a(uip6.o)
                0x0000000000033a48                uip_ext_bitmap
                0x0000000000033a49                uip_ext_len
                0x0000000000033a4a                uip_ext_opt_offset
 *fill*         0x0000000000033a56        0xa 
 .bss           0x0000000000033a60       0x68 obj_cooja/mtype41.a(tcpip.o)
 .bss           0x0000000000033ac8        0x0 obj_cooja/mtype41.a(uip-debug.o)
 *fill*         0x0000000000033ac8       0x18 
 .bss           0x0000000000033ae0      0xcf8 obj_cooja/mtype41.a(uip-packetqueue)
 .bss           0x00000000000347d8        0x0 obj_cooja/mtype41.a(uip-udp-packet.)
 *fill*         0x00000000000347d8        0x8 
 .bss           0x00000000000347e0      0x1fe obj_cooja/mtype41.a(rpl-dag.o)
 .bss           0x00000000000349de        0x0 obj_cooja/mtype41.a(rpl-ext-header.)
 .bss           0x00000000000349de        0x0 obj_cooja/mtype41.a(rpl-icmp6.o)
 .bss           0x00000000000349de        0x0 obj_cooja/mtype41.a(rpl-ltmax.o)
 *fill*         0x00000000000349de        0x2 
 .bss           0x00000000000349e0       0x23 obj_cooja/mtype41.a(rpl-timers.o)
 *fill*         0x0000000000034a03        0x1 
 .bss           0x0000000000034a04        0x4 obj_cooja/mtype41.a(rpl.o)
 *fill*         0x0000000000034a08       0x18 
 .bss           0x0000000000034a20      0x248 obj_cooja/mtype41.a(csma.o)
 .bss           0x0000000000034c68        0x2 obj_cooja/mtype41.a(framer-802154.o)
 .bss           0x0000000000034c6a        0x0 obj_cooja/mtype41.a(mac.o)
 *fill*         0x0000000000034c6a       0x16 
 .bss           0x0000000000034c80       0xb4 obj_cooja/mtype41.a(cxmac.o)
 .bss           0x0000000000034d34        0x0 obj_cooja/mtype41.a(linkaddr.o)
 *fill*         0x0000000000034d34        0xc 
 .bss           0x0000000000034d40      0x20c obj_cooja/mtype41.a(nbr-table.o)
 .bss           0x0000000000034f4c        0x0 obj_cooja/mtype41.a(netstack.o)
 *fill*         0x0000000000034f4c       0x14 
 .bss           0x0000000000034f60       0xa0 obj_cooja/mtype41.a(packetbuf.o)
 .bss           0x0000000000035000      0xb80 obj_cooja/mtype41.a(queuebuf.o)
 .bss           0x0000000000035b80        0x0 obj_cooja/mtype41.a(nullsec.o)
 .bss           0x0000000000035b80        0x0 obj_cooja/mtype41.a(watchdog.o)
 .bss           0x0000000000035b80        0x0 obj_cooja/mtype41.a(rimestats.o)
 .bss           0x0000000000035b80        0x1 obj_cooja/mtype41.a(leds.o)
 .bss           0x0000000000035b81        0x0 obj_cooja/mtype41.a(memb.o)
 *fill*         0x0000000000035b81        0x3 
 .bss           0x0000000000035b84       0x18 obj_cooja/mtype41.a(uip-icmp6.o)
 .bss           0x0000000000035b9c        0x0 obj_cooja/mtype41.a(uip-nd6.o)
 *fill*         0x0000000000035b9c        0x4 
 .bss           0x0000000000035ba0       0x44 obj_cooja/mtype41.a(rpl-nbr-policy.)
 .bss           0x0000000000035be4        0x0 obj_cooja/mtype41.a(frame802154.o)
 .bss           0x0000000000035be4        0x0 /usr/lib/gcc/i686-linux-gnu/4.8/crtendS.o
 .bss           0x0000000000035be4        0x0 /usr/lib/gcc/i686-linux-gnu/4.8/../../../i386-linux-gnu/crtn.o
 *(COMMON)
 COMMON         0x0000000000035be4       0x6c udp-client.co
                0x0000000000035be4                dio_count
                0x0000000000035be8                dis_count
                0x0000000000035bec                csma_drop_count
                0x0000000000035bf0                tcp_output_count
                0x0000000000035bf4                csma_transmission_count
                0x0000000000035bf8                dao_ack_fwd_count
                0x0000000000035bfc                COOJA_radioRxLong
                0x0000000000035c00                cxmac_collision_count
                0x0000000000035c04                cxmac_retransmission_count
                0x0000000000035c08                control_message_count
                0x0000000000035c0c                dao_count
                0x0000000000035c10                icmp_count
                0x0000000000035c14                COOJA_radioTx
                0x0000000000035c18                cxmac_transmission_count
                0x0000000000035c1c                dao_ack_count
                0x0000000000035c20                data_message_count
                0x0000000000035c24                my_sink_reachability
                0x0000000000035c28                COOJA_radioTxLong
                0x0000000000035c2c                COOJA_radioRx
                0x0000000000035c30                my_parent_number
                0x0000000000035c34                COOJA_radioOn
                0x0000000000035c38                LSA_count
                0x0000000000035c3c                dao_fwd_count
                0x0000000000035c40                COOJA_duration
                0x0000000000035c44                dio_ack_count
                0x0000000000035c48                COOJA_radioOnLong
                0x0000000000035c4c                data_fwd_count
 COMMON         0x0000000000035c50        0xc obj_cooja/mtype41.o
                0x0000000000035c50                referenceVar
                0x0000000000035c54                debugfp
                0x0000000000035c58                sensors_flags
 COMMON         0x0000000000035c5c        0xc obj_cooja/mtype41.a(simEnvChange.o)
                0x0000000000035c5c                simEtimerPending
                0x0000000000035c60                simProcessRunValue
                0x0000000000035c64                simNextExpirationTime
 COMMON         0x0000000000035c68        0x1 obj_cooja/mtype41.a(beep.o)
                0x0000000000035c68                simBeeped
 COMMON         0x0000000000035c69        0x3 obj_cooja/mtype41.a(button-sensor.o)
                0x0000000000035c69                simButtonIsActive
                0x0000000000035c6a                simButtonIsDown
                0x0000000000035c6b                simButtonChanged
 COMMON         0x0000000000035c6c        0x1 obj_cooja/mtype41.a(leds-arch.o)
                0x0000000000035c6c                simLedsValue
 *fill*         0x0000000000035c6d        0x3 
 COMMON         0x0000000000035c70        0xc obj_cooja/mtype41.a(moteid.o)
                0x0000000000035c70                simRandomSeed
                0x0000000000035c74                simMoteIDChanged
                0x0000000000035c78                simMoteID
 COMMON         0x0000000000035c7c        0x2 obj_cooja/mtype41.a(pir-sensor.o)
                0x0000000000035c7c                simPirIsActive
                0x0000000000035c7d                simPirChanged
 *fill*         0x0000000000035c7e        0x2 
 COMMON         0x0000000000035c80      0x820 obj_cooja/mtype41.a(rs232.o)
                0x0000000000035c80                simSerialReceivingFlag
                0x0000000000035c84                simSerialReceivingLength
                0x0000000000035ca0                simSerialReceivingData
 COMMON         0x00000000000364a0        0x2 obj_cooja/mtype41.a(vib-sensor.o)
                0x00000000000364a0                simVibChanged
                0x00000000000364a1                simVibIsActive
 *fill*         0x00000000000364a2        0x2 
 COMMON         0x00000000000364a4        0x4 obj_cooja/mtype41.a(clock.o)
                0x00000000000364a4                simCurrentTime
 *fill*         0x00000000000364a8       0x18 
 COMMON         0x00000000000364c0      0x420 obj_cooja/mtype41.a(log.o)
                0x00000000000364c0                simLoggedLength
                0x00000000000364c4                simLoggedFlag
                0x00000000000364e0                simLoggedData
 COMMON         0x00000000000368e0      0x200 obj_cooja/mtype41.a(cooja-radio.o)
                0x00000000000368e0                simOutDataBuffer
                0x0000000000036960                simInDataBufferLR
                0x00000000000369e0                simOutDataBufferLR
                0x0000000000036a60                simInDataBuffer
 COMMON         0x0000000000036ae0      0x400 obj_cooja/mtype41.a(eeprom.o)
                0x0000000000036ae0                simEEPROMData
 COMMON         0x0000000000036ee0        0x1 obj_cooja/mtype41.a(sensors.o)
                0x0000000000036ee0                sensors_event
 *fill*         0x0000000000036ee1        0x3 
 COMMON         0x0000000000036ee4        0x4 obj_cooja/mtype41.a(log_message.o)
                0x0000000000036ee4                log_fp
 COMMON         0x0000000000036ee8        0x1 obj_cooja/mtype41.a(serial-line.o)
                0x0000000000036ee8                serial_line_event_message
 *fill*         0x0000000000036ee9       0x17 
 COMMON         0x0000000000036f00      0x181 obj_cooja/mtype41.a(uip-ds6.o)
                0x0000000000036f00                uip_ds6_prefix_list
                0x0000000000036f60                uip_ds6_timer_periodic
                0x0000000000036f70                uip_ds6_netif_addr_list_offset
                0x0000000000036f80                uip_ds6_if
                0x0000000000037078                uip_ds6_timer_ra
                0x0000000000037080                uip_ds6_addr_size
 *fill*         0x0000000000037081       0x1f 
 COMMON         0x00000000000370a0      0x8ec obj_cooja/mtype41.a(uip6.o)
                0x00000000000370a0                uip_slen
                0x00000000000370a2                uip_acc32
                0x00000000000370c0                uip_conns
                0x0000000000037180                uip_lladdr
                0x0000000000037188                uip_appdata
                0x000000000003718c                uip_flags
                0x00000000000371a0                uip_aligned_buf
                0x00000000000377e0                uip_listenports
                0x00000000000377f0                uip_len
                0x00000000000377f4                uip_sappdata
                0x0000000000037800                uip_udp_conns
                0x0000000000037980                uip_udp_conn
                0x0000000000037984                uip_next_hdr
                0x0000000000037988                uip_conn
 COMMON         0x000000000003798c        0x1 obj_cooja/mtype41.a(tcpip.o)
                0x000000000003798c                tcpip_event
 *fill*         0x000000000003798d       0x13 
 COMMON         0x00000000000379a0      0x178 obj_cooja/mtype41.a(rpl-dag.o)
                0x00000000000379a0                default_instance
                0x00000000000379c0                instance_table
 COMMON         0x0000000000037b18        0x8 obj_cooja/mtype41.a(linkaddr.o)
                0x0000000000037b18                linkaddr_node_addr
 COMMON         0x0000000000037b20       0x2e obj_cooja/mtype41.a(packetbuf.o)
                0x0000000000037b20                packetbuf_attrs
                0x0000000000037b3e                packetbuf_addrs
 *fill*         0x0000000000037b4e       0x12 
 COMMON         0x0000000000037b60       0x48 obj_cooja/mtype41.a(rimestats.o)
                0x0000000000037b60                rimestats
                0x0000000000037ba8                . = ALIGN ((. != 0x0)?0x4:0x1)
                0x0000000000037ba8                . = ALIGN (0x4)
                0x0000000000037ba8                . = SEGMENT_START ("ldata-segment", .)
                0x0000000000037ba8                . = ALIGN (0x4)
                0x0000000000037ba8                _end = .
                0x0000000000037ba8                PROVIDE (end, .)
                0x0000000000037ba8                . = DATA_SEGMENT_END (.)

.stab
 *(.stab)

.stabstr
 *(.stabstr)

.stab.excl
 *(.stab.excl)

.stab.exclstr
 *(.stab.exclstr)

.stab.index
 *(.stab.index)

.stab.indexstr
 *(.stab.indexstr)

.comment        0x0000000000000000       0x29
 *(.comment)
 .comment       0x0000000000000000       0x29 /usr/lib/gcc/i686-linux-gnu/4.8/crtbeginS.o
                                         0x2a (size before relaxing)
 .comment       0x0000000000000000       0x2a udp-client.co
 .comment       0x0000000000000000       0x2a obj_cooja/mtype41.o
 .comment       0x0000000000000000       0x2a obj_cooja/mtype41.a(simEnvChange.o)
 .comment       0x0000000000000000       0x2a obj_cooja/mtype41.a(cooja_mt.o)
 .comment       0x0000000000000000       0x2a obj_cooja/mtype41.a(cooja_mtarch.o)
 .comment       0x0000000000000000       0x2a obj_cooja/mtype41.a(rtimer-arch.o)
 .comment       0x0000000000000000       0x2a obj_cooja/mtype41.a(beep.o)
 .comment       0x0000000000000000       0x2a obj_cooja/mtype41.a(button-sensor.o)
 .comment       0x0000000000000000       0x2a obj_cooja/mtype41.a(leds-arch.o)
 .comment       0x0000000000000000       0x2a obj_cooja/mtype41.a(moteid.o)
 .comment       0x0000000000000000       0x2a obj_cooja/mtype41.a(pir-sensor.o)
 .comment       0x0000000000000000       0x2a obj_cooja/mtype41.a(rs232.o)
 .comment       0x0000000000000000       0x2a obj_cooja/mtype41.a(vib-sensor.o)
 .comment       0x0000000000000000       0x2a obj_cooja/mtype41.a(clock.o)
 .comment       0x0000000000000000       0x2a obj_cooja/mtype41.a(log.o)
 .comment       0x0000000000000000       0x2a obj_cooja/mtype41.a(cfs-cooja.o)
 .comment       0x0000000000000000       0x2a obj_cooja/mtype41.a(cooja-radio.o)
 .comment       0x0000000000000000       0x2a obj_cooja/mtype41.a(eeprom.o)
 .comment       0x0000000000000000       0x2a obj_cooja/mtype41.a(random.o)
 .comment       0x0000000000000000       0x2a obj_cooja/mtype41.a(sensors.o)
 .comment       0x0000000000000000       0x2a obj_cooja/mtype41.a(autostart.o)
 .comment       0x0000000000000000       0x2a obj_cooja/mtype41.a(ctimer.o)
 .comment       0x0000000000000000       0x2a obj_cooja/mtype41.a(etimer.o)
 .comment       0x0000000000000000       0x2a obj_cooja/mtype41.a(log_message.o)
 .comment       0x0000000000000000       0x2a obj_cooja/mtype41.a(process.o)
 .comment       0x0000000000000000       0x2a obj_cooja/mtype41.a(residual.o)
 .comment       0x0000000000000000       0x2a obj_cooja/mtype41.a(rtimer.o)
 .comment       0x0000000000000000       0x2a obj_cooja/mtype41.a(stimer.o)
 .comment       0x0000000000000000       0x2a obj_cooja/mtype41.a(timer.o)
 .comment       0x0000000000000000       0x2a obj_cooja/mtype41.a(serial-line.o)
 .comment       0x0000000000000000       0x2a obj_cooja/mtype41.a(list.o)
 .comment       0x0000000000000000       0x2a obj_cooja/mtype41.a(ringbuf.o)
 .comment       0x0000000000000000       0x2a obj_cooja/mtype41.a(sicslowpan.o)
 .comment       0x0000000000000000       0x2a obj_cooja/mtype41.a(uip-ds6-nbr.o)
 .comment       0x0000000000000000       0x2a obj_cooja/mtype41.a(uip-ds6-route.o)
 .comment       0x0000000000000000       0x2a obj_cooja/mtype41.a(uip-ds6.o)
 .comment       0x0000000000000000       0x2a obj_cooja/mtype41.a(uip6.o)
 .comment       0x0000000000000000       0x2a obj_cooja/mtype41.a(tcpip.o)
 .comment       0x0000000000000000       0x2a obj_cooja/mtype41.a(uip-debug.o)
 .comment       0x0000000000000000       0x2a obj_cooja/mtype41.a(uip-packetqueue)
 .comment       0x0000000000000000       0x2a obj_cooja/mtype41.a(uip-udp-packet.)
 .comment       0x0000000000000000       0x2a obj_cooja/mtype41.a(rpl-dag.o)
 .comment       0x0000000000000000       0x2a obj_cooja/mtype41.a(rpl-ext-header.)
 .comment       0x0000000000000000       0x2a obj_cooja/mtype41.a(rpl-icmp6.o)
 .comment       0x0000000000000000       0x2a obj_cooja/mtype41.a(rpl-ltmax.o)
 .comment       0x0000000000000000       0x2a obj_cooja/mtype41.a(rpl-timers.o)
 .comment       0x0000000000000000       0x2a obj_cooja/mtype41.a(rpl.o)
 .comment       0x0000000000000000       0x2a obj_cooja/mtype41.a(csma.o)
 .comment       0x0000000000000000       0x2a obj_cooja/mtype41.a(framer-802154.o)
 .comment       0x0000000000000000       0x2a obj_cooja/mtype41.a(mac.o)
 .comment       0x0000000000000000       0x2a obj_cooja/mtype41.a(cxmac.o)
 .comment       0x0000000000000000       0x2a obj_cooja/mtype41.a(linkaddr.o)
 .comment       0x0000000000000000       0x2a obj_cooja/mtype41.a(nbr-table.o)
 .comment       0x0000000000000000       0x2a obj_cooja/mtype41.a(netstack.o)
 .comment       0x0000000000000000       0x2a obj_cooja/mtype41.a(packetbuf.o)
 .comment       0x0000000000000000       0x2a obj_cooja/mtype41.a(queuebuf.o)
 .comment       0x0000000000000000       0x2a obj_cooja/mtype41.a(nullsec.o)
 .comment       0x0000000000000000       0x2a obj_cooja/mtype41.a(watchdog.o)
 .comment       0x0000000000000000       0x2a obj_cooja/mtype41.a(rimestats.o)
 .comment       0x0000000000000000       0x2a obj_cooja/mtype41.a(leds.o)
 .comment       0x0000000000000000       0x2a obj_cooja/mtype41.a(memb.o)
 .comment       0x0000000000000000       0x2a obj_cooja/mtype41.a(uip-icmp6.o)
 .comment       0x0000000000000000       0x2a obj_cooja/mtype41.a(uip-nd6.o)
 .comment       0x0000000000000000       0x2a obj_cooja/mtype41.a(rpl-nbr-policy.)
 .comment       0x0000000000000000       0x2a obj_cooja/mtype41.a(frame802154.o)
 .comment       0x0000000000000000       0x2a /usr/lib/gcc/i686-linux-gnu/4.8/crtendS.o

.debug
 *(.debug)

.line
 *(.line)

.debug_srcinfo
 *(.debug_srcinfo)

.debug_sfnames
 *(.debug_sfnames)

.debug_aranges  0x0000000000000000      0x818
 *(.debug_aranges)
 .debug_aranges
                0x0000000000000000       0x20 udp-client.co
 .debug_aranges
                0x0000000000000020       0x20 obj_cooja/mtype41.o
 .debug_aranges
                0x0000000000000040       0x20 obj_cooja/mtype41.a(simEnvChange.o)
 .debug_aranges
                0x0000000000000060       0x20 obj_cooja/mtype41.a(cooja_mt.o)
 .debug_aranges
                0x0000000000000080       0x20 obj_cooja/mtype41.a(cooja_mtarch.o)
 .debug_aranges
                0x00000000000000a0       0x20 obj_cooja/mtype41.a(rtimer-arch.o)
 .debug_aranges
                0x00000000000000c0       0x20 obj_cooja/mtype41.a(beep.o)
 .debug_aranges
                0x00000000000000e0       0x20 obj_cooja/mtype41.a(button-sensor.o)
 .debug_aranges
                0x0000000000000100       0x20 obj_cooja/mtype41.a(leds-arch.o)
 .debug_aranges
                0x0000000000000120       0x20 obj_cooja/mtype41.a(moteid.o)
 .debug_aranges
                0x0000000000000140       0x20 obj_cooja/mtype41.a(pir-sensor.o)
 .debug_aranges
                0x0000000000000160       0x20 obj_cooja/mtype41.a(rs232.o)
 .debug_aranges
                0x0000000000000180       0x20 obj_cooja/mtype41.a(vib-sensor.o)
 .debug_aranges
                0x00000000000001a0       0x20 obj_cooja/mtype41.a(clock.o)
 .debug_aranges
                0x00000000000001c0       0x20 obj_cooja/mtype41.a(log.o)
 .debug_aranges
                0x00000000000001e0       0x20 obj_cooja/mtype41.a(cfs-cooja.o)
 .debug_aranges
                0x0000000000000200       0x20 obj_cooja/mtype41.a(cooja-radio.o)
 .debug_aranges
                0x0000000000000220       0x20 obj_cooja/mtype41.a(eeprom.o)
 .debug_aranges
                0x0000000000000240       0x20 obj_cooja/mtype41.a(random.o)
 .debug_aranges
                0x0000000000000260       0x20 obj_cooja/mtype41.a(sensors.o)
 .debug_aranges
                0x0000000000000280       0x20 obj_cooja/mtype41.a(autostart.o)
 .debug_aranges
                0x00000000000002a0       0x20 obj_cooja/mtype41.a(ctimer.o)
 .debug_aranges
                0x00000000000002c0       0x20 obj_cooja/mtype41.a(etimer.o)
 .debug_aranges
                0x00000000000002e0       0x20 obj_cooja/mtype41.a(log_message.o)
 .debug_aranges
                0x0000000000000300       0x20 obj_cooja/mtype41.a(process.o)
 .debug_aranges
                0x0000000000000320       0x20 obj_cooja/mtype41.a(residual.o)
 .debug_aranges
                0x0000000000000340       0x20 obj_cooja/mtype41.a(rtimer.o)
 .debug_aranges
                0x0000000000000360       0x20 obj_cooja/mtype41.a(stimer.o)
 .debug_aranges
                0x0000000000000380       0x20 obj_cooja/mtype41.a(timer.o)
 .debug_aranges
                0x00000000000003a0       0x20 obj_cooja/mtype41.a(serial-line.o)
 .debug_aranges
                0x00000000000003c0       0x20 obj_cooja/mtype41.a(list.o)
 .debug_aranges
                0x00000000000003e0       0x20 obj_cooja/mtype41.a(ringbuf.o)
 .debug_aranges
                0x0000000000000400       0x20 obj_cooja/mtype41.a(sicslowpan.o)
 .debug_aranges
                0x0000000000000420       0x20 obj_cooja/mtype41.a(uip-ds6-nbr.o)
 .debug_aranges
                0x0000000000000440       0x20 obj_cooja/mtype41.a(uip-ds6-route.o)
 .debug_aranges
                0x0000000000000460       0x20 obj_cooja/mtype41.a(uip-ds6.o)
 .debug_aranges
                0x0000000000000480       0x20 obj_cooja/mtype41.a(uip6.o)
 .debug_aranges
                0x00000000000004a0       0x20 obj_cooja/mtype41.a(tcpip.o)
 .debug_aranges
                0x00000000000004c0       0x20 obj_cooja/mtype41.a(uip-debug.o)
 .debug_aranges
                0x00000000000004e0       0x20 obj_cooja/mtype41.a(uip-packetqueue)
 .debug_aranges
                0x0000000000000500       0x20 obj_cooja/mtype41.a(uip-udp-packet.)
 .debug_aranges
                0x0000000000000520       0x20 obj_cooja/mtype41.a(rpl-dag.o)
 .debug_aranges
                0x0000000000000540       0x20 obj_cooja/mtype41.a(rpl-ext-header.)
 .debug_aranges
                0x0000000000000560       0x20 obj_cooja/mtype41.a(rpl-icmp6.o)
 .debug_aranges
                0x0000000000000580       0x20 obj_cooja/mtype41.a(rpl-ltmax.o)
 .debug_aranges
                0x00000000000005a0       0x20 obj_cooja/mtype41.a(rpl-timers.o)
 .debug_aranges
                0x00000000000005c0       0x20 obj_cooja/mtype41.a(rpl.o)
 .debug_aranges
                0x00000000000005e0       0x20 obj_cooja/mtype41.a(csma.o)
 .debug_aranges
                0x0000000000000600       0x20 obj_cooja/mtype41.a(framer-802154.o)
 .debug_aranges
                0x0000000000000620       0x20 obj_cooja/mtype41.a(mac.o)
 .debug_aranges
                0x0000000000000640       0x20 obj_cooja/mtype41.a(cxmac.o)
 .debug_aranges
                0x0000000000000660       0x20 obj_cooja/mtype41.a(linkaddr.o)
 .debug_aranges
                0x0000000000000680       0x20 obj_cooja/mtype41.a(nbr-table.o)
 .debug_aranges
                0x00000000000006a0       0x20 obj_cooja/mtype41.a(netstack.o)
 .debug_aranges
                0x00000000000006c0       0x20 obj_cooja/mtype41.a(packetbuf.o)
 .debug_aranges
                0x00000000000006e0       0x20 obj_cooja/mtype41.a(queuebuf.o)
 .debug_aranges
                0x0000000000000700       0x20 obj_cooja/mtype41.a(nullsec.o)
 .debug_aranges
                0x0000000000000720       0x20 obj_cooja/mtype41.a(watchdog.o)
 .debug_aranges
                0x0000000000000740       0x18 obj_cooja/mtype41.a(rimestats.o)
 .debug_aranges
                0x0000000000000758       0x20 obj_cooja/mtype41.a(leds.o)
 .debug_aranges
                0x0000000000000778       0x20 obj_cooja/mtype41.a(memb.o)
 .debug_aranges
                0x0000000000000798       0x20 obj_cooja/mtype41.a(uip-icmp6.o)
 .debug_aranges
                0x00000000000007b8       0x20 obj_cooja/mtype41.a(uip-nd6.o)
 .debug_aranges
                0x00000000000007d8       0x20 obj_cooja/mtype41.a(rpl-nbr-policy.)
 .debug_aranges
                0x00000000000007f8       0x20 obj_cooja/mtype41.a(frame802154.o)

.debug_pubnames
 *(.debug_pubnames)

.debug_info     0x0000000000000000    0x1cd81
 *(.debug_info .gnu.linkonce.wi.*)
 .debug_info    0x0000000000000000     0x1262 udp-client.co
 .debug_info    0x0000000000001262     0x3b1e obj_cooja/mtype41.o
 .debug_info    0x0000000000004d80      0x15a obj_cooja/mtype41.a(simEnvChange.o)
 .debug_info    0x0000000000004eda      0x1e2 obj_cooja/mtype41.a(cooja_mt.o)
 .debug_info    0x00000000000050bc      0x2e7 obj_cooja/mtype41.a(cooja_mtarch.o)
 .debug_info    0x00000000000053a3      0x16b obj_cooja/mtype41.a(rtimer-arch.o)
 .debug_info    0x000000000000550e      0x1f3 obj_cooja/mtype41.a(beep.o)
 .debug_info    0x0000000000005701      0x257 obj_cooja/mtype41.a(button-sensor.o)
 .debug_info    0x0000000000005958      0x132 obj_cooja/mtype41.a(leds-arch.o)
 .debug_info    0x0000000000005a8a      0x10a obj_cooja/mtype41.a(moteid.o)
 .debug_info    0x0000000000005b94      0x216 obj_cooja/mtype41.a(pir-sensor.o)
 .debug_info    0x0000000000005daa      0x21e obj_cooja/mtype41.a(rs232.o)
 .debug_info    0x0000000000005fc8      0x216 obj_cooja/mtype41.a(vib-sensor.o)
 .debug_info    0x00000000000061de      0x152 obj_cooja/mtype41.a(clock.o)
 .debug_info    0x0000000000006330      0x2bb obj_cooja/mtype41.a(log.o)
 .debug_info    0x00000000000065eb      0x3cf obj_cooja/mtype41.a(cfs-cooja.o)
 .debug_info    0x00000000000069ba      0xc9c obj_cooja/mtype41.a(cooja-radio.o)
 .debug_info    0x0000000000007656      0x1d5 obj_cooja/mtype41.a(eeprom.o)
 .debug_info    0x000000000000782b       0xb3 obj_cooja/mtype41.a(random.o)
 .debug_info    0x00000000000078de      0x36d obj_cooja/mtype41.a(sensors.o)
 .debug_info    0x0000000000007c4b      0x1a5 obj_cooja/mtype41.a(autostart.o)
 .debug_info    0x0000000000007df0      0x46c obj_cooja/mtype41.a(ctimer.o)
 .debug_info    0x000000000000825c      0x49c obj_cooja/mtype41.a(etimer.o)
 .debug_info    0x00000000000086f8      0x55c obj_cooja/mtype41.a(log_message.o)
 .debug_info    0x0000000000008c54      0x4ba obj_cooja/mtype41.a(process.o)
 .debug_info    0x000000000000910e      0x16b obj_cooja/mtype41.a(residual.o)
 .debug_info    0x0000000000009279      0x1ab obj_cooja/mtype41.a(rtimer.o)
 .debug_info    0x0000000000009424      0x179 obj_cooja/mtype41.a(stimer.o)
 .debug_info    0x000000000000959d      0x16c obj_cooja/mtype41.a(timer.o)
 .debug_info    0x0000000000009709      0x2de obj_cooja/mtype41.a(serial-line.o)
 .debug_info    0x00000000000099e7      0x2ed obj_cooja/mtype41.a(list.o)
 .debug_info    0x0000000000009cd4      0x1aa obj_cooja/mtype41.a(ringbuf.o)
 .debug_info    0x0000000000009e7e     0x105e obj_cooja/mtype41.a(sicslowpan.o)
 .debug_info    0x000000000000aedc      0x853 obj_cooja/mtype41.a(uip-ds6-nbr.o)
 .debug_info    0x000000000000b72f      0xd30 obj_cooja/mtype41.a(uip-ds6-route.o)
 .debug_info    0x000000000000c45f      0xa5b obj_cooja/mtype41.a(uip-ds6.o)
 .debug_info    0x000000000000ceba      0xfd2 obj_cooja/mtype41.a(uip6.o)
 .debug_info    0x000000000000de8c     0x157e obj_cooja/mtype41.a(tcpip.o)
 .debug_info    0x000000000000f40a      0x1b5 obj_cooja/mtype41.a(uip-debug.o)
 .debug_info    0x000000000000f5bf      0x470 obj_cooja/mtype41.a(uip-packetqueue)
 .debug_info    0x000000000000fa2f      0x37a obj_cooja/mtype41.a(uip-udp-packet.)
 .debug_info    0x000000000000fda9     0x1bbb obj_cooja/mtype41.a(rpl-dag.o)
 .debug_info    0x0000000000011964      0xe8f obj_cooja/mtype41.a(rpl-ext-header.)
 .debug_info    0x00000000000127f3     0x19bd obj_cooja/mtype41.a(rpl-icmp6.o)
 .debug_info    0x00000000000141b0      0xb40 obj_cooja/mtype41.a(rpl-ltmax.o)
 .debug_info    0x0000000000014cf0      0xabd obj_cooja/mtype41.a(rpl-timers.o)