Archive member included to satisfy reference by file (symbol)

obj_cooja/mtype840.a(simEnvChange.o)
                              obj_cooja/mtype840.o (simDontFallAsleep)
obj_cooja/mtype840.a(cooja_mt.o)
                              obj_cooja/mtype840.o (cooja_mt_start)
obj_cooja/mtype840.a(cooja_mtarch.o)
                              obj_cooja/mtype840.a(cooja_mt.o) (cooja_mtarch_init)
obj_cooja/mtype840.a(rtimer-arch.o)
                              obj_cooja/mtype840.o (rtimer_arch_next)
obj_cooja/mtype840.a(beep.o)  obj_cooja/mtype840.o (beep_interface)
obj_cooja/mtype840.a(button-sensor.o)
                              obj_cooja/mtype840.o (button_interface)
obj_cooja/mtype840.a(leds-arch.o)
                              obj_cooja/mtype840.o (leds_interface)
obj_cooja/mtype840.a(moteid.o)
                              obj_cooja/mtype840.o (moteid_interface)
obj_cooja/mtype840.a(pir-sensor.o)
                              obj_cooja/mtype840.o (pir_interface)
obj_cooja/mtype840.a(rs232.o)
                              obj_cooja/mtype840.o (rs232_interface)
obj_cooja/mtype840.a(vib-sensor.o)
                              obj_cooja/mtype840.o (vib_interface)
obj_cooja/mtype840.a(clock.o)
                              obj_cooja/mtype840.o (clock_interface)
obj_cooja/mtype840.a(log.o)   obj_cooja/mtype840.o (simlog_interface)
obj_cooja/mtype840.a(cfs-cooja.o)
                              obj_cooja/mtype840.o (cfs_interface)
obj_cooja/mtype840.a(cooja-radio.o)
                              obj_cooja/mtype840.o (radio_interface)
obj_cooja/mtype840.a(eeprom.o)
                              obj_cooja/mtype840.o (eeprom_interface)
obj_cooja/mtype840.a(random.o)
                              obj_cooja/mtype840.a(moteid.o) (random_init)
obj_cooja/mtype840.a(sensors.o)
                              udp-server.co (sensors_event)
obj_cooja/mtype840.a(leds.o)  obj_cooja/mtype840.a(cooja-radio.o) (leds_on)
obj_cooja/mtype840.a(dual_conf.o)
                              obj_cooja/mtype840.a(cooja-radio.o) (long_range_radio)
obj_cooja/mtype840.a(autostart.o)
                              obj_cooja/mtype840.o (autostart_start)
obj_cooja/mtype840.a(ctimer.o)
                              obj_cooja/mtype840.o (ctimer_init)
obj_cooja/mtype840.a(etimer.o)
                              obj_cooja/mtype840.o (etimer_process)
obj_cooja/mtype840.a(log_message.o)
                              obj_cooja/mtype840.o (log_initialization)
obj_cooja/mtype840.a(process.o)
                              udp-server.co (process_current)
obj_cooja/mtype840.a(residual.o)
                              obj_cooja/mtype840.o (DISSIPATION_RATE)
obj_cooja/mtype840.a(rtimer.o)
                              obj_cooja/mtype840.a(rtimer-arch.o) (rtimer_run_next)
obj_cooja/mtype840.a(timer.o)
                              obj_cooja/mtype840.a(button-sensor.o) (timer_set)
obj_cooja/mtype840.a(serial-line.o)
                              obj_cooja/mtype840.a(rs232.o) (serial_line_input_byte)
obj_cooja/mtype840.a(list.o)  obj_cooja/mtype840.a(ctimer.o) (list_init)
obj_cooja/mtype840.a(ringbuf.o)
                              obj_cooja/mtype840.a(serial-line.o) (ringbuf_init)
obj_cooja/mtype840.a(sicslowpan.o)
                              obj_cooja/mtype840.o (sicslowpan_driver)
obj_cooja/mtype840.a(uip-ds6-nbr.o)
                              obj_cooja/mtype840.a(sicslowpan.o) (uip_ds6_link_neighbor_callback)
obj_cooja/mtype840.a(uip-ds6.o)
                              udp-server.co (uip_ds6_if)
obj_cooja/mtype840.a(uip6.o)  obj_cooja/mtype840.o (uip_lladdr)
obj_cooja/mtype840.a(tcpip.o)
                              udp-server.co (tcpip_event)
obj_cooja/mtype840.a(uip-debug.o)
                              udp-server.co (uip_debug_ipaddr_print)
obj_cooja/mtype840.a(uip-packetqueue)
                              obj_cooja/mtype840.a(uip-ds6-nbr.o) (uip_packetqueue_new)
obj_cooja/mtype840.a(rpl-dag.o)
                              udp-server.co (rpl_set_root)
obj_cooja/mtype840.a(rpl-ext-header.)
                              obj_cooja/mtype840.a(uip6.o) (rpl_verify_header)
obj_cooja/mtype840.a(rpl-icmp6.o)
                              obj_cooja/mtype840.a(rpl-dag.o) (rpl_icmp6_update_nbr_table)
obj_cooja/mtype840.a(rpl-ltmax.o)
                              obj_cooja/mtype840.a(rpl-dag.o) (rpl_ltmax_of)
obj_cooja/mtype840.a(rpl-timers.o)
                              obj_cooja/mtype840.a(rpl-dag.o) (rpl_reset_dio_timer)
obj_cooja/mtype840.a(rpl.o)   obj_cooja/mtype840.a(rpl-icmp6.o) (rpl_get_mode)
obj_cooja/mtype840.a(csma.o)  udp-server.co (csma_driver)
obj_cooja/mtype840.a(framer-802154.o)
                              obj_cooja/mtype840.a(sicslowpan.o) (framer_802154)
obj_cooja/mtype840.a(mac.o)   obj_cooja/mtype840.a(csma.o) (mac_call_sent_callback)
obj_cooja/mtype840.a(cxmac.o)
                              obj_cooja/mtype840.o (cxmac_driver)
obj_cooja/mtype840.a(linkaddr.o)
                              obj_cooja/mtype840.o (linkaddr_node_addr)
[...]
Memory Configuration

Name             Origin             Length             Attributes
*default*        0x0000000000000000 0xffffffffffffffff

Linker script and memory map

LOAD /usr/lib/gcc/i686-linux-gnu/4.8/../../../i386-linux-gnu/crti.o
LOAD /usr/lib/gcc/i686-linux-gnu/4.8/crtbeginS.o
LOAD udp-server.co
LOAD obj_cooja/mtype840.o
LOAD obj_cooja/mtype840.a
LOAD /usr/lib/gcc/i686-linux-gnu/4.8/libgcc.a
LOAD /usr/lib/gcc/i686-linux-gnu/4.8/libgcc_s.so
LOAD /usr/lib/gcc/i686-linux-gnu/4.8/../../../i386-linux-gnu/libc.so
START GROUP
LOAD /lib/i386-linux-gnu/libc.so.6
LOAD /usr/lib/i386-linux-gnu/libc_nonshared.a
LOAD /lib/i386-linux-gnu/ld-linux.so.2
END GROUP
LOAD /usr/lib/gcc/i686-linux-gnu/4.8/libgcc.a
LOAD /usr/lib/gcc/i686-linux-gnu/4.8/libgcc_s.so
LOAD /usr/lib/gcc/i686-linux-gnu/4.8/crtendS.o
LOAD /usr/lib/gcc/i686-linux-gnu/4.8/../../../i386-linux-gnu/crtn.o
                0x0000000000000114                . = (0x0 + SIZEOF_HEADERS)

.note.gnu.build-id
                0x0000000000000114       0x24
 *(.note.gnu.build-id)
 .note.gnu.build-id
                0x0000000000000114       0x24 /usr/lib/gcc/i686-linux-gnu/4.8/../../../i386-linux-gnu/crti.o

.hash
 *(.hash)

.gnu.hash       0x0000000000000138     0x138c
 *(.gnu.hash)
 .gnu.hash      0x0000000000000138     0x138c /usr/lib/gcc/i686-linux-gnu/4.8/../../../i386-linux-gnu/crti.o

.dynsym         0x00000000000014c4     0x2690
 *(.dynsym)
 .dynsym        0x00000000000014c4     0x2690 /usr/lib/gcc/i686-linux-gnu/4.8/../../../i386-linux-gnu/crti.o

.dynstr         0x0000000000003b54     0x2791
 *(.dynstr)
 .dynstr        0x0000000000003b54     0x2791 /usr/lib/gcc/i686-linux-gnu/4.8/../../../i386-linux-gnu/crti.o

.gnu.version    0x00000000000062e6      0x4d2
 *(.gnu.version)
 .gnu.version   0x00000000000062e6      0x4d2 /usr/lib/gcc/i686-linux-gnu/4.8/../../../i386-linux-gnu/crti.o

.gnu.version_d  0x00000000000067b8        0x0
 *(.gnu.version_d)
 .gnu.version_d
                0x0000000000000000        0x0 /usr/lib/gcc/i686-linux-gnu/4.8/../../../i386-linux-gnu/crti.o

.gnu.version_r  0x00000000000067b8       0x50
 *(.gnu.version_r)
 .gnu.version_r
                0x00000000000067b8       0x50 /usr/lib/gcc/i686-linux-gnu/4.8/../../../i386-linux-gnu/crti.o

.rel.dyn        0x0000000000006808     0x9688
 *(.rel.init)
 .rel.init      0x0000000000000000        0x0 /usr/lib/gcc/i686-linux-gnu/4.8/../../../i386-linux-gnu/crti.o
 *(.rel.text .rel.text.* .rel.gnu.linkonce.t.*)
 .rel.text      0x0000000000006808     0x8eb0 /usr/lib/gcc/i686-linux-gnu/4.8/../../../i386-linux-gnu/crti.o
 *(.rel.fini)
 .rel.fini      0x0000000000000000        0x0 /usr/lib/gcc/i686-linux-gnu/4.8/../../../i386-linux-gnu/crti.o
 *(.rel.rodata .rel.rodata.* .rel.gnu.linkonce.r.*)
 .rel.rodata    0x000000000000f6b8      0x4e0 /usr/lib/gcc/i686-linux-gnu/4.8/../../../i386-linux-gnu/crti.o
 *(.rel.data.rel.ro .rel.data.rel.ro.* .rel.gnu.linkonce.d.rel.ro.*)
 *(.rel.data .rel.data.* .rel.gnu.linkonce.d.*)
 .rel.data.rel  0x000000000000fb98        0x8 /usr/lib/gcc/i686-linux-gnu/4.8/../../../i386-linux-gnu/crti.o
 .rel.data      0x000000000000fba0      0x2b8 /usr/lib/gcc/i686-linux-gnu/4.8/../../../i386-linux-gnu/crti.o
 *(.rel.tdata .rel.tdata.* .rel.gnu.linkonce.td.*)
 *(.rel.tbss .rel.tbss.* .rel.gnu.linkonce.tb.*)
 *(.rel.ctors)
 *(.rel.dtors)
 *(.rel.got)
 .rel.got       0x000000000000fe58       0x28 /usr/lib/gcc/i686-linux-gnu/4.8/../../../i386-linux-gnu/crti.o
 *(.rel.bss .rel.bss.* .rel.gnu.linkonce.b.*)
 *(.rel.ifunc)
 .rel.ifunc     0x0000000000000000        0x0 /usr/lib/gcc/i686-linux-gnu/4.8/../../../i386-linux-gnu/crti.o
 .rel.fini_array
                0x000000000000fe80        0x8 /usr/lib/gcc/i686-linux-gnu/4.8/../../../i386-linux-gnu/crti.o
 .rel.init_array
                0x000000000000fe88        0x8 /usr/lib/gcc/i686-linux-gnu/4.8/../../../i386-linux-gnu/crti.o

.rel.plt        0x000000000000fe90       0x10
 *(.rel.plt)
 .rel.plt       0x000000000000fe90       0x10 /usr/lib/gcc/i686-linux-gnu/4.8/../../../i386-linux-gnu/crti.o
 *(.rel.iplt)

.init           0x000000000000fea0       0x23
 *(SORT(.init))
 .init          0x000000000000fea0       0x1e /usr/lib/gcc/i686-linux-gnu/4.8/../../../i386-linux-gnu/crti.o
                0x000000000000fea0                _init
 .init          0x000000000000febe        0x5 /usr/lib/gcc/i686-linux-gnu/4.8/../../../i386-linux-gnu/crtn.o

.plt            0x000000000000fed0       0x30
 *(.plt)
 .plt           0x000000000000fed0       0x30 /usr/lib/gcc/i686-linux-gnu/4.8/../../../i386-linux-gnu/crti.o
 *(.iplt)

.text           0x000000000000ff00    0x17140
 *(.text.unlikely .text.*_unlikely .text.unlikely.*)
 *(.text.exit .text.exit.*)
 *(.text.startup .text.startup.*)
 *(.text.hot .text.hot.*)
 *(.text .stub .text.* .gnu.linkonce.t.*)
 .text          0x000000000000ff00        0x0 /usr/lib/gcc/i686-linux-gnu/4.8/../../../i386-linux-gnu/crti.o
 .gnu.linkonce.t.__x86.get_pc_thunk.bx
                0x000000000000ff00        0x4 /usr/lib/gcc/i686-linux-gnu/4.8/../../../i386-linux-gnu/crti.o
                0x000000000000ff00                __x86.get_pc_thunk.bx
 *fill*         0x000000000000ff04        0xc 
 .text          0x000000000000ff10      0x11b /usr/lib/gcc/i686-linux-gnu/4.8/crtbeginS.o
 .text          0x000000000001002b      0x4a1 udp-server.co
 .text          0x00000000000104cc      0x96a obj_cooja/mtype840.o
                0x000000000001067a                contiki_init
                0x0000000000010c4d                Java_org_contikios_cooja_corecomm_Lib1_init
                0x0000000000010c8d                Java_org_contikios_cooja_corecomm_Lib1_getMemory
                0x0000000000010ccd                Java_org_contikios_cooja_corecomm_Lib1_setMemory
                0x0000000000010d44                Java_org_contikios_cooja_corecomm_Lib1_tick
                0x0000000000010e24                Java_org_contikios_cooja_corecomm_Lib1_setReferenceAddress
 .text          0x0000000000010e36       0x63 obj_cooja/mtype840.a(simEnvChange.o)
                0x0000000000010e36                doActionsBeforeTick
                0x0000000000010e67                doActionsAfterTick
 .text          0x0000000000010e99       0xbc obj_cooja/mtype840.a(cooja_mt.o)
                0x0000000000010e99                cooja_mt_init
                0x0000000000010ea6                cooja_mt_remove
                0x0000000000010eb3                cooja_mt_start
                0x0000000000010ee0                cooja_mt_exec
                0x0000000000010f11                cooja_mt_exit
                0x0000000000010f33                cooja_mt_yield
 .text          0x0000000000010f55      0x115 obj_cooja/mtype840.a(cooja_mtarch.o)
                0x0000000000010f55                cooja_mtarch_init
                0x0000000000010f5a                cooja_mtarch_start
                0x0000000000010fd5                cooja_sw
                0x0000000000010ff7                cooja_mtarch_exec
                0x0000000000011013                cooja_mtarch_remove
                0x0000000000011018                cooja_mtarch_yield
                0x0000000000011022                cooja_mtarch_pstop
                0x0000000000011027                cooja_mtarch_pstart
                0x000000000001102c                cooja_mtarch_stack_usage
 .text          0x000000000001106a       0xc2 obj_cooja/mtype840.a(rtimer-arch.o)
                0x000000000001106a                rtimer_arch_init
                0x000000000001108d                rtimer_arch_schedule
                0x00000000000110a4                rtimer_arch_next
                0x00000000000110ae                rtimer_arch_pending
                0x00000000000110b8                rtimer_arch_check
                0x00000000000110ea                rtimer_arch_now
 .text          0x000000000001112c       0x76 obj_cooja/mtype840.a(beep.o)
                0x000000000001112c                beep_alarm
                0x0000000000011138                beep_beep
                0x0000000000011144                beep
                0x0000000000011150                beep_down
                0x000000000001115c                beep_on
                0x0000000000011168                beep_off
                0x0000000000011174                beep_spinup
                0x0000000000011180                beep_quick
                0x000000000001118c                beep_long
 .text          0x00000000000111a2      0x103 obj_cooja/mtype840.a(button-sensor.o)
 .text          0x00000000000112a5       0x45 obj_cooja/mtype840.a(leds-arch.o)
                0x00000000000112a5                leds_arch_init
                0x00000000000112b1                leds_arch_get
                0x00000000000112bd                leds_arch_set
 .text          0x00000000000112ea       0x2f obj_cooja/mtype840.a(moteid.o)
 .text          0x0000000000011319       0xb1 obj_cooja/mtype840.a(pir-sensor.o)
 .text          0x00000000000113ca      0x131 obj_cooja/mtype840.a(rs232.o)
                0x00000000000113ca                rs232_init
                0x00000000000113cf                rs232_set_speed
                0x00000000000113dd                rs232_set_input
                0x00000000000113ea                rs232_send
                0x000000000001140c                rs232_print
                0x0000000000011427                slip_arch_writeb
 .text          0x00000000000114fb       0xb1 obj_cooja/mtype840.a(vib-sensor.o)
 .text          0x00000000000115ac       0x34 obj_cooja/mtype840.a(clock.o)
                0x00000000000115ac                clock_init
                0x00000000000115b1                clock_time
                0x00000000000115bb                clock_seconds
                0x00000000000115d1                clock_delay
 .text          0x00000000000115e0      0x1ed obj_cooja/mtype840.a(log.o)
                0x00000000000115e0                simlog_char
                0x0000000000011622                simlog
                0x000000000001168f                log_message
                0x00000000000116b7                log_set_putchar_with_slip
                0x00000000000116c4                log_putchar
                0x0000000000011748                log_puts
                0x000000000001176c                log_printf
 .text          0x00000000000117cd      0x2c4 obj_cooja/mtype840.a(cfs-cooja.o)
                0x00000000000117cd                cfs_open
                0x0000000000011836                cfs_close
                0x0000000000011842                cfs_read
                0x00000000000118e0                cfs_write
                0x00000000000119bd                cfs_seek
                0x0000000000011a45                cfs_remove
                0x0000000000011a6e                cfs_opendir
                0x0000000000011a78                cfs_readdir
                0x0000000000011a82                cfs_closedir
 .text          0x0000000000011a91      0x69f obj_cooja/mtype840.a(cooja-radio.o)
                0x0000000000011abb                radio_set_channel
                0x0000000000011ad0                radio_set_txpower
                0x0000000000011af0                radio_signal_strength_last
                0x0000000000011afa                radio_signal_strength_current
                0x0000000000011b04                radio_LQI
 .text          0x0000000000012130       0xef obj_cooja/mtype840.a(eeprom.o)
                0x0000000000012130                eeprom_init
                0x0000000000012135                eeprom_read
                0x00000000000121a5                eeprom_write
 .text          0x000000000001221f       0x28 obj_cooja/mtype840.a(random.o)
                0x000000000001221f                random_init
                0x000000000001223a                random_rand
 .text          0x0000000000012247      0x2a1 obj_cooja/mtype840.a(sensors.o)
                0x0000000000012282                sensors_first
                0x000000000001228c                sensors_next
                0x00000000000122a9                sensors_changed
                0x00000000000122d8                sensors_find
 .text          0x00000000000124e8      0x134 obj_cooja/mtype840.a(leds.o)
                0x0000000000012539                leds_init
                0x000000000001254d                leds_blink
                0x0000000000012585                leds_get
                0x0000000000012592                leds_set
                0x00000000000125ac                leds_on
                0x00000000000125cf                leds_off
                0x00000000000125f9                leds_toggle
 .text          0x000000000001261c      0x318 obj_cooja/mtype840.a(dual_conf.o)
                0x000000000001261c                dual_radio_switch
                0x000000000001265c                dual_radio_change
                0x0000000000012696                sending_in_LR
                0x00000000000126c1                dual_radio_received
                0x00000000000126f9                radio_received_is_longrange
                0x0000000000012714                dual_radio_turn_on
                0x0000000000012737                dual_radio_turn_off
                0x00000000000128ea                dio_broadcast
                0x0000000000012913                dis_broadcast
 .text          0x0000000000012934       0x8e obj_cooja/mtype840.a(autostart.o)
                0x0000000000012934                autostart_start
                0x000000000001297f                autostart_exit
 .text          0x00000000000129c2      0x334 obj_cooja/mtype840.a(ctimer.o)
                0x0000000000012ad9                ctimer_init
                0x0000000000012b09                ctimer_set
                0x0000000000012b3a                ctimer_set_with_process
                0x0000000000012bb6                ctimer_reset
                0x0000000000012c05                ctimer_restart
                0x0000000000012c54                ctimer_stop
                0x0000000000012c9f                ctimer_expired
 .text          0x0000000000012cf6      0x40b obj_cooja/mtype840.a(etimer.o)
                0x0000000000012f09                etimer_request_poll
                0x0000000000012f8d                etimer_set
                0x0000000000012fb2                etimer_reset_with_new_interval
                0x0000000000012fd9                etimer_reset
                0x0000000000012ff7                etimer_restart
                0x0000000000013015                etimer_adjust
                0x0000000000013031                etimer_expired
                0x0000000000013044                etimer_expiration_time
                0x0000000000013056                etimer_start_time
                0x0000000000013060                etimer_pending
                0x0000000000013072                etimer_next_expiration_time
                0x000000000001308c                etimer_stop
 .text          0x0000000000013101      0x220 obj_cooja/mtype840.a(log_message.o)
                0x0000000000013101                log_initialization
                0x0000000000013300                log_finisher
 .text          0x0000000000013321      0x560 obj_cooja/mtype840.a(process.o)
                0x0000000000013321                process_alloc_event
                0x0000000000013336                process_start
                0x000000000001351f                process_exit
                0x000000000001353b                process_init
                0x000000000001370c                process_run
                0x000000000001373f                process_nevents
                0x000000000001375a                process_post
                0x0000000000013806                process_post_synch
                0x000000000001383e                process_poll
                0x000000000001386d                process_is_running
 .text          0x0000000000013881       0xd3 obj_cooja/mtype840.a(residual.o)
                0x0000000000013881                get_residual_energy
 .text          0x0000000000013954       0xba obj_cooja/mtype840.a(rtimer.o)
                0x0000000000013954                rtimer_init
                0x0000000000013961                rtimer_set
                0x00000000000139b8                rtimer_run_next
 .text          0x0000000000013a0e       0x91 obj_cooja/mtype840.a(timer.o)
                0x0000000000013a0e                timer_set
                0x0000000000013a29                timer_reset
                0x0000000000013a40                timer_restart
                0x0000000000013a52                timer_expired
                0x0000000000013a7b                timer_remaining
 .text          0x0000000000013a9f      0x1fb obj_cooja/mtype840.a(serial-line.o)
                0x0000000000013a9f                serial_line_input_byte
                0x0000000000013c62                serial_line_init
 .text          0x0000000000013c9a      0x244 obj_cooja/mtype840.a(list.o)
                0x0000000000013c9a                list_init
                0x0000000000013ca8                list_head
                0x0000000000013cb2                list_copy
                0x0000000000013cc1                list_tail
                0x0000000000013cf7                list_add
                0x0000000000013d40                list_push
                0x0000000000013d6c                list_chop
                0x0000000000013dd6                list_pop
                0x0000000000013dfe                list_remove
                0x0000000000013e65                list_length
                0x0000000000013e93                list_insert
                0x0000000000013ec7                list_item_next
 .text          0x0000000000013ede      0x155 obj_cooja/mtype840.a(ringbuf.o)
                0x0000000000013ede                ringbuf_init
                0x0000000000013f0f                ringbuf_put
                0x0000000000013f8d                ringbuf_get
                0x0000000000013ffa                ringbuf_size
                0x000000000001400c                ringbuf_elements
 .text          0x0000000000014033     0x258b obj_cooja/mtype840.a(sicslowpan.o)
                0x00000000000145bd                rime_sniffer_add
                0x00000000000145ca                rime_sniffer_remove
                0x000000000001655d                sicslowpan_init
                0x00000000000165b4                sicslowpan_get_last_rssi
 .text          0x00000000000165be      0x2d9 obj_cooja/mtype840.a(uip-ds6-nbr.o)
                0x00000000000165db                uip_ds6_neighbors_init
                0x00000000000165f8                uip_ds6_nbr_add
                0x00000000000166a6                uip_ds6_nbr_rm
                0x0000000000016703                uip_ds6_nbr_get_ipaddr
                0x0000000000016718                uip_ds6_nbr_get_ll
                0x0000000000016734                uip_ds6_nbr_num
                0x0000000000016779                uip_ds6_nbr_lookup
                0x00000000000167de                uip_ds6_nbr_ll_lookup
                0x00000000000167fa                uip_ds6_nbr_ipaddr_from_lladdr
                0x0000000000016820                uip_ds6_nbr_lladdr_from_ipaddr
                0x000000000001684e                uip_ds6_link_neighbor_callback
 .text          0x0000000000016897     0x12ad obj_cooja/mtype840.a(uip-ds6.o)
                0x0000000000016897                uip_ds6_init
                0x0000000000016bec                uip_ds6_periodic
                0x0000000000016cc4                uip_ds6_list_loop
                0x0000000000016d6b                uip_ds6_prefix_add
                0x0000000000016e29                uip_ds6_prefix_rm
                0x0000000000016e3b                uip_ds6_prefix_lookup
                0x0000000000016e8c                uip_ds6_is_addr_onlink
                0x0000000000016f00                uip_ds6_addr_add
                0x000000000001702e                uip_ds6_long_addr_add
                0x000000000001715c                uip_ds6_addr_rm
                0x00000000000171fc                uip_ds6_addr_lookup
                0x0000000000017247                uip_ds6_long_addr_lookup
                0x0000000000017292                uip_ds6_get_link_local
                0x0000000000017311                uip_ds6_long_get_link_local
                0x0000000000017390                uip_ds6_get_global
                0x000000000001740f                uip_ds6_long_get_global
                0x000000000001748e                uip_ds6_maddr_add
                0x0000000000017500                uip_ds6_long_maddr_add
                0x0000000000017572                uip_ds6_maddr_rm
                0x0000000000017584                uip_ds6_maddr_lookup
                0x00000000000175cf                uip_ds6_long_maddr_lookup
                0x000000000001761a                uip_ds6_aaddr_add
                0x000000000001768c                uip_ds6_long_aaddr_add
                0x00000000000176fe                uip_ds6_aaddr_rm
                0x0000000000017710                uip_ds6_aaddr_lookup
                0x000000000001775b                uip_ds6_long_aaddr_lookup
                0x00000000000177a6                uip_ds6_select_src
                0x0000000000017a2f                uip_ds6_set_addr_iid
                0x0000000000017a66                get_match_length
                0x0000000000017af8                uip_ds6_compute_reachable_time
 .text          0x0000000000017b44     0x29ac obj_cooja/mtype840.a(uip6.o)
                0x0000000000017b44                uip_add32
                0x0000000000017cdd                uip_chksum
                0x0000000000017dcb                uip_icmp6chksum
                0x0000000000017ddf                uip_tcpchksum
                0x0000000000017df3                uip_init
                0x0000000000017ec3                uip_connect
                0x0000000000018072                remove_ext_hdr
                0x0000000000018147                uip_udp_new
                0x00000000000182a3                uip_unlisten
                0x0000000000018303                uip_listen
                0x00000000000185c5                uip_process
                0x000000000001a3e4                uip_htons
                0x000000000001a406                uip_htonl
                0x000000000001a446                uip_send
 .text          0x000000000001a4f0      0xa53 obj_cooja/mtype840.a(tcpip.o)
                0x000000000001a4f0                tcpip_output
                0x000000000001a52b                tcpip_set_outputfunc
                0x000000000001a5bf                tcp_connect
                0x000000000001a614                tcp_unlisten
                0x000000000001a66f                tcp_listen
                0x000000000001a6c8                tcp_attach
                0x000000000001a6ed                udp_attach
                0x000000000001a712                udp_new
                0x000000000001a764                udp_broadcast_new
                0x000000000001a9d8                tcpip_input
                0x000000000001aa0c                tcpip_ipv6_output
                0x000000000001ad7f                tcpip_poll_udp
                0x000000000001ada2                tcpip_poll_tcp
                0x000000000001adc5                tcpip_uipcall
 .text          0x000000000001af43      0x1c1 obj_cooja/mtype840.a(uip-debug.o)
                0x000000000001af43                uip_debug_ipaddr_print
                0x000000000001b0a5                uip_debug_lladdr_print
 .text          0x000000000001b104      0x141 obj_cooja/mtype840.a(uip-packetqueue)
                0x000000000001b130                uip_packetqueue_new
                0x000000000001b13e                uip_packetqueue_alloc
                0x000000000001b19e                uip_packetqueue_free
                0x000000000001b1df                uip_packetqueue_buf
                0x000000000001b1fc                uip_packetqueue_buflen
                0x000000000001b21d                uip_packetqueue_set_buflen
 .text          0x000000000001b245     0x2689 obj_cooja/mtype840.a(rpl-dag.o)
                0x000000000001b245                rpl_print_neighbor_list
                0x000000000001b2ac                rpl_print_child_neighbor_list
                0x000000000001b313                rpl_get_nbr
                0x000000000001b36d                rpl_get_nbr_child
                0x000000000001b3c7                rpl_dag_init
                0x000000000001b3f9                rpl_get_parent
                0x000000000001b41b                rpl_get_parent_rank
                0x000000000001b44e                rpl_get_parent_link_metric
                0x000000000001b481                rpl_get_parent_ipaddr
                0x000000000001b4ab                rpl_get_child_ipaddr
                0x000000000001b8b2                rpl_set_root
                0x000000000001bae0                rpl_repair_root
                0x000000000001bd1c                rpl_set_prefix
                0x000000000001be1b                rpl_set_default_route
                0x000000000001bea7                rpl_alloc_instance
                0x000000000001bf2f                rpl_alloc_dag
                0x000000000001bfe2                rpl_set_default_instance
                0x000000000001bfef                rpl_get_default_instance
                0x000000000001bff9                rpl_free_instance
                0x000000000001c09a                rpl_free_dag
                0x000000000001c100                rpl_add_parent
                0x000000000001c1e9                rpl_find_parent
                0x000000000001c219                rpl_add_child
                0x000000000001c2bd                rpl_find_child
                0x000000000001c30b                rpl_find_parent_any_dag
                0x000000000001c347                rpl_select_dag
                0x000000000001c777                rpl_select_parent
                0x000000000001c7d9                rpl_remove_parent
                0x000000000001c80f                rpl_remove_child
                0x000000000001c82b                rpl_nullify_parent
                0x000000000001c8c9                rpl_move_parent
                0x000000000001c966                rpl_has_downward_route
                0x000000000001c9b9                rpl_get_any_dag
                0x000000000001ca1b                rpl_get_instance
                0x000000000001ca7e                rpl_find_of
                0x000000000001cabb                rpl_join_instance
                0x000000000001cd57                rpl_add_dag
                0x000000000001d146                rpl_local_repair
                0x000000000001d21f                rpl_recalculate_ranks
                0x000000000001d2a5                rpl_process_parent_event
                0x000000000001d357                rpl_process_dio
 .text          0x000000000001d8ce      0xbf3 obj_cooja/mtype840.a(rpl-ext-header.)
                0x000000000001d8eb                rpl_verify_header
                0x000000000001dd65                rpl_update_header_empty
                0x000000000001e07c                rpl_update_header_final
                0x000000000001e20b                rpl_remove_header
                0x000000000001e315                rpl_invert_header
                0x000000000001e49f                rpl_insert_header
 .text          0x000000000001e4c1     0x2291 obj_cooja/mtype840.a(rpl-icmp6.o)
                0x000000000001e720                rpl_icmp6_update_nbr_table
                0x000000000001e810                dis_output
                0x000000000001f148                dio_output
                0x00000000000202bd                dao_output
                0x0000000000020385                dao_output_target
                0x0000000000020706                dao_ack_output
                0x000000000002071a                rpl_icmp6_register_handlers
 .text          0x0000000000020752      0x452 obj_cooja/mtype840.a(rpl-ltmax.o)
 .text          0x0000000000020ba4      0x59d obj_cooja/mtype840.a(rpl-timers.o)
                0x0000000000020dea                rpl_reset_periodic_timer
                0x0000000000020e3f                rpl_reset_dio_timer
                0x0000000000021079                rpl_schedule_dao
                0x0000000000021094                rpl_schedule_dao_immediately
                0x00000000000210af                rpl_cancel_dao
                0x0000000000021111                rpl_schedule_unicast_dio_immediately
 .text          0x0000000000021141      0x5c5 obj_cooja/mtype840.a(rpl.o)
                0x0000000000021141                rpl_get_mode
                0x000000000002114b                rpl_set_mode
                0x00000000000211d9                rpl_purge_routes
                0x00000000000212d3                rpl_remove_routes
                0x0000000000021319                rpl_remove_routes_by_nexthop
                0x0000000000021385                rpl_add_route
                0x0000000000021400                rpl_link_neighbor_callback
                0x0000000000021505                rpl_ipv6_neighbor_callback
                0x0000000000021574                rpl_purge_dags
                0x0000000000021680                rpl_init
 .text          0x0000000000021706      0x8d1 obj_cooja/mtype840.a(csma.o)
 .text          0x0000000000021fd7      0x3f5 obj_cooja/mtype840.a(framer-802154.o)
 .text          0x00000000000223cc       0x3c obj_cooja/mtype840.a(mac.o)
                0x00000000000223cc                mac_call_sent_callback
 .text          0x0000000000022408     0x152c obj_cooja/mtype840.a(cxmac.o)
                0x0000000000023884                cxmac_set_announcement_radio_txpower
                0x0000000000023889                cxmac_init
 .text          0x0000000000023934       0x82 obj_cooja/mtype840.a(linkaddr.o)
                0x0000000000023934                linkaddr_copy
                0x0000000000023956                linkaddr_cmp
                0x0000000000023980                linkaddr_set_node_addr
                0x000000000002399b                linkaddr_set_node_long_addr
 .text          0x00000000000239b6      0x919 obj_cooja/mtype840.a(nbr-table.o)
                0x00000000000239b6                long_ip_from_lladdr_map
                0x0000000000023a43                lladdr_map_add_lr
                0x0000000000023b00                lladdr_map_rm_lr
                0x0000000000023fc5                nbr_table_register
                0x000000000002400d                nbr_table_head
                0x0000000000024069                nbr_table_next
                0x00000000000240d0                nbr_table_add_lladdr
                0x00000000000241ac                nbr_table_get_from_lladdr
                0x00000000000241f9                nbr_table_remove
                0x000000000002424b                nbr_table_lock
                0x0000000000024275                nbr_table_unlock
                0x000000000002429f                nbr_table_get_lladdr
 .text          0x00000000000242cf       0x2b obj_cooja/mtype840.a(netstack.o)
                0x00000000000242cf                netstack_init
 .text          0x00000000000242fa      0x3cd obj_cooja/mtype840.a(packetbuf.o)
                0x00000000000242fa                packetbuf_clear
                0x0000000000024324                packetbuf_copyfrom
                0x0000000000024376                packetbuf_compact
                0x00000000000243f3                packetbuf_copyto
                0x000000000002448a                packetbuf_hdralloc
                0x0000000000024507                packetbuf_hdrreduce
                0x000000000002454f                packetbuf_set_datalen
                0x0000000000024568                packetbuf_dataptr
                0x0000000000024585                packetbuf_hdrptr
                0x000000000002458f                packetbuf_datalen
                0x000000000002459b                packetbuf_hdrlen
                0x00000000000245b2                packetbuf_totlen
                0x00000000000245c8                packetbuf_attr_clear
                0x000000000002461a                packetbuf_attr_copyto
                0x0000000000024663                packetbuf_attr_copyfrom
                0x00000000000246ab                packetbuf_holds_broadcast
 .text          0x00000000000246c7      0x2b4 obj_cooja/mtype840.a(queuebuf.o)
                0x00000000000246d1                queuebuf_init
                0x00000000000246f1                queuebuf_numfree
                0x0000000000024705                queuebuf_new_from_packetbuf
                0x0000000000024795                queuebuf_update_attr_from_packetbuf
                0x00000000000247c8                queuebuf_update_from_packetbuf
                0x0000000000024812                queuebuf_free
                0x0000000000024859                queuebuf_to_packetbuf
                0x00000000000248bf                queuebuf_dataptr
                0x00000000000248f6                queuebuf_datalen
                0x0000000000024919                queuebuf_addr
                0x000000000002494b                queuebuf_attr
                0x0000000000024976                queuebuf_debug_print
 .text          0x000000000002497b       0x6e obj_cooja/mtype840.a(nullsec.o)
 .text          0x00000000000249e9       0x19 obj_cooja/mtype840.a(watchdog.o)
                0x00000000000249e9                watchdog_init
                0x00000000000249ee                watchdog_start
                0x00000000000249f3                watchdog_periodic
                0x00000000000249f8                watchdog_stop
                0x00000000000249fd                watchdog_reboot
 .text          0x0000000000024a02        0x0 obj_cooja/mtype840.a(rimestats.o)
 .text          0x0000000000024a02       0xa3 obj_cooja/mtype840.a(stimer.o)
                0x0000000000024a02                stimer_set
                0x0000000000024a1d                stimer_reset
                0x0000000000024a34                stimer_restart
                0x0000000000024a46                stimer_expired
                0x0000000000024a6d                stimer_remaining
                0x0000000000024a91                stimer_elapsed
 .text          0x0000000000024aa5      0x1c1 obj_cooja/mtype840.a(memb.o)
                0x0000000000024aa5                memb_init
                0x0000000000024b03                memb_alloc
                0x0000000000024b68                memb_free
                0x0000000000024be3                memb_inmemb
                0x0000000000024c22                memb_numfree
 .text          0x0000000000024c66      0x916 obj_cooja/mtype840.a(uip-ds6-route.o)
                0x0000000000024cdd                uip_ds6_notification_add
                0x0000000000024d0e                uip_ds6_notification_rm
                0x0000000000024d2a                uip_ds6_route_init
                0x0000000000024db2                uip_ds6_route_nexthop
                0x0000000000024dda                uip_ds6_route_head
                0x0000000000024def                uip_ds6_route_next
                0x0000000000024e15                uip_ds6_route_is_nexthop
                0x0000000000024e54                uip_ds6_route_num_routes
                0x0000000000024e5e                uip_ds6_route_lookup
                0x0000000000024f20                uip_ds6_route_add
                0x0000000000025154                uip_ds6_route_rm
                0x00000000000252e8                uip_ds6_route_rm_by_nexthop
                0x0000000000025320                uip_ds6_defrt_add
                0x00000000000253d1                uip_ds6_defrt_rm
                0x0000000000025450                uip_ds6_defrt_lookup
                0x00000000000254a9                uip_ds6_defrt_choose
                0x0000000000025514                uip_ds6_defrt_periodic
 .text          0x000000000002557c      0xabf obj_cooja/mtype840.a(uip-icmp6.o)
                0x00000000000255ea                uip_icmp6_input
                0x0000000000025640                uip_icmp6_register_input_handler
                0x0000000000025908                uip_icmp6_error_output
                0x0000000000025c4d                uip_icmp6_send
                0x0000000000025fce                uip_icmp6_echo_reply_callback_add
                0x0000000000025fff                uip_icmp6_echo_reply_callback_rm
                0x000000000002601b                uip_icmp6_init
 .text          0x000000000002603b      0x358 obj_cooja/mtype840.a(uip-nd6.o)
                0x000000000002608f                uip_nd6_ns_output
                0x000000000002638e                uip_nd6_init
 .text          0x0000000000026393      0x331 obj_cooja/mtype840.a(rpl-nbr-policy.)
                0x000000000002656b                find_removable_dis
                0x000000000002658e                find_removable_dio
                0x000000000002661d                find_removable_dao
                0x000000000002666d                rpl_nbr_policy_find_removable
 .text          0x00000000000266c4      0x97c obj_cooja/mtype840.a(frame802154.o)
                0x00000000000266f5                frame802154_get_pan_id
                0x0000000000026701                frame802154_set_pan_id
                0x000000000002671a                frame802154_has_panid
                0x0000000000026806                frame802154_check_dest_panid
                0x000000000002686e                frame802154_is_broadcast_addr
                0x00000000000268bb                frame802154_extract_linkaddr
                0x0000000000026afb                frame802154_hdrlen
                0x0000000000026b4c                frame802154_create
                0x0000000000026d37                frame802154_parse
 .text          0x0000000000027040        0x0 /usr/lib/gcc/i686-linux-gnu/4.8/crtendS.o
 .text          0x0000000000027040        0x0 /usr/lib/gcc/i686-linux-gnu/4.8/../../../i386-linux-gnu/crtn.o
 *(.gnu.warning)

.fini           0x0000000000027040       0x14
 *(SORT(.fini))
 .fini          0x0000000000027040        0xf /usr/lib/gcc/i686-linux-gnu/4.8/../../../i386-linux-gnu/crti.o
                0x0000000000027040                _fini
 .fini          0x000000000002704f        0x5 /usr/lib/gcc/i686-linux-gnu/4.8/../../../i386-linux-gnu/crtn.o
                0x0000000000027054                PROVIDE (__etext, .)
                0x0000000000027054                PROVIDE (_etext, .)
                0x0000000000027054                PROVIDE (etext, .)

.rodata         0x0000000000027060      0xc40
 *(.rodata .rodata.* .gnu.linkonce.r.*)
 .rodata        0x0000000000027060      0x158 udp-server.co
                0x0000000000027074                autostart_processes
 .rodata        0x00000000000271b8      0x1e6 obj_cooja/mtype840.o
 *fill*         0x000000000002739e        0x2 
 .rodata        0x00000000000273a0        0x8 obj_cooja/mtype840.a(beep.o)
                0x00000000000273a0                beep_interface
 .rodata        0x00000000000273a8       0x20 obj_cooja/mtype840.a(button-sensor.o)
                0x00000000000273a8                button_interface
                0x00000000000273b8                button_sensor
 .rodata        0x00000000000273c8        0x8 obj_cooja/mtype840.a(leds-arch.o)
                0x00000000000273c8                leds_interface
 .rodata        0x00000000000273d0        0x8 obj_cooja/mtype840.a(moteid.o)
                0x00000000000273d0                moteid_interface
 .rodata        0x00000000000273d8       0x1c obj_cooja/mtype840.a(pir-sensor.o)
                0x00000000000273d8                pir_interface
                0x00000000000273e4                pir_sensor
 .rodata        0x00000000000273f4        0xe obj_cooja/mtype840.a(rs232.o)
                0x00000000000273f4                rs232_interface
 *fill*         0x0000000000027402        0x2 
 .rodata        0x0000000000027404       0x24 obj_cooja/mtype840.a(vib-sensor.o)
                0x0000000000027404                vib_interface
                0x0000000000027418                vib_sensor
 .rodata        0x0000000000027428        0x8 obj_cooja/mtype840.a(clock.o)
                0x0000000000027428                clock_interface
 .rodata        0x0000000000027430        0x8 obj_cooja/mtype840.a(log.o)
                0x0000000000027430                simlog_interface
 .rodata        0x0000000000027438       0x2f obj_cooja/mtype840.a(cfs-cooja.o)
                0x0000000000027438                cfs_interface
 *fill*         0x0000000000027467       0x19 
 .rodata        0x0000000000027480       0x60 obj_cooja/mtype840.a(cooja-radio.o)
                0x00000000000274a0                cooja_radio_driver
                0x00000000000274d8                radio_interface
 .rodata        0x00000000000274e0        0x8 obj_cooja/mtype840.a(eeprom.o)
                0x00000000000274e0                eeprom_interface
 .rodata        0x00000000000274e8        0x8 obj_cooja/mtype840.a(sensors.o)
 .rodata        0x00000000000274f0       0x1c obj_cooja/mtype840.a(dual_conf.o)
 .rodata        0x000000000002750c        0xf obj_cooja/mtype840.a(ctimer.o)
 .rodata        0x000000000002751b        0xc obj_cooja/mtype840.a(etimer.o)
 *fill*         0x0000000000027527        0x1 
 .rodata        0x0000000000027528      0x16d obj_cooja/mtype840.a(log_message.o)
 *fill*         0x0000000000027695        0x3 
 .rodata        0x0000000000027698       0x20 obj_cooja/mtype840.a(residual.o)
                0x0000000000027698                DISSIPATION_RATE
 .rodata        0x00000000000276b8        0xe obj_cooja/mtype840.a(serial-line.o)
 *fill*         0x00000000000276c6        0x2 
 .rodata        0x00000000000276c8       0x2c obj_cooja/mtype840.a(sicslowpan.o)
                0x00000000000276c8                unc_llconf
                0x00000000000276cc                unc_ctxconf
                0x00000000000276d0                unc_mxconf
                0x00000000000276d4                llprefix
                0x00000000000276e8                sicslowpan_driver
 .rodata        0x00000000000276f4      0x13c obj_cooja/mtype840.a(uip6.o)
 .rodata        0x0000000000027830        0xd obj_cooja/mtype840.a(tcpip.o)
 .rodata        0x000000000002783d       0x3e obj_cooja/mtype840.a(uip-debug.o)
 *fill*         0x000000000002787b        0x1 
 .rodata        0x000000000002787c       0x40 obj_cooja/mtype840.a(rpl-dag.o)
 .rodata        0x00000000000278bc       0x23 obj_cooja/mtype840.a(rpl-ltmax.o)
 *fill*         0x00000000000278df        0x1 
 .rodata        0x00000000000278e0       0x38 obj_cooja/mtype840.a(csma.o)
                0x00000000000278fc                csma_driver
 .rodata        0x0000000000027918        0xc obj_cooja/mtype840.a(framer-802154.o)
                0x0000000000027918                framer_802154
 *fill*         0x0000000000027924       0x1c 
 .rodata        0x0000000000027940      0x340 obj_cooja/mtype840.a(cxmac.o)
                0x0000000000027c60                cxmac_driver
 .rodata        0x0000000000027c80        0x8 obj_cooja/mtype840.a(linkaddr.o)
                0x0000000000027c80                linkaddr_null
 .rodata        0x0000000000027c88       0x18 obj_cooja/mtype840.a(nullsec.o)
                0x0000000000027c90                nullsec_driver

.rodata1
 *(.rodata1)

.eh_frame_hdr   0x0000000000027ca0     0x13dc
 *(.eh_frame_hdr)
 .eh_frame_hdr  0x0000000000027ca0     0x13dc udp-server.co

.eh_frame       0x000000000002907c     0x50dc
 *(.eh_frame)
 .eh_frame      0x000000000002907c       0x3c /usr/lib/gcc/i686-linux-gnu/4.8/../../../i386-linux-gnu/crti.o
                                         0x40 (size before relaxing)
 .eh_frame      0x00000000000290b8       0x68 udp-server.co
                                         0x80 (size before relaxing)
 .eh_frame      0x0000000000029120      0x148 obj_cooja/mtype840.o
                                        0x160 (size before relaxing)
 .eh_frame      0x0000000000029268       0x40 obj_cooja/mtype840.a(simEnvChange.o)
                                         0x58 (size before relaxing)
 .eh_frame      0x00000000000292a8       0xc0 obj_cooja/mtype840.a(cooja_mt.o)
                                         0xd8 (size before relaxing)
 .eh_frame      0x0000000000029368      0x120 obj_cooja/mtype840.a(cooja_mtarch.o)
                                        0x138 (size before relaxing)
 .eh_frame      0x0000000000029488       0xc0 obj_cooja/mtype840.a(rtimer-arch.o)
                                         0xd8 (size before relaxing)
 .eh_frame      0x0000000000029548      0x160 obj_cooja/mtype840.a(beep.o)
                                        0x178 (size before relaxing)
 .eh_frame      0x00000000000296a8       0xa0 obj_cooja/mtype840.a(button-sensor.o)
                                         0xb8 (size before relaxing)
 .eh_frame      0x0000000000029748       0xa0 obj_cooja/mtype840.a(leds-arch.o)
                                         0xb8 (size before relaxing)
 .eh_frame      0x00000000000297e8       0x40 obj_cooja/mtype840.a(moteid.o)
                                         0x58 (size before relaxing)
 .eh_frame      0x0000000000029828       0xa0 obj_cooja/mtype840.a(pir-sensor.o)
                                         0xb8 (size before relaxing)
 .eh_frame      0x00000000000298c8      0x100 obj_cooja/mtype840.a(rs232.o)
                                        0x118 (size before relaxing)
 .eh_frame      0x00000000000299c8       0xa0 obj_cooja/mtype840.a(vib-sensor.o)
                                         0xb8 (size before relaxing)
 .eh_frame      0x0000000000029a68       0xc0 obj_cooja/mtype840.a(clock.o)
                                         0xd8 (size before relaxing)
 .eh_frame      0x0000000000029b28      0x120 obj_cooja/mtype840.a(log.o)
                                        0x138 (size before relaxing)
 .eh_frame      0x0000000000029c48      0x160 obj_cooja/mtype840.a(cfs-cooja.o)
                                        0x178 (size before relaxing)
 .eh_frame      0x0000000000029da8      0x2e0 obj_cooja/mtype840.a(cooja-radio.o)
                                        0x2f8 (size before relaxing)
 .eh_frame      0x000000000002a088       0xa0 obj_cooja/mtype840.a(eeprom.o)
                                         0xb8 (size before relaxing)
 .eh_frame      0x000000000002a128       0x40 obj_cooja/mtype840.a(random.o)
                                         0x58 (size before relaxing)
 .eh_frame      0x000000000002a168       0xc0 obj_cooja/mtype840.a(sensors.o)
                                         0xd8 (size before relaxing)
 .eh_frame      0x000000000002a228      0x100 obj_cooja/mtype840.a(leds.o)
                                        0x118 (size before relaxing)
 .eh_frame      0x000000000002a328      0x160 obj_cooja/mtype840.a(dual_conf.o)
                                        0x178 (size before relaxing)
 .eh_frame      0x000000000002a488       0x40 obj_cooja/mtype840.a(autostart.o)
                                         0x58 (size before relaxing)
 .eh_frame      0x000000000002a4c8      0x100 obj_cooja/mtype840.a(ctimer.o)
                                        0x118 (size before relaxing)
 .eh_frame      0x000000000002a5c8      0x1e0 obj_cooja/mtype840.a(etimer.o)
                                        0x1f8 (size before relaxing)
 .eh_frame      0x000000000002a7a8       0x50 obj_cooja/mtype840.a(log_message.o)
                                         0x68 (size before relaxing)
 .eh_frame      0x000000000002a7f8      0x1c8 obj_cooja/mtype840.a(process.o)
                                        0x1e0 (size before relaxing)
 .eh_frame      0x000000000002a9c0       0x2c obj_cooja/mtype840.a(residual.o)
                                         0x44 (size before relaxing)
 .eh_frame      0x000000000002a9ec       0x60 obj_cooja/mtype840.a(rtimer.o)
                                         0x78 (size before relaxing)
 .eh_frame      0x000000000002aa4c       0xa4 obj_cooja/mtype840.a(timer.o)
                                         0xbc (size before relaxing)
 .eh_frame      0x000000000002aaf0       0x60 obj_cooja/mtype840.a(serial-line.o)
                                         0x78 (size before relaxing)
 .eh_frame      0x000000000002ab50      0x180 obj_cooja/mtype840.a(list.o)
                                        0x198 (size before relaxing)
 .eh_frame      0x000000000002acd0       0xa0 obj_cooja/mtype840.a(ringbuf.o)
                                         0xb8 (size before relaxing)
 .eh_frame      0x000000000002ad70      0x350 obj_cooja/mtype840.a(sicslowpan.o)
                                        0x368 (size before relaxing)
 .eh_frame      0x000000000002b0c0      0x180 obj_cooja/mtype840.a(uip-ds6-nbr.o)
                                        0x198 (size before relaxing)
 .eh_frame      0x000000000002b240      0x3c8 obj_cooja/mtype840.a(uip-ds6.o)
                                        0x3e0 (size before relaxing)
 .eh_frame      0x000000000002b608      0x25c obj_cooja/mtype840.a(uip6.o)
                                        0x274 (size before relaxing)
 .eh_frame      0x000000000002b864      0x270 obj_cooja/mtype840.a(tcpip.o)
                                        0x288 (size before relaxing)
 .eh_frame      0x000000000002bad4       0x48 obj_cooja/mtype840.a(uip-debug.o)
                                         0x60 (size before relaxing)
 .eh_frame      0x000000000002bb1c       0xe0 obj_cooja/mtype840.a(uip-packetqueue)
                                         0xf8 (size before relaxing)
 .eh_frame      0x000000000002bbfc      0x754 obj_cooja/mtype840.a(rpl-dag.o)
                                        0x76c (size before relaxing)
 .eh_frame      0x000000000002c350      0x10c obj_cooja/mtype840.a(rpl-ext-header.)
                                        0x124 (size before relaxing)
 .eh_frame      0x000000000002c45c      0x278 obj_cooja/mtype840.a(rpl-icmp6.o)
                                        0x290 (size before relaxing)
 .eh_frame      0x000000000002c6d4       0xe0 obj_cooja/mtype840.a(rpl-ltmax.o)
                                         0xf8 (size before relaxing)
 .eh_frame      0x000000000002c7b4      0x1ac obj_cooja/mtype840.a(rpl-timers.o)
                                        0x1c4 (size before relaxing)
 .eh_frame      0x000000000002c960      0x148 obj_cooja/mtype840.a(rpl.o)
                                        0x160 (size before relaxing)
 .eh_frame      0x000000000002caa8      0x28c obj_cooja/mtype840.a(csma.o)
                                        0x2a4 (size before relaxing)
 .eh_frame      0x000000000002cd34      0x108 obj_cooja/mtype840.a(framer-802154.o)
                                        0x120 (size before relaxing)
 .eh_frame      0x000000000002ce3c       0x20 obj_cooja/mtype840.a(mac.o)
                                         0x38 (size before relaxing)
 .eh_frame      0x000000000002ce5c      0x2c0 obj_cooja/mtype840.a(cxmac.o)
                                        0x2d8 (size before relaxing)
 .eh_frame      0x000000000002d11c       0x80 obj_cooja/mtype840.a(linkaddr.o)
                                         0x98 (size before relaxing)
 .eh_frame      0x000000000002d19c      0x2cc obj_cooja/mtype840.a(nbr-table.o)
                                        0x2e4 (size before relaxing)
 .eh_frame      0x000000000002d468       0x20 obj_cooja/mtype840.a(netstack.o)
                                         0x38 (size before relaxing)
 .eh_frame      0x000000000002d488      0x214 obj_cooja/mtype840.a(packetbuf.o)
                                        0x22c (size before relaxing)
 .eh_frame      0x000000000002d69c      0x1a0 obj_cooja/mtype840.a(queuebuf.o)
                                        0x1b8 (size before relaxing)
 .eh_frame      0x000000000002d83c       0x80 obj_cooja/mtype840.a(nullsec.o)
                                         0x98 (size before relaxing)
 .eh_frame      0x000000000002d8bc       0xa0 obj_cooja/mtype840.a(watchdog.o)
                                         0xb8 (size before relaxing)
 .eh_frame      0x000000000002d95c       0xc4 obj_cooja/mtype840.a(stimer.o)
                                         0xdc (size before relaxing)
 .eh_frame      0x000000000002da20       0xa0 obj_cooja/mtype840.a(memb.o)
                                         0xb8 (size before relaxing)
 .eh_frame      0x000000000002dac0      0x2a0 obj_cooja/mtype840.a(uip-ds6-route.o)
                                        0x2b8 (size before relaxing)
 .eh_frame      0x000000000002dd60      0x168 obj_cooja/mtype840.a(uip-icmp6.o)
                                        0x180 (size before relaxing)
 .eh_frame      0x000000000002dec8       0x68 obj_cooja/mtype840.a(uip-nd6.o)
                                         0x80 (size before relaxing)
 .eh_frame      0x000000000002df30       0xc0 obj_cooja/mtype840.a(rpl-nbr-policy.)
                                         0xd8 (size before relaxing)
 .eh_frame      0x000000000002dff0      0x164 obj_cooja/mtype840.a(frame802154.o)
                                        0x17c (size before relaxing)
 .eh_frame      0x000000000002e154        0x4 /usr/lib/gcc/i686-linux-gnu/4.8/crtendS.o

.gcc_except_table
 *(.gcc_except_table .gcc_except_table.*)

.exception_ranges
 *(.exception_ranges .exception_ranges*)
                0x000000000002e158                . = (ALIGN (0x1000) - ((0x1000 - .) & 0xfff))
                0x000000000002fef8                . = DATA_SEGMENT_ALIGN (0x1000, 0x1000)

.eh_frame
 *(.eh_frame)

.gcc_except_table
 *(.gcc_except_table .gcc_except_table.*)

.exception_ranges
 *(.exception_ranges .exception_ranges*)

.tdata
 *(.tdata .tdata.* .gnu.linkonce.td.*)

.tbss
 *(.tbss .tbss.* .gnu.linkonce.tb.*)
 *(.tcommon)

.preinit_array
 *(.preinit_array)

.init_array     0x000000000002fef8        0x4
 *(SORT(.init_array.*) SORT(.ctors.*))
 *(.init_array EXCLUDE_FILE(*crtend?.o *crtend.o *crtbegin?.o *crtbegin.o) .ctors)
 .init_array    0x000000000002fef8        0x4 /usr/lib/gcc/i686-linux-gnu/4.8/crtbeginS.o

.fini_array     0x000000000002fefc        0x4
 *(SORT(.fini_array.*) SORT(.dtors.*))
 *(.fini_array EXCLUDE_FILE(*crtend?.o *crtend.o *crtbegin?.o *crtbegin.o) .dtors)
 .fini_array    0x000000000002fefc        0x4 /usr/lib/gcc/i686-linux-gnu/4.8/crtbeginS.o

.ctors
 *crtbegin.o(.ctors)
 *crtbegin?.o(.ctors)
 *(EXCLUDE_FILE(*crtend?.o *crtend.o) .ctors)
 *(SORT(.ctors.*))
 *(.ctors)

.dtors
 *crtbegin.o(.dtors)
 *crtbegin?.o(.dtors)
 *(EXCLUDE_FILE(*crtend?.o *crtend.o) .dtors)
 *(SORT(.dtors.*))
 *(.dtors)

.jcr            0x000000000002ff00        0x4
 *(.jcr)
 .jcr           0x000000000002ff00        0x0 /usr/lib/gcc/i686-linux-gnu/4.8/crtbeginS.o
 .jcr           0x000000000002ff00        0x4 /usr/lib/gcc/i686-linux-gnu/4.8/crtendS.o

.data.rel.ro
 *(.data.rel.ro.local* .gnu.linkonce.d.rel.ro.local.*)
 *(.data.rel.ro .data.rel.ro.* .gnu.linkonce.d.rel.ro.*)

.dynamic        0x000000000002ff04       0xe8
 *(.dynamic)
 .dynamic       0x000000000002ff04       0xe8 /usr/lib/gcc/i686-linux-gnu/4.8/../../../i386-linux-gnu/crti.o
                0x000000000002ff04                _DYNAMIC

.got            0x000000000002ffec       0x14
 *(.got)
 .got           0x000000000002ffec       0x14 /usr/lib/gcc/i686-linux-gnu/4.8/../../../i386-linux-gnu/crti.o
 *(.igot)
                0x0000000000030ff4                . = DATA_SEGMENT_RELRO_END (., (SIZEOF (.got.plt) >= 0xc)?0xc:0x0)

.got.plt        0x0000000000030000       0x14
 *(.got.plt)
 .got.plt       0x0000000000030000       0x14 /usr/lib/gcc/i686-linux-gnu/4.8/../../../i386-linux-gnu/crti.o
                0x0000000000030000                _GLOBAL_OFFSET_TABLE_
 *(.igot.plt)

.data           0x0000000000030020      0x2a2
 *(.data .data.* .gnu.linkonce.d.*)
 .data          0x0000000000030020        0x0 /usr/lib/gcc/i686-linux-gnu/4.8/../../../i386-linux-gnu/crti.o
 .data          0x0000000000030020        0x0 /usr/lib/gcc/i686-linux-gnu/4.8/crtbeginS.o
 .data.rel      0x0000000000030020        0x4 /usr/lib/gcc/i686-linux-gnu/4.8/crtbeginS.o
                0x0000000000030020                __dso_handle
 .data          0x0000000000030024       0x10 udp-server.co
                0x0000000000030024                udp_server_process
 *fill*         0x0000000000030034        0xc 
 .data          0x0000000000030040       0x44 obj_cooja/mtype840.o
                0x0000000000030040                simInterfaces
                0x0000000000030074                sensors
 .data          0x0000000000030084        0x0 obj_cooja/mtype840.a(simEnvChange.o)
 .data          0x0000000000030084        0x0 obj_cooja/mtype840.a(cooja_mt.o)
 .data          0x0000000000030084        0x0 obj_cooja/mtype840.a(cooja_mtarch.o)
 .data          0x0000000000030084        0x0 obj_cooja/mtype840.a(rtimer-arch.o)
 .data          0x0000000000030084        0x0 obj_cooja/mtype840.a(beep.o)
 .data          0x0000000000030084        0x0 obj_cooja/mtype840.a(button-sensor.o)
 .data          0x0000000000030084        0x0 obj_cooja/mtype840.a(leds-arch.o)
 .data          0x0000000000030084        0x0 obj_cooja/mtype840.a(moteid.o)
 .data          0x0000000000030084        0x0 obj_cooja/mtype840.a(pir-sensor.o)
 .data          0x0000000000030084        0x0 obj_cooja/mtype840.a(rs232.o)
 .data          0x0000000000030084        0x0 obj_cooja/mtype840.a(vib-sensor.o)
 .data          0x0000000000030084        0x0 obj_cooja/mtype840.a(clock.o)
 .data          0x0000000000030084        0x0 obj_cooja/mtype840.a(log.o)
 .data          0x0000000000030084        0x0 obj_cooja/mtype840.a(cfs-cooja.o)
 .data          0x0000000000030084       0x40 obj_cooja/mtype840.a(cooja-radio.o)
                0x0000000000030084                simRadioChannelLR
                0x0000000000030088                simRadioHWOnLR
                0x000000000003008c                simSignalStrengthLR
                0x0000000000030090                simLastSignalStrengthLR
                0x0000000000030094                simPowerLR
                0x0000000000030098                simLQILR
                0x000000000003009c                simRadioChannel
                0x00000000000300a0                simRadioHWOn
                0x00000000000300a4                simSignalStrength
                0x00000000000300a8                simLastSignalStrength
                0x00000000000300ac                simPower
                0x00000000000300b0                simLQI
                0x00000000000300b4                cooja_radio_process
 .data          0x00000000000300c4        0x0 obj_cooja/mtype840.a(eeprom.o)
 .data          0x00000000000300c4        0x0 obj_cooja/mtype840.a(random.o)
 .data          0x00000000000300c4       0x10 obj_cooja/mtype840.a(sensors.o)
                0x00000000000300c4                sensors_process
 .data          0x00000000000300d4        0x0 obj_cooja/mtype840.a(leds.o)
 .data          0x00000000000300d4       0x28 obj_cooja/mtype840.a(dual_conf.o)
                0x00000000000300d4                radio_received
                0x00000000000300d8                dual_dio_broadcast
                0x00000000000300e8                dual_dis_broadcast
 .data          0x00000000000300fc        0x0 obj_cooja/mtype840.a(autostart.o)
 .data          0x00000000000300fc       0x14 obj_cooja/mtype840.a(ctimer.o)
                0x0000000000030100                ctimer_process
 .data          0x0000000000030110       0x10 obj_cooja/mtype840.a(etimer.o)
                0x0000000000030110                etimer_process
 .data          0x0000000000030120        0x0 obj_cooja/mtype840.a(log_message.o)
 .data          0x0000000000030120        0x0 obj_cooja/mtype840.a(process.o)
 .data          0x0000000000030120        0x0 obj_cooja/mtype840.a(residual.o)
 .data          0x0000000000030120        0x0 obj_cooja/mtype840.a(rtimer.o)
 .data          0x0000000000030120        0x0 obj_cooja/mtype840.a(timer.o)
 .data          0x0000000000030120       0x10 obj_cooja/mtype840.a(serial-line.o)
                0x0000000000030120                serial_line_process
 .data          0x0000000000030130        0x0 obj_cooja/mtype840.a(list.o)
 .data          0x0000000000030130        0x0 obj_cooja/mtype840.a(ringbuf.o)
 .data          0x0000000000030130        0x0 obj_cooja/mtype840.a(sicslowpan.o)
 .data          0x0000000000030130       0x14 obj_cooja/mtype840.a(uip-ds6-nbr.o)
                0x0000000000030140                ds6_neighbors
 .data          0x0000000000030144        0x0 obj_cooja/mtype840.a(uip-ds6.o)
 .data          0x0000000000030144        0x0 obj_cooja/mtype840.a(uip6.o)
 .data          0x0000000000030144       0x10 obj_cooja/mtype840.a(tcpip.o)
                0x0000000000030144                tcpip_process
 .data          0x0000000000030154        0x0 obj_cooja/mtype840.a(uip-debug.o)
 .data          0x0000000000030154        0xc obj_cooja/mtype840.a(uip-packetqueue)
 .data          0x0000000000030160       0x28 obj_cooja/mtype840.a(rpl-dag.o)
                0x0000000000030170                rpl_parents
                0x0000000000030184                rpl_children
 .data          0x0000000000030188        0x0 obj_cooja/mtype840.a(rpl-ext-header.)
 .data          0x0000000000030188       0x34 obj_cooja/mtype840.a(rpl-icmp6.o)
 .data          0x00000000000301bc       0x1c obj_cooja/mtype840.a(rpl-ltmax.o)
                0x00000000000301bc                rpl_ltmax_of
 .data          0x00000000000301d8        0x0 obj_cooja/mtype840.a(rpl-timers.o)
 .data          0x00000000000301d8        0x0 obj_cooja/mtype840.a(rpl.o)
 .data          0x00000000000301d8       0x28 obj_cooja/mtype840.a(csma.o)
 .data          0x0000000000030200        0x0 obj_cooja/mtype840.a(framer-802154.o)
 .data          0x0000000000030200        0x0 obj_cooja/mtype840.a(mac.o)
 .data          0x0000000000030200       0x30 obj_cooja/mtype840.a(cxmac.o)
                0x0000000000030200                cxmac_config
                0x0000000000030210                strobe_wait
 .data          0x0000000000030230        0x0 obj_cooja/mtype840.a(linkaddr.o)
 .data          0x0000000000030230       0x10 obj_cooja/mtype840.a(nbr-table.o)
 .data          0x0000000000030240        0x0 obj_cooja/mtype840.a(netstack.o)
 .data          0x0000000000030240        0x4 obj_cooja/mtype840.a(packetbuf.o)
 .data          0x0000000000030244       0x18 obj_cooja/mtype840.a(queuebuf.o)
 .data          0x000000000003025c        0x0 obj_cooja/mtype840.a(nullsec.o)
 .data          0x000000000003025c        0x0 obj_cooja/mtype840.a(watchdog.o)
 .data          0x000000000003025c        0x0 obj_cooja/mtype840.a(rimestats.o)
 .data          0x000000000003025c        0x0 obj_cooja/mtype840.a(stimer.o)
 .data          0x000000000003025c        0x0 obj_cooja/mtype840.a(memb.o)
 .data          0x000000000003025c       0x44 obj_cooja/mtype840.a(uip-ds6-route.o)
                0x000000000003026c                nbr_routes
 .data          0x00000000000302a0       0x20 obj_cooja/mtype840.a(uip-icmp6.o)
 .data          0x00000000000302c0        0x0 obj_cooja/mtype840.a(uip-nd6.o)
 .data          0x00000000000302c0        0x0 obj_cooja/mtype840.a(rpl-nbr-policy.)
 .data          0x00000000000302c0        0x2 obj_cooja/mtype840.a(frame802154.o)
 .data          0x00000000000302c2        0x0 /usr/lib/gcc/i686-linux-gnu/4.8/crtendS.o
 .data          0x00000000000302c2        0x0 /usr/lib/gcc/i686-linux-gnu/4.8/../../../i386-linux-gnu/crtn.o

.tm_clone_table
                0x00000000000302c4        0x0
 .tm_clone_table
                0x00000000000302c4        0x0 /usr/lib/gcc/i686-linux-gnu/4.8/crtbeginS.o
 .tm_clone_table
                0x00000000000302c4        0x0 /usr/lib/gcc/i686-linux-gnu/4.8/crtendS.o

.data1
 *(.data1)
                0x00000000000302c4                _edata = .
                0x00000000000302c4                PROVIDE (edata, .)
                0x00000000000302c4                . = .
                0x00000000000302c4                __bss_start = .

.bss            0x00000000000302e0     0x9548
 *(.dynbss)
 .dynbss        0x0000000000000000        0x0 /usr/lib/gcc/i686-linux-gnu/4.8/../../../i386-linux-gnu/crti.o
 *(.bss .bss.* .gnu.linkonce.b.*)
 .bss           0x00000000000302e0        0x0 /usr/lib/gcc/i686-linux-gnu/4.8/../../../i386-linux-gnu/crti.o
 .bss           0x00000000000302e0        0x1 /usr/lib/gcc/i686-linux-gnu/4.8/crtbeginS.o
 *fill*         0x00000000000302e1       0x1f 
 .bss           0x0000000000030300      0x3b8 udp-server.co
                0x0000000000030300                my_weight
                0x0000000000030320                id_array
                0x00000000000304c0                id_count
 *fill*         0x00000000000306b8        0x8 
 .bss           0x00000000000306c0     0x2030 obj_cooja/mtype840.o
 .bss           0x00000000000326f0        0x1 obj_cooja/mtype840.a(simEnvChange.o)
                0x00000000000326f0                simDontFallAsleep
 *fill*         0x00000000000326f1        0x3 
 .bss           0x00000000000326f4        0x4 obj_cooja/mtype840.a(cooja_mt.o)
 .bss           0x00000000000326f8        0x4 obj_cooja/mtype840.a(cooja_mtarch.o)
 .bss           0x00000000000326fc        0xc obj_cooja/mtype840.a(rtimer-arch.o)
 .bss           0x0000000000032708        0x0 obj_cooja/mtype840.a(beep.o)
 .bss           0x0000000000032708        0x8 obj_cooja/mtype840.a(button-sensor.o)
 .bss           0x0000000000032710        0x0 obj_cooja/mtype840.a(leds-arch.o)
 .bss           0x0000000000032710        0x0 obj_cooja/mtype840.a(moteid.o)
 .bss           0x0000000000032710        0x1 obj_cooja/mtype840.a(pir-sensor.o)
                0x0000000000032710                simPirValue
 *fill*         0x0000000000032711        0x3 
 .bss           0x0000000000032714        0x4 obj_cooja/mtype840.a(rs232.o)
 .bss           0x0000000000032718        0x1 obj_cooja/mtype840.a(vib-sensor.o)
                0x0000000000032718                simVibValue
 .bss           0x0000000000032719        0x0 obj_cooja/mtype840.a(clock.o)
 *fill*         0x0000000000032719        0x7 
 .bss           0x0000000000032720      0x420 obj_cooja/mtype840.a(log.o)
 .bss           0x0000000000032b40      0xfc0 obj_cooja/mtype840.a(cfs-cooja.o)
                0x0000000000032b40                simCFSData
                0x0000000000033ae0                simCFSSize
                0x0000000000033ae4                simCFSChanged
                0x0000000000033ae8                simCFSRead
                0x0000000000033aec                simCFSWritten
 .bss           0x0000000000033b00       0x24 obj_cooja/mtype840.a(cooja-radio.o)
                0x0000000000033b00                simReceivingLR
                0x0000000000033b04                simInSizeLR
                0x0000000000033b08                simOutSizeLR
                0x0000000000033b0c                simReceiving
                0x0000000000033b10                simInSize
                0x0000000000033b14                simOutSize
                0x0000000000033b18                LongRangeTransmit
                0x0000000000033b1c                LongRangeReceiving
 .bss           0x0000000000033b24        0xc obj_cooja/mtype840.a(eeprom.o)
                0x0000000000033b24                simEEPROMChanged
                0x0000000000033b28                simEEPROMRead
                0x0000000000033b2c                simEEPROMWritten
 .bss           0x0000000000033b30        0x0 obj_cooja/mtype840.a(random.o)
 .bss           0x0000000000033b30        0xc obj_cooja/mtype840.a(sensors.o)
 .bss           0x0000000000033b3c        0x1 obj_cooja/mtype840.a(leds.o)
 *fill*         0x0000000000033b3d        0x3 
 .bss           0x0000000000033b40       0x2c obj_cooja/mtype840.a(dual_conf.o)
                0x0000000000033b40                long_range_radio
 .bss           0x0000000000033b6c        0x0 obj_cooja/mtype840.a(autostart.o)
 .bss           0x0000000000033b6c        0x5 obj_cooja/mtype840.a(ctimer.o)
 *fill*         0x0000000000033b71        0x3 
 .bss           0x0000000000033b74        0x8 obj_cooja/mtype840.a(etimer.o)
 .bss           0x0000000000033b7c        0x0 obj_cooja/mtype840.a(log_message.o)
 *fill*         0x0000000000033b7c        0x4 
 .bss           0x0000000000033b80      0x1b1 obj_cooja/mtype840.a(process.o)
                0x0000000000033b80                process_list
                0x0000000000033b84                process_current
 .bss           0x0000000000033d31        0x0 obj_cooja/mtype840.a(residual.o)
 *fill*         0x0000000000033d31        0x3 
 .bss           0x0000000000033d34        0x4 obj_cooja/mtype840.a(rtimer.o)
 .bss           0x0000000000033d38        0x0 obj_cooja/mtype840.a(timer.o)
 *fill*         0x0000000000033d38        0x8 
 .bss           0x0000000000033d40      0x140 obj_cooja/mtype840.a(serial-line.o)
 .bss           0x0000000000033e80        0x0 obj_cooja/mtype840.a(list.o)
 .bss           0x0000000000033e80        0x0 obj_cooja/mtype840.a(ringbuf.o)
 .bss           0x0000000000033e80      0x70c obj_cooja/mtype840.a(sicslowpan.o)
 *fill*         0x000000000003458c       0x14 
 .bss           0x00000000000345a0      0x4b0 obj_cooja/mtype840.a(uip-ds6-nbr.o)
 .bss           0x0000000000034a50       0x30 obj_cooja/mtype840.a(uip-ds6.o)
 .bss           0x0000000000034a80        0xe obj_cooja/mtype840.a(uip6.o)
                0x0000000000034a80                uip_ext_bitmap
                0x0000000000034a81                uip_ext_len
                0x0000000000034a82                uip_ext_opt_offset
 *fill*         0x0000000000034a8e       0x12 
 .bss           0x0000000000034aa0       0x68 obj_cooja/mtype840.a(tcpip.o)
 .bss           0x0000000000034b08        0x0 obj_cooja/mtype840.a(uip-debug.o)
 *fill*         0x0000000000034b08       0x18 
 .bss           0x0000000000034b20      0xcf8 obj_cooja/mtype840.a(uip-packetqueue)
 *fill*         0x0000000000035818        0x8 
 .bss           0x0000000000035820      0x352 obj_cooja/mtype840.a(rpl-dag.o)
 .bss           0x0000000000035b72        0x0 obj_cooja/mtype840.a(rpl-ext-header.)
 .bss           0x0000000000035b72        0x0 obj_cooja/mtype840.a(rpl-icmp6.o)
 .bss           0x0000000000035b72        0x0 obj_cooja/mtype840.a(rpl-ltmax.o)
 *fill*         0x0000000000035b72        0xe 
 .bss           0x0000000000035b80       0x23 obj_cooja/mtype840.a(rpl-timers.o)
 *fill*         0x0000000000035ba3        0x1 
 .bss           0x0000000000035ba4        0x4 obj_cooja/mtype840.a(rpl.o)
 *fill*         0x0000000000035ba8       0x18 
 .bss           0x0000000000035bc0      0x288 obj_cooja/mtype840.a(csma.o)
 .bss           0x0000000000035e48        0x2 obj_cooja/mtype840.a(framer-802154.o)
 .bss           0x0000000000035e4a        0x0 obj_cooja/mtype840.a(mac.o)
 *fill*         0x0000000000035e4a       0x16 
 .bss           0x0000000000035e60       0xb1 obj_cooja/mtype840.a(cxmac.o)
 .bss           0x0000000000035f11        0x0 obj_cooja/mtype840.a(linkaddr.o)
 *fill*         0x0000000000035f11        0xf 
 .bss           0x0000000000035f20      0x35c obj_cooja/mtype840.a(nbr-table.o)
 .bss           0x000000000003627c        0x0 obj_cooja/mtype840.a(netstack.o)
 *fill*         0x000000000003627c        0x4 
 .bss           0x0000000000036280       0xa0 obj_cooja/mtype840.a(packetbuf.o)
 .bss           0x0000000000036320      0xb80 obj_cooja/mtype840.a(queuebuf.o)
 .bss           0x0000000000036ea0        0x0 obj_cooja/mtype840.a(nullsec.o)
 .bss           0x0000000000036ea0        0x0 obj_cooja/mtype840.a(watchdog.o)
 .bss           0x0000000000036ea0        0x0 obj_cooja/mtype840.a(rimestats.o)
 .bss           0x0000000000036ea0        0x0 obj_cooja/mtype840.a(stimer.o)
 .bss           0x0000000000036ea0        0x0 obj_cooja/mtype840.a(memb.o)
 .bss           0x0000000000036ea0      0x608 obj_cooja/mtype840.a(uip-ds6-route.o)
 .bss           0x00000000000374a8       0x18 obj_cooja/mtype840.a(uip-icmp6.o)
 .bss           0x00000000000374c0        0x0 obj_cooja/mtype840.a(uip-nd6.o)
 .bss           0x00000000000374c0       0x44 obj_cooja/mtype840.a(rpl-nbr-policy.)
 .bss           0x0000000000037504        0x0 obj_cooja/mtype840.a(frame802154.o)
 .bss           0x0000000000037504        0x0 /usr/lib/gcc/i686-linux-gnu/4.8/crtendS.o
 .bss           0x0000000000037504        0x0 /usr/lib/gcc/i686-linux-gnu/4.8/../../../i386-linux-gnu/crtn.o
 *(COMMON)
 COMMON         0x0000000000037504        0x2 udp-server.co
                0x0000000000037504                my_sink_reachability
                0x0000000000037505                my_parent_number
 *fill*         0x0000000000037506        0x2 
 COMMON         0x0000000000037508       0x70 obj_cooja/mtype840.o
                0x0000000000037508                dio_count
                0x000000000003750c                dis_count
                0x0000000000037510                csma_drop_count
                0x0000000000037514                tcp_output_count
                0x0000000000037518                csma_transmission_count
                0x000000000003751c                dao_ack_fwd_count
                0x0000000000037520                COOJA_radioRxLong
                0x0000000000037524                cxmac_collision_count
                0x0000000000037528                cxmac_retransmission_count
                0x000000000003752c                control_message_count
                0x0000000000037530                dao_count
                0x0000000000037534                icmp_count
                0x0000000000037538                COOJA_radioTx
                0x000000000003753c                referenceVar
                0x0000000000037540                cxmac_transmission_count
                0x0000000000037544                dao_ack_count
                0x0000000000037548                data_message_count
                0x000000000003754c                COOJA_radioTxLong
                0x0000000000037550                COOJA_radioRx
                0x0000000000037554                debugfp
                0x0000000000037558                COOJA_radioOn
                0x000000000003755c                LSA_count
                0x0000000000037560                dao_fwd_count
                0x0000000000037564                COOJA_duration
                0x0000000000037568                dio_ack_count
                0x000000000003756c                COOJA_radioOnLong
                0x0000000000037570                sensors_flags
                0x0000000000037574                data_fwd_count
 COMMON         0x0000000000037578        0xc obj_cooja/mtype840.a(simEnvChange.o)
                0x0000000000037578                simEtimerPending
                0x000000000003757c                simProcessRunValue
                0x0000000000037580                simNextExpirationTime
 COMMON         0x0000000000037584        0x1 obj_cooja/mtype840.a(beep.o)
                0x0000000000037584                simBeeped
 COMMON         0x0000000000037585        0x3 obj_cooja/mtype840.a(button-sensor.o)
                0x0000000000037585                simButtonIsActive
                0x0000000000037586                simButtonIsDown
                0x0000000000037587                simButtonChanged
 COMMON         0x0000000000037588        0x1 obj_cooja/mtype840.a(leds-arch.o)
                0x0000000000037588                simLedsValue
 *fill*         0x0000000000037589        0x3 
 COMMON         0x000000000003758c        0xc obj_cooja/mtype840.a(moteid.o)
                0x000000000003758c                simRandomSeed
                0x0000000000037590                simMoteIDChanged
                0x0000000000037594                simMoteID
 COMMON         0x0000000000037598        0x2 obj_cooja/mtype840.a(pir-sensor.o)
                0x0000000000037598                simPirIsActive
                0x0000000000037599                simPirChanged
 *fill*         0x000000000003759a        0x6 
 COMMON         0x00000000000375a0      0x820 obj_cooja/mtype840.a(rs232.o)
                0x00000000000375a0                simSerialReceivingFlag
                0x00000000000375a4                simSerialReceivingLength
                0x00000000000375c0                simSerialReceivingData
 COMMON         0x0000000000037dc0        0x2 obj_cooja/mtype840.a(vib-sensor.o)
                0x0000000000037dc0                simVibChanged
                0x0000000000037dc1                simVibIsActive
 *fill*         0x0000000000037dc2        0x2 
 COMMON         0x0000000000037dc4        0x4 obj_cooja/mtype840.a(clock.o)
                0x0000000000037dc4                simCurrentTime
 *fill*         0x0000000000037dc8       0x18 
 COMMON         0x0000000000037de0      0x420 obj_cooja/mtype840.a(log.o)
                0x0000000000037de0                simLoggedLength
                0x0000000000037de4                simLoggedFlag
                0x0000000000037e00                simLoggedData
 COMMON         0x0000000000038200      0x260 obj_cooja/mtype840.a(cooja-radio.o)
                0x0000000000038200                simOutDataBuffer
                0x0000000000038280                simRadioTarget
                0x00000000000382a0                simInDataBufferLR
                0x0000000000038320                packet_forwarding
                0x0000000000038340                simOutDataBufferLR
                0x00000000000383c0                dual_duty_cycle_count
                0x00000000000383e0                simInDataBuffer
 COMMON         0x0000000000038460      0x400 obj_cooja/mtype840.a(eeprom.o)
                0x0000000000038460                simEEPROMData
 COMMON         0x0000000000038860        0x1 obj_cooja/mtype840.a(sensors.o)
                0x0000000000038860                sensors_event
 *fill*         0x0000000000038861        0x3 
 COMMON         0x0000000000038864        0x4 obj_cooja/mtype840.a(log_message.o)
                0x0000000000038864                log_fp
 COMMON         0x0000000000038868        0x1 obj_cooja/mtype840.a(serial-line.o)
                0x0000000000038868                serial_line_event_message
 *fill*         0x0000000000038869       0x17 
 COMMON         0x0000000000038880      0x1f4 obj_cooja/mtype840.a(uip-ds6-nbr.o)
                0x0000000000038880                ds6_lr_addrmap
 *fill*         0x0000000000038a74        0xc 
 COMMON         0x0000000000038a80      0x298 obj_cooja/mtype840.a(uip-ds6.o)
                0x0000000000038a80                uip_ds6_prefix_list
                0x0000000000038ae0                uip_ds6_timer_periodic
                0x0000000000038af0                uip_ds6_netif_addr_list_offset
                0x0000000000038b00                uip_ds6_if
                0x0000000000038bf8                uip_ds6_timer_ra
                0x0000000000038c00                uip_ds6_addr_size
                0x0000000000038c20                long_uip_ds6_if
 *fill*         0x0000000000038d18        0x8 
 COMMON         0x0000000000038d20      0x8ec obj_cooja/mtype840.a(uip6.o)
                0x0000000000038d20                uip_slen
                0x0000000000038d22                uip_acc32
                0x0000000000038d40                uip_conns
                0x0000000000038e00                uip_lladdr
                0x0000000000038e08                uip_appdata
                0x0000000000038e0c                uip_flags
                0x0000000000038e20                uip_aligned_buf
                0x0000000000039460                uip_listenports
                0x0000000000039470                uip_len
                0x0000000000039472                uip_long_lladdr
                0x000000000003947c                uip_sappdata
                0x0000000000039480                uip_udp_conns
                0x0000000000039600                uip_udp_conn
                0x0000000000039604                uip_next_hdr
                0x0000000000039608                uip_conn
 COMMON         0x000000000003960c        0x1 obj_cooja/mtype840.a(tcpip.o)
                0x000000000003960c                tcpip_event
 *fill*         0x000000000003960d       0x13 
 COMMON         0x0000000000039620      0x178 obj_cooja/mtype840.a(rpl-dag.o)
                0x0000000000039620                default_instance
                0x0000000000039640                instance_table
 COMMON         0x0000000000039798       0x10 obj_cooja/mtype840.a(linkaddr.o)
                0x0000000000039798                linkaddr_node_addr
                0x00000000000397a0                long_linkaddr_node_addr
 COMMON         0x00000000000397a8       0x2e obj_cooja/mtype840.a(packetbuf.o)
                0x00000000000397a8                packetbuf_attrs
                0x00000000000397c6                packetbuf_addrs
 *fill*         0x00000000000397d6        0xa 
 COMMON         0x00000000000397e0       0x48 obj_cooja/mtype840.a(rimestats.o)
                0x00000000000397e0                rimestats
                0x0000000000039828                . = ALIGN ((. != 0x0)?0x4:0x1)
                0x0000000000039828                . = ALIGN (0x4)
                0x0000000000039828                . = SEGMENT_START ("ldata-segment", .)
                0x0000000000039828                . = ALIGN (0x4)
                0x0000000000039828                _end = .
                0x0000000000039828                PROVIDE (end, .)
                0x0000000000039828                . = DATA_SEGMENT_END (.)

.stab
 *(.stab)

.stabstr
 *(.stabstr)

.stab.excl
 *(.stab.excl)

.stab.exclstr
 *(.stab.exclstr)

.stab.index
 *(.stab.index)

.stab.indexstr
 *(.stab.indexstr)

.comment        0x0000000000000000       0x29
 *(.comment)
 .comment       0x0000000000000000       0x29 /usr/lib/gcc/i686-linux-gnu/4.8/crtbeginS.o
                                         0x2a (size before relaxing)
 .comment       0x0000000000000000       0x2a udp-server.co
 .comment       0x0000000000000000       0x2a obj_cooja/mtype840.o
 .comment       0x0000000000000000       0x2a obj_cooja/mtype840.a(simEnvChange.o)
 .comment       0x0000000000000000       0x2a obj_cooja/mtype840.a(cooja_mt.o)
 .comment       0x0000000000000000       0x2a obj_cooja/mtype840.a(cooja_mtarch.o)
 .comment       0x0000000000000000       0x2a obj_cooja/mtype840.a(rtimer-arch.o)
 .comment       0x0000000000000000       0x2a obj_cooja/mtype840.a(beep.o)
 .comment       0x0000000000000000       0x2a obj_cooja/mtype840.a(button-sensor.o)
 .comment       0x0000000000000000       0x2a obj_cooja/mtype840.a(leds-arch.o)
 .comment       0x0000000000000000       0x2a obj_cooja/mtype840.a(moteid.o)
 .comment       0x0000000000000000       0x2a obj_cooja/mtype840.a(pir-sensor.o)
 .comment       0x0000000000000000       0x2a obj_cooja/mtype840.a(rs232.o)
 .comment       0x0000000000000000       0x2a obj_cooja/mtype840.a(vib-sensor.o)
 .comment       0x0000000000000000       0x2a obj_cooja/mtype840.a(clock.o)
 .comment       0x0000000000000000       0x2a obj_cooja/mtype840.a(log.o)
 .comment       0x0000000000000000       0x2a obj_cooja/mtype840.a(cfs-cooja.o)
 .comment       0x0000000000000000       0x2a obj_cooja/mtype840.a(cooja-radio.o)
 .comment       0x0000000000000000       0x2a obj_cooja/mtype840.a(eeprom.o)
 .comment       0x0000000000000000       0x2a obj_cooja/mtype840.a(random.o)
 .comment       0x0000000000000000       0x2a obj_cooja/mtype840.a(sensors.o)
 .comment       0x0000000000000000       0x2a obj_cooja/mtype840.a(leds.o)
 .comment       0x0000000000000000       0x2a obj_cooja/mtype840.a(dual_conf.o)
 .comment       0x0000000000000000       0x2a obj_cooja/mtype840.a(autostart.o)
 .comment       0x0000000000000000       0x2a obj_cooja/mtype840.a(ctimer.o)
 .comment       0x0000000000000000       0x2a obj_cooja/mtype840.a(etimer.o)
 .comment       0x0000000000000000       0x2a obj_cooja/mtype840.a(log_message.o)
 .comment       0x0000000000000000       0x2a obj_cooja/mtype840.a(process.o)
 .comment       0x0000000000000000       0x2a obj_cooja/mtype840.a(residual.o)
 .comment       0x0000000000000000       0x2a obj_cooja/mtype840.a(rtimer.o)
 .comment       0x0000000000000000       0x2a obj_cooja/mtype840.a(timer.o)
 .comment       0x0000000000000000       0x2a obj_cooja/mtype840.a(serial-line.o)
 .comment       0x0000000000000000       0x2a obj_cooja/mtype840.a(list.o)
 .comment       0x0000000000000000       0x2a obj_cooja/mtype840.a(ringbuf.o)
 .comment       0x0000000000000000       0x2a obj_cooja/mtype840.a(sicslowpan.o)
 .comment       0x0000000000000000       0x2a obj_cooja/mtype840.a(uip-ds6-nbr.o)
 .comment       0x0000000000000000       0x2a obj_cooja/mtype840.a(uip-ds6.o)
 .comment       0x0000000000000000       0x2a obj_cooja/mtype840.a(uip6.o)
 .comment       0x0000000000000000       0x2a obj_cooja/mtype840.a(tcpip.o)
 .comment       0x0000000000000000       0x2a obj_cooja/mtype840.a(uip-debug.o)
 .comment       0x0000000000000000       0x2a obj_cooja/mtype840.a(uip-packetqueue)
 .comment       0x0000000000000000       0x2a obj_cooja/mtype840.a(rpl-dag.o)
 .comment       0x0000000000000000       0x2a obj_cooja/mtype840.a(rpl-ext-header.)
 .comment       0x0000000000000000       0x2a obj_cooja/mtype840.a(rpl-icmp6.o)
 .comment       0x0000000000000000       0x2a obj_cooja/mtype840.a(rpl-ltmax.o)
 .comment       0x0000000000000000       0x2a obj_cooja/mtype840.a(rpl-timers.o)
 .comment       0x0000000000000000       0x2a obj_cooja/mtype840.a(rpl.o)
 .comment       0x0000000000000000       0x2a obj_cooja/mtype840.a(csma.o)
 .comment       0x0000000000000000       0x2a obj_cooja/mtype840.a(framer-802154.o)
 .comment       0x0000000000000000       0x2a obj_cooja/mtype840.a(mac.o)
 .comment       0x0000000000000000       0x2a obj_cooja/mtype840.a(cxmac.o)
 .comment       0x0000000000000000       0x2a obj_cooja/mtype840.a(linkaddr.o)
 .comment       0x0000000000000000       0x2a obj_cooja/mtype840.a(nbr-table.o)
 .comment       0x0000000000000000       0x2a obj_cooja/mtype840.a(netstack.o)
 .comment       0x0000000000000000       0x2a obj_cooja/mtype840.a(packetbuf.o)
 .comment       0x0000000000000000       0x2a obj_cooja/mtype840.a(queuebuf.o)
 .comment       0x0000000000000000       0x2a obj_cooja/mtype840.a(nullsec.o)
 .comment       0x0000000000000000       0x2a obj_cooja/mtype840.a(watchdog.o)
 .comment       0x0000000000000000       0x2a obj_cooja/mtype840.a(rimestats.o)
 .comment       0x0000000000000000       0x2a obj_cooja/mtype840.a(stimer.o)
 .comment       0x0000000000000000       0x2a obj_cooja/mtype840.a(memb.o)
 .comment       0x0000000000000000       0x2a obj_cooja/mtype840.a(uip-ds6-route.o)
 .comment       0x0000000000000000       0x2a obj_cooja/mtype840.a(uip-icmp6.o)
 .comment       0x0000000000000000       0x2a obj_cooja/mtype840.a(uip-nd6.o)
 .comment       0x0000000000000000       0x2a obj_cooja/mtype840.a(rpl-nbr-policy.)
 .comment       0x0000000000000000       0x2a obj_cooja/mtype840.a(frame802154.o)
 .comment       0x0000000000000000       0x2a /usr/lib/gcc/i686-linux-gnu/4.8/crtendS.o

.debug
 *(.debug)

.line
 *(.line)

.debug_srcinfo
 *(.debug_srcinfo)

.debug_sfnames
 *(.debug_sfnames)

.debug_aranges  0x0000000000000000      0x818
 *(.debug_aranges)
 .debug_aranges
                0x0000000000000000       0x20 udp-server.co
 .debug_aranges
                0x0000000000000020       0x20 obj_cooja/mtype840.o
 .debug_aranges
                0x0000000000000040       0x20 obj_cooja/mtype840.a(simEnvChange.o)
 .debug_aranges
                0x0000000000000060       0x20 obj_cooja/mtype840.a(cooja_mt.o)
 .debug_aranges
                0x0000000000000080       0x20 obj_cooja/mtype840.a(cooja_mtarch.o)
 .debug_aranges
                0x00000000000000a0       0x20 obj_cooja/mtype840.a(rtimer-arch.o)
 .debug_aranges
                0x00000000000000c0       0x20 obj_cooja/mtype840.a(beep.o)
 .debug_aranges
                0x00000000000000e0       0x20 obj_cooja/mtype840.a(button-sensor.o)
 .debug_aranges
                0x0000000000000100       0x20 obj_cooja/mtype840.a(leds-arch.o)
 .debug_aranges
                0x0000000000000120       0x20 obj_cooja/mtype840.a(moteid.o)
 .debug_aranges
                0x0000000000000140       0x20 obj_cooja/mtype840.a(pir-sensor.o)
 .debug_aranges
                0x0000000000000160       0x20 obj_cooja/mtype840.a(rs232.o)
 .debug_aranges
                0x0000000000000180       0x20 obj_cooja/mtype840.a(vib-sensor.o)
 .debug_aranges
                0x00000000000001a0       0x20 obj_cooja/mtype840.a(clock.o)
 .debug_aranges
                0x00000000000001c0       0x20 obj_cooja/mtype840.a(log.o)
 .debug_aranges
                0x00000000000001e0       0x20 obj_cooja/mtype840.a(cfs-cooja.o)
 .debug_aranges
                0x0000000000000200       0x20 obj_cooja/mtype840.a(cooja-radio.o)
 .debug_aranges
                0x0000000000000220       0x20 obj_cooja/mtype840.a(eeprom.o)
 .debug_aranges
                0x0000000000000240       0x20 obj_cooja/mtype840.a(random.o)
 .debug_aranges
                0x0000000000000260       0x20 obj_cooja/mtype840.a(sensors.o)
 .debug_aranges
                0x0000000000000280       0x20 obj_cooja/mtype840.a(leds.o)
 .debug_aranges
                0x00000000000002a0       0x20 obj_cooja/mtype840.a(dual_conf.o)
 .debug_aranges
                0x00000000000002c0       0x20 obj_cooja/mtype840.a(autostart.o)
 .debug_aranges
                0x00000000000002e0       0x20 obj_cooja/mtype840.a(ctimer.o)
 .debug_aranges
                0x0000000000000300       0x20 obj_cooja/mtype840.a(etimer.o)
 .debug_aranges
                0x0000000000000320       0x20 obj_cooja/mtype840.a(log_message.o)
 .debug_aranges
                0x0000000000000340       0x20 obj_cooja/mtype840.a(process.o)
 .debug_aranges
                0x0000000000000360       0x20 obj_cooja/mtype840.a(residual.o)
 .debug_aranges
                0x0000000000000380       0x20 obj_cooja/mtype840.a(rtimer.o)
 .debug_aranges
                0x00000000000003a0       0x20 obj_cooja/mtype840.a(timer.o)
 .debug_aranges
                0x00000000000003c0       0x20 obj_cooja/mtype840.a(serial-line.o)
 .debug_aranges
                0x00000000000003e0       0x20 obj_cooja/mtype840.a(list.o)
 .debug_aranges
                0x0000000000000400       0x20 obj_cooja/mtype840.a(ringbuf.o)
 .debug_aranges
                0x0000000000000420       0x20 obj_cooja/mtype840.a(sicslowpan.o)
 .debug_aranges
                0x0000000000000440       0x20 obj_cooja/mtype840.a(uip-ds6-nbr.o)
 .debug_aranges
                0x0000000000000460       0x20 obj_cooja/mtype840.a(uip-ds6.o)
 .debug_aranges
                0x0000000000000480       0x20 obj_cooja/mtype840.a(uip6.o)
 .debug_aranges
                0x00000000000004a0       0x20 obj_cooja/mtype840.a(tcpip.o)
 .debug_aranges
                0x00000000000004c0       0x20 obj_cooja/mtype840.a(uip-debug.o)
 .debug_aranges
                0x00000000000004e0       0x20 obj_cooja/mtype840.a(uip-packetqueue)
 .debug_aranges
                0x0000000000000500       0x20 obj_cooja/mtype840.a(rpl-dag.o)
 .debug_aranges
                0x0000000000000520       0x20 obj_cooja/mtype840.a(rpl-ext-header.)
 .debug_aranges
                0x0000000000000540       0x20 obj_cooja/mtype840.a(rpl-icmp6.o)
 .debug_aranges
                0x0000000000000560       0x20 obj_cooja/mtype840.a(rpl-ltmax.o)
 .debug_aranges
                0x0000000000000580       0x20 obj_cooja/mtype840.a(rpl-timers.o)
 .debug_aranges
                0x00000000000005a0       0x20 obj_cooja/mtype840.a(rpl.o)
 .debug_aranges
                0x00000000000005c0       0x20 obj_cooja/mtype840.a(csma.o)
 .debug_aranges
                0x00000000000005e0       0x20 obj_cooja/mtype840.a(framer-802154.o)
 .debug_aranges
                0x0000000000000600       0x20 obj_cooja/mtype840.a(mac.o)
 .debug_aranges
                0x0000000000000620       0x20 obj_cooja/mtype840.a(cxmac.o)
 .debug_aranges
                0x0000000000000640       0x20 obj_cooja/mtype840.a(linkaddr.o)
 .debug_aranges
                0x0000000000000660       0x20 obj_cooja/mtype840.a(nbr-table.o)
 .debug_aranges
                0x0000000000000680       0x20 obj_cooja/mtype840.a(netstack.o)
 .debug_aranges
                0x00000000000006a0       0x20 obj_cooja/mtype840.a(packetbuf.o)
 .debug_aranges
                0x00000000000006c0       0x20 obj_cooja/mtype840.a(queuebuf.o)
 .debug_aranges
                0x00000000000006e0       0x20 obj_cooja/mtype840.a(nullsec.o)
 .debug_aranges
                0x0000000000000700       0x20 obj_cooja/mtype840.a(watchdog.o)
 .debug_aranges
                0x0000000000000720       0x18 obj_cooja/mtype840.a(rimestats.o)
 .debug_aranges
                0x0000000000000738       0x20 obj_cooja/mtype840.a(stimer.o)
 .debug_aranges
                0x0000000000000758       0x20 obj_cooja/mtype840.a(memb.o)
 .debug_aranges
                0x0000000000000778       0x20 obj_cooja/mtype840.a(uip-ds6-route.o)
 .debug_aranges
                0x0000000000000798       0x20 obj_cooja/mtype840.a(uip-icmp6.o)
 .debug_aranges
                0x00000000000007b8       0x20 obj_cooja/mtype840.a(uip-nd6.o)
 .debug_aranges
                0x00000000000007d8       0x20 obj_cooja/mtype840.a(rpl-nbr-policy.)
 .debug_aranges
                0x00000000000007f8       0x20 obj_cooja/mtype840.a(frame802154.o)

.debug_pubnames
 *(.debug_pubnames)

.debug_info     0x0000000000000000    0x1e725
 *(.debug_info .gnu.linkonce.wi.*)
 .debug_info    0x0000000000000000      0xe94 udp-server.co
 .debug_info    0x0000000000000e94     0x3b8f obj_cooja/mtype840.o
 .debug_info    0x0000000000004a23      0x15a obj_cooja/mtype840.a(simEnvChange.o)
 .debug_info    0x0000000000004b7d      0x1e2 obj_cooja/mtype840.a(cooja_mt.o)
 .debug_info    0x0000000000004d5f      0x2e7 obj_cooja/mtype840.a(cooja_mtarch.o)
 .debug_info    0x0000000000005046      0x16b obj_cooja/mtype840.a(rtimer-arch.o)
 .debug_info    0x00000000000051b1      0x1f3 obj_cooja/mtype840.a(beep.o)
 .debug_info    0x00000000000053a4      0x257 obj_cooja/mtype840.a(button-sensor.o)
 .debug_info    0x00000000000055fb      0x132 obj_cooja/mtype840.a(leds-arch.o)
 .debug_info    0x000000000000572d      0x10a obj_cooja/mtype840.a(moteid.o)