Archive member included to satisfy reference by file (symbol)

obj_cooja/mtype92.a(simEnvChange.o)
                              obj_cooja/mtype92.o (simDontFallAsleep)
obj_cooja/mtype92.a(cooja_mt.o)
                              obj_cooja/mtype92.o (cooja_mt_start)
obj_cooja/mtype92.a(cooja_mtarch.o)
                              obj_cooja/mtype92.a(cooja_mt.o) (cooja_mtarch_init)
obj_cooja/mtype92.a(rtimer-arch.o)
                              obj_cooja/mtype92.o (rtimer_arch_next)
obj_cooja/mtype92.a(beep.o)   obj_cooja/mtype92.o (beep_interface)
obj_cooja/mtype92.a(button-sensor.o)
                              obj_cooja/mtype92.o (button_interface)
obj_cooja/mtype92.a(leds-arch.o)
                              obj_cooja/mtype92.o (leds_interface)
obj_cooja/mtype92.a(moteid.o)
                              obj_cooja/mtype92.o (moteid_interface)
obj_cooja/mtype92.a(pir-sensor.o)
                              obj_cooja/mtype92.o (pir_interface)
obj_cooja/mtype92.a(rs232.o)  obj_cooja/mtype92.o (rs232_interface)
obj_cooja/mtype92.a(vib-sensor.o)
                              obj_cooja/mtype92.o (vib_interface)
obj_cooja/mtype92.a(clock.o)  obj_cooja/mtype92.o (clock_interface)
obj_cooja/mtype92.a(log.o)    obj_cooja/mtype92.o (simlog_interface)
obj_cooja/mtype92.a(cfs-cooja.o)
                              obj_cooja/mtype92.o (cfs_interface)
obj_cooja/mtype92.a(cooja-radio.o)
                              obj_cooja/mtype92.o (radio_interface)
obj_cooja/mtype92.a(eeprom.o)
                              obj_cooja/mtype92.o (eeprom_interface)
obj_cooja/mtype92.a(random.o)
                              obj_cooja/mtype92.a(moteid.o) (random_init)
obj_cooja/mtype92.a(sensors.o)
                              obj_cooja/mtype92.o (sensors_process)
obj_cooja/mtype92.a(leds.o)   obj_cooja/mtype92.a(cooja-radio.o) (leds_on)
obj_cooja/mtype92.a(dual_conf.o)
                              obj_cooja/mtype92.a(cooja-radio.o) (long_range_radio)
obj_cooja/mtype92.a(autostart.o)
                              obj_cooja/mtype92.o (autostart_start)
obj_cooja/mtype92.a(ctimer.o)
                              obj_cooja/mtype92.o (ctimer_init)
obj_cooja/mtype92.a(etimer.o)
                              obj_cooja/mtype92.o (etimer_process)
obj_cooja/mtype92.a(log_message.o)
                              obj_cooja/mtype92.o (log_initialization)
obj_cooja/mtype92.a(process.o)
                              udp-client.co (process_current)
obj_cooja/mtype92.a(residual.o)
                              udp-client.co (DISSIPATION_RATE)
obj_cooja/mtype92.a(rtimer.o)
                              obj_cooja/mtype92.a(rtimer-arch.o) (rtimer_run_next)
obj_cooja/mtype92.a(stimer.o)
                              udp-client.co (stimer_remaining)
obj_cooja/mtype92.a(timer.o)  obj_cooja/mtype92.a(button-sensor.o) (timer_set)
obj_cooja/mtype92.a(serial-line.o)
                              udp-client.co (serial_line_event_message)
obj_cooja/mtype92.a(list.o)   obj_cooja/mtype92.a(ctimer.o) (list_init)
obj_cooja/mtype92.a(ringbuf.o)
                              obj_cooja/mtype92.a(serial-line.o) (ringbuf_init)
obj_cooja/mtype92.a(sicslowpan.o)
                              obj_cooja/mtype92.o (sicslowpan_driver)
obj_cooja/mtype92.a(uip-ds6-nbr.o)
                              obj_cooja/mtype92.a(sicslowpan.o) (uip_ds6_link_neighbor_callback)
obj_cooja/mtype92.a(uip-ds6-route.o)
                              udp-client.co (uip_ds6_route_nexthop)
obj_cooja/mtype92.a(uip-ds6.o)
                              udp-client.co (uip_ds6_if)
obj_cooja/mtype92.a(uip6.o)   udp-client.co (uip_lladdr)
obj_cooja/mtype92.a(tcpip.o)  udp-client.co (tcpip_event)
obj_cooja/mtype92.a(uip-debug.o)
                              udp-client.co (uip_debug_ipaddr_print)
obj_cooja/mtype92.a(uip-packetqueue)
                              obj_cooja/mtype92.a(uip-ds6-nbr.o) (uip_packetqueue_new)
obj_cooja/mtype92.a(uip-udp-packet.)
                              udp-client.co (uip_udp_packet_sendto)
obj_cooja/mtype92.a(rpl-dag.o)
                              udp-client.co (rpl_parents)
obj_cooja/mtype92.a(rpl-ext-header.)
                              obj_cooja/mtype92.a(uip6.o) (rpl_verify_header)
obj_cooja/mtype92.a(rpl-icmp6.o)
                              obj_cooja/mtype92.a(rpl-dag.o) (rpl_icmp6_update_nbr_table)
obj_cooja/mtype92.a(rpl-ltmax.o)
                              obj_cooja/mtype92.a(rpl-dag.o) (rpl_ltmax_of)
obj_cooja/mtype92.a(rpl-timers.o)
                              obj_cooja/mtype92.a(rpl-dag.o) (rpl_reset_dio_timer)
obj_cooja/mtype92.a(rpl.o)    obj_cooja/mtype92.a(rpl-icmp6.o) (rpl_get_mode)
obj_cooja/mtype92.a(csma.o)   obj_cooja/mtype92.o (csma_driver)
obj_cooja/mtype92.a(framer-802154.o)
                              obj_cooja/mtype92.a(sicslowpan.o) (framer_802154)
obj_cooja/mtype92.a(mac.o)    obj_cooja/mtype92.a(csma.o) (mac_call_sent_callback)
obj_cooja/mtype92.a(cxmac.o)  obj_cooja/mtype92.o (cxmac_driver)
obj_cooja/mtype92.a(linkaddr.o)
[...]
Memory Configuration

Name             Origin             Length             Attributes
*default*        0x0000000000000000 0xffffffffffffffff

Linker script and memory map

LOAD /usr/lib/gcc/i686-linux-gnu/4.8/../../../i386-linux-gnu/crti.o
LOAD /usr/lib/gcc/i686-linux-gnu/4.8/crtbeginS.o
LOAD udp-client.co
LOAD obj_cooja/mtype92.o
LOAD obj_cooja/mtype92.a
LOAD /usr/lib/gcc/i686-linux-gnu/4.8/libgcc.a
LOAD /usr/lib/gcc/i686-linux-gnu/4.8/libgcc_s.so
LOAD /usr/lib/gcc/i686-linux-gnu/4.8/../../../i386-linux-gnu/libc.so
START GROUP
LOAD /lib/i386-linux-gnu/libc.so.6
LOAD /usr/lib/i386-linux-gnu/libc_nonshared.a
LOAD /lib/i386-linux-gnu/ld-linux.so.2
END GROUP
LOAD /usr/lib/gcc/i686-linux-gnu/4.8/libgcc.a
LOAD /usr/lib/gcc/i686-linux-gnu/4.8/libgcc_s.so
LOAD /usr/lib/gcc/i686-linux-gnu/4.8/crtendS.o
LOAD /usr/lib/gcc/i686-linux-gnu/4.8/../../../i386-linux-gnu/crtn.o
                0x0000000000000114                . = (0x0 + SIZEOF_HEADERS)

.note.gnu.build-id
                0x0000000000000114       0x24
 *(.note.gnu.build-id)
 .note.gnu.build-id
                0x0000000000000114       0x24 /usr/lib/gcc/i686-linux-gnu/4.8/../../../i386-linux-gnu/crti.o

.hash
 *(.hash)

.gnu.hash       0x0000000000000138     0x1390
 *(.gnu.hash)
 .gnu.hash      0x0000000000000138     0x1390 /usr/lib/gcc/i686-linux-gnu/4.8/../../../i386-linux-gnu/crti.o

.dynsym         0x00000000000014c8     0x26a0
 *(.dynsym)
 .dynsym        0x00000000000014c8     0x26a0 /usr/lib/gcc/i686-linux-gnu/4.8/../../../i386-linux-gnu/crti.o

.dynstr         0x0000000000003b68     0x27ae
 *(.dynstr)
 .dynstr        0x0000000000003b68     0x27ae /usr/lib/gcc/i686-linux-gnu/4.8/../../../i386-linux-gnu/crti.o

.gnu.version    0x0000000000006316      0x4d4
 *(.gnu.version)
 .gnu.version   0x0000000000006316      0x4d4 /usr/lib/gcc/i686-linux-gnu/4.8/../../../i386-linux-gnu/crti.o

.gnu.version_d  0x00000000000067ec        0x0
 *(.gnu.version_d)
 .gnu.version_d
                0x0000000000000000        0x0 /usr/lib/gcc/i686-linux-gnu/4.8/../../../i386-linux-gnu/crti.o

.gnu.version_r  0x00000000000067ec       0x50
 *(.gnu.version_r)
 .gnu.version_r
                0x00000000000067ec       0x50 /usr/lib/gcc/i686-linux-gnu/4.8/../../../i386-linux-gnu/crti.o

.rel.dyn        0x000000000000683c     0xab90
 *(.rel.init)
 .rel.init      0x0000000000000000        0x0 /usr/lib/gcc/i686-linux-gnu/4.8/../../../i386-linux-gnu/crti.o
 *(.rel.text .rel.text.* .rel.gnu.linkonce.t.*)
 .rel.text      0x000000000000683c     0xa3b8 /usr/lib/gcc/i686-linux-gnu/4.8/../../../i386-linux-gnu/crti.o
 *(.rel.fini)
 .rel.fini      0x0000000000000000        0x0 /usr/lib/gcc/i686-linux-gnu/4.8/../../../i386-linux-gnu/crti.o
 *(.rel.rodata .rel.rodata.* .rel.gnu.linkonce.r.*)
 .rel.rodata    0x0000000000010bf4      0x4e0 /usr/lib/gcc/i686-linux-gnu/4.8/../../../i386-linux-gnu/crti.o
 *(.rel.data.rel.ro .rel.data.rel.ro.* .rel.gnu.linkonce.d.rel.ro.*)
 *(.rel.data .rel.data.* .rel.gnu.linkonce.d.*)
 .rel.data.rel  0x00000000000110d4        0x8 /usr/lib/gcc/i686-linux-gnu/4.8/../../../i386-linux-gnu/crti.o
 .rel.data      0x00000000000110dc      0x2b8 /usr/lib/gcc/i686-linux-gnu/4.8/../../../i386-linux-gnu/crti.o
 *(.rel.tdata .rel.tdata.* .rel.gnu.linkonce.td.*)
 *(.rel.tbss .rel.tbss.* .rel.gnu.linkonce.tb.*)
 *(.rel.ctors)
 *(.rel.dtors)
 *(.rel.got)
 .rel.got       0x0000000000011394       0x28 /usr/lib/gcc/i686-linux-gnu/4.8/../../../i386-linux-gnu/crti.o
 *(.rel.bss .rel.bss.* .rel.gnu.linkonce.b.*)
 *(.rel.ifunc)
 .rel.ifunc     0x0000000000000000        0x0 /usr/lib/gcc/i686-linux-gnu/4.8/../../../i386-linux-gnu/crti.o
 .rel.fini_array
                0x00000000000113bc        0x8 /usr/lib/gcc/i686-linux-gnu/4.8/../../../i386-linux-gnu/crti.o
 .rel.init_array
                0x00000000000113c4        0x8 /usr/lib/gcc/i686-linux-gnu/4.8/../../../i386-linux-gnu/crti.o

.rel.plt        0x00000000000113cc       0x10
 *(.rel.plt)
 .rel.plt       0x00000000000113cc       0x10 /usr/lib/gcc/i686-linux-gnu/4.8/../../../i386-linux-gnu/crti.o
 *(.rel.iplt)

.init           0x00000000000113dc       0x23
 *(SORT(.init))
 .init          0x00000000000113dc       0x1e /usr/lib/gcc/i686-linux-gnu/4.8/../../../i386-linux-gnu/crti.o
                0x00000000000113dc                _init
 .init          0x00000000000113fa        0x5 /usr/lib/gcc/i686-linux-gnu/4.8/../../../i386-linux-gnu/crtn.o

.plt            0x0000000000011400       0x30
 *(.plt)
 .plt           0x0000000000011400       0x30 /usr/lib/gcc/i686-linux-gnu/4.8/../../../i386-linux-gnu/crti.o
 *(.iplt)

.text           0x0000000000011430    0x189ca
 *(.text.unlikely .text.*_unlikely .text.unlikely.*)
 *(.text.exit .text.exit.*)
 *(.text.startup .text.startup.*)
 *(.text.hot .text.hot.*)
 *(.text .stub .text.* .gnu.linkonce.t.*)
 .text          0x0000000000011430        0x0 /usr/lib/gcc/i686-linux-gnu/4.8/../../../i386-linux-gnu/crti.o
 .gnu.linkonce.t.__x86.get_pc_thunk.bx
                0x0000000000011430        0x4 /usr/lib/gcc/i686-linux-gnu/4.8/../../../i386-linux-gnu/crti.o
                0x0000000000011430                __x86.get_pc_thunk.bx
 *fill*         0x0000000000011434        0xc 
 .text          0x0000000000011440      0x11b /usr/lib/gcc/i686-linux-gnu/4.8/crtbeginS.o
 .text          0x000000000001155b      0x92b udp-client.co
 .text          0x0000000000011e86      0x96a obj_cooja/mtype92.o
                0x0000000000012034                contiki_init
                0x0000000000012607                Java_org_contikios_cooja_corecomm_Lib39_init
                0x0000000000012647                Java_org_contikios_cooja_corecomm_Lib39_getMemory
                0x0000000000012687                Java_org_contikios_cooja_corecomm_Lib39_setMemory
                0x00000000000126fe                Java_org_contikios_cooja_corecomm_Lib39_tick
                0x00000000000127de                Java_org_contikios_cooja_corecomm_Lib39_setReferenceAddress
 .text          0x00000000000127f0       0x63 obj_cooja/mtype92.a(simEnvChange.o)
                0x00000000000127f0                doActionsBeforeTick
                0x0000000000012821                doActionsAfterTick
 .text          0x0000000000012853       0xbc obj_cooja/mtype92.a(cooja_mt.o)
                0x0000000000012853                cooja_mt_init
                0x0000000000012860                cooja_mt_remove
                0x000000000001286d                cooja_mt_start
                0x000000000001289a                cooja_mt_exec
                0x00000000000128cb                cooja_mt_exit
                0x00000000000128ed                cooja_mt_yield
 .text          0x000000000001290f      0x115 obj_cooja/mtype92.a(cooja_mtarch.o)
                0x000000000001290f                cooja_mtarch_init
                0x0000000000012914                cooja_mtarch_start
                0x000000000001298f                cooja_sw
                0x00000000000129b1                cooja_mtarch_exec
                0x00000000000129cd                cooja_mtarch_remove
                0x00000000000129d2                cooja_mtarch_yield
                0x00000000000129dc                cooja_mtarch_pstop
                0x00000000000129e1                cooja_mtarch_pstart
                0x00000000000129e6                cooja_mtarch_stack_usage
 .text          0x0000000000012a24       0xc2 obj_cooja/mtype92.a(rtimer-arch.o)
                0x0000000000012a24                rtimer_arch_init
                0x0000000000012a47                rtimer_arch_schedule
                0x0000000000012a5e                rtimer_arch_next
                0x0000000000012a68                rtimer_arch_pending
                0x0000000000012a72                rtimer_arch_check
                0x0000000000012aa4                rtimer_arch_now
 .text          0x0000000000012ae6       0x76 obj_cooja/mtype92.a(beep.o)
                0x0000000000012ae6                beep_alarm
                0x0000000000012af2                beep_beep
                0x0000000000012afe                beep
                0x0000000000012b0a                beep_down
                0x0000000000012b16                beep_on
                0x0000000000012b22                beep_off
                0x0000000000012b2e                beep_spinup
                0x0000000000012b3a                beep_quick
                0x0000000000012b46                beep_long
 .text          0x0000000000012b5c      0x103 obj_cooja/mtype92.a(button-sensor.o)
 .text          0x0000000000012c5f       0x45 obj_cooja/mtype92.a(leds-arch.o)
                0x0000000000012c5f                leds_arch_init
                0x0000000000012c6b                leds_arch_get
                0x0000000000012c77                leds_arch_set
 .text          0x0000000000012ca4       0x2f obj_cooja/mtype92.a(moteid.o)
 .text          0x0000000000012cd3       0xb1 obj_cooja/mtype92.a(pir-sensor.o)
 .text          0x0000000000012d84      0x131 obj_cooja/mtype92.a(rs232.o)
                0x0000000000012d84                rs232_init
                0x0000000000012d89                rs232_set_speed
                0x0000000000012d97                rs232_set_input
                0x0000000000012da4                rs232_send
                0x0000000000012dc6                rs232_print
                0x0000000000012de1                slip_arch_writeb
 .text          0x0000000000012eb5       0xb1 obj_cooja/mtype92.a(vib-sensor.o)
 .text          0x0000000000012f66       0x34 obj_cooja/mtype92.a(clock.o)
                0x0000000000012f66                clock_init
                0x0000000000012f6b                clock_time
                0x0000000000012f75                clock_seconds
                0x0000000000012f8b                clock_delay
 .text          0x0000000000012f9a      0x1ed obj_cooja/mtype92.a(log.o)
                0x0000000000012f9a                simlog_char
                0x0000000000012fdc                simlog
                0x0000000000013049                log_message
                0x0000000000013071                log_set_putchar_with_slip
                0x000000000001307e                log_putchar
                0x0000000000013102                log_puts
                0x0000000000013126                log_printf
 .text          0x0000000000013187      0x2c4 obj_cooja/mtype92.a(cfs-cooja.o)
                0x0000000000013187                cfs_open
                0x00000000000131f0                cfs_close
                0x00000000000131fc                cfs_read
                0x000000000001329a                cfs_write
                0x0000000000013377                cfs_seek
                0x00000000000133ff                cfs_remove
                0x0000000000013428                cfs_opendir
                0x0000000000013432                cfs_readdir
                0x000000000001343c                cfs_closedir
 .text          0x000000000001344b      0x69f obj_cooja/mtype92.a(cooja-radio.o)
                0x0000000000013475                radio_set_channel
                0x000000000001348a                radio_set_txpower
                0x00000000000134aa                radio_signal_strength_last
                0x00000000000134b4                radio_signal_strength_current
                0x00000000000134be                radio_LQI
 .text          0x0000000000013aea       0xef obj_cooja/mtype92.a(eeprom.o)
                0x0000000000013aea                eeprom_init
                0x0000000000013aef                eeprom_read
                0x0000000000013b5f                eeprom_write
 .text          0x0000000000013bd9       0x28 obj_cooja/mtype92.a(random.o)
                0x0000000000013bd9                random_init
                0x0000000000013bf4                random_rand
 .text          0x0000000000013c01      0x2a1 obj_cooja/mtype92.a(sensors.o)
                0x0000000000013c3c                sensors_first
                0x0000000000013c46                sensors_next
                0x0000000000013c63                sensors_changed
                0x0000000000013c92                sensors_find
 .text          0x0000000000013ea2      0x134 obj_cooja/mtype92.a(leds.o)
                0x0000000000013ef3                leds_init
                0x0000000000013f07                leds_blink
                0x0000000000013f3f                leds_get
                0x0000000000013f4c                leds_set
                0x0000000000013f66                leds_on
                0x0000000000013f89                leds_off
                0x0000000000013fb3                leds_toggle
 .text          0x0000000000013fd6      0x318 obj_cooja/mtype92.a(dual_conf.o)
                0x0000000000013fd6                dual_radio_switch
                0x0000000000014016                dual_radio_change
                0x0000000000014050                sending_in_LR
                0x000000000001407b                dual_radio_received
                0x00000000000140b3                radio_received_is_longrange
                0x00000000000140ce                dual_radio_turn_on
                0x00000000000140f1                dual_radio_turn_off
                0x00000000000142a4                dio_broadcast
                0x00000000000142cd                dis_broadcast
 .text          0x00000000000142ee       0x8e obj_cooja/mtype92.a(autostart.o)
                0x00000000000142ee                autostart_start
                0x0000000000014339                autostart_exit
 .text          0x000000000001437c      0x334 obj_cooja/mtype92.a(ctimer.o)
                0x0000000000014493                ctimer_init
                0x00000000000144c3                ctimer_set
                0x00000000000144f4                ctimer_set_with_process
                0x0000000000014570                ctimer_reset
                0x00000000000145bf                ctimer_restart
                0x000000000001460e                ctimer_stop
                0x0000000000014659                ctimer_expired
 .text          0x00000000000146b0      0x40b obj_cooja/mtype92.a(etimer.o)
                0x00000000000148c3                etimer_request_poll
                0x0000000000014947                etimer_set
                0x000000000001496c                etimer_reset_with_new_interval
                0x0000000000014993                etimer_reset
                0x00000000000149b1                etimer_restart
                0x00000000000149cf                etimer_adjust
                0x00000000000149eb                etimer_expired
                0x00000000000149fe                etimer_expiration_time
                0x0000000000014a10                etimer_start_time
                0x0000000000014a1a                etimer_pending
                0x0000000000014a2c                etimer_next_expiration_time
                0x0000000000014a46                etimer_stop
 .text          0x0000000000014abb      0x220 obj_cooja/mtype92.a(log_message.o)
                0x0000000000014abb                log_initialization
                0x0000000000014cba                log_finisher
 .text          0x0000000000014cdb      0x560 obj_cooja/mtype92.a(process.o)
                0x0000000000014cdb                process_alloc_event
                0x0000000000014cf0                process_start
                0x0000000000014ed9                process_exit
                0x0000000000014ef5                process_init
                0x00000000000150c6                process_run
                0x00000000000150f9                process_nevents
                0x0000000000015114                process_post
                0x00000000000151c0                process_post_synch
                0x00000000000151f8                process_poll
                0x0000000000015227                process_is_running
 .text          0x000000000001523b       0xd3 obj_cooja/mtype92.a(residual.o)
                0x000000000001523b                get_residual_energy
 .text          0x000000000001530e       0xba obj_cooja/mtype92.a(rtimer.o)
                0x000000000001530e                rtimer_init
                0x000000000001531b                rtimer_set
                0x0000000000015372                rtimer_run_next
 .text          0x00000000000153c8       0xa3 obj_cooja/mtype92.a(stimer.o)
                0x00000000000153c8                stimer_set
                0x00000000000153e3                stimer_reset
                0x00000000000153fa                stimer_restart
                0x000000000001540c                stimer_expired
                0x0000000000015433                stimer_remaining
                0x0000000000015457                stimer_elapsed
 .text          0x000000000001546b       0x91 obj_cooja/mtype92.a(timer.o)
                0x000000000001546b                timer_set
                0x0000000000015486                timer_reset
                0x000000000001549d                timer_restart
                0x00000000000154af                timer_expired
                0x00000000000154d8                timer_remaining
 .text          0x00000000000154fc      0x1fb obj_cooja/mtype92.a(serial-line.o)
                0x00000000000154fc                serial_line_input_byte
                0x00000000000156bf                serial_line_init
 .text          0x00000000000156f7      0x244 obj_cooja/mtype92.a(list.o)
                0x00000000000156f7                list_init
                0x0000000000015705                list_head
                0x000000000001570f                list_copy
                0x000000000001571e                list_tail
                0x0000000000015754                list_add
                0x000000000001579d                list_push
                0x00000000000157c9                list_chop
                0x0000000000015833                list_pop
                0x000000000001585b                list_remove
                0x00000000000158c2                list_length
                0x00000000000158f0                list_insert
                0x0000000000015924                list_item_next
 .text          0x000000000001593b      0x155 obj_cooja/mtype92.a(ringbuf.o)
                0x000000000001593b                ringbuf_init
                0x000000000001596c                ringbuf_put
                0x00000000000159ea                ringbuf_get
                0x0000000000015a57                ringbuf_size
                0x0000000000015a69                ringbuf_elements
 .text          0x0000000000015a90     0x2c8c obj_cooja/mtype92.a(sicslowpan.o)
                0x0000000000016090                rime_sniffer_add
                0x000000000001609d                rime_sniffer_remove
                0x00000000000186bb                sicslowpan_init
                0x0000000000018712                sicslowpan_get_last_rssi
 .text          0x000000000001871c      0x2d9 obj_cooja/mtype92.a(uip-ds6-nbr.o)
                0x0000000000018739                uip_ds6_neighbors_init
                0x0000000000018756                uip_ds6_nbr_add
                0x0000000000018804                uip_ds6_nbr_rm
                0x0000000000018861                uip_ds6_nbr_get_ipaddr
                0x0000000000018876                uip_ds6_nbr_get_ll
                0x0000000000018892                uip_ds6_nbr_num
                0x00000000000188d7                uip_ds6_nbr_lookup
                0x000000000001893c                uip_ds6_nbr_ll_lookup
                0x0000000000018958                uip_ds6_nbr_ipaddr_from_lladdr
                0x000000000001897e                uip_ds6_nbr_lladdr_from_ipaddr
                0x00000000000189ac                uip_ds6_link_neighbor_callback
 .text          0x00000000000189f5      0x916 obj_cooja/mtype92.a(uip-ds6-route.o)
                0x0000000000018a6c                uip_ds6_notification_add
                0x0000000000018a9d                uip_ds6_notification_rm
                0x0000000000018ab9                uip_ds6_route_init
                0x0000000000018b41                uip_ds6_route_nexthop
                0x0000000000018b69                uip_ds6_route_head
                0x0000000000018b7e                uip_ds6_route_next
                0x0000000000018ba4                uip_ds6_route_is_nexthop
                0x0000000000018be3                uip_ds6_route_num_routes
                0x0000000000018bed                uip_ds6_route_lookup
                0x0000000000018caf                uip_ds6_route_add
                0x0000000000018ee3                uip_ds6_route_rm
                0x0000000000019077                uip_ds6_route_rm_by_nexthop
                0x00000000000190af                uip_ds6_defrt_add
                0x0000000000019160                uip_ds6_defrt_rm
                0x00000000000191df                uip_ds6_defrt_lookup
                0x0000000000019238                uip_ds6_defrt_choose
                0x00000000000192a3                uip_ds6_defrt_periodic
 .text          0x000000000001930b     0x1fe0 obj_cooja/mtype92.a(uip-ds6.o)
                0x000000000001930b                uip_ds6_init
                0x0000000000019660                uip_ds6_periodic
                0x0000000000019738                uip_ds6_list_loop
                0x00000000000197df                uip_ds6_prefix_add
                0x000000000001989d                uip_ds6_prefix_rm
                0x00000000000198af                uip_ds6_prefix_lookup
                0x0000000000019900                uip_ds6_is_addr_onlink
                0x0000000000019974                uip_ds6_addr_add
                0x0000000000019e69                uip_ds6_long_addr_add
                0x000000000001a35e                uip_ds6_addr_rm
                0x000000000001a3fe                uip_ds6_addr_lookup
                0x000000000001a449                uip_ds6_long_addr_lookup
                0x000000000001a494                uip_ds6_get_link_local
                0x000000000001a513                uip_ds6_long_get_link_local
                0x000000000001a592                uip_ds6_get_global
                0x000000000001a611                uip_ds6_long_get_global
                0x000000000001a690                uip_ds6_maddr_add
                0x000000000001a702                uip_ds6_long_maddr_add
                0x000000000001a774                uip_ds6_maddr_rm
                0x000000000001a786                uip_ds6_maddr_lookup
                0x000000000001a7d1                uip_ds6_long_maddr_lookup
                0x000000000001a81c                uip_ds6_aaddr_add
                0x000000000001a88e                uip_ds6_long_aaddr_add
                0x000000000001a900                uip_ds6_aaddr_rm
                0x000000000001a912                uip_ds6_aaddr_lookup
                0x000000000001a95d                uip_ds6_long_aaddr_lookup
                0x000000000001a9a8                uip_ds6_select_src
                0x000000000001b1d6                uip_ds6_set_addr_iid
                0x000000000001b20d                get_match_length
                0x000000000001b29f                uip_ds6_compute_reachable_time
 .text          0x000000000001b2eb     0x2ccc obj_cooja/mtype92.a(uip6.o)
                0x000000000001b2eb                uip_add32
                0x000000000001b484                uip_chksum
                0x000000000001b59a                uip_icmp6chksum
                0x000000000001b5ae                uip_tcpchksum
                0x000000000001b5c2                uip_init
                0x000000000001b692                uip_connect
                0x000000000001b841                remove_ext_hdr
                0x000000000001b94a                uip_udp_new
                0x000000000001baa6                uip_unlisten
                0x000000000001bb06                uip_listen
                0x000000000001be2c                uip_process
                0x000000000001deab                uip_htons
                0x000000000001decd                uip_htonl
                0x000000000001df0d                uip_send
 .text          0x000000000001dfb7      0xb4f obj_cooja/mtype92.a(tcpip.o)
                0x000000000001dfb7                tcpip_output
                0x000000000001dff2                tcpip_set_outputfunc
                0x000000000001e086                tcp_connect
                0x000000000001e0db                tcp_unlisten
                0x000000000001e136                tcp_listen
                0x000000000001e18f                tcp_attach
                0x000000000001e1b4                udp_attach
                0x000000000001e1d9                udp_new
                0x000000000001e22b                udp_broadcast_new
                0x000000000001e49f                tcpip_input
                0x000000000001e4d3                tcpip_ipv6_output
                0x000000000001e942                tcpip_poll_udp
                0x000000000001e965                tcpip_poll_tcp
                0x000000000001e988                tcpip_uipcall
 .text          0x000000000001eb06      0x1c1 obj_cooja/mtype92.a(uip-debug.o)
                0x000000000001eb06                uip_debug_ipaddr_print
                0x000000000001ec68                uip_debug_lladdr_print
 .text          0x000000000001ecc7      0x141 obj_cooja/mtype92.a(uip-packetqueue)
                0x000000000001ecf3                uip_packetqueue_new
                0x000000000001ed01                uip_packetqueue_alloc
                0x000000000001ed61                uip_packetqueue_free
                0x000000000001eda2                uip_packetqueue_buf
                0x000000000001edbf                uip_packetqueue_buflen
                0x000000000001ede0                uip_packetqueue_set_buflen
 .text          0x000000000001ee08      0x131 obj_cooja/mtype92.a(uip-udp-packet.)
                0x000000000001ee08                uip_udp_packet_send
                0x000000000001ee68                uip_udp_packet_sendto
 .text          0x000000000001ef39     0x258c obj_cooja/mtype92.a(rpl-dag.o)
                0x000000000001ef39                rpl_print_neighbor_list
                0x000000000001efa0                rpl_print_child_neighbor_list
                0x000000000001f007                rpl_get_nbr
                0x000000000001f061                rpl_get_nbr_child
                0x000000000001f0bb                rpl_dag_init
                0x000000000001f0ed                rpl_get_parent
                0x000000000001f10f                rpl_get_parent_rank
                0x000000000001f142                rpl_get_parent_link_metric
                0x000000000001f175                rpl_get_parent_ipaddr
                0x000000000001f19f                rpl_get_child_ipaddr
                0x000000000001f4a9                rpl_set_root
                0x000000000001f6d7                rpl_repair_root
                0x000000000001f913                rpl_set_prefix
                0x000000000001fa12                rpl_set_default_route
                0x000000000001fa9e                rpl_alloc_instance
                0x000000000001fb26                rpl_alloc_dag
                0x000000000001fbd9                rpl_set_default_instance
                0x000000000001fbe6                rpl_get_default_instance
                0x000000000001fbf0                rpl_free_instance
                0x000000000001fc91                rpl_free_dag
                0x000000000001fcf7                rpl_add_parent
                0x000000000001fde0                rpl_find_parent
                0x000000000001fe10                rpl_add_child
                0x000000000001feb4                rpl_find_child
                0x000000000001ff02                rpl_find_parent_any_dag
                0x000000000001ff3e                rpl_select_dag
                0x000000000002036e                rpl_select_parent
                0x00000000000203d0                rpl_remove_parent
                0x0000000000020406                rpl_remove_child
                0x0000000000020422                rpl_nullify_parent
                0x00000000000204c0                rpl_move_parent
                0x000000000002055d                rpl_has_downward_route
                0x00000000000205b0                rpl_get_any_dag
                0x0000000000020612                rpl_get_instance
                0x0000000000020675                rpl_find_of
                0x00000000000206b2                rpl_join_instance
                0x000000000002094e                rpl_add_dag
                0x0000000000020d3d                rpl_local_repair
                0x0000000000020e16                rpl_recalculate_ranks
                0x0000000000020e9c                rpl_process_parent_event
                0x0000000000020f4e                rpl_process_dio
 .text          0x00000000000214c5      0xbf3 obj_cooja/mtype92.a(rpl-ext-header.)
                0x00000000000214e2                rpl_verify_header
                0x000000000002195c                rpl_update_header_empty
                0x0000000000021c73                rpl_update_header_final
                0x0000000000021e02                rpl_remove_header
                0x0000000000021f0c                rpl_invert_header
                0x0000000000022096                rpl_insert_header
 .text          0x00000000000220b8     0x22fb obj_cooja/mtype92.a(rpl-icmp6.o)
                0x0000000000022381                rpl_icmp6_update_nbr_table
                0x0000000000022471                dis_output
                0x0000000000022da9                dio_output
                0x0000000000023f1e                dao_output
                0x0000000000023fe6                dao_output_target
                0x0000000000024367                dao_ack_output
                0x000000000002437b                rpl_icmp6_register_handlers
 .text          0x00000000000243b3      0x3b5 obj_cooja/mtype92.a(rpl-ltmax.o)
 .text          0x0000000000024768      0x59d obj_cooja/mtype92.a(rpl-timers.o)
                0x00000000000249ae                rpl_reset_periodic_timer
                0x0000000000024a03                rpl_reset_dio_timer
                0x0000000000024c3d                rpl_schedule_dao
                0x0000000000024c58                rpl_schedule_dao_immediately
                0x0000000000024c73                rpl_cancel_dao
                0x0000000000024cd5                rpl_schedule_unicast_dio_immediately
 .text          0x0000000000024d05      0x5c5 obj_cooja/mtype92.a(rpl.o)
                0x0000000000024d05                rpl_get_mode
                0x0000000000024d0f                rpl_set_mode
                0x0000000000024d9d                rpl_purge_routes
                0x0000000000024e97                rpl_remove_routes
                0x0000000000024edd                rpl_remove_routes_by_nexthop
                0x0000000000024f49                rpl_add_route
                0x0000000000024fc4                rpl_link_neighbor_callback
                0x00000000000250c9                rpl_ipv6_neighbor_callback
                0x0000000000025138                rpl_purge_dags
                0x0000000000025244                rpl_init
 .text          0x00000000000252ca      0x8c3 obj_cooja/mtype92.a(csma.o)
 .text          0x0000000000025b8d      0x3f5 obj_cooja/mtype92.a(framer-802154.o)
 .text          0x0000000000025f82       0x3c obj_cooja/mtype92.a(mac.o)
                0x0000000000025f82                mac_call_sent_callback
 .text          0x0000000000025fbe     0x10e9 obj_cooja/mtype92.a(cxmac.o)
                0x0000000000026ff7                cxmac_set_announcement_radio_txpower
                0x0000000000026ffc                cxmac_init
 .text          0x00000000000270a7       0x82 obj_cooja/mtype92.a(linkaddr.o)
                0x00000000000270a7                linkaddr_copy
                0x00000000000270c9                linkaddr_cmp
                0x00000000000270f3                linkaddr_set_node_addr
                0x000000000002710e                linkaddr_set_node_long_addr
 .text          0x0000000000027129      0x919 obj_cooja/mtype92.a(nbr-table.o)
                0x0000000000027129                long_ip_from_lladdr_map
                0x00000000000271b6                lladdr_map_add_lr
                0x0000000000027273                lladdr_map_rm_lr
                0x0000000000027738                nbr_table_register
                0x0000000000027780                nbr_table_head
                0x00000000000277dc                nbr_table_next
                0x0000000000027843                nbr_table_add_lladdr
                0x000000000002791f                nbr_table_get_from_lladdr
                0x000000000002796c                nbr_table_remove
                0x00000000000279be                nbr_table_lock
                0x00000000000279e8                nbr_table_unlock
                0x0000000000027a12                nbr_table_get_lladdr
 .text          0x0000000000027a42       0x2b obj_cooja/mtype92.a(netstack.o)
                0x0000000000027a42                netstack_init
 .text          0x0000000000027a6d      0x3cd obj_cooja/mtype92.a(packetbuf.o)
                0x0000000000027a6d                packetbuf_clear
                0x0000000000027a97                packetbuf_copyfrom
                0x0000000000027ae9                packetbuf_compact
                0x0000000000027b66                packetbuf_copyto
                0x0000000000027bfd                packetbuf_hdralloc
                0x0000000000027c7a                packetbuf_hdrreduce
                0x0000000000027cc2                packetbuf_set_datalen
                0x0000000000027cdb                packetbuf_dataptr
                0x0000000000027cf8                packetbuf_hdrptr
                0x0000000000027d02                packetbuf_datalen
                0x0000000000027d0e                packetbuf_hdrlen
                0x0000000000027d25                packetbuf_totlen
                0x0000000000027d3b                packetbuf_attr_clear
                0x0000000000027d8d                packetbuf_attr_copyto
                0x0000000000027dd6                packetbuf_attr_copyfrom
                0x0000000000027e1e                packetbuf_holds_broadcast
 .text          0x0000000000027e3a      0x2b4 obj_cooja/mtype92.a(queuebuf.o)
                0x0000000000027e44                queuebuf_init
                0x0000000000027e64                queuebuf_numfree
                0x0000000000027e78                queuebuf_new_from_packetbuf
                0x0000000000027f08                queuebuf_update_attr_from_packetbuf
                0x0000000000027f3b                queuebuf_update_from_packetbuf
                0x0000000000027f85                queuebuf_free
                0x0000000000027fcc                queuebuf_to_packetbuf
                0x0000000000028032                queuebuf_dataptr
                0x0000000000028069                queuebuf_datalen
                0x000000000002808c                queuebuf_addr
                0x00000000000280be                queuebuf_attr
                0x00000000000280e9                queuebuf_debug_print
 .text          0x00000000000280ee       0x6e obj_cooja/mtype92.a(nullsec.o)
 .text          0x000000000002815c       0x19 obj_cooja/mtype92.a(watchdog.o)
                0x000000000002815c                watchdog_init
                0x0000000000028161                watchdog_start
                0x0000000000028166                watchdog_periodic
                0x000000000002816b                watchdog_stop
                0x0000000000028170                watchdog_reboot
 .text          0x0000000000028175        0x0 obj_cooja/mtype92.a(rimestats.o)
 .text          0x0000000000028175      0x1c1 obj_cooja/mtype92.a(memb.o)
                0x0000000000028175                memb_init
                0x00000000000281d3                memb_alloc
                0x0000000000028238                memb_free
                0x00000000000282b3                memb_inmemb
                0x00000000000282f2                memb_numfree
 .text          0x0000000000028336      0xabf obj_cooja/mtype92.a(uip-icmp6.o)
                0x00000000000283a4                uip_icmp6_input
                0x00000000000283fa                uip_icmp6_register_input_handler
                0x00000000000286c2                uip_icmp6_error_output
                0x0000000000028a07                uip_icmp6_send
                0x0000000000028d88                uip_icmp6_echo_reply_callback_add
                0x0000000000028db9                uip_icmp6_echo_reply_callback_rm
                0x0000000000028dd5                uip_icmp6_init
 .text          0x0000000000028df5      0x358 obj_cooja/mtype92.a(uip-nd6.o)
                0x0000000000028e49                uip_nd6_ns_output
                0x0000000000029148                uip_nd6_init
 .text          0x000000000002914d      0x331 obj_cooja/mtype92.a(rpl-nbr-policy.)
                0x0000000000029325                find_removable_dis
                0x0000000000029348                find_removable_dio
                0x00000000000293d7                find_removable_dao
                0x0000000000029427                rpl_nbr_policy_find_removable
 .text          0x000000000002947e      0x97c obj_cooja/mtype92.a(frame802154.o)
                0x00000000000294af                frame802154_get_pan_id
                0x00000000000294bb                frame802154_set_pan_id
                0x00000000000294d4                frame802154_has_panid
                0x00000000000295c0                frame802154_check_dest_panid
                0x0000000000029628                frame802154_is_broadcast_addr
                0x0000000000029675                frame802154_extract_linkaddr
                0x00000000000298b5                frame802154_hdrlen
                0x0000000000029906                frame802154_create
                0x0000000000029af1                frame802154_parse
 .text          0x0000000000029dfa        0x0 /usr/lib/gcc/i686-linux-gnu/4.8/crtendS.o
 .text          0x0000000000029dfa        0x0 /usr/lib/gcc/i686-linux-gnu/4.8/../../../i386-linux-gnu/crtn.o
 *(.gnu.warning)

.fini           0x0000000000029dfc       0x14
 *(SORT(.fini))
 .fini          0x0000000000029dfc        0xf /usr/lib/gcc/i686-linux-gnu/4.8/../../../i386-linux-gnu/crti.o
                0x0000000000029dfc                _fini
 .fini          0x0000000000029e0b        0x5 /usr/lib/gcc/i686-linux-gnu/4.8/../../../i386-linux-gnu/crtn.o
                0x0000000000029e10                PROVIDE (__etext, .)
                0x0000000000029e10                PROVIDE (_etext, .)
                0x0000000000029e10                PROVIDE (etext, .)

.rodata         0x0000000000029e20     0x1c60
 *(.rodata .rodata.* .gnu.linkonce.r.*)
 .rodata        0x0000000000029e20      0x456 udp-client.co
                0x0000000000029e34                autostart_processes
 *fill*         0x000000000002a276        0x2 
 .rodata        0x000000000002a278      0x1e6 obj_cooja/mtype92.o
 *fill*         0x000000000002a45e        0x2 
 .rodata        0x000000000002a460        0x8 obj_cooja/mtype92.a(beep.o)
                0x000000000002a460                beep_interface
 .rodata        0x000000000002a468       0x20 obj_cooja/mtype92.a(button-sensor.o)
                0x000000000002a468                button_interface
                0x000000000002a478                button_sensor
 .rodata        0x000000000002a488        0x8 obj_cooja/mtype92.a(leds-arch.o)
                0x000000000002a488                leds_interface
 .rodata        0x000000000002a490        0x8 obj_cooja/mtype92.a(moteid.o)
                0x000000000002a490                moteid_interface
 .rodata        0x000000000002a498       0x1c obj_cooja/mtype92.a(pir-sensor.o)
                0x000000000002a498                pir_interface
                0x000000000002a4a4                pir_sensor
 .rodata        0x000000000002a4b4        0xe obj_cooja/mtype92.a(rs232.o)
                0x000000000002a4b4                rs232_interface
 *fill*         0x000000000002a4c2        0x2 
 .rodata        0x000000000002a4c4       0x24 obj_cooja/mtype92.a(vib-sensor.o)
                0x000000000002a4c4                vib_interface
                0x000000000002a4d8                vib_sensor
 .rodata        0x000000000002a4e8        0x8 obj_cooja/mtype92.a(clock.o)
                0x000000000002a4e8                clock_interface
 .rodata        0x000000000002a4f0        0x8 obj_cooja/mtype92.a(log.o)
                0x000000000002a4f0                simlog_interface
 .rodata        0x000000000002a4f8       0x2f obj_cooja/mtype92.a(cfs-cooja.o)
                0x000000000002a4f8                cfs_interface
 *fill*         0x000000000002a527       0x19 
 .rodata        0x000000000002a540       0x60 obj_cooja/mtype92.a(cooja-radio.o)
                0x000000000002a560                cooja_radio_driver
                0x000000000002a598                radio_interface
 .rodata        0x000000000002a5a0        0x8 obj_cooja/mtype92.a(eeprom.o)
                0x000000000002a5a0                eeprom_interface
 .rodata        0x000000000002a5a8        0x8 obj_cooja/mtype92.a(sensors.o)
 .rodata        0x000000000002a5b0       0x1c obj_cooja/mtype92.a(dual_conf.o)
 .rodata        0x000000000002a5cc        0xf obj_cooja/mtype92.a(ctimer.o)
 .rodata        0x000000000002a5db        0xc obj_cooja/mtype92.a(etimer.o)
 *fill*         0x000000000002a5e7        0x1 
 .rodata        0x000000000002a5e8      0x16d obj_cooja/mtype92.a(log_message.o)
 *fill*         0x000000000002a755        0x3 
 .rodata        0x000000000002a758       0x20 obj_cooja/mtype92.a(residual.o)
                0x000000000002a758                DISSIPATION_RATE
 .rodata        0x000000000002a778        0xe obj_cooja/mtype92.a(serial-line.o)
 *fill*         0x000000000002a786        0x2 
 .rodata        0x000000000002a788      0x924 obj_cooja/mtype92.a(sicslowpan.o)
                0x000000000002a861                unc_llconf
                0x000000000002a865                unc_ctxconf
                0x000000000002a869                unc_mxconf
                0x000000000002a86d                llprefix
                0x000000000002b0a0                sicslowpan_driver
 .rodata        0x000000000002b0ac       0xcf obj_cooja/mtype92.a(uip-ds6.o)
 *fill*         0x000000000002b17b        0x1 
 .rodata        0x000000000002b17c      0x56c obj_cooja/mtype92.a(uip6.o)
 .rodata        0x000000000002b6e8       0x46 obj_cooja/mtype92.a(tcpip.o)
 .rodata        0x000000000002b72e       0x3e obj_cooja/mtype92.a(uip-debug.o)
 .rodata        0x000000000002b76c        0x4 obj_cooja/mtype92.a(rpl-dag.o)
 .rodata        0x000000000002b770       0x24 obj_cooja/mtype92.a(csma.o)
                0x000000000002b778                csma_driver
 .rodata        0x000000000002b794        0xc obj_cooja/mtype92.a(framer-802154.o)
                0x000000000002b794                framer_802154
 .rodata        0x000000000002b7a0      0x2c0 obj_cooja/mtype92.a(cxmac.o)
                0x000000000002ba40                cxmac_driver
 .rodata        0x000000000002ba60        0x8 obj_cooja/mtype92.a(linkaddr.o)
                0x000000000002ba60                linkaddr_null
 .rodata        0x000000000002ba68       0x18 obj_cooja/mtype92.a(nullsec.o)
                0x000000000002ba70                nullsec_driver

.rodata1
 *(.rodata1)

.eh_frame_hdr   0x000000000002ba80     0x140c
 *(.eh_frame_hdr)
 .eh_frame_hdr  0x000000000002ba80     0x140c udp-client.co

.eh_frame       0x000000000002ce8c     0x51a0
 *(.eh_frame)
 .eh_frame      0x000000000002ce8c       0x3c /usr/lib/gcc/i686-linux-gnu/4.8/../../../i386-linux-gnu/crti.o
                                         0x40 (size before relaxing)
 .eh_frame      0x000000000002cec8       0xb4 udp-client.co
                                         0xcc (size before relaxing)
 .eh_frame      0x000000000002cf7c      0x148 obj_cooja/mtype92.o
                                        0x160 (size before relaxing)
 .eh_frame      0x000000000002d0c4       0x40 obj_cooja/mtype92.a(simEnvChange.o)
                                         0x58 (size before relaxing)
 .eh_frame      0x000000000002d104       0xc0 obj_cooja/mtype92.a(cooja_mt.o)
                                         0xd8 (size before relaxing)
 .eh_frame      0x000000000002d1c4      0x120 obj_cooja/mtype92.a(cooja_mtarch.o)
                                        0x138 (size before relaxing)
 .eh_frame      0x000000000002d2e4       0xc0 obj_cooja/mtype92.a(rtimer-arch.o)
                                         0xd8 (size before relaxing)
 .eh_frame      0x000000000002d3a4      0x160 obj_cooja/mtype92.a(beep.o)
                                        0x178 (size before relaxing)
 .eh_frame      0x000000000002d504       0xa0 obj_cooja/mtype92.a(button-sensor.o)
                                         0xb8 (size before relaxing)
 .eh_frame      0x000000000002d5a4       0xa0 obj_cooja/mtype92.a(leds-arch.o)
                                         0xb8 (size before relaxing)
 .eh_frame      0x000000000002d644       0x40 obj_cooja/mtype92.a(moteid.o)
                                         0x58 (size before relaxing)
 .eh_frame      0x000000000002d684       0xa0 obj_cooja/mtype92.a(pir-sensor.o)
                                         0xb8 (size before relaxing)
 .eh_frame      0x000000000002d724      0x100 obj_cooja/mtype92.a(rs232.o)
                                        0x118 (size before relaxing)
 .eh_frame      0x000000000002d824       0xa0 obj_cooja/mtype92.a(vib-sensor.o)
                                         0xb8 (size before relaxing)
 .eh_frame      0x000000000002d8c4       0xc0 obj_cooja/mtype92.a(clock.o)
                                         0xd8 (size before relaxing)
 .eh_frame      0x000000000002d984      0x120 obj_cooja/mtype92.a(log.o)
                                        0x138 (size before relaxing)
 .eh_frame      0x000000000002daa4      0x160 obj_cooja/mtype92.a(cfs-cooja.o)
                                        0x178 (size before relaxing)
 .eh_frame      0x000000000002dc04      0x2e0 obj_cooja/mtype92.a(cooja-radio.o)
                                        0x2f8 (size before relaxing)
 .eh_frame      0x000000000002dee4       0xa0 obj_cooja/mtype92.a(eeprom.o)
                                         0xb8 (size before relaxing)
 .eh_frame      0x000000000002df84       0x40 obj_cooja/mtype92.a(random.o)
                                         0x58 (size before relaxing)
 .eh_frame      0x000000000002dfc4       0xc0 obj_cooja/mtype92.a(sensors.o)
                                         0xd8 (size before relaxing)
 .eh_frame      0x000000000002e084      0x100 obj_cooja/mtype92.a(leds.o)
                                        0x118 (size before relaxing)
 .eh_frame      0x000000000002e184      0x160 obj_cooja/mtype92.a(dual_conf.o)
                                        0x178 (size before relaxing)
 .eh_frame      0x000000000002e2e4       0x40 obj_cooja/mtype92.a(autostart.o)
                                         0x58 (size before relaxing)
 .eh_frame      0x000000000002e324      0x100 obj_cooja/mtype92.a(ctimer.o)
                                        0x118 (size before relaxing)
 .eh_frame      0x000000000002e424      0x1e0 obj_cooja/mtype92.a(etimer.o)
                                        0x1f8 (size before relaxing)
 .eh_frame      0x000000000002e604       0x50 obj_cooja/mtype92.a(log_message.o)
                                         0x68 (size before relaxing)
 .eh_frame      0x000000000002e654      0x1c8 obj_cooja/mtype92.a(process.o)
                                        0x1e0 (size before relaxing)
 .eh_frame      0x000000000002e81c       0x2c obj_cooja/mtype92.a(residual.o)
                                         0x44 (size before relaxing)
 .eh_frame      0x000000000002e848       0x60 obj_cooja/mtype92.a(rtimer.o)
                                         0x78 (size before relaxing)
 .eh_frame      0x000000000002e8a8       0xc4 obj_cooja/mtype92.a(stimer.o)
                                         0xdc (size before relaxing)
 .eh_frame      0x000000000002e96c       0xa4 obj_cooja/mtype92.a(timer.o)
                                         0xbc (size before relaxing)
 .eh_frame      0x000000000002ea10       0x60 obj_cooja/mtype92.a(serial-line.o)
                                         0x78 (size before relaxing)
 .eh_frame      0x000000000002ea70      0x180 obj_cooja/mtype92.a(list.o)
                                        0x198 (size before relaxing)
 .eh_frame      0x000000000002ebf0       0xa0 obj_cooja/mtype92.a(ringbuf.o)
                                         0xb8 (size before relaxing)
 .eh_frame      0x000000000002ec90      0x350 obj_cooja/mtype92.a(sicslowpan.o)
                                        0x368 (size before relaxing)
 .eh_frame      0x000000000002efe0      0x180 obj_cooja/mtype92.a(uip-ds6-nbr.o)
                                        0x198 (size before relaxing)
 .eh_frame      0x000000000002f160      0x2a0 obj_cooja/mtype92.a(uip-ds6-route.o)
                                        0x2b8 (size before relaxing)
 .eh_frame      0x000000000002f400      0x3c8 obj_cooja/mtype92.a(uip-ds6.o)
                                        0x3e0 (size before relaxing)
 .eh_frame      0x000000000002f7c8      0x25c obj_cooja/mtype92.a(uip6.o)
                                        0x274 (size before relaxing)
 .eh_frame      0x000000000002fa24      0x270 obj_cooja/mtype92.a(tcpip.o)
                                        0x288 (size before relaxing)
 .eh_frame      0x000000000002fc94       0x48 obj_cooja/mtype92.a(uip-debug.o)
                                         0x60 (size before relaxing)
 .eh_frame      0x000000000002fcdc       0xe0 obj_cooja/mtype92.a(uip-packetqueue)
                                         0xf8 (size before relaxing)
 .eh_frame      0x000000000002fdbc       0x40 obj_cooja/mtype92.a(uip-udp-packet.)
                                         0x58 (size before relaxing)
 .eh_frame      0x000000000002fdfc      0x74c obj_cooja/mtype92.a(rpl-dag.o)
                                        0x764 (size before relaxing)
 .eh_frame      0x0000000000030548      0x10c obj_cooja/mtype92.a(rpl-ext-header.)
                                        0x124 (size before relaxing)
 .eh_frame      0x0000000000030654      0x2b8 obj_cooja/mtype92.a(rpl-icmp6.o)
                                        0x2d0 (size before relaxing)
 .eh_frame      0x000000000003090c       0xe0 obj_cooja/mtype92.a(rpl-ltmax.o)
                                         0xf8 (size before relaxing)
 .eh_frame      0x00000000000309ec      0x1ac obj_cooja/mtype92.a(rpl-timers.o)
                                        0x1c4 (size before relaxing)
 .eh_frame      0x0000000000030b98      0x148 obj_cooja/mtype92.a(rpl.o)
                                        0x160 (size before relaxing)
 .eh_frame      0x0000000000030ce0      0x28c obj_cooja/mtype92.a(csma.o)
                                        0x2a4 (size before relaxing)
 .eh_frame      0x0000000000030f6c      0x108 obj_cooja/mtype92.a(framer-802154.o)
                                        0x120 (size before relaxing)
 .eh_frame      0x0000000000031074       0x20 obj_cooja/mtype92.a(mac.o)
                                         0x38 (size before relaxing)
 .eh_frame      0x0000000000031094      0x2c0 obj_cooja/mtype92.a(cxmac.o)
                                        0x2d8 (size before relaxing)
 .eh_frame      0x0000000000031354       0x80 obj_cooja/mtype92.a(linkaddr.o)
                                         0x98 (size before relaxing)
 .eh_frame      0x00000000000313d4      0x2cc obj_cooja/mtype92.a(nbr-table.o)
                                        0x2e4 (size before relaxing)
 .eh_frame      0x00000000000316a0       0x20 obj_cooja/mtype92.a(netstack.o)
                                         0x38 (size before relaxing)
 .eh_frame      0x00000000000316c0      0x214 obj_cooja/mtype92.a(packetbuf.o)
                                        0x22c (size before relaxing)
 .eh_frame      0x00000000000318d4      0x1a0 obj_cooja/mtype92.a(queuebuf.o)
                                        0x1b8 (size before relaxing)
 .eh_frame      0x0000000000031a74       0x80 obj_cooja/mtype92.a(nullsec.o)
                                         0x98 (size before relaxing)
 .eh_frame      0x0000000000031af4       0xa0 obj_cooja/mtype92.a(watchdog.o)
                                         0xb8 (size before relaxing)
 .eh_frame      0x0000000000031b94       0xa0 obj_cooja/mtype92.a(memb.o)
                                         0xb8 (size before relaxing)
 .eh_frame      0x0000000000031c34      0x168 obj_cooja/mtype92.a(uip-icmp6.o)
                                        0x180 (size before relaxing)
 .eh_frame      0x0000000000031d9c       0x68 obj_cooja/mtype92.a(uip-nd6.o)
                                         0x80 (size before relaxing)
 .eh_frame      0x0000000000031e04       0xc0 obj_cooja/mtype92.a(rpl-nbr-policy.)
                                         0xd8 (size before relaxing)
 .eh_frame      0x0000000000031ec4      0x164 obj_cooja/mtype92.a(frame802154.o)
                                        0x17c (size before relaxing)
 .eh_frame      0x0000000000032028        0x4 /usr/lib/gcc/i686-linux-gnu/4.8/crtendS.o

.gcc_except_table
 *(.gcc_except_table .gcc_except_table.*)

.exception_ranges
 *(.exception_ranges .exception_ranges*)
                0x000000000003202c                . = (ALIGN (0x1000) - ((0x1000 - .) & 0xfff))
                0x0000000000033ef8                . = DATA_SEGMENT_ALIGN (0x1000, 0x1000)

.eh_frame
 *(.eh_frame)

.gcc_except_table
 *(.gcc_except_table .gcc_except_table.*)

.exception_ranges
 *(.exception_ranges .exception_ranges*)

.tdata
 *(.tdata .tdata.* .gnu.linkonce.td.*)

.tbss
 *(.tbss .tbss.* .gnu.linkonce.tb.*)
 *(.tcommon)

.preinit_array
 *(.preinit_array)

.init_array     0x0000000000033ef8        0x4
 *(SORT(.init_array.*) SORT(.ctors.*))
 *(.init_array EXCLUDE_FILE(*crtend?.o *crtend.o *crtbegin?.o *crtbegin.o) .ctors)
 .init_array    0x0000000000033ef8        0x4 /usr/lib/gcc/i686-linux-gnu/4.8/crtbeginS.o

.fini_array     0x0000000000033efc        0x4
 *(SORT(.fini_array.*) SORT(.dtors.*))
 *(.fini_array EXCLUDE_FILE(*crtend?.o *crtend.o *crtbegin?.o *crtbegin.o) .dtors)
 .fini_array    0x0000000000033efc        0x4 /usr/lib/gcc/i686-linux-gnu/4.8/crtbeginS.o

.ctors
 *crtbegin.o(.ctors)
 *crtbegin?.o(.ctors)
 *(EXCLUDE_FILE(*crtend?.o *crtend.o) .ctors)
 *(SORT(.ctors.*))
 *(.ctors)

.dtors
 *crtbegin.o(.dtors)
 *crtbegin?.o(.dtors)
 *(EXCLUDE_FILE(*crtend?.o *crtend.o) .dtors)
 *(SORT(.dtors.*))
 *(.dtors)

.jcr            0x0000000000033f00        0x4
 *(.jcr)
 .jcr           0x0000000000033f00        0x0 /usr/lib/gcc/i686-linux-gnu/4.8/crtbeginS.o
 .jcr           0x0000000000033f00        0x4 /usr/lib/gcc/i686-linux-gnu/4.8/crtendS.o

.data.rel.ro
 *(.data.rel.ro.local* .gnu.linkonce.d.rel.ro.local.*)
 *(.data.rel.ro .data.rel.ro.* .gnu.linkonce.d.rel.ro.*)

.dynamic        0x0000000000033f04       0xe8
 *(.dynamic)
 .dynamic       0x0000000000033f04       0xe8 /usr/lib/gcc/i686-linux-gnu/4.8/../../../i386-linux-gnu/crti.o
                0x0000000000033f04                _DYNAMIC

.got            0x0000000000033fec       0x14
 *(.got)
 .got           0x0000000000033fec       0x14 /usr/lib/gcc/i686-linux-gnu/4.8/../../../i386-linux-gnu/crti.o
 *(.igot)
                0x0000000000034ff4                . = DATA_SEGMENT_RELRO_END (., (SIZEOF (.got.plt) >= 0xc)?0xc:0x0)

.got.plt        0x0000000000034000       0x14
 *(.got.plt)
 .got.plt       0x0000000000034000       0x14 /usr/lib/gcc/i686-linux-gnu/4.8/../../../i386-linux-gnu/crti.o
                0x0000000000034000                _GLOBAL_OFFSET_TABLE_
 *(.igot.plt)

.data           0x0000000000034020      0x2a2
 *(.data .data.* .gnu.linkonce.d.*)
 .data          0x0000000000034020        0x0 /usr/lib/gcc/i686-linux-gnu/4.8/../../../i386-linux-gnu/crti.o
 .data          0x0000000000034020        0x0 /usr/lib/gcc/i686-linux-gnu/4.8/crtbeginS.o
 .data.rel      0x0000000000034020        0x4 /usr/lib/gcc/i686-linux-gnu/4.8/crtbeginS.o
                0x0000000000034020                __dso_handle
 .data          0x0000000000034024       0x14 udp-client.co
                0x0000000000034028                udp_client_process
 *fill*         0x0000000000034038        0x8 
 .data          0x0000000000034040       0x44 obj_cooja/mtype92.o
                0x0000000000034040                simInterfaces
                0x0000000000034074                sensors
 .data          0x0000000000034084        0x0 obj_cooja/mtype92.a(simEnvChange.o)
 .data          0x0000000000034084        0x0 obj_cooja/mtype92.a(cooja_mt.o)
 .data          0x0000000000034084        0x0 obj_cooja/mtype92.a(cooja_mtarch.o)
 .data          0x0000000000034084        0x0 obj_cooja/mtype92.a(rtimer-arch.o)
 .data          0x0000000000034084        0x0 obj_cooja/mtype92.a(beep.o)
 .data          0x0000000000034084        0x0 obj_cooja/mtype92.a(button-sensor.o)
 .data          0x0000000000034084        0x0 obj_cooja/mtype92.a(leds-arch.o)
 .data          0x0000000000034084        0x0 obj_cooja/mtype92.a(moteid.o)
 .data          0x0000000000034084        0x0 obj_cooja/mtype92.a(pir-sensor.o)
 .data          0x0000000000034084        0x0 obj_cooja/mtype92.a(rs232.o)
 .data          0x0000000000034084        0x0 obj_cooja/mtype92.a(vib-sensor.o)
 .data          0x0000000000034084        0x0 obj_cooja/mtype92.a(clock.o)
 .data          0x0000000000034084        0x0 obj_cooja/mtype92.a(log.o)
 .data          0x0000000000034084        0x0 obj_cooja/mtype92.a(cfs-cooja.o)
 .data          0x0000000000034084       0x40 obj_cooja/mtype92.a(cooja-radio.o)
                0x0000000000034084                simRadioChannelLR
                0x0000000000034088                simRadioHWOnLR
                0x000000000003408c                simSignalStrengthLR
                0x0000000000034090                simLastSignalStrengthLR
                0x0000000000034094                simPowerLR
                0x0000000000034098                simLQILR
                0x000000000003409c                simRadioChannel
                0x00000000000340a0                simRadioHWOn
                0x00000000000340a4                simSignalStrength
                0x00000000000340a8                simLastSignalStrength
                0x00000000000340ac                simPower
                0x00000000000340b0                simLQI
                0x00000000000340b4                cooja_radio_process
 .data          0x00000000000340c4        0x0 obj_cooja/mtype92.a(eeprom.o)
 .data          0x00000000000340c4        0x0 obj_cooja/mtype92.a(random.o)
 .data          0x00000000000340c4       0x10 obj_cooja/mtype92.a(sensors.o)
                0x00000000000340c4                sensors_process
 .data          0x00000000000340d4        0x0 obj_cooja/mtype92.a(leds.o)
 .data          0x00000000000340d4       0x28 obj_cooja/mtype92.a(dual_conf.o)
                0x00000000000340d4                radio_received
                0x00000000000340d8                dual_dio_broadcast
                0x00000000000340e8                dual_dis_broadcast
 .data          0x00000000000340fc        0x0 obj_cooja/mtype92.a(autostart.o)
 .data          0x00000000000340fc       0x14 obj_cooja/mtype92.a(ctimer.o)
                0x0000000000034100                ctimer_process
 .data          0x0000000000034110       0x10 obj_cooja/mtype92.a(etimer.o)
                0x0000000000034110                etimer_process
 .data          0x0000000000034120        0x0 obj_cooja/mtype92.a(log_message.o)
 .data          0x0000000000034120        0x0 obj_cooja/mtype92.a(process.o)
 .data          0x0000000000034120        0x0 obj_cooja/mtype92.a(residual.o)
 .data          0x0000000000034120        0x0 obj_cooja/mtype92.a(rtimer.o)
 .data          0x0000000000034120        0x0 obj_cooja/mtype92.a(stimer.o)
 .data          0x0000000000034120        0x0 obj_cooja/mtype92.a(timer.o)
 .data          0x0000000000034120       0x10 obj_cooja/mtype92.a(serial-line.o)
                0x0000000000034120                serial_line_process
 .data          0x0000000000034130        0x0 obj_cooja/mtype92.a(list.o)
 .data          0x0000000000034130        0x0 obj_cooja/mtype92.a(ringbuf.o)
 .data          0x0000000000034130        0x0 obj_cooja/mtype92.a(sicslowpan.o)
 .data          0x0000000000034130       0x14 obj_cooja/mtype92.a(uip-ds6-nbr.o)
                0x0000000000034140                ds6_neighbors
 .data          0x0000000000034144       0x44 obj_cooja/mtype92.a(uip-ds6-route.o)
                0x0000000000034154                nbr_routes
 .data          0x0000000000034188        0x0 obj_cooja/mtype92.a(uip-ds6.o)
 .data          0x0000000000034188        0x0 obj_cooja/mtype92.a(uip6.o)
 .data          0x0000000000034188       0x10 obj_cooja/mtype92.a(tcpip.o)
                0x0000000000034188                tcpip_process
 .data          0x0000000000034198        0x0 obj_cooja/mtype92.a(uip-debug.o)
 .data          0x0000000000034198        0xc obj_cooja/mtype92.a(uip-packetqueue)
 .data          0x00000000000341a4        0x0 obj_cooja/mtype92.a(uip-udp-packet.)
 .data          0x00000000000341a4       0x28 obj_cooja/mtype92.a(rpl-dag.o)
                0x00000000000341b4                rpl_parents
                0x00000000000341c8                rpl_children
 .data          0x00000000000341cc        0x0 obj_cooja/mtype92.a(rpl-ext-header.)
 .data          0x00000000000341cc       0x34 obj_cooja/mtype92.a(rpl-icmp6.o)
 .data          0x0000000000034200       0x1c obj_cooja/mtype92.a(rpl-ltmax.o)
                0x0000000000034200                rpl_ltmax_of
 .data          0x000000000003421c        0x0 obj_cooja/mtype92.a(rpl-timers.o)
 .data          0x000000000003421c        0x0 obj_cooja/mtype92.a(rpl.o)
 .data          0x000000000003421c       0x28 obj_cooja/mtype92.a(csma.o)
 .data          0x0000000000034244        0x0 obj_cooja/mtype92.a(framer-802154.o)
 .data          0x0000000000034244        0x0 obj_cooja/mtype92.a(mac.o)
 .data          0x0000000000034244       0x30 obj_cooja/mtype92.a(cxmac.o)
                0x0000000000034244                cxmac_config
                0x0000000000034254                strobe_wait
 .data          0x0000000000034274        0x0 obj_cooja/mtype92.a(linkaddr.o)
 .data          0x0000000000034274       0x10 obj_cooja/mtype92.a(nbr-table.o)
 .data          0x0000000000034284        0x0 obj_cooja/mtype92.a(netstack.o)
 .data          0x0000000000034284        0x4 obj_cooja/mtype92.a(packetbuf.o)
 .data          0x0000000000034288       0x18 obj_cooja/mtype92.a(queuebuf.o)
 .data          0x00000000000342a0        0x0 obj_cooja/mtype92.a(nullsec.o)
 .data          0x00000000000342a0        0x0 obj_cooja/mtype92.a(watchdog.o)
 .data          0x00000000000342a0        0x0 obj_cooja/mtype92.a(rimestats.o)
 .data          0x00000000000342a0        0x0 obj_cooja/mtype92.a(memb.o)
 .data          0x00000000000342a0       0x20 obj_cooja/mtype92.a(uip-icmp6.o)
 .data          0x00000000000342c0        0x0 obj_cooja/mtype92.a(uip-nd6.o)
 .data          0x00000000000342c0        0x0 obj_cooja/mtype92.a(rpl-nbr-policy.)
 .data          0x00000000000342c0        0x2 obj_cooja/mtype92.a(frame802154.o)
 .data          0x00000000000342c2        0x0 /usr/lib/gcc/i686-linux-gnu/4.8/crtendS.o
 .data          0x00000000000342c2        0x0 /usr/lib/gcc/i686-linux-gnu/4.8/../../../i386-linux-gnu/crtn.o

.tm_clone_table
                0x00000000000342c4        0x0
 .tm_clone_table
                0x00000000000342c4        0x0 /usr/lib/gcc/i686-linux-gnu/4.8/crtbeginS.o
 .tm_clone_table
                0x00000000000342c4        0x0 /usr/lib/gcc/i686-linux-gnu/4.8/crtendS.o

.data1
 *(.data1)
                0x00000000000342c4                _edata = .
                0x00000000000342c4                PROVIDE (edata, .)
                0x00000000000342c4                . = .
                0x00000000000342c4                __bss_start = .

.bss            0x00000000000342e0     0x9208
 *(.dynbss)
 .dynbss        0x0000000000000000        0x0 /usr/lib/gcc/i686-linux-gnu/4.8/../../../i386-linux-gnu/crti.o
 *(.bss .bss.* .gnu.linkonce.b.*)
 .bss           0x00000000000342e0        0x0 /usr/lib/gcc/i686-linux-gnu/4.8/../../../i386-linux-gnu/crti.o
 .bss           0x00000000000342e0        0x1 /usr/lib/gcc/i686-linux-gnu/4.8/crtbeginS.o
 *fill*         0x00000000000342e1       0x1f 
 .bss           0x0000000000034300       0x60 udp-client.co
                0x0000000000034300                my_weight
 .bss           0x0000000000034360     0x2030 obj_cooja/mtype92.o
 .bss           0x0000000000036390        0x1 obj_cooja/mtype92.a(simEnvChange.o)
                0x0000000000036390                simDontFallAsleep
 *fill*         0x0000000000036391        0x3 
 .bss           0x0000000000036394        0x4 obj_cooja/mtype92.a(cooja_mt.o)
 .bss           0x0000000000036398        0x4 obj_cooja/mtype92.a(cooja_mtarch.o)
 .bss           0x000000000003639c        0xc obj_cooja/mtype92.a(rtimer-arch.o)
 .bss           0x00000000000363a8        0x0 obj_cooja/mtype92.a(beep.o)
 .bss           0x00000000000363a8        0x8 obj_cooja/mtype92.a(button-sensor.o)
 .bss           0x00000000000363b0        0x0 obj_cooja/mtype92.a(leds-arch.o)
 .bss           0x00000000000363b0        0x0 obj_cooja/mtype92.a(moteid.o)
 .bss           0x00000000000363b0        0x1 obj_cooja/mtype92.a(pir-sensor.o)
                0x00000000000363b0                simPirValue
 *fill*         0x00000000000363b1        0x3 
 .bss           0x00000000000363b4        0x4 obj_cooja/mtype92.a(rs232.o)
 .bss           0x00000000000363b8        0x1 obj_cooja/mtype92.a(vib-sensor.o)
                0x00000000000363b8                simVibValue
 .bss           0x00000000000363b9        0x0 obj_cooja/mtype92.a(clock.o)
 *fill*         0x00000000000363b9        0x7 
 .bss           0x00000000000363c0      0x420 obj_cooja/mtype92.a(log.o)
 .bss           0x00000000000367e0      0xfc0 obj_cooja/mtype92.a(cfs-cooja.o)
                0x00000000000367e0                simCFSData
                0x0000000000037780                simCFSSize
                0x0000000000037784                simCFSChanged
                0x0000000000037788                simCFSRead
                0x000000000003778c                simCFSWritten
 .bss           0x00000000000377a0       0x24 obj_cooja/mtype92.a(cooja-radio.o)
                0x00000000000377a0                simReceivingLR
                0x00000000000377a4                simInSizeLR
                0x00000000000377a8                simOutSizeLR
                0x00000000000377ac                simReceiving
                0x00000000000377b0                simInSize
                0x00000000000377b4                simOutSize
                0x00000000000377b8                LongRangeTransmit
                0x00000000000377bc                LongRangeReceiving
 .bss           0x00000000000377c4        0xc obj_cooja/mtype92.a(eeprom.o)
                0x00000000000377c4                simEEPROMChanged
                0x00000000000377c8                simEEPROMRead
                0x00000000000377cc                simEEPROMWritten
 .bss           0x00000000000377d0        0x0 obj_cooja/mtype92.a(random.o)
 .bss           0x00000000000377d0        0xc obj_cooja/mtype92.a(sensors.o)
 .bss           0x00000000000377dc        0x1 obj_cooja/mtype92.a(leds.o)
 *fill*         0x00000000000377dd        0x3 
 .bss           0x00000000000377e0       0x2c obj_cooja/mtype92.a(dual_conf.o)
                0x00000000000377e0                long_range_radio
 .bss           0x000000000003780c        0x0 obj_cooja/mtype92.a(autostart.o)
 .bss           0x000000000003780c        0x5 obj_cooja/mtype92.a(ctimer.o)
 *fill*         0x0000000000037811        0x3 
 .bss           0x0000000000037814        0x8 obj_cooja/mtype92.a(etimer.o)
 .bss           0x000000000003781c        0x0 obj_cooja/mtype92.a(log_message.o)
 *fill*         0x000000000003781c        0x4 
 .bss           0x0000000000037820      0x1b1 obj_cooja/mtype92.a(process.o)
                0x0000000000037820                process_list
                0x0000000000037824                process_current
 .bss           0x00000000000379d1        0x0 obj_cooja/mtype92.a(residual.o)
 *fill*         0x00000000000379d1        0x3 
 .bss           0x00000000000379d4        0x4 obj_cooja/mtype92.a(rtimer.o)
 .bss           0x00000000000379d8        0x0 obj_cooja/mtype92.a(stimer.o)
 .bss           0x00000000000379d8        0x0 obj_cooja/mtype92.a(timer.o)
 *fill*         0x00000000000379d8        0x8 
 .bss           0x00000000000379e0      0x140 obj_cooja/mtype92.a(serial-line.o)
 .bss           0x0000000000037b20        0x0 obj_cooja/mtype92.a(list.o)
 .bss           0x0000000000037b20        0x0 obj_cooja/mtype92.a(ringbuf.o)
 .bss           0x0000000000037b20      0x70c obj_cooja/mtype92.a(sicslowpan.o)
 *fill*         0x000000000003822c       0x14 
 .bss           0x0000000000038240      0x4b0 obj_cooja/mtype92.a(uip-ds6-nbr.o)
 *fill*         0x00000000000386f0       0x10 
 .bss           0x0000000000038700      0x608 obj_cooja/mtype92.a(uip-ds6-route.o)
 .bss           0x0000000000038d08       0x30 obj_cooja/mtype92.a(uip-ds6.o)
 .bss           0x0000000000038d38        0xe obj_cooja/mtype92.a(uip6.o)
                0x0000000000038d38                uip_ext_bitmap
                0x0000000000038d39                uip_ext_len
                0x0000000000038d3a                uip_ext_opt_offset
 *fill*         0x0000000000038d46       0x1a 
 .bss           0x0000000000038d60       0x68 obj_cooja/mtype92.a(tcpip.o)
 .bss           0x0000000000038dc8        0x0 obj_cooja/mtype92.a(uip-debug.o)
 *fill*         0x0000000000038dc8       0x18 
 .bss           0x0000000000038de0      0xcf8 obj_cooja/mtype92.a(uip-packetqueue)
 .bss           0x0000000000039ad8        0x0 obj_cooja/mtype92.a(uip-udp-packet.)
 *fill*         0x0000000000039ad8        0x8 
 .bss           0x0000000000039ae0      0x352 obj_cooja/mtype92.a(rpl-dag.o)
 .bss           0x0000000000039e32        0x0 obj_cooja/mtype92.a(rpl-ext-header.)
 .bss           0x0000000000039e32        0x0 obj_cooja/mtype92.a(rpl-icmp6.o)
 .bss           0x0000000000039e32        0x0 obj_cooja/mtype92.a(rpl-ltmax.o)
 *fill*         0x0000000000039e32        0xe 
 .bss           0x0000000000039e40       0x23 obj_cooja/mtype92.a(rpl-timers.o)
 *fill*         0x0000000000039e63        0x1 
 .bss           0x0000000000039e64        0x4 obj_cooja/mtype92.a(rpl.o)
 *fill*         0x0000000000039e68       0x18 
 .bss           0x0000000000039e80      0x288 obj_cooja/mtype92.a(csma.o)
 .bss           0x000000000003a108        0x2 obj_cooja/mtype92.a(framer-802154.o)
 .bss           0x000000000003a10a        0x0 obj_cooja/mtype92.a(mac.o)
 *fill*         0x000000000003a10a       0x16 
 .bss           0x000000000003a120       0xb0 obj_cooja/mtype92.a(cxmac.o)
 .bss           0x000000000003a1d0        0x0 obj_cooja/mtype92.a(linkaddr.o)
 *fill*         0x000000000003a1d0       0x10 
 .bss           0x000000000003a1e0      0x35c obj_cooja/mtype92.a(nbr-table.o)
 .bss           0x000000000003a53c        0x0 obj_cooja/mtype92.a(netstack.o)
 *fill*         0x000000000003a53c        0x4 
 .bss           0x000000000003a540       0xa0 obj_cooja/mtype92.a(packetbuf.o)
 .bss           0x000000000003a5e0      0xb80 obj_cooja/mtype92.a(queuebuf.o)
 .bss           0x000000000003b160        0x0 obj_cooja/mtype92.a(nullsec.o)
 .bss           0x000000000003b160        0x0 obj_cooja/mtype92.a(watchdog.o)
 .bss           0x000000000003b160        0x0 obj_cooja/mtype92.a(rimestats.o)
 .bss           0x000000000003b160        0x0 obj_cooja/mtype92.a(memb.o)
 .bss           0x000000000003b160       0x18 obj_cooja/mtype92.a(uip-icmp6.o)
 .bss           0x000000000003b178        0x0 obj_cooja/mtype92.a(uip-nd6.o)
 *fill*         0x000000000003b178        0x8 
 .bss           0x000000000003b180       0x44 obj_cooja/mtype92.a(rpl-nbr-policy.)
 .bss           0x000000000003b1c4        0x0 obj_cooja/mtype92.a(frame802154.o)
 .bss           0x000000000003b1c4        0x0 /usr/lib/gcc/i686-linux-gnu/4.8/crtendS.o
 .bss           0x000000000003b1c4        0x0 /usr/lib/gcc/i686-linux-gnu/4.8/../../../i386-linux-gnu/crtn.o
 *(COMMON)
 COMMON         0x000000000003b1c4       0x6c udp-client.co
                0x000000000003b1c4                dio_count
                0x000000000003b1c8                dis_count
                0x000000000003b1cc                csma_drop_count
                0x000000000003b1d0                tcp_output_count
                0x000000000003b1d4                csma_transmission_count
                0x000000000003b1d8                dao_ack_fwd_count
                0x000000000003b1dc                COOJA_radioRxLong
                0x000000000003b1e0                cxmac_collision_count
                0x000000000003b1e4                cxmac_retransmission_count
                0x000000000003b1e8                control_message_count
                0x000000000003b1ec                dao_count
                0x000000000003b1f0                icmp_count
                0x000000000003b1f4                COOJA_radioTx
                0x000000000003b1f8                cxmac_transmission_count
                0x000000000003b1fc                dao_ack_count
                0x000000000003b200                data_message_count
                0x000000000003b204                my_sink_reachability
                0x000000000003b208                COOJA_radioTxLong
                0x000000000003b20c                COOJA_radioRx
                0x000000000003b210                my_parent_number
                0x000000000003b214                COOJA_radioOn
                0x000000000003b218                LSA_count
                0x000000000003b21c                dao_fwd_count
                0x000000000003b220                COOJA_duration
                0x000000000003b224                dio_ack_count
                0x000000000003b228                COOJA_radioOnLong
                0x000000000003b22c                data_fwd_count
 COMMON         0x000000000003b230        0xc obj_cooja/mtype92.o
                0x000000000003b230                referenceVar
                0x000000000003b234                debugfp
                0x000000000003b238                sensors_flags
 COMMON         0x000000000003b23c        0xc obj_cooja/mtype92.a(simEnvChange.o)
                0x000000000003b23c                simEtimerPending
                0x000000000003b240                simProcessRunValue
                0x000000000003b244                simNextExpirationTime
 COMMON         0x000000000003b248        0x1 obj_cooja/mtype92.a(beep.o)
                0x000000000003b248                simBeeped
 COMMON         0x000000000003b249        0x3 obj_cooja/mtype92.a(button-sensor.o)
                0x000000000003b249                simButtonIsActive
                0x000000000003b24a                simButtonIsDown
                0x000000000003b24b                simButtonChanged
 COMMON         0x000000000003b24c        0x1 obj_cooja/mtype92.a(leds-arch.o)
                0x000000000003b24c                simLedsValue
 *fill*         0x000000000003b24d        0x3 
 COMMON         0x000000000003b250        0xc obj_cooja/mtype92.a(moteid.o)
                0x000000000003b250                simRandomSeed
                0x000000000003b254                simMoteIDChanged
                0x000000000003b258                simMoteID
 COMMON         0x000000000003b25c        0x2 obj_cooja/mtype92.a(pir-sensor.o)
                0x000000000003b25c                simPirIsActive
                0x000000000003b25d                simPirChanged
 *fill*         0x000000000003b25e        0x2 
 COMMON         0x000000000003b260      0x820 obj_cooja/mtype92.a(rs232.o)
                0x000000000003b260                simSerialReceivingFlag
                0x000000000003b264                simSerialReceivingLength
                0x000000000003b280                simSerialReceivingData
 COMMON         0x000000000003ba80        0x2 obj_cooja/mtype92.a(vib-sensor.o)
                0x000000000003ba80                simVibChanged
                0x000000000003ba81                simVibIsActive
 *fill*         0x000000000003ba82        0x2 
 COMMON         0x000000000003ba84        0x4 obj_cooja/mtype92.a(clock.o)
                0x000000000003ba84                simCurrentTime
 *fill*         0x000000000003ba88       0x18 
 COMMON         0x000000000003baa0      0x420 obj_cooja/mtype92.a(log.o)
                0x000000000003baa0                simLoggedLength
                0x000000000003baa4                simLoggedFlag
                0x000000000003bac0                simLoggedData
 COMMON         0x000000000003bec0      0x260 obj_cooja/mtype92.a(cooja-radio.o)
                0x000000000003bec0                simOutDataBuffer
                0x000000000003bf40                simRadioTarget
                0x000000000003bf60                simInDataBufferLR
                0x000000000003bfe0                packet_forwarding
                0x000000000003c000                simOutDataBufferLR
                0x000000000003c080                dual_duty_cycle_count
                0x000000000003c0a0                simInDataBuffer
 COMMON         0x000000000003c120      0x400 obj_cooja/mtype92.a(eeprom.o)
                0x000000000003c120                simEEPROMData
 COMMON         0x000000000003c520        0x1 obj_cooja/mtype92.a(sensors.o)
                0x000000000003c520                sensors_event
 *fill*         0x000000000003c521        0x3 
 COMMON         0x000000000003c524        0x4 obj_cooja/mtype92.a(log_message.o)
                0x000000000003c524                log_fp
 COMMON         0x000000000003c528        0x1 obj_cooja/mtype92.a(serial-line.o)
                0x000000000003c528                serial_line_event_message
 COMMON         0x000000000003c529        0x1 obj_cooja/mtype92.a(sicslowpan.o)
                0x000000000003c529                p
 *fill*         0x000000000003c52a       0x16 
 COMMON         0x000000000003c540      0x1f4 obj_cooja/mtype92.a(uip-ds6-nbr.o)
                0x000000000003c540                ds6_lr_addrmap
 *fill*         0x000000000003c734        0xc 
 COMMON         0x000000000003c740      0x298 obj_cooja/mtype92.a(uip-ds6.o)
                0x000000000003c740                uip_ds6_prefix_list
                0x000000000003c7a0                uip_ds6_timer_periodic
                0x000000000003c7b0                uip_ds6_netif_addr_list_offset
                0x000000000003c7c0                uip_ds6_if
                0x000000000003c8b8                uip_ds6_timer_ra
                0x000000000003c8c0                uip_ds6_addr_size
                0x000000000003c8e0                long_uip_ds6_if
 *fill*         0x000000000003c9d8        0x8 
 COMMON         0x000000000003c9e0      0x8ec obj_cooja/mtype92.a(uip6.o)
                0x000000000003c9e0                uip_slen
                0x000000000003c9e2                uip_acc32
                0x000000000003ca00                uip_conns
                0x000000000003cac0                uip_lladdr
                0x000000000003cac8                uip_appdata
                0x000000000003cacc                uip_flags
                0x000000000003cae0                uip_aligned_buf
                0x000000000003d120                uip_listenports
                0x000000000003d130                uip_len
                0x000000000003d132                uip_long_lladdr
                0x000000000003d13c                uip_sappdata
                0x000000000003d140                uip_udp_conns
                0x000000000003d2c0                uip_udp_conn
                0x000000000003d2c4                uip_next_hdr
                0x000000000003d2c8                uip_conn
 COMMON         0x000000000003d2cc        0x1 obj_cooja/mtype92.a(tcpip.o)
                0x000000000003d2cc                tcpip_event
 *fill*         0x000000000003d2cd       0x13 
 COMMON         0x000000000003d2e0      0x178 obj_cooja/mtype92.a(rpl-dag.o)
                0x000000000003d2e0                default_instance
                0x000000000003d300                instance_table
 COMMON         0x000000000003d458       0x10 obj_cooja/mtype92.a(linkaddr.o)
                0x000000000003d458                linkaddr_node_addr
                0x000000000003d460                long_linkaddr_node_addr
 COMMON         0x000000000003d468       0x2e obj_cooja/mtype92.a(packetbuf.o)
                0x000000000003d468                packetbuf_attrs
                0x000000000003d486                packetbuf_addrs
 *fill*         0x000000000003d496        0xa 
 COMMON         0x000000000003d4a0       0x48 obj_cooja/mtype92.a(rimestats.o)
                0x000000000003d4a0                rimestats
                0x000000000003d4e8                . = ALIGN ((. != 0x0)?0x4:0x1)
                0x000000000003d4e8                . = ALIGN (0x4)
                0x000000000003d4e8                . = SEGMENT_START ("ldata-segment", .)
                0x000000000003d4e8                . = ALIGN (0x4)
                0x000000000003d4e8                _end = .
                0x000000000003d4e8                PROVIDE (end, .)
                0x000000000003d4e8                . = DATA_SEGMENT_END (.)

.stab
 *(.stab)

.stabstr
 *(.stabstr)

.stab.excl
 *(.stab.excl)

.stab.exclstr
 *(.stab.exclstr)

.stab.index
 *(.stab.index)

.stab.indexstr
 *(.stab.indexstr)

.comment        0x0000000000000000       0x29
 *(.comment)
 .comment       0x0000000000000000       0x29 /usr/lib/gcc/i686-linux-gnu/4.8/crtbeginS.o
                                         0x2a (size before relaxing)
 .comment       0x0000000000000000       0x2a udp-client.co
 .comment       0x0000000000000000       0x2a obj_cooja/mtype92.o
 .comment       0x0000000000000000       0x2a obj_cooja/mtype92.a(simEnvChange.o)
 .comment       0x0000000000000000       0x2a obj_cooja/mtype92.a(cooja_mt.o)
 .comment       0x0000000000000000       0x2a obj_cooja/mtype92.a(cooja_mtarch.o)
 .comment       0x0000000000000000       0x2a obj_cooja/mtype92.a(rtimer-arch.o)
 .comment       0x0000000000000000       0x2a obj_cooja/mtype92.a(beep.o)
 .comment       0x0000000000000000       0x2a obj_cooja/mtype92.a(button-sensor.o)
 .comment       0x0000000000000000       0x2a obj_cooja/mtype92.a(leds-arch.o)
 .comment       0x0000000000000000       0x2a obj_cooja/mtype92.a(moteid.o)
 .comment       0x0000000000000000       0x2a obj_cooja/mtype92.a(pir-sensor.o)
 .comment       0x0000000000000000       0x2a obj_cooja/mtype92.a(rs232.o)
 .comment       0x0000000000000000       0x2a obj_cooja/mtype92.a(vib-sensor.o)
 .comment       0x0000000000000000       0x2a obj_cooja/mtype92.a(clock.o)
 .comment       0x0000000000000000       0x2a obj_cooja/mtype92.a(log.o)
 .comment       0x0000000000000000       0x2a obj_cooja/mtype92.a(cfs-cooja.o)
 .comment       0x0000000000000000       0x2a obj_cooja/mtype92.a(cooja-radio.o)
 .comment       0x0000000000000000       0x2a obj_cooja/mtype92.a(eeprom.o)
 .comment       0x0000000000000000       0x2a obj_cooja/mtype92.a(random.o)
 .comment       0x0000000000000000       0x2a obj_cooja/mtype92.a(sensors.o)
 .comment       0x0000000000000000       0x2a obj_cooja/mtype92.a(leds.o)
 .comment       0x0000000000000000       0x2a obj_cooja/mtype92.a(dual_conf.o)
 .comment       0x0000000000000000       0x2a obj_cooja/mtype92.a(autostart.o)
 .comment       0x0000000000000000       0x2a obj_cooja/mtype92.a(ctimer.o)
 .comment       0x0000000000000000       0x2a obj_cooja/mtype92.a(etimer.o)
 .comment       0x0000000000000000       0x2a obj_cooja/mtype92.a(log_message.o)
 .comment       0x0000000000000000       0x2a obj_cooja/mtype92.a(process.o)
 .comment       0x0000000000000000       0x2a obj_cooja/mtype92.a(residual.o)
 .comment       0x0000000000000000       0x2a obj_cooja/mtype92.a(rtimer.o)
 .comment       0x0000000000000000       0x2a obj_cooja/mtype92.a(stimer.o)
 .comment       0x0000000000000000       0x2a obj_cooja/mtype92.a(timer.o)
 .comment       0x0000000000000000       0x2a obj_cooja/mtype92.a(serial-line.o)
 .comment       0x0000000000000000       0x2a obj_cooja/mtype92.a(list.o)
 .comment       0x0000000000000000       0x2a obj_cooja/mtype92.a(ringbuf.o)
 .comment       0x0000000000000000       0x2a obj_cooja/mtype92.a(sicslowpan.o)
 .comment       0x0000000000000000       0x2a obj_cooja/mtype92.a(uip-ds6-nbr.o)
 .comment       0x0000000000000000       0x2a obj_cooja/mtype92.a(uip-ds6-route.o)
 .comment       0x0000000000000000       0x2a obj_cooja/mtype92.a(uip-ds6.o)
 .comment       0x0000000000000000       0x2a obj_cooja/mtype92.a(uip6.o)
 .comment       0x0000000000000000       0x2a obj_cooja/mtype92.a(tcpip.o)
 .comment       0x0000000000000000       0x2a obj_cooja/mtype92.a(uip-debug.o)
 .comment       0x0000000000000000       0x2a obj_cooja/mtype92.a(uip-packetqueue)
 .comment       0x0000000000000000       0x2a obj_cooja/mtype92.a(uip-udp-packet.)
 .comment       0x0000000000000000       0x2a obj_cooja/mtype92.a(rpl-dag.o)
 .comment       0x0000000000000000       0x2a obj_cooja/mtype92.a(rpl-ext-header.)
 .comment       0x0000000000000000       0x2a obj_cooja/mtype92.a(rpl-icmp6.o)
 .comment       0x0000000000000000       0x2a obj_cooja/mtype92.a(rpl-ltmax.o)
 .comment       0x0000000000000000       0x2a obj_cooja/mtype92.a(rpl-timers.o)
 .comment       0x0000000000000000       0x2a obj_cooja/mtype92.a(rpl.o)
 .comment       0x0000000000000000       0x2a obj_cooja/mtype92.a(csma.o)
 .comment       0x0000000000000000       0x2a obj_cooja/mtype92.a(framer-802154.o)
 .comment       0x0000000000000000       0x2a obj_cooja/mtype92.a(mac.o)
 .comment       0x0000000000000000       0x2a obj_cooja/mtype92.a(cxmac.o)
 .comment       0x0000000000000000       0x2a obj_cooja/mtype92.a(linkaddr.o)
 .comment       0x0000000000000000       0x2a obj_cooja/mtype92.a(nbr-table.o)
 .comment       0x0000000000000000       0x2a obj_cooja/mtype92.a(netstack.o)
 .comment       0x0000000000000000       0x2a obj_cooja/mtype92.a(packetbuf.o)
 .comment       0x0000000000000000       0x2a obj_cooja/mtype92.a(queuebuf.o)
 .comment       0x0000000000000000       0x2a obj_cooja/mtype92.a(nullsec.o)
 .comment       0x0000000000000000       0x2a obj_cooja/mtype92.a(watchdog.o)
 .comment       0x0000000000000000       0x2a obj_cooja/mtype92.a(rimestats.o)
 .comment       0x0000000000000000       0x2a obj_cooja/mtype92.a(memb.o)
 .comment       0x0000000000000000       0x2a obj_cooja/mtype92.a(uip-icmp6.o)
 .comment       0x0000000000000000       0x2a obj_cooja/mtype92.a(uip-nd6.o)
 .comment       0x0000000000000000       0x2a obj_cooja/mtype92.a(rpl-nbr-policy.)
 .comment       0x0000000000000000       0x2a obj_cooja/mtype92.a(frame802154.o)
 .comment       0x0000000000000000       0x2a /usr/lib/gcc/i686-linux-gnu/4.8/crtendS.o

.debug
 *(.debug)

.line
 *(.line)

.debug_srcinfo
 *(.debug_srcinfo)

.debug_sfnames
 *(.debug_sfnames)

.debug_aranges  0x0000000000000000      0x838
 *(.debug_aranges)
 .debug_aranges
                0x0000000000000000       0x20 udp-client.co
 .debug_aranges
                0x0000000000000020       0x20 obj_cooja/mtype92.o
 .debug_aranges
                0x0000000000000040       0x20 obj_cooja/mtype92.a(simEnvChange.o)
 .debug_aranges
                0x0000000000000060       0x20 obj_cooja/mtype92.a(cooja_mt.o)
 .debug_aranges
                0x0000000000000080       0x20 obj_cooja/mtype92.a(cooja_mtarch.o)
 .debug_aranges
                0x00000000000000a0       0x20 obj_cooja/mtype92.a(rtimer-arch.o)
 .debug_aranges
                0x00000000000000c0       0x20 obj_cooja/mtype92.a(beep.o)
 .debug_aranges
                0x00000000000000e0       0x20 obj_cooja/mtype92.a(button-sensor.o)
 .debug_aranges
                0x0000000000000100       0x20 obj_cooja/mtype92.a(leds-arch.o)
 .debug_aranges
                0x0000000000000120       0x20 obj_cooja/mtype92.a(moteid.o)
 .debug_aranges
                0x0000000000000140       0x20 obj_cooja/mtype92.a(pir-sensor.o)
 .debug_aranges
                0x0000000000000160       0x20 obj_cooja/mtype92.a(rs232.o)
 .debug_aranges
                0x0000000000000180       0x20 obj_cooja/mtype92.a(vib-sensor.o)
 .debug_aranges
                0x00000000000001a0       0x20 obj_cooja/mtype92.a(clock.o)
 .debug_aranges
                0x00000000000001c0       0x20 obj_cooja/mtype92.a(log.o)
 .debug_aranges
                0x00000000000001e0       0x20 obj_cooja/mtype92.a(cfs-cooja.o)
 .debug_aranges
                0x0000000000000200       0x20 obj_cooja/mtype92.a(cooja-radio.o)
 .debug_aranges
                0x0000000000000220       0x20 obj_cooja/mtype92.a(eeprom.o)
 .debug_aranges
                0x0000000000000240       0x20 obj_cooja/mtype92.a(random.o)
 .debug_aranges
                0x0000000000000260       0x20 obj_cooja/mtype92.a(sensors.o)
 .debug_aranges
                0x0000000000000280       0x20 obj_cooja/mtype92.a(leds.o)
 .debug_aranges
                0x00000000000002a0       0x20 obj_cooja/mtype92.a(dual_conf.o)
 .debug_aranges
                0x00000000000002c0       0x20 obj_cooja/mtype92.a(autostart.o)
 .debug_aranges
                0x00000000000002e0       0x20 obj_cooja/mtype92.a(ctimer.o)
 .debug_aranges
                0x0000000000000300       0x20 obj_cooja/mtype92.a(etimer.o)
 .debug_aranges
                0x0000000000000320       0x20 obj_cooja/mtype92.a(log_message.o)
 .debug_aranges
                0x0000000000000340       0x20 obj_cooja/mtype92.a(process.o)
 .debug_aranges
                0x0000000000000360       0x20 obj_cooja/mtype92.a(residual.o)
 .debug_aranges
                0x0000000000000380       0x20 obj_cooja/mtype92.a(rtimer.o)
 .debug_aranges
                0x00000000000003a0       0x20 obj_cooja/mtype92.a(stimer.o)
 .debug_aranges
                0x00000000000003c0       0x20 obj_cooja/mtype92.a(timer.o)
 .debug_aranges
                0x00000000000003e0       0x20 obj_cooja/mtype92.a(serial-line.o)
 .debug_aranges
                0x0000000000000400       0x20 obj_cooja/mtype92.a(list.o)
 .debug_aranges
                0x0000000000000420       0x20 obj_cooja/mtype92.a(ringbuf.o)
 .debug_aranges
                0x0000000000000440       0x20 obj_cooja/mtype92.a(sicslowpan.o)
 .debug_aranges
                0x0000000000000460       0x20 obj_cooja/mtype92.a(uip-ds6-nbr.o)
 .debug_aranges
                0x0000000000000480       0x20 obj_cooja/mtype92.a(uip-ds6-route.o)
 .debug_aranges
                0x00000000000004a0       0x20 obj_cooja/mtype92.a(uip-ds6.o)
 .debug_aranges
                0x00000000000004c0       0x20 obj_cooja/mtype92.a(uip6.o)
 .debug_aranges
                0x00000000000004e0       0x20 obj_cooja/mtype92.a(tcpip.o)
 .debug_aranges
                0x0000000000000500       0x20 obj_cooja/mtype92.a(uip-debug.o)
 .debug_aranges
                0x0000000000000520       0x20 obj_cooja/mtype92.a(uip-packetqueue)
 .debug_aranges
                0x0000000000000540       0x20 obj_cooja/mtype92.a(uip-udp-packet.)
 .debug_aranges
                0x0000000000000560       0x20 obj_cooja/mtype92.a(rpl-dag.o)
 .debug_aranges
                0x0000000000000580       0x20 obj_cooja/mtype92.a(rpl-ext-header.)
 .debug_aranges
                0x00000000000005a0       0x20 obj_cooja/mtype92.a(rpl-icmp6.o)
 .debug_aranges
                0x00000000000005c0       0x20 obj_cooja/mtype92.a(rpl-ltmax.o)
 .debug_aranges
                0x00000000000005e0       0x20 obj_cooja/mtype92.a(rpl-timers.o)
 .debug_aranges
                0x0000000000000600       0x20 obj_cooja/mtype92.a(rpl.o)
 .debug_aranges
                0x0000000000000620       0x20 obj_cooja/mtype92.a(csma.o)
 .debug_aranges
                0x0000000000000640       0x20 obj_cooja/mtype92.a(framer-802154.o)
 .debug_aranges
                0x0000000000000660       0x20 obj_cooja/mtype92.a(mac.o)
 .debug_aranges
                0x0000000000000680       0x20 obj_cooja/mtype92.a(cxmac.o)
 .debug_aranges
                0x00000000000006a0       0x20 obj_cooja/mtype92.a(linkaddr.o)
 .debug_aranges
                0x00000000000006c0       0x20 obj_cooja/mtype92.a(nbr-table.o)
 .debug_aranges
                0x00000000000006e0       0x20 obj_cooja/mtype92.a(netstack.o)
 .debug_aranges
                0x0000000000000700       0x20 obj_cooja/mtype92.a(packetbuf.o)
 .debug_aranges
                0x0000000000000720       0x20 obj_cooja/mtype92.a(queuebuf.o)
 .debug_aranges
                0x0000000000000740       0x20 obj_cooja/mtype92.a(nullsec.o)
 .debug_aranges
                0x0000000000000760       0x20 obj_cooja/mtype92.a(watchdog.o)
 .debug_aranges
                0x0000000000000780       0x18 obj_cooja/mtype92.a(rimestats.o)
 .debug_aranges
                0x0000000000000798       0x20 obj_cooja/mtype92.a(memb.o)
 .debug_aranges
                0x00000000000007b8       0x20 obj_cooja/mtype92.a(uip-icmp6.o)
 .debug_aranges
                0x00000000000007d8       0x20 obj_cooja/mtype92.a(uip-nd6.o)
 .debug_aranges
                0x00000000000007f8       0x20 obj_cooja/mtype92.a(rpl-nbr-policy.)
 .debug_aranges
                0x0000000000000818       0x20 obj_cooja/mtype92.a(frame802154.o)

.debug_pubnames
 *(.debug_pubnames)

.debug_info     0x0000000000000000    0x1e688
 *(.debug_info .gnu.linkonce.wi.*)
 .debug_info    0x0000000000000000     0x1184 udp-client.co
 .debug_info    0x0000000000001184     0x3b8f obj_cooja/mtype92.o
 .debug_info    0x0000000000004d13      0x15a obj_cooja/mtype92.a(simEnvChange.o)
 .debug_info    0x0000000000004e6d      0x1e2 obj_cooja/mtype92.a(cooja_mt.o)
 .debug_info    0x000000000000504f      0x2e7 obj_cooja/mtype92.a(cooja_mtarch.o)
 .debug_info    0x0000000000005336      0x16b obj_cooja/mtype92.a(rtimer-arch.o)
 .debug_info    0x00000000000054a1      0x1f3 obj_cooja/mtype92.a(beep.o)