Archive member included to satisfy reference by file (symbol)

obj_cooja/mtype168.a(simEnvChange.o)
                              obj_cooja/mtype168.o (simDontFallAsleep)
obj_cooja/mtype168.a(cooja_mt.o)
                              obj_cooja/mtype168.o (cooja_mt_start)
obj_cooja/mtype168.a(cooja_mtarch.o)
                              obj_cooja/mtype168.a(cooja_mt.o) (cooja_mtarch_init)
obj_cooja/mtype168.a(rtimer-arch.o)
                              obj_cooja/mtype168.o (rtimer_arch_next)
obj_cooja/mtype168.a(beep.o)  obj_cooja/mtype168.o (beep_interface)
obj_cooja/mtype168.a(button-sensor.o)
                              obj_cooja/mtype168.o (button_interface)
obj_cooja/mtype168.a(leds-arch.o)
                              obj_cooja/mtype168.o (leds_interface)
obj_cooja/mtype168.a(moteid.o)
                              obj_cooja/mtype168.o (moteid_interface)
obj_cooja/mtype168.a(pir-sensor.o)
                              obj_cooja/mtype168.o (pir_interface)
obj_cooja/mtype168.a(rs232.o)
                              obj_cooja/mtype168.o (rs232_interface)
obj_cooja/mtype168.a(vib-sensor.o)
                              obj_cooja/mtype168.o (vib_interface)
obj_cooja/mtype168.a(clock.o)
                              obj_cooja/mtype168.o (clock_interface)
obj_cooja/mtype168.a(log.o)   obj_cooja/mtype168.o (simlog_interface)
obj_cooja/mtype168.a(cfs-cooja.o)
                              obj_cooja/mtype168.o (cfs_interface)
obj_cooja/mtype168.a(cooja-radio.o)
                              obj_cooja/mtype168.o (radio_interface)
obj_cooja/mtype168.a(eeprom.o)
                              obj_cooja/mtype168.o (eeprom_interface)
obj_cooja/mtype168.a(random.o)
                              obj_cooja/mtype168.a(moteid.o) (random_init)
obj_cooja/mtype168.a(sensors.o)
                              obj_cooja/mtype168.o (sensors_process)
obj_cooja/mtype168.a(leds.o)  obj_cooja/mtype168.a(cooja-radio.o) (leds_on)
obj_cooja/mtype168.a(dual_conf.o)
                              obj_cooja/mtype168.a(cooja-radio.o) (long_range_radio)
obj_cooja/mtype168.a(autostart.o)
                              obj_cooja/mtype168.o (autostart_start)
obj_cooja/mtype168.a(ctimer.o)
                              obj_cooja/mtype168.o (ctimer_init)
obj_cooja/mtype168.a(etimer.o)
                              obj_cooja/mtype168.o (etimer_process)
obj_cooja/mtype168.a(log_message.o)
                              obj_cooja/mtype168.o (log_initialization)
obj_cooja/mtype168.a(process.o)
                              udp-client.co (process_current)
obj_cooja/mtype168.a(residual.o)
                              udp-client.co (DISSIPATION_RATE)
obj_cooja/mtype168.a(rtimer.o)
                              obj_cooja/mtype168.a(rtimer-arch.o) (rtimer_run_next)
obj_cooja/mtype168.a(stimer.o)
                              udp-client.co (stimer_remaining)
obj_cooja/mtype168.a(timer.o)
                              obj_cooja/mtype168.a(button-sensor.o) (timer_set)
obj_cooja/mtype168.a(serial-line.o)
                              udp-client.co (serial_line_event_message)
obj_cooja/mtype168.a(list.o)  obj_cooja/mtype168.a(ctimer.o) (list_init)
obj_cooja/mtype168.a(ringbuf.o)
                              obj_cooja/mtype168.a(serial-line.o) (ringbuf_init)
obj_cooja/mtype168.a(sicslowpan.o)
                              obj_cooja/mtype168.o (sicslowpan_driver)
obj_cooja/mtype168.a(uip-ds6-nbr.o)
                              obj_cooja/mtype168.a(sicslowpan.o) (uip_ds6_link_neighbor_callback)
obj_cooja/mtype168.a(uip-ds6-route.o)
                              udp-client.co (uip_ds6_route_nexthop)
obj_cooja/mtype168.a(uip-ds6.o)
                              udp-client.co (uip_ds6_if)
obj_cooja/mtype168.a(uip6.o)  udp-client.co (uip_lladdr)
obj_cooja/mtype168.a(tcpip.o)
                              udp-client.co (tcpip_event)
obj_cooja/mtype168.a(uip-debug.o)
                              udp-client.co (uip_debug_ipaddr_print)
obj_cooja/mtype168.a(uip-packetqueue)
                              obj_cooja/mtype168.a(uip-ds6-nbr.o) (uip_packetqueue_new)
obj_cooja/mtype168.a(uip-udp-packet.)
                              udp-client.co (uip_udp_packet_sendto)
obj_cooja/mtype168.a(rpl-dag.o)
                              udp-client.co (rpl_parents)
obj_cooja/mtype168.a(rpl-ext-header.)
                              obj_cooja/mtype168.a(uip6.o) (rpl_verify_header)
obj_cooja/mtype168.a(rpl-icmp6.o)
                              obj_cooja/mtype168.a(rpl-dag.o) (rpl_icmp6_update_nbr_table)
obj_cooja/mtype168.a(rpl-ltmax.o)
                              obj_cooja/mtype168.a(rpl-dag.o) (rpl_ltmax_of)
obj_cooja/mtype168.a(rpl-timers.o)
                              obj_cooja/mtype168.a(rpl-dag.o) (rpl_reset_dio_timer)
obj_cooja/mtype168.a(rpl.o)   obj_cooja/mtype168.a(rpl-icmp6.o) (rpl_get_mode)
obj_cooja/mtype168.a(csma.o)  obj_cooja/mtype168.o (csma_driver)
obj_cooja/mtype168.a(framer-802154.o)
[...]
Memory Configuration

Name             Origin             Length             Attributes
*default*        0x0000000000000000 0xffffffffffffffff

Linker script and memory map

LOAD /usr/lib/gcc/i686-linux-gnu/4.8/../../../i386-linux-gnu/crti.o
LOAD /usr/lib/gcc/i686-linux-gnu/4.8/crtbeginS.o
LOAD udp-client.co
LOAD obj_cooja/mtype168.o
LOAD obj_cooja/mtype168.a
LOAD /usr/lib/gcc/i686-linux-gnu/4.8/libgcc.a
LOAD /usr/lib/gcc/i686-linux-gnu/4.8/libgcc_s.so
LOAD /usr/lib/gcc/i686-linux-gnu/4.8/../../../i386-linux-gnu/libc.so
START GROUP
LOAD /lib/i386-linux-gnu/libc.so.6
LOAD /usr/lib/i386-linux-gnu/libc_nonshared.a
LOAD /lib/i386-linux-gnu/ld-linux.so.2
END GROUP
LOAD /usr/lib/gcc/i686-linux-gnu/4.8/libgcc.a
LOAD /usr/lib/gcc/i686-linux-gnu/4.8/libgcc_s.so
LOAD /usr/lib/gcc/i686-linux-gnu/4.8/crtendS.o
LOAD /usr/lib/gcc/i686-linux-gnu/4.8/../../../i386-linux-gnu/crtn.o
                0x0000000000000114                . = (0x0 + SIZEOF_HEADERS)

.note.gnu.build-id
                0x0000000000000114       0x24
 *(.note.gnu.build-id)
 .note.gnu.build-id
                0x0000000000000114       0x24 /usr/lib/gcc/i686-linux-gnu/4.8/../../../i386-linux-gnu/crti.o

.hash
 *(.hash)

.gnu.hash       0x0000000000000138     0x13b4
 *(.gnu.hash)
 .gnu.hash      0x0000000000000138     0x13b4 /usr/lib/gcc/i686-linux-gnu/4.8/../../../i386-linux-gnu/crti.o

.dynsym         0x00000000000014ec     0x2740
 *(.dynsym)
 .dynsym        0x00000000000014ec     0x2740 /usr/lib/gcc/i686-linux-gnu/4.8/../../../i386-linux-gnu/crti.o

.dynstr         0x0000000000003c2c     0x285d
 *(.dynstr)
 .dynstr        0x0000000000003c2c     0x285d /usr/lib/gcc/i686-linux-gnu/4.8/../../../i386-linux-gnu/crti.o

.gnu.version    0x000000000000648a      0x4e8
 *(.gnu.version)
 .gnu.version   0x000000000000648a      0x4e8 /usr/lib/gcc/i686-linux-gnu/4.8/../../../i386-linux-gnu/crti.o

.gnu.version_d  0x0000000000006974        0x0
 *(.gnu.version_d)
 .gnu.version_d
                0x0000000000000000        0x0 /usr/lib/gcc/i686-linux-gnu/4.8/../../../i386-linux-gnu/crti.o

.gnu.version_r  0x0000000000006974       0x50
 *(.gnu.version_r)
 .gnu.version_r
                0x0000000000006974       0x50 /usr/lib/gcc/i686-linux-gnu/4.8/../../../i386-linux-gnu/crti.o

.rel.dyn        0x00000000000069c4     0x9908
 *(.rel.init)
 .rel.init      0x0000000000000000        0x0 /usr/lib/gcc/i686-linux-gnu/4.8/../../../i386-linux-gnu/crti.o
 *(.rel.text .rel.text.* .rel.gnu.linkonce.t.*)
 .rel.text      0x00000000000069c4     0x9130 /usr/lib/gcc/i686-linux-gnu/4.8/../../../i386-linux-gnu/crti.o
 *(.rel.fini)
 .rel.fini      0x0000000000000000        0x0 /usr/lib/gcc/i686-linux-gnu/4.8/../../../i386-linux-gnu/crti.o
 *(.rel.rodata .rel.rodata.* .rel.gnu.linkonce.r.*)
 .rel.rodata    0x000000000000faf4      0x4e0 /usr/lib/gcc/i686-linux-gnu/4.8/../../../i386-linux-gnu/crti.o
 *(.rel.data.rel.ro .rel.data.rel.ro.* .rel.gnu.linkonce.d.rel.ro.*)
 *(.rel.data .rel.data.* .rel.gnu.linkonce.d.*)
 .rel.data.rel  0x000000000000ffd4        0x8 /usr/lib/gcc/i686-linux-gnu/4.8/../../../i386-linux-gnu/crti.o
 .rel.data      0x000000000000ffdc      0x2b8 /usr/lib/gcc/i686-linux-gnu/4.8/../../../i386-linux-gnu/crti.o
 *(.rel.tdata .rel.tdata.* .rel.gnu.linkonce.td.*)
 *(.rel.tbss .rel.tbss.* .rel.gnu.linkonce.tb.*)
 *(.rel.ctors)
 *(.rel.dtors)
 *(.rel.got)
 .rel.got       0x0000000000010294       0x28 /usr/lib/gcc/i686-linux-gnu/4.8/../../../i386-linux-gnu/crti.o
 *(.rel.bss .rel.bss.* .rel.gnu.linkonce.b.*)
 *(.rel.ifunc)
 .rel.ifunc     0x0000000000000000        0x0 /usr/lib/gcc/i686-linux-gnu/4.8/../../../i386-linux-gnu/crti.o
 .rel.fini_array
                0x00000000000102bc        0x8 /usr/lib/gcc/i686-linux-gnu/4.8/../../../i386-linux-gnu/crti.o
 .rel.init_array
                0x00000000000102c4        0x8 /usr/lib/gcc/i686-linux-gnu/4.8/../../../i386-linux-gnu/crti.o

.rel.plt        0x00000000000102cc       0x10
 *(.rel.plt)
 .rel.plt       0x00000000000102cc       0x10 /usr/lib/gcc/i686-linux-gnu/4.8/../../../i386-linux-gnu/crti.o
 *(.rel.iplt)

.init           0x00000000000102dc       0x23
 *(SORT(.init))
 .init          0x00000000000102dc       0x1e /usr/lib/gcc/i686-linux-gnu/4.8/../../../i386-linux-gnu/crti.o
                0x00000000000102dc                _init
 .init          0x00000000000102fa        0x5 /usr/lib/gcc/i686-linux-gnu/4.8/../../../i386-linux-gnu/crtn.o

.plt            0x0000000000010300       0x30
 *(.plt)
 .plt           0x0000000000010300       0x30 /usr/lib/gcc/i686-linux-gnu/4.8/../../../i386-linux-gnu/crti.o
 *(.iplt)

.text           0x0000000000010330    0x1746c
 *(.text.unlikely .text.*_unlikely .text.unlikely.*)
 *(.text.exit .text.exit.*)
 *(.text.startup .text.startup.*)
 *(.text.hot .text.hot.*)
 *(.text .stub .text.* .gnu.linkonce.t.*)
 .text          0x0000000000010330        0x0 /usr/lib/gcc/i686-linux-gnu/4.8/../../../i386-linux-gnu/crti.o
 .gnu.linkonce.t.__x86.get_pc_thunk.bx
                0x0000000000010330        0x4 /usr/lib/gcc/i686-linux-gnu/4.8/../../../i386-linux-gnu/crti.o
                0x0000000000010330                __x86.get_pc_thunk.bx
 *fill*         0x0000000000010334        0xc 
 .text          0x0000000000010340      0x11b /usr/lib/gcc/i686-linux-gnu/4.8/crtbeginS.o
 .text          0x000000000001045b      0x9e5 udp-client.co
 .text          0x0000000000010e40      0x96a obj_cooja/mtype168.o
                0x0000000000010fee                contiki_init
                0x00000000000115c1                Java_org_contikios_cooja_corecomm_Lib2_init
                0x0000000000011601                Java_org_contikios_cooja_corecomm_Lib2_getMemory
                0x0000000000011641                Java_org_contikios_cooja_corecomm_Lib2_setMemory
                0x00000000000116b8                Java_org_contikios_cooja_corecomm_Lib2_tick
                0x0000000000011798                Java_org_contikios_cooja_corecomm_Lib2_setReferenceAddress
 .text          0x00000000000117aa       0x63 obj_cooja/mtype168.a(simEnvChange.o)
                0x00000000000117aa                doActionsBeforeTick
                0x00000000000117db                doActionsAfterTick
 .text          0x000000000001180d       0xbc obj_cooja/mtype168.a(cooja_mt.o)
                0x000000000001180d                cooja_mt_init
                0x000000000001181a                cooja_mt_remove
                0x0000000000011827                cooja_mt_start
                0x0000000000011854                cooja_mt_exec
                0x0000000000011885                cooja_mt_exit
                0x00000000000118a7                cooja_mt_yield
 .text          0x00000000000118c9      0x115 obj_cooja/mtype168.a(cooja_mtarch.o)
                0x00000000000118c9                cooja_mtarch_init
                0x00000000000118ce                cooja_mtarch_start
                0x0000000000011949                cooja_sw
                0x000000000001196b                cooja_mtarch_exec
                0x0000000000011987                cooja_mtarch_remove
                0x000000000001198c                cooja_mtarch_yield
                0x0000000000011996                cooja_mtarch_pstop
                0x000000000001199b                cooja_mtarch_pstart
                0x00000000000119a0                cooja_mtarch_stack_usage
 .text          0x00000000000119de       0xc2 obj_cooja/mtype168.a(rtimer-arch.o)
                0x00000000000119de                rtimer_arch_init
                0x0000000000011a01                rtimer_arch_schedule
                0x0000000000011a18                rtimer_arch_next
                0x0000000000011a22                rtimer_arch_pending
                0x0000000000011a2c                rtimer_arch_check
                0x0000000000011a5e                rtimer_arch_now
 .text          0x0000000000011aa0       0x76 obj_cooja/mtype168.a(beep.o)
                0x0000000000011aa0                beep_alarm
                0x0000000000011aac                beep_beep
                0x0000000000011ab8                beep
                0x0000000000011ac4                beep_down
                0x0000000000011ad0                beep_on
                0x0000000000011adc                beep_off
                0x0000000000011ae8                beep_spinup
                0x0000000000011af4                beep_quick
                0x0000000000011b00                beep_long
 .text          0x0000000000011b16      0x103 obj_cooja/mtype168.a(button-sensor.o)
 .text          0x0000000000011c19       0x45 obj_cooja/mtype168.a(leds-arch.o)
                0x0000000000011c19                leds_arch_init
                0x0000000000011c25                leds_arch_get
                0x0000000000011c31                leds_arch_set
 .text          0x0000000000011c5e       0x2f obj_cooja/mtype168.a(moteid.o)
 .text          0x0000000000011c8d       0xb1 obj_cooja/mtype168.a(pir-sensor.o)
 .text          0x0000000000011d3e      0x131 obj_cooja/mtype168.a(rs232.o)
                0x0000000000011d3e                rs232_init
                0x0000000000011d43                rs232_set_speed
                0x0000000000011d51                rs232_set_input
                0x0000000000011d5e                rs232_send
                0x0000000000011d80                rs232_print
                0x0000000000011d9b                slip_arch_writeb
 .text          0x0000000000011e6f       0xb1 obj_cooja/mtype168.a(vib-sensor.o)
 .text          0x0000000000011f20       0x34 obj_cooja/mtype168.a(clock.o)
                0x0000000000011f20                clock_init
                0x0000000000011f25                clock_time
                0x0000000000011f2f                clock_seconds
                0x0000000000011f45                clock_delay
 .text          0x0000000000011f54      0x1ed obj_cooja/mtype168.a(log.o)
                0x0000000000011f54                simlog_char
                0x0000000000011f96                simlog
                0x0000000000012003                log_message
                0x000000000001202b                log_set_putchar_with_slip
                0x0000000000012038                log_putchar
                0x00000000000120bc                log_puts
                0x00000000000120e0                log_printf
 .text          0x0000000000012141      0x2c4 obj_cooja/mtype168.a(cfs-cooja.o)
                0x0000000000012141                cfs_open
                0x00000000000121aa                cfs_close
                0x00000000000121b6                cfs_read
                0x0000000000012254                cfs_write
                0x0000000000012331                cfs_seek
                0x00000000000123b9                cfs_remove
                0x00000000000123e2                cfs_opendir
                0x00000000000123ec                cfs_readdir
                0x00000000000123f6                cfs_closedir
 .text          0x0000000000012405      0x69f obj_cooja/mtype168.a(cooja-radio.o)
                0x000000000001242f                radio_set_channel
                0x0000000000012444                radio_set_txpower
                0x0000000000012464                radio_signal_strength_last
                0x000000000001246e                radio_signal_strength_current
                0x0000000000012478                radio_LQI
 .text          0x0000000000012aa4       0xef obj_cooja/mtype168.a(eeprom.o)
                0x0000000000012aa4                eeprom_init
                0x0000000000012aa9                eeprom_read
                0x0000000000012b19                eeprom_write
 .text          0x0000000000012b93       0x28 obj_cooja/mtype168.a(random.o)
                0x0000000000012b93                random_init
                0x0000000000012bae                random_rand
 .text          0x0000000000012bbb      0x2a1 obj_cooja/mtype168.a(sensors.o)
                0x0000000000012bf6                sensors_first
                0x0000000000012c00                sensors_next
                0x0000000000012c1d                sensors_changed
                0x0000000000012c4c                sensors_find
 .text          0x0000000000012e5c      0x134 obj_cooja/mtype168.a(leds.o)
                0x0000000000012ead                leds_init
                0x0000000000012ec1                leds_blink
                0x0000000000012ef9                leds_get
                0x0000000000012f06                leds_set
                0x0000000000012f20                leds_on
                0x0000000000012f43                leds_off
                0x0000000000012f6d                leds_toggle
 .text          0x0000000000012f90      0x318 obj_cooja/mtype168.a(dual_conf.o)
                0x0000000000012f90                dual_radio_switch
                0x0000000000012fd0                dual_radio_change
                0x000000000001300a                sending_in_LR
                0x0000000000013035                dual_radio_received
                0x000000000001306d                radio_received_is_longrange
                0x0000000000013088                dual_radio_turn_on
                0x00000000000130ab                dual_radio_turn_off
                0x000000000001325e                dio_broadcast
                0x0000000000013287                dis_broadcast
 .text          0x00000000000132a8       0x8e obj_cooja/mtype168.a(autostart.o)
                0x00000000000132a8                autostart_start
                0x00000000000132f3                autostart_exit
 .text          0x0000000000013336      0x334 obj_cooja/mtype168.a(ctimer.o)
                0x000000000001344d                ctimer_init
                0x000000000001347d                ctimer_set
                0x00000000000134ae                ctimer_set_with_process
                0x000000000001352a                ctimer_reset
                0x0000000000013579                ctimer_restart
                0x00000000000135c8                ctimer_stop
                0x0000000000013613                ctimer_expired
 .text          0x000000000001366a      0x40b obj_cooja/mtype168.a(etimer.o)
                0x000000000001387d                etimer_request_poll
                0x0000000000013901                etimer_set
                0x0000000000013926                etimer_reset_with_new_interval
                0x000000000001394d                etimer_reset
                0x000000000001396b                etimer_restart
                0x0000000000013989                etimer_adjust
                0x00000000000139a5                etimer_expired
                0x00000000000139b8                etimer_expiration_time
                0x00000000000139ca                etimer_start_time
                0x00000000000139d4                etimer_pending
                0x00000000000139e6                etimer_next_expiration_time
                0x0000000000013a00                etimer_stop
 .text          0x0000000000013a75      0x264 obj_cooja/mtype168.a(log_message.o)
                0x0000000000013a75                log_initialization
                0x0000000000013cb8                log_finisher
 .text          0x0000000000013cd9      0x560 obj_cooja/mtype168.a(process.o)
                0x0000000000013cd9                process_alloc_event
                0x0000000000013cee                process_start
                0x0000000000013ed7                process_exit
                0x0000000000013ef3                process_init
                0x00000000000140c4                process_run
                0x00000000000140f7                process_nevents
                0x0000000000014112                process_post
                0x00000000000141be                process_post_synch
                0x00000000000141f6                process_poll
                0x0000000000014225                process_is_running
 .text          0x0000000000014239       0xd3 obj_cooja/mtype168.a(residual.o)
                0x0000000000014239                get_residual_energy
 .text          0x000000000001430c       0xba obj_cooja/mtype168.a(rtimer.o)
                0x000000000001430c                rtimer_init
                0x0000000000014319                rtimer_set
                0x0000000000014370                rtimer_run_next
 .text          0x00000000000143c6       0xa3 obj_cooja/mtype168.a(stimer.o)
                0x00000000000143c6                stimer_set
                0x00000000000143e1                stimer_reset
                0x00000000000143f8                stimer_restart
                0x000000000001440a                stimer_expired
                0x0000000000014431                stimer_remaining
                0x0000000000014455                stimer_elapsed
 .text          0x0000000000014469       0x91 obj_cooja/mtype168.a(timer.o)
                0x0000000000014469                timer_set
                0x0000000000014484                timer_reset
                0x000000000001449b                timer_restart
                0x00000000000144ad                timer_expired
                0x00000000000144d6                timer_remaining
 .text          0x00000000000144fa      0x1fb obj_cooja/mtype168.a(serial-line.o)
                0x00000000000144fa                serial_line_input_byte
                0x00000000000146bd                serial_line_init
 .text          0x00000000000146f5      0x244 obj_cooja/mtype168.a(list.o)
                0x00000000000146f5                list_init
                0x0000000000014703                list_head
                0x000000000001470d                list_copy
                0x000000000001471c                list_tail
                0x0000000000014752                list_add
                0x000000000001479b                list_push
                0x00000000000147c7                list_chop
                0x0000000000014831                list_pop
                0x0000000000014859                list_remove
                0x00000000000148c0                list_length
                0x00000000000148ee                list_insert
                0x0000000000014922                list_item_next
 .text          0x0000000000014939      0x155 obj_cooja/mtype168.a(ringbuf.o)
                0x0000000000014939                ringbuf_init
                0x000000000001496a                ringbuf_put
                0x00000000000149e8                ringbuf_get
                0x0000000000014a55                ringbuf_size
                0x0000000000014a67                ringbuf_elements
 .text          0x0000000000014a8e     0x258b obj_cooja/mtype168.a(sicslowpan.o)
                0x0000000000015018                rime_sniffer_add
                0x0000000000015025                rime_sniffer_remove
                0x0000000000016fb8                sicslowpan_init
                0x000000000001700f                sicslowpan_get_last_rssi
 .text          0x0000000000017019      0x2dc obj_cooja/mtype168.a(uip-ds6-nbr.o)
                0x0000000000017036                uip_ds6_neighbors_init
                0x0000000000017053                uip_ds6_nbr_add
                0x0000000000017104                uip_ds6_nbr_rm
                0x0000000000017161                uip_ds6_nbr_get_ipaddr
                0x0000000000017176                uip_ds6_nbr_get_ll
                0x0000000000017192                uip_ds6_nbr_num
                0x00000000000171d7                uip_ds6_nbr_lookup
                0x000000000001723c                uip_ds6_nbr_ll_lookup
                0x0000000000017258                uip_ds6_nbr_ipaddr_from_lladdr
                0x000000000001727e                uip_ds6_nbr_lladdr_from_ipaddr
                0x00000000000172ac                uip_ds6_link_neighbor_callback
 .text          0x00000000000172f5      0x916 obj_cooja/mtype168.a(uip-ds6-route.o)
                0x000000000001736c                uip_ds6_notification_add
                0x000000000001739d                uip_ds6_notification_rm
                0x00000000000173b9                uip_ds6_route_init
                0x0000000000017441                uip_ds6_route_nexthop
                0x0000000000017469                uip_ds6_route_head
                0x000000000001747e                uip_ds6_route_next
                0x00000000000174a4                uip_ds6_route_is_nexthop
                0x00000000000174e3                uip_ds6_route_num_routes
                0x00000000000174ed                uip_ds6_route_lookup
                0x00000000000175af                uip_ds6_route_add
                0x00000000000177e3                uip_ds6_route_rm
                0x0000000000017977                uip_ds6_route_rm_by_nexthop
                0x00000000000179af                uip_ds6_defrt_add
                0x0000000000017a60                uip_ds6_defrt_rm
                0x0000000000017adf                uip_ds6_defrt_lookup
                0x0000000000017b38                uip_ds6_defrt_choose
                0x0000000000017ba3                uip_ds6_defrt_periodic
 .text          0x0000000000017c0b     0x12ad obj_cooja/mtype168.a(uip-ds6.o)
                0x0000000000017c0b                uip_ds6_init
                0x0000000000017f60                uip_ds6_periodic
                0x0000000000018038                uip_ds6_list_loop
                0x00000000000180df                uip_ds6_prefix_add
                0x000000000001819d                uip_ds6_prefix_rm
                0x00000000000181af                uip_ds6_prefix_lookup
                0x0000000000018200                uip_ds6_is_addr_onlink
                0x0000000000018274                uip_ds6_addr_add
                0x00000000000183a2                uip_ds6_long_addr_add
                0x00000000000184d0                uip_ds6_addr_rm
                0x0000000000018570                uip_ds6_addr_lookup
                0x00000000000185bb                uip_ds6_long_addr_lookup
                0x0000000000018606                uip_ds6_get_link_local
                0x0000000000018685                uip_ds6_long_get_link_local
                0x0000000000018704                uip_ds6_get_global
                0x0000000000018783                uip_ds6_long_get_global
                0x0000000000018802                uip_ds6_maddr_add
                0x0000000000018874                uip_ds6_long_maddr_add
                0x00000000000188e6                uip_ds6_maddr_rm
                0x00000000000188f8                uip_ds6_maddr_lookup
                0x0000000000018943                uip_ds6_long_maddr_lookup
                0x000000000001898e                uip_ds6_aaddr_add
                0x0000000000018a00                uip_ds6_long_aaddr_add
                0x0000000000018a72                uip_ds6_aaddr_rm
                0x0000000000018a84                uip_ds6_aaddr_lookup
                0x0000000000018acf                uip_ds6_long_aaddr_lookup
                0x0000000000018b1a                uip_ds6_select_src
                0x0000000000018da3                uip_ds6_set_addr_iid
                0x0000000000018dda                get_match_length
                0x0000000000018e6c                uip_ds6_compute_reachable_time
 .text          0x0000000000018eb8     0x2a07 obj_cooja/mtype168.a(uip6.o)
                0x0000000000018eb8                uip_add32
                0x0000000000019051                uip_chksum
                0x000000000001913f                uip_icmp6chksum
                0x0000000000019153                uip_tcpchksum
                0x0000000000019167                uip_udpchksum
                0x000000000001917b                uip_init
                0x000000000001924b                uip_connect
                0x00000000000193fa                remove_ext_hdr
                0x00000000000194cf                uip_udp_new
                0x000000000001962b                uip_unlisten
                0x000000000001968b                uip_listen
                0x000000000001994d                uip_process
                0x000000000001b7b3                uip_htons
                0x000000000001b7d5                uip_htonl
                0x000000000001b815                uip_send
 .text          0x000000000001b8bf      0xa53 obj_cooja/mtype168.a(tcpip.o)
                0x000000000001b8bf                tcpip_output
                0x000000000001b8fa                tcpip_set_outputfunc
                0x000000000001b98e                tcp_connect
                0x000000000001b9e3                tcp_unlisten
                0x000000000001ba3e                tcp_listen
                0x000000000001ba97                tcp_attach
                0x000000000001babc                udp_attach
                0x000000000001bae1                udp_new
                0x000000000001bb33                udp_broadcast_new
                0x000000000001bda7                tcpip_input
                0x000000000001bddb                tcpip_ipv6_output
                0x000000000001c14e                tcpip_poll_udp
                0x000000000001c171                tcpip_poll_tcp
                0x000000000001c194                tcpip_uipcall
 .text          0x000000000001c312      0x1c1 obj_cooja/mtype168.a(uip-debug.o)
                0x000000000001c312                uip_debug_ipaddr_print
                0x000000000001c474                uip_debug_lladdr_print
 .text          0x000000000001c4d3      0x141 obj_cooja/mtype168.a(uip-packetqueue)
                0x000000000001c4ff                uip_packetqueue_new
                0x000000000001c50d                uip_packetqueue_alloc
                0x000000000001c56d                uip_packetqueue_free
                0x000000000001c5ae                uip_packetqueue_buf
                0x000000000001c5cb                uip_packetqueue_buflen
                0x000000000001c5ec                uip_packetqueue_set_buflen
 .text          0x000000000001c614      0x131 obj_cooja/mtype168.a(uip-udp-packet.)
                0x000000000001c614                uip_udp_packet_send
                0x000000000001c674                uip_udp_packet_sendto
 .text          0x000000000001c745     0x26bb obj_cooja/mtype168.a(rpl-dag.o)
                0x000000000001c745                rpl_lr_in_child
                0x000000000001c7fd                rpl_print_neighbor_list
                0x000000000001c8a6                rpl_print_child_neighbor_list
                0x000000000001c91b                rpl_get_nbr
                0x000000000001c975                rpl_get_nbr_child
                0x000000000001c9cf                rpl_dag_init
                0x000000000001ca01                rpl_get_parent
                0x000000000001ca23                rpl_get_parent_rank
                0x000000000001ca56                rpl_get_parent_link_metric
                0x000000000001ca89                rpl_get_parent_ipaddr
                0x000000000001cab3                rpl_get_child_ipaddr
                0x000000000001cdce                rpl_set_root
                0x000000000001cffc                rpl_repair_root
                0x000000000001d238                rpl_set_prefix
                0x000000000001d337                rpl_set_default_route
                0x000000000001d3c3                rpl_alloc_instance
                0x000000000001d44b                rpl_alloc_dag
                0x000000000001d4fe                rpl_set_default_instance
                0x000000000001d50b                rpl_get_default_instance
                0x000000000001d515                rpl_free_instance
                0x000000000001d5b6                rpl_free_dag
                0x000000000001d61c                rpl_add_parent
                0x000000000001d705                rpl_find_parent
                0x000000000001d735                rpl_add_child
                0x000000000001d7d9                rpl_find_child
                0x000000000001d827                rpl_find_parent_any_dag
                0x000000000001d863                rpl_select_dag
                0x000000000001dca9                rpl_select_parent
                0x000000000001dd0b                rpl_remove_parent
                0x000000000001dd41                rpl_remove_child
                0x000000000001dd5d                rpl_nullify_parent
                0x000000000001ddfb                rpl_move_parent
                0x000000000001de98                rpl_has_downward_route
                0x000000000001deeb                rpl_get_any_dag
                0x000000000001df4d                rpl_get_instance
                0x000000000001dfb0                rpl_find_of
                0x000000000001dfed                rpl_join_instance
                0x000000000001e289                rpl_add_dag
                0x000000000001e678                rpl_local_repair
                0x000000000001e751                rpl_recalculate_ranks
                0x000000000001e7d7                rpl_process_parent_event
                0x000000000001e889                rpl_process_dio
 .text          0x000000000001ee00      0xbf3 obj_cooja/mtype168.a(rpl-ext-header.)
                0x000000000001ee1d                rpl_verify_header
                0x000000000001f297                rpl_update_header_empty
                0x000000000001f5ae                rpl_update_header_final
                0x000000000001f73d                rpl_remove_header
                0x000000000001f847                rpl_invert_header
                0x000000000001f9d1                rpl_insert_header
 .text          0x000000000001f9f3     0x22fb obj_cooja/mtype168.a(rpl-icmp6.o)
                0x000000000001fcbc                rpl_icmp6_update_nbr_table
                0x000000000001fdac                dis_output
                0x00000000000206e4                dio_output
                0x0000000000021859                dao_output
                0x0000000000021921                dao_output_target
                0x0000000000021ca2                dao_ack_output
                0x0000000000021cb6                rpl_icmp6_register_handlers
 .text          0x0000000000021cee      0x3df obj_cooja/mtype168.a(rpl-ltmax.o)
 .text          0x00000000000220cd      0x5e2 obj_cooja/mtype168.a(rpl-timers.o)
                0x00000000000220cd                simple_rpl_convergence_timer
                0x0000000000022358                rpl_reset_periodic_timer
                0x00000000000223ad                rpl_reset_dio_timer
                0x00000000000225e7                rpl_schedule_dao
                0x0000000000022602                rpl_schedule_dao_immediately
                0x000000000002261d                rpl_cancel_dao
                0x000000000002267f                rpl_schedule_unicast_dio_immediately
 .text          0x00000000000226af      0x5d1 obj_cooja/mtype168.a(rpl.o)
                0x00000000000226af                rpl_get_mode
                0x00000000000226b9                rpl_set_mode
                0x0000000000022747                rpl_purge_routes
                0x0000000000022841                rpl_remove_routes
                0x0000000000022887                rpl_remove_routes_by_nexthop
                0x00000000000228f3                rpl_add_route
                0x000000000002296e                rpl_link_neighbor_callback
                0x0000000000022a73                rpl_ipv6_neighbor_callback
                0x0000000000022ae2                rpl_purge_dags
                0x0000000000022bee                rpl_init
 .text          0x0000000000022c80      0x8d4 obj_cooja/mtype168.a(csma.o)
 .text          0x0000000000023554      0x3f5 obj_cooja/mtype168.a(framer-802154.o)
 .text          0x0000000000023949       0x3c obj_cooja/mtype168.a(mac.o)
                0x0000000000023949                mac_call_sent_callback
 .text          0x0000000000023985     0x10c8 obj_cooja/mtype168.a(cxmac.o)
                0x0000000000024981                cxmac_set_announcement_radio_txpower
                0x0000000000024986                cxmac_init
 .text          0x0000000000024a4d       0x82 obj_cooja/mtype168.a(linkaddr.o)
                0x0000000000024a4d                linkaddr_copy
                0x0000000000024a6f                linkaddr_cmp
                0x0000000000024a99                linkaddr_set_node_addr
                0x0000000000024ab4                linkaddr_set_node_long_addr
 .text          0x0000000000024acf      0x915 obj_cooja/mtype168.a(nbr-table.o)
                0x0000000000024acf                long_ip_from_lladdr_map
                0x0000000000024b58                lladdr_map_add_lr
                0x0000000000024c15                lladdr_map_rm_lr
                0x00000000000250da                nbr_table_register
                0x0000000000025122                nbr_table_head
                0x000000000002517e                nbr_table_next
                0x00000000000251e5                nbr_table_add_lladdr
                0x00000000000252c1                nbr_table_get_from_lladdr
                0x000000000002530e                nbr_table_remove
                0x0000000000025360                nbr_table_lock
                0x000000000002538a                nbr_table_unlock
                0x00000000000253b4                nbr_table_get_lladdr
 .text          0x00000000000253e4       0x2b obj_cooja/mtype168.a(netstack.o)
                0x00000000000253e4                netstack_init
 .text          0x000000000002540f      0x3cd obj_cooja/mtype168.a(packetbuf.o)
                0x000000000002540f                packetbuf_clear
                0x0000000000025439                packetbuf_copyfrom
                0x000000000002548b                packetbuf_compact
                0x0000000000025508                packetbuf_copyto
                0x000000000002559f                packetbuf_hdralloc
                0x000000000002561c                packetbuf_hdrreduce
                0x0000000000025664                packetbuf_set_datalen
                0x000000000002567d                packetbuf_dataptr
                0x000000000002569a                packetbuf_hdrptr
                0x00000000000256a4                packetbuf_datalen
                0x00000000000256b0                packetbuf_hdrlen
                0x00000000000256c7                packetbuf_totlen
                0x00000000000256dd                packetbuf_attr_clear
                0x000000000002572f                packetbuf_attr_copyto
                0x0000000000025778                packetbuf_attr_copyfrom
                0x00000000000257c0                packetbuf_holds_broadcast
 .text          0x00000000000257dc      0x2b4 obj_cooja/mtype168.a(queuebuf.o)
                0x00000000000257e6                queuebuf_init
                0x0000000000025806                queuebuf_numfree
                0x000000000002581a                queuebuf_new_from_packetbuf
                0x00000000000258aa                queuebuf_update_attr_from_packetbuf
                0x00000000000258dd                queuebuf_update_from_packetbuf
                0x0000000000025927                queuebuf_free
                0x000000000002596e                queuebuf_to_packetbuf
                0x00000000000259d4                queuebuf_dataptr
                0x0000000000025a0b                queuebuf_datalen
                0x0000000000025a2e                queuebuf_addr
                0x0000000000025a60                queuebuf_attr
                0x0000000000025a8b                queuebuf_debug_print
 .text          0x0000000000025a90       0x6e obj_cooja/mtype168.a(nullsec.o)
 .text          0x0000000000025afe       0x19 obj_cooja/mtype168.a(watchdog.o)
                0x0000000000025afe                watchdog_init
                0x0000000000025b03                watchdog_start
                0x0000000000025b08                watchdog_periodic
                0x0000000000025b0d                watchdog_stop
                0x0000000000025b12                watchdog_reboot
 .text          0x0000000000025b17        0x0 obj_cooja/mtype168.a(rimestats.o)
 .text          0x0000000000025b17      0x1c1 obj_cooja/mtype168.a(memb.o)
                0x0000000000025b17                memb_init
                0x0000000000025b75                memb_alloc
                0x0000000000025bda                memb_free
                0x0000000000025c55                memb_inmemb
                0x0000000000025c94                memb_numfree
 .text          0x0000000000025cd8      0xabf obj_cooja/mtype168.a(uip-icmp6.o)
                0x0000000000025d46                uip_icmp6_input
                0x0000000000025d9c                uip_icmp6_register_input_handler
                0x0000000000026064                uip_icmp6_error_output
                0x00000000000263a9                uip_icmp6_send
                0x000000000002672a                uip_icmp6_echo_reply_callback_add
                0x000000000002675b                uip_icmp6_echo_reply_callback_rm
                0x0000000000026777                uip_icmp6_init
 .text          0x0000000000026797      0x358 obj_cooja/mtype168.a(uip-nd6.o)
                0x00000000000267eb                uip_nd6_ns_output
                0x0000000000026aea                uip_nd6_init
 .text          0x0000000000026aef      0x331 obj_cooja/mtype168.a(rpl-nbr-policy.)
                0x0000000000026cc7                find_removable_dis
                0x0000000000026cea                find_removable_dio
                0x0000000000026d79                find_removable_dao
                0x0000000000026dc9                rpl_nbr_policy_find_removable
 .text          0x0000000000026e20      0x97c obj_cooja/mtype168.a(frame802154.o)
                0x0000000000026e51                frame802154_get_pan_id
                0x0000000000026e5d                frame802154_set_pan_id
                0x0000000000026e76                frame802154_has_panid
                0x0000000000026f62                frame802154_check_dest_panid
                0x0000000000026fca                frame802154_is_broadcast_addr
                0x0000000000027017                frame802154_extract_linkaddr
                0x0000000000027257                frame802154_hdrlen
                0x00000000000272a8                frame802154_create
                0x0000000000027493                frame802154_parse
 .text          0x000000000002779c        0x0 /usr/lib/gcc/i686-linux-gnu/4.8/crtendS.o
 .text          0x000000000002779c        0x0 /usr/lib/gcc/i686-linux-gnu/4.8/../../../i386-linux-gnu/crtn.o
 *(.gnu.warning)

.fini           0x000000000002779c       0x14
 *(SORT(.fini))
 .fini          0x000000000002779c        0xf /usr/lib/gcc/i686-linux-gnu/4.8/../../../i386-linux-gnu/crti.o
                0x000000000002779c                _fini
 .fini          0x00000000000277ab        0x5 /usr/lib/gcc/i686-linux-gnu/4.8/../../../i386-linux-gnu/crtn.o
                0x00000000000277b0                PROVIDE (__etext, .)
                0x00000000000277b0                PROVIDE (_etext, .)
                0x00000000000277b0                PROVIDE (etext, .)

.rodata         0x00000000000277c0      0xc60
 *(.rodata .rodata.* .gnu.linkonce.r.*)
 .rodata        0x00000000000277c0      0x468 udp-client.co
                0x00000000000277d4                autostart_processes
 .rodata        0x0000000000027c28      0x1e6 obj_cooja/mtype168.o
 *fill*         0x0000000000027e0e        0x2 
 .rodata        0x0000000000027e10        0x8 obj_cooja/mtype168.a(beep.o)
                0x0000000000027e10                beep_interface
 .rodata        0x0000000000027e18       0x20 obj_cooja/mtype168.a(button-sensor.o)
                0x0000000000027e18                button_interface
                0x0000000000027e28                button_sensor
 .rodata        0x0000000000027e38        0x8 obj_cooja/mtype168.a(leds-arch.o)
                0x0000000000027e38                leds_interface
 .rodata        0x0000000000027e40        0x8 obj_cooja/mtype168.a(moteid.o)
                0x0000000000027e40                moteid_interface
 .rodata        0x0000000000027e48       0x1c obj_cooja/mtype168.a(pir-sensor.o)
                0x0000000000027e48                pir_interface
                0x0000000000027e54                pir_sensor
 .rodata        0x0000000000027e64        0xe obj_cooja/mtype168.a(rs232.o)
                0x0000000000027e64                rs232_interface
 *fill*         0x0000000000027e72        0x2 
 .rodata        0x0000000000027e74       0x24 obj_cooja/mtype168.a(vib-sensor.o)
                0x0000000000027e74                vib_interface
                0x0000000000027e88                vib_sensor
 .rodata        0x0000000000027e98        0x8 obj_cooja/mtype168.a(clock.o)
                0x0000000000027e98                clock_interface
 .rodata        0x0000000000027ea0        0x8 obj_cooja/mtype168.a(log.o)
                0x0000000000027ea0                simlog_interface
 .rodata        0x0000000000027ea8       0x2f obj_cooja/mtype168.a(cfs-cooja.o)
                0x0000000000027ea8                cfs_interface
 *fill*         0x0000000000027ed7        0x9 
 .rodata        0x0000000000027ee0       0x60 obj_cooja/mtype168.a(cooja-radio.o)
                0x0000000000027f00                cooja_radio_driver
                0x0000000000027f38                radio_interface
 .rodata        0x0000000000027f40        0x8 obj_cooja/mtype168.a(eeprom.o)
                0x0000000000027f40                eeprom_interface
 .rodata        0x0000000000027f48        0x8 obj_cooja/mtype168.a(sensors.o)
 .rodata        0x0000000000027f50       0x1c obj_cooja/mtype168.a(dual_conf.o)
 .rodata        0x0000000000027f6c        0xf obj_cooja/mtype168.a(ctimer.o)
 .rodata        0x0000000000027f7b        0xc obj_cooja/mtype168.a(etimer.o)
 *fill*         0x0000000000027f87        0x1 
 .rodata        0x0000000000027f88      0x201 obj_cooja/mtype168.a(log_message.o)
 *fill*         0x0000000000028189        0x3 
 .rodata        0x000000000002818c       0x20 obj_cooja/mtype168.a(residual.o)
                0x000000000002818c                DISSIPATION_RATE
 .rodata        0x00000000000281ac        0xe obj_cooja/mtype168.a(serial-line.o)
 *fill*         0x00000000000281ba        0x2 
 .rodata        0x00000000000281bc       0x2c obj_cooja/mtype168.a(sicslowpan.o)
                0x00000000000281bc                unc_llconf
                0x00000000000281c0                unc_ctxconf
                0x00000000000281c4                unc_mxconf
                0x00000000000281c8                llprefix
                0x00000000000281dc                sicslowpan_driver
 .rodata        0x00000000000281e8      0x13c obj_cooja/mtype168.a(uip6.o)
 .rodata        0x0000000000028324        0xd obj_cooja/mtype168.a(tcpip.o)
 .rodata        0x0000000000028331       0x3e obj_cooja/mtype168.a(uip-debug.o)
 *fill*         0x000000000002836f        0x1 
 .rodata        0x0000000000028370        0x4 obj_cooja/mtype168.a(rpl-dag.o)
 .rodata        0x0000000000028374       0x24 obj_cooja/mtype168.a(csma.o)
                0x000000000002837c                csma_driver
 .rodata        0x0000000000028398        0xc obj_cooja/mtype168.a(framer-802154.o)
                0x0000000000028398                framer_802154
 *fill*         0x00000000000283a4       0x1c 
 .rodata        0x00000000000283c0       0x40 obj_cooja/mtype168.a(cxmac.o)
                0x00000000000283e0                cxmac_driver
 .rodata        0x0000000000028400        0x8 obj_cooja/mtype168.a(linkaddr.o)
                0x0000000000028400                linkaddr_null
 .rodata        0x0000000000028408       0x18 obj_cooja/mtype168.a(nullsec.o)
                0x0000000000028410                nullsec_driver

.rodata1
 *(.rodata1)

.eh_frame_hdr   0x0000000000028420     0x142c
 *(.eh_frame_hdr)
 .eh_frame_hdr  0x0000000000028420     0x142c udp-client.co

.eh_frame       0x000000000002984c     0x521c
 *(.eh_frame)
 .eh_frame      0x000000000002984c       0x3c /usr/lib/gcc/i686-linux-gnu/4.8/../../../i386-linux-gnu/crti.o
                                         0x40 (size before relaxing)
 .eh_frame      0x0000000000029888       0xb4 udp-client.co
                                         0xcc (size before relaxing)
 .eh_frame      0x000000000002993c      0x148 obj_cooja/mtype168.o
                                        0x160 (size before relaxing)
 .eh_frame      0x0000000000029a84       0x40 obj_cooja/mtype168.a(simEnvChange.o)
                                         0x58 (size before relaxing)
 .eh_frame      0x0000000000029ac4       0xc0 obj_cooja/mtype168.a(cooja_mt.o)
                                         0xd8 (size before relaxing)
 .eh_frame      0x0000000000029b84      0x120 obj_cooja/mtype168.a(cooja_mtarch.o)
                                        0x138 (size before relaxing)
 .eh_frame      0x0000000000029ca4       0xc0 obj_cooja/mtype168.a(rtimer-arch.o)
                                         0xd8 (size before relaxing)
 .eh_frame      0x0000000000029d64      0x160 obj_cooja/mtype168.a(beep.o)
                                        0x178 (size before relaxing)
 .eh_frame      0x0000000000029ec4       0xa0 obj_cooja/mtype168.a(button-sensor.o)
                                         0xb8 (size before relaxing)
 .eh_frame      0x0000000000029f64       0xa0 obj_cooja/mtype168.a(leds-arch.o)
                                         0xb8 (size before relaxing)
 .eh_frame      0x000000000002a004       0x40 obj_cooja/mtype168.a(moteid.o)
                                         0x58 (size before relaxing)
 .eh_frame      0x000000000002a044       0xa0 obj_cooja/mtype168.a(pir-sensor.o)
                                         0xb8 (size before relaxing)
 .eh_frame      0x000000000002a0e4      0x100 obj_cooja/mtype168.a(rs232.o)
                                        0x118 (size before relaxing)
 .eh_frame      0x000000000002a1e4       0xa0 obj_cooja/mtype168.a(vib-sensor.o)
                                         0xb8 (size before relaxing)
 .eh_frame      0x000000000002a284       0xc0 obj_cooja/mtype168.a(clock.o)
                                         0xd8 (size before relaxing)
 .eh_frame      0x000000000002a344      0x120 obj_cooja/mtype168.a(log.o)
                                        0x138 (size before relaxing)
 .eh_frame      0x000000000002a464      0x160 obj_cooja/mtype168.a(cfs-cooja.o)
                                        0x178 (size before relaxing)
 .eh_frame      0x000000000002a5c4      0x2e0 obj_cooja/mtype168.a(cooja-radio.o)
                                        0x2f8 (size before relaxing)
 .eh_frame      0x000000000002a8a4       0xa0 obj_cooja/mtype168.a(eeprom.o)
                                         0xb8 (size before relaxing)
 .eh_frame      0x000000000002a944       0x40 obj_cooja/mtype168.a(random.o)
                                         0x58 (size before relaxing)
 .eh_frame      0x000000000002a984       0xc0 obj_cooja/mtype168.a(sensors.o)
                                         0xd8 (size before relaxing)
 .eh_frame      0x000000000002aa44      0x100 obj_cooja/mtype168.a(leds.o)
                                        0x118 (size before relaxing)
 .eh_frame      0x000000000002ab44      0x160 obj_cooja/mtype168.a(dual_conf.o)
                                        0x178 (size before relaxing)
 .eh_frame      0x000000000002aca4       0x40 obj_cooja/mtype168.a(autostart.o)
                                         0x58 (size before relaxing)
 .eh_frame      0x000000000002ace4      0x100 obj_cooja/mtype168.a(ctimer.o)
                                        0x118 (size before relaxing)
 .eh_frame      0x000000000002ade4      0x1e0 obj_cooja/mtype168.a(etimer.o)
                                        0x1f8 (size before relaxing)
 .eh_frame      0x000000000002afc4       0x50 obj_cooja/mtype168.a(log_message.o)
                                         0x68 (size before relaxing)
 .eh_frame      0x000000000002b014      0x1c8 obj_cooja/mtype168.a(process.o)
                                        0x1e0 (size before relaxing)
 .eh_frame      0x000000000002b1dc       0x2c obj_cooja/mtype168.a(residual.o)
                                         0x44 (size before relaxing)
 .eh_frame      0x000000000002b208       0x60 obj_cooja/mtype168.a(rtimer.o)
                                         0x78 (size before relaxing)
 .eh_frame      0x000000000002b268       0xc4 obj_cooja/mtype168.a(stimer.o)
                                         0xdc (size before relaxing)
 .eh_frame      0x000000000002b32c       0xa4 obj_cooja/mtype168.a(timer.o)
                                         0xbc (size before relaxing)
 .eh_frame      0x000000000002b3d0       0x60 obj_cooja/mtype168.a(serial-line.o)
                                         0x78 (size before relaxing)
 .eh_frame      0x000000000002b430      0x180 obj_cooja/mtype168.a(list.o)
                                        0x198 (size before relaxing)
 .eh_frame      0x000000000002b5b0       0xa0 obj_cooja/mtype168.a(ringbuf.o)
                                         0xb8 (size before relaxing)
 .eh_frame      0x000000000002b650      0x350 obj_cooja/mtype168.a(sicslowpan.o)
                                        0x368 (size before relaxing)
 .eh_frame      0x000000000002b9a0      0x180 obj_cooja/mtype168.a(uip-ds6-nbr.o)
                                        0x198 (size before relaxing)
 .eh_frame      0x000000000002bb20      0x2a0 obj_cooja/mtype168.a(uip-ds6-route.o)
                                        0x2b8 (size before relaxing)
 .eh_frame      0x000000000002bdc0      0x3c8 obj_cooja/mtype168.a(uip-ds6.o)
                                        0x3e0 (size before relaxing)
 .eh_frame      0x000000000002c188      0x27c obj_cooja/mtype168.a(uip6.o)
                                        0x294 (size before relaxing)
 .eh_frame      0x000000000002c404      0x270 obj_cooja/mtype168.a(tcpip.o)
                                        0x288 (size before relaxing)
 .eh_frame      0x000000000002c674       0x48 obj_cooja/mtype168.a(uip-debug.o)
                                         0x60 (size before relaxing)
 .eh_frame      0x000000000002c6bc       0xe0 obj_cooja/mtype168.a(uip-packetqueue)
                                         0xf8 (size before relaxing)
 .eh_frame      0x000000000002c79c       0x40 obj_cooja/mtype168.a(uip-udp-packet.)
                                         0x58 (size before relaxing)
 .eh_frame      0x000000000002c7dc      0x76c obj_cooja/mtype168.a(rpl-dag.o)
                                        0x784 (size before relaxing)
 .eh_frame      0x000000000002cf48      0x10c obj_cooja/mtype168.a(rpl-ext-header.)
                                        0x124 (size before relaxing)
 .eh_frame      0x000000000002d054      0x2b8 obj_cooja/mtype168.a(rpl-icmp6.o)
                                        0x2d0 (size before relaxing)
 .eh_frame      0x000000000002d30c       0xe0 obj_cooja/mtype168.a(rpl-ltmax.o)
                                         0xf8 (size before relaxing)
 .eh_frame      0x000000000002d3ec      0x1ec obj_cooja/mtype168.a(rpl-timers.o)
                                        0x204 (size before relaxing)
 .eh_frame      0x000000000002d5d8      0x148 obj_cooja/mtype168.a(rpl.o)
                                        0x160 (size before relaxing)
 .eh_frame      0x000000000002d720      0x28c obj_cooja/mtype168.a(csma.o)
                                        0x2a4 (size before relaxing)
 .eh_frame      0x000000000002d9ac      0x108 obj_cooja/mtype168.a(framer-802154.o)
                                        0x120 (size before relaxing)
 .eh_frame      0x000000000002dab4       0x20 obj_cooja/mtype168.a(mac.o)
                                         0x38 (size before relaxing)
 .eh_frame      0x000000000002dad4      0x2bc obj_cooja/mtype168.a(cxmac.o)
                                        0x2d4 (size before relaxing)
 .eh_frame      0x000000000002dd90       0x80 obj_cooja/mtype168.a(linkaddr.o)
                                         0x98 (size before relaxing)
 .eh_frame      0x000000000002de10      0x2cc obj_cooja/mtype168.a(nbr-table.o)
                                        0x2e4 (size before relaxing)
 .eh_frame      0x000000000002e0dc       0x20 obj_cooja/mtype168.a(netstack.o)
                                         0x38 (size before relaxing)
 .eh_frame      0x000000000002e0fc      0x214 obj_cooja/mtype168.a(packetbuf.o)
                                        0x22c (size before relaxing)
 .eh_frame      0x000000000002e310      0x1a0 obj_cooja/mtype168.a(queuebuf.o)
                                        0x1b8 (size before relaxing)
 .eh_frame      0x000000000002e4b0       0x80 obj_cooja/mtype168.a(nullsec.o)
                                         0x98 (size before relaxing)
 .eh_frame      0x000000000002e530       0xa0 obj_cooja/mtype168.a(watchdog.o)
                                         0xb8 (size before relaxing)
 .eh_frame      0x000000000002e5d0       0xa0 obj_cooja/mtype168.a(memb.o)
                                         0xb8 (size before relaxing)
 .eh_frame      0x000000000002e670      0x168 obj_cooja/mtype168.a(uip-icmp6.o)
                                        0x180 (size before relaxing)
 .eh_frame      0x000000000002e7d8       0x68 obj_cooja/mtype168.a(uip-nd6.o)
                                         0x80 (size before relaxing)
 .eh_frame      0x000000000002e840       0xc0 obj_cooja/mtype168.a(rpl-nbr-policy.)
                                         0xd8 (size before relaxing)
 .eh_frame      0x000000000002e900      0x164 obj_cooja/mtype168.a(frame802154.o)
                                        0x17c (size before relaxing)
 .eh_frame      0x000000000002ea64        0x4 /usr/lib/gcc/i686-linux-gnu/4.8/crtendS.o

.gcc_except_table
 *(.gcc_except_table .gcc_except_table.*)

.exception_ranges
 *(.exception_ranges .exception_ranges*)
                0x000000000002ea68                . = (ALIGN (0x1000) - ((0x1000 - .) & 0xfff))
                0x000000000002fef8                . = DATA_SEGMENT_ALIGN (0x1000, 0x1000)

.eh_frame
 *(.eh_frame)

.gcc_except_table
 *(.gcc_except_table .gcc_except_table.*)

.exception_ranges
 *(.exception_ranges .exception_ranges*)

.tdata
 *(.tdata .tdata.* .gnu.linkonce.td.*)

.tbss
 *(.tbss .tbss.* .gnu.linkonce.tb.*)
 *(.tcommon)

.preinit_array
 *(.preinit_array)

.init_array     0x000000000002fef8        0x4
 *(SORT(.init_array.*) SORT(.ctors.*))
 *(.init_array EXCLUDE_FILE(*crtend?.o *crtend.o *crtbegin?.o *crtbegin.o) .ctors)
 .init_array    0x000000000002fef8        0x4 /usr/lib/gcc/i686-linux-gnu/4.8/crtbeginS.o

.fini_array     0x000000000002fefc        0x4
 *(SORT(.fini_array.*) SORT(.dtors.*))
 *(.fini_array EXCLUDE_FILE(*crtend?.o *crtend.o *crtbegin?.o *crtbegin.o) .dtors)
 .fini_array    0x000000000002fefc        0x4 /usr/lib/gcc/i686-linux-gnu/4.8/crtbeginS.o

.ctors
 *crtbegin.o(.ctors)
 *crtbegin?.o(.ctors)
 *(EXCLUDE_FILE(*crtend?.o *crtend.o) .ctors)
 *(SORT(.ctors.*))
 *(.ctors)

.dtors
 *crtbegin.o(.dtors)
 *crtbegin?.o(.dtors)
 *(EXCLUDE_FILE(*crtend?.o *crtend.o) .dtors)
 *(SORT(.dtors.*))
 *(.dtors)

.jcr            0x000000000002ff00        0x4
 *(.jcr)
 .jcr           0x000000000002ff00        0x0 /usr/lib/gcc/i686-linux-gnu/4.8/crtbeginS.o
 .jcr           0x000000000002ff00        0x4 /usr/lib/gcc/i686-linux-gnu/4.8/crtendS.o

.data.rel.ro
 *(.data.rel.ro.local* .gnu.linkonce.d.rel.ro.local.*)
 *(.data.rel.ro .data.rel.ro.* .gnu.linkonce.d.rel.ro.*)

.dynamic        0x000000000002ff04       0xe8
 *(.dynamic)
 .dynamic       0x000000000002ff04       0xe8 /usr/lib/gcc/i686-linux-gnu/4.8/../../../i386-linux-gnu/crti.o
                0x000000000002ff04                _DYNAMIC

.got            0x000000000002ffec       0x14
 *(.got)
 .got           0x000000000002ffec       0x14 /usr/lib/gcc/i686-linux-gnu/4.8/../../../i386-linux-gnu/crti.o
 *(.igot)
                0x0000000000030ff4                . = DATA_SEGMENT_RELRO_END (., (SIZEOF (.got.plt) >= 0xc)?0xc:0x0)

.got.plt        0x0000000000030000       0x14
 *(.got.plt)
 .got.plt       0x0000000000030000       0x14 /usr/lib/gcc/i686-linux-gnu/4.8/../../../i386-linux-gnu/crti.o
                0x0000000000030000                _GLOBAL_OFFSET_TABLE_
 *(.igot.plt)

.data           0x0000000000030020      0x2a2
 *(.data .data.* .gnu.linkonce.d.*)
 .data          0x0000000000030020        0x0 /usr/lib/gcc/i686-linux-gnu/4.8/../../../i386-linux-gnu/crti.o
 .data          0x0000000000030020        0x0 /usr/lib/gcc/i686-linux-gnu/4.8/crtbeginS.o
 .data.rel      0x0000000000030020        0x4 /usr/lib/gcc/i686-linux-gnu/4.8/crtbeginS.o
                0x0000000000030020                __dso_handle
 .data          0x0000000000030024       0x14 udp-client.co
                0x0000000000030028                udp_client_process
 *fill*         0x0000000000030038        0x8 
 .data          0x0000000000030040       0x44 obj_cooja/mtype168.o
                0x0000000000030040                simInterfaces
                0x0000000000030074                sensors
 .data          0x0000000000030084        0x0 obj_cooja/mtype168.a(simEnvChange.o)
 .data          0x0000000000030084        0x0 obj_cooja/mtype168.a(cooja_mt.o)
 .data          0x0000000000030084        0x0 obj_cooja/mtype168.a(cooja_mtarch.o)
 .data          0x0000000000030084        0x0 obj_cooja/mtype168.a(rtimer-arch.o)
 .data          0x0000000000030084        0x0 obj_cooja/mtype168.a(beep.o)
 .data          0x0000000000030084        0x0 obj_cooja/mtype168.a(button-sensor.o)
 .data          0x0000000000030084        0x0 obj_cooja/mtype168.a(leds-arch.o)
 .data          0x0000000000030084        0x0 obj_cooja/mtype168.a(moteid.o)
 .data          0x0000000000030084        0x0 obj_cooja/mtype168.a(pir-sensor.o)
 .data          0x0000000000030084        0x0 obj_cooja/mtype168.a(rs232.o)
 .data          0x0000000000030084        0x0 obj_cooja/mtype168.a(vib-sensor.o)
 .data          0x0000000000030084        0x0 obj_cooja/mtype168.a(clock.o)
 .data          0x0000000000030084        0x0 obj_cooja/mtype168.a(log.o)
 .data          0x0000000000030084        0x0 obj_cooja/mtype168.a(cfs-cooja.o)
 .data          0x0000000000030084       0x40 obj_cooja/mtype168.a(cooja-radio.o)
                0x0000000000030084                simRadioChannelLR
                0x0000000000030088                simRadioHWOnLR
                0x000000000003008c                simSignalStrengthLR
                0x0000000000030090                simLastSignalStrengthLR
                0x0000000000030094                simPowerLR
                0x0000000000030098                simLQILR
                0x000000000003009c                simRadioChannel
                0x00000000000300a0                simRadioHWOn
                0x00000000000300a4                simSignalStrength
                0x00000000000300a8                simLastSignalStrength
                0x00000000000300ac                simPower
                0x00000000000300b0                simLQI
                0x00000000000300b4                cooja_radio_process
 .data          0x00000000000300c4        0x0 obj_cooja/mtype168.a(eeprom.o)
 .data          0x00000000000300c4        0x0 obj_cooja/mtype168.a(random.o)
 .data          0x00000000000300c4       0x10 obj_cooja/mtype168.a(sensors.o)
                0x00000000000300c4                sensors_process
 .data          0x00000000000300d4        0x0 obj_cooja/mtype168.a(leds.o)
 .data          0x00000000000300d4       0x28 obj_cooja/mtype168.a(dual_conf.o)
                0x00000000000300d4                radio_received
                0x00000000000300d8                dual_dio_broadcast
                0x00000000000300e8                dual_dis_broadcast
 .data          0x00000000000300fc        0x0 obj_cooja/mtype168.a(autostart.o)
 .data          0x00000000000300fc       0x14 obj_cooja/mtype168.a(ctimer.o)
                0x0000000000030100                ctimer_process
 .data          0x0000000000030110       0x10 obj_cooja/mtype168.a(etimer.o)
                0x0000000000030110                etimer_process
 .data          0x0000000000030120        0x0 obj_cooja/mtype168.a(log_message.o)
 .data          0x0000000000030120        0x0 obj_cooja/mtype168.a(process.o)
 .data          0x0000000000030120        0x0 obj_cooja/mtype168.a(residual.o)
 .data          0x0000000000030120        0x0 obj_cooja/mtype168.a(rtimer.o)
 .data          0x0000000000030120        0x0 obj_cooja/mtype168.a(stimer.o)
 .data          0x0000000000030120        0x0 obj_cooja/mtype168.a(timer.o)
 .data          0x0000000000030120       0x10 obj_cooja/mtype168.a(serial-line.o)
                0x0000000000030120                serial_line_process
 .data          0x0000000000030130        0x0 obj_cooja/mtype168.a(list.o)
 .data          0x0000000000030130        0x0 obj_cooja/mtype168.a(ringbuf.o)
 .data          0x0000000000030130        0x0 obj_cooja/mtype168.a(sicslowpan.o)
 .data          0x0000000000030130       0x14 obj_cooja/mtype168.a(uip-ds6-nbr.o)
                0x0000000000030140                ds6_neighbors
 .data          0x0000000000030144       0x44 obj_cooja/mtype168.a(uip-ds6-route.o)
                0x0000000000030154                nbr_routes
 .data          0x0000000000030188        0x0 obj_cooja/mtype168.a(uip-ds6.o)
 .data          0x0000000000030188        0x0 obj_cooja/mtype168.a(uip6.o)
 .data          0x0000000000030188       0x10 obj_cooja/mtype168.a(tcpip.o)
                0x0000000000030188                tcpip_process
 .data          0x0000000000030198        0x0 obj_cooja/mtype168.a(uip-debug.o)
 .data          0x0000000000030198        0xc obj_cooja/mtype168.a(uip-packetqueue)
 .data          0x00000000000301a4        0x0 obj_cooja/mtype168.a(uip-udp-packet.)
 .data          0x00000000000301a4       0x28 obj_cooja/mtype168.a(rpl-dag.o)
                0x00000000000301b4                rpl_parents
                0x00000000000301c8                rpl_children
 .data          0x00000000000301cc        0x0 obj_cooja/mtype168.a(rpl-ext-header.)
 .data          0x00000000000301cc       0x34 obj_cooja/mtype168.a(rpl-icmp6.o)
 .data          0x0000000000030200       0x1c obj_cooja/mtype168.a(rpl-ltmax.o)
                0x0000000000030200                rpl_ltmax_of
 .data          0x000000000003021c        0x0 obj_cooja/mtype168.a(rpl-timers.o)
 .data          0x000000000003021c        0x0 obj_cooja/mtype168.a(rpl.o)
 .data          0x000000000003021c       0x28 obj_cooja/mtype168.a(csma.o)
 .data          0x0000000000030244        0x0 obj_cooja/mtype168.a(framer-802154.o)
 .data          0x0000000000030244        0x0 obj_cooja/mtype168.a(mac.o)
 .data          0x0000000000030244       0x30 obj_cooja/mtype168.a(cxmac.o)
                0x0000000000030244                cxmac_config
                0x0000000000030254                strobe_wait
 .data          0x0000000000030274        0x0 obj_cooja/mtype168.a(linkaddr.o)
 .data          0x0000000000030274       0x10 obj_cooja/mtype168.a(nbr-table.o)
 .data          0x0000000000030284        0x0 obj_cooja/mtype168.a(netstack.o)
 .data          0x0000000000030284        0x4 obj_cooja/mtype168.a(packetbuf.o)
 .data          0x0000000000030288       0x18 obj_cooja/mtype168.a(queuebuf.o)
 .data          0x00000000000302a0        0x0 obj_cooja/mtype168.a(nullsec.o)
 .data          0x00000000000302a0        0x0 obj_cooja/mtype168.a(watchdog.o)
 .data          0x00000000000302a0        0x0 obj_cooja/mtype168.a(rimestats.o)
 .data          0x00000000000302a0        0x0 obj_cooja/mtype168.a(memb.o)
 .data          0x00000000000302a0       0x20 obj_cooja/mtype168.a(uip-icmp6.o)
 .data          0x00000000000302c0        0x0 obj_cooja/mtype168.a(uip-nd6.o)
 .data          0x00000000000302c0        0x0 obj_cooja/mtype168.a(rpl-nbr-policy.)
 .data          0x00000000000302c0        0x2 obj_cooja/mtype168.a(frame802154.o)
 .data          0x00000000000302c2        0x0 /usr/lib/gcc/i686-linux-gnu/4.8/crtendS.o
 .data          0x00000000000302c2        0x0 /usr/lib/gcc/i686-linux-gnu/4.8/../../../i386-linux-gnu/crtn.o

.tm_clone_table
                0x00000000000302c4        0x0
 .tm_clone_table
                0x00000000000302c4        0x0 /usr/lib/gcc/i686-linux-gnu/4.8/crtbeginS.o
 .tm_clone_table
                0x00000000000302c4        0x0 /usr/lib/gcc/i686-linux-gnu/4.8/crtendS.o

.data1
 *(.data1)
                0x00000000000302c4                _edata = .
                0x00000000000302c4                PROVIDE (edata, .)
                0x00000000000302c4                . = .
                0x00000000000302c4                __bss_start = .

.bss            0x00000000000302e0     0x9268
 *(.dynbss)
 .dynbss        0x0000000000000000        0x0 /usr/lib/gcc/i686-linux-gnu/4.8/../../../i386-linux-gnu/crti.o
 *(.bss .bss.* .gnu.linkonce.b.*)
 .bss           0x00000000000302e0        0x0 /usr/lib/gcc/i686-linux-gnu/4.8/../../../i386-linux-gnu/crti.o
 .bss           0x00000000000302e0        0x1 /usr/lib/gcc/i686-linux-gnu/4.8/crtbeginS.o
 *fill*         0x00000000000302e1       0x1f 
 .bss           0x0000000000030300       0x60 udp-client.co
                0x0000000000030300                my_weight
 .bss           0x0000000000030360     0x2030 obj_cooja/mtype168.o
 .bss           0x0000000000032390        0x1 obj_cooja/mtype168.a(simEnvChange.o)
                0x0000000000032390                simDontFallAsleep
 *fill*         0x0000000000032391        0x3 
 .bss           0x0000000000032394        0x4 obj_cooja/mtype168.a(cooja_mt.o)
 .bss           0x0000000000032398        0x4 obj_cooja/mtype168.a(cooja_mtarch.o)
 .bss           0x000000000003239c        0xc obj_cooja/mtype168.a(rtimer-arch.o)
 .bss           0x00000000000323a8        0x0 obj_cooja/mtype168.a(beep.o)
 .bss           0x00000000000323a8        0x8 obj_cooja/mtype168.a(button-sensor.o)
 .bss           0x00000000000323b0        0x0 obj_cooja/mtype168.a(leds-arch.o)
 .bss           0x00000000000323b0        0x0 obj_cooja/mtype168.a(moteid.o)
 .bss           0x00000000000323b0        0x1 obj_cooja/mtype168.a(pir-sensor.o)
                0x00000000000323b0                simPirValue
 *fill*         0x00000000000323b1        0x3 
 .bss           0x00000000000323b4        0x4 obj_cooja/mtype168.a(rs232.o)
 .bss           0x00000000000323b8        0x1 obj_cooja/mtype168.a(vib-sensor.o)
                0x00000000000323b8                simVibValue
 .bss           0x00000000000323b9        0x0 obj_cooja/mtype168.a(clock.o)
 *fill*         0x00000000000323b9        0x7 
 .bss           0x00000000000323c0      0x420 obj_cooja/mtype168.a(log.o)
 .bss           0x00000000000327e0      0xfc0 obj_cooja/mtype168.a(cfs-cooja.o)
                0x00000000000327e0                simCFSData
                0x0000000000033780                simCFSSize
                0x0000000000033784                simCFSChanged
                0x0000000000033788                simCFSRead
                0x000000000003378c                simCFSWritten
 .bss           0x00000000000337a0       0x24 obj_cooja/mtype168.a(cooja-radio.o)
                0x00000000000337a0                simReceivingLR
                0x00000000000337a4                simInSizeLR
                0x00000000000337a8                simOutSizeLR
                0x00000000000337ac                simReceiving
                0x00000000000337b0                simInSize
                0x00000000000337b4                simOutSize
                0x00000000000337b8                LongRangeTransmit
                0x00000000000337bc                LongRangeReceiving
 .bss           0x00000000000337c4        0xc obj_cooja/mtype168.a(eeprom.o)
                0x00000000000337c4                simEEPROMChanged
                0x00000000000337c8                simEEPROMRead
                0x00000000000337cc                simEEPROMWritten
 .bss           0x00000000000337d0        0x0 obj_cooja/mtype168.a(random.o)
 .bss           0x00000000000337d0        0xc obj_cooja/mtype168.a(sensors.o)
 .bss           0x00000000000337dc        0x1 obj_cooja/mtype168.a(leds.o)
 *fill*         0x00000000000337dd        0x3 
 .bss           0x00000000000337e0       0x2c obj_cooja/mtype168.a(dual_conf.o)
                0x00000000000337e0                long_range_radio
 .bss           0x000000000003380c        0x0 obj_cooja/mtype168.a(autostart.o)
 .bss           0x000000000003380c        0x5 obj_cooja/mtype168.a(ctimer.o)
 *fill*         0x0000000000033811        0x3 
 .bss           0x0000000000033814        0x8 obj_cooja/mtype168.a(etimer.o)
 .bss           0x000000000003381c        0x0 obj_cooja/mtype168.a(log_message.o)
 *fill*         0x000000000003381c        0x4 
 .bss           0x0000000000033820      0x1b1 obj_cooja/mtype168.a(process.o)
                0x0000000000033820                process_list
                0x0000000000033824                process_current
 .bss           0x00000000000339d1        0x0 obj_cooja/mtype168.a(residual.o)
 *fill*         0x00000000000339d1        0x3 
 .bss           0x00000000000339d4        0x4 obj_cooja/mtype168.a(rtimer.o)
 .bss           0x00000000000339d8        0x0 obj_cooja/mtype168.a(stimer.o)
 .bss           0x00000000000339d8        0x0 obj_cooja/mtype168.a(timer.o)
 *fill*         0x00000000000339d8        0x8 
 .bss           0x00000000000339e0      0x140 obj_cooja/mtype168.a(serial-line.o)
 .bss           0x0000000000033b20        0x0 obj_cooja/mtype168.a(list.o)
 .bss           0x0000000000033b20        0x0 obj_cooja/mtype168.a(ringbuf.o)
 .bss           0x0000000000033b20      0x70c obj_cooja/mtype168.a(sicslowpan.o)
 *fill*         0x000000000003422c       0x14 
 .bss           0x0000000000034240      0x4b0 obj_cooja/mtype168.a(uip-ds6-nbr.o)
 *fill*         0x00000000000346f0       0x10 
 .bss           0x0000000000034700      0x608 obj_cooja/mtype168.a(uip-ds6-route.o)
 .bss           0x0000000000034d08       0x30 obj_cooja/mtype168.a(uip-ds6.o)
 .bss           0x0000000000034d38        0xe obj_cooja/mtype168.a(uip6.o)
                0x0000000000034d38                uip_ext_bitmap
                0x0000000000034d39                uip_ext_len
                0x0000000000034d3a                uip_ext_opt_offset
 *fill*         0x0000000000034d46       0x1a 
 .bss           0x0000000000034d60       0x68 obj_cooja/mtype168.a(tcpip.o)
 .bss           0x0000000000034dc8        0x0 obj_cooja/mtype168.a(uip-debug.o)
 *fill*         0x0000000000034dc8       0x18 
 .bss           0x0000000000034de0      0xcf8 obj_cooja/mtype168.a(uip-packetqueue)
 .bss           0x0000000000035ad8        0x0 obj_cooja/mtype168.a(uip-udp-packet.)
 *fill*         0x0000000000035ad8        0x8 
 .bss           0x0000000000035ae0      0x352 obj_cooja/mtype168.a(rpl-dag.o)
 .bss           0x0000000000035e32        0x0 obj_cooja/mtype168.a(rpl-ext-header.)
 .bss           0x0000000000035e32        0x0 obj_cooja/mtype168.a(rpl-icmp6.o)
 .bss           0x0000000000035e32        0x0 obj_cooja/mtype168.a(rpl-ltmax.o)
 *fill*         0x0000000000035e32        0xe 
 .bss           0x0000000000035e40       0x60 obj_cooja/mtype168.a(rpl-timers.o)
 .bss           0x0000000000035ea0        0x4 obj_cooja/mtype168.a(rpl.o)
 *fill*         0x0000000000035ea4       0x1c 
 .bss           0x0000000000035ec0      0x288 obj_cooja/mtype168.a(csma.o)
 .bss           0x0000000000036148        0x2 obj_cooja/mtype168.a(framer-802154.o)
 .bss           0x000000000003614a        0x0 obj_cooja/mtype168.a(mac.o)
 *fill*         0x000000000003614a       0x16 
 .bss           0x0000000000036160       0xb1 obj_cooja/mtype168.a(cxmac.o)
 .bss           0x0000000000036211        0x0 obj_cooja/mtype168.a(linkaddr.o)
 *fill*         0x0000000000036211        0xf 
 .bss           0x0000000000036220      0x35c obj_cooja/mtype168.a(nbr-table.o)
 .bss           0x000000000003657c        0x0 obj_cooja/mtype168.a(netstack.o)
 *fill*         0x000000000003657c        0x4 
 .bss           0x0000000000036580       0xa0 obj_cooja/mtype168.a(packetbuf.o)
 .bss           0x0000000000036620      0xb80 obj_cooja/mtype168.a(queuebuf.o)
 .bss           0x00000000000371a0        0x0 obj_cooja/mtype168.a(nullsec.o)
 .bss           0x00000000000371a0        0x0 obj_cooja/mtype168.a(watchdog.o)
 .bss           0x00000000000371a0        0x0 obj_cooja/mtype168.a(rimestats.o)
 .bss           0x00000000000371a0        0x0 obj_cooja/mtype168.a(memb.o)
 .bss           0x00000000000371a0       0x18 obj_cooja/mtype168.a(uip-icmp6.o)
 .bss           0x00000000000371b8        0x0 obj_cooja/mtype168.a(uip-nd6.o)
 *fill*         0x00000000000371b8        0x8 
 .bss           0x00000000000371c0       0x44 obj_cooja/mtype168.a(rpl-nbr-policy.)
 .bss           0x0000000000037204        0x0 obj_cooja/mtype168.a(frame802154.o)
 .bss           0x0000000000037204        0x0 /usr/lib/gcc/i686-linux-gnu/4.8/crtendS.o
 .bss           0x0000000000037204        0x0 /usr/lib/gcc/i686-linux-gnu/4.8/../../../i386-linux-gnu/crtn.o
 *(COMMON)
 COMMON         0x0000000000037204       0x7d udp-client.co
                0x0000000000037204                dio_count
                0x0000000000037208                dis_count
                0x000000000003720c                csma_drop_count
                0x0000000000037210                tcp_output_count
                0x0000000000037214                csma_transmission_count
                0x0000000000037218                dao_ack_fwd_count
                0x000000000003721c                COOJA_radioRxLong
                0x0000000000037220                cxmac_collision_count
                0x0000000000037224                cxmac_retransmission_count
                0x0000000000037228                LSA_message_input
                0x000000000003722c                control_message_count
                0x0000000000037230                dao_count
                0x0000000000037234                icmp_count
                0x0000000000037238                COOJA_radioTx
                0x000000000003723c                LSA_SR_preamble
                0x0000000000037240                cxmac_transmission_count
                0x0000000000037244                dao_ack_count
                0x0000000000037248                LSA_lr_child
                0x000000000003724c                data_message_count
                0x0000000000037250                simple_convergence
                0x0000000000037251                LSA_converge
                0x0000000000037252                my_sink_reachability
                0x0000000000037254                COOJA_radioTxLong
                0x0000000000037258                COOJA_radioRx
                0x000000000003725c                my_parent_number
                0x0000000000037260                COOJA_radioOn
                0x0000000000037264                LSA_broadcast_count
                0x0000000000037268                LSA_count
                0x000000000003726c                dao_fwd_count
                0x0000000000037270                COOJA_duration
                0x0000000000037274                dio_ack_count
                0x0000000000037278                COOJA_radioOnLong
                0x000000000003727c                data_fwd_count
                0x0000000000037280                LSA_message_flag
 *fill*         0x0000000000037281        0x3 
 COMMON         0x0000000000037284        0xc obj_cooja/mtype168.o
                0x0000000000037284                referenceVar
                0x0000000000037288                debugfp
                0x000000000003728c                sensors_flags
 COMMON         0x0000000000037290        0xc obj_cooja/mtype168.a(simEnvChange.o)
                0x0000000000037290                simEtimerPending
                0x0000000000037294                simProcessRunValue
                0x0000000000037298                simNextExpirationTime
 COMMON         0x000000000003729c        0x1 obj_cooja/mtype168.a(beep.o)
                0x000000000003729c                simBeeped
 COMMON         0x000000000003729d        0x3 obj_cooja/mtype168.a(button-sensor.o)
                0x000000000003729d                simButtonIsActive
                0x000000000003729e                simButtonIsDown
                0x000000000003729f                simButtonChanged
 COMMON         0x00000000000372a0        0x1 obj_cooja/mtype168.a(leds-arch.o)
                0x00000000000372a0                simLedsValue
 *fill*         0x00000000000372a1        0x3 
 COMMON         0x00000000000372a4        0xc obj_cooja/mtype168.a(moteid.o)
                0x00000000000372a4                simRandomSeed
                0x00000000000372a8                simMoteIDChanged
                0x00000000000372ac                simMoteID
 COMMON         0x00000000000372b0        0x2 obj_cooja/mtype168.a(pir-sensor.o)
                0x00000000000372b0                simPirIsActive
                0x00000000000372b1                simPirChanged
 *fill*         0x00000000000372b2        0xe 
 COMMON         0x00000000000372c0      0x820 obj_cooja/mtype168.a(rs232.o)
                0x00000000000372c0                simSerialReceivingFlag
                0x00000000000372c4                simSerialReceivingLength
                0x00000000000372e0                simSerialReceivingData
 COMMON         0x0000000000037ae0        0x2 obj_cooja/mtype168.a(vib-sensor.o)
                0x0000000000037ae0                simVibChanged
                0x0000000000037ae1                simVibIsActive
 *fill*         0x0000000000037ae2        0x2 
 COMMON         0x0000000000037ae4        0x4 obj_cooja/mtype168.a(clock.o)
                0x0000000000037ae4                simCurrentTime
 *fill*         0x0000000000037ae8       0x18 
 COMMON         0x0000000000037b00      0x420 obj_cooja/mtype168.a(log.o)
                0x0000000000037b00                simLoggedLength
                0x0000000000037b04                simLoggedFlag
                0x0000000000037b20                simLoggedData
 COMMON         0x0000000000037f20      0x260 obj_cooja/mtype168.a(cooja-radio.o)
                0x0000000000037f20                simOutDataBuffer
                0x0000000000037fa0                simRadioTarget
                0x0000000000037fc0                simInDataBufferLR
                0x0000000000038040                packet_forwarding
                0x0000000000038060                simOutDataBufferLR
                0x00000000000380e0                dual_duty_cycle_count
                0x0000000000038100                simInDataBuffer
 COMMON         0x0000000000038180      0x400 obj_cooja/mtype168.a(eeprom.o)
                0x0000000000038180                simEEPROMData
 COMMON         0x0000000000038580        0x1 obj_cooja/mtype168.a(sensors.o)
                0x0000000000038580                sensors_event
 *fill*         0x0000000000038581        0x3 
 COMMON         0x0000000000038584        0x4 obj_cooja/mtype168.a(log_message.o)
                0x0000000000038584                log_fp
 COMMON         0x0000000000038588        0x1 obj_cooja/mtype168.a(serial-line.o)
                0x0000000000038588                serial_line_event_message
 *fill*         0x0000000000038589       0x17 
 COMMON         0x00000000000385a0      0x1f4 obj_cooja/mtype168.a(uip-ds6-nbr.o)
                0x00000000000385a0                ds6_lr_addrmap
 *fill*         0x0000000000038794        0xc 
 COMMON         0x00000000000387a0      0x298 obj_cooja/mtype168.a(uip-ds6.o)
                0x00000000000387a0                uip_ds6_prefix_list
                0x0000000000038800                uip_ds6_timer_periodic
                0x0000000000038810                uip_ds6_netif_addr_list_offset
                0x0000000000038820                uip_ds6_if
                0x0000000000038918                uip_ds6_timer_ra
                0x0000000000038920                uip_ds6_addr_size
                0x0000000000038940                long_uip_ds6_if
 *fill*         0x0000000000038a38        0x8 
 COMMON         0x0000000000038a40      0x8ec obj_cooja/mtype168.a(uip6.o)
                0x0000000000038a40                uip_slen
                0x0000000000038a42                uip_acc32
                0x0000000000038a60                uip_conns
                0x0000000000038b20                uip_lladdr
                0x0000000000038b28                uip_appdata
                0x0000000000038b2c                uip_flags
                0x0000000000038b40                uip_aligned_buf
                0x0000000000039180                uip_listenports
                0x0000000000039190                uip_len
                0x0000000000039192                uip_long_lladdr
                0x000000000003919c                uip_sappdata
                0x00000000000391a0                uip_udp_conns
                0x0000000000039320                uip_udp_conn
                0x0000000000039324                uip_next_hdr
                0x0000000000039328                uip_conn
 COMMON         0x000000000003932c        0x1 obj_cooja/mtype168.a(tcpip.o)
                0x000000000003932c                tcpip_event
 *fill*         0x000000000003932d       0x13 
 COMMON         0x0000000000039340      0x178 obj_cooja/mtype168.a(rpl-dag.o)
                0x0000000000039340                default_instance
                0x0000000000039360                instance_table
 COMMON         0x00000000000394b8       0x10 obj_cooja/mtype168.a(linkaddr.o)
                0x00000000000394b8                linkaddr_node_addr
                0x00000000000394c0                long_linkaddr_node_addr
 COMMON         0x00000000000394c8       0x2e obj_cooja/mtype168.a(packetbuf.o)
                0x00000000000394c8                packetbuf_attrs
                0x00000000000394e6                packetbuf_addrs
 *fill*         0x00000000000394f6        0xa 
 COMMON         0x0000000000039500       0x48 obj_cooja/mtype168.a(rimestats.o)
                0x0000000000039500                rimestats
                0x0000000000039548                . = ALIGN ((. != 0x0)?0x4:0x1)
                0x0000000000039548                . = ALIGN (0x4)
                0x0000000000039548                . = SEGMENT_START ("ldata-segment", .)
                0x0000000000039548                . = ALIGN (0x4)
                0x0000000000039548                _end = .
                0x0000000000039548                PROVIDE (end, .)
                0x0000000000039548                . = DATA_SEGMENT_END (.)

.stab
 *(.stab)

.stabstr
 *(.stabstr)

.stab.excl
 *(.stab.excl)

.stab.exclstr
 *(.stab.exclstr)

.stab.index
 *(.stab.index)

.stab.indexstr
 *(.stab.indexstr)

.comment        0x0000000000000000       0x29
 *(.comment)
 .comment       0x0000000000000000       0x29 /usr/lib/gcc/i686-linux-gnu/4.8/crtbeginS.o
                                         0x2a (size before relaxing)
 .comment       0x0000000000000000       0x2a udp-client.co
 .comment       0x0000000000000000       0x2a obj_cooja/mtype168.o
 .comment       0x0000000000000000       0x2a obj_cooja/mtype168.a(simEnvChange.o)
 .comment       0x0000000000000000       0x2a obj_cooja/mtype168.a(cooja_mt.o)
 .comment       0x0000000000000000       0x2a obj_cooja/mtype168.a(cooja_mtarch.o)
 .comment       0x0000000000000000       0x2a obj_cooja/mtype168.a(rtimer-arch.o)
 .comment       0x0000000000000000       0x2a obj_cooja/mtype168.a(beep.o)
 .comment       0x0000000000000000       0x2a obj_cooja/mtype168.a(button-sensor.o)
 .comment       0x0000000000000000       0x2a obj_cooja/mtype168.a(leds-arch.o)
 .comment       0x0000000000000000       0x2a obj_cooja/mtype168.a(moteid.o)
 .comment       0x0000000000000000       0x2a obj_cooja/mtype168.a(pir-sensor.o)
 .comment       0x0000000000000000       0x2a obj_cooja/mtype168.a(rs232.o)
 .comment       0x0000000000000000       0x2a obj_cooja/mtype168.a(vib-sensor.o)
 .comment       0x0000000000000000       0x2a obj_cooja/mtype168.a(clock.o)
 .comment       0x0000000000000000       0x2a obj_cooja/mtype168.a(log.o)
 .comment       0x0000000000000000       0x2a obj_cooja/mtype168.a(cfs-cooja.o)
 .comment       0x0000000000000000       0x2a obj_cooja/mtype168.a(cooja-radio.o)
 .comment       0x0000000000000000       0x2a obj_cooja/mtype168.a(eeprom.o)
 .comment       0x0000000000000000       0x2a obj_cooja/mtype168.a(random.o)
 .comment       0x0000000000000000       0x2a obj_cooja/mtype168.a(sensors.o)
 .comment       0x0000000000000000       0x2a obj_cooja/mtype168.a(leds.o)
 .comment       0x0000000000000000       0x2a obj_cooja/mtype168.a(dual_conf.o)
 .comment       0x0000000000000000       0x2a obj_cooja/mtype168.a(autostart.o)
 .comment       0x0000000000000000       0x2a obj_cooja/mtype168.a(ctimer.o)
 .comment       0x0000000000000000       0x2a obj_cooja/mtype168.a(etimer.o)
 .comment       0x0000000000000000       0x2a obj_cooja/mtype168.a(log_message.o)
 .comment       0x0000000000000000       0x2a obj_cooja/mtype168.a(process.o)
 .comment       0x0000000000000000       0x2a obj_cooja/mtype168.a(residual.o)
 .comment       0x0000000000000000       0x2a obj_cooja/mtype168.a(rtimer.o)
 .comment       0x0000000000000000       0x2a obj_cooja/mtype168.a(stimer.o)
 .comment       0x0000000000000000       0x2a obj_cooja/mtype168.a(timer.o)
 .comment       0x0000000000000000       0x2a obj_cooja/mtype168.a(serial-line.o)
 .comment       0x0000000000000000       0x2a obj_cooja/mtype168.a(list.o)
 .comment       0x0000000000000000       0x2a obj_cooja/mtype168.a(ringbuf.o)
 .comment       0x0000000000000000       0x2a obj_cooja/mtype168.a(sicslowpan.o)
 .comment       0x0000000000000000       0x2a obj_cooja/mtype168.a(uip-ds6-nbr.o)
 .comment       0x0000000000000000       0x2a obj_cooja/mtype168.a(uip-ds6-route.o)
 .comment       0x0000000000000000       0x2a obj_cooja/mtype168.a(uip-ds6.o)
 .comment       0x0000000000000000       0x2a obj_cooja/mtype168.a(uip6.o)
 .comment       0x0000000000000000       0x2a obj_cooja/mtype168.a(tcpip.o)
 .comment       0x0000000000000000       0x2a obj_cooja/mtype168.a(uip-debug.o)
 .comment       0x0000000000000000       0x2a obj_cooja/mtype168.a(uip-packetqueue)
 .comment       0x0000000000000000       0x2a obj_cooja/mtype168.a(uip-udp-packet.)
 .comment       0x0000000000000000       0x2a obj_cooja/mtype168.a(rpl-dag.o)
 .comment       0x0000000000000000       0x2a obj_cooja/mtype168.a(rpl-ext-header.)
 .comment       0x0000000000000000       0x2a obj_cooja/mtype168.a(rpl-icmp6.o)
 .comment       0x0000000000000000       0x2a obj_cooja/mtype168.a(rpl-ltmax.o)
 .comment       0x0000000000000000       0x2a obj_cooja/mtype168.a(rpl-timers.o)
 .comment       0x0000000000000000       0x2a obj_cooja/mtype168.a(rpl.o)
 .comment       0x0000000000000000       0x2a obj_cooja/mtype168.a(csma.o)
 .comment       0x0000000000000000       0x2a obj_cooja/mtype168.a(framer-802154.o)
 .comment       0x0000000000000000       0x2a obj_cooja/mtype168.a(mac.o)
 .comment       0x0000000000000000       0x2a obj_cooja/mtype168.a(cxmac.o)
 .comment       0x0000000000000000       0x2a obj_cooja/mtype168.a(linkaddr.o)
 .comment       0x0000000000000000       0x2a obj_cooja/mtype168.a(nbr-table.o)
 .comment       0x0000000000000000       0x2a obj_cooja/mtype168.a(netstack.o)
 .comment       0x0000000000000000       0x2a obj_cooja/mtype168.a(packetbuf.o)
 .comment       0x0000000000000000       0x2a obj_cooja/mtype168.a(queuebuf.o)
 .comment       0x0000000000000000       0x2a obj_cooja/mtype168.a(nullsec.o)
 .comment       0x0000000000000000       0x2a obj_cooja/mtype168.a(watchdog.o)
 .comment       0x0000000000000000       0x2a obj_cooja/mtype168.a(rimestats.o)
 .comment       0x0000000000000000       0x2a obj_cooja/mtype168.a(memb.o)
 .comment       0x0000000000000000       0x2a obj_cooja/mtype168.a(uip-icmp6.o)
 .comment       0x0000000000000000       0x2a obj_cooja/mtype168.a(uip-nd6.o)
 .comment       0x0000000000000000       0x2a obj_cooja/mtype168.a(rpl-nbr-policy.)
 .comment       0x0000000000000000       0x2a obj_cooja/mtype168.a(frame802154.o)
 .comment       0x0000000000000000       0x2a /usr/lib/gcc/i686-linux-gnu/4.8/crtendS.o

.debug
 *(.debug)

.line
 *(.line)

.debug_srcinfo
 *(.debug_srcinfo)

.debug_sfnames
 *(.debug_sfnames)

.debug_aranges  0x0000000000000000      0x838
 *(.debug_aranges)
 .debug_aranges
                0x0000000000000000       0x20 udp-client.co
 .debug_aranges
                0x0000000000000020       0x20 obj_cooja/mtype168.o
 .debug_aranges
                0x0000000000000040       0x20 obj_cooja/mtype168.a(simEnvChange.o)
 .debug_aranges
                0x0000000000000060       0x20 obj_cooja/mtype168.a(cooja_mt.o)
 .debug_aranges
                0x0000000000000080       0x20 obj_cooja/mtype168.a(cooja_mtarch.o)
 .debug_aranges
                0x00000000000000a0       0x20 obj_cooja/mtype168.a(rtimer-arch.o)
 .debug_aranges
                0x00000000000000c0       0x20 obj_cooja/mtype168.a(beep.o)
 .debug_aranges
                0x00000000000000e0       0x20 obj_cooja/mtype168.a(button-sensor.o)
 .debug_aranges
                0x0000000000000100       0x20 obj_cooja/mtype168.a(leds-arch.o)
 .debug_aranges
                0x0000000000000120       0x20 obj_cooja/mtype168.a(moteid.o)
 .debug_aranges
                0x0000000000000140       0x20 obj_cooja/mtype168.a(pir-sensor.o)
 .debug_aranges
                0x0000000000000160       0x20 obj_cooja/mtype168.a(rs232.o)
 .debug_aranges
                0x0000000000000180       0x20 obj_cooja/mtype168.a(vib-sensor.o)
 .debug_aranges
                0x00000000000001a0       0x20 obj_cooja/mtype168.a(clock.o)
 .debug_aranges
                0x00000000000001c0       0x20 obj_cooja/mtype168.a(log.o)
 .debug_aranges
                0x00000000000001e0       0x20 obj_cooja/mtype168.a(cfs-cooja.o)
 .debug_aranges
                0x0000000000000200       0x20 obj_cooja/mtype168.a(cooja-radio.o)
 .debug_aranges
                0x0000000000000220       0x20 obj_cooja/mtype168.a(eeprom.o)
 .debug_aranges
                0x0000000000000240       0x20 obj_cooja/mtype168.a(random.o)
 .debug_aranges
                0x0000000000000260       0x20 obj_cooja/mtype168.a(sensors.o)
 .debug_aranges
                0x0000000000000280       0x20 obj_cooja/mtype168.a(leds.o)
 .debug_aranges
                0x00000000000002a0       0x20 obj_cooja/mtype168.a(dual_conf.o)
 .debug_aranges
                0x00000000000002c0       0x20 obj_cooja/mtype168.a(autostart.o)
 .debug_aranges
                0x00000000000002e0       0x20 obj_cooja/mtype168.a(ctimer.o)
 .debug_aranges
                0x0000000000000300       0x20 obj_cooja/mtype168.a(etimer.o)
 .debug_aranges
                0x0000000000000320       0x20 obj_cooja/mtype168.a(log_message.o)
 .debug_aranges
                0x0000000000000340       0x20 obj_cooja/mtype168.a(process.o)
 .debug_aranges
                0x0000000000000360       0x20 obj_cooja/mtype168.a(residual.o)
 .debug_aranges
                0x0000000000000380       0x20 obj_cooja/mtype168.a(rtimer.o)
 .debug_aranges
                0x00000000000003a0       0x20 obj_cooja/mtype168.a(stimer.o)
 .debug_aranges
                0x00000000000003c0       0x20 obj_cooja/mtype168.a(timer.o)
 .debug_aranges
                0x00000000000003e0       0x20 obj_cooja/mtype168.a(serial-line.o)
 .debug_aranges
                0x0000000000000400       0x20 obj_cooja/mtype168.a(list.o)
 .debug_aranges
                0x0000000000000420       0x20 obj_cooja/mtype168.a(ringbuf.o)
 .debug_aranges
                0x0000000000000440       0x20 obj_cooja/mtype168.a(sicslowpan.o)
 .debug_aranges
                0x0000000000000460       0x20 obj_cooja/mtype168.a(uip-ds6-nbr.o)
 .debug_aranges
                0x0000000000000480       0x20 obj_cooja/mtype168.a(uip-ds6-route.o)
 .debug_aranges
                0x00000000000004a0       0x20 obj_cooja/mtype168.a(uip-ds6.o)
 .debug_aranges
                0x00000000000004c0       0x20 obj_cooja/mtype168.a(uip6.o)
 .debug_aranges
                0x00000000000004e0       0x20 obj_cooja/mtype168.a(tcpip.o)
 .debug_aranges
                0x0000000000000500       0x20 obj_cooja/mtype168.a(uip-debug.o)
 .debug_aranges
                0x0000000000000520       0x20 obj_cooja/mtype168.a(uip-packetqueue)
 .debug_aranges
                0x0000000000000540       0x20 obj_cooja/mtype168.a(uip-udp-packet.)
 .debug_aranges
                0x0000000000000560       0x20 obj_cooja/mtype168.a(rpl-dag.o)
 .debug_aranges
                0x0000000000000580       0x20 obj_cooja/mtype168.a(rpl-ext-header.)
 .debug_aranges
                0x00000000000005a0       0x20 obj_cooja/mtype168.a(rpl-icmp6.o)
 .debug_aranges
                0x00000000000005c0       0x20 obj_cooja/mtype168.a(rpl-ltmax.o)
 .debug_aranges
                0x00000000000005e0       0x20 obj_cooja/mtype168.a(rpl-timers.o)
 .debug_aranges
                0x0000000000000600       0x20 obj_cooja/mtype168.a(rpl.o)
 .debug_aranges
                0x0000000000000620       0x20 obj_cooja/mtype168.a(csma.o)
 .debug_aranges
                0x0000000000000640       0x20 obj_cooja/mtype168.a(framer-802154.o)
 .debug_aranges
                0x0000000000000660       0x20 obj_cooja/mtype168.a(mac.o)
 .debug_aranges
                0x0000000000000680       0x20 obj_cooja/mtype168.a(cxmac.o)
 .debug_aranges
                0x00000000000006a0       0x20 obj_cooja/mtype168.a(linkaddr.o)
 .debug_aranges
                0x00000000000006c0       0x20 obj_cooja/mtype168.a(nbr-table.o)
 .debug_aranges
                0x00000000000006e0       0x20 obj_cooja/mtype168.a(netstack.o)
 .debug_aranges
                0x0000000000000700       0x20 obj_cooja/mtype168.a(packetbuf.o)
 .debug_aranges
                0x0000000000000720       0x20 obj_cooja/mtype168.a(queuebuf.o)
 .debug_aranges
                0x0000000000000740       0x20 obj_cooja/mtype168.a(nullsec.o)
 .debug_aranges
                0x0000000000000760       0x20 obj_cooja/mtype168.a(watchdog.o)
 .debug_aranges
                0x0000000000000780       0x18 obj_cooja/mtype168.a(rimestats.o)
 .debug_aranges
                0x0000000000000798       0x20 obj_cooja/mtype168.a(memb.o)
 .debug_aranges
                0x00000000000007b8       0x20 obj_cooja/mtype168.a(uip-icmp6.o)
 .debug_aranges
                0x00000000000007d8       0x20 obj_cooja/mtype168.a(uip-nd6.o)