Archive member included to satisfy reference by file (symbol)

obj_cooja/mtype897.a(simEnvChange.o)
                              obj_cooja/mtype897.o (simDontFallAsleep)
obj_cooja/mtype897.a(cooja_mt.o)
                              obj_cooja/mtype897.o (cooja_mt_start)
obj_cooja/mtype897.a(cooja_mtarch.o)
                              obj_cooja/mtype897.a(cooja_mt.o) (cooja_mtarch_init)
obj_cooja/mtype897.a(rtimer-arch.o)
                              obj_cooja/mtype897.o (rtimer_arch_next)
obj_cooja/mtype897.a(beep.o)  obj_cooja/mtype897.o (beep_interface)
obj_cooja/mtype897.a(button-sensor.o)
                              obj_cooja/mtype897.o (button_interface)
obj_cooja/mtype897.a(leds-arch.o)
                              obj_cooja/mtype897.o (leds_interface)
obj_cooja/mtype897.a(moteid.o)
                              obj_cooja/mtype897.o (moteid_interface)
obj_cooja/mtype897.a(pir-sensor.o)
                              obj_cooja/mtype897.o (pir_interface)
obj_cooja/mtype897.a(rs232.o)
                              obj_cooja/mtype897.o (rs232_interface)
obj_cooja/mtype897.a(vib-sensor.o)
                              obj_cooja/mtype897.o (vib_interface)
obj_cooja/mtype897.a(clock.o)
                              obj_cooja/mtype897.o (clock_interface)
obj_cooja/mtype897.a(log.o)   obj_cooja/mtype897.o (simlog_interface)
obj_cooja/mtype897.a(cfs-cooja.o)
                              obj_cooja/mtype897.o (cfs_interface)
obj_cooja/mtype897.a(cooja-radio.o)
                              obj_cooja/mtype897.o (radio_interface)
obj_cooja/mtype897.a(eeprom.o)
                              obj_cooja/mtype897.o (eeprom_interface)
obj_cooja/mtype897.a(random.o)
                              obj_cooja/mtype897.a(moteid.o) (random_init)
obj_cooja/mtype897.a(sensors.o)
                              udp-server.co (sensors_event)
obj_cooja/mtype897.a(leds.o)  obj_cooja/mtype897.a(cooja-radio.o) (leds_on)
obj_cooja/mtype897.a(dual_conf.o)
                              obj_cooja/mtype897.a(cooja-radio.o) (long_range_radio)
obj_cooja/mtype897.a(autostart.o)
                              obj_cooja/mtype897.o (autostart_start)
obj_cooja/mtype897.a(ctimer.o)
                              obj_cooja/mtype897.o (ctimer_init)
obj_cooja/mtype897.a(etimer.o)
                              obj_cooja/mtype897.o (etimer_process)
obj_cooja/mtype897.a(log_message.o)
                              obj_cooja/mtype897.o (log_initialization)
obj_cooja/mtype897.a(process.o)
                              udp-server.co (process_current)
obj_cooja/mtype897.a(residual.o)
                              obj_cooja/mtype897.o (DISSIPATION_RATE)
obj_cooja/mtype897.a(rtimer.o)
                              obj_cooja/mtype897.a(rtimer-arch.o) (rtimer_run_next)
obj_cooja/mtype897.a(timer.o)
                              obj_cooja/mtype897.a(button-sensor.o) (timer_set)
obj_cooja/mtype897.a(serial-line.o)
                              obj_cooja/mtype897.a(rs232.o) (serial_line_input_byte)
obj_cooja/mtype897.a(list.o)  obj_cooja/mtype897.a(ctimer.o) (list_init)
obj_cooja/mtype897.a(ringbuf.o)
                              obj_cooja/mtype897.a(serial-line.o) (ringbuf_init)
obj_cooja/mtype897.a(sicslowpan.o)
                              obj_cooja/mtype897.o (sicslowpan_driver)
obj_cooja/mtype897.a(uip-ds6-nbr.o)
                              obj_cooja/mtype897.a(sicslowpan.o) (uip_ds6_link_neighbor_callback)
obj_cooja/mtype897.a(uip-ds6.o)
                              udp-server.co (uip_ds6_if)
obj_cooja/mtype897.a(uip6.o)  obj_cooja/mtype897.o (uip_lladdr)
obj_cooja/mtype897.a(tcpip.o)
                              udp-server.co (tcpip_event)
obj_cooja/mtype897.a(uip-debug.o)
                              udp-server.co (uip_debug_ipaddr_print)
obj_cooja/mtype897.a(uip-packetqueue)
                              obj_cooja/mtype897.a(uip-ds6-nbr.o) (uip_packetqueue_new)
obj_cooja/mtype897.a(rpl-dag.o)
                              udp-server.co (rpl_set_root)
obj_cooja/mtype897.a(rpl-ext-header.)
                              obj_cooja/mtype897.a(uip6.o) (rpl_verify_header)
obj_cooja/mtype897.a(rpl-icmp6.o)
                              obj_cooja/mtype897.a(rpl-dag.o) (rpl_icmp6_update_nbr_table)
obj_cooja/mtype897.a(rpl-ltmax.o)
                              obj_cooja/mtype897.a(rpl-dag.o) (rpl_ltmax_of)
obj_cooja/mtype897.a(rpl-timers.o)
                              obj_cooja/mtype897.a(rpl-dag.o) (rpl_reset_dio_timer)
obj_cooja/mtype897.a(rpl.o)   obj_cooja/mtype897.a(rpl-icmp6.o) (rpl_get_mode)
obj_cooja/mtype897.a(csma.o)  udp-server.co (csma_driver)
obj_cooja/mtype897.a(framer-802154.o)
                              obj_cooja/mtype897.a(sicslowpan.o) (framer_802154)
obj_cooja/mtype897.a(mac.o)   obj_cooja/mtype897.a(csma.o) (mac_call_sent_callback)
obj_cooja/mtype897.a(cxmac.o)
                              obj_cooja/mtype897.o (cxmac_driver)
obj_cooja/mtype897.a(linkaddr.o)
                              obj_cooja/mtype897.o (linkaddr_node_addr)
[...]
Memory Configuration

Name             Origin             Length             Attributes
*default*        0x0000000000000000 0xffffffffffffffff

Linker script and memory map

LOAD /usr/lib/gcc/i686-linux-gnu/4.8/../../../i386-linux-gnu/crti.o
LOAD /usr/lib/gcc/i686-linux-gnu/4.8/crtbeginS.o
LOAD udp-server.co
LOAD obj_cooja/mtype897.o
LOAD obj_cooja/mtype897.a
LOAD /usr/lib/gcc/i686-linux-gnu/4.8/libgcc.a
LOAD /usr/lib/gcc/i686-linux-gnu/4.8/libgcc_s.so
LOAD /usr/lib/gcc/i686-linux-gnu/4.8/../../../i386-linux-gnu/libc.so
START GROUP
LOAD /lib/i386-linux-gnu/libc.so.6
LOAD /usr/lib/i386-linux-gnu/libc_nonshared.a
LOAD /lib/i386-linux-gnu/ld-linux.so.2
END GROUP
LOAD /usr/lib/gcc/i686-linux-gnu/4.8/libgcc.a
LOAD /usr/lib/gcc/i686-linux-gnu/4.8/libgcc_s.so
LOAD /usr/lib/gcc/i686-linux-gnu/4.8/crtendS.o
LOAD /usr/lib/gcc/i686-linux-gnu/4.8/../../../i386-linux-gnu/crtn.o
                0x0000000000000114                . = (0x0 + SIZEOF_HEADERS)

.note.gnu.build-id
                0x0000000000000114       0x24
 *(.note.gnu.build-id)
 .note.gnu.build-id
                0x0000000000000114       0x24 /usr/lib/gcc/i686-linux-gnu/4.8/../../../i386-linux-gnu/crti.o

.hash
 *(.hash)

.gnu.hash       0x0000000000000138     0x1388
 *(.gnu.hash)
 .gnu.hash      0x0000000000000138     0x1388 /usr/lib/gcc/i686-linux-gnu/4.8/../../../i386-linux-gnu/crti.o

.dynsym         0x00000000000014c0     0x2680
 *(.dynsym)
 .dynsym        0x00000000000014c0     0x2680 /usr/lib/gcc/i686-linux-gnu/4.8/../../../i386-linux-gnu/crti.o

.dynstr         0x0000000000003b40     0x2788
 *(.dynstr)
 .dynstr        0x0000000000003b40     0x2788 /usr/lib/gcc/i686-linux-gnu/4.8/../../../i386-linux-gnu/crti.o

.gnu.version    0x00000000000062c8      0x4d0
 *(.gnu.version)
 .gnu.version   0x00000000000062c8      0x4d0 /usr/lib/gcc/i686-linux-gnu/4.8/../../../i386-linux-gnu/crti.o

.gnu.version_d  0x0000000000006798        0x0
 *(.gnu.version_d)
 .gnu.version_d
                0x0000000000000000        0x0 /usr/lib/gcc/i686-linux-gnu/4.8/../../../i386-linux-gnu/crti.o

.gnu.version_r  0x0000000000006798       0x50
 *(.gnu.version_r)
 .gnu.version_r
                0x0000000000006798       0x50 /usr/lib/gcc/i686-linux-gnu/4.8/../../../i386-linux-gnu/crti.o

.rel.dyn        0x00000000000067e8     0x9440
 *(.rel.init)
 .rel.init      0x0000000000000000        0x0 /usr/lib/gcc/i686-linux-gnu/4.8/../../../i386-linux-gnu/crti.o
 *(.rel.text .rel.text.* .rel.gnu.linkonce.t.*)
 .rel.text      0x00000000000067e8     0x8c68 /usr/lib/gcc/i686-linux-gnu/4.8/../../../i386-linux-gnu/crti.o
 *(.rel.fini)
 .rel.fini      0x0000000000000000        0x0 /usr/lib/gcc/i686-linux-gnu/4.8/../../../i386-linux-gnu/crti.o
 *(.rel.rodata .rel.rodata.* .rel.gnu.linkonce.r.*)
 .rel.rodata    0x000000000000f450      0x4e0 /usr/lib/gcc/i686-linux-gnu/4.8/../../../i386-linux-gnu/crti.o
 *(.rel.data.rel.ro .rel.data.rel.ro.* .rel.gnu.linkonce.d.rel.ro.*)
 *(.rel.data .rel.data.* .rel.gnu.linkonce.d.*)
 .rel.data.rel  0x000000000000f930        0x8 /usr/lib/gcc/i686-linux-gnu/4.8/../../../i386-linux-gnu/crti.o
 .rel.data      0x000000000000f938      0x2b8 /usr/lib/gcc/i686-linux-gnu/4.8/../../../i386-linux-gnu/crti.o
 *(.rel.tdata .rel.tdata.* .rel.gnu.linkonce.td.*)
 *(.rel.tbss .rel.tbss.* .rel.gnu.linkonce.tb.*)
 *(.rel.ctors)
 *(.rel.dtors)
 *(.rel.got)
 .rel.got       0x000000000000fbf0       0x28 /usr/lib/gcc/i686-linux-gnu/4.8/../../../i386-linux-gnu/crti.o
 *(.rel.bss .rel.bss.* .rel.gnu.linkonce.b.*)
 *(.rel.ifunc)
 .rel.ifunc     0x0000000000000000        0x0 /usr/lib/gcc/i686-linux-gnu/4.8/../../../i386-linux-gnu/crti.o
 .rel.fini_array
                0x000000000000fc18        0x8 /usr/lib/gcc/i686-linux-gnu/4.8/../../../i386-linux-gnu/crti.o
 .rel.init_array
                0x000000000000fc20        0x8 /usr/lib/gcc/i686-linux-gnu/4.8/../../../i386-linux-gnu/crti.o

.rel.plt        0x000000000000fc28       0x10
 *(.rel.plt)
 .rel.plt       0x000000000000fc28       0x10 /usr/lib/gcc/i686-linux-gnu/4.8/../../../i386-linux-gnu/crti.o
 *(.rel.iplt)

.init           0x000000000000fc38       0x23
 *(SORT(.init))
 .init          0x000000000000fc38       0x1e /usr/lib/gcc/i686-linux-gnu/4.8/../../../i386-linux-gnu/crti.o
                0x000000000000fc38                _init
 .init          0x000000000000fc56        0x5 /usr/lib/gcc/i686-linux-gnu/4.8/../../../i386-linux-gnu/crtn.o

.plt            0x000000000000fc60       0x30
 *(.plt)
 .plt           0x000000000000fc60       0x30 /usr/lib/gcc/i686-linux-gnu/4.8/../../../i386-linux-gnu/crti.o
 *(.iplt)

.text           0x000000000000fc90    0x16c8f
 *(.text.unlikely .text.*_unlikely .text.unlikely.*)
 *(.text.exit .text.exit.*)
 *(.text.startup .text.startup.*)
 *(.text.hot .text.hot.*)
 *(.text .stub .text.* .gnu.linkonce.t.*)
 .text          0x000000000000fc90        0x0 /usr/lib/gcc/i686-linux-gnu/4.8/../../../i386-linux-gnu/crti.o
 .gnu.linkonce.t.__x86.get_pc_thunk.bx
                0x000000000000fc90        0x4 /usr/lib/gcc/i686-linux-gnu/4.8/../../../i386-linux-gnu/crti.o
                0x000000000000fc90                __x86.get_pc_thunk.bx
 *fill*         0x000000000000fc94        0xc 
 .text          0x000000000000fca0      0x11b /usr/lib/gcc/i686-linux-gnu/4.8/crtbeginS.o
 .text          0x000000000000fdbb      0x542 udp-server.co
 .text          0x00000000000102fd      0x96a obj_cooja/mtype897.o
                0x00000000000104ab                contiki_init
                0x0000000000010a7e                Java_org_contikios_cooja_corecomm_Lib3_init
                0x0000000000010abe                Java_org_contikios_cooja_corecomm_Lib3_getMemory
                0x0000000000010afe                Java_org_contikios_cooja_corecomm_Lib3_setMemory
                0x0000000000010b75                Java_org_contikios_cooja_corecomm_Lib3_tick
                0x0000000000010c55                Java_org_contikios_cooja_corecomm_Lib3_setReferenceAddress
 .text          0x0000000000010c67       0x63 obj_cooja/mtype897.a(simEnvChange.o)
                0x0000000000010c67                doActionsBeforeTick
                0x0000000000010c98                doActionsAfterTick
 .text          0x0000000000010cca       0xbc obj_cooja/mtype897.a(cooja_mt.o)
                0x0000000000010cca                cooja_mt_init
                0x0000000000010cd7                cooja_mt_remove
                0x0000000000010ce4                cooja_mt_start
                0x0000000000010d11                cooja_mt_exec
                0x0000000000010d42                cooja_mt_exit
                0x0000000000010d64                cooja_mt_yield
 .text          0x0000000000010d86      0x115 obj_cooja/mtype897.a(cooja_mtarch.o)
                0x0000000000010d86                cooja_mtarch_init
                0x0000000000010d8b                cooja_mtarch_start
                0x0000000000010e06                cooja_sw
                0x0000000000010e28                cooja_mtarch_exec
                0x0000000000010e44                cooja_mtarch_remove
                0x0000000000010e49                cooja_mtarch_yield
                0x0000000000010e53                cooja_mtarch_pstop
                0x0000000000010e58                cooja_mtarch_pstart
                0x0000000000010e5d                cooja_mtarch_stack_usage
 .text          0x0000000000010e9b       0xc2 obj_cooja/mtype897.a(rtimer-arch.o)
                0x0000000000010e9b                rtimer_arch_init
                0x0000000000010ebe                rtimer_arch_schedule
                0x0000000000010ed5                rtimer_arch_next
                0x0000000000010edf                rtimer_arch_pending
                0x0000000000010ee9                rtimer_arch_check
                0x0000000000010f1b                rtimer_arch_now
 .text          0x0000000000010f5d       0x76 obj_cooja/mtype897.a(beep.o)
                0x0000000000010f5d                beep_alarm
                0x0000000000010f69                beep_beep
                0x0000000000010f75                beep
                0x0000000000010f81                beep_down
                0x0000000000010f8d                beep_on
                0x0000000000010f99                beep_off
                0x0000000000010fa5                beep_spinup
                0x0000000000010fb1                beep_quick
                0x0000000000010fbd                beep_long
 .text          0x0000000000010fd3      0x103 obj_cooja/mtype897.a(button-sensor.o)
 .text          0x00000000000110d6       0x45 obj_cooja/mtype897.a(leds-arch.o)
                0x00000000000110d6                leds_arch_init
                0x00000000000110e2                leds_arch_get
                0x00000000000110ee                leds_arch_set
 .text          0x000000000001111b       0x2f obj_cooja/mtype897.a(moteid.o)
 .text          0x000000000001114a       0xb1 obj_cooja/mtype897.a(pir-sensor.o)
 .text          0x00000000000111fb      0x131 obj_cooja/mtype897.a(rs232.o)
                0x00000000000111fb                rs232_init
                0x0000000000011200                rs232_set_speed
                0x000000000001120e                rs232_set_input
                0x000000000001121b                rs232_send
                0x000000000001123d                rs232_print
                0x0000000000011258                slip_arch_writeb
 .text          0x000000000001132c       0xb1 obj_cooja/mtype897.a(vib-sensor.o)
 .text          0x00000000000113dd       0x34 obj_cooja/mtype897.a(clock.o)
                0x00000000000113dd                clock_init
                0x00000000000113e2                clock_time
                0x00000000000113ec                clock_seconds
                0x0000000000011402                clock_delay
 .text          0x0000000000011411      0x1ed obj_cooja/mtype897.a(log.o)
                0x0000000000011411                simlog_char
                0x0000000000011453                simlog
                0x00000000000114c0                log_message
                0x00000000000114e8                log_set_putchar_with_slip
                0x00000000000114f5                log_putchar
                0x0000000000011579                log_puts
                0x000000000001159d                log_printf
 .text          0x00000000000115fe      0x2c4 obj_cooja/mtype897.a(cfs-cooja.o)
                0x00000000000115fe                cfs_open
                0x0000000000011667                cfs_close
                0x0000000000011673                cfs_read
                0x0000000000011711                cfs_write
                0x00000000000117ee                cfs_seek
                0x0000000000011876                cfs_remove
                0x000000000001189f                cfs_opendir
                0x00000000000118a9                cfs_readdir
                0x00000000000118b3                cfs_closedir
 .text          0x00000000000118c2      0x69f obj_cooja/mtype897.a(cooja-radio.o)
                0x00000000000118ec                radio_set_channel
                0x0000000000011901                radio_set_txpower
                0x0000000000011921                radio_signal_strength_last
                0x000000000001192b                radio_signal_strength_current
                0x0000000000011935                radio_LQI
 .text          0x0000000000011f61       0xef obj_cooja/mtype897.a(eeprom.o)
                0x0000000000011f61                eeprom_init
                0x0000000000011f66                eeprom_read
                0x0000000000011fd6                eeprom_write
 .text          0x0000000000012050       0x28 obj_cooja/mtype897.a(random.o)
                0x0000000000012050                random_init
                0x000000000001206b                random_rand
 .text          0x0000000000012078      0x2a1 obj_cooja/mtype897.a(sensors.o)
                0x00000000000120b3                sensors_first
                0x00000000000120bd                sensors_next
                0x00000000000120da                sensors_changed
                0x0000000000012109                sensors_find
 .text          0x0000000000012319      0x134 obj_cooja/mtype897.a(leds.o)
                0x000000000001236a                leds_init
                0x000000000001237e                leds_blink
                0x00000000000123b6                leds_get
                0x00000000000123c3                leds_set
                0x00000000000123dd                leds_on
                0x0000000000012400                leds_off
                0x000000000001242a                leds_toggle
 .text          0x000000000001244d      0x318 obj_cooja/mtype897.a(dual_conf.o)
                0x000000000001244d                dual_radio_switch
                0x000000000001248d                dual_radio_change
                0x00000000000124c7                sending_in_LR
                0x00000000000124f2                dual_radio_received
                0x000000000001252a                radio_received_is_longrange
                0x0000000000012545                dual_radio_turn_on
                0x0000000000012568                dual_radio_turn_off
                0x000000000001271b                dio_broadcast
                0x0000000000012744                dis_broadcast
 .text          0x0000000000012765       0x8e obj_cooja/mtype897.a(autostart.o)
                0x0000000000012765                autostart_start
                0x00000000000127b0                autostart_exit
 .text          0x00000000000127f3      0x334 obj_cooja/mtype897.a(ctimer.o)
                0x000000000001290a                ctimer_init
                0x000000000001293a                ctimer_set
                0x000000000001296b                ctimer_set_with_process
                0x00000000000129e7                ctimer_reset
                0x0000000000012a36                ctimer_restart
                0x0000000000012a85                ctimer_stop
                0x0000000000012ad0                ctimer_expired
 .text          0x0000000000012b27      0x40b obj_cooja/mtype897.a(etimer.o)
                0x0000000000012d3a                etimer_request_poll
                0x0000000000012dbe                etimer_set
                0x0000000000012de3                etimer_reset_with_new_interval
                0x0000000000012e0a                etimer_reset
                0x0000000000012e28                etimer_restart
                0x0000000000012e46                etimer_adjust
                0x0000000000012e62                etimer_expired
                0x0000000000012e75                etimer_expiration_time
                0x0000000000012e87                etimer_start_time
                0x0000000000012e91                etimer_pending
                0x0000000000012ea3                etimer_next_expiration_time
                0x0000000000012ebd                etimer_stop
 .text          0x0000000000012f32      0x220 obj_cooja/mtype897.a(log_message.o)
                0x0000000000012f32                log_initialization
                0x0000000000013131                log_finisher
 .text          0x0000000000013152      0x560 obj_cooja/mtype897.a(process.o)
                0x0000000000013152                process_alloc_event
                0x0000000000013167                process_start
                0x0000000000013350                process_exit
                0x000000000001336c                process_init
                0x000000000001353d                process_run
                0x0000000000013570                process_nevents
                0x000000000001358b                process_post
                0x0000000000013637                process_post_synch
                0x000000000001366f                process_poll
                0x000000000001369e                process_is_running
 .text          0x00000000000136b2       0xd3 obj_cooja/mtype897.a(residual.o)
                0x00000000000136b2                get_residual_energy
 .text          0x0000000000013785       0xba obj_cooja/mtype897.a(rtimer.o)
                0x0000000000013785                rtimer_init
                0x0000000000013792                rtimer_set
                0x00000000000137e9                rtimer_run_next
 .text          0x000000000001383f       0x91 obj_cooja/mtype897.a(timer.o)
                0x000000000001383f                timer_set
                0x000000000001385a                timer_reset
                0x0000000000013871                timer_restart
                0x0000000000013883                timer_expired
                0x00000000000138ac                timer_remaining
 .text          0x00000000000138d0      0x1fb obj_cooja/mtype897.a(serial-line.o)
                0x00000000000138d0                serial_line_input_byte
                0x0000000000013a93                serial_line_init
 .text          0x0000000000013acb      0x244 obj_cooja/mtype897.a(list.o)
                0x0000000000013acb                list_init
                0x0000000000013ad9                list_head
                0x0000000000013ae3                list_copy
                0x0000000000013af2                list_tail
                0x0000000000013b28                list_add
                0x0000000000013b71                list_push
                0x0000000000013b9d                list_chop
                0x0000000000013c07                list_pop
                0x0000000000013c2f                list_remove
                0x0000000000013c96                list_length
                0x0000000000013cc4                list_insert
                0x0000000000013cf8                list_item_next
 .text          0x0000000000013d0f      0x155 obj_cooja/mtype897.a(ringbuf.o)
                0x0000000000013d0f                ringbuf_init
                0x0000000000013d40                ringbuf_put
                0x0000000000013dbe                ringbuf_get
                0x0000000000013e2b                ringbuf_size
                0x0000000000013e3d                ringbuf_elements
 .text          0x0000000000013e64     0x258b obj_cooja/mtype897.a(sicslowpan.o)
                0x00000000000143ee                rime_sniffer_add
                0x00000000000143fb                rime_sniffer_remove
                0x000000000001638e                sicslowpan_init
                0x00000000000163e5                sicslowpan_get_last_rssi
 .text          0x00000000000163ef      0x2d9 obj_cooja/mtype897.a(uip-ds6-nbr.o)
                0x000000000001640c                uip_ds6_neighbors_init
                0x0000000000016429                uip_ds6_nbr_add
                0x00000000000164d7                uip_ds6_nbr_rm
                0x0000000000016534                uip_ds6_nbr_get_ipaddr
                0x0000000000016549                uip_ds6_nbr_get_ll
                0x0000000000016565                uip_ds6_nbr_num
                0x00000000000165aa                uip_ds6_nbr_lookup
                0x000000000001660f                uip_ds6_nbr_ll_lookup
                0x000000000001662b                uip_ds6_nbr_ipaddr_from_lladdr
                0x0000000000016651                uip_ds6_nbr_lladdr_from_ipaddr
                0x000000000001667f                uip_ds6_link_neighbor_callback
 .text          0x00000000000166c8     0x12ad obj_cooja/mtype897.a(uip-ds6.o)
                0x00000000000166c8                uip_ds6_init
                0x0000000000016a1d                uip_ds6_periodic
                0x0000000000016af5                uip_ds6_list_loop
                0x0000000000016b9c                uip_ds6_prefix_add
                0x0000000000016c5a                uip_ds6_prefix_rm
                0x0000000000016c6c                uip_ds6_prefix_lookup
                0x0000000000016cbd                uip_ds6_is_addr_onlink
                0x0000000000016d31                uip_ds6_addr_add
                0x0000000000016e5f                uip_ds6_long_addr_add
                0x0000000000016f8d                uip_ds6_addr_rm
                0x000000000001702d                uip_ds6_addr_lookup
                0x0000000000017078                uip_ds6_long_addr_lookup
                0x00000000000170c3                uip_ds6_get_link_local
                0x0000000000017142                uip_ds6_long_get_link_local
                0x00000000000171c1                uip_ds6_get_global
                0x0000000000017240                uip_ds6_long_get_global
                0x00000000000172bf                uip_ds6_maddr_add
                0x0000000000017331                uip_ds6_long_maddr_add
                0x00000000000173a3                uip_ds6_maddr_rm
                0x00000000000173b5                uip_ds6_maddr_lookup
                0x0000000000017400                uip_ds6_long_maddr_lookup
                0x000000000001744b                uip_ds6_aaddr_add
                0x00000000000174bd                uip_ds6_long_aaddr_add
                0x000000000001752f                uip_ds6_aaddr_rm
                0x0000000000017541                uip_ds6_aaddr_lookup
                0x000000000001758c                uip_ds6_long_aaddr_lookup
                0x00000000000175d7                uip_ds6_select_src
                0x0000000000017860                uip_ds6_set_addr_iid
                0x0000000000017897                get_match_length
                0x0000000000017929                uip_ds6_compute_reachable_time
 .text          0x0000000000017975     0x29ac obj_cooja/mtype897.a(uip6.o)
                0x0000000000017975                uip_add32
                0x0000000000017b0e                uip_chksum
                0x0000000000017bfc                uip_icmp6chksum
                0x0000000000017c10                uip_tcpchksum
                0x0000000000017c24                uip_init
                0x0000000000017cf4                uip_connect
                0x0000000000017ea3                remove_ext_hdr
                0x0000000000017f78                uip_udp_new
                0x00000000000180d4                uip_unlisten
                0x0000000000018134                uip_listen
                0x00000000000183f6                uip_process
                0x000000000001a215                uip_htons
                0x000000000001a237                uip_htonl
                0x000000000001a277                uip_send
 .text          0x000000000001a321      0xa53 obj_cooja/mtype897.a(tcpip.o)
                0x000000000001a321                tcpip_output
                0x000000000001a35c                tcpip_set_outputfunc
                0x000000000001a3f0                tcp_connect
                0x000000000001a445                tcp_unlisten
                0x000000000001a4a0                tcp_listen
                0x000000000001a4f9                tcp_attach
                0x000000000001a51e                udp_attach
                0x000000000001a543                udp_new
                0x000000000001a595                udp_broadcast_new
                0x000000000001a809                tcpip_input
                0x000000000001a83d                tcpip_ipv6_output
                0x000000000001abb0                tcpip_poll_udp
                0x000000000001abd3                tcpip_poll_tcp
                0x000000000001abf6                tcpip_uipcall
 .text          0x000000000001ad74      0x1c1 obj_cooja/mtype897.a(uip-debug.o)
                0x000000000001ad74                uip_debug_ipaddr_print
                0x000000000001aed6                uip_debug_lladdr_print
 .text          0x000000000001af35      0x141 obj_cooja/mtype897.a(uip-packetqueue)
                0x000000000001af61                uip_packetqueue_new
                0x000000000001af6f                uip_packetqueue_alloc
                0x000000000001afcf                uip_packetqueue_free
                0x000000000001b010                uip_packetqueue_buf
                0x000000000001b02d                uip_packetqueue_buflen
                0x000000000001b04e                uip_packetqueue_set_buflen
 .text          0x000000000001b076     0x258c obj_cooja/mtype897.a(rpl-dag.o)
                0x000000000001b076                rpl_print_neighbor_list
                0x000000000001b0dd                rpl_print_child_neighbor_list
                0x000000000001b144                rpl_get_nbr
                0x000000000001b19e                rpl_get_nbr_child
                0x000000000001b1f8                rpl_dag_init
                0x000000000001b22a                rpl_get_parent
                0x000000000001b24c                rpl_get_parent_rank
                0x000000000001b27f                rpl_get_parent_link_metric
                0x000000000001b2b2                rpl_get_parent_ipaddr
                0x000000000001b2dc                rpl_get_child_ipaddr
                0x000000000001b5e6                rpl_set_root
                0x000000000001b814                rpl_repair_root
                0x000000000001ba50                rpl_set_prefix
                0x000000000001bb4f                rpl_set_default_route
                0x000000000001bbdb                rpl_alloc_instance
                0x000000000001bc63                rpl_alloc_dag
                0x000000000001bd16                rpl_set_default_instance
                0x000000000001bd23                rpl_get_default_instance
                0x000000000001bd2d                rpl_free_instance
                0x000000000001bdce                rpl_free_dag
                0x000000000001be34                rpl_add_parent
                0x000000000001bf1d                rpl_find_parent
                0x000000000001bf4d                rpl_add_child
                0x000000000001bff1                rpl_find_child
                0x000000000001c03f                rpl_find_parent_any_dag
                0x000000000001c07b                rpl_select_dag
                0x000000000001c4ab                rpl_select_parent
                0x000000000001c50d                rpl_remove_parent
                0x000000000001c543                rpl_remove_child
                0x000000000001c55f                rpl_nullify_parent
                0x000000000001c5fd                rpl_move_parent
                0x000000000001c69a                rpl_has_downward_route
                0x000000000001c6ed                rpl_get_any_dag
                0x000000000001c74f                rpl_get_instance
                0x000000000001c7b2                rpl_find_of
                0x000000000001c7ef                rpl_join_instance
                0x000000000001ca8b                rpl_add_dag
                0x000000000001ce7a                rpl_local_repair
                0x000000000001cf53                rpl_recalculate_ranks
                0x000000000001cfd9                rpl_process_parent_event
                0x000000000001d08b                rpl_process_dio
 .text          0x000000000001d602      0xbf3 obj_cooja/mtype897.a(rpl-ext-header.)
                0x000000000001d61f                rpl_verify_header
                0x000000000001da99                rpl_update_header_empty
                0x000000000001ddb0                rpl_update_header_final
                0x000000000001df3f                rpl_remove_header
                0x000000000001e049                rpl_invert_header
                0x000000000001e1d3                rpl_insert_header
 .text          0x000000000001e1f5     0x22fb obj_cooja/mtype897.a(rpl-icmp6.o)
                0x000000000001e4be                rpl_icmp6_update_nbr_table
                0x000000000001e5ae                dis_output
                0x000000000001eee6                dio_output
                0x000000000002005b                dao_output
                0x0000000000020123                dao_output_target
                0x00000000000204a4                dao_ack_output
                0x00000000000204b8                rpl_icmp6_register_handlers
 .text          0x00000000000204f0      0x3b5 obj_cooja/mtype897.a(rpl-ltmax.o)
 .text          0x00000000000208a5      0x59d obj_cooja/mtype897.a(rpl-timers.o)
                0x0000000000020aeb                rpl_reset_periodic_timer
                0x0000000000020b40                rpl_reset_dio_timer
                0x0000000000020d7a                rpl_schedule_dao
                0x0000000000020d95                rpl_schedule_dao_immediately
                0x0000000000020db0                rpl_cancel_dao
                0x0000000000020e12                rpl_schedule_unicast_dio_immediately
 .text          0x0000000000020e42      0x5c5 obj_cooja/mtype897.a(rpl.o)
                0x0000000000020e42                rpl_get_mode
                0x0000000000020e4c                rpl_set_mode
                0x0000000000020eda                rpl_purge_routes
                0x0000000000020fd4                rpl_remove_routes
                0x000000000002101a                rpl_remove_routes_by_nexthop
                0x0000000000021086                rpl_add_route
                0x0000000000021101                rpl_link_neighbor_callback
                0x0000000000021206                rpl_ipv6_neighbor_callback
                0x0000000000021275                rpl_purge_dags
                0x0000000000021381                rpl_init
 .text          0x0000000000021407      0x8c3 obj_cooja/mtype897.a(csma.o)
 .text          0x0000000000021cca      0x3f5 obj_cooja/mtype897.a(framer-802154.o)
 .text          0x00000000000220bf       0x3c obj_cooja/mtype897.a(mac.o)
                0x00000000000220bf                mac_call_sent_callback
 .text          0x00000000000220fb     0x1118 obj_cooja/mtype897.a(cxmac.o)
                0x0000000000023163                cxmac_set_announcement_radio_txpower
                0x0000000000023168                cxmac_init
 .text          0x0000000000023213       0x82 obj_cooja/mtype897.a(linkaddr.o)
                0x0000000000023213                linkaddr_copy
                0x0000000000023235                linkaddr_cmp
                0x000000000002325f                linkaddr_set_node_addr
                0x000000000002327a                linkaddr_set_node_long_addr
 .text          0x0000000000023295      0x919 obj_cooja/mtype897.a(nbr-table.o)
                0x0000000000023295                long_ip_from_lladdr_map
                0x0000000000023322                lladdr_map_add_lr
                0x00000000000233df                lladdr_map_rm_lr
                0x00000000000238a4                nbr_table_register
                0x00000000000238ec                nbr_table_head
                0x0000000000023948                nbr_table_next
                0x00000000000239af                nbr_table_add_lladdr
                0x0000000000023a8b                nbr_table_get_from_lladdr
                0x0000000000023ad8                nbr_table_remove
                0x0000000000023b2a                nbr_table_lock
                0x0000000000023b54                nbr_table_unlock
                0x0000000000023b7e                nbr_table_get_lladdr
 .text          0x0000000000023bae       0x2b obj_cooja/mtype897.a(netstack.o)
                0x0000000000023bae                netstack_init
 .text          0x0000000000023bd9      0x3cd obj_cooja/mtype897.a(packetbuf.o)
                0x0000000000023bd9                packetbuf_clear
                0x0000000000023c03                packetbuf_copyfrom
                0x0000000000023c55                packetbuf_compact
                0x0000000000023cd2                packetbuf_copyto
                0x0000000000023d69                packetbuf_hdralloc
                0x0000000000023de6                packetbuf_hdrreduce
                0x0000000000023e2e                packetbuf_set_datalen
                0x0000000000023e47                packetbuf_dataptr
                0x0000000000023e64                packetbuf_hdrptr
                0x0000000000023e6e                packetbuf_datalen
                0x0000000000023e7a                packetbuf_hdrlen
                0x0000000000023e91                packetbuf_totlen
                0x0000000000023ea7                packetbuf_attr_clear
                0x0000000000023ef9                packetbuf_attr_copyto
                0x0000000000023f42                packetbuf_attr_copyfrom
                0x0000000000023f8a                packetbuf_holds_broadcast
 .text          0x0000000000023fa6      0x2b4 obj_cooja/mtype897.a(queuebuf.o)
                0x0000000000023fb0                queuebuf_init
                0x0000000000023fd0                queuebuf_numfree
                0x0000000000023fe4                queuebuf_new_from_packetbuf
                0x0000000000024074                queuebuf_update_attr_from_packetbuf
                0x00000000000240a7                queuebuf_update_from_packetbuf
                0x00000000000240f1                queuebuf_free
                0x0000000000024138                queuebuf_to_packetbuf
                0x000000000002419e                queuebuf_dataptr
                0x00000000000241d5                queuebuf_datalen
                0x00000000000241f8                queuebuf_addr
                0x000000000002422a                queuebuf_attr
                0x0000000000024255                queuebuf_debug_print
 .text          0x000000000002425a       0x6e obj_cooja/mtype897.a(nullsec.o)
 .text          0x00000000000242c8       0x19 obj_cooja/mtype897.a(watchdog.o)
                0x00000000000242c8                watchdog_init
                0x00000000000242cd                watchdog_start
                0x00000000000242d2                watchdog_periodic
                0x00000000000242d7                watchdog_stop
                0x00000000000242dc                watchdog_reboot
 .text          0x00000000000242e1        0x0 obj_cooja/mtype897.a(rimestats.o)
 .text          0x00000000000242e1       0xa3 obj_cooja/mtype897.a(stimer.o)
                0x00000000000242e1                stimer_set
                0x00000000000242fc                stimer_reset
                0x0000000000024313                stimer_restart
                0x0000000000024325                stimer_expired
                0x000000000002434c                stimer_remaining
                0x0000000000024370                stimer_elapsed
 .text          0x0000000000024384      0x1c1 obj_cooja/mtype897.a(memb.o)
                0x0000000000024384                memb_init
                0x00000000000243e2                memb_alloc
                0x0000000000024447                memb_free
                0x00000000000244c2                memb_inmemb
                0x0000000000024501                memb_numfree
 .text          0x0000000000024545      0x916 obj_cooja/mtype897.a(uip-ds6-route.o)
                0x00000000000245bc                uip_ds6_notification_add
                0x00000000000245ed                uip_ds6_notification_rm
                0x0000000000024609                uip_ds6_route_init
                0x0000000000024691                uip_ds6_route_nexthop
                0x00000000000246b9                uip_ds6_route_head
                0x00000000000246ce                uip_ds6_route_next
                0x00000000000246f4                uip_ds6_route_is_nexthop
                0x0000000000024733                uip_ds6_route_num_routes
                0x000000000002473d                uip_ds6_route_lookup
                0x00000000000247ff                uip_ds6_route_add
                0x0000000000024a33                uip_ds6_route_rm
                0x0000000000024bc7                uip_ds6_route_rm_by_nexthop
                0x0000000000024bff                uip_ds6_defrt_add
                0x0000000000024cb0                uip_ds6_defrt_rm
                0x0000000000024d2f                uip_ds6_defrt_lookup
                0x0000000000024d88                uip_ds6_defrt_choose
                0x0000000000024df3                uip_ds6_defrt_periodic
 .text          0x0000000000024e5b      0xabf obj_cooja/mtype897.a(uip-icmp6.o)
                0x0000000000024ec9                uip_icmp6_input
                0x0000000000024f1f                uip_icmp6_register_input_handler
                0x00000000000251e7                uip_icmp6_error_output
                0x000000000002552c                uip_icmp6_send
                0x00000000000258ad                uip_icmp6_echo_reply_callback_add
                0x00000000000258de                uip_icmp6_echo_reply_callback_rm
                0x00000000000258fa                uip_icmp6_init
 .text          0x000000000002591a      0x358 obj_cooja/mtype897.a(uip-nd6.o)
                0x000000000002596e                uip_nd6_ns_output
                0x0000000000025c6d                uip_nd6_init
 .text          0x0000000000025c72      0x331 obj_cooja/mtype897.a(rpl-nbr-policy.)
                0x0000000000025e4a                find_removable_dis
                0x0000000000025e6d                find_removable_dio
                0x0000000000025efc                find_removable_dao
                0x0000000000025f4c                rpl_nbr_policy_find_removable
 .text          0x0000000000025fa3      0x97c obj_cooja/mtype897.a(frame802154.o)
                0x0000000000025fd4                frame802154_get_pan_id
                0x0000000000025fe0                frame802154_set_pan_id
                0x0000000000025ff9                frame802154_has_panid
                0x00000000000260e5                frame802154_check_dest_panid
                0x000000000002614d                frame802154_is_broadcast_addr
                0x000000000002619a                frame802154_extract_linkaddr
                0x00000000000263da                frame802154_hdrlen
                0x000000000002642b                frame802154_create
                0x0000000000026616                frame802154_parse
 .text          0x000000000002691f        0x0 /usr/lib/gcc/i686-linux-gnu/4.8/crtendS.o
 .text          0x000000000002691f        0x0 /usr/lib/gcc/i686-linux-gnu/4.8/../../../i386-linux-gnu/crtn.o
 *(.gnu.warning)

.fini           0x0000000000026920       0x14
 *(SORT(.fini))
 .fini          0x0000000000026920        0xf /usr/lib/gcc/i686-linux-gnu/4.8/../../../i386-linux-gnu/crti.o
                0x0000000000026920                _fini
 .fini          0x000000000002692f        0x5 /usr/lib/gcc/i686-linux-gnu/4.8/../../../i386-linux-gnu/crtn.o
                0x0000000000026934                PROVIDE (__etext, .)
                0x0000000000026934                PROVIDE (_etext, .)
                0x0000000000026934                PROVIDE (etext, .)

.rodata         0x0000000000026940      0x920
 *(.rodata .rodata.* .gnu.linkonce.r.*)
 .rodata        0x0000000000026940      0x164 udp-server.co
                0x0000000000026954                autostart_processes
 .rodata        0x0000000000026aa4      0x1e6 obj_cooja/mtype897.o
 *fill*         0x0000000000026c8a        0x2 
 .rodata        0x0000000000026c8c        0x8 obj_cooja/mtype897.a(beep.o)
                0x0000000000026c8c                beep_interface
 .rodata        0x0000000000026c94       0x20 obj_cooja/mtype897.a(button-sensor.o)
                0x0000000000026c94                button_interface
                0x0000000000026ca4                button_sensor
 .rodata        0x0000000000026cb4        0x8 obj_cooja/mtype897.a(leds-arch.o)
                0x0000000000026cb4                leds_interface
 .rodata        0x0000000000026cbc        0x8 obj_cooja/mtype897.a(moteid.o)
                0x0000000000026cbc                moteid_interface
 .rodata        0x0000000000026cc4       0x1c obj_cooja/mtype897.a(pir-sensor.o)
                0x0000000000026cc4                pir_interface
                0x0000000000026cd0                pir_sensor
 .rodata        0x0000000000026ce0        0xe obj_cooja/mtype897.a(rs232.o)
                0x0000000000026ce0                rs232_interface
 *fill*         0x0000000000026cee        0x2 
 .rodata        0x0000000000026cf0       0x24 obj_cooja/mtype897.a(vib-sensor.o)
                0x0000000000026cf0                vib_interface
                0x0000000000026d04                vib_sensor
 .rodata        0x0000000000026d14        0x8 obj_cooja/mtype897.a(clock.o)
                0x0000000000026d14                clock_interface
 .rodata        0x0000000000026d1c        0x8 obj_cooja/mtype897.a(log.o)
                0x0000000000026d1c                simlog_interface
 .rodata        0x0000000000026d24       0x2f obj_cooja/mtype897.a(cfs-cooja.o)
                0x0000000000026d24                cfs_interface
 *fill*         0x0000000000026d53        0xd 
 .rodata        0x0000000000026d60       0x60 obj_cooja/mtype897.a(cooja-radio.o)
                0x0000000000026d80                cooja_radio_driver
                0x0000000000026db8                radio_interface
 .rodata        0x0000000000026dc0        0x8 obj_cooja/mtype897.a(eeprom.o)
                0x0000000000026dc0                eeprom_interface
 .rodata        0x0000000000026dc8        0x8 obj_cooja/mtype897.a(sensors.o)
 .rodata        0x0000000000026dd0       0x1c obj_cooja/mtype897.a(dual_conf.o)
 .rodata        0x0000000000026dec        0xf obj_cooja/mtype897.a(ctimer.o)
 .rodata        0x0000000000026dfb        0xc obj_cooja/mtype897.a(etimer.o)
 *fill*         0x0000000000026e07        0x1 
 .rodata        0x0000000000026e08      0x16d obj_cooja/mtype897.a(log_message.o)
 *fill*         0x0000000000026f75        0x3 
 .rodata        0x0000000000026f78       0x20 obj_cooja/mtype897.a(residual.o)
                0x0000000000026f78                DISSIPATION_RATE
 .rodata        0x0000000000026f98        0xe obj_cooja/mtype897.a(serial-line.o)
 *fill*         0x0000000000026fa6        0x2 
 .rodata        0x0000000000026fa8       0x2c obj_cooja/mtype897.a(sicslowpan.o)
                0x0000000000026fa8                unc_llconf
                0x0000000000026fac                unc_ctxconf
                0x0000000000026fb0                unc_mxconf
                0x0000000000026fb4                llprefix
                0x0000000000026fc8                sicslowpan_driver
 .rodata        0x0000000000026fd4      0x13c obj_cooja/mtype897.a(uip6.o)
 .rodata        0x0000000000027110        0xd obj_cooja/mtype897.a(tcpip.o)
 .rodata        0x000000000002711d       0x3e obj_cooja/mtype897.a(uip-debug.o)
 *fill*         0x000000000002715b        0x1 
 .rodata        0x000000000002715c        0x4 obj_cooja/mtype897.a(rpl-dag.o)
 .rodata        0x0000000000027160       0x24 obj_cooja/mtype897.a(csma.o)
                0x0000000000027168                csma_driver
 .rodata        0x0000000000027184        0xc obj_cooja/mtype897.a(framer-802154.o)
                0x0000000000027184                framer_802154
 *fill*         0x0000000000027190       0x10 
 .rodata        0x00000000000271a0       0xa0 obj_cooja/mtype897.a(cxmac.o)
                0x0000000000027220                cxmac_driver
 .rodata        0x0000000000027240        0x8 obj_cooja/mtype897.a(linkaddr.o)
                0x0000000000027240                linkaddr_null
 .rodata        0x0000000000027248       0x18 obj_cooja/mtype897.a(nullsec.o)
                0x0000000000027250                nullsec_driver

.rodata1
 *(.rodata1)

.eh_frame_hdr   0x0000000000027260     0x13ec
 *(.eh_frame_hdr)
 .eh_frame_hdr  0x0000000000027260     0x13ec udp-server.co

.eh_frame       0x000000000002864c     0x5110
 *(.eh_frame)
 .eh_frame      0x000000000002864c       0x3c /usr/lib/gcc/i686-linux-gnu/4.8/../../../i386-linux-gnu/crti.o
                                         0x40 (size before relaxing)
 .eh_frame      0x0000000000028688       0x68 udp-server.co
                                         0x80 (size before relaxing)
 .eh_frame      0x00000000000286f0      0x148 obj_cooja/mtype897.o
                                        0x160 (size before relaxing)
 .eh_frame      0x0000000000028838       0x40 obj_cooja/mtype897.a(simEnvChange.o)
                                         0x58 (size before relaxing)
 .eh_frame      0x0000000000028878       0xc0 obj_cooja/mtype897.a(cooja_mt.o)
                                         0xd8 (size before relaxing)
 .eh_frame      0x0000000000028938      0x120 obj_cooja/mtype897.a(cooja_mtarch.o)
                                        0x138 (size before relaxing)
 .eh_frame      0x0000000000028a58       0xc0 obj_cooja/mtype897.a(rtimer-arch.o)
                                         0xd8 (size before relaxing)
 .eh_frame      0x0000000000028b18      0x160 obj_cooja/mtype897.a(beep.o)
                                        0x178 (size before relaxing)
 .eh_frame      0x0000000000028c78       0xa0 obj_cooja/mtype897.a(button-sensor.o)
                                         0xb8 (size before relaxing)
 .eh_frame      0x0000000000028d18       0xa0 obj_cooja/mtype897.a(leds-arch.o)
                                         0xb8 (size before relaxing)
 .eh_frame      0x0000000000028db8       0x40 obj_cooja/mtype897.a(moteid.o)
                                         0x58 (size before relaxing)
 .eh_frame      0x0000000000028df8       0xa0 obj_cooja/mtype897.a(pir-sensor.o)
                                         0xb8 (size before relaxing)
 .eh_frame      0x0000000000028e98      0x100 obj_cooja/mtype897.a(rs232.o)
                                        0x118 (size before relaxing)
 .eh_frame      0x0000000000028f98       0xa0 obj_cooja/mtype897.a(vib-sensor.o)
                                         0xb8 (size before relaxing)
 .eh_frame      0x0000000000029038       0xc0 obj_cooja/mtype897.a(clock.o)
                                         0xd8 (size before relaxing)
 .eh_frame      0x00000000000290f8      0x120 obj_cooja/mtype897.a(log.o)
                                        0x138 (size before relaxing)
 .eh_frame      0x0000000000029218      0x160 obj_cooja/mtype897.a(cfs-cooja.o)
                                        0x178 (size before relaxing)
 .eh_frame      0x0000000000029378      0x2e0 obj_cooja/mtype897.a(cooja-radio.o)
                                        0x2f8 (size before relaxing)
 .eh_frame      0x0000000000029658       0xa0 obj_cooja/mtype897.a(eeprom.o)
                                         0xb8 (size before relaxing)
 .eh_frame      0x00000000000296f8       0x40 obj_cooja/mtype897.a(random.o)
                                         0x58 (size before relaxing)
 .eh_frame      0x0000000000029738       0xc0 obj_cooja/mtype897.a(sensors.o)
                                         0xd8 (size before relaxing)
 .eh_frame      0x00000000000297f8      0x100 obj_cooja/mtype897.a(leds.o)
                                        0x118 (size before relaxing)
 .eh_frame      0x00000000000298f8      0x160 obj_cooja/mtype897.a(dual_conf.o)
                                        0x178 (size before relaxing)
 .eh_frame      0x0000000000029a58       0x40 obj_cooja/mtype897.a(autostart.o)
                                         0x58 (size before relaxing)
 .eh_frame      0x0000000000029a98      0x100 obj_cooja/mtype897.a(ctimer.o)
                                        0x118 (size before relaxing)
 .eh_frame      0x0000000000029b98      0x1e0 obj_cooja/mtype897.a(etimer.o)
                                        0x1f8 (size before relaxing)
 .eh_frame      0x0000000000029d78       0x50 obj_cooja/mtype897.a(log_message.o)
                                         0x68 (size before relaxing)
 .eh_frame      0x0000000000029dc8      0x1c8 obj_cooja/mtype897.a(process.o)
                                        0x1e0 (size before relaxing)
 .eh_frame      0x0000000000029f90       0x2c obj_cooja/mtype897.a(residual.o)
                                         0x44 (size before relaxing)
 .eh_frame      0x0000000000029fbc       0x60 obj_cooja/mtype897.a(rtimer.o)
                                         0x78 (size before relaxing)
 .eh_frame      0x000000000002a01c       0xa4 obj_cooja/mtype897.a(timer.o)
                                         0xbc (size before relaxing)
 .eh_frame      0x000000000002a0c0       0x60 obj_cooja/mtype897.a(serial-line.o)
                                         0x78 (size before relaxing)
 .eh_frame      0x000000000002a120      0x180 obj_cooja/mtype897.a(list.o)
                                        0x198 (size before relaxing)
 .eh_frame      0x000000000002a2a0       0xa0 obj_cooja/mtype897.a(ringbuf.o)
                                         0xb8 (size before relaxing)
 .eh_frame      0x000000000002a340      0x350 obj_cooja/mtype897.a(sicslowpan.o)
                                        0x368 (size before relaxing)
 .eh_frame      0x000000000002a690      0x180 obj_cooja/mtype897.a(uip-ds6-nbr.o)
                                        0x198 (size before relaxing)
 .eh_frame      0x000000000002a810      0x3c8 obj_cooja/mtype897.a(uip-ds6.o)
                                        0x3e0 (size before relaxing)
 .eh_frame      0x000000000002abd8      0x25c obj_cooja/mtype897.a(uip6.o)
                                        0x274 (size before relaxing)
 .eh_frame      0x000000000002ae34      0x270 obj_cooja/mtype897.a(tcpip.o)
                                        0x288 (size before relaxing)
 .eh_frame      0x000000000002b0a4       0x48 obj_cooja/mtype897.a(uip-debug.o)
                                         0x60 (size before relaxing)
 .eh_frame      0x000000000002b0ec       0xe0 obj_cooja/mtype897.a(uip-packetqueue)
                                         0xf8 (size before relaxing)
 .eh_frame      0x000000000002b1cc      0x74c obj_cooja/mtype897.a(rpl-dag.o)
                                        0x764 (size before relaxing)
 .eh_frame      0x000000000002b918      0x10c obj_cooja/mtype897.a(rpl-ext-header.)
                                        0x124 (size before relaxing)
 .eh_frame      0x000000000002ba24      0x2b8 obj_cooja/mtype897.a(rpl-icmp6.o)
                                        0x2d0 (size before relaxing)
 .eh_frame      0x000000000002bcdc       0xe0 obj_cooja/mtype897.a(rpl-ltmax.o)
                                         0xf8 (size before relaxing)
 .eh_frame      0x000000000002bdbc      0x1ac obj_cooja/mtype897.a(rpl-timers.o)
                                        0x1c4 (size before relaxing)
 .eh_frame      0x000000000002bf68      0x148 obj_cooja/mtype897.a(rpl.o)
                                        0x160 (size before relaxing)
 .eh_frame      0x000000000002c0b0      0x28c obj_cooja/mtype897.a(csma.o)
                                        0x2a4 (size before relaxing)
 .eh_frame      0x000000000002c33c      0x108 obj_cooja/mtype897.a(framer-802154.o)
                                        0x120 (size before relaxing)
 .eh_frame      0x000000000002c444       0x20 obj_cooja/mtype897.a(mac.o)
                                         0x38 (size before relaxing)
 .eh_frame      0x000000000002c464      0x2bc obj_cooja/mtype897.a(cxmac.o)
                                        0x2d4 (size before relaxing)
 .eh_frame      0x000000000002c720       0x80 obj_cooja/mtype897.a(linkaddr.o)
                                         0x98 (size before relaxing)
 .eh_frame      0x000000000002c7a0      0x2cc obj_cooja/mtype897.a(nbr-table.o)
                                        0x2e4 (size before relaxing)
 .eh_frame      0x000000000002ca6c       0x20 obj_cooja/mtype897.a(netstack.o)
                                         0x38 (size before relaxing)
 .eh_frame      0x000000000002ca8c      0x214 obj_cooja/mtype897.a(packetbuf.o)
                                        0x22c (size before relaxing)
 .eh_frame      0x000000000002cca0      0x1a0 obj_cooja/mtype897.a(queuebuf.o)
                                        0x1b8 (size before relaxing)
 .eh_frame      0x000000000002ce40       0x80 obj_cooja/mtype897.a(nullsec.o)
                                         0x98 (size before relaxing)
 .eh_frame      0x000000000002cec0       0xa0 obj_cooja/mtype897.a(watchdog.o)
                                         0xb8 (size before relaxing)
 .eh_frame      0x000000000002cf60       0xc4 obj_cooja/mtype897.a(stimer.o)
                                         0xdc (size before relaxing)
 .eh_frame      0x000000000002d024       0xa0 obj_cooja/mtype897.a(memb.o)
                                         0xb8 (size before relaxing)
 .eh_frame      0x000000000002d0c4      0x2a0 obj_cooja/mtype897.a(uip-ds6-route.o)
                                        0x2b8 (size before relaxing)
 .eh_frame      0x000000000002d364      0x168 obj_cooja/mtype897.a(uip-icmp6.o)
                                        0x180 (size before relaxing)
 .eh_frame      0x000000000002d4cc       0x68 obj_cooja/mtype897.a(uip-nd6.o)
                                         0x80 (size before relaxing)
 .eh_frame      0x000000000002d534       0xc0 obj_cooja/mtype897.a(rpl-nbr-policy.)
                                         0xd8 (size before relaxing)
 .eh_frame      0x000000000002d5f4      0x164 obj_cooja/mtype897.a(frame802154.o)
                                        0x17c (size before relaxing)
 .eh_frame      0x000000000002d758        0x4 /usr/lib/gcc/i686-linux-gnu/4.8/crtendS.o

.gcc_except_table
 *(.gcc_except_table .gcc_except_table.*)

.exception_ranges
 *(.exception_ranges .exception_ranges*)
                0x000000000002d75c                . = (ALIGN (0x1000) - ((0x1000 - .) & 0xfff))
                0x000000000002eef8                . = DATA_SEGMENT_ALIGN (0x1000, 0x1000)

.eh_frame
 *(.eh_frame)

.gcc_except_table
 *(.gcc_except_table .gcc_except_table.*)

.exception_ranges
 *(.exception_ranges .exception_ranges*)

.tdata
 *(.tdata .tdata.* .gnu.linkonce.td.*)

.tbss
 *(.tbss .tbss.* .gnu.linkonce.tb.*)
 *(.tcommon)

.preinit_array
 *(.preinit_array)

.init_array     0x000000000002eef8        0x4
 *(SORT(.init_array.*) SORT(.ctors.*))
 *(.init_array EXCLUDE_FILE(*crtend?.o *crtend.o *crtbegin?.o *crtbegin.o) .ctors)
 .init_array    0x000000000002eef8        0x4 /usr/lib/gcc/i686-linux-gnu/4.8/crtbeginS.o

.fini_array     0x000000000002eefc        0x4
 *(SORT(.fini_array.*) SORT(.dtors.*))
 *(.fini_array EXCLUDE_FILE(*crtend?.o *crtend.o *crtbegin?.o *crtbegin.o) .dtors)
 .fini_array    0x000000000002eefc        0x4 /usr/lib/gcc/i686-linux-gnu/4.8/crtbeginS.o

.ctors
 *crtbegin.o(.ctors)
 *crtbegin?.o(.ctors)
 *(EXCLUDE_FILE(*crtend?.o *crtend.o) .ctors)
 *(SORT(.ctors.*))
 *(.ctors)

.dtors
 *crtbegin.o(.dtors)
 *crtbegin?.o(.dtors)
 *(EXCLUDE_FILE(*crtend?.o *crtend.o) .dtors)
 *(SORT(.dtors.*))
 *(.dtors)

.jcr            0x000000000002ef00        0x4
 *(.jcr)
 .jcr           0x000000000002ef00        0x0 /usr/lib/gcc/i686-linux-gnu/4.8/crtbeginS.o
 .jcr           0x000000000002ef00        0x4 /usr/lib/gcc/i686-linux-gnu/4.8/crtendS.o

.data.rel.ro
 *(.data.rel.ro.local* .gnu.linkonce.d.rel.ro.local.*)
 *(.data.rel.ro .data.rel.ro.* .gnu.linkonce.d.rel.ro.*)

.dynamic        0x000000000002ef04       0xe8
 *(.dynamic)
 .dynamic       0x000000000002ef04       0xe8 /usr/lib/gcc/i686-linux-gnu/4.8/../../../i386-linux-gnu/crti.o
                0x000000000002ef04                _DYNAMIC

.got            0x000000000002efec       0x14
 *(.got)
 .got           0x000000000002efec       0x14 /usr/lib/gcc/i686-linux-gnu/4.8/../../../i386-linux-gnu/crti.o
 *(.igot)
                0x000000000002fff4                . = DATA_SEGMENT_RELRO_END (., (SIZEOF (.got.plt) >= 0xc)?0xc:0x0)

.got.plt        0x000000000002f000       0x14
 *(.got.plt)
 .got.plt       0x000000000002f000       0x14 /usr/lib/gcc/i686-linux-gnu/4.8/../../../i386-linux-gnu/crti.o
                0x000000000002f000                _GLOBAL_OFFSET_TABLE_
 *(.igot.plt)

.data           0x000000000002f020      0x2a2
 *(.data .data.* .gnu.linkonce.d.*)
 .data          0x000000000002f020        0x0 /usr/lib/gcc/i686-linux-gnu/4.8/../../../i386-linux-gnu/crti.o
 .data          0x000000000002f020        0x0 /usr/lib/gcc/i686-linux-gnu/4.8/crtbeginS.o
 .data.rel      0x000000000002f020        0x4 /usr/lib/gcc/i686-linux-gnu/4.8/crtbeginS.o
                0x000000000002f020                __dso_handle
 .data          0x000000000002f024       0x10 udp-server.co
                0x000000000002f024                udp_server_process
 *fill*         0x000000000002f034        0xc 
 .data          0x000000000002f040       0x44 obj_cooja/mtype897.o
                0x000000000002f040                simInterfaces
                0x000000000002f074                sensors
 .data          0x000000000002f084        0x0 obj_cooja/mtype897.a(simEnvChange.o)
 .data          0x000000000002f084        0x0 obj_cooja/mtype897.a(cooja_mt.o)
 .data          0x000000000002f084        0x0 obj_cooja/mtype897.a(cooja_mtarch.o)
 .data          0x000000000002f084        0x0 obj_cooja/mtype897.a(rtimer-arch.o)
 .data          0x000000000002f084        0x0 obj_cooja/mtype897.a(beep.o)
 .data          0x000000000002f084        0x0 obj_cooja/mtype897.a(button-sensor.o)
 .data          0x000000000002f084        0x0 obj_cooja/mtype897.a(leds-arch.o)
 .data          0x000000000002f084        0x0 obj_cooja/mtype897.a(moteid.o)
 .data          0x000000000002f084        0x0 obj_cooja/mtype897.a(pir-sensor.o)
 .data          0x000000000002f084        0x0 obj_cooja/mtype897.a(rs232.o)
 .data          0x000000000002f084        0x0 obj_cooja/mtype897.a(vib-sensor.o)
 .data          0x000000000002f084        0x0 obj_cooja/mtype897.a(clock.o)
 .data          0x000000000002f084        0x0 obj_cooja/mtype897.a(log.o)
 .data          0x000000000002f084        0x0 obj_cooja/mtype897.a(cfs-cooja.o)
 .data          0x000000000002f084       0x40 obj_cooja/mtype897.a(cooja-radio.o)
                0x000000000002f084                simRadioChannelLR
                0x000000000002f088                simRadioHWOnLR
                0x000000000002f08c                simSignalStrengthLR
                0x000000000002f090                simLastSignalStrengthLR
                0x000000000002f094                simPowerLR
                0x000000000002f098                simLQILR
                0x000000000002f09c                simRadioChannel
                0x000000000002f0a0                simRadioHWOn
                0x000000000002f0a4                simSignalStrength
                0x000000000002f0a8                simLastSignalStrength
                0x000000000002f0ac                simPower
                0x000000000002f0b0                simLQI
                0x000000000002f0b4                cooja_radio_process
 .data          0x000000000002f0c4        0x0 obj_cooja/mtype897.a(eeprom.o)
 .data          0x000000000002f0c4        0x0 obj_cooja/mtype897.a(random.o)
 .data          0x000000000002f0c4       0x10 obj_cooja/mtype897.a(sensors.o)
                0x000000000002f0c4                sensors_process
 .data          0x000000000002f0d4        0x0 obj_cooja/mtype897.a(leds.o)
 .data          0x000000000002f0d4       0x28 obj_cooja/mtype897.a(dual_conf.o)
                0x000000000002f0d4                radio_received
                0x000000000002f0d8                dual_dio_broadcast
                0x000000000002f0e8                dual_dis_broadcast
 .data          0x000000000002f0fc        0x0 obj_cooja/mtype897.a(autostart.o)
 .data          0x000000000002f0fc       0x14 obj_cooja/mtype897.a(ctimer.o)
                0x000000000002f100                ctimer_process
 .data          0x000000000002f110       0x10 obj_cooja/mtype897.a(etimer.o)
                0x000000000002f110                etimer_process
 .data          0x000000000002f120        0x0 obj_cooja/mtype897.a(log_message.o)
 .data          0x000000000002f120        0x0 obj_cooja/mtype897.a(process.o)
 .data          0x000000000002f120        0x0 obj_cooja/mtype897.a(residual.o)
 .data          0x000000000002f120        0x0 obj_cooja/mtype897.a(rtimer.o)
 .data          0x000000000002f120        0x0 obj_cooja/mtype897.a(timer.o)
 .data          0x000000000002f120       0x10 obj_cooja/mtype897.a(serial-line.o)
                0x000000000002f120                serial_line_process
 .data          0x000000000002f130        0x0 obj_cooja/mtype897.a(list.o)
 .data          0x000000000002f130        0x0 obj_cooja/mtype897.a(ringbuf.o)
 .data          0x000000000002f130        0x0 obj_cooja/mtype897.a(sicslowpan.o)
 .data          0x000000000002f130       0x14 obj_cooja/mtype897.a(uip-ds6-nbr.o)
                0x000000000002f140                ds6_neighbors
 .data          0x000000000002f144        0x0 obj_cooja/mtype897.a(uip-ds6.o)
 .data          0x000000000002f144        0x0 obj_cooja/mtype897.a(uip6.o)
 .data          0x000000000002f144       0x10 obj_cooja/mtype897.a(tcpip.o)
                0x000000000002f144                tcpip_process
 .data          0x000000000002f154        0x0 obj_cooja/mtype897.a(uip-debug.o)
 .data          0x000000000002f154        0xc obj_cooja/mtype897.a(uip-packetqueue)
 .data          0x000000000002f160       0x28 obj_cooja/mtype897.a(rpl-dag.o)
                0x000000000002f170                rpl_parents
                0x000000000002f184                rpl_children
 .data          0x000000000002f188        0x0 obj_cooja/mtype897.a(rpl-ext-header.)
 .data          0x000000000002f188       0x34 obj_cooja/mtype897.a(rpl-icmp6.o)
 .data          0x000000000002f1bc       0x1c obj_cooja/mtype897.a(rpl-ltmax.o)
                0x000000000002f1bc                rpl_ltmax_of
 .data          0x000000000002f1d8        0x0 obj_cooja/mtype897.a(rpl-timers.o)
 .data          0x000000000002f1d8        0x0 obj_cooja/mtype897.a(rpl.o)
 .data          0x000000000002f1d8       0x28 obj_cooja/mtype897.a(csma.o)
 .data          0x000000000002f200        0x0 obj_cooja/mtype897.a(framer-802154.o)
 .data          0x000000000002f200        0x0 obj_cooja/mtype897.a(mac.o)
 .data          0x000000000002f200       0x30 obj_cooja/mtype897.a(cxmac.o)
                0x000000000002f200                cxmac_config
                0x000000000002f210                strobe_wait
 .data          0x000000000002f230        0x0 obj_cooja/mtype897.a(linkaddr.o)
 .data          0x000000000002f230       0x10 obj_cooja/mtype897.a(nbr-table.o)
 .data          0x000000000002f240        0x0 obj_cooja/mtype897.a(netstack.o)
 .data          0x000000000002f240        0x4 obj_cooja/mtype897.a(packetbuf.o)
 .data          0x000000000002f244       0x18 obj_cooja/mtype897.a(queuebuf.o)
 .data          0x000000000002f25c        0x0 obj_cooja/mtype897.a(nullsec.o)
 .data          0x000000000002f25c        0x0 obj_cooja/mtype897.a(watchdog.o)
 .data          0x000000000002f25c        0x0 obj_cooja/mtype897.a(rimestats.o)
 .data          0x000000000002f25c        0x0 obj_cooja/mtype897.a(stimer.o)
 .data          0x000000000002f25c        0x0 obj_cooja/mtype897.a(memb.o)
 .data          0x000000000002f25c       0x44 obj_cooja/mtype897.a(uip-ds6-route.o)
                0x000000000002f26c                nbr_routes
 .data          0x000000000002f2a0       0x20 obj_cooja/mtype897.a(uip-icmp6.o)
 .data          0x000000000002f2c0        0x0 obj_cooja/mtype897.a(uip-nd6.o)
 .data          0x000000000002f2c0        0x0 obj_cooja/mtype897.a(rpl-nbr-policy.)
 .data          0x000000000002f2c0        0x2 obj_cooja/mtype897.a(frame802154.o)
 .data          0x000000000002f2c2        0x0 /usr/lib/gcc/i686-linux-gnu/4.8/crtendS.o
 .data          0x000000000002f2c2        0x0 /usr/lib/gcc/i686-linux-gnu/4.8/../../../i386-linux-gnu/crtn.o

.tm_clone_table
                0x000000000002f2c4        0x0
 .tm_clone_table
                0x000000000002f2c4        0x0 /usr/lib/gcc/i686-linux-gnu/4.8/crtbeginS.o
 .tm_clone_table
                0x000000000002f2c4        0x0 /usr/lib/gcc/i686-linux-gnu/4.8/crtendS.o

.data1
 *(.data1)
                0x000000000002f2c4                _edata = .
                0x000000000002f2c4                PROVIDE (edata, .)
                0x000000000002f2c4                . = .
                0x000000000002f2c4                __bss_start = .

.bss            0x000000000002f2e0     0x9348
 *(.dynbss)
 .dynbss        0x0000000000000000        0x0 /usr/lib/gcc/i686-linux-gnu/4.8/../../../i386-linux-gnu/crti.o
 *(.bss .bss.* .gnu.linkonce.b.*)
 .bss           0x000000000002f2e0        0x0 /usr/lib/gcc/i686-linux-gnu/4.8/../../../i386-linux-gnu/crti.o
 .bss           0x000000000002f2e0        0x1 /usr/lib/gcc/i686-linux-gnu/4.8/crtbeginS.o
 *fill*         0x000000000002f2e1       0x1f 
 .bss           0x000000000002f300      0x1b4 udp-server.co
                0x000000000002f300                my_weight
                0x000000000002f320                id_array
 *fill*         0x000000000002f4b4        0xc 
 .bss           0x000000000002f4c0     0x2030 obj_cooja/mtype897.o
 .bss           0x00000000000314f0        0x1 obj_cooja/mtype897.a(simEnvChange.o)
                0x00000000000314f0                simDontFallAsleep
 *fill*         0x00000000000314f1        0x3 
 .bss           0x00000000000314f4        0x4 obj_cooja/mtype897.a(cooja_mt.o)
 .bss           0x00000000000314f8        0x4 obj_cooja/mtype897.a(cooja_mtarch.o)
 .bss           0x00000000000314fc        0xc obj_cooja/mtype897.a(rtimer-arch.o)
 .bss           0x0000000000031508        0x0 obj_cooja/mtype897.a(beep.o)
 .bss           0x0000000000031508        0x8 obj_cooja/mtype897.a(button-sensor.o)
 .bss           0x0000000000031510        0x0 obj_cooja/mtype897.a(leds-arch.o)
 .bss           0x0000000000031510        0x0 obj_cooja/mtype897.a(moteid.o)
 .bss           0x0000000000031510        0x1 obj_cooja/mtype897.a(pir-sensor.o)
                0x0000000000031510                simPirValue
 *fill*         0x0000000000031511        0x3 
 .bss           0x0000000000031514        0x4 obj_cooja/mtype897.a(rs232.o)
 .bss           0x0000000000031518        0x1 obj_cooja/mtype897.a(vib-sensor.o)
                0x0000000000031518                simVibValue
 .bss           0x0000000000031519        0x0 obj_cooja/mtype897.a(clock.o)
 *fill*         0x0000000000031519        0x7 
 .bss           0x0000000000031520      0x420 obj_cooja/mtype897.a(log.o)
 .bss           0x0000000000031940      0xfc0 obj_cooja/mtype897.a(cfs-cooja.o)
                0x0000000000031940                simCFSData
                0x00000000000328e0                simCFSSize
                0x00000000000328e4                simCFSChanged
                0x00000000000328e8                simCFSRead
                0x00000000000328ec                simCFSWritten
 .bss           0x0000000000032900       0x24 obj_cooja/mtype897.a(cooja-radio.o)
                0x0000000000032900                simReceivingLR
                0x0000000000032904                simInSizeLR
                0x0000000000032908                simOutSizeLR
                0x000000000003290c                simReceiving
                0x0000000000032910                simInSize
                0x0000000000032914                simOutSize
                0x0000000000032918                LongRangeTransmit
                0x000000000003291c                LongRangeReceiving
 .bss           0x0000000000032924        0xc obj_cooja/mtype897.a(eeprom.o)
                0x0000000000032924                simEEPROMChanged
                0x0000000000032928                simEEPROMRead
                0x000000000003292c                simEEPROMWritten
 .bss           0x0000000000032930        0x0 obj_cooja/mtype897.a(random.o)
 .bss           0x0000000000032930        0xc obj_cooja/mtype897.a(sensors.o)
 .bss           0x000000000003293c        0x1 obj_cooja/mtype897.a(leds.o)
 *fill*         0x000000000003293d        0x3 
 .bss           0x0000000000032940       0x2c obj_cooja/mtype897.a(dual_conf.o)
                0x0000000000032940                long_range_radio
 .bss           0x000000000003296c        0x0 obj_cooja/mtype897.a(autostart.o)
 .bss           0x000000000003296c        0x5 obj_cooja/mtype897.a(ctimer.o)
 *fill*         0x0000000000032971        0x3 
 .bss           0x0000000000032974        0x8 obj_cooja/mtype897.a(etimer.o)
 .bss           0x000000000003297c        0x0 obj_cooja/mtype897.a(log_message.o)
 *fill*         0x000000000003297c        0x4 
 .bss           0x0000000000032980      0x1b1 obj_cooja/mtype897.a(process.o)
                0x0000000000032980                process_list
                0x0000000000032984                process_current
 .bss           0x0000000000032b31        0x0 obj_cooja/mtype897.a(residual.o)
 *fill*         0x0000000000032b31        0x3 
 .bss           0x0000000000032b34        0x4 obj_cooja/mtype897.a(rtimer.o)
 .bss           0x0000000000032b38        0x0 obj_cooja/mtype897.a(timer.o)
 *fill*         0x0000000000032b38        0x8 
 .bss           0x0000000000032b40      0x140 obj_cooja/mtype897.a(serial-line.o)
 .bss           0x0000000000032c80        0x0 obj_cooja/mtype897.a(list.o)
 .bss           0x0000000000032c80        0x0 obj_cooja/mtype897.a(ringbuf.o)
 .bss           0x0000000000032c80      0x70c obj_cooja/mtype897.a(sicslowpan.o)
 *fill*         0x000000000003338c       0x14 
 .bss           0x00000000000333a0      0x4b0 obj_cooja/mtype897.a(uip-ds6-nbr.o)
 .bss           0x0000000000033850       0x30 obj_cooja/mtype897.a(uip-ds6.o)
 .bss           0x0000000000033880        0xe obj_cooja/mtype897.a(uip6.o)
                0x0000000000033880                uip_ext_bitmap
                0x0000000000033881                uip_ext_len
                0x0000000000033882                uip_ext_opt_offset
 *fill*         0x000000000003388e       0x12 
 .bss           0x00000000000338a0       0x68 obj_cooja/mtype897.a(tcpip.o)
 .bss           0x0000000000033908        0x0 obj_cooja/mtype897.a(uip-debug.o)
 *fill*         0x0000000000033908       0x18 
 .bss           0x0000000000033920      0xcf8 obj_cooja/mtype897.a(uip-packetqueue)
 *fill*         0x0000000000034618        0x8 
 .bss           0x0000000000034620      0x352 obj_cooja/mtype897.a(rpl-dag.o)
 .bss           0x0000000000034972        0x0 obj_cooja/mtype897.a(rpl-ext-header.)
 .bss           0x0000000000034972        0x0 obj_cooja/mtype897.a(rpl-icmp6.o)
 .bss           0x0000000000034972        0x0 obj_cooja/mtype897.a(rpl-ltmax.o)
 *fill*         0x0000000000034972        0xe 
 .bss           0x0000000000034980       0x23 obj_cooja/mtype897.a(rpl-timers.o)
 *fill*         0x00000000000349a3        0x1 
 .bss           0x00000000000349a4        0x4 obj_cooja/mtype897.a(rpl.o)
 *fill*         0x00000000000349a8       0x18 
 .bss           0x00000000000349c0      0x288 obj_cooja/mtype897.a(csma.o)
 .bss           0x0000000000034c48        0x2 obj_cooja/mtype897.a(framer-802154.o)
 .bss           0x0000000000034c4a        0x0 obj_cooja/mtype897.a(mac.o)
 *fill*         0x0000000000034c4a       0x16 
 .bss           0x0000000000034c60       0xb8 obj_cooja/mtype897.a(cxmac.o)
 .bss           0x0000000000034d18        0x0 obj_cooja/mtype897.a(linkaddr.o)
 *fill*         0x0000000000034d18        0x8 
 .bss           0x0000000000034d20      0x35c obj_cooja/mtype897.a(nbr-table.o)
 .bss           0x000000000003507c        0x0 obj_cooja/mtype897.a(netstack.o)
 *fill*         0x000000000003507c        0x4 
 .bss           0x0000000000035080       0xa0 obj_cooja/mtype897.a(packetbuf.o)
 .bss           0x0000000000035120      0xb80 obj_cooja/mtype897.a(queuebuf.o)
 .bss           0x0000000000035ca0        0x0 obj_cooja/mtype897.a(nullsec.o)
 .bss           0x0000000000035ca0        0x0 obj_cooja/mtype897.a(watchdog.o)
 .bss           0x0000000000035ca0        0x0 obj_cooja/mtype897.a(rimestats.o)
 .bss           0x0000000000035ca0        0x0 obj_cooja/mtype897.a(stimer.o)
 .bss           0x0000000000035ca0        0x0 obj_cooja/mtype897.a(memb.o)
 .bss           0x0000000000035ca0      0x608 obj_cooja/mtype897.a(uip-ds6-route.o)
 .bss           0x00000000000362a8       0x18 obj_cooja/mtype897.a(uip-icmp6.o)
 .bss           0x00000000000362c0        0x0 obj_cooja/mtype897.a(uip-nd6.o)
 .bss           0x00000000000362c0       0x44 obj_cooja/mtype897.a(rpl-nbr-policy.)
 .bss           0x0000000000036304        0x0 obj_cooja/mtype897.a(frame802154.o)
 .bss           0x0000000000036304        0x0 /usr/lib/gcc/i686-linux-gnu/4.8/crtendS.o
 .bss           0x0000000000036304        0x0 /usr/lib/gcc/i686-linux-gnu/4.8/../../../i386-linux-gnu/crtn.o
 *(COMMON)
 COMMON         0x0000000000036304        0x2 udp-server.co
                0x0000000000036304                my_sink_reachability
                0x0000000000036305                my_parent_number
 *fill*         0x0000000000036306        0x2 
 COMMON         0x0000000000036308       0x70 obj_cooja/mtype897.o
                0x0000000000036308                dio_count
                0x000000000003630c                dis_count
                0x0000000000036310                csma_drop_count
                0x0000000000036314                tcp_output_count
                0x0000000000036318                csma_transmission_count
                0x000000000003631c                dao_ack_fwd_count
                0x0000000000036320                COOJA_radioRxLong
                0x0000000000036324                cxmac_collision_count
                0x0000000000036328                cxmac_retransmission_count
                0x000000000003632c                control_message_count
                0x0000000000036330                dao_count
                0x0000000000036334                icmp_count
                0x0000000000036338                COOJA_radioTx
                0x000000000003633c                referenceVar
                0x0000000000036340                cxmac_transmission_count
                0x0000000000036344                dao_ack_count
                0x0000000000036348                data_message_count
                0x000000000003634c                COOJA_radioTxLong
                0x0000000000036350                COOJA_radioRx
                0x0000000000036354                debugfp
                0x0000000000036358                COOJA_radioOn
                0x000000000003635c                LSA_count
                0x0000000000036360                dao_fwd_count
                0x0000000000036364                COOJA_duration
                0x0000000000036368                dio_ack_count
                0x000000000003636c                COOJA_radioOnLong
                0x0000000000036370                sensors_flags
                0x0000000000036374                data_fwd_count
 COMMON         0x0000000000036378        0xc obj_cooja/mtype897.a(simEnvChange.o)
                0x0000000000036378                simEtimerPending
                0x000000000003637c                simProcessRunValue
                0x0000000000036380                simNextExpirationTime
 COMMON         0x0000000000036384        0x1 obj_cooja/mtype897.a(beep.o)
                0x0000000000036384                simBeeped
 COMMON         0x0000000000036385        0x3 obj_cooja/mtype897.a(button-sensor.o)
                0x0000000000036385                simButtonIsActive
                0x0000000000036386                simButtonIsDown
                0x0000000000036387                simButtonChanged
 COMMON         0x0000000000036388        0x1 obj_cooja/mtype897.a(leds-arch.o)
                0x0000000000036388                simLedsValue
 *fill*         0x0000000000036389        0x3 
 COMMON         0x000000000003638c        0xc obj_cooja/mtype897.a(moteid.o)
                0x000000000003638c                simRandomSeed
                0x0000000000036390                simMoteIDChanged
                0x0000000000036394                simMoteID
 COMMON         0x0000000000036398        0x2 obj_cooja/mtype897.a(pir-sensor.o)
                0x0000000000036398                simPirIsActive
                0x0000000000036399                simPirChanged
 *fill*         0x000000000003639a        0x6 
 COMMON         0x00000000000363a0      0x820 obj_cooja/mtype897.a(rs232.o)
                0x00000000000363a0                simSerialReceivingFlag
                0x00000000000363a4                simSerialReceivingLength
                0x00000000000363c0                simSerialReceivingData
 COMMON         0x0000000000036bc0        0x2 obj_cooja/mtype897.a(vib-sensor.o)
                0x0000000000036bc0                simVibChanged
                0x0000000000036bc1                simVibIsActive
 *fill*         0x0000000000036bc2        0x2 
 COMMON         0x0000000000036bc4        0x4 obj_cooja/mtype897.a(clock.o)
                0x0000000000036bc4                simCurrentTime
 *fill*         0x0000000000036bc8       0x18 
 COMMON         0x0000000000036be0      0x420 obj_cooja/mtype897.a(log.o)
                0x0000000000036be0                simLoggedLength
                0x0000000000036be4                simLoggedFlag
                0x0000000000036c00                simLoggedData
 COMMON         0x0000000000037000      0x260 obj_cooja/mtype897.a(cooja-radio.o)
                0x0000000000037000                simOutDataBuffer
                0x0000000000037080                simRadioTarget
                0x00000000000370a0                simInDataBufferLR
                0x0000000000037120                packet_forwarding
                0x0000000000037140                simOutDataBufferLR
                0x00000000000371c0                dual_duty_cycle_count
                0x00000000000371e0                simInDataBuffer
 COMMON         0x0000000000037260      0x400 obj_cooja/mtype897.a(eeprom.o)
                0x0000000000037260                simEEPROMData
 COMMON         0x0000000000037660        0x1 obj_cooja/mtype897.a(sensors.o)
                0x0000000000037660                sensors_event
 *fill*         0x0000000000037661        0x3 
 COMMON         0x0000000000037664        0x4 obj_cooja/mtype897.a(log_message.o)
                0x0000000000037664                log_fp
 COMMON         0x0000000000037668        0x1 obj_cooja/mtype897.a(serial-line.o)
                0x0000000000037668                serial_line_event_message
 *fill*         0x0000000000037669       0x17 
 COMMON         0x0000000000037680      0x1f4 obj_cooja/mtype897.a(uip-ds6-nbr.o)
                0x0000000000037680                ds6_lr_addrmap
 *fill*         0x0000000000037874        0xc 
 COMMON         0x0000000000037880      0x298 obj_cooja/mtype897.a(uip-ds6.o)
                0x0000000000037880                uip_ds6_prefix_list
                0x00000000000378e0                uip_ds6_timer_periodic
                0x00000000000378f0                uip_ds6_netif_addr_list_offset
                0x0000000000037900                uip_ds6_if
                0x00000000000379f8                uip_ds6_timer_ra
                0x0000000000037a00                uip_ds6_addr_size
                0x0000000000037a20                long_uip_ds6_if
 *fill*         0x0000000000037b18        0x8 
 COMMON         0x0000000000037b20      0x8ec obj_cooja/mtype897.a(uip6.o)
                0x0000000000037b20                uip_slen
                0x0000000000037b22                uip_acc32
                0x0000000000037b40                uip_conns
                0x0000000000037c00                uip_lladdr
                0x0000000000037c08                uip_appdata
                0x0000000000037c0c                uip_flags
                0x0000000000037c20                uip_aligned_buf
                0x0000000000038260                uip_listenports
                0x0000000000038270                uip_len
                0x0000000000038272                uip_long_lladdr
                0x000000000003827c                uip_sappdata
                0x0000000000038280                uip_udp_conns
                0x0000000000038400                uip_udp_conn
                0x0000000000038404                uip_next_hdr
                0x0000000000038408                uip_conn
 COMMON         0x000000000003840c        0x1 obj_cooja/mtype897.a(tcpip.o)
                0x000000000003840c                tcpip_event
 *fill*         0x000000000003840d       0x13 
 COMMON         0x0000000000038420      0x178 obj_cooja/mtype897.a(rpl-dag.o)
                0x0000000000038420                default_instance
                0x0000000000038440                instance_table
 COMMON         0x0000000000038598       0x10 obj_cooja/mtype897.a(linkaddr.o)
                0x0000000000038598                linkaddr_node_addr
                0x00000000000385a0                long_linkaddr_node_addr
 COMMON         0x00000000000385a8       0x2e obj_cooja/mtype897.a(packetbuf.o)
                0x00000000000385a8                packetbuf_attrs
                0x00000000000385c6                packetbuf_addrs
 *fill*         0x00000000000385d6        0xa 
 COMMON         0x00000000000385e0       0x48 obj_cooja/mtype897.a(rimestats.o)
                0x00000000000385e0                rimestats
                0x0000000000038628                . = ALIGN ((. != 0x0)?0x4:0x1)
                0x0000000000038628                . = ALIGN (0x4)
                0x0000000000038628                . = SEGMENT_START ("ldata-segment", .)
                0x0000000000038628                . = ALIGN (0x4)
                0x0000000000038628                _end = .
                0x0000000000038628                PROVIDE (end, .)
                0x0000000000038628                . = DATA_SEGMENT_END (.)

.stab
 *(.stab)

.stabstr
 *(.stabstr)

.stab.excl
 *(.stab.excl)

.stab.exclstr
 *(.stab.exclstr)

.stab.index
 *(.stab.index)

.stab.indexstr
 *(.stab.indexstr)

.comment        0x0000000000000000       0x29
 *(.comment)
 .comment       0x0000000000000000       0x29 /usr/lib/gcc/i686-linux-gnu/4.8/crtbeginS.o
                                         0x2a (size before relaxing)
 .comment       0x0000000000000000       0x2a udp-server.co
 .comment       0x0000000000000000       0x2a obj_cooja/mtype897.o
 .comment       0x0000000000000000       0x2a obj_cooja/mtype897.a(simEnvChange.o)
 .comment       0x0000000000000000       0x2a obj_cooja/mtype897.a(cooja_mt.o)
 .comment       0x0000000000000000       0x2a obj_cooja/mtype897.a(cooja_mtarch.o)
 .comment       0x0000000000000000       0x2a obj_cooja/mtype897.a(rtimer-arch.o)
 .comment       0x0000000000000000       0x2a obj_cooja/mtype897.a(beep.o)
 .comment       0x0000000000000000       0x2a obj_cooja/mtype897.a(button-sensor.o)
 .comment       0x0000000000000000       0x2a obj_cooja/mtype897.a(leds-arch.o)
 .comment       0x0000000000000000       0x2a obj_cooja/mtype897.a(moteid.o)
 .comment       0x0000000000000000       0x2a obj_cooja/mtype897.a(pir-sensor.o)
 .comment       0x0000000000000000       0x2a obj_cooja/mtype897.a(rs232.o)
 .comment       0x0000000000000000       0x2a obj_cooja/mtype897.a(vib-sensor.o)
 .comment       0x0000000000000000       0x2a obj_cooja/mtype897.a(clock.o)
 .comment       0x0000000000000000       0x2a obj_cooja/mtype897.a(log.o)
 .comment       0x0000000000000000       0x2a obj_cooja/mtype897.a(cfs-cooja.o)
 .comment       0x0000000000000000       0x2a obj_cooja/mtype897.a(cooja-radio.o)
 .comment       0x0000000000000000       0x2a obj_cooja/mtype897.a(eeprom.o)
 .comment       0x0000000000000000       0x2a obj_cooja/mtype897.a(random.o)
 .comment       0x0000000000000000       0x2a obj_cooja/mtype897.a(sensors.o)
 .comment       0x0000000000000000       0x2a obj_cooja/mtype897.a(leds.o)
 .comment       0x0000000000000000       0x2a obj_cooja/mtype897.a(dual_conf.o)
 .comment       0x0000000000000000       0x2a obj_cooja/mtype897.a(autostart.o)
 .comment       0x0000000000000000       0x2a obj_cooja/mtype897.a(ctimer.o)
 .comment       0x0000000000000000       0x2a obj_cooja/mtype897.a(etimer.o)
 .comment       0x0000000000000000       0x2a obj_cooja/mtype897.a(log_message.o)
 .comment       0x0000000000000000       0x2a obj_cooja/mtype897.a(process.o)
 .comment       0x0000000000000000       0x2a obj_cooja/mtype897.a(residual.o)
 .comment       0x0000000000000000       0x2a obj_cooja/mtype897.a(rtimer.o)
 .comment       0x0000000000000000       0x2a obj_cooja/mtype897.a(timer.o)
 .comment       0x0000000000000000       0x2a obj_cooja/mtype897.a(serial-line.o)
 .comment       0x0000000000000000       0x2a obj_cooja/mtype897.a(list.o)
 .comment       0x0000000000000000       0x2a obj_cooja/mtype897.a(ringbuf.o)
 .comment       0x0000000000000000       0x2a obj_cooja/mtype897.a(sicslowpan.o)
 .comment       0x0000000000000000       0x2a obj_cooja/mtype897.a(uip-ds6-nbr.o)
 .comment       0x0000000000000000       0x2a obj_cooja/mtype897.a(uip-ds6.o)
 .comment       0x0000000000000000       0x2a obj_cooja/mtype897.a(uip6.o)
 .comment       0x0000000000000000       0x2a obj_cooja/mtype897.a(tcpip.o)
 .comment       0x0000000000000000       0x2a obj_cooja/mtype897.a(uip-debug.o)
 .comment       0x0000000000000000       0x2a obj_cooja/mtype897.a(uip-packetqueue)
 .comment       0x0000000000000000       0x2a obj_cooja/mtype897.a(rpl-dag.o)
 .comment       0x0000000000000000       0x2a obj_cooja/mtype897.a(rpl-ext-header.)
 .comment       0x0000000000000000       0x2a obj_cooja/mtype897.a(rpl-icmp6.o)
 .comment       0x0000000000000000       0x2a obj_cooja/mtype897.a(rpl-ltmax.o)
 .comment       0x0000000000000000       0x2a obj_cooja/mtype897.a(rpl-timers.o)
 .comment       0x0000000000000000       0x2a obj_cooja/mtype897.a(rpl.o)
 .comment       0x0000000000000000       0x2a obj_cooja/mtype897.a(csma.o)
 .comment       0x0000000000000000       0x2a obj_cooja/mtype897.a(framer-802154.o)
 .comment       0x0000000000000000       0x2a obj_cooja/mtype897.a(mac.o)
 .comment       0x0000000000000000       0x2a obj_cooja/mtype897.a(cxmac.o)
 .comment       0x0000000000000000       0x2a obj_cooja/mtype897.a(linkaddr.o)
 .comment       0x0000000000000000       0x2a obj_cooja/mtype897.a(nbr-table.o)
 .comment       0x0000000000000000       0x2a obj_cooja/mtype897.a(netstack.o)
 .comment       0x0000000000000000       0x2a obj_cooja/mtype897.a(packetbuf.o)
 .comment       0x0000000000000000       0x2a obj_cooja/mtype897.a(queuebuf.o)
 .comment       0x0000000000000000       0x2a obj_cooja/mtype897.a(nullsec.o)
 .comment       0x0000000000000000       0x2a obj_cooja/mtype897.a(watchdog.o)
 .comment       0x0000000000000000       0x2a obj_cooja/mtype897.a(rimestats.o)
 .comment       0x0000000000000000       0x2a obj_cooja/mtype897.a(stimer.o)
 .comment       0x0000000000000000       0x2a obj_cooja/mtype897.a(memb.o)
 .comment       0x0000000000000000       0x2a obj_cooja/mtype897.a(uip-ds6-route.o)
 .comment       0x0000000000000000       0x2a obj_cooja/mtype897.a(uip-icmp6.o)
 .comment       0x0000000000000000       0x2a obj_cooja/mtype897.a(uip-nd6.o)
 .comment       0x0000000000000000       0x2a obj_cooja/mtype897.a(rpl-nbr-policy.)
 .comment       0x0000000000000000       0x2a obj_cooja/mtype897.a(frame802154.o)
 .comment       0x0000000000000000       0x2a /usr/lib/gcc/i686-linux-gnu/4.8/crtendS.o

.debug
 *(.debug)

.line
 *(.line)

.debug_srcinfo
 *(.debug_srcinfo)

.debug_sfnames
 *(.debug_sfnames)

.debug_aranges  0x0000000000000000      0x818
 *(.debug_aranges)
 .debug_aranges
                0x0000000000000000       0x20 udp-server.co
 .debug_aranges
                0x0000000000000020       0x20 obj_cooja/mtype897.o
 .debug_aranges
                0x0000000000000040       0x20 obj_cooja/mtype897.a(simEnvChange.o)
 .debug_aranges
                0x0000000000000060       0x20 obj_cooja/mtype897.a(cooja_mt.o)
 .debug_aranges
                0x0000000000000080       0x20 obj_cooja/mtype897.a(cooja_mtarch.o)
 .debug_aranges
                0x00000000000000a0       0x20 obj_cooja/mtype897.a(rtimer-arch.o)
 .debug_aranges
                0x00000000000000c0       0x20 obj_cooja/mtype897.a(beep.o)
 .debug_aranges
                0x00000000000000e0       0x20 obj_cooja/mtype897.a(button-sensor.o)
 .debug_aranges
                0x0000000000000100       0x20 obj_cooja/mtype897.a(leds-arch.o)
 .debug_aranges
                0x0000000000000120       0x20 obj_cooja/mtype897.a(moteid.o)
 .debug_aranges
                0x0000000000000140       0x20 obj_cooja/mtype897.a(pir-sensor.o)
 .debug_aranges
                0x0000000000000160       0x20 obj_cooja/mtype897.a(rs232.o)
 .debug_aranges
                0x0000000000000180       0x20 obj_cooja/mtype897.a(vib-sensor.o)
 .debug_aranges
                0x00000000000001a0       0x20 obj_cooja/mtype897.a(clock.o)
 .debug_aranges
                0x00000000000001c0       0x20 obj_cooja/mtype897.a(log.o)
 .debug_aranges
                0x00000000000001e0       0x20 obj_cooja/mtype897.a(cfs-cooja.o)
 .debug_aranges
                0x0000000000000200       0x20 obj_cooja/mtype897.a(cooja-radio.o)
 .debug_aranges
                0x0000000000000220       0x20 obj_cooja/mtype897.a(eeprom.o)
 .debug_aranges
                0x0000000000000240       0x20 obj_cooja/mtype897.a(random.o)
 .debug_aranges
                0x0000000000000260       0x20 obj_cooja/mtype897.a(sensors.o)
 .debug_aranges
                0x0000000000000280       0x20 obj_cooja/mtype897.a(leds.o)
 .debug_aranges
                0x00000000000002a0       0x20 obj_cooja/mtype897.a(dual_conf.o)
 .debug_aranges
                0x00000000000002c0       0x20 obj_cooja/mtype897.a(autostart.o)
 .debug_aranges
                0x00000000000002e0       0x20 obj_cooja/mtype897.a(ctimer.o)
 .debug_aranges
                0x0000000000000300       0x20 obj_cooja/mtype897.a(etimer.o)
 .debug_aranges
                0x0000000000000320       0x20 obj_cooja/mtype897.a(log_message.o)
 .debug_aranges
                0x0000000000000340       0x20 obj_cooja/mtype897.a(process.o)
 .debug_aranges
                0x0000000000000360       0x20 obj_cooja/mtype897.a(residual.o)
 .debug_aranges
                0x0000000000000380       0x20 obj_cooja/mtype897.a(rtimer.o)
 .debug_aranges
                0x00000000000003a0       0x20 obj_cooja/mtype897.a(timer.o)
 .debug_aranges
                0x00000000000003c0       0x20 obj_cooja/mtype897.a(serial-line.o)
 .debug_aranges
                0x00000000000003e0       0x20 obj_cooja/mtype897.a(list.o)
 .debug_aranges
                0x0000000000000400       0x20 obj_cooja/mtype897.a(ringbuf.o)
 .debug_aranges
                0x0000000000000420       0x20 obj_cooja/mtype897.a(sicslowpan.o)
 .debug_aranges
                0x0000000000000440       0x20 obj_cooja/mtype897.a(uip-ds6-nbr.o)
 .debug_aranges
                0x0000000000000460       0x20 obj_cooja/mtype897.a(uip-ds6.o)
 .debug_aranges
                0x0000000000000480       0x20 obj_cooja/mtype897.a(uip6.o)
 .debug_aranges
                0x00000000000004a0       0x20 obj_cooja/mtype897.a(tcpip.o)
 .debug_aranges
                0x00000000000004c0       0x20 obj_cooja/mtype897.a(uip-debug.o)
 .debug_aranges
                0x00000000000004e0       0x20 obj_cooja/mtype897.a(uip-packetqueue)
 .debug_aranges
                0x0000000000000500       0x20 obj_cooja/mtype897.a(rpl-dag.o)
 .debug_aranges
                0x0000000000000520       0x20 obj_cooja/mtype897.a(rpl-ext-header.)
 .debug_aranges
                0x0000000000000540       0x20 obj_cooja/mtype897.a(rpl-icmp6.o)
 .debug_aranges
                0x0000000000000560       0x20 obj_cooja/mtype897.a(rpl-ltmax.o)
 .debug_aranges
                0x0000000000000580       0x20 obj_cooja/mtype897.a(rpl-timers.o)
 .debug_aranges
                0x00000000000005a0       0x20 obj_cooja/mtype897.a(rpl.o)
 .debug_aranges
                0x00000000000005c0       0x20 obj_cooja/mtype897.a(csma.o)
 .debug_aranges
                0x00000000000005e0       0x20 obj_cooja/mtype897.a(framer-802154.o)
 .debug_aranges
                0x0000000000000600       0x20 obj_cooja/mtype897.a(mac.o)
 .debug_aranges
                0x0000000000000620       0x20 obj_cooja/mtype897.a(cxmac.o)
 .debug_aranges
                0x0000000000000640       0x20 obj_cooja/mtype897.a(linkaddr.o)
 .debug_aranges
                0x0000000000000660       0x20 obj_cooja/mtype897.a(nbr-table.o)
 .debug_aranges
                0x0000000000000680       0x20 obj_cooja/mtype897.a(netstack.o)
 .debug_aranges
                0x00000000000006a0       0x20 obj_cooja/mtype897.a(packetbuf.o)
 .debug_aranges
                0x00000000000006c0       0x20 obj_cooja/mtype897.a(queuebuf.o)
 .debug_aranges
                0x00000000000006e0       0x20 obj_cooja/mtype897.a(nullsec.o)
 .debug_aranges
                0x0000000000000700       0x20 obj_cooja/mtype897.a(watchdog.o)
 .debug_aranges
                0x0000000000000720       0x18 obj_cooja/mtype897.a(rimestats.o)
 .debug_aranges
                0x0000000000000738       0x20 obj_cooja/mtype897.a(stimer.o)
 .debug_aranges
                0x0000000000000758       0x20 obj_cooja/mtype897.a(memb.o)
 .debug_aranges
                0x0000000000000778       0x20 obj_cooja/mtype897.a(uip-ds6-route.o)
 .debug_aranges
                0x0000000000000798       0x20 obj_cooja/mtype897.a(uip-icmp6.o)
 .debug_aranges
                0x00000000000007b8       0x20 obj_cooja/mtype897.a(uip-nd6.o)
 .debug_aranges
                0x00000000000007d8       0x20 obj_cooja/mtype897.a(rpl-nbr-policy.)
 .debug_aranges
                0x00000000000007f8       0x20 obj_cooja/mtype897.a(frame802154.o)

.debug_pubnames
 *(.debug_pubnames)

.debug_info     0x0000000000000000    0x1e03e
 *(.debug_info .gnu.linkonce.wi.*)
 .debug_info    0x0000000000000000      0xe90 udp-server.co
 .debug_info    0x0000000000000e90     0x3b8f obj_cooja/mtype897.o
 .debug_info    0x0000000000004a1f      0x15a obj_cooja/mtype897.a(simEnvChange.o)
 .debug_info    0x0000000000004b79      0x1e2 obj_cooja/mtype897.a(cooja_mt.o)
 .debug_info    0x0000000000004d5b      0x2e7 obj_cooja/mtype897.a(cooja_mtarch.o)
 .debug_info    0x0000000000005042      0x16b obj_cooja/mtype897.a(rtimer-arch.o)
 .debug_info    0x00000000000051ad      0x1f3 obj_cooja/mtype897.a(beep.o)
 .debug_info    0x00000000000053a0      0x257 obj_cooja/mtype897.a(button-sensor.o)
 .debug_info    0x00000000000055f7      0x132 obj_cooja/mtype897.a(leds-arch.o)
 .debug_info    0x0000000000005729      0x10a obj_cooja/mtype897.a(moteid.o)
 .debug_info    0x0000000000005833      0x216 obj_cooja/mtype897.a(pir-sensor.o)
 .debug_info    0x0000000000005a49      0x21e obj_cooja/mtype897.a(rs232.o)
 .debug_info    0x0000000000005c67      0x216 obj_cooja/mtype897.a(vib-sensor.o)