Archive member included to satisfy reference by file (symbol)

obj_cooja/mtype206.a(simEnvChange.o)
                              obj_cooja/mtype206.o (simDontFallAsleep)
obj_cooja/mtype206.a(cooja_mt.o)
                              obj_cooja/mtype206.o (cooja_mt_start)
obj_cooja/mtype206.a(cooja_mtarch.o)
                              obj_cooja/mtype206.a(cooja_mt.o) (cooja_mtarch_init)
obj_cooja/mtype206.a(rtimer-arch.o)
                              obj_cooja/mtype206.o (rtimer_arch_next)
obj_cooja/mtype206.a(beep.o)  obj_cooja/mtype206.o (beep_interface)
obj_cooja/mtype206.a(button-sensor.o)
                              obj_cooja/mtype206.o (button_interface)
obj_cooja/mtype206.a(leds-arch.o)
                              obj_cooja/mtype206.o (leds_interface)
obj_cooja/mtype206.a(moteid.o)
                              obj_cooja/mtype206.o (moteid_interface)
obj_cooja/mtype206.a(pir-sensor.o)
                              obj_cooja/mtype206.o (pir_interface)
obj_cooja/mtype206.a(rs232.o)
                              obj_cooja/mtype206.o (rs232_interface)
obj_cooja/mtype206.a(vib-sensor.o)
                              obj_cooja/mtype206.o (vib_interface)
obj_cooja/mtype206.a(clock.o)
                              obj_cooja/mtype206.o (clock_interface)
obj_cooja/mtype206.a(log.o)   obj_cooja/mtype206.o (simlog_interface)
obj_cooja/mtype206.a(cfs-cooja.o)
                              obj_cooja/mtype206.o (cfs_interface)
obj_cooja/mtype206.a(cooja-radio.o)
                              obj_cooja/mtype206.o (radio_interface)
obj_cooja/mtype206.a(eeprom.o)
                              obj_cooja/mtype206.o (eeprom_interface)
obj_cooja/mtype206.a(random.o)
                              obj_cooja/mtype206.a(moteid.o) (random_init)
obj_cooja/mtype206.a(sensors.o)
                              obj_cooja/mtype206.o (sensors_process)
obj_cooja/mtype206.a(autostart.o)
                              obj_cooja/mtype206.o (autostart_start)
obj_cooja/mtype206.a(ctimer.o)
                              obj_cooja/mtype206.o (ctimer_init)
obj_cooja/mtype206.a(etimer.o)
                              obj_cooja/mtype206.o (etimer_process)
obj_cooja/mtype206.a(log_message.o)
                              obj_cooja/mtype206.o (log_initialization)
obj_cooja/mtype206.a(process.o)
                              udp-client.co (process_current)
obj_cooja/mtype206.a(residual.o)
                              udp-client.co (DISSIPATION_RATE)
obj_cooja/mtype206.a(rtimer.o)
                              obj_cooja/mtype206.a(rtimer-arch.o) (rtimer_run_next)
obj_cooja/mtype206.a(stimer.o)
                              udp-client.co (stimer_remaining)
obj_cooja/mtype206.a(timer.o)
                              obj_cooja/mtype206.a(button-sensor.o) (timer_set)
obj_cooja/mtype206.a(serial-line.o)
                              udp-client.co (serial_line_event_message)
obj_cooja/mtype206.a(list.o)  obj_cooja/mtype206.a(ctimer.o) (list_init)
obj_cooja/mtype206.a(ringbuf.o)
                              obj_cooja/mtype206.a(serial-line.o) (ringbuf_init)
obj_cooja/mtype206.a(sicslowpan.o)
                              obj_cooja/mtype206.o (sicslowpan_driver)
obj_cooja/mtype206.a(uip-ds6-nbr.o)
                              obj_cooja/mtype206.a(sicslowpan.o) (uip_ds6_link_neighbor_callback)
obj_cooja/mtype206.a(uip-ds6-route.o)
                              udp-client.co (uip_ds6_route_nexthop)
obj_cooja/mtype206.a(uip-ds6.o)
                              udp-client.co (uip_ds6_if)
obj_cooja/mtype206.a(uip6.o)  udp-client.co (uip_lladdr)
obj_cooja/mtype206.a(tcpip.o)
                              udp-client.co (tcpip_event)
obj_cooja/mtype206.a(uip-debug.o)
                              udp-client.co (uip_debug_ipaddr_print)
obj_cooja/mtype206.a(uip-packetqueue)
                              obj_cooja/mtype206.a(uip-ds6-nbr.o) (uip_packetqueue_new)
obj_cooja/mtype206.a(uip-udp-packet.)
                              udp-client.co (uip_udp_packet_sendto)
obj_cooja/mtype206.a(rpl-dag.o)
                              udp-client.co (rpl_parents)
obj_cooja/mtype206.a(rpl-ext-header.)
                              obj_cooja/mtype206.a(uip6.o) (rpl_verify_header)
obj_cooja/mtype206.a(rpl-icmp6.o)
                              obj_cooja/mtype206.a(rpl-dag.o) (rpl_icmp6_update_nbr_table)
obj_cooja/mtype206.a(rpl-ltmax.o)
                              obj_cooja/mtype206.a(rpl-dag.o) (rpl_ltmax_of)
obj_cooja/mtype206.a(rpl-timers.o)
                              obj_cooja/mtype206.a(rpl-dag.o) (rpl_reset_dio_timer)
obj_cooja/mtype206.a(rpl.o)   obj_cooja/mtype206.a(rpl-icmp6.o) (rpl_get_mode)
obj_cooja/mtype206.a(csma.o)  obj_cooja/mtype206.o (csma_driver)
obj_cooja/mtype206.a(framer-802154.o)
                              obj_cooja/mtype206.a(sicslowpan.o) (framer_802154)
obj_cooja/mtype206.a(mac.o)   obj_cooja/mtype206.a(csma.o) (mac_call_sent_callback)
obj_cooja/mtype206.a(cxmac.o)
                              obj_cooja/mtype206.o (cxmac_driver)
[...]
Memory Configuration

Name             Origin             Length             Attributes
*default*        0x0000000000000000 0xffffffffffffffff

Linker script and memory map

LOAD /usr/lib/gcc/i686-linux-gnu/4.8/../../../i386-linux-gnu/crti.o
LOAD /usr/lib/gcc/i686-linux-gnu/4.8/crtbeginS.o
LOAD udp-client.co
LOAD obj_cooja/mtype206.o
LOAD obj_cooja/mtype206.a
LOAD /usr/lib/gcc/i686-linux-gnu/4.8/libgcc.a
LOAD /usr/lib/gcc/i686-linux-gnu/4.8/libgcc_s.so
LOAD /usr/lib/gcc/i686-linux-gnu/4.8/../../../i386-linux-gnu/libc.so
START GROUP
LOAD /lib/i386-linux-gnu/libc.so.6
LOAD /usr/lib/i386-linux-gnu/libc_nonshared.a
LOAD /lib/i386-linux-gnu/ld-linux.so.2
END GROUP
LOAD /usr/lib/gcc/i686-linux-gnu/4.8/libgcc.a
LOAD /usr/lib/gcc/i686-linux-gnu/4.8/libgcc_s.so
LOAD /usr/lib/gcc/i686-linux-gnu/4.8/crtendS.o
LOAD /usr/lib/gcc/i686-linux-gnu/4.8/../../../i386-linux-gnu/crtn.o
                0x0000000000000114                . = (0x0 + SIZEOF_HEADERS)

.note.gnu.build-id
                0x0000000000000114       0x24
 *(.note.gnu.build-id)
 .note.gnu.build-id
                0x0000000000000114       0x24 /usr/lib/gcc/i686-linux-gnu/4.8/../../../i386-linux-gnu/crti.o

.hash
 *(.hash)

.gnu.hash       0x0000000000000138     0x130c
 *(.gnu.hash)
 .gnu.hash      0x0000000000000138     0x130c /usr/lib/gcc/i686-linux-gnu/4.8/../../../i386-linux-gnu/crti.o

.dynsym         0x0000000000001444     0x24a0
 *(.dynsym)
 .dynsym        0x0000000000001444     0x24a0 /usr/lib/gcc/i686-linux-gnu/4.8/../../../i386-linux-gnu/crti.o

.dynstr         0x00000000000038e4     0x2577
 *(.dynstr)
 .dynstr        0x00000000000038e4     0x2577 /usr/lib/gcc/i686-linux-gnu/4.8/../../../i386-linux-gnu/crti.o

.gnu.version    0x0000000000005e5c      0x494
 *(.gnu.version)
 .gnu.version   0x0000000000005e5c      0x494 /usr/lib/gcc/i686-linux-gnu/4.8/../../../i386-linux-gnu/crti.o

.gnu.version_d  0x00000000000062f0        0x0
 *(.gnu.version_d)
 .gnu.version_d
                0x0000000000000000        0x0 /usr/lib/gcc/i686-linux-gnu/4.8/../../../i386-linux-gnu/crti.o

.gnu.version_r  0x00000000000062f0       0x50
 *(.gnu.version_r)
 .gnu.version_r
                0x00000000000062f0       0x50 /usr/lib/gcc/i686-linux-gnu/4.8/../../../i386-linux-gnu/crti.o

.rel.dyn        0x0000000000006340     0x8d90
 *(.rel.init)
 .rel.init      0x0000000000000000        0x0 /usr/lib/gcc/i686-linux-gnu/4.8/../../../i386-linux-gnu/crti.o
 *(.rel.text .rel.text.* .rel.gnu.linkonce.t.*)
 .rel.text      0x0000000000006340     0x85d8 /usr/lib/gcc/i686-linux-gnu/4.8/../../../i386-linux-gnu/crti.o
 *(.rel.fini)
 .rel.fini      0x0000000000000000        0x0 /usr/lib/gcc/i686-linux-gnu/4.8/../../../i386-linux-gnu/crti.o
 *(.rel.rodata .rel.rodata.* .rel.gnu.linkonce.r.*)
 .rel.rodata    0x000000000000e918      0x4e0 /usr/lib/gcc/i686-linux-gnu/4.8/../../../i386-linux-gnu/crti.o
 *(.rel.data.rel.ro .rel.data.rel.ro.* .rel.gnu.linkonce.d.rel.ro.*)
 *(.rel.data .rel.data.* .rel.gnu.linkonce.d.*)
 .rel.data.rel  0x000000000000edf8        0x8 /usr/lib/gcc/i686-linux-gnu/4.8/../../../i386-linux-gnu/crti.o
 .rel.data      0x000000000000ee00      0x298 /usr/lib/gcc/i686-linux-gnu/4.8/../../../i386-linux-gnu/crti.o
 *(.rel.tdata .rel.tdata.* .rel.gnu.linkonce.td.*)
 *(.rel.tbss .rel.tbss.* .rel.gnu.linkonce.tb.*)
 *(.rel.ctors)
 *(.rel.dtors)
 *(.rel.got)
 .rel.got       0x000000000000f098       0x28 /usr/lib/gcc/i686-linux-gnu/4.8/../../../i386-linux-gnu/crti.o
 *(.rel.bss .rel.bss.* .rel.gnu.linkonce.b.*)
 *(.rel.ifunc)
 .rel.ifunc     0x0000000000000000        0x0 /usr/lib/gcc/i686-linux-gnu/4.8/../../../i386-linux-gnu/crti.o
 .rel.fini_array
                0x000000000000f0c0        0x8 /usr/lib/gcc/i686-linux-gnu/4.8/../../../i386-linux-gnu/crti.o
 .rel.init_array
                0x000000000000f0c8        0x8 /usr/lib/gcc/i686-linux-gnu/4.8/../../../i386-linux-gnu/crti.o

.rel.plt        0x000000000000f0d0       0x10
 *(.rel.plt)
 .rel.plt       0x000000000000f0d0       0x10 /usr/lib/gcc/i686-linux-gnu/4.8/../../../i386-linux-gnu/crti.o
 *(.rel.iplt)

.init           0x000000000000f0e0       0x23
 *(SORT(.init))
 .init          0x000000000000f0e0       0x1e /usr/lib/gcc/i686-linux-gnu/4.8/../../../i386-linux-gnu/crti.o
                0x000000000000f0e0                _init
 .init          0x000000000000f0fe        0x5 /usr/lib/gcc/i686-linux-gnu/4.8/../../../i386-linux-gnu/crtn.o

.plt            0x000000000000f110       0x30
 *(.plt)
 .plt           0x000000000000f110       0x30 /usr/lib/gcc/i686-linux-gnu/4.8/../../../i386-linux-gnu/crti.o
 *(.iplt)

.text           0x000000000000f140    0x15bdd
 *(.text.unlikely .text.*_unlikely .text.unlikely.*)
 *(.text.exit .text.exit.*)
 *(.text.startup .text.startup.*)
 *(.text.hot .text.hot.*)
 *(.text .stub .text.* .gnu.linkonce.t.*)
 .text          0x000000000000f140        0x0 /usr/lib/gcc/i686-linux-gnu/4.8/../../../i386-linux-gnu/crti.o
 .gnu.linkonce.t.__x86.get_pc_thunk.bx
                0x000000000000f140        0x4 /usr/lib/gcc/i686-linux-gnu/4.8/../../../i386-linux-gnu/crti.o
                0x000000000000f140                __x86.get_pc_thunk.bx
 *fill*         0x000000000000f144        0xc 
 .text          0x000000000000f150      0x11b /usr/lib/gcc/i686-linux-gnu/4.8/crtbeginS.o
 .text          0x000000000000f26b      0x9ea udp-client.co
 .text          0x000000000000fc55      0x734 obj_cooja/mtype206.o
                0x000000000000fd8b                contiki_init
                0x00000000000101a0                Java_org_contikios_cooja_corecomm_Lib10_init
                0x00000000000101e0                Java_org_contikios_cooja_corecomm_Lib10_getMemory
                0x0000000000010220                Java_org_contikios_cooja_corecomm_Lib10_setMemory
                0x0000000000010297                Java_org_contikios_cooja_corecomm_Lib10_tick
                0x0000000000010377                Java_org_contikios_cooja_corecomm_Lib10_setReferenceAddress
 .text          0x0000000000010389       0x63 obj_cooja/mtype206.a(simEnvChange.o)
                0x0000000000010389                doActionsBeforeTick
                0x00000000000103ba                doActionsAfterTick
 .text          0x00000000000103ec       0xbc obj_cooja/mtype206.a(cooja_mt.o)
                0x00000000000103ec                cooja_mt_init
                0x00000000000103f9                cooja_mt_remove
                0x0000000000010406                cooja_mt_start
                0x0000000000010433                cooja_mt_exec
                0x0000000000010464                cooja_mt_exit
                0x0000000000010486                cooja_mt_yield
 .text          0x00000000000104a8      0x115 obj_cooja/mtype206.a(cooja_mtarch.o)
                0x00000000000104a8                cooja_mtarch_init
                0x00000000000104ad                cooja_mtarch_start
                0x0000000000010528                cooja_sw
                0x000000000001054a                cooja_mtarch_exec
                0x0000000000010566                cooja_mtarch_remove
                0x000000000001056b                cooja_mtarch_yield
                0x0000000000010575                cooja_mtarch_pstop
                0x000000000001057a                cooja_mtarch_pstart
                0x000000000001057f                cooja_mtarch_stack_usage
 .text          0x00000000000105bd       0xc2 obj_cooja/mtype206.a(rtimer-arch.o)
                0x00000000000105bd                rtimer_arch_init
                0x00000000000105e0                rtimer_arch_schedule
                0x00000000000105f7                rtimer_arch_next
                0x0000000000010601                rtimer_arch_pending
                0x000000000001060b                rtimer_arch_check
                0x000000000001063d                rtimer_arch_now
 .text          0x000000000001067f       0x76 obj_cooja/mtype206.a(beep.o)
                0x000000000001067f                beep_alarm
                0x000000000001068b                beep_beep
                0x0000000000010697                beep
                0x00000000000106a3                beep_down
                0x00000000000106af                beep_on
                0x00000000000106bb                beep_off
                0x00000000000106c7                beep_spinup
                0x00000000000106d3                beep_quick
                0x00000000000106df                beep_long
 .text          0x00000000000106f5      0x103 obj_cooja/mtype206.a(button-sensor.o)
 .text          0x00000000000107f8       0x45 obj_cooja/mtype206.a(leds-arch.o)
                0x00000000000107f8                leds_arch_init
                0x0000000000010804                leds_arch_get
                0x0000000000010810                leds_arch_set
 .text          0x000000000001083d       0x2f obj_cooja/mtype206.a(moteid.o)
 .text          0x000000000001086c       0xb1 obj_cooja/mtype206.a(pir-sensor.o)
 .text          0x000000000001091d      0x131 obj_cooja/mtype206.a(rs232.o)
                0x000000000001091d                rs232_init
                0x0000000000010922                rs232_set_speed
                0x0000000000010930                rs232_set_input
                0x000000000001093d                rs232_send
                0x000000000001095f                rs232_print
                0x000000000001097a                slip_arch_writeb
 .text          0x0000000000010a4e       0xb1 obj_cooja/mtype206.a(vib-sensor.o)
 .text          0x0000000000010aff       0x34 obj_cooja/mtype206.a(clock.o)
                0x0000000000010aff                clock_init
                0x0000000000010b04                clock_time
                0x0000000000010b0e                clock_seconds
                0x0000000000010b24                clock_delay
 .text          0x0000000000010b33      0x1ed obj_cooja/mtype206.a(log.o)
                0x0000000000010b33                simlog_char
                0x0000000000010b75                simlog
                0x0000000000010be2                log_message
                0x0000000000010c0a                log_set_putchar_with_slip
                0x0000000000010c17                log_putchar
                0x0000000000010c9b                log_puts
                0x0000000000010cbf                log_printf
 .text          0x0000000000010d20      0x2c4 obj_cooja/mtype206.a(cfs-cooja.o)
                0x0000000000010d20                cfs_open
                0x0000000000010d89                cfs_close
                0x0000000000010d95                cfs_read
                0x0000000000010e33                cfs_write
                0x0000000000010f10                cfs_seek
                0x0000000000010f98                cfs_remove
                0x0000000000010fc1                cfs_opendir
                0x0000000000010fcb                cfs_readdir
                0x0000000000010fd5                cfs_closedir
 .text          0x0000000000010fe4      0x3e8 obj_cooja/mtype206.a(cooja-radio.o)
                0x000000000001100e                radio_set_channel
                0x000000000001101b                radio_set_txpower
                0x0000000000011032                radio_signal_strength_last
                0x000000000001103c                radio_signal_strength_current
                0x0000000000011046                radio_LQI
 .text          0x00000000000113cc       0xef obj_cooja/mtype206.a(eeprom.o)
                0x00000000000113cc                eeprom_init
                0x00000000000113d1                eeprom_read
                0x0000000000011441                eeprom_write
 .text          0x00000000000114bb       0x28 obj_cooja/mtype206.a(random.o)
                0x00000000000114bb                random_init
                0x00000000000114d6                random_rand
 .text          0x00000000000114e3      0x2a1 obj_cooja/mtype206.a(sensors.o)
                0x000000000001151e                sensors_first
                0x0000000000011528                sensors_next
                0x0000000000011545                sensors_changed
                0x0000000000011574                sensors_find
 .text          0x0000000000011784       0x8e obj_cooja/mtype206.a(autostart.o)
                0x0000000000011784                autostart_start
                0x00000000000117cf                autostart_exit
 .text          0x0000000000011812      0x334 obj_cooja/mtype206.a(ctimer.o)
                0x0000000000011929                ctimer_init
                0x0000000000011959                ctimer_set
                0x000000000001198a                ctimer_set_with_process
                0x0000000000011a06                ctimer_reset
                0x0000000000011a55                ctimer_restart
                0x0000000000011aa4                ctimer_stop
                0x0000000000011aef                ctimer_expired
 .text          0x0000000000011b46      0x40b obj_cooja/mtype206.a(etimer.o)
                0x0000000000011d59                etimer_request_poll
                0x0000000000011ddd                etimer_set
                0x0000000000011e02                etimer_reset_with_new_interval
                0x0000000000011e29                etimer_reset
                0x0000000000011e47                etimer_restart
                0x0000000000011e65                etimer_adjust
                0x0000000000011e81                etimer_expired
                0x0000000000011e94                etimer_expiration_time
                0x0000000000011ea6                etimer_start_time
                0x0000000000011eb0                etimer_pending
                0x0000000000011ec2                etimer_next_expiration_time
                0x0000000000011edc                etimer_stop
 .text          0x0000000000011f51      0x220 obj_cooja/mtype206.a(log_message.o)
                0x0000000000011f51                log_initialization
                0x0000000000012150                log_finisher
 .text          0x0000000000012171      0x560 obj_cooja/mtype206.a(process.o)
                0x0000000000012171                process_alloc_event
                0x0000000000012186                process_start
                0x000000000001236f                process_exit
                0x000000000001238b                process_init
                0x000000000001255c                process_run
                0x000000000001258f                process_nevents
                0x00000000000125aa                process_post
                0x0000000000012656                process_post_synch
                0x000000000001268e                process_poll
                0x00000000000126bd                process_is_running
 .text          0x00000000000126d1       0x8b obj_cooja/mtype206.a(residual.o)
                0x00000000000126d1                get_residual_energy
 .text          0x000000000001275c       0xba obj_cooja/mtype206.a(rtimer.o)
                0x000000000001275c                rtimer_init
                0x0000000000012769                rtimer_set
                0x00000000000127c0                rtimer_run_next
 .text          0x0000000000012816       0xa3 obj_cooja/mtype206.a(stimer.o)
                0x0000000000012816                stimer_set
                0x0000000000012831                stimer_reset
                0x0000000000012848                stimer_restart
                0x000000000001285a                stimer_expired
                0x0000000000012881                stimer_remaining
                0x00000000000128a5                stimer_elapsed
 .text          0x00000000000128b9       0x91 obj_cooja/mtype206.a(timer.o)
                0x00000000000128b9                timer_set
                0x00000000000128d4                timer_reset
                0x00000000000128eb                timer_restart
                0x00000000000128fd                timer_expired
                0x0000000000012926                timer_remaining
 .text          0x000000000001294a      0x1fb obj_cooja/mtype206.a(serial-line.o)
                0x000000000001294a                serial_line_input_byte
                0x0000000000012b0d                serial_line_init
 .text          0x0000000000012b45      0x244 obj_cooja/mtype206.a(list.o)
                0x0000000000012b45                list_init
                0x0000000000012b53                list_head
                0x0000000000012b5d                list_copy
                0x0000000000012b6c                list_tail
                0x0000000000012ba2                list_add
                0x0000000000012beb                list_push
                0x0000000000012c17                list_chop
                0x0000000000012c81                list_pop
                0x0000000000012ca9                list_remove
                0x0000000000012d10                list_length
                0x0000000000012d3e                list_insert
                0x0000000000012d72                list_item_next
 .text          0x0000000000012d89      0x155 obj_cooja/mtype206.a(ringbuf.o)
                0x0000000000012d89                ringbuf_init
                0x0000000000012dba                ringbuf_put
                0x0000000000012e38                ringbuf_get
                0x0000000000012ea5                ringbuf_size
                0x0000000000012eb7                ringbuf_elements
 .text          0x0000000000012ede     0x258b obj_cooja/mtype206.a(sicslowpan.o)
                0x0000000000013468                rime_sniffer_add
                0x0000000000013475                rime_sniffer_remove
                0x0000000000015408                sicslowpan_init
                0x000000000001545f                sicslowpan_get_last_rssi
 .text          0x0000000000015469      0x298 obj_cooja/mtype206.a(uip-ds6-nbr.o)
                0x0000000000015486                uip_ds6_neighbors_init
                0x00000000000154a3                uip_ds6_nbr_add
                0x000000000001552b                uip_ds6_nbr_rm
                0x000000000001556d                uip_ds6_nbr_get_ipaddr
                0x0000000000015582                uip_ds6_nbr_get_ll
                0x000000000001559e                uip_ds6_nbr_num
                0x00000000000155e3                uip_ds6_nbr_lookup
                0x0000000000015648                uip_ds6_nbr_ll_lookup
                0x0000000000015664                uip_ds6_nbr_ipaddr_from_lladdr
                0x000000000001568a                uip_ds6_nbr_lladdr_from_ipaddr
                0x00000000000156b8                uip_ds6_link_neighbor_callback
 .text          0x0000000000015701      0x916 obj_cooja/mtype206.a(uip-ds6-route.o)
                0x0000000000015778                uip_ds6_notification_add
                0x00000000000157a9                uip_ds6_notification_rm
                0x00000000000157c5                uip_ds6_route_init
                0x000000000001584d                uip_ds6_route_nexthop
                0x0000000000015875                uip_ds6_route_head
                0x000000000001588a                uip_ds6_route_next
                0x00000000000158b0                uip_ds6_route_is_nexthop
                0x00000000000158ef                uip_ds6_route_num_routes
                0x00000000000158f9                uip_ds6_route_lookup
                0x00000000000159bb                uip_ds6_route_add
                0x0000000000015bef                uip_ds6_route_rm
                0x0000000000015d83                uip_ds6_route_rm_by_nexthop
                0x0000000000015dbb                uip_ds6_defrt_add
                0x0000000000015e6c                uip_ds6_defrt_rm
                0x0000000000015eeb                uip_ds6_defrt_lookup
                0x0000000000015f44                uip_ds6_defrt_choose
                0x0000000000015faf                uip_ds6_defrt_periodic
 .text          0x0000000000016017      0xb97 obj_cooja/mtype206.a(uip-ds6.o)
                0x0000000000016017                uip_ds6_init
                0x00000000000161ea                uip_ds6_periodic
                0x0000000000016263                uip_ds6_list_loop
                0x000000000001630a                uip_ds6_prefix_add
                0x00000000000163c8                uip_ds6_prefix_rm
                0x00000000000163da                uip_ds6_prefix_lookup
                0x000000000001642b                uip_ds6_is_addr_onlink
                0x000000000001649f                uip_ds6_addr_add
                0x00000000000165cd                uip_ds6_addr_rm
                0x000000000001666d                uip_ds6_addr_lookup
                0x00000000000166b8                uip_ds6_get_link_local
                0x0000000000016737                uip_ds6_get_global
                0x00000000000167b6                uip_ds6_maddr_add
                0x0000000000016828                uip_ds6_maddr_rm
                0x000000000001683a                uip_ds6_maddr_lookup
                0x0000000000016885                uip_ds6_aaddr_add
                0x00000000000168f7                uip_ds6_aaddr_rm
                0x0000000000016909                uip_ds6_aaddr_lookup
                0x0000000000016954                uip_ds6_select_src
                0x0000000000016a99                uip_ds6_set_addr_iid
                0x0000000000016ad0                get_match_length
                0x0000000000016b62                uip_ds6_compute_reachable_time
 .text          0x0000000000016bae     0x297d obj_cooja/mtype206.a(uip6.o)
                0x0000000000016bae                uip_add32
                0x0000000000016d47                uip_chksum
                0x0000000000016e35                uip_icmp6chksum
                0x0000000000016e49                uip_tcpchksum
                0x0000000000016e5d                uip_init
                0x0000000000016f2d                uip_connect
                0x00000000000170dc                remove_ext_hdr
                0x00000000000171b1                uip_udp_new
                0x000000000001730d                uip_unlisten
                0x000000000001736d                uip_listen
                0x000000000001762f                uip_process
                0x000000000001941f                uip_htons
                0x0000000000019441                uip_htonl
                0x0000000000019481                uip_send
 .text          0x000000000001952b      0x98e obj_cooja/mtype206.a(tcpip.o)
                0x000000000001952b                tcpip_output
                0x0000000000019566                tcpip_set_outputfunc
                0x00000000000195fa                tcp_connect
                0x000000000001964f                tcp_unlisten
                0x00000000000196aa                tcp_listen
                0x0000000000019703                tcp_attach
                0x0000000000019728                udp_attach
                0x000000000001974d                udp_new
                0x000000000001979f                udp_broadcast_new
                0x0000000000019a13                tcpip_input
                0x0000000000019a47                tcpip_ipv6_output
                0x0000000000019cff                tcpip_poll_udp
                0x0000000000019d22                tcpip_poll_tcp
                0x0000000000019d45                tcpip_uipcall
 .text          0x0000000000019eb9      0x1c1 obj_cooja/mtype206.a(uip-debug.o)
                0x0000000000019eb9                uip_debug_ipaddr_print
                0x000000000001a01b                uip_debug_lladdr_print
 .text          0x000000000001a07a      0x141 obj_cooja/mtype206.a(uip-packetqueue)
                0x000000000001a0a6                uip_packetqueue_new
                0x000000000001a0b4                uip_packetqueue_alloc
                0x000000000001a114                uip_packetqueue_free
                0x000000000001a155                uip_packetqueue_buf
                0x000000000001a172                uip_packetqueue_buflen
                0x000000000001a193                uip_packetqueue_set_buflen
 .text          0x000000000001a1bb      0x131 obj_cooja/mtype206.a(uip-udp-packet.)
                0x000000000001a1bb                uip_udp_packet_send
                0x000000000001a21b                uip_udp_packet_sendto
 .text          0x000000000001a2ec     0x2558 obj_cooja/mtype206.a(rpl-dag.o)
                0x000000000001a2ec                rpl_print_neighbor_list
                0x000000000001a353                rpl_print_child_neighbor_list
                0x000000000001a3ba                rpl_get_nbr
                0x000000000001a414                rpl_get_nbr_child
                0x000000000001a46e                rpl_dag_init
                0x000000000001a4a0                rpl_get_parent
                0x000000000001a4c2                rpl_get_parent_rank
                0x000000000001a4f5                rpl_get_parent_link_metric
                0x000000000001a528                rpl_get_parent_ipaddr
                0x000000000001a552                rpl_get_child_ipaddr
                0x000000000001a85c                rpl_set_root
                0x000000000001aa8a                rpl_repair_root
                0x000000000001acc6                rpl_set_prefix
                0x000000000001adc5                rpl_set_default_route
                0x000000000001ae51                rpl_alloc_instance
                0x000000000001aed9                rpl_alloc_dag
                0x000000000001af8c                rpl_set_default_instance
                0x000000000001af99                rpl_get_default_instance
                0x000000000001afa3                rpl_free_instance
                0x000000000001b044                rpl_free_dag
                0x000000000001b0aa                rpl_add_parent
                0x000000000001b193                rpl_find_parent
                0x000000000001b1c3                rpl_add_child
                0x000000000001b267                rpl_find_child
                0x000000000001b2b5                rpl_find_parent_any_dag
                0x000000000001b2f1                rpl_select_dag
                0x000000000001b721                rpl_select_parent
                0x000000000001b783                rpl_remove_parent
                0x000000000001b7b9                rpl_remove_child
                0x000000000001b7d5                rpl_nullify_parent
                0x000000000001b873                rpl_move_parent
                0x000000000001b910                rpl_has_downward_route
                0x000000000001b963                rpl_get_any_dag
                0x000000000001b9c5                rpl_get_instance
                0x000000000001ba28                rpl_find_of
                0x000000000001ba65                rpl_join_instance
                0x000000000001bce7                rpl_add_dag
                0x000000000001c0d6                rpl_local_repair
                0x000000000001c1af                rpl_recalculate_ranks
                0x000000000001c235                rpl_process_parent_event
                0x000000000001c2e7                rpl_process_dio
 .text          0x000000000001c844      0xbf3 obj_cooja/mtype206.a(rpl-ext-header.)
                0x000000000001c861                rpl_verify_header
                0x000000000001ccdb                rpl_update_header_empty
                0x000000000001cff2                rpl_update_header_final
                0x000000000001d181                rpl_remove_header
                0x000000000001d28b                rpl_invert_header
                0x000000000001d415                rpl_insert_header
 .text          0x000000000001d437     0x1fa3 obj_cooja/mtype206.a(rpl-icmp6.o)
                0x000000000001d700                rpl_icmp6_update_nbr_table
                0x000000000001d7f0                dis_output
                0x000000000001e09c                dio_output
                0x000000000001efd2                dao_output
                0x000000000001f09a                dao_output_target
                0x000000000001f38e                dao_ack_output
                0x000000000001f3a2                rpl_icmp6_register_handlers
 .text          0x000000000001f3da      0x2f2 obj_cooja/mtype206.a(rpl-ltmax.o)
 .text          0x000000000001f6cc      0x5ac obj_cooja/mtype206.a(rpl-timers.o)
                0x000000000001f921                rpl_reset_periodic_timer
                0x000000000001f976                rpl_reset_dio_timer
                0x000000000001fbb0                rpl_schedule_dao
                0x000000000001fbcb                rpl_schedule_dao_immediately
                0x000000000001fbe6                rpl_cancel_dao
                0x000000000001fc48                rpl_schedule_unicast_dio_immediately
 .text          0x000000000001fc78      0x5c5 obj_cooja/mtype206.a(rpl.o)
                0x000000000001fc78                rpl_get_mode
                0x000000000001fc82                rpl_set_mode
                0x000000000001fd10                rpl_purge_routes
                0x000000000001fe0a                rpl_remove_routes
                0x000000000001fe50                rpl_remove_routes_by_nexthop
                0x000000000001febc                rpl_add_route
                0x000000000001ff37                rpl_link_neighbor_callback
                0x000000000002003c                rpl_ipv6_neighbor_callback
                0x00000000000200ab                rpl_purge_dags
                0x00000000000201b7                rpl_init
 .text          0x000000000002023d      0x886 obj_cooja/mtype206.a(csma.o)
 .text          0x0000000000020ac3      0x3f5 obj_cooja/mtype206.a(framer-802154.o)
 .text          0x0000000000020eb8       0x3c obj_cooja/mtype206.a(mac.o)
                0x0000000000020eb8                mac_call_sent_callback
 .text          0x0000000000020ef4     0x116d obj_cooja/mtype206.a(cxmac.o)
                0x0000000000021fc2                cxmac_set_announcement_radio_txpower
                0x0000000000021fc7                cxmac_init
 .text          0x0000000000022061       0x67 obj_cooja/mtype206.a(linkaddr.o)
                0x0000000000022061                linkaddr_copy
                0x0000000000022083                linkaddr_cmp
                0x00000000000220ad                linkaddr_set_node_addr
 .text          0x00000000000220c8      0x769 obj_cooja/mtype206.a(nbr-table.o)
                0x0000000000022527                nbr_table_register
                0x000000000002256f                nbr_table_head
                0x00000000000225cb                nbr_table_next
                0x0000000000022632                nbr_table_add_lladdr
                0x000000000002270e                nbr_table_get_from_lladdr
                0x000000000002275b                nbr_table_remove
                0x00000000000227ad                nbr_table_lock
                0x00000000000227d7                nbr_table_unlock
                0x0000000000022801                nbr_table_get_lladdr
 .text          0x0000000000022831       0x2b obj_cooja/mtype206.a(netstack.o)
                0x0000000000022831                netstack_init
 .text          0x000000000002285c      0x3cd obj_cooja/mtype206.a(packetbuf.o)
                0x000000000002285c                packetbuf_clear
                0x0000000000022886                packetbuf_copyfrom
                0x00000000000228d8                packetbuf_compact
                0x0000000000022955                packetbuf_copyto
                0x00000000000229ec                packetbuf_hdralloc
                0x0000000000022a69                packetbuf_hdrreduce
                0x0000000000022ab1                packetbuf_set_datalen
                0x0000000000022aca                packetbuf_dataptr
                0x0000000000022ae7                packetbuf_hdrptr
                0x0000000000022af1                packetbuf_datalen
                0x0000000000022afd                packetbuf_hdrlen
                0x0000000000022b14                packetbuf_totlen
                0x0000000000022b2a                packetbuf_attr_clear
                0x0000000000022b7c                packetbuf_attr_copyto
                0x0000000000022bc5                packetbuf_attr_copyfrom
                0x0000000000022c0d                packetbuf_holds_broadcast
 .text          0x0000000000022c29      0x2b4 obj_cooja/mtype206.a(queuebuf.o)
                0x0000000000022c33                queuebuf_init
                0x0000000000022c53                queuebuf_numfree
                0x0000000000022c67                queuebuf_new_from_packetbuf
                0x0000000000022cf7                queuebuf_update_attr_from_packetbuf
                0x0000000000022d2a                queuebuf_update_from_packetbuf
                0x0000000000022d74                queuebuf_free
                0x0000000000022dbb                queuebuf_to_packetbuf
                0x0000000000022e21                queuebuf_dataptr
                0x0000000000022e58                queuebuf_datalen
                0x0000000000022e7b                queuebuf_addr
                0x0000000000022ead                queuebuf_attr
                0x0000000000022ed8                queuebuf_debug_print
 .text          0x0000000000022edd       0x6e obj_cooja/mtype206.a(nullsec.o)
 .text          0x0000000000022f4b       0x19 obj_cooja/mtype206.a(watchdog.o)
                0x0000000000022f4b                watchdog_init
                0x0000000000022f50                watchdog_start
                0x0000000000022f55                watchdog_periodic
                0x0000000000022f5a                watchdog_stop
                0x0000000000022f5f                watchdog_reboot
 .text          0x0000000000022f64        0x0 obj_cooja/mtype206.a(rimestats.o)
 .text          0x0000000000022f64      0x134 obj_cooja/mtype206.a(leds.o)
                0x0000000000022fb5                leds_init
                0x0000000000022fc9                leds_blink
                0x0000000000023001                leds_get
                0x000000000002300e                leds_set
                0x0000000000023028                leds_on
                0x000000000002304b                leds_off
                0x0000000000023075                leds_toggle
 .text          0x0000000000023098      0x1c1 obj_cooja/mtype206.a(memb.o)
                0x0000000000023098                memb_init
                0x00000000000230f6                memb_alloc
                0x000000000002315b                memb_free
                0x00000000000231d6                memb_inmemb
                0x0000000000023215                memb_numfree
 .text          0x0000000000023259      0xabf obj_cooja/mtype206.a(uip-icmp6.o)
                0x00000000000232c7                uip_icmp6_input
                0x000000000002331d                uip_icmp6_register_input_handler
                0x00000000000235e5                uip_icmp6_error_output
                0x000000000002392a                uip_icmp6_send
                0x0000000000023cab                uip_icmp6_echo_reply_callback_add
                0x0000000000023cdc                uip_icmp6_echo_reply_callback_rm
                0x0000000000023cf8                uip_icmp6_init
 .text          0x0000000000023d18      0x358 obj_cooja/mtype206.a(uip-nd6.o)
                0x0000000000023d6c                uip_nd6_ns_output
                0x000000000002406b                uip_nd6_init
 .text          0x0000000000024070      0x331 obj_cooja/mtype206.a(rpl-nbr-policy.)
                0x0000000000024248                find_removable_dis
                0x000000000002426b                find_removable_dio
                0x00000000000242fa                find_removable_dao
                0x000000000002434a                rpl_nbr_policy_find_removable
 .text          0x00000000000243a1      0x97c obj_cooja/mtype206.a(frame802154.o)
                0x00000000000243d2                frame802154_get_pan_id
                0x00000000000243de                frame802154_set_pan_id
                0x00000000000243f7                frame802154_has_panid
                0x00000000000244e3                frame802154_check_dest_panid
                0x000000000002454b                frame802154_is_broadcast_addr
                0x0000000000024598                frame802154_extract_linkaddr
                0x00000000000247d8                frame802154_hdrlen
                0x0000000000024829                frame802154_create
                0x0000000000024a14                frame802154_parse
 .text          0x0000000000024d1d        0x0 /usr/lib/gcc/i686-linux-gnu/4.8/crtendS.o
 .text          0x0000000000024d1d        0x0 /usr/lib/gcc/i686-linux-gnu/4.8/../../../i386-linux-gnu/crtn.o
 *(.gnu.warning)

.fini           0x0000000000024d20       0x14
 *(SORT(.fini))
 .fini          0x0000000000024d20        0xf /usr/lib/gcc/i686-linux-gnu/4.8/../../../i386-linux-gnu/crti.o
                0x0000000000024d20                _fini
 .fini          0x0000000000024d2f        0x5 /usr/lib/gcc/i686-linux-gnu/4.8/../../../i386-linux-gnu/crtn.o
                0x0000000000024d34                PROVIDE (__etext, .)
                0x0000000000024d34                PROVIDE (_etext, .)
                0x0000000000024d34                PROVIDE (etext, .)

.rodata         0x0000000000024d40      0xe20
 *(.rodata .rodata.* .gnu.linkonce.r.*)
 .rodata        0x0000000000024d40      0x468 udp-client.co
                0x0000000000024d54                autostart_processes
 .rodata        0x00000000000251a8      0x157 obj_cooja/mtype206.o
 *fill*         0x00000000000252ff        0x1 
 .rodata        0x0000000000025300        0x8 obj_cooja/mtype206.a(beep.o)
                0x0000000000025300                beep_interface
 .rodata        0x0000000000025308       0x20 obj_cooja/mtype206.a(button-sensor.o)
                0x0000000000025308                button_interface
                0x0000000000025318                button_sensor
 .rodata        0x0000000000025328        0x8 obj_cooja/mtype206.a(leds-arch.o)
                0x0000000000025328                leds_interface
 .rodata        0x0000000000025330        0x8 obj_cooja/mtype206.a(moteid.o)
                0x0000000000025330                moteid_interface
 .rodata        0x0000000000025338       0x1c obj_cooja/mtype206.a(pir-sensor.o)
                0x0000000000025338                pir_interface
                0x0000000000025344                pir_sensor
 .rodata        0x0000000000025354        0xe obj_cooja/mtype206.a(rs232.o)
                0x0000000000025354                rs232_interface
 *fill*         0x0000000000025362        0x2 
 .rodata        0x0000000000025364       0x24 obj_cooja/mtype206.a(vib-sensor.o)
                0x0000000000025364                vib_interface
                0x0000000000025378                vib_sensor
 .rodata        0x0000000000025388        0x8 obj_cooja/mtype206.a(clock.o)
                0x0000000000025388                clock_interface
 .rodata        0x0000000000025390        0x8 obj_cooja/mtype206.a(log.o)
                0x0000000000025390                simlog_interface
 .rodata        0x0000000000025398       0x2f obj_cooja/mtype206.a(cfs-cooja.o)
                0x0000000000025398                cfs_interface
 *fill*         0x00000000000253c7       0x19 
 .rodata        0x00000000000253e0       0x60 obj_cooja/mtype206.a(cooja-radio.o)
                0x0000000000025400                cooja_radio_driver
                0x0000000000025438                radio_interface
 .rodata        0x0000000000025440        0x8 obj_cooja/mtype206.a(eeprom.o)
                0x0000000000025440                eeprom_interface
 .rodata        0x0000000000025448        0x8 obj_cooja/mtype206.a(sensors.o)
 .rodata        0x0000000000025450        0xf obj_cooja/mtype206.a(ctimer.o)
 .rodata        0x000000000002545f        0xc obj_cooja/mtype206.a(etimer.o)
 *fill*         0x000000000002546b        0x1 
 .rodata        0x000000000002546c      0x171 obj_cooja/mtype206.a(log_message.o)
 *fill*         0x00000000000255dd        0x3 
 .rodata        0x00000000000255e0       0x20 obj_cooja/mtype206.a(residual.o)
                0x00000000000255e0                DISSIPATION_RATE
 .rodata        0x0000000000025600        0xe obj_cooja/mtype206.a(serial-line.o)
 *fill*         0x000000000002560e        0x2 
 .rodata        0x0000000000025610       0x2c obj_cooja/mtype206.a(sicslowpan.o)
                0x0000000000025610                unc_llconf
                0x0000000000025614                unc_ctxconf
                0x0000000000025618                unc_mxconf
                0x000000000002561c                llprefix
                0x0000000000025630                sicslowpan_driver
 .rodata        0x000000000002563c      0x13c obj_cooja/mtype206.a(uip6.o)
 .rodata        0x0000000000025778        0xd obj_cooja/mtype206.a(tcpip.o)
 .rodata        0x0000000000025785       0x3e obj_cooja/mtype206.a(uip-debug.o)
 *fill*         0x00000000000257c3        0x1 
 .rodata        0x00000000000257c4        0x4 obj_cooja/mtype206.a(rpl-dag.o)
 .rodata        0x00000000000257c8       0x24 obj_cooja/mtype206.a(csma.o)
                0x00000000000257d0                csma_driver
 .rodata        0x00000000000257ec        0xc obj_cooja/mtype206.a(framer-802154.o)
                0x00000000000257ec                framer_802154
 *fill*         0x00000000000257f8        0x8 
 .rodata        0x0000000000025800      0x340 obj_cooja/mtype206.a(cxmac.o)
                0x0000000000025b20                cxmac_driver
 .rodata        0x0000000000025b40        0x8 obj_cooja/mtype206.a(linkaddr.o)
                0x0000000000025b40                linkaddr_null
 .rodata        0x0000000000025b48       0x18 obj_cooja/mtype206.a(nullsec.o)
                0x0000000000025b50                nullsec_driver

.rodata1
 *(.rodata1)

.eh_frame_hdr   0x0000000000025b60     0x1344
 *(.eh_frame_hdr)
 .eh_frame_hdr  0x0000000000025b60     0x1344 udp-client.co

.eh_frame       0x0000000000026ea4     0x4e80
 *(.eh_frame)
 .eh_frame      0x0000000000026ea4       0x3c /usr/lib/gcc/i686-linux-gnu/4.8/../../../i386-linux-gnu/crti.o
                                         0x40 (size before relaxing)
 .eh_frame      0x0000000000026ee0       0xb4 udp-client.co
                                         0xcc (size before relaxing)
 .eh_frame      0x0000000000026f94      0x148 obj_cooja/mtype206.o
                                        0x160 (size before relaxing)
 .eh_frame      0x00000000000270dc       0x40 obj_cooja/mtype206.a(simEnvChange.o)
                                         0x58 (size before relaxing)
 .eh_frame      0x000000000002711c       0xc0 obj_cooja/mtype206.a(cooja_mt.o)
                                         0xd8 (size before relaxing)
 .eh_frame      0x00000000000271dc      0x120 obj_cooja/mtype206.a(cooja_mtarch.o)
                                        0x138 (size before relaxing)
 .eh_frame      0x00000000000272fc       0xc0 obj_cooja/mtype206.a(rtimer-arch.o)
                                         0xd8 (size before relaxing)
 .eh_frame      0x00000000000273bc      0x160 obj_cooja/mtype206.a(beep.o)
                                        0x178 (size before relaxing)
 .eh_frame      0x000000000002751c       0xa0 obj_cooja/mtype206.a(button-sensor.o)
                                         0xb8 (size before relaxing)
 .eh_frame      0x00000000000275bc       0xa0 obj_cooja/mtype206.a(leds-arch.o)
                                         0xb8 (size before relaxing)
 .eh_frame      0x000000000002765c       0x40 obj_cooja/mtype206.a(moteid.o)
                                         0x58 (size before relaxing)
 .eh_frame      0x000000000002769c       0xa0 obj_cooja/mtype206.a(pir-sensor.o)
                                         0xb8 (size before relaxing)
 .eh_frame      0x000000000002773c      0x100 obj_cooja/mtype206.a(rs232.o)
                                        0x118 (size before relaxing)
 .eh_frame      0x000000000002783c       0xa0 obj_cooja/mtype206.a(vib-sensor.o)
                                         0xb8 (size before relaxing)
 .eh_frame      0x00000000000278dc       0xc0 obj_cooja/mtype206.a(clock.o)
                                         0xd8 (size before relaxing)
 .eh_frame      0x000000000002799c      0x120 obj_cooja/mtype206.a(log.o)
                                        0x138 (size before relaxing)
 .eh_frame      0x0000000000027abc      0x160 obj_cooja/mtype206.a(cfs-cooja.o)
                                        0x178 (size before relaxing)
 .eh_frame      0x0000000000027c1c      0x2e0 obj_cooja/mtype206.a(cooja-radio.o)
                                        0x2f8 (size before relaxing)
 .eh_frame      0x0000000000027efc       0xa0 obj_cooja/mtype206.a(eeprom.o)
                                         0xb8 (size before relaxing)
 .eh_frame      0x0000000000027f9c       0x40 obj_cooja/mtype206.a(random.o)
                                         0x58 (size before relaxing)
 .eh_frame      0x0000000000027fdc       0xc0 obj_cooja/mtype206.a(sensors.o)
                                         0xd8 (size before relaxing)
 .eh_frame      0x000000000002809c       0x40 obj_cooja/mtype206.a(autostart.o)
                                         0x58 (size before relaxing)
 .eh_frame      0x00000000000280dc      0x100 obj_cooja/mtype206.a(ctimer.o)
                                        0x118 (size before relaxing)
 .eh_frame      0x00000000000281dc      0x1e0 obj_cooja/mtype206.a(etimer.o)
                                        0x1f8 (size before relaxing)
 .eh_frame      0x00000000000283bc       0x50 obj_cooja/mtype206.a(log_message.o)
                                         0x68 (size before relaxing)
 .eh_frame      0x000000000002840c      0x1c8 obj_cooja/mtype206.a(process.o)
                                        0x1e0 (size before relaxing)
 .eh_frame      0x00000000000285d4       0x2c obj_cooja/mtype206.a(residual.o)
                                         0x44 (size before relaxing)
 .eh_frame      0x0000000000028600       0x60 obj_cooja/mtype206.a(rtimer.o)
                                         0x78 (size before relaxing)
 .eh_frame      0x0000000000028660       0xc4 obj_cooja/mtype206.a(stimer.o)
                                         0xdc (size before relaxing)
 .eh_frame      0x0000000000028724       0xa4 obj_cooja/mtype206.a(timer.o)
                                         0xbc (size before relaxing)
 .eh_frame      0x00000000000287c8       0x60 obj_cooja/mtype206.a(serial-line.o)
                                         0x78 (size before relaxing)
 .eh_frame      0x0000000000028828      0x180 obj_cooja/mtype206.a(list.o)
                                        0x198 (size before relaxing)
 .eh_frame      0x00000000000289a8       0xa0 obj_cooja/mtype206.a(ringbuf.o)
                                         0xb8 (size before relaxing)
 .eh_frame      0x0000000000028a48      0x350 obj_cooja/mtype206.a(sicslowpan.o)
                                        0x368 (size before relaxing)
 .eh_frame      0x0000000000028d98      0x180 obj_cooja/mtype206.a(uip-ds6-nbr.o)
                                        0x198 (size before relaxing)
 .eh_frame      0x0000000000028f18      0x2a0 obj_cooja/mtype206.a(uip-ds6-route.o)
                                        0x2b8 (size before relaxing)
 .eh_frame      0x00000000000291b8      0x2c8 obj_cooja/mtype206.a(uip-ds6.o)
                                        0x2e0 (size before relaxing)
 .eh_frame      0x0000000000029480      0x25c obj_cooja/mtype206.a(uip6.o)
                                        0x274 (size before relaxing)
 .eh_frame      0x00000000000296dc      0x270 obj_cooja/mtype206.a(tcpip.o)
                                        0x288 (size before relaxing)
 .eh_frame      0x000000000002994c       0x48 obj_cooja/mtype206.a(uip-debug.o)
                                         0x60 (size before relaxing)
 .eh_frame      0x0000000000029994       0xe0 obj_cooja/mtype206.a(uip-packetqueue)
                                         0xf8 (size before relaxing)
 .eh_frame      0x0000000000029a74       0x40 obj_cooja/mtype206.a(uip-udp-packet.)
                                         0x58 (size before relaxing)
 .eh_frame      0x0000000000029ab4      0x74c obj_cooja/mtype206.a(rpl-dag.o)
                                        0x764 (size before relaxing)
 .eh_frame      0x000000000002a200      0x10c obj_cooja/mtype206.a(rpl-ext-header.)
                                        0x124 (size before relaxing)
 .eh_frame      0x000000000002a30c      0x2b8 obj_cooja/mtype206.a(rpl-icmp6.o)
                                        0x2d0 (size before relaxing)
 .eh_frame      0x000000000002a5c4       0xe0 obj_cooja/mtype206.a(rpl-ltmax.o)
                                         0xf8 (size before relaxing)
 .eh_frame      0x000000000002a6a4      0x1ac obj_cooja/mtype206.a(rpl-timers.o)
                                        0x1c4 (size before relaxing)
 .eh_frame      0x000000000002a850      0x148 obj_cooja/mtype206.a(rpl.o)
                                        0x160 (size before relaxing)
 .eh_frame      0x000000000002a998      0x28c obj_cooja/mtype206.a(csma.o)
                                        0x2a4 (size before relaxing)
 .eh_frame      0x000000000002ac24      0x108 obj_cooja/mtype206.a(framer-802154.o)
                                        0x120 (size before relaxing)
 .eh_frame      0x000000000002ad2c       0x20 obj_cooja/mtype206.a(mac.o)
                                         0x38 (size before relaxing)
 .eh_frame      0x000000000002ad4c      0x280 obj_cooja/mtype206.a(cxmac.o)
                                        0x298 (size before relaxing)
 .eh_frame      0x000000000002afcc       0x60 obj_cooja/mtype206.a(linkaddr.o)
                                         0x78 (size before relaxing)
 .eh_frame      0x000000000002b02c      0x26c obj_cooja/mtype206.a(nbr-table.o)
                                        0x284 (size before relaxing)
 .eh_frame      0x000000000002b298       0x20 obj_cooja/mtype206.a(netstack.o)
                                         0x38 (size before relaxing)
 .eh_frame      0x000000000002b2b8      0x214 obj_cooja/mtype206.a(packetbuf.o)
                                        0x22c (size before relaxing)
 .eh_frame      0x000000000002b4cc      0x1a0 obj_cooja/mtype206.a(queuebuf.o)
                                        0x1b8 (size before relaxing)
 .eh_frame      0x000000000002b66c       0x80 obj_cooja/mtype206.a(nullsec.o)
                                         0x98 (size before relaxing)
 .eh_frame      0x000000000002b6ec       0xa0 obj_cooja/mtype206.a(watchdog.o)
                                         0xb8 (size before relaxing)
 .eh_frame      0x000000000002b78c      0x100 obj_cooja/mtype206.a(leds.o)
                                        0x118 (size before relaxing)
 .eh_frame      0x000000000002b88c       0xa0 obj_cooja/mtype206.a(memb.o)
                                         0xb8 (size before relaxing)
 .eh_frame      0x000000000002b92c      0x168 obj_cooja/mtype206.a(uip-icmp6.o)
                                        0x180 (size before relaxing)
 .eh_frame      0x000000000002ba94       0x68 obj_cooja/mtype206.a(uip-nd6.o)
                                         0x80 (size before relaxing)
 .eh_frame      0x000000000002bafc       0xc0 obj_cooja/mtype206.a(rpl-nbr-policy.)
                                         0xd8 (size before relaxing)
 .eh_frame      0x000000000002bbbc      0x164 obj_cooja/mtype206.a(frame802154.o)
                                        0x17c (size before relaxing)
 .eh_frame      0x000000000002bd20        0x4 /usr/lib/gcc/i686-linux-gnu/4.8/crtendS.o

.gcc_except_table
 *(.gcc_except_table .gcc_except_table.*)

.exception_ranges
 *(.exception_ranges .exception_ranges*)
                0x000000000002bd24                . = (ALIGN (0x1000) - ((0x1000 - .) & 0xfff))
                0x000000000002cef8                . = DATA_SEGMENT_ALIGN (0x1000, 0x1000)

.eh_frame
 *(.eh_frame)

.gcc_except_table
 *(.gcc_except_table .gcc_except_table.*)

.exception_ranges
 *(.exception_ranges .exception_ranges*)

.tdata
 *(.tdata .tdata.* .gnu.linkonce.td.*)

.tbss
 *(.tbss .tbss.* .gnu.linkonce.tb.*)
 *(.tcommon)

.preinit_array
 *(.preinit_array)

.init_array     0x000000000002cef8        0x4
 *(SORT(.init_array.*) SORT(.ctors.*))
 *(.init_array EXCLUDE_FILE(*crtend?.o *crtend.o *crtbegin?.o *crtbegin.o) .ctors)
 .init_array    0x000000000002cef8        0x4 /usr/lib/gcc/i686-linux-gnu/4.8/crtbeginS.o

.fini_array     0x000000000002cefc        0x4
 *(SORT(.fini_array.*) SORT(.dtors.*))
 *(.fini_array EXCLUDE_FILE(*crtend?.o *crtend.o *crtbegin?.o *crtbegin.o) .dtors)
 .fini_array    0x000000000002cefc        0x4 /usr/lib/gcc/i686-linux-gnu/4.8/crtbeginS.o

.ctors
 *crtbegin.o(.ctors)
 *crtbegin?.o(.ctors)
 *(EXCLUDE_FILE(*crtend?.o *crtend.o) .ctors)
 *(SORT(.ctors.*))
 *(.ctors)

.dtors
 *crtbegin.o(.dtors)
 *crtbegin?.o(.dtors)
 *(EXCLUDE_FILE(*crtend?.o *crtend.o) .dtors)
 *(SORT(.dtors.*))
 *(.dtors)

.jcr            0x000000000002cf00        0x4
 *(.jcr)
 .jcr           0x000000000002cf00        0x0 /usr/lib/gcc/i686-linux-gnu/4.8/crtbeginS.o
 .jcr           0x000000000002cf00        0x4 /usr/lib/gcc/i686-linux-gnu/4.8/crtendS.o

.data.rel.ro
 *(.data.rel.ro.local* .gnu.linkonce.d.rel.ro.local.*)
 *(.data.rel.ro .data.rel.ro.* .gnu.linkonce.d.rel.ro.*)

.dynamic        0x000000000002cf04       0xe8
 *(.dynamic)
 .dynamic       0x000000000002cf04       0xe8 /usr/lib/gcc/i686-linux-gnu/4.8/../../../i386-linux-gnu/crti.o
                0x000000000002cf04                _DYNAMIC

.got            0x000000000002cfec       0x14
 *(.got)
 .got           0x000000000002cfec       0x14 /usr/lib/gcc/i686-linux-gnu/4.8/../../../i386-linux-gnu/crti.o
 *(.igot)
                0x000000000002dff4                . = DATA_SEGMENT_RELRO_END (., (SIZEOF (.got.plt) >= 0xc)?0xc:0x0)

.got.plt        0x000000000002d000       0x14
 *(.got.plt)
 .got.plt       0x000000000002d000       0x14 /usr/lib/gcc/i686-linux-gnu/4.8/../../../i386-linux-gnu/crti.o
                0x000000000002d000                _GLOBAL_OFFSET_TABLE_
 *(.igot.plt)

.data           0x000000000002d020      0x27a
 *(.data .data.* .gnu.linkonce.d.*)
 .data          0x000000000002d020        0x0 /usr/lib/gcc/i686-linux-gnu/4.8/../../../i386-linux-gnu/crti.o
 .data          0x000000000002d020        0x0 /usr/lib/gcc/i686-linux-gnu/4.8/crtbeginS.o
 .data.rel      0x000000000002d020        0x4 /usr/lib/gcc/i686-linux-gnu/4.8/crtbeginS.o
                0x000000000002d020                __dso_handle
 .data          0x000000000002d024       0x14 udp-client.co
                0x000000000002d028                udp_client_process
 *fill*         0x000000000002d038        0x8 
 .data          0x000000000002d040       0x44 obj_cooja/mtype206.o
                0x000000000002d040                simInterfaces
                0x000000000002d074                sensors
 .data          0x000000000002d084        0x0 obj_cooja/mtype206.a(simEnvChange.o)
 .data          0x000000000002d084        0x0 obj_cooja/mtype206.a(cooja_mt.o)
 .data          0x000000000002d084        0x0 obj_cooja/mtype206.a(cooja_mtarch.o)
 .data          0x000000000002d084        0x0 obj_cooja/mtype206.a(rtimer-arch.o)
 .data          0x000000000002d084        0x0 obj_cooja/mtype206.a(beep.o)
 .data          0x000000000002d084        0x0 obj_cooja/mtype206.a(button-sensor.o)
 .data          0x000000000002d084        0x0 obj_cooja/mtype206.a(leds-arch.o)
 .data          0x000000000002d084        0x0 obj_cooja/mtype206.a(moteid.o)
 .data          0x000000000002d084        0x0 obj_cooja/mtype206.a(pir-sensor.o)
 .data          0x000000000002d084        0x0 obj_cooja/mtype206.a(rs232.o)
 .data          0x000000000002d084        0x0 obj_cooja/mtype206.a(vib-sensor.o)
 .data          0x000000000002d084        0x0 obj_cooja/mtype206.a(clock.o)
 .data          0x000000000002d084        0x0 obj_cooja/mtype206.a(log.o)
 .data          0x000000000002d084        0x0 obj_cooja/mtype206.a(cfs-cooja.o)
 .data          0x000000000002d084       0x40 obj_cooja/mtype206.a(cooja-radio.o)
                0x000000000002d084                simRadioChannelLR
                0x000000000002d088                simRadioHWOnLR
                0x000000000002d08c                simSignalStrengthLR
                0x000000000002d090                simLastSignalStrengthLR
                0x000000000002d094                simPowerLR
                0x000000000002d098                simLQILR
                0x000000000002d09c                simRadioChannel
                0x000000000002d0a0                simRadioHWOn
                0x000000000002d0a4                simSignalStrength
                0x000000000002d0a8                simLastSignalStrength
                0x000000000002d0ac                simPower
                0x000000000002d0b0                simLQI
                0x000000000002d0b4                cooja_radio_process
 .data          0x000000000002d0c4        0x0 obj_cooja/mtype206.a(eeprom.o)
 .data          0x000000000002d0c4        0x0 obj_cooja/mtype206.a(random.o)
 .data          0x000000000002d0c4       0x10 obj_cooja/mtype206.a(sensors.o)
                0x000000000002d0c4                sensors_process
 .data          0x000000000002d0d4        0x0 obj_cooja/mtype206.a(autostart.o)
 .data          0x000000000002d0d4       0x14 obj_cooja/mtype206.a(ctimer.o)
                0x000000000002d0d8                ctimer_process
 .data          0x000000000002d0e8       0x10 obj_cooja/mtype206.a(etimer.o)
                0x000000000002d0e8                etimer_process
 .data          0x000000000002d0f8        0x0 obj_cooja/mtype206.a(log_message.o)
 .data          0x000000000002d0f8        0x0 obj_cooja/mtype206.a(process.o)
 .data          0x000000000002d0f8        0x0 obj_cooja/mtype206.a(residual.o)
 .data          0x000000000002d0f8        0x0 obj_cooja/mtype206.a(rtimer.o)
 .data          0x000000000002d0f8        0x0 obj_cooja/mtype206.a(stimer.o)
 .data          0x000000000002d0f8        0x0 obj_cooja/mtype206.a(timer.o)
 .data          0x000000000002d0f8       0x10 obj_cooja/mtype206.a(serial-line.o)
                0x000000000002d0f8                serial_line_process
 .data          0x000000000002d108        0x0 obj_cooja/mtype206.a(list.o)
 .data          0x000000000002d108        0x0 obj_cooja/mtype206.a(ringbuf.o)
 .data          0x000000000002d108        0x0 obj_cooja/mtype206.a(sicslowpan.o)
 .data          0x000000000002d108       0x14 obj_cooja/mtype206.a(uip-ds6-nbr.o)
                0x000000000002d118                ds6_neighbors
 .data          0x000000000002d11c       0x44 obj_cooja/mtype206.a(uip-ds6-route.o)
                0x000000000002d12c                nbr_routes
 .data          0x000000000002d160        0x0 obj_cooja/mtype206.a(uip-ds6.o)
 .data          0x000000000002d160        0x0 obj_cooja/mtype206.a(uip6.o)
 .data          0x000000000002d160       0x10 obj_cooja/mtype206.a(tcpip.o)
                0x000000000002d160                tcpip_process
 .data          0x000000000002d170        0x0 obj_cooja/mtype206.a(uip-debug.o)
 .data          0x000000000002d170        0xc obj_cooja/mtype206.a(uip-packetqueue)
 .data          0x000000000002d17c        0x0 obj_cooja/mtype206.a(uip-udp-packet.)
 .data          0x000000000002d17c       0x28 obj_cooja/mtype206.a(rpl-dag.o)
                0x000000000002d18c                rpl_parents
                0x000000000002d1a0                rpl_children
 .data          0x000000000002d1a4        0x0 obj_cooja/mtype206.a(rpl-ext-header.)
 .data          0x000000000002d1a4       0x34 obj_cooja/mtype206.a(rpl-icmp6.o)
 .data          0x000000000002d1d8       0x1c obj_cooja/mtype206.a(rpl-ltmax.o)
                0x000000000002d1d8                rpl_ltmax_of
 .data          0x000000000002d1f4        0x0 obj_cooja/mtype206.a(rpl-timers.o)
 .data          0x000000000002d1f4        0x0 obj_cooja/mtype206.a(rpl.o)
 .data          0x000000000002d1f4       0x28 obj_cooja/mtype206.a(csma.o)
 .data          0x000000000002d21c        0x0 obj_cooja/mtype206.a(framer-802154.o)
 .data          0x000000000002d21c        0x0 obj_cooja/mtype206.a(mac.o)
 .data          0x000000000002d21c       0x30 obj_cooja/mtype206.a(cxmac.o)
                0x000000000002d21c                cxmac_config
                0x000000000002d22c                strobe_wait
 .data          0x000000000002d24c        0x0 obj_cooja/mtype206.a(linkaddr.o)
 .data          0x000000000002d24c       0x10 obj_cooja/mtype206.a(nbr-table.o)
 .data          0x000000000002d25c        0x0 obj_cooja/mtype206.a(netstack.o)
 .data          0x000000000002d25c        0x4 obj_cooja/mtype206.a(packetbuf.o)
 .data          0x000000000002d260       0x18 obj_cooja/mtype206.a(queuebuf.o)
 .data          0x000000000002d278        0x0 obj_cooja/mtype206.a(nullsec.o)
 .data          0x000000000002d278        0x0 obj_cooja/mtype206.a(watchdog.o)
 .data          0x000000000002d278        0x0 obj_cooja/mtype206.a(rimestats.o)
 .data          0x000000000002d278        0x0 obj_cooja/mtype206.a(leds.o)
 .data          0x000000000002d278        0x0 obj_cooja/mtype206.a(memb.o)
 .data          0x000000000002d278       0x20 obj_cooja/mtype206.a(uip-icmp6.o)
 .data          0x000000000002d298        0x0 obj_cooja/mtype206.a(uip-nd6.o)
 .data          0x000000000002d298        0x0 obj_cooja/mtype206.a(rpl-nbr-policy.)
 .data          0x000000000002d298        0x2 obj_cooja/mtype206.a(frame802154.o)
 .data          0x000000000002d29a        0x0 /usr/lib/gcc/i686-linux-gnu/4.8/crtendS.o
 .data          0x000000000002d29a        0x0 /usr/lib/gcc/i686-linux-gnu/4.8/../../../i386-linux-gnu/crtn.o

.tm_clone_table
                0x000000000002d29c        0x0
 .tm_clone_table
                0x000000000002d29c        0x0 /usr/lib/gcc/i686-linux-gnu/4.8/crtbeginS.o
 .tm_clone_table
                0x000000000002d29c        0x0 /usr/lib/gcc/i686-linux-gnu/4.8/crtendS.o

.data1
 *(.data1)
                0x000000000002d29c                _edata = .
                0x000000000002d29c                PROVIDE (edata, .)
                0x000000000002d29c                . = .
                0x000000000002d29c                __bss_start = .

.bss            0x000000000002d2a0     0x8e28
 *(.dynbss)
 .dynbss        0x0000000000000000        0x0 /usr/lib/gcc/i686-linux-gnu/4.8/../../../i386-linux-gnu/crti.o
 *(.bss .bss.* .gnu.linkonce.b.*)
 .bss           0x000000000002d2a0        0x0 /usr/lib/gcc/i686-linux-gnu/4.8/../../../i386-linux-gnu/crti.o
 .bss           0x000000000002d2a0        0x1 /usr/lib/gcc/i686-linux-gnu/4.8/crtbeginS.o
 *fill*         0x000000000002d2a1       0x1f 
 .bss           0x000000000002d2c0       0x60 udp-client.co
                0x000000000002d2c0                my_weight
 .bss           0x000000000002d320     0x2030 obj_cooja/mtype206.o
 .bss           0x000000000002f350        0x1 obj_cooja/mtype206.a(simEnvChange.o)
                0x000000000002f350                simDontFallAsleep
 *fill*         0x000000000002f351        0x3 
 .bss           0x000000000002f354        0x4 obj_cooja/mtype206.a(cooja_mt.o)
 .bss           0x000000000002f358        0x4 obj_cooja/mtype206.a(cooja_mtarch.o)
 .bss           0x000000000002f35c        0xc obj_cooja/mtype206.a(rtimer-arch.o)
 .bss           0x000000000002f368        0x0 obj_cooja/mtype206.a(beep.o)
 .bss           0x000000000002f368        0x8 obj_cooja/mtype206.a(button-sensor.o)
 .bss           0x000000000002f370        0x0 obj_cooja/mtype206.a(leds-arch.o)
 .bss           0x000000000002f370        0x0 obj_cooja/mtype206.a(moteid.o)
 .bss           0x000000000002f370        0x1 obj_cooja/mtype206.a(pir-sensor.o)
                0x000000000002f370                simPirValue
 *fill*         0x000000000002f371        0x3 
 .bss           0x000000000002f374        0x4 obj_cooja/mtype206.a(rs232.o)
 .bss           0x000000000002f378        0x1 obj_cooja/mtype206.a(vib-sensor.o)
                0x000000000002f378                simVibValue
 .bss           0x000000000002f379        0x0 obj_cooja/mtype206.a(clock.o)
 *fill*         0x000000000002f379        0x7 
 .bss           0x000000000002f380      0x420 obj_cooja/mtype206.a(log.o)
 .bss           0x000000000002f7a0      0xfc0 obj_cooja/mtype206.a(cfs-cooja.o)
                0x000000000002f7a0                simCFSData
                0x0000000000030740                simCFSSize
                0x0000000000030744                simCFSChanged
                0x0000000000030748                simCFSRead
                0x000000000003074c                simCFSWritten
 .bss           0x0000000000030760       0x24 obj_cooja/mtype206.a(cooja-radio.o)
                0x0000000000030760                simReceivingLR
                0x0000000000030764                simInSizeLR
                0x0000000000030768                simOutSizeLR
                0x000000000003076c                simReceiving
                0x0000000000030770                simInSize
                0x0000000000030774                simOutSize
                0x0000000000030778                LongRangeTransmit
                0x000000000003077c                LongRangeReceiving
 .bss           0x0000000000030784        0xc obj_cooja/mtype206.a(eeprom.o)
                0x0000000000030784                simEEPROMChanged
                0x0000000000030788                simEEPROMRead
                0x000000000003078c                simEEPROMWritten
 .bss           0x0000000000030790        0x0 obj_cooja/mtype206.a(random.o)
 .bss           0x0000000000030790        0xc obj_cooja/mtype206.a(sensors.o)
 .bss           0x000000000003079c        0x0 obj_cooja/mtype206.a(autostart.o)
 .bss           0x000000000003079c        0x5 obj_cooja/mtype206.a(ctimer.o)
 *fill*         0x00000000000307a1        0x3 
 .bss           0x00000000000307a4        0x8 obj_cooja/mtype206.a(etimer.o)
 .bss           0x00000000000307ac        0x0 obj_cooja/mtype206.a(log_message.o)
 *fill*         0x00000000000307ac       0x14 
 .bss           0x00000000000307c0      0x1b1 obj_cooja/mtype206.a(process.o)
                0x00000000000307c0                process_list
                0x00000000000307c4                process_current
 .bss           0x0000000000030971        0x0 obj_cooja/mtype206.a(residual.o)
 *fill*         0x0000000000030971        0x3 
 .bss           0x0000000000030974        0x4 obj_cooja/mtype206.a(rtimer.o)
 .bss           0x0000000000030978        0x0 obj_cooja/mtype206.a(stimer.o)
 .bss           0x0000000000030978        0x0 obj_cooja/mtype206.a(timer.o)
 *fill*         0x0000000000030978        0x8 
 .bss           0x0000000000030980      0x140 obj_cooja/mtype206.a(serial-line.o)
 .bss           0x0000000000030ac0        0x0 obj_cooja/mtype206.a(list.o)
 .bss           0x0000000000030ac0        0x0 obj_cooja/mtype206.a(ringbuf.o)
 .bss           0x0000000000030ac0      0x70c obj_cooja/mtype206.a(sicslowpan.o)
 *fill*         0x00000000000311cc       0x14 
 .bss           0x00000000000311e0      0x4b0 obj_cooja/mtype206.a(uip-ds6-nbr.o)
 *fill*         0x0000000000031690       0x10 
 .bss           0x00000000000316a0      0x608 obj_cooja/mtype206.a(uip-ds6-route.o)
 .bss           0x0000000000031ca8       0x20 obj_cooja/mtype206.a(uip-ds6.o)
 .bss           0x0000000000031cc8        0xe obj_cooja/mtype206.a(uip6.o)
                0x0000000000031cc8                uip_ext_bitmap
                0x0000000000031cc9                uip_ext_len
                0x0000000000031cca                uip_ext_opt_offset
 *fill*         0x0000000000031cd6        0xa 
 .bss           0x0000000000031ce0       0x68 obj_cooja/mtype206.a(tcpip.o)
 .bss           0x0000000000031d48        0x0 obj_cooja/mtype206.a(uip-debug.o)
 *fill*         0x0000000000031d48       0x18 
 .bss           0x0000000000031d60      0xcf8 obj_cooja/mtype206.a(uip-packetqueue)
 .bss           0x0000000000032a58        0x0 obj_cooja/mtype206.a(uip-udp-packet.)
 *fill*         0x0000000000032a58        0x8 
 .bss           0x0000000000032a60      0x352 obj_cooja/mtype206.a(rpl-dag.o)
 .bss           0x0000000000032db2        0x0 obj_cooja/mtype206.a(rpl-ext-header.)
 .bss           0x0000000000032db2        0x0 obj_cooja/mtype206.a(rpl-icmp6.o)
 .bss           0x0000000000032db2        0x0 obj_cooja/mtype206.a(rpl-ltmax.o)
 *fill*         0x0000000000032db2        0xe 
 .bss           0x0000000000032dc0       0x23 obj_cooja/mtype206.a(rpl-timers.o)
 *fill*         0x0000000000032de3        0x1 
 .bss           0x0000000000032de4        0x4 obj_cooja/mtype206.a(rpl.o)
 *fill*         0x0000000000032de8       0x18 
 .bss           0x0000000000032e00      0x248 obj_cooja/mtype206.a(csma.o)
 .bss           0x0000000000033048        0x2 obj_cooja/mtype206.a(framer-802154.o)
 .bss           0x000000000003304a        0x0 obj_cooja/mtype206.a(mac.o)
 *fill*         0x000000000003304a       0x16 
 .bss           0x0000000000033060       0xb0 obj_cooja/mtype206.a(cxmac.o)
 .bss           0x0000000000033110        0x0 obj_cooja/mtype206.a(linkaddr.o)
 *fill*         0x0000000000033110       0x10 
 .bss           0x0000000000033120      0x35c obj_cooja/mtype206.a(nbr-table.o)
 .bss           0x000000000003347c        0x0 obj_cooja/mtype206.a(netstack.o)
 *fill*         0x000000000003347c        0x4 
 .bss           0x0000000000033480       0xa0 obj_cooja/mtype206.a(packetbuf.o)
 .bss           0x0000000000033520      0xb80 obj_cooja/mtype206.a(queuebuf.o)
 .bss           0x00000000000340a0        0x0 obj_cooja/mtype206.a(nullsec.o)
 .bss           0x00000000000340a0        0x0 obj_cooja/mtype206.a(watchdog.o)
 .bss           0x00000000000340a0        0x0 obj_cooja/mtype206.a(rimestats.o)
 .bss           0x00000000000340a0        0x1 obj_cooja/mtype206.a(leds.o)
 .bss           0x00000000000340a1        0x0 obj_cooja/mtype206.a(memb.o)
 *fill*         0x00000000000340a1        0x3 
 .bss           0x00000000000340a4       0x18 obj_cooja/mtype206.a(uip-icmp6.o)
 .bss           0x00000000000340bc        0x0 obj_cooja/mtype206.a(uip-nd6.o)
 *fill*         0x00000000000340bc        0x4 
 .bss           0x00000000000340c0       0x44 obj_cooja/mtype206.a(rpl-nbr-policy.)
 .bss           0x0000000000034104        0x0 obj_cooja/mtype206.a(frame802154.o)
 .bss           0x0000000000034104        0x0 /usr/lib/gcc/i686-linux-gnu/4.8/crtendS.o
 .bss           0x0000000000034104        0x0 /usr/lib/gcc/i686-linux-gnu/4.8/../../../i386-linux-gnu/crtn.o
 *(COMMON)
 COMMON         0x0000000000034104       0x6c udp-client.co
                0x0000000000034104                dio_count
                0x0000000000034108                dis_count
                0x000000000003410c                csma_drop_count
                0x0000000000034110                tcp_output_count
                0x0000000000034114                csma_transmission_count
                0x0000000000034118                dao_ack_fwd_count
                0x000000000003411c                COOJA_radioRxLong
                0x0000000000034120                cxmac_collision_count
                0x0000000000034124                cxmac_retransmission_count
                0x0000000000034128                control_message_count
                0x000000000003412c                dao_count
                0x0000000000034130                icmp_count
                0x0000000000034134                COOJA_radioTx
                0x0000000000034138                cxmac_transmission_count
                0x000000000003413c                dao_ack_count
                0x0000000000034140                data_message_count
                0x0000000000034144                my_sink_reachability
                0x0000000000034148                COOJA_radioTxLong
                0x000000000003414c                COOJA_radioRx
                0x0000000000034150                my_parent_number
                0x0000000000034154                COOJA_radioOn
                0x0000000000034158                LSA_count
                0x000000000003415c                dao_fwd_count
                0x0000000000034160                COOJA_duration
                0x0000000000034164                dio_ack_count
                0x0000000000034168                COOJA_radioOnLong
                0x000000000003416c                data_fwd_count
 COMMON         0x0000000000034170        0xc obj_cooja/mtype206.o
                0x0000000000034170                referenceVar
                0x0000000000034174                debugfp
                0x0000000000034178                sensors_flags
 COMMON         0x000000000003417c        0xc obj_cooja/mtype206.a(simEnvChange.o)
                0x000000000003417c                simEtimerPending
                0x0000000000034180                simProcessRunValue
                0x0000000000034184                simNextExpirationTime
 COMMON         0x0000000000034188        0x1 obj_cooja/mtype206.a(beep.o)
                0x0000000000034188                simBeeped
 COMMON         0x0000000000034189        0x3 obj_cooja/mtype206.a(button-sensor.o)
                0x0000000000034189                simButtonIsActive
                0x000000000003418a                simButtonIsDown
                0x000000000003418b                simButtonChanged
 COMMON         0x000000000003418c        0x1 obj_cooja/mtype206.a(leds-arch.o)
                0x000000000003418c                simLedsValue
 *fill*         0x000000000003418d        0x3 
 COMMON         0x0000000000034190        0xc obj_cooja/mtype206.a(moteid.o)
                0x0000000000034190                simRandomSeed
                0x0000000000034194                simMoteIDChanged
                0x0000000000034198                simMoteID
 COMMON         0x000000000003419c        0x2 obj_cooja/mtype206.a(pir-sensor.o)
                0x000000000003419c                simPirIsActive
                0x000000000003419d                simPirChanged
 *fill*         0x000000000003419e        0x2 
 COMMON         0x00000000000341a0      0x820 obj_cooja/mtype206.a(rs232.o)
                0x00000000000341a0                simSerialReceivingFlag
                0x00000000000341a4                simSerialReceivingLength
                0x00000000000341c0                simSerialReceivingData
 COMMON         0x00000000000349c0        0x2 obj_cooja/mtype206.a(vib-sensor.o)
                0x00000000000349c0                simVibChanged
                0x00000000000349c1                simVibIsActive
 *fill*         0x00000000000349c2        0x2 
 COMMON         0x00000000000349c4        0x4 obj_cooja/mtype206.a(clock.o)
                0x00000000000349c4                simCurrentTime
 *fill*         0x00000000000349c8       0x18 
 COMMON         0x00000000000349e0      0x420 obj_cooja/mtype206.a(log.o)
                0x00000000000349e0                simLoggedLength
                0x00000000000349e4                simLoggedFlag
                0x0000000000034a00                simLoggedData
 COMMON         0x0000000000034e00      0x200 obj_cooja/mtype206.a(cooja-radio.o)
                0x0000000000034e00                simOutDataBuffer
                0x0000000000034e80                simInDataBufferLR
                0x0000000000034f00                simOutDataBufferLR
                0x0000000000034f80                simInDataBuffer
 COMMON         0x0000000000035000      0x400 obj_cooja/mtype206.a(eeprom.o)
                0x0000000000035000                simEEPROMData
 COMMON         0x0000000000035400        0x1 obj_cooja/mtype206.a(sensors.o)
                0x0000000000035400                sensors_event
 *fill*         0x0000000000035401        0x3 
 COMMON         0x0000000000035404        0x4 obj_cooja/mtype206.a(log_message.o)
                0x0000000000035404                log_fp
 COMMON         0x0000000000035408        0x1 obj_cooja/mtype206.a(serial-line.o)
                0x0000000000035408                serial_line_event_message
 *fill*         0x0000000000035409       0x17 
 COMMON         0x0000000000035420      0x181 obj_cooja/mtype206.a(uip-ds6.o)
                0x0000000000035420                uip_ds6_prefix_list
                0x0000000000035480                uip_ds6_timer_periodic
                0x0000000000035490                uip_ds6_netif_addr_list_offset
                0x00000000000354a0                uip_ds6_if
                0x0000000000035598                uip_ds6_timer_ra
                0x00000000000355a0                uip_ds6_addr_size
 *fill*         0x00000000000355a1       0x1f 
 COMMON         0x00000000000355c0      0x8ec obj_cooja/mtype206.a(uip6.o)
                0x00000000000355c0                uip_slen
                0x00000000000355c2                uip_acc32
                0x00000000000355e0                uip_conns
                0x00000000000356a0                uip_lladdr
                0x00000000000356a8                uip_appdata
                0x00000000000356ac                uip_flags
                0x00000000000356c0                uip_aligned_buf
                0x0000000000035d00                uip_listenports
                0x0000000000035d10                uip_len
                0x0000000000035d14                uip_sappdata
                0x0000000000035d20                uip_udp_conns
                0x0000000000035ea0                uip_udp_conn
                0x0000000000035ea4                uip_next_hdr
                0x0000000000035ea8                uip_conn
 COMMON         0x0000000000035eac        0x1 obj_cooja/mtype206.a(tcpip.o)
                0x0000000000035eac                tcpip_event
 *fill*         0x0000000000035ead       0x13 
 COMMON         0x0000000000035ec0      0x178 obj_cooja/mtype206.a(rpl-dag.o)
                0x0000000000035ec0                default_instance
                0x0000000000035ee0                instance_table
 COMMON         0x0000000000036038        0x8 obj_cooja/mtype206.a(linkaddr.o)
                0x0000000000036038                linkaddr_node_addr
 COMMON         0x0000000000036040       0x2e obj_cooja/mtype206.a(packetbuf.o)
                0x0000000000036040                packetbuf_attrs
                0x000000000003605e                packetbuf_addrs
 *fill*         0x000000000003606e       0x12 
 COMMON         0x0000000000036080       0x48 obj_cooja/mtype206.a(rimestats.o)
                0x0000000000036080                rimestats
                0x00000000000360c8                . = ALIGN ((. != 0x0)?0x4:0x1)
                0x00000000000360c8                . = ALIGN (0x4)
                0x00000000000360c8                . = SEGMENT_START ("ldata-segment", .)
                0x00000000000360c8                . = ALIGN (0x4)
                0x00000000000360c8                _end = .
                0x00000000000360c8                PROVIDE (end, .)
                0x00000000000360c8                . = DATA_SEGMENT_END (.)

.stab
 *(.stab)

.stabstr
 *(.stabstr)

.stab.excl
 *(.stab.excl)

.stab.exclstr
 *(.stab.exclstr)

.stab.index
 *(.stab.index)

.stab.indexstr
 *(.stab.indexstr)

.comment        0x0000000000000000       0x29
 *(.comment)
 .comment       0x0000000000000000       0x29 /usr/lib/gcc/i686-linux-gnu/4.8/crtbeginS.o
                                         0x2a (size before relaxing)
 .comment       0x0000000000000000       0x2a udp-client.co
 .comment       0x0000000000000000       0x2a obj_cooja/mtype206.o
 .comment       0x0000000000000000       0x2a obj_cooja/mtype206.a(simEnvChange.o)
 .comment       0x0000000000000000       0x2a obj_cooja/mtype206.a(cooja_mt.o)
 .comment       0x0000000000000000       0x2a obj_cooja/mtype206.a(cooja_mtarch.o)
 .comment       0x0000000000000000       0x2a obj_cooja/mtype206.a(rtimer-arch.o)
 .comment       0x0000000000000000       0x2a obj_cooja/mtype206.a(beep.o)
 .comment       0x0000000000000000       0x2a obj_cooja/mtype206.a(button-sensor.o)
 .comment       0x0000000000000000       0x2a obj_cooja/mtype206.a(leds-arch.o)
 .comment       0x0000000000000000       0x2a obj_cooja/mtype206.a(moteid.o)
 .comment       0x0000000000000000       0x2a obj_cooja/mtype206.a(pir-sensor.o)
 .comment       0x0000000000000000       0x2a obj_cooja/mtype206.a(rs232.o)
 .comment       0x0000000000000000       0x2a obj_cooja/mtype206.a(vib-sensor.o)
 .comment       0x0000000000000000       0x2a obj_cooja/mtype206.a(clock.o)
 .comment       0x0000000000000000       0x2a obj_cooja/mtype206.a(log.o)
 .comment       0x0000000000000000       0x2a obj_cooja/mtype206.a(cfs-cooja.o)
 .comment       0x0000000000000000       0x2a obj_cooja/mtype206.a(cooja-radio.o)
 .comment       0x0000000000000000       0x2a obj_cooja/mtype206.a(eeprom.o)
 .comment       0x0000000000000000       0x2a obj_cooja/mtype206.a(random.o)
 .comment       0x0000000000000000       0x2a obj_cooja/mtype206.a(sensors.o)
 .comment       0x0000000000000000       0x2a obj_cooja/mtype206.a(autostart.o)
 .comment       0x0000000000000000       0x2a obj_cooja/mtype206.a(ctimer.o)
 .comment       0x0000000000000000       0x2a obj_cooja/mtype206.a(etimer.o)
 .comment       0x0000000000000000       0x2a obj_cooja/mtype206.a(log_message.o)
 .comment       0x0000000000000000       0x2a obj_cooja/mtype206.a(process.o)
 .comment       0x0000000000000000       0x2a obj_cooja/mtype206.a(residual.o)
 .comment       0x0000000000000000       0x2a obj_cooja/mtype206.a(rtimer.o)
 .comment       0x0000000000000000       0x2a obj_cooja/mtype206.a(stimer.o)
 .comment       0x0000000000000000       0x2a obj_cooja/mtype206.a(timer.o)
 .comment       0x0000000000000000       0x2a obj_cooja/mtype206.a(serial-line.o)
 .comment       0x0000000000000000       0x2a obj_cooja/mtype206.a(list.o)
 .comment       0x0000000000000000       0x2a obj_cooja/mtype206.a(ringbuf.o)
 .comment       0x0000000000000000       0x2a obj_cooja/mtype206.a(sicslowpan.o)
 .comment       0x0000000000000000       0x2a obj_cooja/mtype206.a(uip-ds6-nbr.o)
 .comment       0x0000000000000000       0x2a obj_cooja/mtype206.a(uip-ds6-route.o)
 .comment       0x0000000000000000       0x2a obj_cooja/mtype206.a(uip-ds6.o)
 .comment       0x0000000000000000       0x2a obj_cooja/mtype206.a(uip6.o)
 .comment       0x0000000000000000       0x2a obj_cooja/mtype206.a(tcpip.o)
 .comment       0x0000000000000000       0x2a obj_cooja/mtype206.a(uip-debug.o)
 .comment       0x0000000000000000       0x2a obj_cooja/mtype206.a(uip-packetqueue)
 .comment       0x0000000000000000       0x2a obj_cooja/mtype206.a(uip-udp-packet.)
 .comment       0x0000000000000000       0x2a obj_cooja/mtype206.a(rpl-dag.o)
 .comment       0x0000000000000000       0x2a obj_cooja/mtype206.a(rpl-ext-header.)
 .comment       0x0000000000000000       0x2a obj_cooja/mtype206.a(rpl-icmp6.o)
 .comment       0x0000000000000000       0x2a obj_cooja/mtype206.a(rpl-ltmax.o)
 .comment       0x0000000000000000       0x2a obj_cooja/mtype206.a(rpl-timers.o)
 .comment       0x0000000000000000       0x2a obj_cooja/mtype206.a(rpl.o)
 .comment       0x0000000000000000       0x2a obj_cooja/mtype206.a(csma.o)
 .comment       0x0000000000000000       0x2a obj_cooja/mtype206.a(framer-802154.o)
 .comment       0x0000000000000000       0x2a obj_cooja/mtype206.a(mac.o)
 .comment       0x0000000000000000       0x2a obj_cooja/mtype206.a(cxmac.o)
 .comment       0x0000000000000000       0x2a obj_cooja/mtype206.a(linkaddr.o)
 .comment       0x0000000000000000       0x2a obj_cooja/mtype206.a(nbr-table.o)
 .comment       0x0000000000000000       0x2a obj_cooja/mtype206.a(netstack.o)
 .comment       0x0000000000000000       0x2a obj_cooja/mtype206.a(packetbuf.o)
 .comment       0x0000000000000000       0x2a obj_cooja/mtype206.a(queuebuf.o)
 .comment       0x0000000000000000       0x2a obj_cooja/mtype206.a(nullsec.o)
 .comment       0x0000000000000000       0x2a obj_cooja/mtype206.a(watchdog.o)
 .comment       0x0000000000000000       0x2a obj_cooja/mtype206.a(rimestats.o)
 .comment       0x0000000000000000       0x2a obj_cooja/mtype206.a(leds.o)
 .comment       0x0000000000000000       0x2a obj_cooja/mtype206.a(memb.o)
 .comment       0x0000000000000000       0x2a obj_cooja/mtype206.a(uip-icmp6.o)
 .comment       0x0000000000000000       0x2a obj_cooja/mtype206.a(uip-nd6.o)
 .comment       0x0000000000000000       0x2a obj_cooja/mtype206.a(rpl-nbr-policy.)
 .comment       0x0000000000000000       0x2a obj_cooja/mtype206.a(frame802154.o)
 .comment       0x0000000000000000       0x2a /usr/lib/gcc/i686-linux-gnu/4.8/crtendS.o

.debug
 *(.debug)

.line
 *(.line)

.debug_srcinfo
 *(.debug_srcinfo)

.debug_sfnames
 *(.debug_sfnames)

.debug_aranges  0x0000000000000000      0x818
 *(.debug_aranges)
 .debug_aranges
                0x0000000000000000       0x20 udp-client.co
 .debug_aranges
                0x0000000000000020       0x20 obj_cooja/mtype206.o
 .debug_aranges
                0x0000000000000040       0x20 obj_cooja/mtype206.a(simEnvChange.o)
 .debug_aranges
                0x0000000000000060       0x20 obj_cooja/mtype206.a(cooja_mt.o)
 .debug_aranges
                0x0000000000000080       0x20 obj_cooja/mtype206.a(cooja_mtarch.o)
 .debug_aranges
                0x00000000000000a0       0x20 obj_cooja/mtype206.a(rtimer-arch.o)
 .debug_aranges
                0x00000000000000c0       0x20 obj_cooja/mtype206.a(beep.o)
 .debug_aranges
                0x00000000000000e0       0x20 obj_cooja/mtype206.a(button-sensor.o)
 .debug_aranges
                0x0000000000000100       0x20 obj_cooja/mtype206.a(leds-arch.o)
 .debug_aranges
                0x0000000000000120       0x20 obj_cooja/mtype206.a(moteid.o)
 .debug_aranges
                0x0000000000000140       0x20 obj_cooja/mtype206.a(pir-sensor.o)
 .debug_aranges
                0x0000000000000160       0x20 obj_cooja/mtype206.a(rs232.o)
 .debug_aranges
                0x0000000000000180       0x20 obj_cooja/mtype206.a(vib-sensor.o)
 .debug_aranges
                0x00000000000001a0       0x20 obj_cooja/mtype206.a(clock.o)
 .debug_aranges
                0x00000000000001c0       0x20 obj_cooja/mtype206.a(log.o)
 .debug_aranges
                0x00000000000001e0       0x20 obj_cooja/mtype206.a(cfs-cooja.o)
 .debug_aranges
                0x0000000000000200       0x20 obj_cooja/mtype206.a(cooja-radio.o)
 .debug_aranges
                0x0000000000000220       0x20 obj_cooja/mtype206.a(eeprom.o)
 .debug_aranges
                0x0000000000000240       0x20 obj_cooja/mtype206.a(random.o)
 .debug_aranges
                0x0000000000000260       0x20 obj_cooja/mtype206.a(sensors.o)
 .debug_aranges
                0x0000000000000280       0x20 obj_cooja/mtype206.a(autostart.o)
 .debug_aranges
                0x00000000000002a0       0x20 obj_cooja/mtype206.a(ctimer.o)
 .debug_aranges
                0x00000000000002c0       0x20 obj_cooja/mtype206.a(etimer.o)
 .debug_aranges
                0x00000000000002e0       0x20 obj_cooja/mtype206.a(log_message.o)
 .debug_aranges
                0x0000000000000300       0x20 obj_cooja/mtype206.a(process.o)
 .debug_aranges
                0x0000000000000320       0x20 obj_cooja/mtype206.a(residual.o)
 .debug_aranges
                0x0000000000000340       0x20 obj_cooja/mtype206.a(rtimer.o)
 .debug_aranges
                0x0000000000000360       0x20 obj_cooja/mtype206.a(stimer.o)
 .debug_aranges
                0x0000000000000380       0x20 obj_cooja/mtype206.a(timer.o)
 .debug_aranges
                0x00000000000003a0       0x20 obj_cooja/mtype206.a(serial-line.o)
 .debug_aranges
                0x00000000000003c0       0x20 obj_cooja/mtype206.a(list.o)
 .debug_aranges
                0x00000000000003e0       0x20 obj_cooja/mtype206.a(ringbuf.o)
 .debug_aranges
                0x0000000000000400       0x20 obj_cooja/mtype206.a(sicslowpan.o)
 .debug_aranges
                0x0000000000000420       0x20 obj_cooja/mtype206.a(uip-ds6-nbr.o)
 .debug_aranges
                0x0000000000000440       0x20 obj_cooja/mtype206.a(uip-ds6-route.o)
 .debug_aranges
                0x0000000000000460       0x20 obj_cooja/mtype206.a(uip-ds6.o)
 .debug_aranges
                0x0000000000000480       0x20 obj_cooja/mtype206.a(uip6.o)
 .debug_aranges
                0x00000000000004a0       0x20 obj_cooja/mtype206.a(tcpip.o)
 .debug_aranges
                0x00000000000004c0       0x20 obj_cooja/mtype206.a(uip-debug.o)
 .debug_aranges
                0x00000000000004e0       0x20 obj_cooja/mtype206.a(uip-packetqueue)
 .debug_aranges
                0x0000000000000500       0x20 obj_cooja/mtype206.a(uip-udp-packet.)
 .debug_aranges
                0x0000000000000520       0x20 obj_cooja/mtype206.a(rpl-dag.o)
 .debug_aranges
                0x0000000000000540       0x20 obj_cooja/mtype206.a(rpl-ext-header.)
 .debug_aranges
                0x0000000000000560       0x20 obj_cooja/mtype206.a(rpl-icmp6.o)
 .debug_aranges
                0x0000000000000580       0x20 obj_cooja/mtype206.a(rpl-ltmax.o)
 .debug_aranges
                0x00000000000005a0       0x20 obj_cooja/mtype206.a(rpl-timers.o)
 .debug_aranges
                0x00000000000005c0       0x20 obj_cooja/mtype206.a(rpl.o)
 .debug_aranges
                0x00000000000005e0       0x20 obj_cooja/mtype206.a(csma.o)
 .debug_aranges
                0x0000000000000600       0x20 obj_cooja/mtype206.a(framer-802154.o)
 .debug_aranges
                0x0000000000000620       0x20 obj_cooja/mtype206.a(mac.o)
 .debug_aranges
                0x0000000000000640       0x20 obj_cooja/mtype206.a(cxmac.o)
 .debug_aranges
                0x0000000000000660       0x20 obj_cooja/mtype206.a(linkaddr.o)
 .debug_aranges
                0x0000000000000680       0x20 obj_cooja/mtype206.a(nbr-table.o)
 .debug_aranges
                0x00000000000006a0       0x20 obj_cooja/mtype206.a(netstack.o)
 .debug_aranges
                0x00000000000006c0       0x20 obj_cooja/mtype206.a(packetbuf.o)
 .debug_aranges
                0x00000000000006e0       0x20 obj_cooja/mtype206.a(queuebuf.o)
 .debug_aranges
                0x0000000000000700       0x20 obj_cooja/mtype206.a(nullsec.o)
 .debug_aranges
                0x0000000000000720       0x20 obj_cooja/mtype206.a(watchdog.o)
 .debug_aranges
                0x0000000000000740       0x18 obj_cooja/mtype206.a(rimestats.o)
 .debug_aranges
                0x0000000000000758       0x20 obj_cooja/mtype206.a(leds.o)
 .debug_aranges
                0x0000000000000778       0x20 obj_cooja/mtype206.a(memb.o)
 .debug_aranges
                0x0000000000000798       0x20 obj_cooja/mtype206.a(uip-icmp6.o)
 .debug_aranges
                0x00000000000007b8       0x20 obj_cooja/mtype206.a(uip-nd6.o)
 .debug_aranges
                0x00000000000007d8       0x20 obj_cooja/mtype206.a(rpl-nbr-policy.)
 .debug_aranges
                0x00000000000007f8       0x20 obj_cooja/mtype206.a(frame802154.o)

.debug_pubnames
 *(.debug_pubnames)

.debug_info     0x0000000000000000    0x1cd3f
 *(.debug_info .gnu.linkonce.wi.*)
 .debug_info    0x0000000000000000     0x11bc udp-client.co
 .debug_info    0x00000000000011bc     0x3b1e obj_cooja/mtype206.o
 .debug_info    0x0000000000004cda      0x15a obj_cooja/mtype206.a(simEnvChange.o)
 .debug_info    0x0000000000004e34      0x1e2 obj_cooja/mtype206.a(cooja_mt.o)
 .debug_info    0x0000000000005016      0x2e7 obj_cooja/mtype206.a(cooja_mtarch.o)
 .debug_info    0x00000000000052fd      0x16b obj_cooja/mtype206.a(rtimer-arch.o)
 .debug_info    0x0000000000005468      0x1f3 obj_cooja/mtype206.a(beep.o)
 .debug_info    0x000000000000565b      0x257 obj_cooja/mtype206.a(button-sensor.o)
 .debug_info    0x00000000000058b2      0x132 obj_cooja/mtype206.a(leds-arch.o)
 .debug_info    0x00000000000059e4      0x10a obj_cooja/mtype206.a(moteid.o)
 .debug_info    0x0000000000005aee      0x216 obj_cooja/mtype206.a(pir-sensor.o)
 .debug_info    0x0000000000005d04      0x21e obj_cooja/mtype206.a(rs232.o)
 .debug_info    0x0000000000005f22      0x216 obj_cooja/mtype206.a(vib-sensor.o)
 .debug_info    0x0000000000006138      0x152 obj_cooja/mtype206.a(clock.o)
 .debug_info    0x000000000000628a      0x2bb obj_cooja/mtype206.a(log.o)
 .debug_info    0x0000000000006545      0x3cf obj_cooja/mtype206.a(cfs-cooja.o)
 .debug_info    0x0000000000006914      0xc9c obj_cooja/mtype206.a(cooja-radio.o)
 .debug_info    0x00000000000075b0      0x1d5 obj_cooja/mtype206.a(eeprom.o)
 .debug_info    0x0000000000007785       0xb3 obj_cooja/mtype206.a(random.o)
 .debug_info    0x0000000000007838      0x36d obj_cooja/mtype206.a(sensors.o)
 .debug_info    0x0000000000007ba5      0x1a5 obj_cooja/mtype206.a(autostart.o)
 .debug_info    0x0000000000007d4a      0x46c obj_cooja/mtype206.a(ctimer.o)
 .debug_info    0x00000000000081b6      0x49c obj_cooja/mtype206.a(etimer.o)
 .debug_info    0x0000000000008652      0x55c obj_cooja/mtype206.a(log_message.o)
 .debug_info    0x0000000000008bae      0x4ba obj_cooja/mtype206.a(process.o)
 .debug_info    0x0000000000009068      0x16b obj_cooja/mtype206.a(residual.o)
 .debug_info    0x00000000000091d3      0x1ab obj_cooja/mtype206.a(rtimer.o)
 .debug_info    0x000000000000937e      0x179 obj_cooja/mtype206.a(stimer.o)
 .debug_info    0x00000000000094f7      0x16c obj_cooja/mtype206.a(timer.o)
 .debug_info    0x0000000000009663      0x2de obj_cooja/mtype206.a(serial-line.o)
 .debug_info    0x0000000000009941      0x2ed obj_cooja/mtype206.a(list.o)
 .debug_info    0x0000000000009c2e      0x1aa obj_cooja/mtype206.a(ringbuf.o)
 .debug_info    0x0000000000009dd8     0x105e obj_cooja/mtype206.a(sicslowpan.o)
 .debug_info    0x000000000000ae36      0x853 obj_cooja/mtype206.a(uip-ds6-nbr.o)
 .debug_info    0x000000000000b689      0xd30 obj_cooja/mtype206.a(uip-ds6-route.o)
 .debug_info    0x000000000000c3b9      0xa5b obj_cooja/mtype206.a(uip-ds6.o)
 .debug_info    0x000000000000ce14      0xfbc obj_cooja/mtype206.a(uip6.o)
 .debug_info    0x000000000000ddd0     0x157e obj_cooja/mtype206.a(tcpip.o)
 .debug_info    0x000000000000f34e      0x1b5 obj_cooja/mtype206.a(uip-debug.o)
 .debug_info    0x000000000000f503      0x470 obj_cooja/mtype206.a(uip-packetqueue)
 .debug_info    0x000000000000f973      0x37a obj_cooja/mtype206.a(uip-udp-packet.)
 .debug_info    0x000000000000fced     0x1bbb obj_cooja/mtype206.a(rpl-dag.o)