Archive member included to satisfy reference by file (symbol)

obj_cooja/mtype865.a(simEnvChange.o)
                              obj_cooja/mtype865.o (simDontFallAsleep)
obj_cooja/mtype865.a(cooja_mt.o)
                              obj_cooja/mtype865.o (cooja_mt_start)
obj_cooja/mtype865.a(cooja_mtarch.o)
                              obj_cooja/mtype865.a(cooja_mt.o) (cooja_mtarch_init)
obj_cooja/mtype865.a(rtimer-arch.o)
                              obj_cooja/mtype865.o (rtimer_arch_next)
obj_cooja/mtype865.a(beep.o)  obj_cooja/mtype865.o (beep_interface)
obj_cooja/mtype865.a(button-sensor.o)
                              obj_cooja/mtype865.o (button_interface)
obj_cooja/mtype865.a(leds-arch.o)
                              obj_cooja/mtype865.o (leds_interface)
obj_cooja/mtype865.a(moteid.o)
                              obj_cooja/mtype865.o (moteid_interface)
obj_cooja/mtype865.a(pir-sensor.o)
                              obj_cooja/mtype865.o (pir_interface)
obj_cooja/mtype865.a(rs232.o)
                              obj_cooja/mtype865.o (rs232_interface)
obj_cooja/mtype865.a(vib-sensor.o)
                              obj_cooja/mtype865.o (vib_interface)
obj_cooja/mtype865.a(clock.o)
                              obj_cooja/mtype865.o (clock_interface)
obj_cooja/mtype865.a(log.o)   obj_cooja/mtype865.o (simlog_interface)
obj_cooja/mtype865.a(cfs-cooja.o)
                              obj_cooja/mtype865.o (cfs_interface)
obj_cooja/mtype865.a(cooja-radio.o)
                              obj_cooja/mtype865.o (radio_interface)
obj_cooja/mtype865.a(eeprom.o)
                              obj_cooja/mtype865.o (eeprom_interface)
obj_cooja/mtype865.a(random.o)
                              obj_cooja/mtype865.a(moteid.o) (random_init)
obj_cooja/mtype865.a(sensors.o)
                              udp-client.co (sensors_event)
obj_cooja/mtype865.a(leds.o)  obj_cooja/mtype865.a(cooja-radio.o) (leds_on)
obj_cooja/mtype865.a(dual_conf.o)
                              obj_cooja/mtype865.a(cooja-radio.o) (long_range_radio)
obj_cooja/mtype865.a(autostart.o)
                              obj_cooja/mtype865.o (autostart_start)
obj_cooja/mtype865.a(ctimer.o)
                              obj_cooja/mtype865.o (ctimer_init)
obj_cooja/mtype865.a(etimer.o)
                              obj_cooja/mtype865.o (etimer_process)
obj_cooja/mtype865.a(log_message.o)
                              udp-client.co (log_fp)
obj_cooja/mtype865.a(process.o)
                              udp-client.co (process_current)
obj_cooja/mtype865.a(residual.o)
                              udp-client.co (DISSIPATION_RATE)
obj_cooja/mtype865.a(rtimer.o)
                              obj_cooja/mtype865.a(rtimer-arch.o) (rtimer_run_next)
obj_cooja/mtype865.a(stimer.o)
                              udp-client.co (stimer_remaining)
obj_cooja/mtype865.a(timer.o)
                              obj_cooja/mtype865.a(button-sensor.o) (timer_set)
obj_cooja/mtype865.a(serial-line.o)
                              udp-client.co (serial_line_event_message)
obj_cooja/mtype865.a(list.o)  obj_cooja/mtype865.a(ctimer.o) (list_init)
obj_cooja/mtype865.a(ringbuf.o)
                              obj_cooja/mtype865.a(serial-line.o) (ringbuf_init)
obj_cooja/mtype865.a(sicslowpan.o)
                              obj_cooja/mtype865.o (sicslowpan_driver)
obj_cooja/mtype865.a(uip-ds6-nbr.o)
                              obj_cooja/mtype865.a(sicslowpan.o) (uip_ds6_link_neighbor_callback)
obj_cooja/mtype865.a(uip-ds6-route.o)
                              udp-client.co (uip_ds6_route_nexthop)
obj_cooja/mtype865.a(uip-ds6.o)
                              udp-client.co (uip_ds6_if)
obj_cooja/mtype865.a(uip6.o)  udp-client.co (uip_lladdr)
obj_cooja/mtype865.a(tcpip.o)
                              udp-client.co (tcpip_event)
obj_cooja/mtype865.a(uip-debug.o)
                              udp-client.co (uip_debug_ipaddr_print)
obj_cooja/mtype865.a(uip-packetqueue)
                              obj_cooja/mtype865.a(uip-ds6-nbr.o) (uip_packetqueue_new)
obj_cooja/mtype865.a(uip-udp-packet.)
                              udp-client.co (uip_udp_packet_sendto)
obj_cooja/mtype865.a(rpl-dag.o)
                              udp-client.co (rpl_parents)
obj_cooja/mtype865.a(rpl-ext-header.)
                              obj_cooja/mtype865.a(uip6.o) (rpl_verify_header)
obj_cooja/mtype865.a(rpl-icmp6.o)
                              obj_cooja/mtype865.a(rpl-dag.o) (rpl_icmp6_update_nbr_table)
obj_cooja/mtype865.a(rpl-ltmax.o)
                              obj_cooja/mtype865.a(rpl-dag.o) (rpl_ltmax_of)
obj_cooja/mtype865.a(rpl-timers.o)
                              obj_cooja/mtype865.a(rpl-dag.o) (rpl_reset_dio_timer)
obj_cooja/mtype865.a(rpl.o)   obj_cooja/mtype865.a(rpl-icmp6.o) (rpl_get_mode)
obj_cooja/mtype865.a(csma.o)  obj_cooja/mtype865.o (csma_driver)
obj_cooja/mtype865.a(framer-802154.o)
                              obj_cooja/mtype865.a(sicslowpan.o) (framer_802154)
[...]
Memory Configuration

Name             Origin             Length             Attributes
*default*        0x0000000000000000 0xffffffffffffffff

Linker script and memory map

LOAD /usr/lib/gcc/i686-linux-gnu/4.8/../../../i386-linux-gnu/crti.o
LOAD /usr/lib/gcc/i686-linux-gnu/4.8/crtbeginS.o
LOAD udp-client.co
LOAD obj_cooja/mtype865.o
LOAD obj_cooja/mtype865.a
LOAD /usr/lib/gcc/i686-linux-gnu/4.8/libgcc.a
LOAD /usr/lib/gcc/i686-linux-gnu/4.8/libgcc_s.so
LOAD /usr/lib/gcc/i686-linux-gnu/4.8/../../../i386-linux-gnu/libc.so
START GROUP
LOAD /lib/i386-linux-gnu/libc.so.6
LOAD /usr/lib/i386-linux-gnu/libc_nonshared.a
LOAD /lib/i386-linux-gnu/ld-linux.so.2
END GROUP
LOAD /usr/lib/gcc/i686-linux-gnu/4.8/libgcc.a
LOAD /usr/lib/gcc/i686-linux-gnu/4.8/libgcc_s.so
LOAD /usr/lib/gcc/i686-linux-gnu/4.8/crtendS.o
LOAD /usr/lib/gcc/i686-linux-gnu/4.8/../../../i386-linux-gnu/crtn.o
                0x0000000000000114                . = (0x0 + SIZEOF_HEADERS)

.note.gnu.build-id
                0x0000000000000114       0x24
 *(.note.gnu.build-id)
 .note.gnu.build-id
                0x0000000000000114       0x24 /usr/lib/gcc/i686-linux-gnu/4.8/../../../i386-linux-gnu/crti.o

.hash
 *(.hash)

.gnu.hash       0x0000000000000138     0x138c
 *(.gnu.hash)
 .gnu.hash      0x0000000000000138     0x138c /usr/lib/gcc/i686-linux-gnu/4.8/../../../i386-linux-gnu/crti.o

.dynsym         0x00000000000014c4     0x26d0
 *(.dynsym)
 .dynsym        0x00000000000014c4     0x26d0 /usr/lib/gcc/i686-linux-gnu/4.8/../../../i386-linux-gnu/crti.o

.dynstr         0x0000000000003b94     0x27c5
 *(.dynstr)
 .dynstr        0x0000000000003b94     0x27c5 /usr/lib/gcc/i686-linux-gnu/4.8/../../../i386-linux-gnu/crti.o

.gnu.version    0x000000000000635a      0x4da
 *(.gnu.version)
 .gnu.version   0x000000000000635a      0x4da /usr/lib/gcc/i686-linux-gnu/4.8/../../../i386-linux-gnu/crti.o

.gnu.version_d  0x0000000000006834        0x0
 *(.gnu.version_d)
 .gnu.version_d
                0x0000000000000000        0x0 /usr/lib/gcc/i686-linux-gnu/4.8/../../../i386-linux-gnu/crti.o

.gnu.version_r  0x0000000000006834       0x50
 *(.gnu.version_r)
 .gnu.version_r
                0x0000000000006834       0x50 /usr/lib/gcc/i686-linux-gnu/4.8/../../../i386-linux-gnu/crti.o

.rel.dyn        0x0000000000006884     0x9d00
 *(.rel.init)
 .rel.init      0x0000000000000000        0x0 /usr/lib/gcc/i686-linux-gnu/4.8/../../../i386-linux-gnu/crti.o
 *(.rel.text .rel.text.* .rel.gnu.linkonce.t.*)
 .rel.text      0x0000000000006884     0x9528 /usr/lib/gcc/i686-linux-gnu/4.8/../../../i386-linux-gnu/crti.o
 *(.rel.fini)
 .rel.fini      0x0000000000000000        0x0 /usr/lib/gcc/i686-linux-gnu/4.8/../../../i386-linux-gnu/crti.o
 *(.rel.rodata .rel.rodata.* .rel.gnu.linkonce.r.*)
 .rel.rodata    0x000000000000fdac      0x4e0 /usr/lib/gcc/i686-linux-gnu/4.8/../../../i386-linux-gnu/crti.o
 *(.rel.data.rel.ro .rel.data.rel.ro.* .rel.gnu.linkonce.d.rel.ro.*)
 *(.rel.data .rel.data.* .rel.gnu.linkonce.d.*)
 .rel.data.rel  0x000000000001028c        0x8 /usr/lib/gcc/i686-linux-gnu/4.8/../../../i386-linux-gnu/crti.o
 .rel.data      0x0000000000010294      0x2b8 /usr/lib/gcc/i686-linux-gnu/4.8/../../../i386-linux-gnu/crti.o
 *(.rel.tdata .rel.tdata.* .rel.gnu.linkonce.td.*)
 *(.rel.tbss .rel.tbss.* .rel.gnu.linkonce.tb.*)
 *(.rel.ctors)
 *(.rel.dtors)
 *(.rel.got)
 .rel.got       0x000000000001054c       0x28 /usr/lib/gcc/i686-linux-gnu/4.8/../../../i386-linux-gnu/crti.o
 *(.rel.bss .rel.bss.* .rel.gnu.linkonce.b.*)
 *(.rel.ifunc)
 .rel.ifunc     0x0000000000000000        0x0 /usr/lib/gcc/i686-linux-gnu/4.8/../../../i386-linux-gnu/crti.o
 .rel.fini_array
                0x0000000000010574        0x8 /usr/lib/gcc/i686-linux-gnu/4.8/../../../i386-linux-gnu/crti.o
 .rel.init_array
                0x000000000001057c        0x8 /usr/lib/gcc/i686-linux-gnu/4.8/../../../i386-linux-gnu/crti.o

.rel.plt        0x0000000000010584       0x10
 *(.rel.plt)
 .rel.plt       0x0000000000010584       0x10 /usr/lib/gcc/i686-linux-gnu/4.8/../../../i386-linux-gnu/crti.o
 *(.rel.iplt)

.init           0x0000000000010594       0x23
 *(SORT(.init))
 .init          0x0000000000010594       0x1e /usr/lib/gcc/i686-linux-gnu/4.8/../../../i386-linux-gnu/crti.o
                0x0000000000010594                _init
 .init          0x00000000000105b2        0x5 /usr/lib/gcc/i686-linux-gnu/4.8/../../../i386-linux-gnu/crtn.o

.plt            0x00000000000105c0       0x30
 *(.plt)
 .plt           0x00000000000105c0       0x30 /usr/lib/gcc/i686-linux-gnu/4.8/../../../i386-linux-gnu/crti.o
 *(.iplt)

.text           0x00000000000105f0    0x17a12
 *(.text.unlikely .text.*_unlikely .text.unlikely.*)
 *(.text.exit .text.exit.*)
 *(.text.startup .text.startup.*)
 *(.text.hot .text.hot.*)
 *(.text .stub .text.* .gnu.linkonce.t.*)
 .text          0x00000000000105f0        0x0 /usr/lib/gcc/i686-linux-gnu/4.8/../../../i386-linux-gnu/crti.o
 .gnu.linkonce.t.__x86.get_pc_thunk.bx
                0x00000000000105f0        0x4 /usr/lib/gcc/i686-linux-gnu/4.8/../../../i386-linux-gnu/crti.o
                0x00000000000105f0                __x86.get_pc_thunk.bx
 *fill*         0x00000000000105f4        0xc 
 .text          0x0000000000010600      0x11b /usr/lib/gcc/i686-linux-gnu/4.8/crtbeginS.o
 .text          0x000000000001071b      0xb47 udp-client.co
 .text          0x0000000000011262      0x949 obj_cooja/mtype865.o
                0x0000000000011410                contiki_init
                0x00000000000119c2                Java_org_contikios_cooja_corecomm_Lib4_init
                0x0000000000011a02                Java_org_contikios_cooja_corecomm_Lib4_getMemory
                0x0000000000011a42                Java_org_contikios_cooja_corecomm_Lib4_setMemory
                0x0000000000011ab9                Java_org_contikios_cooja_corecomm_Lib4_tick
                0x0000000000011b99                Java_org_contikios_cooja_corecomm_Lib4_setReferenceAddress
 .text          0x0000000000011bab       0x63 obj_cooja/mtype865.a(simEnvChange.o)
                0x0000000000011bab                doActionsBeforeTick
                0x0000000000011bdc                doActionsAfterTick
 .text          0x0000000000011c0e       0xbc obj_cooja/mtype865.a(cooja_mt.o)
                0x0000000000011c0e                cooja_mt_init
                0x0000000000011c1b                cooja_mt_remove
                0x0000000000011c28                cooja_mt_start
                0x0000000000011c55                cooja_mt_exec
                0x0000000000011c86                cooja_mt_exit
                0x0000000000011ca8                cooja_mt_yield
 .text          0x0000000000011cca      0x115 obj_cooja/mtype865.a(cooja_mtarch.o)
                0x0000000000011cca                cooja_mtarch_init
                0x0000000000011ccf                cooja_mtarch_start
                0x0000000000011d4a                cooja_sw
                0x0000000000011d6c                cooja_mtarch_exec
                0x0000000000011d88                cooja_mtarch_remove
                0x0000000000011d8d                cooja_mtarch_yield
                0x0000000000011d97                cooja_mtarch_pstop
                0x0000000000011d9c                cooja_mtarch_pstart
                0x0000000000011da1                cooja_mtarch_stack_usage
 .text          0x0000000000011ddf       0xc2 obj_cooja/mtype865.a(rtimer-arch.o)
                0x0000000000011ddf                rtimer_arch_init
                0x0000000000011e02                rtimer_arch_schedule
                0x0000000000011e19                rtimer_arch_next
                0x0000000000011e23                rtimer_arch_pending
                0x0000000000011e2d                rtimer_arch_check
                0x0000000000011e5f                rtimer_arch_now
 .text          0x0000000000011ea1       0x76 obj_cooja/mtype865.a(beep.o)
                0x0000000000011ea1                beep_alarm
                0x0000000000011ead                beep_beep
                0x0000000000011eb9                beep
                0x0000000000011ec5                beep_down
                0x0000000000011ed1                beep_on
                0x0000000000011edd                beep_off
                0x0000000000011ee9                beep_spinup
                0x0000000000011ef5                beep_quick
                0x0000000000011f01                beep_long
 .text          0x0000000000011f17      0x103 obj_cooja/mtype865.a(button-sensor.o)
 .text          0x000000000001201a       0x45 obj_cooja/mtype865.a(leds-arch.o)
                0x000000000001201a                leds_arch_init
                0x0000000000012026                leds_arch_get
                0x0000000000012032                leds_arch_set
 .text          0x000000000001205f       0x2f obj_cooja/mtype865.a(moteid.o)
 .text          0x000000000001208e       0xb1 obj_cooja/mtype865.a(pir-sensor.o)
 .text          0x000000000001213f      0x131 obj_cooja/mtype865.a(rs232.o)
                0x000000000001213f                rs232_init
                0x0000000000012144                rs232_set_speed
                0x0000000000012152                rs232_set_input
                0x000000000001215f                rs232_send
                0x0000000000012181                rs232_print
                0x000000000001219c                slip_arch_writeb
 .text          0x0000000000012270       0xb1 obj_cooja/mtype865.a(vib-sensor.o)
 .text          0x0000000000012321       0x34 obj_cooja/mtype865.a(clock.o)
                0x0000000000012321                clock_init
                0x0000000000012326                clock_time
                0x0000000000012330                clock_seconds
                0x0000000000012346                clock_delay
 .text          0x0000000000012355      0x1ed obj_cooja/mtype865.a(log.o)
                0x0000000000012355                simlog_char
                0x0000000000012397                simlog
                0x0000000000012404                log_message
                0x000000000001242c                log_set_putchar_with_slip
                0x0000000000012439                log_putchar
                0x00000000000124bd                log_puts
                0x00000000000124e1                log_printf
 .text          0x0000000000012542      0x2c4 obj_cooja/mtype865.a(cfs-cooja.o)
                0x0000000000012542                cfs_open
                0x00000000000125ab                cfs_close
                0x00000000000125b7                cfs_read
                0x0000000000012655                cfs_write
                0x0000000000012732                cfs_seek
                0x00000000000127ba                cfs_remove
                0x00000000000127e3                cfs_opendir
                0x00000000000127ed                cfs_readdir
                0x00000000000127f7                cfs_closedir
 .text          0x0000000000012806      0x69f obj_cooja/mtype865.a(cooja-radio.o)
                0x0000000000012830                radio_set_channel
                0x0000000000012845                radio_set_txpower
                0x0000000000012865                radio_signal_strength_last
                0x000000000001286f                radio_signal_strength_current
                0x0000000000012879                radio_LQI
 .text          0x0000000000012ea5       0xef obj_cooja/mtype865.a(eeprom.o)
                0x0000000000012ea5                eeprom_init
                0x0000000000012eaa                eeprom_read
                0x0000000000012f1a                eeprom_write
 .text          0x0000000000012f94       0x28 obj_cooja/mtype865.a(random.o)
                0x0000000000012f94                random_init
                0x0000000000012faf                random_rand
 .text          0x0000000000012fbc      0x2a1 obj_cooja/mtype865.a(sensors.o)
                0x0000000000012ff7                sensors_first
                0x0000000000013001                sensors_next
                0x000000000001301e                sensors_changed
                0x000000000001304d                sensors_find
 .text          0x000000000001325d      0x134 obj_cooja/mtype865.a(leds.o)
                0x00000000000132ae                leds_init
                0x00000000000132c2                leds_blink
                0x00000000000132fa                leds_get
                0x0000000000013307                leds_set
                0x0000000000013321                leds_on
                0x0000000000013344                leds_off
                0x000000000001336e                leds_toggle
 .text          0x0000000000013391      0x318 obj_cooja/mtype865.a(dual_conf.o)
                0x0000000000013391                dual_radio_switch
                0x00000000000133d1                dual_radio_change
                0x000000000001340b                sending_in_LR
                0x0000000000013436                dual_radio_received
                0x000000000001346e                radio_received_is_longrange
                0x0000000000013489                dual_radio_turn_on
                0x00000000000134ac                dual_radio_turn_off
                0x000000000001365f                dio_broadcast
                0x0000000000013688                dis_broadcast
 .text          0x00000000000136a9       0x8e obj_cooja/mtype865.a(autostart.o)
                0x00000000000136a9                autostart_start
                0x00000000000136f4                autostart_exit
 .text          0x0000000000013737      0x334 obj_cooja/mtype865.a(ctimer.o)
                0x000000000001384e                ctimer_init
                0x000000000001387e                ctimer_set
                0x00000000000138af                ctimer_set_with_process
                0x000000000001392b                ctimer_reset
                0x000000000001397a                ctimer_restart
                0x00000000000139c9                ctimer_stop
                0x0000000000013a14                ctimer_expired
 .text          0x0000000000013a6b      0x40b obj_cooja/mtype865.a(etimer.o)
                0x0000000000013c7e                etimer_request_poll
                0x0000000000013d02                etimer_set
                0x0000000000013d27                etimer_reset_with_new_interval
                0x0000000000013d4e                etimer_reset
                0x0000000000013d6c                etimer_restart
                0x0000000000013d8a                etimer_adjust
                0x0000000000013da6                etimer_expired
                0x0000000000013db9                etimer_expiration_time
                0x0000000000013dcb                etimer_start_time
                0x0000000000013dd5                etimer_pending
                0x0000000000013de7                etimer_next_expiration_time
                0x0000000000013e01                etimer_stop
 .text          0x0000000000013e76      0x220 obj_cooja/mtype865.a(log_message.o)
                0x0000000000013e76                log_initialization
                0x0000000000014075                log_finisher
 .text          0x0000000000014096      0x560 obj_cooja/mtype865.a(process.o)
                0x0000000000014096                process_alloc_event
                0x00000000000140ab                process_start
                0x0000000000014294                process_exit
                0x00000000000142b0                process_init
                0x0000000000014481                process_run
                0x00000000000144b4                process_nevents
                0x00000000000144cf                process_post
                0x000000000001457b                process_post_synch
                0x00000000000145b3                process_poll
                0x00000000000145e2                process_is_running
 .text          0x00000000000145f6       0xd3 obj_cooja/mtype865.a(residual.o)
                0x00000000000145f6                get_residual_energy
 .text          0x00000000000146c9       0xba obj_cooja/mtype865.a(rtimer.o)
                0x00000000000146c9                rtimer_init
                0x00000000000146d6                rtimer_set
                0x000000000001472d                rtimer_run_next
 .text          0x0000000000014783       0xa3 obj_cooja/mtype865.a(stimer.o)
                0x0000000000014783                stimer_set
                0x000000000001479e                stimer_reset
                0x00000000000147b5                stimer_restart
                0x00000000000147c7                stimer_expired
                0x00000000000147ee                stimer_remaining
                0x0000000000014812                stimer_elapsed
 .text          0x0000000000014826       0x91 obj_cooja/mtype865.a(timer.o)
                0x0000000000014826                timer_set
                0x0000000000014841                timer_reset
                0x0000000000014858                timer_restart
                0x000000000001486a                timer_expired
                0x0000000000014893                timer_remaining
 .text          0x00000000000148b7      0x1fb obj_cooja/mtype865.a(serial-line.o)
                0x00000000000148b7                serial_line_input_byte
                0x0000000000014a7a                serial_line_init
 .text          0x0000000000014ab2      0x244 obj_cooja/mtype865.a(list.o)
                0x0000000000014ab2                list_init
                0x0000000000014ac0                list_head
                0x0000000000014aca                list_copy
                0x0000000000014ad9                list_tail
                0x0000000000014b0f                list_add
                0x0000000000014b58                list_push
                0x0000000000014b84                list_chop
                0x0000000000014bee                list_pop
                0x0000000000014c16                list_remove
                0x0000000000014c7d                list_length
                0x0000000000014cab                list_insert
                0x0000000000014cdf                list_item_next
 .text          0x0000000000014cf6      0x155 obj_cooja/mtype865.a(ringbuf.o)
                0x0000000000014cf6                ringbuf_init
                0x0000000000014d27                ringbuf_put
                0x0000000000014da5                ringbuf_get
                0x0000000000014e12                ringbuf_size
                0x0000000000014e24                ringbuf_elements
 .text          0x0000000000014e4b     0x258b obj_cooja/mtype865.a(sicslowpan.o)
                0x00000000000153d5                rime_sniffer_add
                0x00000000000153e2                rime_sniffer_remove
                0x0000000000017375                sicslowpan_init
                0x00000000000173cc                sicslowpan_get_last_rssi
 .text          0x00000000000173d6      0x2d9 obj_cooja/mtype865.a(uip-ds6-nbr.o)
                0x00000000000173f3                uip_ds6_neighbors_init
                0x0000000000017410                uip_ds6_nbr_add
                0x00000000000174be                uip_ds6_nbr_rm
                0x000000000001751b                uip_ds6_nbr_get_ipaddr
                0x0000000000017530                uip_ds6_nbr_get_ll
                0x000000000001754c                uip_ds6_nbr_num
                0x0000000000017591                uip_ds6_nbr_lookup
                0x00000000000175f6                uip_ds6_nbr_ll_lookup
                0x0000000000017612                uip_ds6_nbr_ipaddr_from_lladdr
                0x0000000000017638                uip_ds6_nbr_lladdr_from_ipaddr
                0x0000000000017666                uip_ds6_link_neighbor_callback
 .text          0x00000000000176af      0x916 obj_cooja/mtype865.a(uip-ds6-route.o)
                0x0000000000017726                uip_ds6_notification_add
                0x0000000000017757                uip_ds6_notification_rm
                0x0000000000017773                uip_ds6_route_init
                0x00000000000177fb                uip_ds6_route_nexthop
                0x0000000000017823                uip_ds6_route_head
                0x0000000000017838                uip_ds6_route_next
                0x000000000001785e                uip_ds6_route_is_nexthop
                0x000000000001789d                uip_ds6_route_num_routes
                0x00000000000178a7                uip_ds6_route_lookup
                0x0000000000017969                uip_ds6_route_add
                0x0000000000017b9d                uip_ds6_route_rm
                0x0000000000017d31                uip_ds6_route_rm_by_nexthop
                0x0000000000017d69                uip_ds6_defrt_add
                0x0000000000017e1a                uip_ds6_defrt_rm
                0x0000000000017e99                uip_ds6_defrt_lookup
                0x0000000000017ef2                uip_ds6_defrt_choose
                0x0000000000017f5d                uip_ds6_defrt_periodic
 .text          0x0000000000017fc5     0x12ad obj_cooja/mtype865.a(uip-ds6.o)
                0x0000000000017fc5                uip_ds6_init
                0x000000000001831a                uip_ds6_periodic
                0x00000000000183f2                uip_ds6_list_loop
                0x0000000000018499                uip_ds6_prefix_add
                0x0000000000018557                uip_ds6_prefix_rm
                0x0000000000018569                uip_ds6_prefix_lookup
                0x00000000000185ba                uip_ds6_is_addr_onlink
                0x000000000001862e                uip_ds6_addr_add
                0x000000000001875c                uip_ds6_long_addr_add
                0x000000000001888a                uip_ds6_addr_rm
                0x000000000001892a                uip_ds6_addr_lookup
                0x0000000000018975                uip_ds6_long_addr_lookup
                0x00000000000189c0                uip_ds6_get_link_local
                0x0000000000018a3f                uip_ds6_long_get_link_local
                0x0000000000018abe                uip_ds6_get_global
                0x0000000000018b3d                uip_ds6_long_get_global
                0x0000000000018bbc                uip_ds6_maddr_add
                0x0000000000018c2e                uip_ds6_long_maddr_add
                0x0000000000018ca0                uip_ds6_maddr_rm
                0x0000000000018cb2                uip_ds6_maddr_lookup
                0x0000000000018cfd                uip_ds6_long_maddr_lookup
                0x0000000000018d48                uip_ds6_aaddr_add
                0x0000000000018dba                uip_ds6_long_aaddr_add
                0x0000000000018e2c                uip_ds6_aaddr_rm
                0x0000000000018e3e                uip_ds6_aaddr_lookup
                0x0000000000018e89                uip_ds6_long_aaddr_lookup
                0x0000000000018ed4                uip_ds6_select_src
                0x000000000001915d                uip_ds6_set_addr_iid
                0x0000000000019194                get_match_length
                0x0000000000019226                uip_ds6_compute_reachable_time
 .text          0x0000000000019272     0x29ac obj_cooja/mtype865.a(uip6.o)
                0x0000000000019272                uip_add32
                0x000000000001940b                uip_chksum
                0x00000000000194f9                uip_icmp6chksum
                0x000000000001950d                uip_tcpchksum
                0x0000000000019521                uip_init
                0x00000000000195f1                uip_connect
                0x00000000000197a0                remove_ext_hdr
                0x0000000000019875                uip_udp_new
                0x00000000000199d1                uip_unlisten
                0x0000000000019a31                uip_listen
                0x0000000000019cf3                uip_process
                0x000000000001bb12                uip_htons
                0x000000000001bb34                uip_htonl
                0x000000000001bb74                uip_send
 .text          0x000000000001bc1e      0xa53 obj_cooja/mtype865.a(tcpip.o)
                0x000000000001bc1e                tcpip_output
                0x000000000001bc59                tcpip_set_outputfunc
                0x000000000001bced                tcp_connect
                0x000000000001bd42                tcp_unlisten
                0x000000000001bd9d                tcp_listen
                0x000000000001bdf6                tcp_attach
                0x000000000001be1b                udp_attach
                0x000000000001be40                udp_new
                0x000000000001be92                udp_broadcast_new
                0x000000000001c106                tcpip_input
                0x000000000001c13a                tcpip_ipv6_output
                0x000000000001c4ad                tcpip_poll_udp
                0x000000000001c4d0                tcpip_poll_tcp
                0x000000000001c4f3                tcpip_uipcall
 .text          0x000000000001c671      0x1c1 obj_cooja/mtype865.a(uip-debug.o)
                0x000000000001c671                uip_debug_ipaddr_print
                0x000000000001c7d3                uip_debug_lladdr_print
 .text          0x000000000001c832      0x141 obj_cooja/mtype865.a(uip-packetqueue)
                0x000000000001c85e                uip_packetqueue_new
                0x000000000001c86c                uip_packetqueue_alloc
                0x000000000001c8cc                uip_packetqueue_free
                0x000000000001c90d                uip_packetqueue_buf
                0x000000000001c92a                uip_packetqueue_buflen
                0x000000000001c94b                uip_packetqueue_set_buflen
 .text          0x000000000001c973      0x131 obj_cooja/mtype865.a(uip-udp-packet.)
                0x000000000001c973                uip_udp_packet_send
                0x000000000001c9d3                uip_udp_packet_sendto
 .text          0x000000000001caa4     0x2763 obj_cooja/mtype865.a(rpl-dag.o)
                0x000000000001caa4                rpl_print_neighbor_list
                0x000000000001cb0b                rpl_print_child_neighbor_list
                0x000000000001cb72                rpl_get_nbr
                0x000000000001cbcc                rpl_get_nbr_child
                0x000000000001cc26                rpl_dag_init
                0x000000000001cc58                rpl_get_parent
                0x000000000001cc7a                rpl_get_parent_rank
                0x000000000001ccad                rpl_get_parent_link_metric
                0x000000000001cce0                rpl_get_parent_ipaddr
                0x000000000001cd0a                rpl_get_child_ipaddr
                0x000000000001d1eb                rpl_set_root
                0x000000000001d419                rpl_repair_root
                0x000000000001d655                rpl_set_prefix
                0x000000000001d754                rpl_set_default_route
                0x000000000001d7e0                rpl_alloc_instance
                0x000000000001d868                rpl_alloc_dag
                0x000000000001d91b                rpl_set_default_instance
                0x000000000001d928                rpl_get_default_instance
                0x000000000001d932                rpl_free_instance
                0x000000000001d9d3                rpl_free_dag
                0x000000000001da39                rpl_add_parent
                0x000000000001db22                rpl_find_parent
                0x000000000001db52                rpl_add_child
                0x000000000001dbf6                rpl_find_child
                0x000000000001dc44                rpl_find_parent_any_dag
                0x000000000001dc80                rpl_select_dag
                0x000000000001e0b0                rpl_select_parent
                0x000000000001e112                rpl_remove_parent
                0x000000000001e148                rpl_remove_child
                0x000000000001e164                rpl_nullify_parent
                0x000000000001e202                rpl_move_parent
                0x000000000001e29f                rpl_has_downward_route
                0x000000000001e2f2                rpl_get_any_dag
                0x000000000001e354                rpl_get_instance
                0x000000000001e3b7                rpl_find_of
                0x000000000001e3f4                rpl_join_instance
                0x000000000001e690                rpl_add_dag
                0x000000000001ea7f                rpl_local_repair
                0x000000000001eb58                rpl_recalculate_ranks
                0x000000000001ebde                rpl_process_parent_event
                0x000000000001ec90                rpl_process_dio
 .text          0x000000000001f207      0xbf3 obj_cooja/mtype865.a(rpl-ext-header.)
                0x000000000001f224                rpl_verify_header
                0x000000000001f69e                rpl_update_header_empty
                0x000000000001f9b5                rpl_update_header_final
                0x000000000001fb44                rpl_remove_header
                0x000000000001fc4e                rpl_invert_header
                0x000000000001fdd8                rpl_insert_header
 .text          0x000000000001fdfa     0x2291 obj_cooja/mtype865.a(rpl-icmp6.o)
                0x0000000000020059                rpl_icmp6_update_nbr_table
                0x0000000000020149                dis_output
                0x0000000000020a81                dio_output
                0x0000000000021bf6                dao_output
                0x0000000000021cbe                dao_output_target
                0x000000000002203f                dao_ack_output
                0x0000000000022053                rpl_icmp6_register_handlers
 .text          0x000000000002208b      0x46e obj_cooja/mtype865.a(rpl-ltmax.o)
 .text          0x00000000000224f9      0x59d obj_cooja/mtype865.a(rpl-timers.o)
                0x000000000002273f                rpl_reset_periodic_timer
                0x0000000000022794                rpl_reset_dio_timer
                0x00000000000229ce                rpl_schedule_dao
                0x00000000000229e9                rpl_schedule_dao_immediately
                0x0000000000022a04                rpl_cancel_dao
                0x0000000000022a66                rpl_schedule_unicast_dio_immediately
 .text          0x0000000000022a96      0x5c5 obj_cooja/mtype865.a(rpl.o)
                0x0000000000022a96                rpl_get_mode
                0x0000000000022aa0                rpl_set_mode
                0x0000000000022b2e                rpl_purge_routes
                0x0000000000022c28                rpl_remove_routes
                0x0000000000022c6e                rpl_remove_routes_by_nexthop
                0x0000000000022cda                rpl_add_route
                0x0000000000022d55                rpl_link_neighbor_callback
                0x0000000000022e5a                rpl_ipv6_neighbor_callback
                0x0000000000022ec9                rpl_purge_dags
                0x0000000000022fd5                rpl_init
 .text          0x000000000002305b      0x8f7 obj_cooja/mtype865.a(csma.o)
 .text          0x0000000000023952      0x3f5 obj_cooja/mtype865.a(framer-802154.o)
 .text          0x0000000000023d47       0x3c obj_cooja/mtype865.a(mac.o)
                0x0000000000023d47                mac_call_sent_callback
 .text          0x0000000000023d83     0x152c obj_cooja/mtype865.a(cxmac.o)
                0x00000000000251ff                cxmac_set_announcement_radio_txpower
                0x0000000000025204                cxmac_init
 .text          0x00000000000252af       0x82 obj_cooja/mtype865.a(linkaddr.o)
                0x00000000000252af                linkaddr_copy
                0x00000000000252d1                linkaddr_cmp
                0x00000000000252fb                linkaddr_set_node_addr
                0x0000000000025316                linkaddr_set_node_long_addr
 .text          0x0000000000025331      0x919 obj_cooja/mtype865.a(nbr-table.o)
                0x0000000000025331                long_ip_from_lladdr_map
                0x00000000000253be                lladdr_map_add_lr
                0x000000000002547b                lladdr_map_rm_lr
                0x0000000000025940                nbr_table_register
                0x0000000000025988                nbr_table_head
                0x00000000000259e4                nbr_table_next
                0x0000000000025a4b                nbr_table_add_lladdr
                0x0000000000025b27                nbr_table_get_from_lladdr
                0x0000000000025b74                nbr_table_remove
                0x0000000000025bc6                nbr_table_lock
                0x0000000000025bf0                nbr_table_unlock
                0x0000000000025c1a                nbr_table_get_lladdr
 .text          0x0000000000025c4a       0x2b obj_cooja/mtype865.a(netstack.o)
                0x0000000000025c4a                netstack_init
 .text          0x0000000000025c75      0x3cd obj_cooja/mtype865.a(packetbuf.o)
                0x0000000000025c75                packetbuf_clear
                0x0000000000025c9f                packetbuf_copyfrom
                0x0000000000025cf1                packetbuf_compact
                0x0000000000025d6e                packetbuf_copyto
                0x0000000000025e05                packetbuf_hdralloc
                0x0000000000025e82                packetbuf_hdrreduce
                0x0000000000025eca                packetbuf_set_datalen
                0x0000000000025ee3                packetbuf_dataptr
                0x0000000000025f00                packetbuf_hdrptr
                0x0000000000025f0a                packetbuf_datalen
                0x0000000000025f16                packetbuf_hdrlen
                0x0000000000025f2d                packetbuf_totlen
                0x0000000000025f43                packetbuf_attr_clear
                0x0000000000025f95                packetbuf_attr_copyto
                0x0000000000025fde                packetbuf_attr_copyfrom
                0x0000000000026026                packetbuf_holds_broadcast
 .text          0x0000000000026042      0x2b4 obj_cooja/mtype865.a(queuebuf.o)
                0x000000000002604c                queuebuf_init
                0x000000000002606c                queuebuf_numfree
                0x0000000000026080                queuebuf_new_from_packetbuf
                0x0000000000026110                queuebuf_update_attr_from_packetbuf
                0x0000000000026143                queuebuf_update_from_packetbuf
                0x000000000002618d                queuebuf_free
                0x00000000000261d4                queuebuf_to_packetbuf
                0x000000000002623a                queuebuf_dataptr
                0x0000000000026271                queuebuf_datalen
                0x0000000000026294                queuebuf_addr
                0x00000000000262c6                queuebuf_attr
                0x00000000000262f1                queuebuf_debug_print
 .text          0x00000000000262f6       0x6e obj_cooja/mtype865.a(nullsec.o)
 .text          0x0000000000026364       0x19 obj_cooja/mtype865.a(watchdog.o)
                0x0000000000026364                watchdog_init
                0x0000000000026369                watchdog_start
                0x000000000002636e                watchdog_periodic
                0x0000000000026373                watchdog_stop
                0x0000000000026378                watchdog_reboot
 .text          0x000000000002637d        0x0 obj_cooja/mtype865.a(rimestats.o)
 .text          0x000000000002637d      0x1c1 obj_cooja/mtype865.a(memb.o)
                0x000000000002637d                memb_init
                0x00000000000263db                memb_alloc
                0x0000000000026440                memb_free
                0x00000000000264bb                memb_inmemb
                0x00000000000264fa                memb_numfree
 .text          0x000000000002653e      0xabf obj_cooja/mtype865.a(uip-icmp6.o)
                0x00000000000265ac                uip_icmp6_input
                0x0000000000026602                uip_icmp6_register_input_handler
                0x00000000000268ca                uip_icmp6_error_output
                0x0000000000026c0f                uip_icmp6_send
                0x0000000000026f90                uip_icmp6_echo_reply_callback_add
                0x0000000000026fc1                uip_icmp6_echo_reply_callback_rm
                0x0000000000026fdd                uip_icmp6_init
 .text          0x0000000000026ffd      0x358 obj_cooja/mtype865.a(uip-nd6.o)
                0x0000000000027051                uip_nd6_ns_output
                0x0000000000027350                uip_nd6_init
 .text          0x0000000000027355      0x331 obj_cooja/mtype865.a(rpl-nbr-policy.)
                0x000000000002752d                find_removable_dis
                0x0000000000027550                find_removable_dio
                0x00000000000275df                find_removable_dao
                0x000000000002762f                rpl_nbr_policy_find_removable
 .text          0x0000000000027686      0x97c obj_cooja/mtype865.a(frame802154.o)
                0x00000000000276b7                frame802154_get_pan_id
                0x00000000000276c3                frame802154_set_pan_id
                0x00000000000276dc                frame802154_has_panid
                0x00000000000277c8                frame802154_check_dest_panid
                0x0000000000027830                frame802154_is_broadcast_addr
                0x000000000002787d                frame802154_extract_linkaddr
                0x0000000000027abd                frame802154_hdrlen
                0x0000000000027b0e                frame802154_create
                0x0000000000027cf9                frame802154_parse
 .text          0x0000000000028002        0x0 /usr/lib/gcc/i686-linux-gnu/4.8/crtendS.o
 .text          0x0000000000028002        0x0 /usr/lib/gcc/i686-linux-gnu/4.8/../../../i386-linux-gnu/crtn.o
 *(.gnu.warning)

.fini           0x0000000000028004       0x14
 *(SORT(.fini))
 .fini          0x0000000000028004        0xf /usr/lib/gcc/i686-linux-gnu/4.8/../../../i386-linux-gnu/crti.o
                0x0000000000028004                _fini
 .fini          0x0000000000028013        0x5 /usr/lib/gcc/i686-linux-gnu/4.8/../../../i386-linux-gnu/crtn.o
                0x0000000000028018                PROVIDE (__etext, .)
                0x0000000000028018                PROVIDE (_etext, .)
                0x0000000000028018                PROVIDE (etext, .)

.rodata         0x0000000000028020      0xf40
 *(.rodata .rodata.* .gnu.linkonce.r.*)
 .rodata        0x0000000000028020      0x4a0 udp-client.co
                0x0000000000028034                autostart_processes
 .rodata        0x00000000000284c0      0x1b6 obj_cooja/mtype865.o
 *fill*         0x0000000000028676        0x2 
 .rodata        0x0000000000028678        0x8 obj_cooja/mtype865.a(beep.o)
                0x0000000000028678                beep_interface
 .rodata        0x0000000000028680       0x20 obj_cooja/mtype865.a(button-sensor.o)
                0x0000000000028680                button_interface
                0x0000000000028690                button_sensor
 .rodata        0x00000000000286a0        0x8 obj_cooja/mtype865.a(leds-arch.o)
                0x00000000000286a0                leds_interface
 .rodata        0x00000000000286a8        0x8 obj_cooja/mtype865.a(moteid.o)
                0x00000000000286a8                moteid_interface
 .rodata        0x00000000000286b0       0x1c obj_cooja/mtype865.a(pir-sensor.o)
                0x00000000000286b0                pir_interface
                0x00000000000286bc                pir_sensor
 .rodata        0x00000000000286cc        0xe obj_cooja/mtype865.a(rs232.o)
                0x00000000000286cc                rs232_interface
 *fill*         0x00000000000286da        0x2 
 .rodata        0x00000000000286dc       0x24 obj_cooja/mtype865.a(vib-sensor.o)
                0x00000000000286dc                vib_interface
                0x00000000000286f0                vib_sensor
 .rodata        0x0000000000028700        0x8 obj_cooja/mtype865.a(clock.o)
                0x0000000000028700                clock_interface
 .rodata        0x0000000000028708        0x8 obj_cooja/mtype865.a(log.o)
                0x0000000000028708                simlog_interface
 .rodata        0x0000000000028710       0x2f obj_cooja/mtype865.a(cfs-cooja.o)
                0x0000000000028710                cfs_interface
 *fill*         0x000000000002873f        0x1 
 .rodata        0x0000000000028740       0x60 obj_cooja/mtype865.a(cooja-radio.o)
                0x0000000000028760                cooja_radio_driver
                0x0000000000028798                radio_interface
 .rodata        0x00000000000287a0        0x8 obj_cooja/mtype865.a(eeprom.o)
                0x00000000000287a0                eeprom_interface
 .rodata        0x00000000000287a8        0x8 obj_cooja/mtype865.a(sensors.o)
 .rodata        0x00000000000287b0       0x1c obj_cooja/mtype865.a(dual_conf.o)
 .rodata        0x00000000000287cc        0xf obj_cooja/mtype865.a(ctimer.o)
 .rodata        0x00000000000287db        0xc obj_cooja/mtype865.a(etimer.o)
 *fill*         0x00000000000287e7        0x1 
 .rodata        0x00000000000287e8      0x16d obj_cooja/mtype865.a(log_message.o)
 *fill*         0x0000000000028955        0x3 
 .rodata        0x0000000000028958       0x20 obj_cooja/mtype865.a(residual.o)
                0x0000000000028958                DISSIPATION_RATE
 .rodata        0x0000000000028978        0xe obj_cooja/mtype865.a(serial-line.o)
 *fill*         0x0000000000028986        0x2 
 .rodata        0x0000000000028988       0x2c obj_cooja/mtype865.a(sicslowpan.o)
                0x0000000000028988                unc_llconf
                0x000000000002898c                unc_ctxconf
                0x0000000000028990                unc_mxconf
                0x0000000000028994                llprefix
                0x00000000000289a8                sicslowpan_driver
 .rodata        0x00000000000289b4      0x13c obj_cooja/mtype865.a(uip6.o)
 .rodata        0x0000000000028af0        0xd obj_cooja/mtype865.a(tcpip.o)
 .rodata        0x0000000000028afd       0x3e obj_cooja/mtype865.a(uip-debug.o)
 *fill*         0x0000000000028b3b        0x1 
 .rodata        0x0000000000028b3c       0x3e obj_cooja/mtype865.a(rpl-dag.o)
 *fill*         0x0000000000028b7a        0x2 
 .rodata        0x0000000000028b7c       0x23 obj_cooja/mtype865.a(rpl-ltmax.o)
 *fill*         0x0000000000028b9f        0x1 
 .rodata        0x0000000000028ba0       0x38 obj_cooja/mtype865.a(csma.o)
                0x0000000000028bbc                csma_driver
 .rodata        0x0000000000028bd8        0xc obj_cooja/mtype865.a(framer-802154.o)
                0x0000000000028bd8                framer_802154
 *fill*         0x0000000000028be4       0x1c 
 .rodata        0x0000000000028c00      0x340 obj_cooja/mtype865.a(cxmac.o)
                0x0000000000028f20                cxmac_driver
 .rodata        0x0000000000028f40        0x8 obj_cooja/mtype865.a(linkaddr.o)
                0x0000000000028f40                linkaddr_null
 .rodata        0x0000000000028f48       0x18 obj_cooja/mtype865.a(nullsec.o)
                0x0000000000028f50                nullsec_driver

.rodata1
 *(.rodata1)

.eh_frame_hdr   0x0000000000028f60     0x13fc
 *(.eh_frame_hdr)
 .eh_frame_hdr  0x0000000000028f60     0x13fc udp-client.co

.eh_frame       0x000000000002a35c     0x5174
 *(.eh_frame)
 .eh_frame      0x000000000002a35c       0x3c /usr/lib/gcc/i686-linux-gnu/4.8/../../../i386-linux-gnu/crti.o
                                         0x40 (size before relaxing)
 .eh_frame      0x000000000002a398       0xb8 udp-client.co
                                         0xd0 (size before relaxing)
 .eh_frame      0x000000000002a450      0x148 obj_cooja/mtype865.o
                                        0x160 (size before relaxing)
 .eh_frame      0x000000000002a598       0x40 obj_cooja/mtype865.a(simEnvChange.o)
                                         0x58 (size before relaxing)
 .eh_frame      0x000000000002a5d8       0xc0 obj_cooja/mtype865.a(cooja_mt.o)
                                         0xd8 (size before relaxing)
 .eh_frame      0x000000000002a698      0x120 obj_cooja/mtype865.a(cooja_mtarch.o)
                                        0x138 (size before relaxing)
 .eh_frame      0x000000000002a7b8       0xc0 obj_cooja/mtype865.a(rtimer-arch.o)
                                         0xd8 (size before relaxing)
 .eh_frame      0x000000000002a878      0x160 obj_cooja/mtype865.a(beep.o)
                                        0x178 (size before relaxing)
 .eh_frame      0x000000000002a9d8       0xa0 obj_cooja/mtype865.a(button-sensor.o)
                                         0xb8 (size before relaxing)
 .eh_frame      0x000000000002aa78       0xa0 obj_cooja/mtype865.a(leds-arch.o)
                                         0xb8 (size before relaxing)
 .eh_frame      0x000000000002ab18       0x40 obj_cooja/mtype865.a(moteid.o)
                                         0x58 (size before relaxing)
 .eh_frame      0x000000000002ab58       0xa0 obj_cooja/mtype865.a(pir-sensor.o)
                                         0xb8 (size before relaxing)
 .eh_frame      0x000000000002abf8      0x100 obj_cooja/mtype865.a(rs232.o)
                                        0x118 (size before relaxing)
 .eh_frame      0x000000000002acf8       0xa0 obj_cooja/mtype865.a(vib-sensor.o)
                                         0xb8 (size before relaxing)
 .eh_frame      0x000000000002ad98       0xc0 obj_cooja/mtype865.a(clock.o)
                                         0xd8 (size before relaxing)
 .eh_frame      0x000000000002ae58      0x120 obj_cooja/mtype865.a(log.o)
                                        0x138 (size before relaxing)
 .eh_frame      0x000000000002af78      0x160 obj_cooja/mtype865.a(cfs-cooja.o)
                                        0x178 (size before relaxing)
 .eh_frame      0x000000000002b0d8      0x2e0 obj_cooja/mtype865.a(cooja-radio.o)
                                        0x2f8 (size before relaxing)
 .eh_frame      0x000000000002b3b8       0xa0 obj_cooja/mtype865.a(eeprom.o)
                                         0xb8 (size before relaxing)
 .eh_frame      0x000000000002b458       0x40 obj_cooja/mtype865.a(random.o)
                                         0x58 (size before relaxing)
 .eh_frame      0x000000000002b498       0xc0 obj_cooja/mtype865.a(sensors.o)
                                         0xd8 (size before relaxing)
 .eh_frame      0x000000000002b558      0x100 obj_cooja/mtype865.a(leds.o)
                                        0x118 (size before relaxing)
 .eh_frame      0x000000000002b658      0x160 obj_cooja/mtype865.a(dual_conf.o)
                                        0x178 (size before relaxing)
 .eh_frame      0x000000000002b7b8       0x40 obj_cooja/mtype865.a(autostart.o)
                                         0x58 (size before relaxing)
 .eh_frame      0x000000000002b7f8      0x100 obj_cooja/mtype865.a(ctimer.o)
                                        0x118 (size before relaxing)
 .eh_frame      0x000000000002b8f8      0x1e0 obj_cooja/mtype865.a(etimer.o)
                                        0x1f8 (size before relaxing)
 .eh_frame      0x000000000002bad8       0x50 obj_cooja/mtype865.a(log_message.o)
                                         0x68 (size before relaxing)
 .eh_frame      0x000000000002bb28      0x1c8 obj_cooja/mtype865.a(process.o)
                                        0x1e0 (size before relaxing)
 .eh_frame      0x000000000002bcf0       0x2c obj_cooja/mtype865.a(residual.o)
                                         0x44 (size before relaxing)
 .eh_frame      0x000000000002bd1c       0x60 obj_cooja/mtype865.a(rtimer.o)
                                         0x78 (size before relaxing)
 .eh_frame      0x000000000002bd7c       0xc4 obj_cooja/mtype865.a(stimer.o)
                                         0xdc (size before relaxing)
 .eh_frame      0x000000000002be40       0xa4 obj_cooja/mtype865.a(timer.o)
                                         0xbc (size before relaxing)
 .eh_frame      0x000000000002bee4       0x60 obj_cooja/mtype865.a(serial-line.o)
                                         0x78 (size before relaxing)
 .eh_frame      0x000000000002bf44      0x180 obj_cooja/mtype865.a(list.o)
                                        0x198 (size before relaxing)
 .eh_frame      0x000000000002c0c4       0xa0 obj_cooja/mtype865.a(ringbuf.o)
                                         0xb8 (size before relaxing)
 .eh_frame      0x000000000002c164      0x350 obj_cooja/mtype865.a(sicslowpan.o)
                                        0x368 (size before relaxing)
 .eh_frame      0x000000000002c4b4      0x180 obj_cooja/mtype865.a(uip-ds6-nbr.o)
                                        0x198 (size before relaxing)
 .eh_frame      0x000000000002c634      0x2a0 obj_cooja/mtype865.a(uip-ds6-route.o)
                                        0x2b8 (size before relaxing)
 .eh_frame      0x000000000002c8d4      0x3c8 obj_cooja/mtype865.a(uip-ds6.o)
                                        0x3e0 (size before relaxing)
 .eh_frame      0x000000000002cc9c      0x25c obj_cooja/mtype865.a(uip6.o)
                                        0x274 (size before relaxing)
 .eh_frame      0x000000000002cef8      0x270 obj_cooja/mtype865.a(tcpip.o)
                                        0x288 (size before relaxing)
 .eh_frame      0x000000000002d168       0x48 obj_cooja/mtype865.a(uip-debug.o)
                                         0x60 (size before relaxing)
 .eh_frame      0x000000000002d1b0       0xe0 obj_cooja/mtype865.a(uip-packetqueue)
                                         0xf8 (size before relaxing)
 .eh_frame      0x000000000002d290       0x40 obj_cooja/mtype865.a(uip-udp-packet.)
                                         0x58 (size before relaxing)
 .eh_frame      0x000000000002d2d0      0x754 obj_cooja/mtype865.a(rpl-dag.o)
                                        0x76c (size before relaxing)
 .eh_frame      0x000000000002da24      0x10c obj_cooja/mtype865.a(rpl-ext-header.)
                                        0x124 (size before relaxing)
 .eh_frame      0x000000000002db30      0x278 obj_cooja/mtype865.a(rpl-icmp6.o)
                                        0x290 (size before relaxing)
 .eh_frame      0x000000000002dda8       0xe8 obj_cooja/mtype865.a(rpl-ltmax.o)
                                        0x100 (size before relaxing)
 .eh_frame      0x000000000002de90      0x1ac obj_cooja/mtype865.a(rpl-timers.o)
                                        0x1c4 (size before relaxing)
 .eh_frame      0x000000000002e03c      0x148 obj_cooja/mtype865.a(rpl.o)
                                        0x160 (size before relaxing)
 .eh_frame      0x000000000002e184      0x28c obj_cooja/mtype865.a(csma.o)
                                        0x2a4 (size before relaxing)
 .eh_frame      0x000000000002e410      0x108 obj_cooja/mtype865.a(framer-802154.o)
                                        0x120 (size before relaxing)
 .eh_frame      0x000000000002e518       0x20 obj_cooja/mtype865.a(mac.o)
                                         0x38 (size before relaxing)
 .eh_frame      0x000000000002e538      0x2c0 obj_cooja/mtype865.a(cxmac.o)
                                        0x2d8 (size before relaxing)
 .eh_frame      0x000000000002e7f8       0x80 obj_cooja/mtype865.a(linkaddr.o)
                                         0x98 (size before relaxing)
 .eh_frame      0x000000000002e878      0x2cc obj_cooja/mtype865.a(nbr-table.o)
                                        0x2e4 (size before relaxing)
 .eh_frame      0x000000000002eb44       0x20 obj_cooja/mtype865.a(netstack.o)
                                         0x38 (size before relaxing)
 .eh_frame      0x000000000002eb64      0x214 obj_cooja/mtype865.a(packetbuf.o)
                                        0x22c (size before relaxing)
 .eh_frame      0x000000000002ed78      0x1a0 obj_cooja/mtype865.a(queuebuf.o)
                                        0x1b8 (size before relaxing)
 .eh_frame      0x000000000002ef18       0x80 obj_cooja/mtype865.a(nullsec.o)
                                         0x98 (size before relaxing)
 .eh_frame      0x000000000002ef98       0xa0 obj_cooja/mtype865.a(watchdog.o)
                                         0xb8 (size before relaxing)
 .eh_frame      0x000000000002f038       0xa0 obj_cooja/mtype865.a(memb.o)
                                         0xb8 (size before relaxing)
 .eh_frame      0x000000000002f0d8      0x168 obj_cooja/mtype865.a(uip-icmp6.o)
                                        0x180 (size before relaxing)
 .eh_frame      0x000000000002f240       0x68 obj_cooja/mtype865.a(uip-nd6.o)
                                         0x80 (size before relaxing)
 .eh_frame      0x000000000002f2a8       0xc0 obj_cooja/mtype865.a(rpl-nbr-policy.)
                                         0xd8 (size before relaxing)
 .eh_frame      0x000000000002f368      0x164 obj_cooja/mtype865.a(frame802154.o)
                                        0x17c (size before relaxing)
 .eh_frame      0x000000000002f4cc        0x4 /usr/lib/gcc/i686-linux-gnu/4.8/crtendS.o

.gcc_except_table
 *(.gcc_except_table .gcc_except_table.*)

.exception_ranges
 *(.exception_ranges .exception_ranges*)
                0x000000000002f4d0                . = (ALIGN (0x1000) - ((0x1000 - .) & 0xfff))
                0x0000000000030ef8                . = DATA_SEGMENT_ALIGN (0x1000, 0x1000)

.eh_frame
 *(.eh_frame)

.gcc_except_table
 *(.gcc_except_table .gcc_except_table.*)

.exception_ranges
 *(.exception_ranges .exception_ranges*)

.tdata
 *(.tdata .tdata.* .gnu.linkonce.td.*)

.tbss
 *(.tbss .tbss.* .gnu.linkonce.tb.*)
 *(.tcommon)

.preinit_array
 *(.preinit_array)

.init_array     0x0000000000030ef8        0x4
 *(SORT(.init_array.*) SORT(.ctors.*))
 *(.init_array EXCLUDE_FILE(*crtend?.o *crtend.o *crtbegin?.o *crtbegin.o) .ctors)
 .init_array    0x0000000000030ef8        0x4 /usr/lib/gcc/i686-linux-gnu/4.8/crtbeginS.o

.fini_array     0x0000000000030efc        0x4
 *(SORT(.fini_array.*) SORT(.dtors.*))
 *(.fini_array EXCLUDE_FILE(*crtend?.o *crtend.o *crtbegin?.o *crtbegin.o) .dtors)
 .fini_array    0x0000000000030efc        0x4 /usr/lib/gcc/i686-linux-gnu/4.8/crtbeginS.o

.ctors
 *crtbegin.o(.ctors)
 *crtbegin?.o(.ctors)
 *(EXCLUDE_FILE(*crtend?.o *crtend.o) .ctors)
 *(SORT(.ctors.*))
 *(.ctors)

.dtors
 *crtbegin.o(.dtors)
 *crtbegin?.o(.dtors)
 *(EXCLUDE_FILE(*crtend?.o *crtend.o) .dtors)
 *(SORT(.dtors.*))
 *(.dtors)

.jcr            0x0000000000030f00        0x4
 *(.jcr)
 .jcr           0x0000000000030f00        0x0 /usr/lib/gcc/i686-linux-gnu/4.8/crtbeginS.o
 .jcr           0x0000000000030f00        0x4 /usr/lib/gcc/i686-linux-gnu/4.8/crtendS.o

.data.rel.ro
 *(.data.rel.ro.local* .gnu.linkonce.d.rel.ro.local.*)
 *(.data.rel.ro .data.rel.ro.* .gnu.linkonce.d.rel.ro.*)

.dynamic        0x0000000000030f04       0xe8
 *(.dynamic)
 .dynamic       0x0000000000030f04       0xe8 /usr/lib/gcc/i686-linux-gnu/4.8/../../../i386-linux-gnu/crti.o
                0x0000000000030f04                _DYNAMIC

.got            0x0000000000030fec       0x14
 *(.got)
 .got           0x0000000000030fec       0x14 /usr/lib/gcc/i686-linux-gnu/4.8/../../../i386-linux-gnu/crti.o
 *(.igot)
                0x0000000000031ff4                . = DATA_SEGMENT_RELRO_END (., (SIZEOF (.got.plt) >= 0xc)?0xc:0x0)

.got.plt        0x0000000000031000       0x14
 *(.got.plt)
 .got.plt       0x0000000000031000       0x14 /usr/lib/gcc/i686-linux-gnu/4.8/../../../i386-linux-gnu/crti.o
                0x0000000000031000                _GLOBAL_OFFSET_TABLE_
 *(.igot.plt)

.data           0x0000000000031020      0x2a2
 *(.data .data.* .gnu.linkonce.d.*)
 .data          0x0000000000031020        0x0 /usr/lib/gcc/i686-linux-gnu/4.8/../../../i386-linux-gnu/crti.o
 .data          0x0000000000031020        0x0 /usr/lib/gcc/i686-linux-gnu/4.8/crtbeginS.o
 .data.rel      0x0000000000031020        0x4 /usr/lib/gcc/i686-linux-gnu/4.8/crtbeginS.o
                0x0000000000031020                __dso_handle
 .data          0x0000000000031024       0x14 udp-client.co
                0x0000000000031028                udp_client_process
 *fill*         0x0000000000031038        0x8 
 .data          0x0000000000031040       0x44 obj_cooja/mtype865.o
                0x0000000000031040                simInterfaces
                0x0000000000031074                sensors
 .data          0x0000000000031084        0x0 obj_cooja/mtype865.a(simEnvChange.o)
 .data          0x0000000000031084        0x0 obj_cooja/mtype865.a(cooja_mt.o)
 .data          0x0000000000031084        0x0 obj_cooja/mtype865.a(cooja_mtarch.o)
 .data          0x0000000000031084        0x0 obj_cooja/mtype865.a(rtimer-arch.o)
 .data          0x0000000000031084        0x0 obj_cooja/mtype865.a(beep.o)
 .data          0x0000000000031084        0x0 obj_cooja/mtype865.a(button-sensor.o)
 .data          0x0000000000031084        0x0 obj_cooja/mtype865.a(leds-arch.o)
 .data          0x0000000000031084        0x0 obj_cooja/mtype865.a(moteid.o)
 .data          0x0000000000031084        0x0 obj_cooja/mtype865.a(pir-sensor.o)
 .data          0x0000000000031084        0x0 obj_cooja/mtype865.a(rs232.o)
 .data          0x0000000000031084        0x0 obj_cooja/mtype865.a(vib-sensor.o)
 .data          0x0000000000031084        0x0 obj_cooja/mtype865.a(clock.o)
 .data          0x0000000000031084        0x0 obj_cooja/mtype865.a(log.o)
 .data          0x0000000000031084        0x0 obj_cooja/mtype865.a(cfs-cooja.o)
 .data          0x0000000000031084       0x40 obj_cooja/mtype865.a(cooja-radio.o)
                0x0000000000031084                simRadioChannelLR
                0x0000000000031088                simRadioHWOnLR
                0x000000000003108c                simSignalStrengthLR
                0x0000000000031090                simLastSignalStrengthLR
                0x0000000000031094                simPowerLR
                0x0000000000031098                simLQILR
                0x000000000003109c                simRadioChannel
                0x00000000000310a0                simRadioHWOn
                0x00000000000310a4                simSignalStrength
                0x00000000000310a8                simLastSignalStrength
                0x00000000000310ac                simPower
                0x00000000000310b0                simLQI
                0x00000000000310b4                cooja_radio_process
 .data          0x00000000000310c4        0x0 obj_cooja/mtype865.a(eeprom.o)
 .data          0x00000000000310c4        0x0 obj_cooja/mtype865.a(random.o)
 .data          0x00000000000310c4       0x10 obj_cooja/mtype865.a(sensors.o)
                0x00000000000310c4                sensors_process
 .data          0x00000000000310d4        0x0 obj_cooja/mtype865.a(leds.o)
 .data          0x00000000000310d4       0x28 obj_cooja/mtype865.a(dual_conf.o)
                0x00000000000310d4                radio_received
                0x00000000000310d8                dual_dio_broadcast
                0x00000000000310e8                dual_dis_broadcast
 .data          0x00000000000310fc        0x0 obj_cooja/mtype865.a(autostart.o)
 .data          0x00000000000310fc       0x14 obj_cooja/mtype865.a(ctimer.o)
                0x0000000000031100                ctimer_process
 .data          0x0000000000031110       0x10 obj_cooja/mtype865.a(etimer.o)
                0x0000000000031110                etimer_process
 .data          0x0000000000031120        0x0 obj_cooja/mtype865.a(log_message.o)
 .data          0x0000000000031120        0x0 obj_cooja/mtype865.a(process.o)
 .data          0x0000000000031120        0x0 obj_cooja/mtype865.a(residual.o)
 .data          0x0000000000031120        0x0 obj_cooja/mtype865.a(rtimer.o)
 .data          0x0000000000031120        0x0 obj_cooja/mtype865.a(stimer.o)
 .data          0x0000000000031120        0x0 obj_cooja/mtype865.a(timer.o)
 .data          0x0000000000031120       0x10 obj_cooja/mtype865.a(serial-line.o)
                0x0000000000031120                serial_line_process
 .data          0x0000000000031130        0x0 obj_cooja/mtype865.a(list.o)
 .data          0x0000000000031130        0x0 obj_cooja/mtype865.a(ringbuf.o)
 .data          0x0000000000031130        0x0 obj_cooja/mtype865.a(sicslowpan.o)
 .data          0x0000000000031130       0x14 obj_cooja/mtype865.a(uip-ds6-nbr.o)
                0x0000000000031140                ds6_neighbors
 .data          0x0000000000031144       0x44 obj_cooja/mtype865.a(uip-ds6-route.o)
                0x0000000000031154                nbr_routes
 .data          0x0000000000031188        0x0 obj_cooja/mtype865.a(uip-ds6.o)
 .data          0x0000000000031188        0x0 obj_cooja/mtype865.a(uip6.o)
 .data          0x0000000000031188       0x10 obj_cooja/mtype865.a(tcpip.o)
                0x0000000000031188                tcpip_process
 .data          0x0000000000031198        0x0 obj_cooja/mtype865.a(uip-debug.o)
 .data          0x0000000000031198        0xc obj_cooja/mtype865.a(uip-packetqueue)
 .data          0x00000000000311a4        0x0 obj_cooja/mtype865.a(uip-udp-packet.)
 .data          0x00000000000311a4       0x28 obj_cooja/mtype865.a(rpl-dag.o)
                0x00000000000311b4                rpl_parents
                0x00000000000311c8                rpl_children
 .data          0x00000000000311cc        0x0 obj_cooja/mtype865.a(rpl-ext-header.)
 .data          0x00000000000311cc       0x34 obj_cooja/mtype865.a(rpl-icmp6.o)
 .data          0x0000000000031200       0x1c obj_cooja/mtype865.a(rpl-ltmax.o)
                0x0000000000031200                rpl_ltmax_of
 .data          0x000000000003121c        0x0 obj_cooja/mtype865.a(rpl-timers.o)
 .data          0x000000000003121c        0x0 obj_cooja/mtype865.a(rpl.o)
 .data          0x000000000003121c       0x28 obj_cooja/mtype865.a(csma.o)
 .data          0x0000000000031244        0x0 obj_cooja/mtype865.a(framer-802154.o)
 .data          0x0000000000031244        0x0 obj_cooja/mtype865.a(mac.o)
 .data          0x0000000000031244       0x30 obj_cooja/mtype865.a(cxmac.o)
                0x0000000000031244                cxmac_config
                0x0000000000031254                strobe_wait
 .data          0x0000000000031274        0x0 obj_cooja/mtype865.a(linkaddr.o)
 .data          0x0000000000031274       0x10 obj_cooja/mtype865.a(nbr-table.o)
 .data          0x0000000000031284        0x0 obj_cooja/mtype865.a(netstack.o)
 .data          0x0000000000031284        0x4 obj_cooja/mtype865.a(packetbuf.o)
 .data          0x0000000000031288       0x18 obj_cooja/mtype865.a(queuebuf.o)
 .data          0x00000000000312a0        0x0 obj_cooja/mtype865.a(nullsec.o)
 .data          0x00000000000312a0        0x0 obj_cooja/mtype865.a(watchdog.o)
 .data          0x00000000000312a0        0x0 obj_cooja/mtype865.a(rimestats.o)
 .data          0x00000000000312a0        0x0 obj_cooja/mtype865.a(memb.o)
 .data          0x00000000000312a0       0x20 obj_cooja/mtype865.a(uip-icmp6.o)
 .data          0x00000000000312c0        0x0 obj_cooja/mtype865.a(uip-nd6.o)
 .data          0x00000000000312c0        0x0 obj_cooja/mtype865.a(rpl-nbr-policy.)
 .data          0x00000000000312c0        0x2 obj_cooja/mtype865.a(frame802154.o)
 .data          0x00000000000312c2        0x0 /usr/lib/gcc/i686-linux-gnu/4.8/crtendS.o
 .data          0x00000000000312c2        0x0 /usr/lib/gcc/i686-linux-gnu/4.8/../../../i386-linux-gnu/crtn.o

.tm_clone_table
                0x00000000000312c4        0x0
 .tm_clone_table
                0x00000000000312c4        0x0 /usr/lib/gcc/i686-linux-gnu/4.8/crtbeginS.o
 .tm_clone_table
                0x00000000000312c4        0x0 /usr/lib/gcc/i686-linux-gnu/4.8/crtendS.o

.data1
 *(.data1)
                0x00000000000312c4                _edata = .
                0x00000000000312c4                PROVIDE (edata, .)
                0x00000000000312c4                . = .
                0x00000000000312c4                __bss_start = .

.bss            0x00000000000312e0     0x9208
 *(.dynbss)
 .dynbss        0x0000000000000000        0x0 /usr/lib/gcc/i686-linux-gnu/4.8/../../../i386-linux-gnu/crti.o
 *(.bss .bss.* .gnu.linkonce.b.*)
 .bss           0x00000000000312e0        0x0 /usr/lib/gcc/i686-linux-gnu/4.8/../../../i386-linux-gnu/crti.o
 .bss           0x00000000000312e0        0x1 /usr/lib/gcc/i686-linux-gnu/4.8/crtbeginS.o
 *fill*         0x00000000000312e1       0x1f 
 .bss           0x0000000000031300       0x60 udp-client.co
                0x0000000000031300                my_weight
 .bss           0x0000000000031360     0x2030 obj_cooja/mtype865.o
 .bss           0x0000000000033390        0x1 obj_cooja/mtype865.a(simEnvChange.o)
                0x0000000000033390                simDontFallAsleep
 *fill*         0x0000000000033391        0x3 
 .bss           0x0000000000033394        0x4 obj_cooja/mtype865.a(cooja_mt.o)
 .bss           0x0000000000033398        0x4 obj_cooja/mtype865.a(cooja_mtarch.o)
 .bss           0x000000000003339c        0xc obj_cooja/mtype865.a(rtimer-arch.o)
 .bss           0x00000000000333a8        0x0 obj_cooja/mtype865.a(beep.o)
 .bss           0x00000000000333a8        0x8 obj_cooja/mtype865.a(button-sensor.o)
 .bss           0x00000000000333b0        0x0 obj_cooja/mtype865.a(leds-arch.o)
 .bss           0x00000000000333b0        0x0 obj_cooja/mtype865.a(moteid.o)
 .bss           0x00000000000333b0        0x1 obj_cooja/mtype865.a(pir-sensor.o)
                0x00000000000333b0                simPirValue
 *fill*         0x00000000000333b1        0x3 
 .bss           0x00000000000333b4        0x4 obj_cooja/mtype865.a(rs232.o)
 .bss           0x00000000000333b8        0x1 obj_cooja/mtype865.a(vib-sensor.o)
                0x00000000000333b8                simVibValue
 .bss           0x00000000000333b9        0x0 obj_cooja/mtype865.a(clock.o)
 *fill*         0x00000000000333b9        0x7 
 .bss           0x00000000000333c0      0x420 obj_cooja/mtype865.a(log.o)
 .bss           0x00000000000337e0      0xfc0 obj_cooja/mtype865.a(cfs-cooja.o)
                0x00000000000337e0                simCFSData
                0x0000000000034780                simCFSSize
                0x0000000000034784                simCFSChanged
                0x0000000000034788                simCFSRead
                0x000000000003478c                simCFSWritten
 .bss           0x00000000000347a0       0x24 obj_cooja/mtype865.a(cooja-radio.o)
                0x00000000000347a0                simReceivingLR
                0x00000000000347a4                simInSizeLR
                0x00000000000347a8                simOutSizeLR
                0x00000000000347ac                simReceiving
                0x00000000000347b0                simInSize
                0x00000000000347b4                simOutSize
                0x00000000000347b8                LongRangeTransmit
                0x00000000000347bc                LongRangeReceiving
 .bss           0x00000000000347c4        0xc obj_cooja/mtype865.a(eeprom.o)
                0x00000000000347c4                simEEPROMChanged
                0x00000000000347c8                simEEPROMRead
                0x00000000000347cc                simEEPROMWritten
 .bss           0x00000000000347d0        0x0 obj_cooja/mtype865.a(random.o)
 .bss           0x00000000000347d0        0xc obj_cooja/mtype865.a(sensors.o)
 .bss           0x00000000000347dc        0x1 obj_cooja/mtype865.a(leds.o)
 *fill*         0x00000000000347dd        0x3 
 .bss           0x00000000000347e0       0x2c obj_cooja/mtype865.a(dual_conf.o)
                0x00000000000347e0                long_range_radio
 .bss           0x000000000003480c        0x0 obj_cooja/mtype865.a(autostart.o)
 .bss           0x000000000003480c        0x5 obj_cooja/mtype865.a(ctimer.o)
 *fill*         0x0000000000034811        0x3 
 .bss           0x0000000000034814        0x8 obj_cooja/mtype865.a(etimer.o)
 .bss           0x000000000003481c        0x0 obj_cooja/mtype865.a(log_message.o)
 *fill*         0x000000000003481c        0x4 
 .bss           0x0000000000034820      0x1b1 obj_cooja/mtype865.a(process.o)
                0x0000000000034820                process_list
                0x0000000000034824                process_current
 .bss           0x00000000000349d1        0x0 obj_cooja/mtype865.a(residual.o)
 *fill*         0x00000000000349d1        0x3 
 .bss           0x00000000000349d4        0x4 obj_cooja/mtype865.a(rtimer.o)
 .bss           0x00000000000349d8        0x0 obj_cooja/mtype865.a(stimer.o)
 .bss           0x00000000000349d8        0x0 obj_cooja/mtype865.a(timer.o)
 *fill*         0x00000000000349d8        0x8 
 .bss           0x00000000000349e0      0x140 obj_cooja/mtype865.a(serial-line.o)
 .bss           0x0000000000034b20        0x0 obj_cooja/mtype865.a(list.o)
 .bss           0x0000000000034b20        0x0 obj_cooja/mtype865.a(ringbuf.o)
 .bss           0x0000000000034b20      0x70c obj_cooja/mtype865.a(sicslowpan.o)
 *fill*         0x000000000003522c       0x14 
 .bss           0x0000000000035240      0x4b0 obj_cooja/mtype865.a(uip-ds6-nbr.o)
 *fill*         0x00000000000356f0       0x10 
 .bss           0x0000000000035700      0x608 obj_cooja/mtype865.a(uip-ds6-route.o)
 .bss           0x0000000000035d08       0x30 obj_cooja/mtype865.a(uip-ds6.o)
 .bss           0x0000000000035d38        0xe obj_cooja/mtype865.a(uip6.o)
                0x0000000000035d38                uip_ext_bitmap
                0x0000000000035d39                uip_ext_len
                0x0000000000035d3a                uip_ext_opt_offset
 *fill*         0x0000000000035d46       0x1a 
 .bss           0x0000000000035d60       0x68 obj_cooja/mtype865.a(tcpip.o)
 .bss           0x0000000000035dc8        0x0 obj_cooja/mtype865.a(uip-debug.o)
 *fill*         0x0000000000035dc8       0x18 
 .bss           0x0000000000035de0      0xcf8 obj_cooja/mtype865.a(uip-packetqueue)
 .bss           0x0000000000036ad8        0x0 obj_cooja/mtype865.a(uip-udp-packet.)
 *fill*         0x0000000000036ad8        0x8 
 .bss           0x0000000000036ae0      0x352 obj_cooja/mtype865.a(rpl-dag.o)
 .bss           0x0000000000036e32        0x0 obj_cooja/mtype865.a(rpl-ext-header.)
 .bss           0x0000000000036e32        0x0 obj_cooja/mtype865.a(rpl-icmp6.o)
 .bss           0x0000000000036e32        0x0 obj_cooja/mtype865.a(rpl-ltmax.o)
 *fill*         0x0000000000036e32        0xe 
 .bss           0x0000000000036e40       0x23 obj_cooja/mtype865.a(rpl-timers.o)
 *fill*         0x0000000000036e63        0x1 
 .bss           0x0000000000036e64        0x4 obj_cooja/mtype865.a(rpl.o)
 *fill*         0x0000000000036e68       0x18 
 .bss           0x0000000000036e80      0x288 obj_cooja/mtype865.a(csma.o)
 .bss           0x0000000000037108        0x2 obj_cooja/mtype865.a(framer-802154.o)
 .bss           0x000000000003710a        0x0 obj_cooja/mtype865.a(mac.o)
 *fill*         0x000000000003710a       0x16 
 .bss           0x0000000000037120       0xb1 obj_cooja/mtype865.a(cxmac.o)
 .bss           0x00000000000371d1        0x0 obj_cooja/mtype865.a(linkaddr.o)
 *fill*         0x00000000000371d1        0xf 
 .bss           0x00000000000371e0      0x35c obj_cooja/mtype865.a(nbr-table.o)
 .bss           0x000000000003753c        0x0 obj_cooja/mtype865.a(netstack.o)
 *fill*         0x000000000003753c        0x4 
 .bss           0x0000000000037540       0xa0 obj_cooja/mtype865.a(packetbuf.o)
 .bss           0x00000000000375e0      0xb80 obj_cooja/mtype865.a(queuebuf.o)
 .bss           0x0000000000038160        0x0 obj_cooja/mtype865.a(nullsec.o)
 .bss           0x0000000000038160        0x0 obj_cooja/mtype865.a(watchdog.o)
 .bss           0x0000000000038160        0x0 obj_cooja/mtype865.a(rimestats.o)
 .bss           0x0000000000038160        0x0 obj_cooja/mtype865.a(memb.o)
 .bss           0x0000000000038160       0x18 obj_cooja/mtype865.a(uip-icmp6.o)
 .bss           0x0000000000038178        0x0 obj_cooja/mtype865.a(uip-nd6.o)
 *fill*         0x0000000000038178        0x8 
 .bss           0x0000000000038180       0x44 obj_cooja/mtype865.a(rpl-nbr-policy.)
 .bss           0x00000000000381c4        0x0 obj_cooja/mtype865.a(frame802154.o)
 .bss           0x00000000000381c4        0x0 /usr/lib/gcc/i686-linux-gnu/4.8/crtendS.o
 .bss           0x00000000000381c4        0x0 /usr/lib/gcc/i686-linux-gnu/4.8/../../../i386-linux-gnu/crtn.o
 *(COMMON)
 COMMON         0x00000000000381c4       0x6c udp-client.co
                0x00000000000381c4                dio_count
                0x00000000000381c8                dis_count
                0x00000000000381cc                csma_drop_count
                0x00000000000381d0                tcp_output_count
                0x00000000000381d4                csma_transmission_count
                0x00000000000381d8                dao_ack_fwd_count
                0x00000000000381dc                COOJA_radioRxLong
                0x00000000000381e0                cxmac_collision_count
                0x00000000000381e4                cxmac_retransmission_count
                0x00000000000381e8                control_message_count
                0x00000000000381ec                dao_count
                0x00000000000381f0                icmp_count
                0x00000000000381f4                COOJA_radioTx
                0x00000000000381f8                cxmac_transmission_count
                0x00000000000381fc                dao_ack_count
                0x0000000000038200                data_message_count
                0x0000000000038204                my_sink_reachability
                0x0000000000038208                COOJA_radioTxLong
                0x000000000003820c                COOJA_radioRx
                0x0000000000038210                my_parent_number
                0x0000000000038214                COOJA_radioOn
                0x0000000000038218                LSA_count
                0x000000000003821c                dao_fwd_count
                0x0000000000038220                COOJA_duration
                0x0000000000038224                dio_ack_count
                0x0000000000038228                COOJA_radioOnLong
                0x000000000003822c                data_fwd_count
 COMMON         0x0000000000038230        0xc obj_cooja/mtype865.o
                0x0000000000038230                referenceVar
                0x0000000000038234                debugfp
                0x0000000000038238                sensors_flags
 COMMON         0x000000000003823c        0xc obj_cooja/mtype865.a(simEnvChange.o)
                0x000000000003823c                simEtimerPending
                0x0000000000038240                simProcessRunValue
                0x0000000000038244                simNextExpirationTime
 COMMON         0x0000000000038248        0x1 obj_cooja/mtype865.a(beep.o)
                0x0000000000038248                simBeeped
 COMMON         0x0000000000038249        0x3 obj_cooja/mtype865.a(button-sensor.o)
                0x0000000000038249                simButtonIsActive
                0x000000000003824a                simButtonIsDown
                0x000000000003824b                simButtonChanged
 COMMON         0x000000000003824c        0x1 obj_cooja/mtype865.a(leds-arch.o)
                0x000000000003824c                simLedsValue
 *fill*         0x000000000003824d        0x3 
 COMMON         0x0000000000038250        0xc obj_cooja/mtype865.a(moteid.o)
                0x0000000000038250                simRandomSeed
                0x0000000000038254                simMoteIDChanged
                0x0000000000038258                simMoteID
 COMMON         0x000000000003825c        0x2 obj_cooja/mtype865.a(pir-sensor.o)
                0x000000000003825c                simPirIsActive
                0x000000000003825d                simPirChanged
 *fill*         0x000000000003825e        0x2 
 COMMON         0x0000000000038260      0x820 obj_cooja/mtype865.a(rs232.o)
                0x0000000000038260                simSerialReceivingFlag
                0x0000000000038264                simSerialReceivingLength
                0x0000000000038280                simSerialReceivingData
 COMMON         0x0000000000038a80        0x2 obj_cooja/mtype865.a(vib-sensor.o)
                0x0000000000038a80                simVibChanged
                0x0000000000038a81                simVibIsActive
 *fill*         0x0000000000038a82        0x2 
 COMMON         0x0000000000038a84        0x4 obj_cooja/mtype865.a(clock.o)
                0x0000000000038a84                simCurrentTime
 *fill*         0x0000000000038a88       0x18 
 COMMON         0x0000000000038aa0      0x420 obj_cooja/mtype865.a(log.o)
                0x0000000000038aa0                simLoggedLength
                0x0000000000038aa4                simLoggedFlag
                0x0000000000038ac0                simLoggedData
 COMMON         0x0000000000038ec0      0x260 obj_cooja/mtype865.a(cooja-radio.o)
                0x0000000000038ec0                simOutDataBuffer
                0x0000000000038f40                simRadioTarget
                0x0000000000038f60                simInDataBufferLR
                0x0000000000038fe0                packet_forwarding
                0x0000000000039000                simOutDataBufferLR
                0x0000000000039080                dual_duty_cycle_count
                0x00000000000390a0                simInDataBuffer
 COMMON         0x0000000000039120      0x400 obj_cooja/mtype865.a(eeprom.o)
                0x0000000000039120                simEEPROMData
 COMMON         0x0000000000039520        0x1 obj_cooja/mtype865.a(sensors.o)
                0x0000000000039520                sensors_event
 *fill*         0x0000000000039521        0x3 
 COMMON         0x0000000000039524        0x4 obj_cooja/mtype865.a(log_message.o)
                0x0000000000039524                log_fp
 COMMON         0x0000000000039528        0x1 obj_cooja/mtype865.a(serial-line.o)
                0x0000000000039528                serial_line_event_message
 *fill*         0x0000000000039529       0x17 
 COMMON         0x0000000000039540      0x1f4 obj_cooja/mtype865.a(uip-ds6-nbr.o)
                0x0000000000039540                ds6_lr_addrmap
 *fill*         0x0000000000039734        0xc 
 COMMON         0x0000000000039740      0x298 obj_cooja/mtype865.a(uip-ds6.o)
                0x0000000000039740                uip_ds6_prefix_list
                0x00000000000397a0                uip_ds6_timer_periodic
                0x00000000000397b0                uip_ds6_netif_addr_list_offset
                0x00000000000397c0                uip_ds6_if
                0x00000000000398b8                uip_ds6_timer_ra
                0x00000000000398c0                uip_ds6_addr_size
                0x00000000000398e0                long_uip_ds6_if
 *fill*         0x00000000000399d8        0x8 
 COMMON         0x00000000000399e0      0x8ec obj_cooja/mtype865.a(uip6.o)
                0x00000000000399e0                uip_slen
                0x00000000000399e2                uip_acc32
                0x0000000000039a00                uip_conns
                0x0000000000039ac0                uip_lladdr
                0x0000000000039ac8                uip_appdata
                0x0000000000039acc                uip_flags
                0x0000000000039ae0                uip_aligned_buf
                0x000000000003a120                uip_listenports
                0x000000000003a130                uip_len
                0x000000000003a132                uip_long_lladdr
                0x000000000003a13c                uip_sappdata
                0x000000000003a140                uip_udp_conns
                0x000000000003a2c0                uip_udp_conn
                0x000000000003a2c4                uip_next_hdr
                0x000000000003a2c8                uip_conn
 COMMON         0x000000000003a2cc        0x1 obj_cooja/mtype865.a(tcpip.o)
                0x000000000003a2cc                tcpip_event
 *fill*         0x000000000003a2cd       0x13 
 COMMON         0x000000000003a2e0      0x178 obj_cooja/mtype865.a(rpl-dag.o)
                0x000000000003a2e0                default_instance
                0x000000000003a300                instance_table
 COMMON         0x000000000003a458       0x10 obj_cooja/mtype865.a(linkaddr.o)
                0x000000000003a458                linkaddr_node_addr
                0x000000000003a460                long_linkaddr_node_addr
 COMMON         0x000000000003a468       0x2e obj_cooja/mtype865.a(packetbuf.o)
                0x000000000003a468                packetbuf_attrs
                0x000000000003a486                packetbuf_addrs
 *fill*         0x000000000003a496        0xa 
 COMMON         0x000000000003a4a0       0x48 obj_cooja/mtype865.a(rimestats.o)
                0x000000000003a4a0                rimestats
                0x000000000003a4e8                . = ALIGN ((. != 0x0)?0x4:0x1)
                0x000000000003a4e8                . = ALIGN (0x4)
                0x000000000003a4e8                . = SEGMENT_START ("ldata-segment", .)
                0x000000000003a4e8                . = ALIGN (0x4)
                0x000000000003a4e8                _end = .
                0x000000000003a4e8                PROVIDE (end, .)
                0x000000000003a4e8                . = DATA_SEGMENT_END (.)

.stab
 *(.stab)

.stabstr
 *(.stabstr)

.stab.excl
 *(.stab.excl)

.stab.exclstr
 *(.stab.exclstr)

.stab.index
 *(.stab.index)

.stab.indexstr
 *(.stab.indexstr)

.comment        0x0000000000000000       0x29
 *(.comment)
 .comment       0x0000000000000000       0x29 /usr/lib/gcc/i686-linux-gnu/4.8/crtbeginS.o
                                         0x2a (size before relaxing)
 .comment       0x0000000000000000       0x2a udp-client.co
 .comment       0x0000000000000000       0x2a obj_cooja/mtype865.o
 .comment       0x0000000000000000       0x2a obj_cooja/mtype865.a(simEnvChange.o)
 .comment       0x0000000000000000       0x2a obj_cooja/mtype865.a(cooja_mt.o)
 .comment       0x0000000000000000       0x2a obj_cooja/mtype865.a(cooja_mtarch.o)
 .comment       0x0000000000000000       0x2a obj_cooja/mtype865.a(rtimer-arch.o)
 .comment       0x0000000000000000       0x2a obj_cooja/mtype865.a(beep.o)
 .comment       0x0000000000000000       0x2a obj_cooja/mtype865.a(button-sensor.o)
 .comment       0x0000000000000000       0x2a obj_cooja/mtype865.a(leds-arch.o)
 .comment       0x0000000000000000       0x2a obj_cooja/mtype865.a(moteid.o)
 .comment       0x0000000000000000       0x2a obj_cooja/mtype865.a(pir-sensor.o)
 .comment       0x0000000000000000       0x2a obj_cooja/mtype865.a(rs232.o)
 .comment       0x0000000000000000       0x2a obj_cooja/mtype865.a(vib-sensor.o)
 .comment       0x0000000000000000       0x2a obj_cooja/mtype865.a(clock.o)
 .comment       0x0000000000000000       0x2a obj_cooja/mtype865.a(log.o)
 .comment       0x0000000000000000       0x2a obj_cooja/mtype865.a(cfs-cooja.o)
 .comment       0x0000000000000000       0x2a obj_cooja/mtype865.a(cooja-radio.o)
 .comment       0x0000000000000000       0x2a obj_cooja/mtype865.a(eeprom.o)
 .comment       0x0000000000000000       0x2a obj_cooja/mtype865.a(random.o)
 .comment       0x0000000000000000       0x2a obj_cooja/mtype865.a(sensors.o)
 .comment       0x0000000000000000       0x2a obj_cooja/mtype865.a(leds.o)
 .comment       0x0000000000000000       0x2a obj_cooja/mtype865.a(dual_conf.o)
 .comment       0x0000000000000000       0x2a obj_cooja/mtype865.a(autostart.o)
 .comment       0x0000000000000000       0x2a obj_cooja/mtype865.a(ctimer.o)
 .comment       0x0000000000000000       0x2a obj_cooja/mtype865.a(etimer.o)
 .comment       0x0000000000000000       0x2a obj_cooja/mtype865.a(log_message.o)
 .comment       0x0000000000000000       0x2a obj_cooja/mtype865.a(process.o)
 .comment       0x0000000000000000       0x2a obj_cooja/mtype865.a(residual.o)
 .comment       0x0000000000000000       0x2a obj_cooja/mtype865.a(rtimer.o)
 .comment       0x0000000000000000       0x2a obj_cooja/mtype865.a(stimer.o)
 .comment       0x0000000000000000       0x2a obj_cooja/mtype865.a(timer.o)
 .comment       0x0000000000000000       0x2a obj_cooja/mtype865.a(serial-line.o)
 .comment       0x0000000000000000       0x2a obj_cooja/mtype865.a(list.o)
 .comment       0x0000000000000000       0x2a obj_cooja/mtype865.a(ringbuf.o)
 .comment       0x0000000000000000       0x2a obj_cooja/mtype865.a(sicslowpan.o)
 .comment       0x0000000000000000       0x2a obj_cooja/mtype865.a(uip-ds6-nbr.o)
 .comment       0x0000000000000000       0x2a obj_cooja/mtype865.a(uip-ds6-route.o)
 .comment       0x0000000000000000       0x2a obj_cooja/mtype865.a(uip-ds6.o)
 .comment       0x0000000000000000       0x2a obj_cooja/mtype865.a(uip6.o)
 .comment       0x0000000000000000       0x2a obj_cooja/mtype865.a(tcpip.o)
 .comment       0x0000000000000000       0x2a obj_cooja/mtype865.a(uip-debug.o)
 .comment       0x0000000000000000       0x2a obj_cooja/mtype865.a(uip-packetqueue)
 .comment       0x0000000000000000       0x2a obj_cooja/mtype865.a(uip-udp-packet.)
 .comment       0x0000000000000000       0x2a obj_cooja/mtype865.a(rpl-dag.o)
 .comment       0x0000000000000000       0x2a obj_cooja/mtype865.a(rpl-ext-header.)
 .comment       0x0000000000000000       0x2a obj_cooja/mtype865.a(rpl-icmp6.o)
 .comment       0x0000000000000000       0x2a obj_cooja/mtype865.a(rpl-ltmax.o)
 .comment       0x0000000000000000       0x2a obj_cooja/mtype865.a(rpl-timers.o)
 .comment       0x0000000000000000       0x2a obj_cooja/mtype865.a(rpl.o)
 .comment       0x0000000000000000       0x2a obj_cooja/mtype865.a(csma.o)
 .comment       0x0000000000000000       0x2a obj_cooja/mtype865.a(framer-802154.o)
 .comment       0x0000000000000000       0x2a obj_cooja/mtype865.a(mac.o)
 .comment       0x0000000000000000       0x2a obj_cooja/mtype865.a(cxmac.o)
 .comment       0x0000000000000000       0x2a obj_cooja/mtype865.a(linkaddr.o)
 .comment       0x0000000000000000       0x2a obj_cooja/mtype865.a(nbr-table.o)
 .comment       0x0000000000000000       0x2a obj_cooja/mtype865.a(netstack.o)
 .comment       0x0000000000000000       0x2a obj_cooja/mtype865.a(packetbuf.o)
 .comment       0x0000000000000000       0x2a obj_cooja/mtype865.a(queuebuf.o)
 .comment       0x0000000000000000       0x2a obj_cooja/mtype865.a(nullsec.o)
 .comment       0x0000000000000000       0x2a obj_cooja/mtype865.a(watchdog.o)
 .comment       0x0000000000000000       0x2a obj_cooja/mtype865.a(rimestats.o)
 .comment       0x0000000000000000       0x2a obj_cooja/mtype865.a(memb.o)
 .comment       0x0000000000000000       0x2a obj_cooja/mtype865.a(uip-icmp6.o)
 .comment       0x0000000000000000       0x2a obj_cooja/mtype865.a(uip-nd6.o)
 .comment       0x0000000000000000       0x2a obj_cooja/mtype865.a(rpl-nbr-policy.)
 .comment       0x0000000000000000       0x2a obj_cooja/mtype865.a(frame802154.o)
 .comment       0x0000000000000000       0x2a /usr/lib/gcc/i686-linux-gnu/4.8/crtendS.o

.debug
 *(.debug)

.line
 *(.line)

.debug_srcinfo
 *(.debug_srcinfo)

.debug_sfnames
 *(.debug_sfnames)

.debug_aranges  0x0000000000000000      0x838
 *(.debug_aranges)
 .debug_aranges
                0x0000000000000000       0x20 udp-client.co
 .debug_aranges
                0x0000000000000020       0x20 obj_cooja/mtype865.o
 .debug_aranges
                0x0000000000000040       0x20 obj_cooja/mtype865.a(simEnvChange.o)
 .debug_aranges
                0x0000000000000060       0x20 obj_cooja/mtype865.a(cooja_mt.o)
 .debug_aranges
                0x0000000000000080       0x20 obj_cooja/mtype865.a(cooja_mtarch.o)
 .debug_aranges
                0x00000000000000a0       0x20 obj_cooja/mtype865.a(rtimer-arch.o)
 .debug_aranges
                0x00000000000000c0       0x20 obj_cooja/mtype865.a(beep.o)
 .debug_aranges
                0x00000000000000e0       0x20 obj_cooja/mtype865.a(button-sensor.o)
 .debug_aranges
                0x0000000000000100       0x20 obj_cooja/mtype865.a(leds-arch.o)
 .debug_aranges
                0x0000000000000120       0x20 obj_cooja/mtype865.a(moteid.o)
 .debug_aranges
                0x0000000000000140       0x20 obj_cooja/mtype865.a(pir-sensor.o)
 .debug_aranges
                0x0000000000000160       0x20 obj_cooja/mtype865.a(rs232.o)
 .debug_aranges
                0x0000000000000180       0x20 obj_cooja/mtype865.a(vib-sensor.o)
 .debug_aranges
                0x00000000000001a0       0x20 obj_cooja/mtype865.a(clock.o)
 .debug_aranges
                0x00000000000001c0       0x20 obj_cooja/mtype865.a(log.o)
 .debug_aranges
                0x00000000000001e0       0x20 obj_cooja/mtype865.a(cfs-cooja.o)
 .debug_aranges
                0x0000000000000200       0x20 obj_cooja/mtype865.a(cooja-radio.o)
 .debug_aranges
                0x0000000000000220       0x20 obj_cooja/mtype865.a(eeprom.o)
 .debug_aranges
                0x0000000000000240       0x20 obj_cooja/mtype865.a(random.o)
 .debug_aranges
                0x0000000000000260       0x20 obj_cooja/mtype865.a(sensors.o)
 .debug_aranges
                0x0000000000000280       0x20 obj_cooja/mtype865.a(leds.o)
 .debug_aranges
                0x00000000000002a0       0x20 obj_cooja/mtype865.a(dual_conf.o)
 .debug_aranges
                0x00000000000002c0       0x20 obj_cooja/mtype865.a(autostart.o)
 .debug_aranges
                0x00000000000002e0       0x20 obj_cooja/mtype865.a(ctimer.o)
 .debug_aranges
                0x0000000000000300       0x20 obj_cooja/mtype865.a(etimer.o)
 .debug_aranges
                0x0000000000000320       0x20 obj_cooja/mtype865.a(log_message.o)
 .debug_aranges
                0x0000000000000340       0x20 obj_cooja/mtype865.a(process.o)
 .debug_aranges
                0x0000000000000360       0x20 obj_cooja/mtype865.a(residual.o)
 .debug_aranges
                0x0000000000000380       0x20 obj_cooja/mtype865.a(rtimer.o)
 .debug_aranges
                0x00000000000003a0       0x20 obj_cooja/mtype865.a(stimer.o)
 .debug_aranges
                0x00000000000003c0       0x20 obj_cooja/mtype865.a(timer.o)
 .debug_aranges
                0x00000000000003e0       0x20 obj_cooja/mtype865.a(serial-line.o)
 .debug_aranges
                0x0000000000000400       0x20 obj_cooja/mtype865.a(list.o)
 .debug_aranges
                0x0000000000000420       0x20 obj_cooja/mtype865.a(ringbuf.o)
 .debug_aranges
                0x0000000000000440       0x20 obj_cooja/mtype865.a(sicslowpan.o)
 .debug_aranges
                0x0000000000000460       0x20 obj_cooja/mtype865.a(uip-ds6-nbr.o)
 .debug_aranges
                0x0000000000000480       0x20 obj_cooja/mtype865.a(uip-ds6-route.o)
 .debug_aranges
                0x00000000000004a0       0x20 obj_cooja/mtype865.a(uip-ds6.o)
 .debug_aranges
                0x00000000000004c0       0x20 obj_cooja/mtype865.a(uip6.o)
 .debug_aranges
                0x00000000000004e0       0x20 obj_cooja/mtype865.a(tcpip.o)
 .debug_aranges
                0x0000000000000500       0x20 obj_cooja/mtype865.a(uip-debug.o)
 .debug_aranges
                0x0000000000000520       0x20 obj_cooja/mtype865.a(uip-packetqueue)
 .debug_aranges
                0x0000000000000540       0x20 obj_cooja/mtype865.a(uip-udp-packet.)
 .debug_aranges
                0x0000000000000560       0x20 obj_cooja/mtype865.a(rpl-dag.o)
 .debug_aranges
                0x0000000000000580       0x20 obj_cooja/mtype865.a(rpl-ext-header.)
 .debug_aranges
                0x00000000000005a0       0x20 obj_cooja/mtype865.a(rpl-icmp6.o)
 .debug_aranges
                0x00000000000005c0       0x20 obj_cooja/mtype865.a(rpl-ltmax.o)
 .debug_aranges
                0x00000000000005e0       0x20 obj_cooja/mtype865.a(rpl-timers.o)
 .debug_aranges
                0x0000000000000600       0x20 obj_cooja/mtype865.a(rpl.o)
 .debug_aranges
                0x0000000000000620       0x20 obj_cooja/mtype865.a(csma.o)
 .debug_aranges
                0x0000000000000640       0x20 obj_cooja/mtype865.a(framer-802154.o)
 .debug_aranges
                0x0000000000000660       0x20 obj_cooja/mtype865.a(mac.o)
 .debug_aranges
                0x0000000000000680       0x20 obj_cooja/mtype865.a(cxmac.o)
 .debug_aranges
                0x00000000000006a0       0x20 obj_cooja/mtype865.a(linkaddr.o)
 .debug_aranges
                0x00000000000006c0       0x20 obj_cooja/mtype865.a(nbr-table.o)
 .debug_aranges
                0x00000000000006e0       0x20 obj_cooja/mtype865.a(netstack.o)
 .debug_aranges
                0x0000000000000700       0x20 obj_cooja/mtype865.a(packetbuf.o)
 .debug_aranges
                0x0000000000000720       0x20 obj_cooja/mtype865.a(queuebuf.o)
 .debug_aranges
                0x0000000000000740       0x20 obj_cooja/mtype865.a(nullsec.o)
 .debug_aranges
                0x0000000000000760       0x20 obj_cooja/mtype865.a(watchdog.o)
 .debug_aranges
                0x0000000000000780       0x18 obj_cooja/mtype865.a(rimestats.o)
 .debug_aranges
                0x0000000000000798       0x20 obj_cooja/mtype865.a(memb.o)
 .debug_aranges
                0x00000000000007b8       0x20 obj_cooja/mtype865.a(uip-icmp6.o)
 .debug_aranges
                0x00000000000007d8       0x20 obj_cooja/mtype865.a(uip-nd6.o)
 .debug_aranges
                0x00000000000007f8       0x20 obj_cooja/mtype865.a(rpl-nbr-policy.)
 .debug_aranges
                0x0000000000000818       0x20 obj_cooja/mtype865.a(frame802154.o)

.debug_pubnames
 *(.debug_pubnames)

.debug_info     0x0000000000000000    0x1f725
 *(.debug_info .gnu.linkonce.wi.*)
 .debug_info    0x0000000000000000     0x1478 udp-client.co
 .debug_info    0x0000000000001478     0x3b8f obj_cooja/mtype865.o