Archive member included to satisfy reference by file (symbol)

obj_cooja/mtype583.a(simEnvChange.o)
                              obj_cooja/mtype583.o (simDontFallAsleep)
obj_cooja/mtype583.a(cooja_mt.o)
                              obj_cooja/mtype583.o (cooja_mt_start)
obj_cooja/mtype583.a(cooja_mtarch.o)
                              obj_cooja/mtype583.a(cooja_mt.o) (cooja_mtarch_init)
obj_cooja/mtype583.a(rtimer-arch.o)
                              obj_cooja/mtype583.o (rtimer_arch_next)
obj_cooja/mtype583.a(beep.o)  obj_cooja/mtype583.o (beep_interface)
obj_cooja/mtype583.a(button-sensor.o)
                              obj_cooja/mtype583.o (button_interface)
obj_cooja/mtype583.a(leds-arch.o)
                              obj_cooja/mtype583.o (leds_interface)
obj_cooja/mtype583.a(moteid.o)
                              obj_cooja/mtype583.o (moteid_interface)
obj_cooja/mtype583.a(pir-sensor.o)
                              obj_cooja/mtype583.o (pir_interface)
obj_cooja/mtype583.a(rs232.o)
                              obj_cooja/mtype583.o (rs232_interface)
obj_cooja/mtype583.a(vib-sensor.o)
                              obj_cooja/mtype583.o (vib_interface)
obj_cooja/mtype583.a(clock.o)
                              obj_cooja/mtype583.o (clock_interface)
obj_cooja/mtype583.a(log.o)   obj_cooja/mtype583.o (simlog_interface)
obj_cooja/mtype583.a(cfs-cooja.o)
                              obj_cooja/mtype583.o (cfs_interface)
obj_cooja/mtype583.a(cooja-radio.o)
                              obj_cooja/mtype583.o (radio_interface)
obj_cooja/mtype583.a(eeprom.o)
                              obj_cooja/mtype583.o (eeprom_interface)
obj_cooja/mtype583.a(random.o)
                              obj_cooja/mtype583.a(moteid.o) (random_init)
obj_cooja/mtype583.a(sensors.o)
                              udp-server.co (sensors_event)
obj_cooja/mtype583.a(autostart.o)
                              obj_cooja/mtype583.o (autostart_start)
obj_cooja/mtype583.a(ctimer.o)
                              obj_cooja/mtype583.o (ctimer_init)
obj_cooja/mtype583.a(etimer.o)
                              obj_cooja/mtype583.o (etimer_process)
obj_cooja/mtype583.a(log_message.o)
                              obj_cooja/mtype583.o (log_initialization)
obj_cooja/mtype583.a(process.o)
                              udp-server.co (process_current)
obj_cooja/mtype583.a(residual.o)
                              obj_cooja/mtype583.o (DISSIPATION_RATE)
obj_cooja/mtype583.a(rtimer.o)
                              obj_cooja/mtype583.a(rtimer-arch.o) (rtimer_run_next)
obj_cooja/mtype583.a(timer.o)
                              obj_cooja/mtype583.a(button-sensor.o) (timer_set)
obj_cooja/mtype583.a(serial-line.o)
                              obj_cooja/mtype583.a(rs232.o) (serial_line_input_byte)
obj_cooja/mtype583.a(list.o)  obj_cooja/mtype583.a(ctimer.o) (list_init)
obj_cooja/mtype583.a(ringbuf.o)
                              obj_cooja/mtype583.a(serial-line.o) (ringbuf_init)
obj_cooja/mtype583.a(sicslowpan.o)
                              obj_cooja/mtype583.o (sicslowpan_driver)
obj_cooja/mtype583.a(uip-ds6-nbr.o)
                              obj_cooja/mtype583.a(sicslowpan.o) (uip_ds6_link_neighbor_callback)
obj_cooja/mtype583.a(uip-ds6.o)
                              udp-server.co (uip_ds6_if)
obj_cooja/mtype583.a(uip6.o)  obj_cooja/mtype583.o (uip_lladdr)
obj_cooja/mtype583.a(tcpip.o)
                              udp-server.co (tcpip_event)
obj_cooja/mtype583.a(uip-debug.o)
                              udp-server.co (uip_debug_ipaddr_print)
obj_cooja/mtype583.a(uip-packetqueue)
                              obj_cooja/mtype583.a(uip-ds6-nbr.o) (uip_packetqueue_new)
obj_cooja/mtype583.a(rpl-dag.o)
                              udp-server.co (rpl_set_root)
obj_cooja/mtype583.a(rpl-ext-header.)
                              obj_cooja/mtype583.a(uip6.o) (rpl_verify_header)
obj_cooja/mtype583.a(rpl-icmp6.o)
                              obj_cooja/mtype583.a(rpl-dag.o) (rpl_icmp6_update_nbr_table)
obj_cooja/mtype583.a(rpl-ltmax.o)
                              obj_cooja/mtype583.a(rpl-dag.o) (rpl_ltmax_of)
obj_cooja/mtype583.a(rpl-timers.o)
                              obj_cooja/mtype583.a(rpl-dag.o) (rpl_reset_dio_timer)
obj_cooja/mtype583.a(rpl.o)   obj_cooja/mtype583.a(rpl-icmp6.o) (rpl_get_mode)
obj_cooja/mtype583.a(csma.o)  udp-server.co (csma_driver)
obj_cooja/mtype583.a(framer-802154.o)
                              obj_cooja/mtype583.a(sicslowpan.o) (framer_802154)
obj_cooja/mtype583.a(mac.o)   obj_cooja/mtype583.a(csma.o) (mac_call_sent_callback)
obj_cooja/mtype583.a(cxmac.o)
                              obj_cooja/mtype583.o (cxmac_driver)
obj_cooja/mtype583.a(linkaddr.o)
                              obj_cooja/mtype583.o (linkaddr_node_addr)
obj_cooja/mtype583.a(nbr-table.o)
                              obj_cooja/mtype583.a(uip-ds6-nbr.o) (nbr_table_register)
obj_cooja/mtype583.a(netstack.o)
[...]
Memory Configuration

Name             Origin             Length             Attributes
*default*        0x0000000000000000 0xffffffffffffffff

Linker script and memory map

LOAD /usr/lib/gcc/i686-linux-gnu/4.8/../../../i386-linux-gnu/crti.o
LOAD /usr/lib/gcc/i686-linux-gnu/4.8/crtbeginS.o
LOAD udp-server.co
LOAD obj_cooja/mtype583.o
LOAD obj_cooja/mtype583.a
LOAD /usr/lib/gcc/i686-linux-gnu/4.8/libgcc.a
LOAD /usr/lib/gcc/i686-linux-gnu/4.8/libgcc_s.so
LOAD /usr/lib/gcc/i686-linux-gnu/4.8/../../../i386-linux-gnu/libc.so
START GROUP
LOAD /lib/i386-linux-gnu/libc.so.6
LOAD /usr/lib/i386-linux-gnu/libc_nonshared.a
LOAD /lib/i386-linux-gnu/ld-linux.so.2
END GROUP
LOAD /usr/lib/gcc/i686-linux-gnu/4.8/libgcc.a
LOAD /usr/lib/gcc/i686-linux-gnu/4.8/libgcc_s.so
LOAD /usr/lib/gcc/i686-linux-gnu/4.8/crtendS.o
LOAD /usr/lib/gcc/i686-linux-gnu/4.8/../../../i386-linux-gnu/crtn.o
                0x0000000000000114                . = (0x0 + SIZEOF_HEADERS)

.note.gnu.build-id
                0x0000000000000114       0x24
 *(.note.gnu.build-id)
 .note.gnu.build-id
                0x0000000000000114       0x24 /usr/lib/gcc/i686-linux-gnu/4.8/../../../i386-linux-gnu/crti.o

.hash
 *(.hash)

.gnu.hash       0x0000000000000138     0x1314
 *(.gnu.hash)
 .gnu.hash      0x0000000000000138     0x1314 /usr/lib/gcc/i686-linux-gnu/4.8/../../../i386-linux-gnu/crti.o

.dynsym         0x000000000000144c     0x24b0
 *(.dynsym)
 .dynsym        0x000000000000144c     0x24b0 /usr/lib/gcc/i686-linux-gnu/4.8/../../../i386-linux-gnu/crti.o

.dynstr         0x00000000000038fc     0x2558
 *(.dynstr)
 .dynstr        0x00000000000038fc     0x2558 /usr/lib/gcc/i686-linux-gnu/4.8/../../../i386-linux-gnu/crti.o

.gnu.version    0x0000000000005e54      0x496
 *(.gnu.version)
 .gnu.version   0x0000000000005e54      0x496 /usr/lib/gcc/i686-linux-gnu/4.8/../../../i386-linux-gnu/crti.o

.gnu.version_d  0x00000000000062ec        0x0
 *(.gnu.version_d)
 .gnu.version_d
                0x0000000000000000        0x0 /usr/lib/gcc/i686-linux-gnu/4.8/../../../i386-linux-gnu/crti.o

.gnu.version_r  0x00000000000062ec       0x50
 *(.gnu.version_r)
 .gnu.version_r
                0x00000000000062ec       0x50 /usr/lib/gcc/i686-linux-gnu/4.8/../../../i386-linux-gnu/crti.o

.rel.dyn        0x000000000000633c     0x86e8
 *(.rel.init)
 .rel.init      0x0000000000000000        0x0 /usr/lib/gcc/i686-linux-gnu/4.8/../../../i386-linux-gnu/crti.o
 *(.rel.text .rel.text.* .rel.gnu.linkonce.t.*)
 .rel.text      0x000000000000633c     0x7f30 /usr/lib/gcc/i686-linux-gnu/4.8/../../../i386-linux-gnu/crti.o
 *(.rel.fini)
 .rel.fini      0x0000000000000000        0x0 /usr/lib/gcc/i686-linux-gnu/4.8/../../../i386-linux-gnu/crti.o
 *(.rel.rodata .rel.rodata.* .rel.gnu.linkonce.r.*)
 .rel.rodata    0x000000000000e26c      0x4e0 /usr/lib/gcc/i686-linux-gnu/4.8/../../../i386-linux-gnu/crti.o
 *(.rel.data.rel.ro .rel.data.rel.ro.* .rel.gnu.linkonce.d.rel.ro.*)
 *(.rel.data .rel.data.* .rel.gnu.linkonce.d.*)
 .rel.data.rel  0x000000000000e74c        0x8 /usr/lib/gcc/i686-linux-gnu/4.8/../../../i386-linux-gnu/crti.o
 .rel.data      0x000000000000e754      0x298 /usr/lib/gcc/i686-linux-gnu/4.8/../../../i386-linux-gnu/crti.o
 *(.rel.tdata .rel.tdata.* .rel.gnu.linkonce.td.*)
 *(.rel.tbss .rel.tbss.* .rel.gnu.linkonce.tb.*)
 *(.rel.ctors)
 *(.rel.dtors)
 *(.rel.got)
 .rel.got       0x000000000000e9ec       0x28 /usr/lib/gcc/i686-linux-gnu/4.8/../../../i386-linux-gnu/crti.o
 *(.rel.bss .rel.bss.* .rel.gnu.linkonce.b.*)
 *(.rel.ifunc)
 .rel.ifunc     0x0000000000000000        0x0 /usr/lib/gcc/i686-linux-gnu/4.8/../../../i386-linux-gnu/crti.o
 .rel.fini_array
                0x000000000000ea14        0x8 /usr/lib/gcc/i686-linux-gnu/4.8/../../../i386-linux-gnu/crti.o
 .rel.init_array
                0x000000000000ea1c        0x8 /usr/lib/gcc/i686-linux-gnu/4.8/../../../i386-linux-gnu/crti.o

.rel.plt        0x000000000000ea24       0x10
 *(.rel.plt)
 .rel.plt       0x000000000000ea24       0x10 /usr/lib/gcc/i686-linux-gnu/4.8/../../../i386-linux-gnu/crti.o
 *(.rel.iplt)

.init           0x000000000000ea34       0x23
 *(SORT(.init))
 .init          0x000000000000ea34       0x1e /usr/lib/gcc/i686-linux-gnu/4.8/../../../i386-linux-gnu/crti.o
                0x000000000000ea34                _init
 .init          0x000000000000ea52        0x5 /usr/lib/gcc/i686-linux-gnu/4.8/../../../i386-linux-gnu/crtn.o

.plt            0x000000000000ea60       0x30
 *(.plt)
 .plt           0x000000000000ea60       0x30 /usr/lib/gcc/i686-linux-gnu/4.8/../../../i386-linux-gnu/crti.o
 *(.iplt)

.text           0x000000000000ea90    0x151f8
 *(.text.unlikely .text.*_unlikely .text.unlikely.*)
 *(.text.exit .text.exit.*)
 *(.text.startup .text.startup.*)
 *(.text.hot .text.hot.*)
 *(.text .stub .text.* .gnu.linkonce.t.*)
 .text          0x000000000000ea90        0x0 /usr/lib/gcc/i686-linux-gnu/4.8/../../../i386-linux-gnu/crti.o
 .gnu.linkonce.t.__x86.get_pc_thunk.bx
                0x000000000000ea90        0x4 /usr/lib/gcc/i686-linux-gnu/4.8/../../../i386-linux-gnu/crti.o
                0x000000000000ea90                __x86.get_pc_thunk.bx
 *fill*         0x000000000000ea94        0xc 
 .text          0x000000000000eaa0      0x11b /usr/lib/gcc/i686-linux-gnu/4.8/crtbeginS.o
 .text          0x000000000000ebbb      0x4a1 udp-server.co
 .text          0x000000000000f05c      0x713 obj_cooja/mtype583.o
                0x000000000000f192                contiki_init
                0x000000000000f586                Java_org_contikios_cooja_corecomm_Lib1_init
                0x000000000000f5c6                Java_org_contikios_cooja_corecomm_Lib1_getMemory
                0x000000000000f606                Java_org_contikios_cooja_corecomm_Lib1_setMemory
                0x000000000000f67d                Java_org_contikios_cooja_corecomm_Lib1_tick
                0x000000000000f75d                Java_org_contikios_cooja_corecomm_Lib1_setReferenceAddress
 .text          0x000000000000f76f       0x63 obj_cooja/mtype583.a(simEnvChange.o)
                0x000000000000f76f                doActionsBeforeTick
                0x000000000000f7a0                doActionsAfterTick
 .text          0x000000000000f7d2       0xbc obj_cooja/mtype583.a(cooja_mt.o)
                0x000000000000f7d2                cooja_mt_init
                0x000000000000f7df                cooja_mt_remove
                0x000000000000f7ec                cooja_mt_start
                0x000000000000f819                cooja_mt_exec
                0x000000000000f84a                cooja_mt_exit
                0x000000000000f86c                cooja_mt_yield
 .text          0x000000000000f88e      0x115 obj_cooja/mtype583.a(cooja_mtarch.o)
                0x000000000000f88e                cooja_mtarch_init
                0x000000000000f893                cooja_mtarch_start
                0x000000000000f90e                cooja_sw
                0x000000000000f930                cooja_mtarch_exec
                0x000000000000f94c                cooja_mtarch_remove
                0x000000000000f951                cooja_mtarch_yield
                0x000000000000f95b                cooja_mtarch_pstop
                0x000000000000f960                cooja_mtarch_pstart
                0x000000000000f965                cooja_mtarch_stack_usage
 .text          0x000000000000f9a3       0xc2 obj_cooja/mtype583.a(rtimer-arch.o)
                0x000000000000f9a3                rtimer_arch_init
                0x000000000000f9c6                rtimer_arch_schedule
                0x000000000000f9dd                rtimer_arch_next
                0x000000000000f9e7                rtimer_arch_pending
                0x000000000000f9f1                rtimer_arch_check
                0x000000000000fa23                rtimer_arch_now
 .text          0x000000000000fa65       0x76 obj_cooja/mtype583.a(beep.o)
                0x000000000000fa65                beep_alarm
                0x000000000000fa71                beep_beep
                0x000000000000fa7d                beep
                0x000000000000fa89                beep_down
                0x000000000000fa95                beep_on
                0x000000000000faa1                beep_off
                0x000000000000faad                beep_spinup
                0x000000000000fab9                beep_quick
                0x000000000000fac5                beep_long
 .text          0x000000000000fadb      0x103 obj_cooja/mtype583.a(button-sensor.o)
 .text          0x000000000000fbde       0x45 obj_cooja/mtype583.a(leds-arch.o)
                0x000000000000fbde                leds_arch_init
                0x000000000000fbea                leds_arch_get
                0x000000000000fbf6                leds_arch_set
 .text          0x000000000000fc23       0x2f obj_cooja/mtype583.a(moteid.o)
 .text          0x000000000000fc52       0xb1 obj_cooja/mtype583.a(pir-sensor.o)
 .text          0x000000000000fd03      0x131 obj_cooja/mtype583.a(rs232.o)
                0x000000000000fd03                rs232_init
                0x000000000000fd08                rs232_set_speed
                0x000000000000fd16                rs232_set_input
                0x000000000000fd23                rs232_send
                0x000000000000fd45                rs232_print
                0x000000000000fd60                slip_arch_writeb
 .text          0x000000000000fe34       0xb1 obj_cooja/mtype583.a(vib-sensor.o)
 .text          0x000000000000fee5       0x34 obj_cooja/mtype583.a(clock.o)
                0x000000000000fee5                clock_init
                0x000000000000feea                clock_time
                0x000000000000fef4                clock_seconds
                0x000000000000ff0a                clock_delay
 .text          0x000000000000ff19      0x1ed obj_cooja/mtype583.a(log.o)
                0x000000000000ff19                simlog_char
                0x000000000000ff5b                simlog
                0x000000000000ffc8                log_message
                0x000000000000fff0                log_set_putchar_with_slip
                0x000000000000fffd                log_putchar
                0x0000000000010081                log_puts
                0x00000000000100a5                log_printf
 .text          0x0000000000010106      0x2c4 obj_cooja/mtype583.a(cfs-cooja.o)
                0x0000000000010106                cfs_open
                0x000000000001016f                cfs_close
                0x000000000001017b                cfs_read
                0x0000000000010219                cfs_write
                0x00000000000102f6                cfs_seek
                0x000000000001037e                cfs_remove
                0x00000000000103a7                cfs_opendir
                0x00000000000103b1                cfs_readdir
                0x00000000000103bb                cfs_closedir
 .text          0x00000000000103ca      0x3e8 obj_cooja/mtype583.a(cooja-radio.o)
                0x00000000000103f4                radio_set_channel
                0x0000000000010401                radio_set_txpower
                0x0000000000010418                radio_signal_strength_last
                0x0000000000010422                radio_signal_strength_current
                0x000000000001042c                radio_LQI
 .text          0x00000000000107b2       0xef obj_cooja/mtype583.a(eeprom.o)
                0x00000000000107b2                eeprom_init
                0x00000000000107b7                eeprom_read
                0x0000000000010827                eeprom_write
 .text          0x00000000000108a1       0x28 obj_cooja/mtype583.a(random.o)
                0x00000000000108a1                random_init
                0x00000000000108bc                random_rand
 .text          0x00000000000108c9      0x2a1 obj_cooja/mtype583.a(sensors.o)
                0x0000000000010904                sensors_first
                0x000000000001090e                sensors_next
                0x000000000001092b                sensors_changed
                0x000000000001095a                sensors_find
 .text          0x0000000000010b6a       0x8e obj_cooja/mtype583.a(autostart.o)
                0x0000000000010b6a                autostart_start
                0x0000000000010bb5                autostart_exit
 .text          0x0000000000010bf8      0x334 obj_cooja/mtype583.a(ctimer.o)
                0x0000000000010d0f                ctimer_init
                0x0000000000010d3f                ctimer_set
                0x0000000000010d70                ctimer_set_with_process
                0x0000000000010dec                ctimer_reset
                0x0000000000010e3b                ctimer_restart
                0x0000000000010e8a                ctimer_stop
                0x0000000000010ed5                ctimer_expired
 .text          0x0000000000010f2c      0x40b obj_cooja/mtype583.a(etimer.o)
                0x000000000001113f                etimer_request_poll
                0x00000000000111c3                etimer_set
                0x00000000000111e8                etimer_reset_with_new_interval
                0x000000000001120f                etimer_reset
                0x000000000001122d                etimer_restart
                0x000000000001124b                etimer_adjust
                0x0000000000011267                etimer_expired
                0x000000000001127a                etimer_expiration_time
                0x000000000001128c                etimer_start_time
                0x0000000000011296                etimer_pending
                0x00000000000112a8                etimer_next_expiration_time
                0x00000000000112c2                etimer_stop
 .text          0x0000000000011337      0x220 obj_cooja/mtype583.a(log_message.o)
                0x0000000000011337                log_initialization
                0x0000000000011536                log_finisher
 .text          0x0000000000011557      0x560 obj_cooja/mtype583.a(process.o)
                0x0000000000011557                process_alloc_event
                0x000000000001156c                process_start
                0x0000000000011755                process_exit
                0x0000000000011771                process_init
                0x0000000000011942                process_run
                0x0000000000011975                process_nevents
                0x0000000000011990                process_post
                0x0000000000011a3c                process_post_synch
                0x0000000000011a74                process_poll
                0x0000000000011aa3                process_is_running
 .text          0x0000000000011ab7       0x8b obj_cooja/mtype583.a(residual.o)
                0x0000000000011ab7                get_residual_energy
 .text          0x0000000000011b42       0xba obj_cooja/mtype583.a(rtimer.o)
                0x0000000000011b42                rtimer_init
                0x0000000000011b4f                rtimer_set
                0x0000000000011ba6                rtimer_run_next
 .text          0x0000000000011bfc       0x91 obj_cooja/mtype583.a(timer.o)
                0x0000000000011bfc                timer_set
                0x0000000000011c17                timer_reset
                0x0000000000011c2e                timer_restart
                0x0000000000011c40                timer_expired
                0x0000000000011c69                timer_remaining
 .text          0x0000000000011c8d      0x1fb obj_cooja/mtype583.a(serial-line.o)
                0x0000000000011c8d                serial_line_input_byte
                0x0000000000011e50                serial_line_init
 .text          0x0000000000011e88      0x244 obj_cooja/mtype583.a(list.o)
                0x0000000000011e88                list_init
                0x0000000000011e96                list_head
                0x0000000000011ea0                list_copy
                0x0000000000011eaf                list_tail
                0x0000000000011ee5                list_add
                0x0000000000011f2e                list_push
                0x0000000000011f5a                list_chop
                0x0000000000011fc4                list_pop
                0x0000000000011fec                list_remove
                0x0000000000012053                list_length
                0x0000000000012081                list_insert
                0x00000000000120b5                list_item_next
 .text          0x00000000000120cc      0x155 obj_cooja/mtype583.a(ringbuf.o)
                0x00000000000120cc                ringbuf_init
                0x00000000000120fd                ringbuf_put
                0x000000000001217b                ringbuf_get
                0x00000000000121e8                ringbuf_size
                0x00000000000121fa                ringbuf_elements
 .text          0x0000000000012221     0x258b obj_cooja/mtype583.a(sicslowpan.o)
                0x00000000000127ab                rime_sniffer_add
                0x00000000000127b8                rime_sniffer_remove
                0x000000000001474b                sicslowpan_init
                0x00000000000147a2                sicslowpan_get_last_rssi
 .text          0x00000000000147ac      0x298 obj_cooja/mtype583.a(uip-ds6-nbr.o)
                0x00000000000147c9                uip_ds6_neighbors_init
                0x00000000000147e6                uip_ds6_nbr_add
                0x000000000001486e                uip_ds6_nbr_rm
                0x00000000000148b0                uip_ds6_nbr_get_ipaddr
                0x00000000000148c5                uip_ds6_nbr_get_ll
                0x00000000000148e1                uip_ds6_nbr_num
                0x0000000000014926                uip_ds6_nbr_lookup
                0x000000000001498b                uip_ds6_nbr_ll_lookup
                0x00000000000149a7                uip_ds6_nbr_ipaddr_from_lladdr
                0x00000000000149cd                uip_ds6_nbr_lladdr_from_ipaddr
                0x00000000000149fb                uip_ds6_link_neighbor_callback
 .text          0x0000000000014a44      0xb97 obj_cooja/mtype583.a(uip-ds6.o)
                0x0000000000014a44                uip_ds6_init
                0x0000000000014c17                uip_ds6_periodic
                0x0000000000014c90                uip_ds6_list_loop
                0x0000000000014d37                uip_ds6_prefix_add
                0x0000000000014df5                uip_ds6_prefix_rm
                0x0000000000014e07                uip_ds6_prefix_lookup
                0x0000000000014e58                uip_ds6_is_addr_onlink
                0x0000000000014ecc                uip_ds6_addr_add
                0x0000000000014ffa                uip_ds6_addr_rm
                0x000000000001509a                uip_ds6_addr_lookup
                0x00000000000150e5                uip_ds6_get_link_local
                0x0000000000015164                uip_ds6_get_global
                0x00000000000151e3                uip_ds6_maddr_add
                0x0000000000015255                uip_ds6_maddr_rm
                0x0000000000015267                uip_ds6_maddr_lookup
                0x00000000000152b2                uip_ds6_aaddr_add
                0x0000000000015324                uip_ds6_aaddr_rm
                0x0000000000015336                uip_ds6_aaddr_lookup
                0x0000000000015381                uip_ds6_select_src
                0x00000000000154c6                uip_ds6_set_addr_iid
                0x00000000000154fd                get_match_length
                0x000000000001558f                uip_ds6_compute_reachable_time
 .text          0x00000000000155db     0x297d obj_cooja/mtype583.a(uip6.o)
                0x00000000000155db                uip_add32
                0x0000000000015774                uip_chksum
                0x0000000000015862                uip_icmp6chksum
                0x0000000000015876                uip_tcpchksum
                0x000000000001588a                uip_init
                0x000000000001595a                uip_connect
                0x0000000000015b09                remove_ext_hdr
                0x0000000000015bde                uip_udp_new
                0x0000000000015d3a                uip_unlisten
                0x0000000000015d9a                uip_listen
                0x000000000001605c                uip_process
                0x0000000000017e4c                uip_htons
                0x0000000000017e6e                uip_htonl
                0x0000000000017eae                uip_send
 .text          0x0000000000017f58      0x98e obj_cooja/mtype583.a(tcpip.o)
                0x0000000000017f58                tcpip_output
                0x0000000000017f93                tcpip_set_outputfunc
                0x0000000000018027                tcp_connect
                0x000000000001807c                tcp_unlisten
                0x00000000000180d7                tcp_listen
                0x0000000000018130                tcp_attach
                0x0000000000018155                udp_attach
                0x000000000001817a                udp_new
                0x00000000000181cc                udp_broadcast_new
                0x0000000000018440                tcpip_input
                0x0000000000018474                tcpip_ipv6_output
                0x000000000001872c                tcpip_poll_udp
                0x000000000001874f                tcpip_poll_tcp
                0x0000000000018772                tcpip_uipcall
 .text          0x00000000000188e6      0x1c1 obj_cooja/mtype583.a(uip-debug.o)
                0x00000000000188e6                uip_debug_ipaddr_print
                0x0000000000018a48                uip_debug_lladdr_print
 .text          0x0000000000018aa7      0x141 obj_cooja/mtype583.a(uip-packetqueue)
                0x0000000000018ad3                uip_packetqueue_new
                0x0000000000018ae1                uip_packetqueue_alloc
                0x0000000000018b41                uip_packetqueue_free
                0x0000000000018b82                uip_packetqueue_buf
                0x0000000000018b9f                uip_packetqueue_buflen
                0x0000000000018bc0                uip_packetqueue_set_buflen
 .text          0x0000000000018be8     0x255f obj_cooja/mtype583.a(rpl-dag.o)
                0x0000000000018be8                rpl_print_neighbor_list
                0x0000000000018c4f                rpl_print_child_neighbor_list
                0x0000000000018cb6                rpl_get_nbr
                0x0000000000018d10                rpl_get_nbr_child
                0x0000000000018d6a                rpl_dag_init
                0x0000000000018d9c                rpl_get_parent
                0x0000000000018dbe                rpl_get_parent_rank
                0x0000000000018df1                rpl_get_parent_link_metric
                0x0000000000018e24                rpl_get_parent_ipaddr
                0x0000000000018e4e                rpl_get_child_ipaddr
                0x0000000000019158                rpl_set_root
                0x0000000000019386                rpl_repair_root
                0x00000000000195c2                rpl_set_prefix
                0x00000000000196c1                rpl_set_default_route
                0x000000000001974d                rpl_alloc_instance
                0x00000000000197d5                rpl_alloc_dag
                0x0000000000019888                rpl_set_default_instance
                0x0000000000019895                rpl_get_default_instance
                0x000000000001989f                rpl_free_instance
                0x0000000000019940                rpl_free_dag
                0x00000000000199a6                rpl_add_parent
                0x0000000000019a8f                rpl_find_parent
                0x0000000000019abf                rpl_add_child
                0x0000000000019b63                rpl_find_child
                0x0000000000019bb1                rpl_find_parent_any_dag
                0x0000000000019bed                rpl_select_dag
                0x000000000001a01d                rpl_select_parent
                0x000000000001a07f                rpl_remove_parent
                0x000000000001a0b5                rpl_remove_child
                0x000000000001a0d1                rpl_nullify_parent
                0x000000000001a16f                rpl_move_parent
                0x000000000001a20c                rpl_has_downward_route
                0x000000000001a25f                rpl_get_any_dag
                0x000000000001a2c1                rpl_get_instance
                0x000000000001a324                rpl_find_of
                0x000000000001a361                rpl_join_instance
                0x000000000001a5ea                rpl_add_dag
                0x000000000001a9d9                rpl_local_repair
                0x000000000001aab2                rpl_recalculate_ranks
                0x000000000001ab38                rpl_process_parent_event
                0x000000000001abea                rpl_process_dio
 .text          0x000000000001b147      0xbf3 obj_cooja/mtype583.a(rpl-ext-header.)
                0x000000000001b164                rpl_verify_header
                0x000000000001b5de                rpl_update_header_empty
                0x000000000001b8f5                rpl_update_header_final
                0x000000000001ba84                rpl_remove_header
                0x000000000001bb8e                rpl_invert_header
                0x000000000001bd18                rpl_insert_header
 .text          0x000000000001bd3a     0x1f39 obj_cooja/mtype583.a(rpl-icmp6.o)
                0x000000000001bf99                rpl_icmp6_update_nbr_table
                0x000000000001c089                dis_output
                0x000000000001c935                dio_output
                0x000000000001d86b                dao_output
                0x000000000001d933                dao_output_target
                0x000000000001dc27                dao_ack_output
                0x000000000001dc3b                rpl_icmp6_register_handlers
 .text          0x000000000001dc73      0x325 obj_cooja/mtype583.a(rpl-ltmax.o)
 .text          0x000000000001df98      0x5ac obj_cooja/mtype583.a(rpl-timers.o)
                0x000000000001e1ed                rpl_reset_periodic_timer
                0x000000000001e242                rpl_reset_dio_timer
                0x000000000001e47c                rpl_schedule_dao
                0x000000000001e497                rpl_schedule_dao_immediately
                0x000000000001e4b2                rpl_cancel_dao
                0x000000000001e514                rpl_schedule_unicast_dio_immediately
 .text          0x000000000001e544      0x5c5 obj_cooja/mtype583.a(rpl.o)
                0x000000000001e544                rpl_get_mode
                0x000000000001e54e                rpl_set_mode
                0x000000000001e5dc                rpl_purge_routes
                0x000000000001e6d6                rpl_remove_routes
                0x000000000001e71c                rpl_remove_routes_by_nexthop
                0x000000000001e788                rpl_add_route
                0x000000000001e803                rpl_link_neighbor_callback
                0x000000000001e908                rpl_ipv6_neighbor_callback
                0x000000000001e977                rpl_purge_dags
                0x000000000001ea83                rpl_init
 .text          0x000000000001eb09      0x886 obj_cooja/mtype583.a(csma.o)
 .text          0x000000000001f38f      0x3f5 obj_cooja/mtype583.a(framer-802154.o)
 .text          0x000000000001f784       0x3c obj_cooja/mtype583.a(mac.o)
                0x000000000001f784                mac_call_sent_callback
 .text          0x000000000001f7c0      0xe53 obj_cooja/mtype583.a(cxmac.o)
                0x0000000000020574                cxmac_set_announcement_radio_txpower
                0x0000000000020579                cxmac_init
 .text          0x0000000000020613       0x67 obj_cooja/mtype583.a(linkaddr.o)
                0x0000000000020613                linkaddr_copy
                0x0000000000020635                linkaddr_cmp
                0x000000000002065f                linkaddr_set_node_addr
 .text          0x000000000002067a      0x769 obj_cooja/mtype583.a(nbr-table.o)
                0x0000000000020ad9                nbr_table_register
                0x0000000000020b21                nbr_table_head
                0x0000000000020b7d                nbr_table_next
                0x0000000000020be4                nbr_table_add_lladdr
                0x0000000000020cc0                nbr_table_get_from_lladdr
                0x0000000000020d0d                nbr_table_remove
                0x0000000000020d5f                nbr_table_lock
                0x0000000000020d89                nbr_table_unlock
                0x0000000000020db3                nbr_table_get_lladdr
 .text          0x0000000000020de3       0x2b obj_cooja/mtype583.a(netstack.o)
                0x0000000000020de3                netstack_init
 .text          0x0000000000020e0e      0x3cd obj_cooja/mtype583.a(packetbuf.o)
                0x0000000000020e0e                packetbuf_clear
                0x0000000000020e38                packetbuf_copyfrom
                0x0000000000020e8a                packetbuf_compact
                0x0000000000020f07                packetbuf_copyto
                0x0000000000020f9e                packetbuf_hdralloc
                0x000000000002101b                packetbuf_hdrreduce
                0x0000000000021063                packetbuf_set_datalen
                0x000000000002107c                packetbuf_dataptr
                0x0000000000021099                packetbuf_hdrptr
                0x00000000000210a3                packetbuf_datalen
                0x00000000000210af                packetbuf_hdrlen
                0x00000000000210c6                packetbuf_totlen
                0x00000000000210dc                packetbuf_attr_clear
                0x000000000002112e                packetbuf_attr_copyto
                0x0000000000021177                packetbuf_attr_copyfrom
                0x00000000000211bf                packetbuf_holds_broadcast
 .text          0x00000000000211db      0x2b4 obj_cooja/mtype583.a(queuebuf.o)
                0x00000000000211e5                queuebuf_init
                0x0000000000021205                queuebuf_numfree
                0x0000000000021219                queuebuf_new_from_packetbuf
                0x00000000000212a9                queuebuf_update_attr_from_packetbuf
                0x00000000000212dc                queuebuf_update_from_packetbuf
                0x0000000000021326                queuebuf_free
                0x000000000002136d                queuebuf_to_packetbuf
                0x00000000000213d3                queuebuf_dataptr
                0x000000000002140a                queuebuf_datalen
                0x000000000002142d                queuebuf_addr
                0x000000000002145f                queuebuf_attr
                0x000000000002148a                queuebuf_debug_print
 .text          0x000000000002148f       0x6e obj_cooja/mtype583.a(nullsec.o)
 .text          0x00000000000214fd       0x19 obj_cooja/mtype583.a(watchdog.o)
                0x00000000000214fd                watchdog_init
                0x0000000000021502                watchdog_start
                0x0000000000021507                watchdog_periodic
                0x000000000002150c                watchdog_stop
                0x0000000000021511                watchdog_reboot
 .text          0x0000000000021516        0x0 obj_cooja/mtype583.a(rimestats.o)
 .text          0x0000000000021516      0x134 obj_cooja/mtype583.a(leds.o)
                0x0000000000021567                leds_init
                0x000000000002157b                leds_blink
                0x00000000000215b3                leds_get
                0x00000000000215c0                leds_set
                0x00000000000215da                leds_on
                0x00000000000215fd                leds_off
                0x0000000000021627                leds_toggle
 .text          0x000000000002164a       0xa3 obj_cooja/mtype583.a(stimer.o)
                0x000000000002164a                stimer_set
                0x0000000000021665                stimer_reset
                0x000000000002167c                stimer_restart
                0x000000000002168e                stimer_expired
                0x00000000000216b5                stimer_remaining
                0x00000000000216d9                stimer_elapsed
 .text          0x00000000000216ed      0x1c1 obj_cooja/mtype583.a(memb.o)
                0x00000000000216ed                memb_init
                0x000000000002174b                memb_alloc
                0x00000000000217b0                memb_free
                0x000000000002182b                memb_inmemb
                0x000000000002186a                memb_numfree
 .text          0x00000000000218ae      0x916 obj_cooja/mtype583.a(uip-ds6-route.o)
                0x0000000000021925                uip_ds6_notification_add
                0x0000000000021956                uip_ds6_notification_rm
                0x0000000000021972                uip_ds6_route_init
                0x00000000000219fa                uip_ds6_route_nexthop
                0x0000000000021a22                uip_ds6_route_head
                0x0000000000021a37                uip_ds6_route_next
                0x0000000000021a5d                uip_ds6_route_is_nexthop
                0x0000000000021a9c                uip_ds6_route_num_routes
                0x0000000000021aa6                uip_ds6_route_lookup
                0x0000000000021b68                uip_ds6_route_add
                0x0000000000021d9c                uip_ds6_route_rm
                0x0000000000021f30                uip_ds6_route_rm_by_nexthop
                0x0000000000021f68                uip_ds6_defrt_add
                0x0000000000022019                uip_ds6_defrt_rm
                0x0000000000022098                uip_ds6_defrt_lookup
                0x00000000000220f1                uip_ds6_defrt_choose
                0x000000000002215c                uip_ds6_defrt_periodic
 .text          0x00000000000221c4      0xabf obj_cooja/mtype583.a(uip-icmp6.o)
                0x0000000000022232                uip_icmp6_input
                0x0000000000022288                uip_icmp6_register_input_handler
                0x0000000000022550                uip_icmp6_error_output
                0x0000000000022895                uip_icmp6_send
                0x0000000000022c16                uip_icmp6_echo_reply_callback_add
                0x0000000000022c47                uip_icmp6_echo_reply_callback_rm
                0x0000000000022c63                uip_icmp6_init
 .text          0x0000000000022c83      0x358 obj_cooja/mtype583.a(uip-nd6.o)
                0x0000000000022cd7                uip_nd6_ns_output
                0x0000000000022fd6                uip_nd6_init
 .text          0x0000000000022fdb      0x331 obj_cooja/mtype583.a(rpl-nbr-policy.)
                0x00000000000231b3                find_removable_dis
                0x00000000000231d6                find_removable_dio
                0x0000000000023265                find_removable_dao
                0x00000000000232b5                rpl_nbr_policy_find_removable
 .text          0x000000000002330c      0x97c obj_cooja/mtype583.a(frame802154.o)
                0x000000000002333d                frame802154_get_pan_id
                0x0000000000023349                frame802154_set_pan_id
                0x0000000000023362                frame802154_has_panid
                0x000000000002344e                frame802154_check_dest_panid
                0x00000000000234b6                frame802154_is_broadcast_addr
                0x0000000000023503                frame802154_extract_linkaddr
                0x0000000000023743                frame802154_hdrlen
                0x0000000000023794                frame802154_create
                0x000000000002397f                frame802154_parse
 .text          0x0000000000023c88        0x0 /usr/lib/gcc/i686-linux-gnu/4.8/crtendS.o
 .text          0x0000000000023c88        0x0 /usr/lib/gcc/i686-linux-gnu/4.8/../../../i386-linux-gnu/crtn.o
 *(.gnu.warning)

.fini           0x0000000000023c88       0x14
 *(SORT(.fini))
 .fini          0x0000000000023c88        0xf /usr/lib/gcc/i686-linux-gnu/4.8/../../../i386-linux-gnu/crti.o
                0x0000000000023c88                _fini
 .fini          0x0000000000023c97        0x5 /usr/lib/gcc/i686-linux-gnu/4.8/../../../i386-linux-gnu/crtn.o
                0x0000000000023c9c                PROVIDE (__etext, .)
                0x0000000000023c9c                PROVIDE (_etext, .)
                0x0000000000023c9c                PROVIDE (etext, .)

.rodata         0x0000000000023ca0      0x7e0
 *(.rodata .rodata.* .gnu.linkonce.r.*)
 .rodata        0x0000000000023ca0      0x158 udp-server.co
                0x0000000000023cb4                autostart_processes
 .rodata        0x0000000000023df8      0x127 obj_cooja/mtype583.o
 *fill*         0x0000000000023f1f        0x1 
 .rodata        0x0000000000023f20        0x8 obj_cooja/mtype583.a(beep.o)
                0x0000000000023f20                beep_interface
 .rodata        0x0000000000023f28       0x20 obj_cooja/mtype583.a(button-sensor.o)
                0x0000000000023f28                button_interface
                0x0000000000023f38                button_sensor
 .rodata        0x0000000000023f48        0x8 obj_cooja/mtype583.a(leds-arch.o)
                0x0000000000023f48                leds_interface
 .rodata        0x0000000000023f50        0x8 obj_cooja/mtype583.a(moteid.o)
                0x0000000000023f50                moteid_interface
 .rodata        0x0000000000023f58       0x1c obj_cooja/mtype583.a(pir-sensor.o)
                0x0000000000023f58                pir_interface
                0x0000000000023f64                pir_sensor
 .rodata        0x0000000000023f74        0xe obj_cooja/mtype583.a(rs232.o)
                0x0000000000023f74                rs232_interface
 *fill*         0x0000000000023f82        0x2 
 .rodata        0x0000000000023f84       0x24 obj_cooja/mtype583.a(vib-sensor.o)
                0x0000000000023f84                vib_interface
                0x0000000000023f98                vib_sensor
 .rodata        0x0000000000023fa8        0x8 obj_cooja/mtype583.a(clock.o)
                0x0000000000023fa8                clock_interface
 .rodata        0x0000000000023fb0        0x8 obj_cooja/mtype583.a(log.o)
                0x0000000000023fb0                simlog_interface
 .rodata        0x0000000000023fb8       0x2f obj_cooja/mtype583.a(cfs-cooja.o)
                0x0000000000023fb8                cfs_interface
 *fill*         0x0000000000023fe7       0x19 
 .rodata        0x0000000000024000       0x60 obj_cooja/mtype583.a(cooja-radio.o)
                0x0000000000024020                cooja_radio_driver
                0x0000000000024058                radio_interface
 .rodata        0x0000000000024060        0x8 obj_cooja/mtype583.a(eeprom.o)
                0x0000000000024060                eeprom_interface
 .rodata        0x0000000000024068        0x8 obj_cooja/mtype583.a(sensors.o)
 .rodata        0x0000000000024070        0xf obj_cooja/mtype583.a(ctimer.o)
 .rodata        0x000000000002407f        0xc obj_cooja/mtype583.a(etimer.o)
 *fill*         0x000000000002408b        0x1 
 .rodata        0x000000000002408c      0x16d obj_cooja/mtype583.a(log_message.o)
 *fill*         0x00000000000241f9        0x3 
 .rodata        0x00000000000241fc       0x20 obj_cooja/mtype583.a(residual.o)
                0x00000000000241fc                DISSIPATION_RATE
 .rodata        0x000000000002421c        0xe obj_cooja/mtype583.a(serial-line.o)
 *fill*         0x000000000002422a        0x2 
 .rodata        0x000000000002422c       0x2c obj_cooja/mtype583.a(sicslowpan.o)
                0x000000000002422c                unc_llconf
                0x0000000000024230                unc_ctxconf
                0x0000000000024234                unc_mxconf
                0x0000000000024238                llprefix
                0x000000000002424c                sicslowpan_driver
 .rodata        0x0000000000024258      0x13c obj_cooja/mtype583.a(uip6.o)
 .rodata        0x0000000000024394        0xd obj_cooja/mtype583.a(tcpip.o)
 .rodata        0x00000000000243a1       0x3e obj_cooja/mtype583.a(uip-debug.o)
 *fill*         0x00000000000243df        0x1 
 .rodata        0x00000000000243e0        0x4 obj_cooja/mtype583.a(rpl-dag.o)
 .rodata        0x00000000000243e4       0x24 obj_cooja/mtype583.a(csma.o)
                0x00000000000243ec                csma_driver
 .rodata        0x0000000000024408        0xc obj_cooja/mtype583.a(framer-802154.o)
                0x0000000000024408                framer_802154
 *fill*         0x0000000000024414        0xc 
 .rodata        0x0000000000024420       0x40 obj_cooja/mtype583.a(cxmac.o)
                0x0000000000024440                cxmac_driver
 .rodata        0x0000000000024460        0x8 obj_cooja/mtype583.a(linkaddr.o)
                0x0000000000024460                linkaddr_null
 .rodata        0x0000000000024468       0x18 obj_cooja/mtype583.a(nullsec.o)
                0x0000000000024470                nullsec_driver

.rodata1
 *(.rodata1)

.eh_frame_hdr   0x0000000000024480     0x1314
 *(.eh_frame_hdr)
 .eh_frame_hdr  0x0000000000024480     0x1314 udp-server.co

.eh_frame       0x0000000000025794     0x4db0
 *(.eh_frame)
 .eh_frame      0x0000000000025794       0x3c /usr/lib/gcc/i686-linux-gnu/4.8/../../../i386-linux-gnu/crti.o
                                         0x40 (size before relaxing)
 .eh_frame      0x00000000000257d0       0x68 udp-server.co
                                         0x80 (size before relaxing)
 .eh_frame      0x0000000000025838      0x148 obj_cooja/mtype583.o
                                        0x160 (size before relaxing)
 .eh_frame      0x0000000000025980       0x40 obj_cooja/mtype583.a(simEnvChange.o)
                                         0x58 (size before relaxing)
 .eh_frame      0x00000000000259c0       0xc0 obj_cooja/mtype583.a(cooja_mt.o)
                                         0xd8 (size before relaxing)
 .eh_frame      0x0000000000025a80      0x120 obj_cooja/mtype583.a(cooja_mtarch.o)
                                        0x138 (size before relaxing)
 .eh_frame      0x0000000000025ba0       0xc0 obj_cooja/mtype583.a(rtimer-arch.o)
                                         0xd8 (size before relaxing)
 .eh_frame      0x0000000000025c60      0x160 obj_cooja/mtype583.a(beep.o)
                                        0x178 (size before relaxing)
 .eh_frame      0x0000000000025dc0       0xa0 obj_cooja/mtype583.a(button-sensor.o)
                                         0xb8 (size before relaxing)
 .eh_frame      0x0000000000025e60       0xa0 obj_cooja/mtype583.a(leds-arch.o)
                                         0xb8 (size before relaxing)
 .eh_frame      0x0000000000025f00       0x40 obj_cooja/mtype583.a(moteid.o)
                                         0x58 (size before relaxing)
 .eh_frame      0x0000000000025f40       0xa0 obj_cooja/mtype583.a(pir-sensor.o)
                                         0xb8 (size before relaxing)
 .eh_frame      0x0000000000025fe0      0x100 obj_cooja/mtype583.a(rs232.o)
                                        0x118 (size before relaxing)
 .eh_frame      0x00000000000260e0       0xa0 obj_cooja/mtype583.a(vib-sensor.o)
                                         0xb8 (size before relaxing)
 .eh_frame      0x0000000000026180       0xc0 obj_cooja/mtype583.a(clock.o)
                                         0xd8 (size before relaxing)
 .eh_frame      0x0000000000026240      0x120 obj_cooja/mtype583.a(log.o)
                                        0x138 (size before relaxing)
 .eh_frame      0x0000000000026360      0x160 obj_cooja/mtype583.a(cfs-cooja.o)
                                        0x178 (size before relaxing)
 .eh_frame      0x00000000000264c0      0x2e0 obj_cooja/mtype583.a(cooja-radio.o)
                                        0x2f8 (size before relaxing)
 .eh_frame      0x00000000000267a0       0xa0 obj_cooja/mtype583.a(eeprom.o)
                                         0xb8 (size before relaxing)
 .eh_frame      0x0000000000026840       0x40 obj_cooja/mtype583.a(random.o)
                                         0x58 (size before relaxing)
 .eh_frame      0x0000000000026880       0xc0 obj_cooja/mtype583.a(sensors.o)
                                         0xd8 (size before relaxing)
 .eh_frame      0x0000000000026940       0x40 obj_cooja/mtype583.a(autostart.o)
                                         0x58 (size before relaxing)
 .eh_frame      0x0000000000026980      0x100 obj_cooja/mtype583.a(ctimer.o)
                                        0x118 (size before relaxing)
 .eh_frame      0x0000000000026a80      0x1e0 obj_cooja/mtype583.a(etimer.o)
                                        0x1f8 (size before relaxing)
 .eh_frame      0x0000000000026c60       0x50 obj_cooja/mtype583.a(log_message.o)
                                         0x68 (size before relaxing)
 .eh_frame      0x0000000000026cb0      0x1c8 obj_cooja/mtype583.a(process.o)
                                        0x1e0 (size before relaxing)
 .eh_frame      0x0000000000026e78       0x2c obj_cooja/mtype583.a(residual.o)
                                         0x44 (size before relaxing)
 .eh_frame      0x0000000000026ea4       0x60 obj_cooja/mtype583.a(rtimer.o)
                                         0x78 (size before relaxing)
 .eh_frame      0x0000000000026f04       0xa4 obj_cooja/mtype583.a(timer.o)
                                         0xbc (size before relaxing)
 .eh_frame      0x0000000000026fa8       0x60 obj_cooja/mtype583.a(serial-line.o)
                                         0x78 (size before relaxing)
 .eh_frame      0x0000000000027008      0x180 obj_cooja/mtype583.a(list.o)
                                        0x198 (size before relaxing)
 .eh_frame      0x0000000000027188       0xa0 obj_cooja/mtype583.a(ringbuf.o)
                                         0xb8 (size before relaxing)
 .eh_frame      0x0000000000027228      0x350 obj_cooja/mtype583.a(sicslowpan.o)
                                        0x368 (size before relaxing)
 .eh_frame      0x0000000000027578      0x180 obj_cooja/mtype583.a(uip-ds6-nbr.o)
                                        0x198 (size before relaxing)
 .eh_frame      0x00000000000276f8      0x2c8 obj_cooja/mtype583.a(uip-ds6.o)
                                        0x2e0 (size before relaxing)
 .eh_frame      0x00000000000279c0      0x25c obj_cooja/mtype583.a(uip6.o)
                                        0x274 (size before relaxing)
 .eh_frame      0x0000000000027c1c      0x270 obj_cooja/mtype583.a(tcpip.o)
                                        0x288 (size before relaxing)
 .eh_frame      0x0000000000027e8c       0x48 obj_cooja/mtype583.a(uip-debug.o)
                                         0x60 (size before relaxing)
 .eh_frame      0x0000000000027ed4       0xe0 obj_cooja/mtype583.a(uip-packetqueue)
                                         0xf8 (size before relaxing)
 .eh_frame      0x0000000000027fb4      0x74c obj_cooja/mtype583.a(rpl-dag.o)
                                        0x764 (size before relaxing)
 .eh_frame      0x0000000000028700      0x10c obj_cooja/mtype583.a(rpl-ext-header.)
                                        0x124 (size before relaxing)
 .eh_frame      0x000000000002880c      0x278 obj_cooja/mtype583.a(rpl-icmp6.o)
                                        0x290 (size before relaxing)
 .eh_frame      0x0000000000028a84       0xe0 obj_cooja/mtype583.a(rpl-ltmax.o)
                                         0xf8 (size before relaxing)
 .eh_frame      0x0000000000028b64      0x1ac obj_cooja/mtype583.a(rpl-timers.o)
                                        0x1c4 (size before relaxing)
 .eh_frame      0x0000000000028d10      0x148 obj_cooja/mtype583.a(rpl.o)
                                        0x160 (size before relaxing)
 .eh_frame      0x0000000000028e58      0x28c obj_cooja/mtype583.a(csma.o)
                                        0x2a4 (size before relaxing)
 .eh_frame      0x00000000000290e4      0x108 obj_cooja/mtype583.a(framer-802154.o)
                                        0x120 (size before relaxing)
 .eh_frame      0x00000000000291ec       0x20 obj_cooja/mtype583.a(mac.o)
                                         0x38 (size before relaxing)
 .eh_frame      0x000000000002920c      0x27c obj_cooja/mtype583.a(cxmac.o)
                                        0x294 (size before relaxing)
 .eh_frame      0x0000000000029488       0x60 obj_cooja/mtype583.a(linkaddr.o)
                                         0x78 (size before relaxing)
 .eh_frame      0x00000000000294e8      0x26c obj_cooja/mtype583.a(nbr-table.o)
                                        0x284 (size before relaxing)
 .eh_frame      0x0000000000029754       0x20 obj_cooja/mtype583.a(netstack.o)
                                         0x38 (size before relaxing)
 .eh_frame      0x0000000000029774      0x214 obj_cooja/mtype583.a(packetbuf.o)
                                        0x22c (size before relaxing)
 .eh_frame      0x0000000000029988      0x1a0 obj_cooja/mtype583.a(queuebuf.o)
                                        0x1b8 (size before relaxing)
 .eh_frame      0x0000000000029b28       0x80 obj_cooja/mtype583.a(nullsec.o)
                                         0x98 (size before relaxing)
 .eh_frame      0x0000000000029ba8       0xa0 obj_cooja/mtype583.a(watchdog.o)
                                         0xb8 (size before relaxing)
 .eh_frame      0x0000000000029c48      0x100 obj_cooja/mtype583.a(leds.o)
                                        0x118 (size before relaxing)
 .eh_frame      0x0000000000029d48       0xc4 obj_cooja/mtype583.a(stimer.o)
                                         0xdc (size before relaxing)
 .eh_frame      0x0000000000029e0c       0xa0 obj_cooja/mtype583.a(memb.o)
                                         0xb8 (size before relaxing)
 .eh_frame      0x0000000000029eac      0x2a0 obj_cooja/mtype583.a(uip-ds6-route.o)
                                        0x2b8 (size before relaxing)
 .eh_frame      0x000000000002a14c      0x168 obj_cooja/mtype583.a(uip-icmp6.o)
                                        0x180 (size before relaxing)
 .eh_frame      0x000000000002a2b4       0x68 obj_cooja/mtype583.a(uip-nd6.o)
                                         0x80 (size before relaxing)
 .eh_frame      0x000000000002a31c       0xc0 obj_cooja/mtype583.a(rpl-nbr-policy.)
                                         0xd8 (size before relaxing)
 .eh_frame      0x000000000002a3dc      0x164 obj_cooja/mtype583.a(frame802154.o)
                                        0x17c (size before relaxing)
 .eh_frame      0x000000000002a540        0x4 /usr/lib/gcc/i686-linux-gnu/4.8/crtendS.o

.gcc_except_table
 *(.gcc_except_table .gcc_except_table.*)

.exception_ranges
 *(.exception_ranges .exception_ranges*)
                0x000000000002a544                . = (ALIGN (0x1000) - ((0x1000 - .) & 0xfff))
                0x000000000002bef8                . = DATA_SEGMENT_ALIGN (0x1000, 0x1000)

.eh_frame
 *(.eh_frame)

.gcc_except_table
 *(.gcc_except_table .gcc_except_table.*)

.exception_ranges
 *(.exception_ranges .exception_ranges*)

.tdata
 *(.tdata .tdata.* .gnu.linkonce.td.*)

.tbss
 *(.tbss .tbss.* .gnu.linkonce.tb.*)
 *(.tcommon)

.preinit_array
 *(.preinit_array)

.init_array     0x000000000002bef8        0x4
 *(SORT(.init_array.*) SORT(.ctors.*))
 *(.init_array EXCLUDE_FILE(*crtend?.o *crtend.o *crtbegin?.o *crtbegin.o) .ctors)
 .init_array    0x000000000002bef8        0x4 /usr/lib/gcc/i686-linux-gnu/4.8/crtbeginS.o

.fini_array     0x000000000002befc        0x4
 *(SORT(.fini_array.*) SORT(.dtors.*))
 *(.fini_array EXCLUDE_FILE(*crtend?.o *crtend.o *crtbegin?.o *crtbegin.o) .dtors)
 .fini_array    0x000000000002befc        0x4 /usr/lib/gcc/i686-linux-gnu/4.8/crtbeginS.o

.ctors
 *crtbegin.o(.ctors)
 *crtbegin?.o(.ctors)
 *(EXCLUDE_FILE(*crtend?.o *crtend.o) .ctors)
 *(SORT(.ctors.*))
 *(.ctors)

.dtors
 *crtbegin.o(.dtors)
 *crtbegin?.o(.dtors)
 *(EXCLUDE_FILE(*crtend?.o *crtend.o) .dtors)
 *(SORT(.dtors.*))
 *(.dtors)

.jcr            0x000000000002bf00        0x4
 *(.jcr)
 .jcr           0x000000000002bf00        0x0 /usr/lib/gcc/i686-linux-gnu/4.8/crtbeginS.o
 .jcr           0x000000000002bf00        0x4 /usr/lib/gcc/i686-linux-gnu/4.8/crtendS.o

.data.rel.ro
 *(.data.rel.ro.local* .gnu.linkonce.d.rel.ro.local.*)
 *(.data.rel.ro .data.rel.ro.* .gnu.linkonce.d.rel.ro.*)

.dynamic        0x000000000002bf04       0xe8
 *(.dynamic)
 .dynamic       0x000000000002bf04       0xe8 /usr/lib/gcc/i686-linux-gnu/4.8/../../../i386-linux-gnu/crti.o
                0x000000000002bf04                _DYNAMIC

.got            0x000000000002bfec       0x14
 *(.got)
 .got           0x000000000002bfec       0x14 /usr/lib/gcc/i686-linux-gnu/4.8/../../../i386-linux-gnu/crti.o
 *(.igot)
                0x000000000002cff4                . = DATA_SEGMENT_RELRO_END (., (SIZEOF (.got.plt) >= 0xc)?0xc:0x0)

.got.plt        0x000000000002c000       0x14
 *(.got.plt)
 .got.plt       0x000000000002c000       0x14 /usr/lib/gcc/i686-linux-gnu/4.8/../../../i386-linux-gnu/crti.o
                0x000000000002c000                _GLOBAL_OFFSET_TABLE_
 *(.igot.plt)

.data           0x000000000002c020      0x27a
 *(.data .data.* .gnu.linkonce.d.*)
 .data          0x000000000002c020        0x0 /usr/lib/gcc/i686-linux-gnu/4.8/../../../i386-linux-gnu/crti.o
 .data          0x000000000002c020        0x0 /usr/lib/gcc/i686-linux-gnu/4.8/crtbeginS.o
 .data.rel      0x000000000002c020        0x4 /usr/lib/gcc/i686-linux-gnu/4.8/crtbeginS.o
                0x000000000002c020                __dso_handle
 .data          0x000000000002c024       0x10 udp-server.co
                0x000000000002c024                udp_server_process
 *fill*         0x000000000002c034        0xc 
 .data          0x000000000002c040       0x44 obj_cooja/mtype583.o
                0x000000000002c040                simInterfaces
                0x000000000002c074                sensors
 .data          0x000000000002c084        0x0 obj_cooja/mtype583.a(simEnvChange.o)
 .data          0x000000000002c084        0x0 obj_cooja/mtype583.a(cooja_mt.o)
 .data          0x000000000002c084        0x0 obj_cooja/mtype583.a(cooja_mtarch.o)
 .data          0x000000000002c084        0x0 obj_cooja/mtype583.a(rtimer-arch.o)
 .data          0x000000000002c084        0x0 obj_cooja/mtype583.a(beep.o)
 .data          0x000000000002c084        0x0 obj_cooja/mtype583.a(button-sensor.o)
 .data          0x000000000002c084        0x0 obj_cooja/mtype583.a(leds-arch.o)
 .data          0x000000000002c084        0x0 obj_cooja/mtype583.a(moteid.o)
 .data          0x000000000002c084        0x0 obj_cooja/mtype583.a(pir-sensor.o)
 .data          0x000000000002c084        0x0 obj_cooja/mtype583.a(rs232.o)
 .data          0x000000000002c084        0x0 obj_cooja/mtype583.a(vib-sensor.o)
 .data          0x000000000002c084        0x0 obj_cooja/mtype583.a(clock.o)
 .data          0x000000000002c084        0x0 obj_cooja/mtype583.a(log.o)
 .data          0x000000000002c084        0x0 obj_cooja/mtype583.a(cfs-cooja.o)
 .data          0x000000000002c084       0x40 obj_cooja/mtype583.a(cooja-radio.o)
                0x000000000002c084                simRadioChannelLR
                0x000000000002c088                simRadioHWOnLR
                0x000000000002c08c                simSignalStrengthLR
                0x000000000002c090                simLastSignalStrengthLR
                0x000000000002c094                simPowerLR
                0x000000000002c098                simLQILR
                0x000000000002c09c                simRadioChannel
                0x000000000002c0a0                simRadioHWOn
                0x000000000002c0a4                simSignalStrength
                0x000000000002c0a8                simLastSignalStrength
                0x000000000002c0ac                simPower
                0x000000000002c0b0                simLQI
                0x000000000002c0b4                cooja_radio_process
 .data          0x000000000002c0c4        0x0 obj_cooja/mtype583.a(eeprom.o)
 .data          0x000000000002c0c4        0x0 obj_cooja/mtype583.a(random.o)
 .data          0x000000000002c0c4       0x10 obj_cooja/mtype583.a(sensors.o)
                0x000000000002c0c4                sensors_process
 .data          0x000000000002c0d4        0x0 obj_cooja/mtype583.a(autostart.o)
 .data          0x000000000002c0d4       0x14 obj_cooja/mtype583.a(ctimer.o)
                0x000000000002c0d8                ctimer_process
 .data          0x000000000002c0e8       0x10 obj_cooja/mtype583.a(etimer.o)
                0x000000000002c0e8                etimer_process
 .data          0x000000000002c0f8        0x0 obj_cooja/mtype583.a(log_message.o)
 .data          0x000000000002c0f8        0x0 obj_cooja/mtype583.a(process.o)
 .data          0x000000000002c0f8        0x0 obj_cooja/mtype583.a(residual.o)
 .data          0x000000000002c0f8        0x0 obj_cooja/mtype583.a(rtimer.o)
 .data          0x000000000002c0f8        0x0 obj_cooja/mtype583.a(timer.o)
 .data          0x000000000002c0f8       0x10 obj_cooja/mtype583.a(serial-line.o)
                0x000000000002c0f8                serial_line_process
 .data          0x000000000002c108        0x0 obj_cooja/mtype583.a(list.o)
 .data          0x000000000002c108        0x0 obj_cooja/mtype583.a(ringbuf.o)
 .data          0x000000000002c108        0x0 obj_cooja/mtype583.a(sicslowpan.o)
 .data          0x000000000002c108       0x14 obj_cooja/mtype583.a(uip-ds6-nbr.o)
                0x000000000002c118                ds6_neighbors
 .data          0x000000000002c11c        0x0 obj_cooja/mtype583.a(uip-ds6.o)
 .data          0x000000000002c11c        0x0 obj_cooja/mtype583.a(uip6.o)
 .data          0x000000000002c11c       0x10 obj_cooja/mtype583.a(tcpip.o)
                0x000000000002c11c                tcpip_process
 .data          0x000000000002c12c        0x0 obj_cooja/mtype583.a(uip-debug.o)
 .data          0x000000000002c12c        0xc obj_cooja/mtype583.a(uip-packetqueue)
 .data          0x000000000002c138       0x28 obj_cooja/mtype583.a(rpl-dag.o)
                0x000000000002c148                rpl_parents
                0x000000000002c15c                rpl_children
 .data          0x000000000002c160        0x0 obj_cooja/mtype583.a(rpl-ext-header.)
 .data          0x000000000002c160       0x34 obj_cooja/mtype583.a(rpl-icmp6.o)
 .data          0x000000000002c194       0x1c obj_cooja/mtype583.a(rpl-ltmax.o)
                0x000000000002c194                rpl_ltmax_of
 .data          0x000000000002c1b0        0x0 obj_cooja/mtype583.a(rpl-timers.o)
 .data          0x000000000002c1b0        0x0 obj_cooja/mtype583.a(rpl.o)
 .data          0x000000000002c1b0       0x28 obj_cooja/mtype583.a(csma.o)
 .data          0x000000000002c1d8        0x0 obj_cooja/mtype583.a(framer-802154.o)
 .data          0x000000000002c1d8        0x0 obj_cooja/mtype583.a(mac.o)
 .data          0x000000000002c1d8       0x30 obj_cooja/mtype583.a(cxmac.o)
                0x000000000002c1d8                cxmac_config
                0x000000000002c1e8                strobe_wait
 .data          0x000000000002c208        0x0 obj_cooja/mtype583.a(linkaddr.o)
 .data          0x000000000002c208       0x10 obj_cooja/mtype583.a(nbr-table.o)
 .data          0x000000000002c218        0x0 obj_cooja/mtype583.a(netstack.o)
 .data          0x000000000002c218        0x4 obj_cooja/mtype583.a(packetbuf.o)
 .data          0x000000000002c21c       0x18 obj_cooja/mtype583.a(queuebuf.o)
 .data          0x000000000002c234        0x0 obj_cooja/mtype583.a(nullsec.o)
 .data          0x000000000002c234        0x0 obj_cooja/mtype583.a(watchdog.o)
 .data          0x000000000002c234        0x0 obj_cooja/mtype583.a(rimestats.o)
 .data          0x000000000002c234        0x0 obj_cooja/mtype583.a(leds.o)
 .data          0x000000000002c234        0x0 obj_cooja/mtype583.a(stimer.o)
 .data          0x000000000002c234        0x0 obj_cooja/mtype583.a(memb.o)
 .data          0x000000000002c234       0x44 obj_cooja/mtype583.a(uip-ds6-route.o)
                0x000000000002c244                nbr_routes
 .data          0x000000000002c278       0x20 obj_cooja/mtype583.a(uip-icmp6.o)
 .data          0x000000000002c298        0x0 obj_cooja/mtype583.a(uip-nd6.o)
 .data          0x000000000002c298        0x0 obj_cooja/mtype583.a(rpl-nbr-policy.)
 .data          0x000000000002c298        0x2 obj_cooja/mtype583.a(frame802154.o)
 .data          0x000000000002c29a        0x0 /usr/lib/gcc/i686-linux-gnu/4.8/crtendS.o
 .data          0x000000000002c29a        0x0 /usr/lib/gcc/i686-linux-gnu/4.8/../../../i386-linux-gnu/crtn.o

.tm_clone_table
                0x000000000002c29c        0x0
 .tm_clone_table
                0x000000000002c29c        0x0 /usr/lib/gcc/i686-linux-gnu/4.8/crtbeginS.o
 .tm_clone_table
                0x000000000002c29c        0x0 /usr/lib/gcc/i686-linux-gnu/4.8/crtendS.o

.data1
 *(.data1)
                0x000000000002c29c                _edata = .
                0x000000000002c29c                PROVIDE (edata, .)
                0x000000000002c29c                . = .
                0x000000000002c29c                __bss_start = .

.bss            0x000000000002c2a0     0x9188
 *(.dynbss)
 .dynbss        0x0000000000000000        0x0 /usr/lib/gcc/i686-linux-gnu/4.8/../../../i386-linux-gnu/crti.o
 *(.bss .bss.* .gnu.linkonce.b.*)
 .bss           0x000000000002c2a0        0x0 /usr/lib/gcc/i686-linux-gnu/4.8/../../../i386-linux-gnu/crti.o
 .bss           0x000000000002c2a0        0x1 /usr/lib/gcc/i686-linux-gnu/4.8/crtbeginS.o
 *fill*         0x000000000002c2a1       0x1f 
 .bss           0x000000000002c2c0      0x3b8 udp-server.co
                0x000000000002c2c0                my_weight
                0x000000000002c2e0                id_array
                0x000000000002c480                id_count
 *fill*         0x000000000002c678        0x8 
 .bss           0x000000000002c680     0x2030 obj_cooja/mtype583.o
 .bss           0x000000000002e6b0        0x1 obj_cooja/mtype583.a(simEnvChange.o)
                0x000000000002e6b0                simDontFallAsleep
 *fill*         0x000000000002e6b1        0x3 
 .bss           0x000000000002e6b4        0x4 obj_cooja/mtype583.a(cooja_mt.o)
 .bss           0x000000000002e6b8        0x4 obj_cooja/mtype583.a(cooja_mtarch.o)
 .bss           0x000000000002e6bc        0xc obj_cooja/mtype583.a(rtimer-arch.o)
 .bss           0x000000000002e6c8        0x0 obj_cooja/mtype583.a(beep.o)
 .bss           0x000000000002e6c8        0x8 obj_cooja/mtype583.a(button-sensor.o)
 .bss           0x000000000002e6d0        0x0 obj_cooja/mtype583.a(leds-arch.o)
 .bss           0x000000000002e6d0        0x0 obj_cooja/mtype583.a(moteid.o)
 .bss           0x000000000002e6d0        0x1 obj_cooja/mtype583.a(pir-sensor.o)
                0x000000000002e6d0                simPirValue
 *fill*         0x000000000002e6d1        0x3 
 .bss           0x000000000002e6d4        0x4 obj_cooja/mtype583.a(rs232.o)
 .bss           0x000000000002e6d8        0x1 obj_cooja/mtype583.a(vib-sensor.o)
                0x000000000002e6d8                simVibValue
 .bss           0x000000000002e6d9        0x0 obj_cooja/mtype583.a(clock.o)
 *fill*         0x000000000002e6d9        0x7 
 .bss           0x000000000002e6e0      0x420 obj_cooja/mtype583.a(log.o)
 .bss           0x000000000002eb00      0xfc0 obj_cooja/mtype583.a(cfs-cooja.o)
                0x000000000002eb00                simCFSData
                0x000000000002faa0                simCFSSize
                0x000000000002faa4                simCFSChanged
                0x000000000002faa8                simCFSRead
                0x000000000002faac                simCFSWritten
 .bss           0x000000000002fac0       0x24 obj_cooja/mtype583.a(cooja-radio.o)
                0x000000000002fac0                simReceivingLR
                0x000000000002fac4                simInSizeLR
                0x000000000002fac8                simOutSizeLR
                0x000000000002facc                simReceiving
                0x000000000002fad0                simInSize
                0x000000000002fad4                simOutSize
                0x000000000002fad8                LongRangeTransmit
                0x000000000002fadc                LongRangeReceiving
 .bss           0x000000000002fae4        0xc obj_cooja/mtype583.a(eeprom.o)
                0x000000000002fae4                simEEPROMChanged
                0x000000000002fae8                simEEPROMRead
                0x000000000002faec                simEEPROMWritten
 .bss           0x000000000002faf0        0x0 obj_cooja/mtype583.a(random.o)
 .bss           0x000000000002faf0        0xc obj_cooja/mtype583.a(sensors.o)
 .bss           0x000000000002fafc        0x0 obj_cooja/mtype583.a(autostart.o)
 .bss           0x000000000002fafc        0x5 obj_cooja/mtype583.a(ctimer.o)
 *fill*         0x000000000002fb01        0x3 
 .bss           0x000000000002fb04        0x8 obj_cooja/mtype583.a(etimer.o)
 .bss           0x000000000002fb0c        0x0 obj_cooja/mtype583.a(log_message.o)
 *fill*         0x000000000002fb0c       0x14 
 .bss           0x000000000002fb20      0x1b1 obj_cooja/mtype583.a(process.o)
                0x000000000002fb20                process_list
                0x000000000002fb24                process_current
 .bss           0x000000000002fcd1        0x0 obj_cooja/mtype583.a(residual.o)
 *fill*         0x000000000002fcd1        0x3 
 .bss           0x000000000002fcd4        0x4 obj_cooja/mtype583.a(rtimer.o)
 .bss           0x000000000002fcd8        0x0 obj_cooja/mtype583.a(timer.o)
 *fill*         0x000000000002fcd8        0x8 
 .bss           0x000000000002fce0      0x140 obj_cooja/mtype583.a(serial-line.o)
 .bss           0x000000000002fe20        0x0 obj_cooja/mtype583.a(list.o)
 .bss           0x000000000002fe20        0x0 obj_cooja/mtype583.a(ringbuf.o)
 .bss           0x000000000002fe20      0x70c obj_cooja/mtype583.a(sicslowpan.o)
 *fill*         0x000000000003052c       0x14 
 .bss           0x0000000000030540      0x4b0 obj_cooja/mtype583.a(uip-ds6-nbr.o)
 .bss           0x00000000000309f0       0x20 obj_cooja/mtype583.a(uip-ds6.o)
 .bss           0x0000000000030a10        0xe obj_cooja/mtype583.a(uip6.o)
                0x0000000000030a10                uip_ext_bitmap
                0x0000000000030a11                uip_ext_len
                0x0000000000030a12                uip_ext_opt_offset
 *fill*         0x0000000000030a1e        0x2 
 .bss           0x0000000000030a20       0x68 obj_cooja/mtype583.a(tcpip.o)
 .bss           0x0000000000030a88        0x0 obj_cooja/mtype583.a(uip-debug.o)
 *fill*         0x0000000000030a88       0x18 
 .bss           0x0000000000030aa0      0xcf8 obj_cooja/mtype583.a(uip-packetqueue)
 *fill*         0x0000000000031798        0x8 
 .bss           0x00000000000317a0      0x352 obj_cooja/mtype583.a(rpl-dag.o)
 .bss           0x0000000000031af2        0x0 obj_cooja/mtype583.a(rpl-ext-header.)
 .bss           0x0000000000031af2        0x0 obj_cooja/mtype583.a(rpl-icmp6.o)
 .bss           0x0000000000031af2        0x0 obj_cooja/mtype583.a(rpl-ltmax.o)
 *fill*         0x0000000000031af2        0xe 
 .bss           0x0000000000031b00       0x23 obj_cooja/mtype583.a(rpl-timers.o)
 *fill*         0x0000000000031b23        0x1 
 .bss           0x0000000000031b24        0x4 obj_cooja/mtype583.a(rpl.o)
 *fill*         0x0000000000031b28       0x18 
 .bss           0x0000000000031b40      0x248 obj_cooja/mtype583.a(csma.o)
 .bss           0x0000000000031d88        0x2 obj_cooja/mtype583.a(framer-802154.o)
 .bss           0x0000000000031d8a        0x0 obj_cooja/mtype583.a(mac.o)
 *fill*         0x0000000000031d8a       0x16 
 .bss           0x0000000000031da0       0xb0 obj_cooja/mtype583.a(cxmac.o)
 .bss           0x0000000000031e50        0x0 obj_cooja/mtype583.a(linkaddr.o)
 *fill*         0x0000000000031e50       0x10 
 .bss           0x0000000000031e60      0x35c obj_cooja/mtype583.a(nbr-table.o)
 .bss           0x00000000000321bc        0x0 obj_cooja/mtype583.a(netstack.o)
 *fill*         0x00000000000321bc        0x4 
 .bss           0x00000000000321c0       0xa0 obj_cooja/mtype583.a(packetbuf.o)
 .bss           0x0000000000032260      0xb80 obj_cooja/mtype583.a(queuebuf.o)
 .bss           0x0000000000032de0        0x0 obj_cooja/mtype583.a(nullsec.o)
 .bss           0x0000000000032de0        0x0 obj_cooja/mtype583.a(watchdog.o)
 .bss           0x0000000000032de0        0x0 obj_cooja/mtype583.a(rimestats.o)
 .bss           0x0000000000032de0        0x1 obj_cooja/mtype583.a(leds.o)
 .bss           0x0000000000032de1        0x0 obj_cooja/mtype583.a(stimer.o)
 .bss           0x0000000000032de1        0x0 obj_cooja/mtype583.a(memb.o)
 *fill*         0x0000000000032de1       0x1f 
 .bss           0x0000000000032e00      0x608 obj_cooja/mtype583.a(uip-ds6-route.o)
 .bss           0x0000000000033408       0x18 obj_cooja/mtype583.a(uip-icmp6.o)
 .bss           0x0000000000033420        0x0 obj_cooja/mtype583.a(uip-nd6.o)
 .bss           0x0000000000033420       0x44 obj_cooja/mtype583.a(rpl-nbr-policy.)
 .bss           0x0000000000033464        0x0 obj_cooja/mtype583.a(frame802154.o)
 .bss           0x0000000000033464        0x0 /usr/lib/gcc/i686-linux-gnu/4.8/crtendS.o
 .bss           0x0000000000033464        0x0 /usr/lib/gcc/i686-linux-gnu/4.8/../../../i386-linux-gnu/crtn.o
 *(COMMON)
 COMMON         0x0000000000033464        0x3 udp-server.co
                0x0000000000033464                my_sink_reachability
                0x0000000000033465                join_instance
                0x0000000000033466                my_parent_number
 *fill*         0x0000000000033467        0x1 
 COMMON         0x0000000000033468       0x70 obj_cooja/mtype583.o
                0x0000000000033468                dio_count
                0x000000000003346c                dis_count
                0x0000000000033470                csma_drop_count
                0x0000000000033474                tcp_output_count
                0x0000000000033478                csma_transmission_count
                0x000000000003347c                dao_ack_fwd_count
                0x0000000000033480                COOJA_radioRxLong
                0x0000000000033484                cxmac_collision_count
                0x0000000000033488                cxmac_retransmission_count
                0x000000000003348c                control_message_count
                0x0000000000033490                dao_count
                0x0000000000033494                icmp_count
                0x0000000000033498                COOJA_radioTx
                0x000000000003349c                referenceVar
                0x00000000000334a0                cxmac_transmission_count
                0x00000000000334a4                dao_ack_count
                0x00000000000334a8                data_message_count
                0x00000000000334ac                COOJA_radioTxLong
                0x00000000000334b0                COOJA_radioRx
                0x00000000000334b4                debugfp
                0x00000000000334b8                COOJA_radioOn
                0x00000000000334bc                LSA_count
                0x00000000000334c0                dao_fwd_count
                0x00000000000334c4                COOJA_duration
                0x00000000000334c8                dio_ack_count
                0x00000000000334cc                COOJA_radioOnLong
                0x00000000000334d0                sensors_flags
                0x00000000000334d4                data_fwd_count
 COMMON         0x00000000000334d8        0xc obj_cooja/mtype583.a(simEnvChange.o)
                0x00000000000334d8                simEtimerPending
                0x00000000000334dc                simProcessRunValue
                0x00000000000334e0                simNextExpirationTime
 COMMON         0x00000000000334e4        0x1 obj_cooja/mtype583.a(beep.o)
                0x00000000000334e4                simBeeped
 COMMON         0x00000000000334e5        0x3 obj_cooja/mtype583.a(button-sensor.o)
                0x00000000000334e5                simButtonIsActive
                0x00000000000334e6                simButtonIsDown
                0x00000000000334e7                simButtonChanged
 COMMON         0x00000000000334e8        0x2 obj_cooja/mtype583.a(leds-arch.o)
                0x00000000000334e8                led_end
                0x00000000000334e9                simLedsValue
 *fill*         0x00000000000334ea        0x2 
 COMMON         0x00000000000334ec        0xc obj_cooja/mtype583.a(moteid.o)
                0x00000000000334ec                simRandomSeed
                0x00000000000334f0                simMoteIDChanged
                0x00000000000334f4                simMoteID
 COMMON         0x00000000000334f8        0x2 obj_cooja/mtype583.a(pir-sensor.o)
                0x00000000000334f8                simPirIsActive
                0x00000000000334f9                simPirChanged
 *fill*         0x00000000000334fa        0x6 
 COMMON         0x0000000000033500      0x820 obj_cooja/mtype583.a(rs232.o)
                0x0000000000033500                simSerialReceivingFlag
                0x0000000000033504                simSerialReceivingLength
                0x0000000000033520                simSerialReceivingData
 COMMON         0x0000000000033d20        0x2 obj_cooja/mtype583.a(vib-sensor.o)
                0x0000000000033d20                simVibChanged
                0x0000000000033d21                simVibIsActive
 *fill*         0x0000000000033d22        0x2 
 COMMON         0x0000000000033d24        0x4 obj_cooja/mtype583.a(clock.o)
                0x0000000000033d24                simCurrentTime
 *fill*         0x0000000000033d28       0x18 
 COMMON         0x0000000000033d40      0x420 obj_cooja/mtype583.a(log.o)
                0x0000000000033d40                simLoggedLength
                0x0000000000033d44                simLoggedFlag
                0x0000000000033d60                simLoggedData
 COMMON         0x0000000000034160      0x200 obj_cooja/mtype583.a(cooja-radio.o)
                0x0000000000034160                simOutDataBuffer
                0x00000000000341e0                simInDataBufferLR
                0x0000000000034260                simOutDataBufferLR
                0x00000000000342e0                simInDataBuffer
 COMMON         0x0000000000034360      0x400 obj_cooja/mtype583.a(eeprom.o)
                0x0000000000034360                simEEPROMData
 COMMON         0x0000000000034760        0x1 obj_cooja/mtype583.a(sensors.o)
                0x0000000000034760                sensors_event
 *fill*         0x0000000000034761        0x3 
 COMMON         0x0000000000034764        0x4 obj_cooja/mtype583.a(log_message.o)
                0x0000000000034764                log_fp
 COMMON         0x0000000000034768        0x1 obj_cooja/mtype583.a(serial-line.o)
                0x0000000000034768                serial_line_event_message
 *fill*         0x0000000000034769       0x17 
 COMMON         0x0000000000034780      0x181 obj_cooja/mtype583.a(uip-ds6.o)
                0x0000000000034780                uip_ds6_prefix_list
                0x00000000000347e0                uip_ds6_timer_periodic
                0x00000000000347f0                uip_ds6_netif_addr_list_offset
                0x0000000000034800                uip_ds6_if
                0x00000000000348f8                uip_ds6_timer_ra
                0x0000000000034900                uip_ds6_addr_size
 *fill*         0x0000000000034901       0x1f 
 COMMON         0x0000000000034920      0x8ec obj_cooja/mtype583.a(uip6.o)
                0x0000000000034920                uip_slen
                0x0000000000034922                uip_acc32
                0x0000000000034940                uip_conns
                0x0000000000034a00                uip_lladdr
                0x0000000000034a08                uip_appdata
                0x0000000000034a0c                uip_flags
                0x0000000000034a20                uip_aligned_buf
                0x0000000000035060                uip_listenports
                0x0000000000035070                uip_len
                0x0000000000035074                uip_sappdata
                0x0000000000035080                uip_udp_conns
                0x0000000000035200                uip_udp_conn
                0x0000000000035204                uip_next_hdr
                0x0000000000035208                uip_conn
 COMMON         0x000000000003520c        0x1 obj_cooja/mtype583.a(tcpip.o)
                0x000000000003520c                tcpip_event
 *fill*         0x000000000003520d       0x13 
 COMMON         0x0000000000035220      0x178 obj_cooja/mtype583.a(rpl-dag.o)
                0x0000000000035220                default_instance
                0x0000000000035240                instance_table
 COMMON         0x0000000000035398        0x8 obj_cooja/mtype583.a(linkaddr.o)
                0x0000000000035398                linkaddr_node_addr
 COMMON         0x00000000000353a0       0x2e obj_cooja/mtype583.a(packetbuf.o)
                0x00000000000353a0                packetbuf_attrs
                0x00000000000353be                packetbuf_addrs
 *fill*         0x00000000000353ce       0x12 
 COMMON         0x00000000000353e0       0x48 obj_cooja/mtype583.a(rimestats.o)
                0x00000000000353e0                rimestats
                0x0000000000035428                . = ALIGN ((. != 0x0)?0x4:0x1)
                0x0000000000035428                . = ALIGN (0x4)
                0x0000000000035428                . = SEGMENT_START ("ldata-segment", .)
                0x0000000000035428                . = ALIGN (0x4)
                0x0000000000035428                _end = .
                0x0000000000035428                PROVIDE (end, .)
                0x0000000000035428                . = DATA_SEGMENT_END (.)

.stab
 *(.stab)

.stabstr
 *(.stabstr)

.stab.excl
 *(.stab.excl)

.stab.exclstr
 *(.stab.exclstr)

.stab.index
 *(.stab.index)

.stab.indexstr
 *(.stab.indexstr)

.comment        0x0000000000000000       0x29
 *(.comment)
 .comment       0x0000000000000000       0x29 /usr/lib/gcc/i686-linux-gnu/4.8/crtbeginS.o
                                         0x2a (size before relaxing)
 .comment       0x0000000000000000       0x2a udp-server.co
 .comment       0x0000000000000000       0x2a obj_cooja/mtype583.o
 .comment       0x0000000000000000       0x2a obj_cooja/mtype583.a(simEnvChange.o)
 .comment       0x0000000000000000       0x2a obj_cooja/mtype583.a(cooja_mt.o)
 .comment       0x0000000000000000       0x2a obj_cooja/mtype583.a(cooja_mtarch.o)
 .comment       0x0000000000000000       0x2a obj_cooja/mtype583.a(rtimer-arch.o)
 .comment       0x0000000000000000       0x2a obj_cooja/mtype583.a(beep.o)
 .comment       0x0000000000000000       0x2a obj_cooja/mtype583.a(button-sensor.o)
 .comment       0x0000000000000000       0x2a obj_cooja/mtype583.a(leds-arch.o)
 .comment       0x0000000000000000       0x2a obj_cooja/mtype583.a(moteid.o)
 .comment       0x0000000000000000       0x2a obj_cooja/mtype583.a(pir-sensor.o)
 .comment       0x0000000000000000       0x2a obj_cooja/mtype583.a(rs232.o)
 .comment       0x0000000000000000       0x2a obj_cooja/mtype583.a(vib-sensor.o)
 .comment       0x0000000000000000       0x2a obj_cooja/mtype583.a(clock.o)
 .comment       0x0000000000000000       0x2a obj_cooja/mtype583.a(log.o)
 .comment       0x0000000000000000       0x2a obj_cooja/mtype583.a(cfs-cooja.o)
 .comment       0x0000000000000000       0x2a obj_cooja/mtype583.a(cooja-radio.o)
 .comment       0x0000000000000000       0x2a obj_cooja/mtype583.a(eeprom.o)
 .comment       0x0000000000000000       0x2a obj_cooja/mtype583.a(random.o)
 .comment       0x0000000000000000       0x2a obj_cooja/mtype583.a(sensors.o)
 .comment       0x0000000000000000       0x2a obj_cooja/mtype583.a(autostart.o)
 .comment       0x0000000000000000       0x2a obj_cooja/mtype583.a(ctimer.o)
 .comment       0x0000000000000000       0x2a obj_cooja/mtype583.a(etimer.o)
 .comment       0x0000000000000000       0x2a obj_cooja/mtype583.a(log_message.o)
 .comment       0x0000000000000000       0x2a obj_cooja/mtype583.a(process.o)
 .comment       0x0000000000000000       0x2a obj_cooja/mtype583.a(residual.o)
 .comment       0x0000000000000000       0x2a obj_cooja/mtype583.a(rtimer.o)
 .comment       0x0000000000000000       0x2a obj_cooja/mtype583.a(timer.o)
 .comment       0x0000000000000000       0x2a obj_cooja/mtype583.a(serial-line.o)
 .comment       0x0000000000000000       0x2a obj_cooja/mtype583.a(list.o)
 .comment       0x0000000000000000       0x2a obj_cooja/mtype583.a(ringbuf.o)
 .comment       0x0000000000000000       0x2a obj_cooja/mtype583.a(sicslowpan.o)
 .comment       0x0000000000000000       0x2a obj_cooja/mtype583.a(uip-ds6-nbr.o)
 .comment       0x0000000000000000       0x2a obj_cooja/mtype583.a(uip-ds6.o)
 .comment       0x0000000000000000       0x2a obj_cooja/mtype583.a(uip6.o)
 .comment       0x0000000000000000       0x2a obj_cooja/mtype583.a(tcpip.o)
 .comment       0x0000000000000000       0x2a obj_cooja/mtype583.a(uip-debug.o)
 .comment       0x0000000000000000       0x2a obj_cooja/mtype583.a(uip-packetqueue)
 .comment       0x0000000000000000       0x2a obj_cooja/mtype583.a(rpl-dag.o)
 .comment       0x0000000000000000       0x2a obj_cooja/mtype583.a(rpl-ext-header.)
 .comment       0x0000000000000000       0x2a obj_cooja/mtype583.a(rpl-icmp6.o)
 .comment       0x0000000000000000       0x2a obj_cooja/mtype583.a(rpl-ltmax.o)
 .comment       0x0000000000000000       0x2a obj_cooja/mtype583.a(rpl-timers.o)
 .comment       0x0000000000000000       0x2a obj_cooja/mtype583.a(rpl.o)
 .comment       0x0000000000000000       0x2a obj_cooja/mtype583.a(csma.o)
 .comment       0x0000000000000000       0x2a obj_cooja/mtype583.a(framer-802154.o)
 .comment       0x0000000000000000       0x2a obj_cooja/mtype583.a(mac.o)
 .comment       0x0000000000000000       0x2a obj_cooja/mtype583.a(cxmac.o)
 .comment       0x0000000000000000       0x2a obj_cooja/mtype583.a(linkaddr.o)
 .comment       0x0000000000000000       0x2a obj_cooja/mtype583.a(nbr-table.o)
 .comment       0x0000000000000000       0x2a obj_cooja/mtype583.a(netstack.o)
 .comment       0x0000000000000000       0x2a obj_cooja/mtype583.a(packetbuf.o)
 .comment       0x0000000000000000       0x2a obj_cooja/mtype583.a(queuebuf.o)
 .comment       0x0000000000000000       0x2a obj_cooja/mtype583.a(nullsec.o)
 .comment       0x0000000000000000       0x2a obj_cooja/mtype583.a(watchdog.o)
 .comment       0x0000000000000000       0x2a obj_cooja/mtype583.a(rimestats.o)
 .comment       0x0000000000000000       0x2a obj_cooja/mtype583.a(leds.o)
 .comment       0x0000000000000000       0x2a obj_cooja/mtype583.a(stimer.o)
 .comment       0x0000000000000000       0x2a obj_cooja/mtype583.a(memb.o)
 .comment       0x0000000000000000       0x2a obj_cooja/mtype583.a(uip-ds6-route.o)
 .comment       0x0000000000000000       0x2a obj_cooja/mtype583.a(uip-icmp6.o)
 .comment       0x0000000000000000       0x2a obj_cooja/mtype583.a(uip-nd6.o)
 .comment       0x0000000000000000       0x2a obj_cooja/mtype583.a(rpl-nbr-policy.)
 .comment       0x0000000000000000       0x2a obj_cooja/mtype583.a(frame802154.o)
 .comment       0x0000000000000000       0x2a /usr/lib/gcc/i686-linux-gnu/4.8/crtendS.o

.debug
 *(.debug)

.line
 *(.line)

.debug_srcinfo
 *(.debug_srcinfo)

.debug_sfnames
 *(.debug_sfnames)

.debug_aranges  0x0000000000000000      0x7f8
 *(.debug_aranges)
 .debug_aranges
                0x0000000000000000       0x20 udp-server.co
 .debug_aranges
                0x0000000000000020       0x20 obj_cooja/mtype583.o
 .debug_aranges
                0x0000000000000040       0x20 obj_cooja/mtype583.a(simEnvChange.o)
 .debug_aranges
                0x0000000000000060       0x20 obj_cooja/mtype583.a(cooja_mt.o)
 .debug_aranges
                0x0000000000000080       0x20 obj_cooja/mtype583.a(cooja_mtarch.o)
 .debug_aranges
                0x00000000000000a0       0x20 obj_cooja/mtype583.a(rtimer-arch.o)
 .debug_aranges
                0x00000000000000c0       0x20 obj_cooja/mtype583.a(beep.o)
 .debug_aranges
                0x00000000000000e0       0x20 obj_cooja/mtype583.a(button-sensor.o)
 .debug_aranges
                0x0000000000000100       0x20 obj_cooja/mtype583.a(leds-arch.o)
 .debug_aranges
                0x0000000000000120       0x20 obj_cooja/mtype583.a(moteid.o)
 .debug_aranges
                0x0000000000000140       0x20 obj_cooja/mtype583.a(pir-sensor.o)
 .debug_aranges
                0x0000000000000160       0x20 obj_cooja/mtype583.a(rs232.o)
 .debug_aranges
                0x0000000000000180       0x20 obj_cooja/mtype583.a(vib-sensor.o)
 .debug_aranges
                0x00000000000001a0       0x20 obj_cooja/mtype583.a(clock.o)
 .debug_aranges
                0x00000000000001c0       0x20 obj_cooja/mtype583.a(log.o)
 .debug_aranges
                0x00000000000001e0       0x20 obj_cooja/mtype583.a(cfs-cooja.o)
 .debug_aranges
                0x0000000000000200       0x20 obj_cooja/mtype583.a(cooja-radio.o)
 .debug_aranges
                0x0000000000000220       0x20 obj_cooja/mtype583.a(eeprom.o)
 .debug_aranges
                0x0000000000000240       0x20 obj_cooja/mtype583.a(random.o)
 .debug_aranges
                0x0000000000000260       0x20 obj_cooja/mtype583.a(sensors.o)
 .debug_aranges
                0x0000000000000280       0x20 obj_cooja/mtype583.a(autostart.o)
 .debug_aranges
                0x00000000000002a0       0x20 obj_cooja/mtype583.a(ctimer.o)
 .debug_aranges
                0x00000000000002c0       0x20 obj_cooja/mtype583.a(etimer.o)
 .debug_aranges
                0x00000000000002e0       0x20 obj_cooja/mtype583.a(log_message.o)
 .debug_aranges
                0x0000000000000300       0x20 obj_cooja/mtype583.a(process.o)
 .debug_aranges
                0x0000000000000320       0x20 obj_cooja/mtype583.a(residual.o)
 .debug_aranges
                0x0000000000000340       0x20 obj_cooja/mtype583.a(rtimer.o)
 .debug_aranges
                0x0000000000000360       0x20 obj_cooja/mtype583.a(timer.o)
 .debug_aranges
                0x0000000000000380       0x20 obj_cooja/mtype583.a(serial-line.o)
 .debug_aranges
                0x00000000000003a0       0x20 obj_cooja/mtype583.a(list.o)
 .debug_aranges
                0x00000000000003c0       0x20 obj_cooja/mtype583.a(ringbuf.o)
 .debug_aranges
                0x00000000000003e0       0x20 obj_cooja/mtype583.a(sicslowpan.o)
 .debug_aranges
                0x0000000000000400       0x20 obj_cooja/mtype583.a(uip-ds6-nbr.o)
 .debug_aranges
                0x0000000000000420       0x20 obj_cooja/mtype583.a(uip-ds6.o)
 .debug_aranges
                0x0000000000000440       0x20 obj_cooja/mtype583.a(uip6.o)
 .debug_aranges
                0x0000000000000460       0x20 obj_cooja/mtype583.a(tcpip.o)
 .debug_aranges
                0x0000000000000480       0x20 obj_cooja/mtype583.a(uip-debug.o)
 .debug_aranges
                0x00000000000004a0       0x20 obj_cooja/mtype583.a(uip-packetqueue)
 .debug_aranges
                0x00000000000004c0       0x20 obj_cooja/mtype583.a(rpl-dag.o)
 .debug_aranges
                0x00000000000004e0       0x20 obj_cooja/mtype583.a(rpl-ext-header.)
 .debug_aranges
                0x0000000000000500       0x20 obj_cooja/mtype583.a(rpl-icmp6.o)
 .debug_aranges
                0x0000000000000520       0x20 obj_cooja/mtype583.a(rpl-ltmax.o)
 .debug_aranges
                0x0000000000000540       0x20 obj_cooja/mtype583.a(rpl-timers.o)
 .debug_aranges
                0x0000000000000560       0x20 obj_cooja/mtype583.a(rpl.o)
 .debug_aranges
                0x0000000000000580       0x20 obj_cooja/mtype583.a(csma.o)
 .debug_aranges
                0x00000000000005a0       0x20 obj_cooja/mtype583.a(framer-802154.o)
 .debug_aranges
                0x00000000000005c0       0x20 obj_cooja/mtype583.a(mac.o)
 .debug_aranges
                0x00000000000005e0       0x20 obj_cooja/mtype583.a(cxmac.o)
 .debug_aranges
                0x0000000000000600       0x20 obj_cooja/mtype583.a(linkaddr.o)
 .debug_aranges
                0x0000000000000620       0x20 obj_cooja/mtype583.a(nbr-table.o)
 .debug_aranges
                0x0000000000000640       0x20 obj_cooja/mtype583.a(netstack.o)
 .debug_aranges
                0x0000000000000660       0x20 obj_cooja/mtype583.a(packetbuf.o)
 .debug_aranges
                0x0000000000000680       0x20 obj_cooja/mtype583.a(queuebuf.o)
 .debug_aranges
                0x00000000000006a0       0x20 obj_cooja/mtype583.a(nullsec.o)
 .debug_aranges
                0x00000000000006c0       0x20 obj_cooja/mtype583.a(watchdog.o)
 .debug_aranges
                0x00000000000006e0       0x18 obj_cooja/mtype583.a(rimestats.o)
 .debug_aranges
                0x00000000000006f8       0x20 obj_cooja/mtype583.a(leds.o)
 .debug_aranges
                0x0000000000000718       0x20 obj_cooja/mtype583.a(stimer.o)
 .debug_aranges
                0x0000000000000738       0x20 obj_cooja/mtype583.a(memb.o)
 .debug_aranges
                0x0000000000000758       0x20 obj_cooja/mtype583.a(uip-ds6-route.o)
 .debug_aranges
                0x0000000000000778       0x20 obj_cooja/mtype583.a(uip-icmp6.o)
 .debug_aranges
                0x0000000000000798       0x20 obj_cooja/mtype583.a(uip-nd6.o)
 .debug_aranges
                0x00000000000007b8       0x20 obj_cooja/mtype583.a(rpl-nbr-policy.)
 .debug_aranges
                0x00000000000007d8       0x20 obj_cooja/mtype583.a(frame802154.o)

.debug_pubnames
 *(.debug_pubnames)

.debug_info     0x0000000000000000    0x1cebf
 *(.debug_info .gnu.linkonce.wi.*)
 .debug_info    0x0000000000000000      0xea5 udp-server.co
 .debug_info    0x0000000000000ea5     0x3b1e obj_cooja/mtype583.o
 .debug_info    0x00000000000049c3      0x15a obj_cooja/mtype583.a(simEnvChange.o)
 .debug_info    0x0000000000004b1d      0x1e2 obj_cooja/mtype583.a(cooja_mt.o)
 .debug_info    0x0000000000004cff      0x2e7 obj_cooja/mtype583.a(cooja_mtarch.o)
 .debug_info    0x0000000000004fe6      0x16b obj_cooja/mtype583.a(rtimer-arch.o)
 .debug_info    0x0000000000005151      0x1f3 obj_cooja/mtype583.a(beep.o)
 .debug_info    0x0000000000005344      0x257 obj_cooja/mtype583.a(button-sensor.o)
 .debug_info    0x000000000000559b      0x14e obj_cooja/mtype583.a(leds-arch.o)
 .debug_info    0x00000000000056e9      0x10a obj_cooja/mtype583.a(moteid.o)
 .debug_info    0x00000000000057f3      0x216 obj_cooja/mtype583.a(pir-sensor.o)
 .debug_info    0x0000000000005a09      0x21e obj_cooja/mtype583.a(rs232.o)
 .debug_info    0x0000000000005c27      0x216 obj_cooja/mtype583.a(vib-sensor.o)
 .debug_info    0x0000000000005e3d      0x152 obj_cooja/mtype583.a(clock.o)
 .debug_info    0x0000000000005f8f      0x2bb obj_cooja/mtype583.a(log.o)
 .debug_info    0x000000000000624a      0x3cf obj_cooja/mtype583.a(cfs-cooja.o)
 .debug_info    0x0000000000006619      0xcad obj_cooja/mtype583.a(cooja-radio.o)
 .debug_info    0x00000000000072c6      0x1d5 obj_cooja/mtype583.a(eeprom.o)
 .debug_info    0x000000000000749b       0xb3 obj_cooja/mtype583.a(random.o)
 .debug_info    0x000000000000754e      0x36d obj_cooja/mtype583.a(sensors.o)
 .debug_info    0x00000000000078bb      0x1a5 obj_cooja/mtype583.a(autostart.o)
 .debug_info    0x0000000000007a60      0x46c obj_cooja/mtype583.a(ctimer.o)
 .debug_info    0x0000000000007ecc      0x49c obj_cooja/mtype583.a(etimer.o)
 .debug_info    0x0000000000008368      0x56d obj_cooja/mtype583.a(log_message.o)
 .debug_info    0x00000000000088d5      0x4ba obj_cooja/mtype583.a(process.o)
 .debug_info    0x0000000000008d8f      0x16b obj_cooja/mtype583.a(residual.o)
 .debug_info    0x0000000000008efa      0x1ab obj_cooja/mtype583.a(rtimer.o)
 .debug_info    0x00000000000090a5      0x16c obj_cooja/mtype583.a(timer.o)
 .debug_info    0x0000000000009211      0x2de obj_cooja/mtype583.a(serial-line.o)
 .debug_info    0x00000000000094ef      0x2ed obj_cooja/mtype583.a(list.o)
 .debug_info    0x00000000000097dc      0x1aa obj_cooja/mtype583.a(ringbuf.o)
 .debug_info    0x0000000000009986     0x105e obj_cooja/mtype583.a(sicslowpan.o)
 .debug_info    0x000000000000a9e4      0x853 obj_cooja/mtype583.a(uip-ds6-nbr.o)
 .debug_info    0x000000000000b237      0xa5b obj_cooja/mtype583.a(uip-ds6.o)
 .debug_info    0x000000000000bc92     0x1080 obj_cooja/mtype583.a(uip6.o)
 .debug_info    0x000000000000cd12     0x1642 obj_cooja/mtype583.a(tcpip.o)
 .debug_info    0x000000000000e354      0x1b5 obj_cooja/mtype583.a(uip-debug.o)
 .debug_info    0x000000000000e509      0x470 obj_cooja/mtype583.a(uip-packetqueue)
 .debug_info    0x000000000000e979     0x1db1 obj_cooja/mtype583.a(rpl-dag.o)
 .debug_info    0x000000000001072a      0xea0 obj_cooja/mtype583.a(rpl-ext-header.)
 .debug_info    0x00000000000115ca     0x195c obj_cooja/mtype583.a(rpl-icmp6.o)
 .debug_info    0x0000000000012f26      0xd45 obj_cooja/mtype583.a(rpl-ltmax.o)
 .debug_info    0x0000000000013c6b      0xace obj_cooja/mtype583.a(rpl-timers.o)
 .debug_info    0x0000000000014739      0xd53 obj_cooja/mtype583.a(rpl.o)
 .debug_info    0x000000000001548c      0xe28 obj_cooja/mtype583.a(csma.o)
 .debug_info    0x00000000000162b4      0x5ed obj_cooja/mtype583.a(framer-802154.o)
 .debug_info    0x00000000000168a1      0x112 obj_cooja/mtype583.a(mac.o)
 .debug_info    0x00000000000169b3     0x12d9 obj_cooja/mtype583.a(cxmac.o)
 .debug_info    0x0000000000017c8c      0x165 obj_cooja/mtype583.a(linkaddr.o)