Archive member included to satisfy reference by file (symbol)

obj_cooja/mtype695.a(simEnvChange.o)
                              obj_cooja/mtype695.o (simDontFallAsleep)
obj_cooja/mtype695.a(cooja_mt.o)
                              obj_cooja/mtype695.o (cooja_mt_start)
obj_cooja/mtype695.a(cooja_mtarch.o)
                              obj_cooja/mtype695.a(cooja_mt.o) (cooja_mtarch_init)
obj_cooja/mtype695.a(rtimer-arch.o)
                              obj_cooja/mtype695.o (rtimer_arch_next)
obj_cooja/mtype695.a(beep.o)  obj_cooja/mtype695.o (beep_interface)
obj_cooja/mtype695.a(button-sensor.o)
                              obj_cooja/mtype695.o (button_interface)
obj_cooja/mtype695.a(leds-arch.o)
                              obj_cooja/mtype695.o (leds_interface)
obj_cooja/mtype695.a(moteid.o)
                              obj_cooja/mtype695.o (moteid_interface)
obj_cooja/mtype695.a(pir-sensor.o)
                              obj_cooja/mtype695.o (pir_interface)
obj_cooja/mtype695.a(rs232.o)
                              obj_cooja/mtype695.o (rs232_interface)
obj_cooja/mtype695.a(vib-sensor.o)
                              obj_cooja/mtype695.o (vib_interface)
obj_cooja/mtype695.a(clock.o)
                              obj_cooja/mtype695.o (clock_interface)
obj_cooja/mtype695.a(log.o)   obj_cooja/mtype695.o (simlog_interface)
obj_cooja/mtype695.a(cfs-cooja.o)
                              obj_cooja/mtype695.o (cfs_interface)
obj_cooja/mtype695.a(cooja-radio.o)
                              obj_cooja/mtype695.o (radio_interface)
obj_cooja/mtype695.a(eeprom.o)
                              obj_cooja/mtype695.o (eeprom_interface)
obj_cooja/mtype695.a(random.o)
                              obj_cooja/mtype695.a(moteid.o) (random_init)
obj_cooja/mtype695.a(sensors.o)
                              obj_cooja/mtype695.o (sensors_process)
obj_cooja/mtype695.a(leds.o)  obj_cooja/mtype695.a(cooja-radio.o) (leds_on)
obj_cooja/mtype695.a(dual_conf.o)
                              obj_cooja/mtype695.a(cooja-radio.o) (long_range_radio)
obj_cooja/mtype695.a(autostart.o)
                              obj_cooja/mtype695.o (autostart_start)
obj_cooja/mtype695.a(ctimer.o)
                              obj_cooja/mtype695.o (ctimer_init)
obj_cooja/mtype695.a(etimer.o)
                              obj_cooja/mtype695.o (etimer_process)
obj_cooja/mtype695.a(log_message.o)
                              obj_cooja/mtype695.o (log_initialization)
obj_cooja/mtype695.a(process.o)
                              udp-client.co (process_current)
obj_cooja/mtype695.a(residual.o)
                              udp-client.co (DISSIPATION_RATE)
obj_cooja/mtype695.a(rtimer.o)
                              obj_cooja/mtype695.a(rtimer-arch.o) (rtimer_run_next)
obj_cooja/mtype695.a(stimer.o)
                              udp-client.co (stimer_remaining)
obj_cooja/mtype695.a(timer.o)
                              obj_cooja/mtype695.a(button-sensor.o) (timer_set)
obj_cooja/mtype695.a(serial-line.o)
                              udp-client.co (serial_line_event_message)
obj_cooja/mtype695.a(list.o)  obj_cooja/mtype695.a(ctimer.o) (list_init)
obj_cooja/mtype695.a(ringbuf.o)
                              obj_cooja/mtype695.a(serial-line.o) (ringbuf_init)
obj_cooja/mtype695.a(sicslowpan.o)
                              obj_cooja/mtype695.o (sicslowpan_driver)
obj_cooja/mtype695.a(uip-ds6-nbr.o)
                              obj_cooja/mtype695.a(sicslowpan.o) (uip_ds6_link_neighbor_callback)
obj_cooja/mtype695.a(uip-ds6-route.o)
                              udp-client.co (uip_ds6_route_nexthop)
obj_cooja/mtype695.a(uip-ds6.o)
                              udp-client.co (uip_ds6_if)
obj_cooja/mtype695.a(uip6.o)  udp-client.co (uip_lladdr)
obj_cooja/mtype695.a(tcpip.o)
                              udp-client.co (tcpip_event)
obj_cooja/mtype695.a(uip-debug.o)
                              udp-client.co (uip_debug_ipaddr_print)
obj_cooja/mtype695.a(uip-packetqueue)
                              obj_cooja/mtype695.a(uip-ds6-nbr.o) (uip_packetqueue_new)
obj_cooja/mtype695.a(uip-udp-packet.)
                              udp-client.co (uip_udp_packet_sendto)
obj_cooja/mtype695.a(rpl-dag.o)
                              udp-client.co (rpl_parents)
obj_cooja/mtype695.a(rpl-ext-header.)
                              obj_cooja/mtype695.a(uip6.o) (rpl_verify_header)
obj_cooja/mtype695.a(rpl-icmp6.o)
                              obj_cooja/mtype695.a(rpl-dag.o) (rpl_icmp6_update_nbr_table)
obj_cooja/mtype695.a(rpl-ltmax.o)
                              obj_cooja/mtype695.a(rpl-dag.o) (rpl_ltmax_of)
obj_cooja/mtype695.a(rpl-timers.o)
                              obj_cooja/mtype695.a(rpl-dag.o) (rpl_reset_dio_timer)
obj_cooja/mtype695.a(rpl.o)   obj_cooja/mtype695.a(rpl-icmp6.o) (rpl_get_mode)
obj_cooja/mtype695.a(csma.o)  obj_cooja/mtype695.o (csma_driver)
obj_cooja/mtype695.a(framer-802154.o)
[...]
Memory Configuration

Name             Origin             Length             Attributes
*default*        0x0000000000000000 0xffffffffffffffff

Linker script and memory map

LOAD /usr/lib/gcc/i686-linux-gnu/4.8/../../../i386-linux-gnu/crti.o
LOAD /usr/lib/gcc/i686-linux-gnu/4.8/crtbeginS.o
LOAD udp-client.co
LOAD obj_cooja/mtype695.o
LOAD obj_cooja/mtype695.a
LOAD /usr/lib/gcc/i686-linux-gnu/4.8/libgcc.a
LOAD /usr/lib/gcc/i686-linux-gnu/4.8/libgcc_s.so
LOAD /usr/lib/gcc/i686-linux-gnu/4.8/../../../i386-linux-gnu/libc.so
START GROUP
LOAD /lib/i386-linux-gnu/libc.so.6
LOAD /usr/lib/i386-linux-gnu/libc_nonshared.a
LOAD /lib/i386-linux-gnu/ld-linux.so.2
END GROUP
LOAD /usr/lib/gcc/i686-linux-gnu/4.8/libgcc.a
LOAD /usr/lib/gcc/i686-linux-gnu/4.8/libgcc_s.so
LOAD /usr/lib/gcc/i686-linux-gnu/4.8/crtendS.o
LOAD /usr/lib/gcc/i686-linux-gnu/4.8/../../../i386-linux-gnu/crtn.o
                0x0000000000000114                . = (0x0 + SIZEOF_HEADERS)

.note.gnu.build-id
                0x0000000000000114       0x24
 *(.note.gnu.build-id)
 .note.gnu.build-id
                0x0000000000000114       0x24 /usr/lib/gcc/i686-linux-gnu/4.8/../../../i386-linux-gnu/crti.o

.hash
 *(.hash)

.gnu.hash       0x0000000000000138     0x13b4
 *(.gnu.hash)
 .gnu.hash      0x0000000000000138     0x13b4 /usr/lib/gcc/i686-linux-gnu/4.8/../../../i386-linux-gnu/crti.o

.dynsym         0x00000000000014ec     0x2730
 *(.dynsym)
 .dynsym        0x00000000000014ec     0x2730 /usr/lib/gcc/i686-linux-gnu/4.8/../../../i386-linux-gnu/crti.o

.dynstr         0x0000000000003c1c     0x285d
 *(.dynstr)
 .dynstr        0x0000000000003c1c     0x285d /usr/lib/gcc/i686-linux-gnu/4.8/../../../i386-linux-gnu/crti.o

.gnu.version    0x000000000000647a      0x4e6
 *(.gnu.version)
 .gnu.version   0x000000000000647a      0x4e6 /usr/lib/gcc/i686-linux-gnu/4.8/../../../i386-linux-gnu/crti.o

.gnu.version_d  0x0000000000006960        0x0
 *(.gnu.version_d)
 .gnu.version_d
                0x0000000000000000        0x0 /usr/lib/gcc/i686-linux-gnu/4.8/../../../i386-linux-gnu/crti.o

.gnu.version_r  0x0000000000006960       0x50
 *(.gnu.version_r)
 .gnu.version_r
                0x0000000000006960       0x50 /usr/lib/gcc/i686-linux-gnu/4.8/../../../i386-linux-gnu/crti.o

.rel.dyn        0x00000000000069b0     0x9868
 *(.rel.init)
 .rel.init      0x0000000000000000        0x0 /usr/lib/gcc/i686-linux-gnu/4.8/../../../i386-linux-gnu/crti.o
 *(.rel.text .rel.text.* .rel.gnu.linkonce.t.*)
 .rel.text      0x00000000000069b0     0x9090 /usr/lib/gcc/i686-linux-gnu/4.8/../../../i386-linux-gnu/crti.o
 *(.rel.fini)
 .rel.fini      0x0000000000000000        0x0 /usr/lib/gcc/i686-linux-gnu/4.8/../../../i386-linux-gnu/crti.o
 *(.rel.rodata .rel.rodata.* .rel.gnu.linkonce.r.*)
 .rel.rodata    0x000000000000fa40      0x4e0 /usr/lib/gcc/i686-linux-gnu/4.8/../../../i386-linux-gnu/crti.o
 *(.rel.data.rel.ro .rel.data.rel.ro.* .rel.gnu.linkonce.d.rel.ro.*)
 *(.rel.data .rel.data.* .rel.gnu.linkonce.d.*)
 .rel.data.rel  0x000000000000ff20        0x8 /usr/lib/gcc/i686-linux-gnu/4.8/../../../i386-linux-gnu/crti.o
 .rel.data      0x000000000000ff28      0x2b8 /usr/lib/gcc/i686-linux-gnu/4.8/../../../i386-linux-gnu/crti.o
 *(.rel.tdata .rel.tdata.* .rel.gnu.linkonce.td.*)
 *(.rel.tbss .rel.tbss.* .rel.gnu.linkonce.tb.*)
 *(.rel.ctors)
 *(.rel.dtors)
 *(.rel.got)
 .rel.got       0x00000000000101e0       0x28 /usr/lib/gcc/i686-linux-gnu/4.8/../../../i386-linux-gnu/crti.o
 *(.rel.bss .rel.bss.* .rel.gnu.linkonce.b.*)
 *(.rel.ifunc)
 .rel.ifunc     0x0000000000000000        0x0 /usr/lib/gcc/i686-linux-gnu/4.8/../../../i386-linux-gnu/crti.o
 .rel.fini_array
                0x0000000000010208        0x8 /usr/lib/gcc/i686-linux-gnu/4.8/../../../i386-linux-gnu/crti.o
 .rel.init_array
                0x0000000000010210        0x8 /usr/lib/gcc/i686-linux-gnu/4.8/../../../i386-linux-gnu/crti.o

.rel.plt        0x0000000000010218       0x10
 *(.rel.plt)
 .rel.plt       0x0000000000010218       0x10 /usr/lib/gcc/i686-linux-gnu/4.8/../../../i386-linux-gnu/crti.o
 *(.rel.iplt)

.init           0x0000000000010228       0x23
 *(SORT(.init))
 .init          0x0000000000010228       0x1e /usr/lib/gcc/i686-linux-gnu/4.8/../../../i386-linux-gnu/crti.o
                0x0000000000010228                _init
 .init          0x0000000000010246        0x5 /usr/lib/gcc/i686-linux-gnu/4.8/../../../i386-linux-gnu/crtn.o

.plt            0x0000000000010250       0x30
 *(.plt)
 .plt           0x0000000000010250       0x30 /usr/lib/gcc/i686-linux-gnu/4.8/../../../i386-linux-gnu/crti.o
 *(.iplt)

.text           0x0000000000010280    0x17386
 *(.text.unlikely .text.*_unlikely .text.unlikely.*)
 *(.text.exit .text.exit.*)
 *(.text.startup .text.startup.*)
 *(.text.hot .text.hot.*)
 *(.text .stub .text.* .gnu.linkonce.t.*)
 .text          0x0000000000010280        0x0 /usr/lib/gcc/i686-linux-gnu/4.8/../../../i386-linux-gnu/crti.o
 .gnu.linkonce.t.__x86.get_pc_thunk.bx
                0x0000000000010280        0x4 /usr/lib/gcc/i686-linux-gnu/4.8/../../../i386-linux-gnu/crti.o
                0x0000000000010280                __x86.get_pc_thunk.bx
 *fill*         0x0000000000010284        0xc 
 .text          0x0000000000010290      0x11b /usr/lib/gcc/i686-linux-gnu/4.8/crtbeginS.o
 .text          0x00000000000103ab      0x915 udp-client.co
 .text          0x0000000000010cc0      0x96a obj_cooja/mtype695.o
                0x0000000000010e6e                contiki_init
                0x0000000000011441                Java_org_contikios_cooja_corecomm_Lib20_init
                0x0000000000011481                Java_org_contikios_cooja_corecomm_Lib20_getMemory
                0x00000000000114c1                Java_org_contikios_cooja_corecomm_Lib20_setMemory
                0x0000000000011538                Java_org_contikios_cooja_corecomm_Lib20_tick
                0x0000000000011618                Java_org_contikios_cooja_corecomm_Lib20_setReferenceAddress
 .text          0x000000000001162a       0x63 obj_cooja/mtype695.a(simEnvChange.o)
                0x000000000001162a                doActionsBeforeTick
                0x000000000001165b                doActionsAfterTick
 .text          0x000000000001168d       0xbc obj_cooja/mtype695.a(cooja_mt.o)
                0x000000000001168d                cooja_mt_init
                0x000000000001169a                cooja_mt_remove
                0x00000000000116a7                cooja_mt_start
                0x00000000000116d4                cooja_mt_exec
                0x0000000000011705                cooja_mt_exit
                0x0000000000011727                cooja_mt_yield
 .text          0x0000000000011749      0x115 obj_cooja/mtype695.a(cooja_mtarch.o)
                0x0000000000011749                cooja_mtarch_init
                0x000000000001174e                cooja_mtarch_start
                0x00000000000117c9                cooja_sw
                0x00000000000117eb                cooja_mtarch_exec
                0x0000000000011807                cooja_mtarch_remove
                0x000000000001180c                cooja_mtarch_yield
                0x0000000000011816                cooja_mtarch_pstop
                0x000000000001181b                cooja_mtarch_pstart
                0x0000000000011820                cooja_mtarch_stack_usage
 .text          0x000000000001185e       0xc2 obj_cooja/mtype695.a(rtimer-arch.o)
                0x000000000001185e                rtimer_arch_init
                0x0000000000011881                rtimer_arch_schedule
                0x0000000000011898                rtimer_arch_next
                0x00000000000118a2                rtimer_arch_pending
                0x00000000000118ac                rtimer_arch_check
                0x00000000000118de                rtimer_arch_now
 .text          0x0000000000011920       0x76 obj_cooja/mtype695.a(beep.o)
                0x0000000000011920                beep_alarm
                0x000000000001192c                beep_beep
                0x0000000000011938                beep
                0x0000000000011944                beep_down
                0x0000000000011950                beep_on
                0x000000000001195c                beep_off
                0x0000000000011968                beep_spinup
                0x0000000000011974                beep_quick
                0x0000000000011980                beep_long
 .text          0x0000000000011996      0x103 obj_cooja/mtype695.a(button-sensor.o)
 .text          0x0000000000011a99       0x45 obj_cooja/mtype695.a(leds-arch.o)
                0x0000000000011a99                leds_arch_init
                0x0000000000011aa5                leds_arch_get
                0x0000000000011ab1                leds_arch_set
 .text          0x0000000000011ade       0x2f obj_cooja/mtype695.a(moteid.o)
 .text          0x0000000000011b0d       0xb1 obj_cooja/mtype695.a(pir-sensor.o)
 .text          0x0000000000011bbe      0x131 obj_cooja/mtype695.a(rs232.o)
                0x0000000000011bbe                rs232_init
                0x0000000000011bc3                rs232_set_speed
                0x0000000000011bd1                rs232_set_input
                0x0000000000011bde                rs232_send
                0x0000000000011c00                rs232_print
                0x0000000000011c1b                slip_arch_writeb
 .text          0x0000000000011cef       0xb1 obj_cooja/mtype695.a(vib-sensor.o)
 .text          0x0000000000011da0       0x34 obj_cooja/mtype695.a(clock.o)
                0x0000000000011da0                clock_init
                0x0000000000011da5                clock_time
                0x0000000000011daf                clock_seconds
                0x0000000000011dc5                clock_delay
 .text          0x0000000000011dd4      0x1ed obj_cooja/mtype695.a(log.o)
                0x0000000000011dd4                simlog_char
                0x0000000000011e16                simlog
                0x0000000000011e83                log_message
                0x0000000000011eab                log_set_putchar_with_slip
                0x0000000000011eb8                log_putchar
                0x0000000000011f3c                log_puts
                0x0000000000011f60                log_printf
 .text          0x0000000000011fc1      0x2c4 obj_cooja/mtype695.a(cfs-cooja.o)
                0x0000000000011fc1                cfs_open
                0x000000000001202a                cfs_close
                0x0000000000012036                cfs_read
                0x00000000000120d4                cfs_write
                0x00000000000121b1                cfs_seek
                0x0000000000012239                cfs_remove
                0x0000000000012262                cfs_opendir
                0x000000000001226c                cfs_readdir
                0x0000000000012276                cfs_closedir
 .text          0x0000000000012285      0x69f obj_cooja/mtype695.a(cooja-radio.o)
                0x00000000000122af                radio_set_channel
                0x00000000000122c4                radio_set_txpower
                0x00000000000122e4                radio_signal_strength_last
                0x00000000000122ee                radio_signal_strength_current
                0x00000000000122f8                radio_LQI
 .text          0x0000000000012924       0xef obj_cooja/mtype695.a(eeprom.o)
                0x0000000000012924                eeprom_init
                0x0000000000012929                eeprom_read
                0x0000000000012999                eeprom_write
 .text          0x0000000000012a13       0x28 obj_cooja/mtype695.a(random.o)
                0x0000000000012a13                random_init
                0x0000000000012a2e                random_rand
 .text          0x0000000000012a3b      0x2a1 obj_cooja/mtype695.a(sensors.o)
                0x0000000000012a76                sensors_first
                0x0000000000012a80                sensors_next
                0x0000000000012a9d                sensors_changed
                0x0000000000012acc                sensors_find
 .text          0x0000000000012cdc      0x134 obj_cooja/mtype695.a(leds.o)
                0x0000000000012d2d                leds_init
                0x0000000000012d41                leds_blink
                0x0000000000012d79                leds_get
                0x0000000000012d86                leds_set
                0x0000000000012da0                leds_on
                0x0000000000012dc3                leds_off
                0x0000000000012ded                leds_toggle
 .text          0x0000000000012e10      0x318 obj_cooja/mtype695.a(dual_conf.o)
                0x0000000000012e10                dual_radio_switch
                0x0000000000012e50                dual_radio_change
                0x0000000000012e8a                sending_in_LR
                0x0000000000012eb5                dual_radio_received
                0x0000000000012eed                radio_received_is_longrange
                0x0000000000012f08                dual_radio_turn_on
                0x0000000000012f2b                dual_radio_turn_off
                0x00000000000130de                dio_broadcast
                0x0000000000013107                dis_broadcast
 .text          0x0000000000013128       0x8e obj_cooja/mtype695.a(autostart.o)
                0x0000000000013128                autostart_start
                0x0000000000013173                autostart_exit
 .text          0x00000000000131b6      0x334 obj_cooja/mtype695.a(ctimer.o)
                0x00000000000132cd                ctimer_init
                0x00000000000132fd                ctimer_set
                0x000000000001332e                ctimer_set_with_process
                0x00000000000133aa                ctimer_reset
                0x00000000000133f9                ctimer_restart
                0x0000000000013448                ctimer_stop
                0x0000000000013493                ctimer_expired
 .text          0x00000000000134ea      0x40b obj_cooja/mtype695.a(etimer.o)
                0x00000000000136fd                etimer_request_poll
                0x0000000000013781                etimer_set
                0x00000000000137a6                etimer_reset_with_new_interval
                0x00000000000137cd                etimer_reset
                0x00000000000137eb                etimer_restart
                0x0000000000013809                etimer_adjust
                0x0000000000013825                etimer_expired
                0x0000000000013838                etimer_expiration_time
                0x000000000001384a                etimer_start_time
                0x0000000000013854                etimer_pending
                0x0000000000013866                etimer_next_expiration_time
                0x0000000000013880                etimer_stop
 .text          0x00000000000138f5      0x264 obj_cooja/mtype695.a(log_message.o)
                0x00000000000138f5                log_initialization
                0x0000000000013b38                log_finisher
 .text          0x0000000000013b59      0x560 obj_cooja/mtype695.a(process.o)
                0x0000000000013b59                process_alloc_event
                0x0000000000013b6e                process_start
                0x0000000000013d57                process_exit
                0x0000000000013d73                process_init
                0x0000000000013f44                process_run
                0x0000000000013f77                process_nevents
                0x0000000000013f92                process_post
                0x000000000001403e                process_post_synch
                0x0000000000014076                process_poll
                0x00000000000140a5                process_is_running
 .text          0x00000000000140b9       0xd3 obj_cooja/mtype695.a(residual.o)
                0x00000000000140b9                get_residual_energy
 .text          0x000000000001418c       0xba obj_cooja/mtype695.a(rtimer.o)
                0x000000000001418c                rtimer_init
                0x0000000000014199                rtimer_set
                0x00000000000141f0                rtimer_run_next
 .text          0x0000000000014246       0xa3 obj_cooja/mtype695.a(stimer.o)
                0x0000000000014246                stimer_set
                0x0000000000014261                stimer_reset
                0x0000000000014278                stimer_restart
                0x000000000001428a                stimer_expired
                0x00000000000142b1                stimer_remaining
                0x00000000000142d5                stimer_elapsed
 .text          0x00000000000142e9       0x91 obj_cooja/mtype695.a(timer.o)
                0x00000000000142e9                timer_set
                0x0000000000014304                timer_reset
                0x000000000001431b                timer_restart
                0x000000000001432d                timer_expired
                0x0000000000014356                timer_remaining
 .text          0x000000000001437a      0x1fb obj_cooja/mtype695.a(serial-line.o)
                0x000000000001437a                serial_line_input_byte
                0x000000000001453d                serial_line_init
 .text          0x0000000000014575      0x244 obj_cooja/mtype695.a(list.o)
                0x0000000000014575                list_init
                0x0000000000014583                list_head
                0x000000000001458d                list_copy
                0x000000000001459c                list_tail
                0x00000000000145d2                list_add
                0x000000000001461b                list_push
                0x0000000000014647                list_chop
                0x00000000000146b1                list_pop
                0x00000000000146d9                list_remove
                0x0000000000014740                list_length
                0x000000000001476e                list_insert
                0x00000000000147a2                list_item_next
 .text          0x00000000000147b9      0x155 obj_cooja/mtype695.a(ringbuf.o)
                0x00000000000147b9                ringbuf_init
                0x00000000000147ea                ringbuf_put
                0x0000000000014868                ringbuf_get
                0x00000000000148d5                ringbuf_size
                0x00000000000148e7                ringbuf_elements
 .text          0x000000000001490e     0x258b obj_cooja/mtype695.a(sicslowpan.o)
                0x0000000000014e98                rime_sniffer_add
                0x0000000000014ea5                rime_sniffer_remove
                0x0000000000016e38                sicslowpan_init
                0x0000000000016e8f                sicslowpan_get_last_rssi
 .text          0x0000000000016e99      0x2dc obj_cooja/mtype695.a(uip-ds6-nbr.o)
                0x0000000000016eb6                uip_ds6_neighbors_init
                0x0000000000016ed3                uip_ds6_nbr_add
                0x0000000000016f84                uip_ds6_nbr_rm
                0x0000000000016fe1                uip_ds6_nbr_get_ipaddr
                0x0000000000016ff6                uip_ds6_nbr_get_ll
                0x0000000000017012                uip_ds6_nbr_num
                0x0000000000017057                uip_ds6_nbr_lookup
                0x00000000000170bc                uip_ds6_nbr_ll_lookup
                0x00000000000170d8                uip_ds6_nbr_ipaddr_from_lladdr
                0x00000000000170fe                uip_ds6_nbr_lladdr_from_ipaddr
                0x000000000001712c                uip_ds6_link_neighbor_callback
 .text          0x0000000000017175      0x916 obj_cooja/mtype695.a(uip-ds6-route.o)
                0x00000000000171ec                uip_ds6_notification_add
                0x000000000001721d                uip_ds6_notification_rm
                0x0000000000017239                uip_ds6_route_init
                0x00000000000172c1                uip_ds6_route_nexthop
                0x00000000000172e9                uip_ds6_route_head
                0x00000000000172fe                uip_ds6_route_next
                0x0000000000017324                uip_ds6_route_is_nexthop
                0x0000000000017363                uip_ds6_route_num_routes
                0x000000000001736d                uip_ds6_route_lookup
                0x000000000001742f                uip_ds6_route_add
                0x0000000000017663                uip_ds6_route_rm
                0x00000000000177f7                uip_ds6_route_rm_by_nexthop
                0x000000000001782f                uip_ds6_defrt_add
                0x00000000000178e0                uip_ds6_defrt_rm
                0x000000000001795f                uip_ds6_defrt_lookup
                0x00000000000179b8                uip_ds6_defrt_choose
                0x0000000000017a23                uip_ds6_defrt_periodic
 .text          0x0000000000017a8b     0x12ad obj_cooja/mtype695.a(uip-ds6.o)
                0x0000000000017a8b                uip_ds6_init
                0x0000000000017de0                uip_ds6_periodic
                0x0000000000017eb8                uip_ds6_list_loop
                0x0000000000017f5f                uip_ds6_prefix_add
                0x000000000001801d                uip_ds6_prefix_rm
                0x000000000001802f                uip_ds6_prefix_lookup
                0x0000000000018080                uip_ds6_is_addr_onlink
                0x00000000000180f4                uip_ds6_addr_add
                0x0000000000018222                uip_ds6_long_addr_add
                0x0000000000018350                uip_ds6_addr_rm
                0x00000000000183f0                uip_ds6_addr_lookup
                0x000000000001843b                uip_ds6_long_addr_lookup
                0x0000000000018486                uip_ds6_get_link_local
                0x0000000000018505                uip_ds6_long_get_link_local
                0x0000000000018584                uip_ds6_get_global
                0x0000000000018603                uip_ds6_long_get_global
                0x0000000000018682                uip_ds6_maddr_add
                0x00000000000186f4                uip_ds6_long_maddr_add
                0x0000000000018766                uip_ds6_maddr_rm
                0x0000000000018778                uip_ds6_maddr_lookup
                0x00000000000187c3                uip_ds6_long_maddr_lookup
                0x000000000001880e                uip_ds6_aaddr_add
                0x0000000000018880                uip_ds6_long_aaddr_add
                0x00000000000188f2                uip_ds6_aaddr_rm
                0x0000000000018904                uip_ds6_aaddr_lookup
                0x000000000001894f                uip_ds6_long_aaddr_lookup
                0x000000000001899a                uip_ds6_select_src
                0x0000000000018c23                uip_ds6_set_addr_iid
                0x0000000000018c5a                get_match_length
                0x0000000000018cec                uip_ds6_compute_reachable_time
 .text          0x0000000000018d38     0x2a07 obj_cooja/mtype695.a(uip6.o)
                0x0000000000018d38                uip_add32
                0x0000000000018ed1                uip_chksum
                0x0000000000018fbf                uip_icmp6chksum
                0x0000000000018fd3                uip_tcpchksum
                0x0000000000018fe7                uip_udpchksum
                0x0000000000018ffb                uip_init
                0x00000000000190cb                uip_connect
                0x000000000001927a                remove_ext_hdr
                0x000000000001934f                uip_udp_new
                0x00000000000194ab                uip_unlisten
                0x000000000001950b                uip_listen
                0x00000000000197cd                uip_process
                0x000000000001b633                uip_htons
                0x000000000001b655                uip_htonl
                0x000000000001b695                uip_send
 .text          0x000000000001b73f      0xa53 obj_cooja/mtype695.a(tcpip.o)
                0x000000000001b73f                tcpip_output
                0x000000000001b77a                tcpip_set_outputfunc
                0x000000000001b80e                tcp_connect
                0x000000000001b863                tcp_unlisten
                0x000000000001b8be                tcp_listen
                0x000000000001b917                tcp_attach
                0x000000000001b93c                udp_attach
                0x000000000001b961                udp_new
                0x000000000001b9b3                udp_broadcast_new
                0x000000000001bc27                tcpip_input
                0x000000000001bc5b                tcpip_ipv6_output
                0x000000000001bfce                tcpip_poll_udp
                0x000000000001bff1                tcpip_poll_tcp
                0x000000000001c014                tcpip_uipcall
 .text          0x000000000001c192      0x1c1 obj_cooja/mtype695.a(uip-debug.o)
                0x000000000001c192                uip_debug_ipaddr_print
                0x000000000001c2f4                uip_debug_lladdr_print
 .text          0x000000000001c353      0x141 obj_cooja/mtype695.a(uip-packetqueue)
                0x000000000001c37f                uip_packetqueue_new
                0x000000000001c38d                uip_packetqueue_alloc
                0x000000000001c3ed                uip_packetqueue_free
                0x000000000001c42e                uip_packetqueue_buf
                0x000000000001c44b                uip_packetqueue_buflen
                0x000000000001c46c                uip_packetqueue_set_buflen
 .text          0x000000000001c494      0x131 obj_cooja/mtype695.a(uip-udp-packet.)
                0x000000000001c494                uip_udp_packet_send
                0x000000000001c4f4                uip_udp_packet_sendto
 .text          0x000000000001c5c5     0x26a5 obj_cooja/mtype695.a(rpl-dag.o)
                0x000000000001c5c5                rpl_lr_in_child
                0x000000000001c67d                rpl_print_neighbor_list
                0x000000000001c726                rpl_print_child_neighbor_list
                0x000000000001c79b                rpl_get_nbr
                0x000000000001c7f5                rpl_get_nbr_child
                0x000000000001c84f                rpl_dag_init
                0x000000000001c881                rpl_get_parent
                0x000000000001c8a3                rpl_get_parent_rank
                0x000000000001c8d6                rpl_get_parent_link_metric
                0x000000000001c909                rpl_get_parent_ipaddr
                0x000000000001c933                rpl_get_child_ipaddr
                0x000000000001cc4e                rpl_set_root
                0x000000000001ce7c                rpl_repair_root
                0x000000000001d0b8                rpl_set_prefix
                0x000000000001d1b7                rpl_set_default_route
                0x000000000001d243                rpl_alloc_instance
                0x000000000001d2cb                rpl_alloc_dag
                0x000000000001d37e                rpl_set_default_instance
                0x000000000001d38b                rpl_get_default_instance
                0x000000000001d395                rpl_free_instance
                0x000000000001d436                rpl_free_dag
                0x000000000001d49c                rpl_add_parent
                0x000000000001d585                rpl_find_parent
                0x000000000001d5b5                rpl_add_child
                0x000000000001d659                rpl_find_child
                0x000000000001d6a7                rpl_find_parent_any_dag
                0x000000000001d6e3                rpl_select_dag
                0x000000000001db13                rpl_select_parent
                0x000000000001db75                rpl_remove_parent
                0x000000000001dbab                rpl_remove_child
                0x000000000001dbc7                rpl_nullify_parent
                0x000000000001dc65                rpl_move_parent
                0x000000000001dd02                rpl_has_downward_route
                0x000000000001dd55                rpl_get_any_dag
                0x000000000001ddb7                rpl_get_instance
                0x000000000001de1a                rpl_find_of
                0x000000000001de57                rpl_join_instance
                0x000000000001e0f3                rpl_add_dag
                0x000000000001e4e2                rpl_local_repair
                0x000000000001e5bb                rpl_recalculate_ranks
                0x000000000001e641                rpl_process_parent_event
                0x000000000001e6f3                rpl_process_dio
 .text          0x000000000001ec6a      0xbf3 obj_cooja/mtype695.a(rpl-ext-header.)
                0x000000000001ec87                rpl_verify_header
                0x000000000001f101                rpl_update_header_empty
                0x000000000001f418                rpl_update_header_final
                0x000000000001f5a7                rpl_remove_header
                0x000000000001f6b1                rpl_invert_header
                0x000000000001f83b                rpl_insert_header
 .text          0x000000000001f85d     0x22fb obj_cooja/mtype695.a(rpl-icmp6.o)
                0x000000000001fb26                rpl_icmp6_update_nbr_table
                0x000000000001fc16                dis_output
                0x000000000002054e                dio_output
                0x00000000000216c3                dao_output
                0x000000000002178b                dao_output_target
                0x0000000000021b0c                dao_ack_output
                0x0000000000021b20                rpl_icmp6_register_handlers
 .text          0x0000000000021b58      0x3df obj_cooja/mtype695.a(rpl-ltmax.o)
 .text          0x0000000000021f37      0x5e2 obj_cooja/mtype695.a(rpl-timers.o)
                0x0000000000021f37                simple_rpl_convergence_timer
                0x00000000000221c2                rpl_reset_periodic_timer
                0x0000000000022217                rpl_reset_dio_timer
                0x0000000000022451                rpl_schedule_dao
                0x000000000002246c                rpl_schedule_dao_immediately
                0x0000000000022487                rpl_cancel_dao
                0x00000000000224e9                rpl_schedule_unicast_dio_immediately
 .text          0x0000000000022519      0x5d1 obj_cooja/mtype695.a(rpl.o)
                0x0000000000022519                rpl_get_mode
                0x0000000000022523                rpl_set_mode
                0x00000000000225b1                rpl_purge_routes
                0x00000000000226ab                rpl_remove_routes
                0x00000000000226f1                rpl_remove_routes_by_nexthop
                0x000000000002275d                rpl_add_route
                0x00000000000227d8                rpl_link_neighbor_callback
                0x00000000000228dd                rpl_ipv6_neighbor_callback
                0x000000000002294c                rpl_purge_dags
                0x0000000000022a58                rpl_init
 .text          0x0000000000022aea      0x8d4 obj_cooja/mtype695.a(csma.o)
 .text          0x00000000000233be      0x3f5 obj_cooja/mtype695.a(framer-802154.o)
 .text          0x00000000000237b3       0x3c obj_cooja/mtype695.a(mac.o)
                0x00000000000237b3                mac_call_sent_callback
 .text          0x00000000000237ef     0x10c8 obj_cooja/mtype695.a(cxmac.o)
                0x00000000000247eb                cxmac_set_announcement_radio_txpower
                0x00000000000247f0                cxmac_init
 .text          0x00000000000248b7       0x82 obj_cooja/mtype695.a(linkaddr.o)
                0x00000000000248b7                linkaddr_copy
                0x00000000000248d9                linkaddr_cmp
                0x0000000000024903                linkaddr_set_node_addr
                0x000000000002491e                linkaddr_set_node_long_addr
 .text          0x0000000000024939      0x915 obj_cooja/mtype695.a(nbr-table.o)
                0x0000000000024939                long_ip_from_lladdr_map
                0x00000000000249c2                lladdr_map_add_lr
                0x0000000000024a7f                lladdr_map_rm_lr
                0x0000000000024f44                nbr_table_register
                0x0000000000024f8c                nbr_table_head
                0x0000000000024fe8                nbr_table_next
                0x000000000002504f                nbr_table_add_lladdr
                0x000000000002512b                nbr_table_get_from_lladdr
                0x0000000000025178                nbr_table_remove
                0x00000000000251ca                nbr_table_lock
                0x00000000000251f4                nbr_table_unlock
                0x000000000002521e                nbr_table_get_lladdr
 .text          0x000000000002524e       0x2b obj_cooja/mtype695.a(netstack.o)
                0x000000000002524e                netstack_init
 .text          0x0000000000025279      0x3cd obj_cooja/mtype695.a(packetbuf.o)
                0x0000000000025279                packetbuf_clear
                0x00000000000252a3                packetbuf_copyfrom
                0x00000000000252f5                packetbuf_compact
                0x0000000000025372                packetbuf_copyto
                0x0000000000025409                packetbuf_hdralloc
                0x0000000000025486                packetbuf_hdrreduce
                0x00000000000254ce                packetbuf_set_datalen
                0x00000000000254e7                packetbuf_dataptr
                0x0000000000025504                packetbuf_hdrptr
                0x000000000002550e                packetbuf_datalen
                0x000000000002551a                packetbuf_hdrlen
                0x0000000000025531                packetbuf_totlen
                0x0000000000025547                packetbuf_attr_clear
                0x0000000000025599                packetbuf_attr_copyto
                0x00000000000255e2                packetbuf_attr_copyfrom
                0x000000000002562a                packetbuf_holds_broadcast
 .text          0x0000000000025646      0x2b4 obj_cooja/mtype695.a(queuebuf.o)
                0x0000000000025650                queuebuf_init
                0x0000000000025670                queuebuf_numfree
                0x0000000000025684                queuebuf_new_from_packetbuf
                0x0000000000025714                queuebuf_update_attr_from_packetbuf
                0x0000000000025747                queuebuf_update_from_packetbuf
                0x0000000000025791                queuebuf_free
                0x00000000000257d8                queuebuf_to_packetbuf
                0x000000000002583e                queuebuf_dataptr
                0x0000000000025875                queuebuf_datalen
                0x0000000000025898                queuebuf_addr
                0x00000000000258ca                queuebuf_attr
                0x00000000000258f5                queuebuf_debug_print
 .text          0x00000000000258fa       0x6e obj_cooja/mtype695.a(nullsec.o)
 .text          0x0000000000025968       0x19 obj_cooja/mtype695.a(watchdog.o)
                0x0000000000025968                watchdog_init
                0x000000000002596d                watchdog_start
                0x0000000000025972                watchdog_periodic
                0x0000000000025977                watchdog_stop
                0x000000000002597c                watchdog_reboot
 .text          0x0000000000025981        0x0 obj_cooja/mtype695.a(rimestats.o)
 .text          0x0000000000025981      0x1c1 obj_cooja/mtype695.a(memb.o)
                0x0000000000025981                memb_init
                0x00000000000259df                memb_alloc
                0x0000000000025a44                memb_free
                0x0000000000025abf                memb_inmemb
                0x0000000000025afe                memb_numfree
 .text          0x0000000000025b42      0xabf obj_cooja/mtype695.a(uip-icmp6.o)
                0x0000000000025bb0                uip_icmp6_input
                0x0000000000025c06                uip_icmp6_register_input_handler
                0x0000000000025ece                uip_icmp6_error_output
                0x0000000000026213                uip_icmp6_send
                0x0000000000026594                uip_icmp6_echo_reply_callback_add
                0x00000000000265c5                uip_icmp6_echo_reply_callback_rm
                0x00000000000265e1                uip_icmp6_init
 .text          0x0000000000026601      0x358 obj_cooja/mtype695.a(uip-nd6.o)
                0x0000000000026655                uip_nd6_ns_output
                0x0000000000026954                uip_nd6_init
 .text          0x0000000000026959      0x331 obj_cooja/mtype695.a(rpl-nbr-policy.)
                0x0000000000026b31                find_removable_dis
                0x0000000000026b54                find_removable_dio
                0x0000000000026be3                find_removable_dao
                0x0000000000026c33                rpl_nbr_policy_find_removable
 .text          0x0000000000026c8a      0x97c obj_cooja/mtype695.a(frame802154.o)
                0x0000000000026cbb                frame802154_get_pan_id
                0x0000000000026cc7                frame802154_set_pan_id
                0x0000000000026ce0                frame802154_has_panid
                0x0000000000026dcc                frame802154_check_dest_panid
                0x0000000000026e34                frame802154_is_broadcast_addr
                0x0000000000026e81                frame802154_extract_linkaddr
                0x00000000000270c1                frame802154_hdrlen
                0x0000000000027112                frame802154_create
                0x00000000000272fd                frame802154_parse
 .text          0x0000000000027606        0x0 /usr/lib/gcc/i686-linux-gnu/4.8/crtendS.o
 .text          0x0000000000027606        0x0 /usr/lib/gcc/i686-linux-gnu/4.8/../../../i386-linux-gnu/crtn.o
 *(.gnu.warning)

.fini           0x0000000000027608       0x14
 *(SORT(.fini))
 .fini          0x0000000000027608        0xf /usr/lib/gcc/i686-linux-gnu/4.8/../../../i386-linux-gnu/crti.o
                0x0000000000027608                _fini
 .fini          0x0000000000027617        0x5 /usr/lib/gcc/i686-linux-gnu/4.8/../../../i386-linux-gnu/crtn.o
                0x000000000002761c                PROVIDE (__etext, .)
                0x000000000002761c                PROVIDE (_etext, .)
                0x000000000002761c                PROVIDE (etext, .)

.rodata         0x0000000000027620      0xc40
 *(.rodata .rodata.* .gnu.linkonce.r.*)
 .rodata        0x0000000000027620      0x456 udp-client.co
                0x0000000000027634                autostart_processes
 *fill*         0x0000000000027a76        0x2 
 .rodata        0x0000000000027a78      0x1e6 obj_cooja/mtype695.o
 *fill*         0x0000000000027c5e        0x2 
 .rodata        0x0000000000027c60        0x8 obj_cooja/mtype695.a(beep.o)
                0x0000000000027c60                beep_interface
 .rodata        0x0000000000027c68       0x20 obj_cooja/mtype695.a(button-sensor.o)
                0x0000000000027c68                button_interface
                0x0000000000027c78                button_sensor
 .rodata        0x0000000000027c88        0x8 obj_cooja/mtype695.a(leds-arch.o)
                0x0000000000027c88                leds_interface
 .rodata        0x0000000000027c90        0x8 obj_cooja/mtype695.a(moteid.o)
                0x0000000000027c90                moteid_interface
 .rodata        0x0000000000027c98       0x1c obj_cooja/mtype695.a(pir-sensor.o)
                0x0000000000027c98                pir_interface
                0x0000000000027ca4                pir_sensor
 .rodata        0x0000000000027cb4        0xe obj_cooja/mtype695.a(rs232.o)
                0x0000000000027cb4                rs232_interface
 *fill*         0x0000000000027cc2        0x2 
 .rodata        0x0000000000027cc4       0x24 obj_cooja/mtype695.a(vib-sensor.o)
                0x0000000000027cc4                vib_interface
                0x0000000000027cd8                vib_sensor
 .rodata        0x0000000000027ce8        0x8 obj_cooja/mtype695.a(clock.o)
                0x0000000000027ce8                clock_interface
 .rodata        0x0000000000027cf0        0x8 obj_cooja/mtype695.a(log.o)
                0x0000000000027cf0                simlog_interface
 .rodata        0x0000000000027cf8       0x2f obj_cooja/mtype695.a(cfs-cooja.o)
                0x0000000000027cf8                cfs_interface
 *fill*         0x0000000000027d27       0x19 
 .rodata        0x0000000000027d40       0x60 obj_cooja/mtype695.a(cooja-radio.o)
                0x0000000000027d60                cooja_radio_driver
                0x0000000000027d98                radio_interface
 .rodata        0x0000000000027da0        0x8 obj_cooja/mtype695.a(eeprom.o)
                0x0000000000027da0                eeprom_interface
 .rodata        0x0000000000027da8        0x8 obj_cooja/mtype695.a(sensors.o)
 .rodata        0x0000000000027db0       0x1c obj_cooja/mtype695.a(dual_conf.o)
 .rodata        0x0000000000027dcc        0xf obj_cooja/mtype695.a(ctimer.o)
 .rodata        0x0000000000027ddb        0xc obj_cooja/mtype695.a(etimer.o)
 *fill*         0x0000000000027de7        0x1 
 .rodata        0x0000000000027de8      0x1fd obj_cooja/mtype695.a(log_message.o)
 *fill*         0x0000000000027fe5        0x3 
 .rodata        0x0000000000027fe8       0x20 obj_cooja/mtype695.a(residual.o)
                0x0000000000027fe8                DISSIPATION_RATE
 .rodata        0x0000000000028008        0xe obj_cooja/mtype695.a(serial-line.o)
 *fill*         0x0000000000028016        0x2 
 .rodata        0x0000000000028018       0x2c obj_cooja/mtype695.a(sicslowpan.o)
                0x0000000000028018                unc_llconf
                0x000000000002801c                unc_ctxconf
                0x0000000000028020                unc_mxconf
                0x0000000000028024                llprefix
                0x0000000000028038                sicslowpan_driver
 .rodata        0x0000000000028044      0x13c obj_cooja/mtype695.a(uip6.o)
 .rodata        0x0000000000028180        0xd obj_cooja/mtype695.a(tcpip.o)
 .rodata        0x000000000002818d       0x3e obj_cooja/mtype695.a(uip-debug.o)
 *fill*         0x00000000000281cb        0x1 
 .rodata        0x00000000000281cc        0x4 obj_cooja/mtype695.a(rpl-dag.o)
 .rodata        0x00000000000281d0       0x24 obj_cooja/mtype695.a(csma.o)
                0x00000000000281d8                csma_driver
 .rodata        0x00000000000281f4        0xc obj_cooja/mtype695.a(framer-802154.o)
                0x00000000000281f4                framer_802154
 .rodata        0x0000000000028200       0x40 obj_cooja/mtype695.a(cxmac.o)
                0x0000000000028220                cxmac_driver
 .rodata        0x0000000000028240        0x8 obj_cooja/mtype695.a(linkaddr.o)
                0x0000000000028240                linkaddr_null
 .rodata        0x0000000000028248       0x18 obj_cooja/mtype695.a(nullsec.o)
                0x0000000000028250                nullsec_driver

.rodata1
 *(.rodata1)

.eh_frame_hdr   0x0000000000028260     0x142c
 *(.eh_frame_hdr)
 .eh_frame_hdr  0x0000000000028260     0x142c udp-client.co

.eh_frame       0x000000000002968c     0x521c
 *(.eh_frame)
 .eh_frame      0x000000000002968c       0x3c /usr/lib/gcc/i686-linux-gnu/4.8/../../../i386-linux-gnu/crti.o
                                         0x40 (size before relaxing)
 .eh_frame      0x00000000000296c8       0xb4 udp-client.co
                                         0xcc (size before relaxing)
 .eh_frame      0x000000000002977c      0x148 obj_cooja/mtype695.o
                                        0x160 (size before relaxing)
 .eh_frame      0x00000000000298c4       0x40 obj_cooja/mtype695.a(simEnvChange.o)
                                         0x58 (size before relaxing)
 .eh_frame      0x0000000000029904       0xc0 obj_cooja/mtype695.a(cooja_mt.o)
                                         0xd8 (size before relaxing)
 .eh_frame      0x00000000000299c4      0x120 obj_cooja/mtype695.a(cooja_mtarch.o)
                                        0x138 (size before relaxing)
 .eh_frame      0x0000000000029ae4       0xc0 obj_cooja/mtype695.a(rtimer-arch.o)
                                         0xd8 (size before relaxing)
 .eh_frame      0x0000000000029ba4      0x160 obj_cooja/mtype695.a(beep.o)
                                        0x178 (size before relaxing)
 .eh_frame      0x0000000000029d04       0xa0 obj_cooja/mtype695.a(button-sensor.o)
                                         0xb8 (size before relaxing)
 .eh_frame      0x0000000000029da4       0xa0 obj_cooja/mtype695.a(leds-arch.o)
                                         0xb8 (size before relaxing)
 .eh_frame      0x0000000000029e44       0x40 obj_cooja/mtype695.a(moteid.o)
                                         0x58 (size before relaxing)
 .eh_frame      0x0000000000029e84       0xa0 obj_cooja/mtype695.a(pir-sensor.o)
                                         0xb8 (size before relaxing)
 .eh_frame      0x0000000000029f24      0x100 obj_cooja/mtype695.a(rs232.o)
                                        0x118 (size before relaxing)
 .eh_frame      0x000000000002a024       0xa0 obj_cooja/mtype695.a(vib-sensor.o)
                                         0xb8 (size before relaxing)
 .eh_frame      0x000000000002a0c4       0xc0 obj_cooja/mtype695.a(clock.o)
                                         0xd8 (size before relaxing)
 .eh_frame      0x000000000002a184      0x120 obj_cooja/mtype695.a(log.o)
                                        0x138 (size before relaxing)
 .eh_frame      0x000000000002a2a4      0x160 obj_cooja/mtype695.a(cfs-cooja.o)
                                        0x178 (size before relaxing)
 .eh_frame      0x000000000002a404      0x2e0 obj_cooja/mtype695.a(cooja-radio.o)
                                        0x2f8 (size before relaxing)
 .eh_frame      0x000000000002a6e4       0xa0 obj_cooja/mtype695.a(eeprom.o)
                                         0xb8 (size before relaxing)
 .eh_frame      0x000000000002a784       0x40 obj_cooja/mtype695.a(random.o)
                                         0x58 (size before relaxing)
 .eh_frame      0x000000000002a7c4       0xc0 obj_cooja/mtype695.a(sensors.o)
                                         0xd8 (size before relaxing)
 .eh_frame      0x000000000002a884      0x100 obj_cooja/mtype695.a(leds.o)
                                        0x118 (size before relaxing)
 .eh_frame      0x000000000002a984      0x160 obj_cooja/mtype695.a(dual_conf.o)
                                        0x178 (size before relaxing)
 .eh_frame      0x000000000002aae4       0x40 obj_cooja/mtype695.a(autostart.o)
                                         0x58 (size before relaxing)
 .eh_frame      0x000000000002ab24      0x100 obj_cooja/mtype695.a(ctimer.o)
                                        0x118 (size before relaxing)
 .eh_frame      0x000000000002ac24      0x1e0 obj_cooja/mtype695.a(etimer.o)
                                        0x1f8 (size before relaxing)
 .eh_frame      0x000000000002ae04       0x50 obj_cooja/mtype695.a(log_message.o)
                                         0x68 (size before relaxing)
 .eh_frame      0x000000000002ae54      0x1c8 obj_cooja/mtype695.a(process.o)
                                        0x1e0 (size before relaxing)
 .eh_frame      0x000000000002b01c       0x2c obj_cooja/mtype695.a(residual.o)
                                         0x44 (size before relaxing)
 .eh_frame      0x000000000002b048       0x60 obj_cooja/mtype695.a(rtimer.o)
                                         0x78 (size before relaxing)
 .eh_frame      0x000000000002b0a8       0xc4 obj_cooja/mtype695.a(stimer.o)
                                         0xdc (size before relaxing)
 .eh_frame      0x000000000002b16c       0xa4 obj_cooja/mtype695.a(timer.o)
                                         0xbc (size before relaxing)
 .eh_frame      0x000000000002b210       0x60 obj_cooja/mtype695.a(serial-line.o)
                                         0x78 (size before relaxing)
 .eh_frame      0x000000000002b270      0x180 obj_cooja/mtype695.a(list.o)
                                        0x198 (size before relaxing)
 .eh_frame      0x000000000002b3f0       0xa0 obj_cooja/mtype695.a(ringbuf.o)
                                         0xb8 (size before relaxing)
 .eh_frame      0x000000000002b490      0x350 obj_cooja/mtype695.a(sicslowpan.o)
                                        0x368 (size before relaxing)
 .eh_frame      0x000000000002b7e0      0x180 obj_cooja/mtype695.a(uip-ds6-nbr.o)
                                        0x198 (size before relaxing)
 .eh_frame      0x000000000002b960      0x2a0 obj_cooja/mtype695.a(uip-ds6-route.o)
                                        0x2b8 (size before relaxing)
 .eh_frame      0x000000000002bc00      0x3c8 obj_cooja/mtype695.a(uip-ds6.o)
                                        0x3e0 (size before relaxing)
 .eh_frame      0x000000000002bfc8      0x27c obj_cooja/mtype695.a(uip6.o)
                                        0x294 (size before relaxing)
 .eh_frame      0x000000000002c244      0x270 obj_cooja/mtype695.a(tcpip.o)
                                        0x288 (size before relaxing)
 .eh_frame      0x000000000002c4b4       0x48 obj_cooja/mtype695.a(uip-debug.o)
                                         0x60 (size before relaxing)
 .eh_frame      0x000000000002c4fc       0xe0 obj_cooja/mtype695.a(uip-packetqueue)
                                         0xf8 (size before relaxing)
 .eh_frame      0x000000000002c5dc       0x40 obj_cooja/mtype695.a(uip-udp-packet.)
                                         0x58 (size before relaxing)
 .eh_frame      0x000000000002c61c      0x76c obj_cooja/mtype695.a(rpl-dag.o)
                                        0x784 (size before relaxing)
 .eh_frame      0x000000000002cd88      0x10c obj_cooja/mtype695.a(rpl-ext-header.)
                                        0x124 (size before relaxing)
 .eh_frame      0x000000000002ce94      0x2b8 obj_cooja/mtype695.a(rpl-icmp6.o)
                                        0x2d0 (size before relaxing)
 .eh_frame      0x000000000002d14c       0xe0 obj_cooja/mtype695.a(rpl-ltmax.o)
                                         0xf8 (size before relaxing)
 .eh_frame      0x000000000002d22c      0x1ec obj_cooja/mtype695.a(rpl-timers.o)
                                        0x204 (size before relaxing)
 .eh_frame      0x000000000002d418      0x148 obj_cooja/mtype695.a(rpl.o)
                                        0x160 (size before relaxing)
 .eh_frame      0x000000000002d560      0x28c obj_cooja/mtype695.a(csma.o)
                                        0x2a4 (size before relaxing)
 .eh_frame      0x000000000002d7ec      0x108 obj_cooja/mtype695.a(framer-802154.o)
                                        0x120 (size before relaxing)
 .eh_frame      0x000000000002d8f4       0x20 obj_cooja/mtype695.a(mac.o)
                                         0x38 (size before relaxing)
 .eh_frame      0x000000000002d914      0x2bc obj_cooja/mtype695.a(cxmac.o)
                                        0x2d4 (size before relaxing)
 .eh_frame      0x000000000002dbd0       0x80 obj_cooja/mtype695.a(linkaddr.o)
                                         0x98 (size before relaxing)
 .eh_frame      0x000000000002dc50      0x2cc obj_cooja/mtype695.a(nbr-table.o)
                                        0x2e4 (size before relaxing)
 .eh_frame      0x000000000002df1c       0x20 obj_cooja/mtype695.a(netstack.o)
                                         0x38 (size before relaxing)
 .eh_frame      0x000000000002df3c      0x214 obj_cooja/mtype695.a(packetbuf.o)
                                        0x22c (size before relaxing)
 .eh_frame      0x000000000002e150      0x1a0 obj_cooja/mtype695.a(queuebuf.o)
                                        0x1b8 (size before relaxing)
 .eh_frame      0x000000000002e2f0       0x80 obj_cooja/mtype695.a(nullsec.o)
                                         0x98 (size before relaxing)
 .eh_frame      0x000000000002e370       0xa0 obj_cooja/mtype695.a(watchdog.o)
                                         0xb8 (size before relaxing)
 .eh_frame      0x000000000002e410       0xa0 obj_cooja/mtype695.a(memb.o)
                                         0xb8 (size before relaxing)
 .eh_frame      0x000000000002e4b0      0x168 obj_cooja/mtype695.a(uip-icmp6.o)
                                        0x180 (size before relaxing)
 .eh_frame      0x000000000002e618       0x68 obj_cooja/mtype695.a(uip-nd6.o)
                                         0x80 (size before relaxing)
 .eh_frame      0x000000000002e680       0xc0 obj_cooja/mtype695.a(rpl-nbr-policy.)
                                         0xd8 (size before relaxing)
 .eh_frame      0x000000000002e740      0x164 obj_cooja/mtype695.a(frame802154.o)
                                        0x17c (size before relaxing)
 .eh_frame      0x000000000002e8a4        0x4 /usr/lib/gcc/i686-linux-gnu/4.8/crtendS.o

.gcc_except_table
 *(.gcc_except_table .gcc_except_table.*)

.exception_ranges
 *(.exception_ranges .exception_ranges*)
                0x000000000002e8a8                . = (ALIGN (0x1000) - ((0x1000 - .) & 0xfff))
                0x000000000002fef8                . = DATA_SEGMENT_ALIGN (0x1000, 0x1000)

.eh_frame
 *(.eh_frame)

.gcc_except_table
 *(.gcc_except_table .gcc_except_table.*)

.exception_ranges
 *(.exception_ranges .exception_ranges*)

.tdata
 *(.tdata .tdata.* .gnu.linkonce.td.*)

.tbss
 *(.tbss .tbss.* .gnu.linkonce.tb.*)
 *(.tcommon)

.preinit_array
 *(.preinit_array)

.init_array     0x000000000002fef8        0x4
 *(SORT(.init_array.*) SORT(.ctors.*))
 *(.init_array EXCLUDE_FILE(*crtend?.o *crtend.o *crtbegin?.o *crtbegin.o) .ctors)
 .init_array    0x000000000002fef8        0x4 /usr/lib/gcc/i686-linux-gnu/4.8/crtbeginS.o

.fini_array     0x000000000002fefc        0x4
 *(SORT(.fini_array.*) SORT(.dtors.*))
 *(.fini_array EXCLUDE_FILE(*crtend?.o *crtend.o *crtbegin?.o *crtbegin.o) .dtors)
 .fini_array    0x000000000002fefc        0x4 /usr/lib/gcc/i686-linux-gnu/4.8/crtbeginS.o

.ctors
 *crtbegin.o(.ctors)
 *crtbegin?.o(.ctors)
 *(EXCLUDE_FILE(*crtend?.o *crtend.o) .ctors)
 *(SORT(.ctors.*))
 *(.ctors)

.dtors
 *crtbegin.o(.dtors)
 *crtbegin?.o(.dtors)
 *(EXCLUDE_FILE(*crtend?.o *crtend.o) .dtors)
 *(SORT(.dtors.*))
 *(.dtors)

.jcr            0x000000000002ff00        0x4
 *(.jcr)
 .jcr           0x000000000002ff00        0x0 /usr/lib/gcc/i686-linux-gnu/4.8/crtbeginS.o
 .jcr           0x000000000002ff00        0x4 /usr/lib/gcc/i686-linux-gnu/4.8/crtendS.o

.data.rel.ro
 *(.data.rel.ro.local* .gnu.linkonce.d.rel.ro.local.*)
 *(.data.rel.ro .data.rel.ro.* .gnu.linkonce.d.rel.ro.*)

.dynamic        0x000000000002ff04       0xe8
 *(.dynamic)
 .dynamic       0x000000000002ff04       0xe8 /usr/lib/gcc/i686-linux-gnu/4.8/../../../i386-linux-gnu/crti.o
                0x000000000002ff04                _DYNAMIC

.got            0x000000000002ffec       0x14
 *(.got)
 .got           0x000000000002ffec       0x14 /usr/lib/gcc/i686-linux-gnu/4.8/../../../i386-linux-gnu/crti.o
 *(.igot)
                0x0000000000030ff4                . = DATA_SEGMENT_RELRO_END (., (SIZEOF (.got.plt) >= 0xc)?0xc:0x0)

.got.plt        0x0000000000030000       0x14
 *(.got.plt)
 .got.plt       0x0000000000030000       0x14 /usr/lib/gcc/i686-linux-gnu/4.8/../../../i386-linux-gnu/crti.o
                0x0000000000030000                _GLOBAL_OFFSET_TABLE_
 *(.igot.plt)

.data           0x0000000000030020      0x2a2
 *(.data .data.* .gnu.linkonce.d.*)
 .data          0x0000000000030020        0x0 /usr/lib/gcc/i686-linux-gnu/4.8/../../../i386-linux-gnu/crti.o
 .data          0x0000000000030020        0x0 /usr/lib/gcc/i686-linux-gnu/4.8/crtbeginS.o
 .data.rel      0x0000000000030020        0x4 /usr/lib/gcc/i686-linux-gnu/4.8/crtbeginS.o
                0x0000000000030020                __dso_handle
 .data          0x0000000000030024       0x14 udp-client.co
                0x0000000000030028                udp_client_process
 *fill*         0x0000000000030038        0x8 
 .data          0x0000000000030040       0x44 obj_cooja/mtype695.o
                0x0000000000030040                simInterfaces
                0x0000000000030074                sensors
 .data          0x0000000000030084        0x0 obj_cooja/mtype695.a(simEnvChange.o)
 .data          0x0000000000030084        0x0 obj_cooja/mtype695.a(cooja_mt.o)
 .data          0x0000000000030084        0x0 obj_cooja/mtype695.a(cooja_mtarch.o)
 .data          0x0000000000030084        0x0 obj_cooja/mtype695.a(rtimer-arch.o)
 .data          0x0000000000030084        0x0 obj_cooja/mtype695.a(beep.o)
 .data          0x0000000000030084        0x0 obj_cooja/mtype695.a(button-sensor.o)
 .data          0x0000000000030084        0x0 obj_cooja/mtype695.a(leds-arch.o)
 .data          0x0000000000030084        0x0 obj_cooja/mtype695.a(moteid.o)
 .data          0x0000000000030084        0x0 obj_cooja/mtype695.a(pir-sensor.o)
 .data          0x0000000000030084        0x0 obj_cooja/mtype695.a(rs232.o)
 .data          0x0000000000030084        0x0 obj_cooja/mtype695.a(vib-sensor.o)
 .data          0x0000000000030084        0x0 obj_cooja/mtype695.a(clock.o)
 .data          0x0000000000030084        0x0 obj_cooja/mtype695.a(log.o)
 .data          0x0000000000030084        0x0 obj_cooja/mtype695.a(cfs-cooja.o)
 .data          0x0000000000030084       0x40 obj_cooja/mtype695.a(cooja-radio.o)
                0x0000000000030084                simRadioChannelLR
                0x0000000000030088                simRadioHWOnLR
                0x000000000003008c                simSignalStrengthLR
                0x0000000000030090                simLastSignalStrengthLR
                0x0000000000030094                simPowerLR
                0x0000000000030098                simLQILR
                0x000000000003009c                simRadioChannel
                0x00000000000300a0                simRadioHWOn
                0x00000000000300a4                simSignalStrength
                0x00000000000300a8                simLastSignalStrength
                0x00000000000300ac                simPower
                0x00000000000300b0                simLQI
                0x00000000000300b4                cooja_radio_process
 .data          0x00000000000300c4        0x0 obj_cooja/mtype695.a(eeprom.o)
 .data          0x00000000000300c4        0x0 obj_cooja/mtype695.a(random.o)
 .data          0x00000000000300c4       0x10 obj_cooja/mtype695.a(sensors.o)
                0x00000000000300c4                sensors_process
 .data          0x00000000000300d4        0x0 obj_cooja/mtype695.a(leds.o)
 .data          0x00000000000300d4       0x28 obj_cooja/mtype695.a(dual_conf.o)
                0x00000000000300d4                radio_received
                0x00000000000300d8                dual_dio_broadcast
                0x00000000000300e8                dual_dis_broadcast
 .data          0x00000000000300fc        0x0 obj_cooja/mtype695.a(autostart.o)
 .data          0x00000000000300fc       0x14 obj_cooja/mtype695.a(ctimer.o)
                0x0000000000030100                ctimer_process
 .data          0x0000000000030110       0x10 obj_cooja/mtype695.a(etimer.o)
                0x0000000000030110                etimer_process
 .data          0x0000000000030120        0x0 obj_cooja/mtype695.a(log_message.o)
 .data          0x0000000000030120        0x0 obj_cooja/mtype695.a(process.o)
 .data          0x0000000000030120        0x0 obj_cooja/mtype695.a(residual.o)
 .data          0x0000000000030120        0x0 obj_cooja/mtype695.a(rtimer.o)
 .data          0x0000000000030120        0x0 obj_cooja/mtype695.a(stimer.o)
 .data          0x0000000000030120        0x0 obj_cooja/mtype695.a(timer.o)
 .data          0x0000000000030120       0x10 obj_cooja/mtype695.a(serial-line.o)
                0x0000000000030120                serial_line_process
 .data          0x0000000000030130        0x0 obj_cooja/mtype695.a(list.o)
 .data          0x0000000000030130        0x0 obj_cooja/mtype695.a(ringbuf.o)
 .data          0x0000000000030130        0x0 obj_cooja/mtype695.a(sicslowpan.o)
 .data          0x0000000000030130       0x14 obj_cooja/mtype695.a(uip-ds6-nbr.o)
                0x0000000000030140                ds6_neighbors
 .data          0x0000000000030144       0x44 obj_cooja/mtype695.a(uip-ds6-route.o)
                0x0000000000030154                nbr_routes
 .data          0x0000000000030188        0x0 obj_cooja/mtype695.a(uip-ds6.o)
 .data          0x0000000000030188        0x0 obj_cooja/mtype695.a(uip6.o)
 .data          0x0000000000030188       0x10 obj_cooja/mtype695.a(tcpip.o)
                0x0000000000030188                tcpip_process
 .data          0x0000000000030198        0x0 obj_cooja/mtype695.a(uip-debug.o)
 .data          0x0000000000030198        0xc obj_cooja/mtype695.a(uip-packetqueue)
 .data          0x00000000000301a4        0x0 obj_cooja/mtype695.a(uip-udp-packet.)
 .data          0x00000000000301a4       0x28 obj_cooja/mtype695.a(rpl-dag.o)
                0x00000000000301b4                rpl_parents
                0x00000000000301c8                rpl_children
 .data          0x00000000000301cc        0x0 obj_cooja/mtype695.a(rpl-ext-header.)
 .data          0x00000000000301cc       0x34 obj_cooja/mtype695.a(rpl-icmp6.o)
 .data          0x0000000000030200       0x1c obj_cooja/mtype695.a(rpl-ltmax.o)
                0x0000000000030200                rpl_ltmax_of
 .data          0x000000000003021c        0x0 obj_cooja/mtype695.a(rpl-timers.o)
 .data          0x000000000003021c        0x0 obj_cooja/mtype695.a(rpl.o)
 .data          0x000000000003021c       0x28 obj_cooja/mtype695.a(csma.o)
 .data          0x0000000000030244        0x0 obj_cooja/mtype695.a(framer-802154.o)
 .data          0x0000000000030244        0x0 obj_cooja/mtype695.a(mac.o)
 .data          0x0000000000030244       0x30 obj_cooja/mtype695.a(cxmac.o)
                0x0000000000030244                cxmac_config
                0x0000000000030254                strobe_wait
 .data          0x0000000000030274        0x0 obj_cooja/mtype695.a(linkaddr.o)
 .data          0x0000000000030274       0x10 obj_cooja/mtype695.a(nbr-table.o)
 .data          0x0000000000030284        0x0 obj_cooja/mtype695.a(netstack.o)
 .data          0x0000000000030284        0x4 obj_cooja/mtype695.a(packetbuf.o)
 .data          0x0000000000030288       0x18 obj_cooja/mtype695.a(queuebuf.o)
 .data          0x00000000000302a0        0x0 obj_cooja/mtype695.a(nullsec.o)
 .data          0x00000000000302a0        0x0 obj_cooja/mtype695.a(watchdog.o)
 .data          0x00000000000302a0        0x0 obj_cooja/mtype695.a(rimestats.o)
 .data          0x00000000000302a0        0x0 obj_cooja/mtype695.a(memb.o)
 .data          0x00000000000302a0       0x20 obj_cooja/mtype695.a(uip-icmp6.o)
 .data          0x00000000000302c0        0x0 obj_cooja/mtype695.a(uip-nd6.o)
 .data          0x00000000000302c0        0x0 obj_cooja/mtype695.a(rpl-nbr-policy.)
 .data          0x00000000000302c0        0x2 obj_cooja/mtype695.a(frame802154.o)
 .data          0x00000000000302c2        0x0 /usr/lib/gcc/i686-linux-gnu/4.8/crtendS.o
 .data          0x00000000000302c2        0x0 /usr/lib/gcc/i686-linux-gnu/4.8/../../../i386-linux-gnu/crtn.o

.tm_clone_table
                0x00000000000302c4        0x0
 .tm_clone_table
                0x00000000000302c4        0x0 /usr/lib/gcc/i686-linux-gnu/4.8/crtbeginS.o
 .tm_clone_table
                0x00000000000302c4        0x0 /usr/lib/gcc/i686-linux-gnu/4.8/crtendS.o

.data1
 *(.data1)
                0x00000000000302c4                _edata = .
                0x00000000000302c4                PROVIDE (edata, .)
                0x00000000000302c4                . = .
                0x00000000000302c4                __bss_start = .

.bss            0x00000000000302e0     0x8628
 *(.dynbss)
 .dynbss        0x0000000000000000        0x0 /usr/lib/gcc/i686-linux-gnu/4.8/../../../i386-linux-gnu/crti.o
 *(.bss .bss.* .gnu.linkonce.b.*)
 .bss           0x00000000000302e0        0x0 /usr/lib/gcc/i686-linux-gnu/4.8/../../../i386-linux-gnu/crti.o
 .bss           0x00000000000302e0        0x1 /usr/lib/gcc/i686-linux-gnu/4.8/crtbeginS.o
 *fill*         0x00000000000302e1       0x1f 
 .bss           0x0000000000030300       0x60 udp-client.co
                0x0000000000030300                my_weight
 .bss           0x0000000000030360     0x2030 obj_cooja/mtype695.o
 .bss           0x0000000000032390        0x1 obj_cooja/mtype695.a(simEnvChange.o)
                0x0000000000032390                simDontFallAsleep
 *fill*         0x0000000000032391        0x3 
 .bss           0x0000000000032394        0x4 obj_cooja/mtype695.a(cooja_mt.o)
 .bss           0x0000000000032398        0x4 obj_cooja/mtype695.a(cooja_mtarch.o)
 .bss           0x000000000003239c        0xc obj_cooja/mtype695.a(rtimer-arch.o)
 .bss           0x00000000000323a8        0x0 obj_cooja/mtype695.a(beep.o)
 .bss           0x00000000000323a8        0x8 obj_cooja/mtype695.a(button-sensor.o)
 .bss           0x00000000000323b0        0x0 obj_cooja/mtype695.a(leds-arch.o)
 .bss           0x00000000000323b0        0x0 obj_cooja/mtype695.a(moteid.o)
 .bss           0x00000000000323b0        0x1 obj_cooja/mtype695.a(pir-sensor.o)
                0x00000000000323b0                simPirValue
 *fill*         0x00000000000323b1        0x3 
 .bss           0x00000000000323b4        0x4 obj_cooja/mtype695.a(rs232.o)
 .bss           0x00000000000323b8        0x1 obj_cooja/mtype695.a(vib-sensor.o)
                0x00000000000323b8                simVibValue
 .bss           0x00000000000323b9        0x0 obj_cooja/mtype695.a(clock.o)
 *fill*         0x00000000000323b9        0x7 
 .bss           0x00000000000323c0      0x420 obj_cooja/mtype695.a(log.o)
 .bss           0x00000000000327e0      0xfc0 obj_cooja/mtype695.a(cfs-cooja.o)
                0x00000000000327e0                simCFSData
                0x0000000000033780                simCFSSize
                0x0000000000033784                simCFSChanged
                0x0000000000033788                simCFSRead
                0x000000000003378c                simCFSWritten
 .bss           0x00000000000337a0       0x24 obj_cooja/mtype695.a(cooja-radio.o)
                0x00000000000337a0                simReceivingLR
                0x00000000000337a4                simInSizeLR
                0x00000000000337a8                simOutSizeLR
                0x00000000000337ac                simReceiving
                0x00000000000337b0                simInSize
                0x00000000000337b4                simOutSize
                0x00000000000337b8                LongRangeTransmit
                0x00000000000337bc                LongRangeReceiving
 .bss           0x00000000000337c4        0xc obj_cooja/mtype695.a(eeprom.o)
                0x00000000000337c4                simEEPROMChanged
                0x00000000000337c8                simEEPROMRead
                0x00000000000337cc                simEEPROMWritten
 .bss           0x00000000000337d0        0x0 obj_cooja/mtype695.a(random.o)
 .bss           0x00000000000337d0        0xc obj_cooja/mtype695.a(sensors.o)
 .bss           0x00000000000337dc        0x1 obj_cooja/mtype695.a(leds.o)
 *fill*         0x00000000000337dd        0x3 
 .bss           0x00000000000337e0       0x2c obj_cooja/mtype695.a(dual_conf.o)
                0x00000000000337e0                long_range_radio
 .bss           0x000000000003380c        0x0 obj_cooja/mtype695.a(autostart.o)
 .bss           0x000000000003380c        0x5 obj_cooja/mtype695.a(ctimer.o)
 *fill*         0x0000000000033811        0x3 
 .bss           0x0000000000033814        0x8 obj_cooja/mtype695.a(etimer.o)
 .bss           0x000000000003381c        0x0 obj_cooja/mtype695.a(log_message.o)
 *fill*         0x000000000003381c        0x4 
 .bss           0x0000000000033820      0x1b1 obj_cooja/mtype695.a(process.o)
                0x0000000000033820                process_list
                0x0000000000033824                process_current
 .bss           0x00000000000339d1        0x0 obj_cooja/mtype695.a(residual.o)
 *fill*         0x00000000000339d1        0x3 
 .bss           0x00000000000339d4        0x4 obj_cooja/mtype695.a(rtimer.o)
 .bss           0x00000000000339d8        0x0 obj_cooja/mtype695.a(stimer.o)
 .bss           0x00000000000339d8        0x0 obj_cooja/mtype695.a(timer.o)
 *fill*         0x00000000000339d8        0x8 
 .bss           0x00000000000339e0      0x140 obj_cooja/mtype695.a(serial-line.o)
 .bss           0x0000000000033b20        0x0 obj_cooja/mtype695.a(list.o)
 .bss           0x0000000000033b20        0x0 obj_cooja/mtype695.a(ringbuf.o)
 .bss           0x0000000000033b20      0x70c obj_cooja/mtype695.a(sicslowpan.o)
 *fill*         0x000000000003422c       0x14 
 .bss           0x0000000000034240       0xc0 obj_cooja/mtype695.a(uip-ds6-nbr.o)
 .bss           0x0000000000034300      0x4a8 obj_cooja/mtype695.a(uip-ds6-route.o)
 .bss           0x00000000000347a8       0x30 obj_cooja/mtype695.a(uip-ds6.o)
 .bss           0x00000000000347d8        0xe obj_cooja/mtype695.a(uip6.o)
                0x00000000000347d8                uip_ext_bitmap
                0x00000000000347d9                uip_ext_len
                0x00000000000347da                uip_ext_opt_offset
 *fill*         0x00000000000347e6       0x1a 
 .bss           0x0000000000034800       0x68 obj_cooja/mtype695.a(tcpip.o)
 .bss           0x0000000000034868        0x0 obj_cooja/mtype695.a(uip-debug.o)
 *fill*         0x0000000000034868       0x18 
 .bss           0x0000000000034880      0xcf8 obj_cooja/mtype695.a(uip-packetqueue)
 .bss           0x0000000000035578        0x0 obj_cooja/mtype695.a(uip-udp-packet.)
 *fill*         0x0000000000035578        0x8 
 .bss           0x0000000000035580       0x88 obj_cooja/mtype695.a(rpl-dag.o)
 .bss           0x0000000000035608        0x0 obj_cooja/mtype695.a(rpl-ext-header.)
 .bss           0x0000000000035608        0x0 obj_cooja/mtype695.a(rpl-icmp6.o)
 .bss           0x0000000000035608        0x0 obj_cooja/mtype695.a(rpl-ltmax.o)
 *fill*         0x0000000000035608       0x18 
 .bss           0x0000000000035620       0x60 obj_cooja/mtype695.a(rpl-timers.o)
 .bss           0x0000000000035680        0x4 obj_cooja/mtype695.a(rpl.o)
 *fill*         0x0000000000035684       0x1c 
 .bss           0x00000000000356a0      0x288 obj_cooja/mtype695.a(csma.o)
 .bss           0x0000000000035928        0x2 obj_cooja/mtype695.a(framer-802154.o)
 .bss           0x000000000003592a        0x0 obj_cooja/mtype695.a(mac.o)
 *fill*         0x000000000003592a       0x16 
 .bss           0x0000000000035940       0xb1 obj_cooja/mtype695.a(cxmac.o)
 .bss           0x00000000000359f1        0x0 obj_cooja/mtype695.a(linkaddr.o)
 *fill*         0x00000000000359f1        0xf 
 .bss           0x0000000000035a00       0xc4 obj_cooja/mtype695.a(nbr-table.o)
 .bss           0x0000000000035ac4        0x0 obj_cooja/mtype695.a(netstack.o)
 *fill*         0x0000000000035ac4       0x1c 
 .bss           0x0000000000035ae0       0xa0 obj_cooja/mtype695.a(packetbuf.o)
 .bss           0x0000000000035b80      0xb80 obj_cooja/mtype695.a(queuebuf.o)
 .bss           0x0000000000036700        0x0 obj_cooja/mtype695.a(nullsec.o)
 .bss           0x0000000000036700        0x0 obj_cooja/mtype695.a(watchdog.o)
 .bss           0x0000000000036700        0x0 obj_cooja/mtype695.a(rimestats.o)
 .bss           0x0000000000036700        0x0 obj_cooja/mtype695.a(memb.o)
 .bss           0x0000000000036700       0x18 obj_cooja/mtype695.a(uip-icmp6.o)
 .bss           0x0000000000036718        0x0 obj_cooja/mtype695.a(uip-nd6.o)
 *fill*         0x0000000000036718        0x8 
 .bss           0x0000000000036720       0x44 obj_cooja/mtype695.a(rpl-nbr-policy.)
 .bss           0x0000000000036764        0x0 obj_cooja/mtype695.a(frame802154.o)
 .bss           0x0000000000036764        0x0 /usr/lib/gcc/i686-linux-gnu/4.8/crtendS.o
 .bss           0x0000000000036764        0x0 /usr/lib/gcc/i686-linux-gnu/4.8/../../../i386-linux-gnu/crtn.o
 *(COMMON)
 COMMON         0x0000000000036764       0x7d udp-client.co
                0x0000000000036764                dio_count
                0x0000000000036768                dis_count
                0x000000000003676c                csma_drop_count
                0x0000000000036770                tcp_output_count
                0x0000000000036774                csma_transmission_count
                0x0000000000036778                dao_ack_fwd_count
                0x000000000003677c                COOJA_radioRxLong
                0x0000000000036780                cxmac_collision_count
                0x0000000000036784                cxmac_retransmission_count
                0x0000000000036788                LSA_message_input
                0x000000000003678c                control_message_count
                0x0000000000036790                dao_count
                0x0000000000036794                icmp_count
                0x0000000000036798                COOJA_radioTx
                0x000000000003679c                LSA_SR_preamble
                0x00000000000367a0                cxmac_transmission_count
                0x00000000000367a4                dao_ack_count
                0x00000000000367a8                LSA_lr_child
                0x00000000000367ac                data_message_count
                0x00000000000367b0                simple_convergence
                0x00000000000367b1                LSA_converge
                0x00000000000367b2                my_sink_reachability
                0x00000000000367b4                COOJA_radioTxLong
                0x00000000000367b8                COOJA_radioRx
                0x00000000000367bc                my_parent_number
                0x00000000000367c0                COOJA_radioOn
                0x00000000000367c4                LSA_broadcast_count
                0x00000000000367c8                LSA_count
                0x00000000000367cc                dao_fwd_count
                0x00000000000367d0                COOJA_duration
                0x00000000000367d4                dio_ack_count
                0x00000000000367d8                COOJA_radioOnLong
                0x00000000000367dc                data_fwd_count
                0x00000000000367e0                LSA_message_flag
 *fill*         0x00000000000367e1        0x3 
 COMMON         0x00000000000367e4        0xc obj_cooja/mtype695.o
                0x00000000000367e4                referenceVar
                0x00000000000367e8                debugfp
                0x00000000000367ec                sensors_flags
 COMMON         0x00000000000367f0        0xc obj_cooja/mtype695.a(simEnvChange.o)
                0x00000000000367f0                simEtimerPending
                0x00000000000367f4                simProcessRunValue
                0x00000000000367f8                simNextExpirationTime
 COMMON         0x00000000000367fc        0x1 obj_cooja/mtype695.a(beep.o)
                0x00000000000367fc                simBeeped
 COMMON         0x00000000000367fd        0x3 obj_cooja/mtype695.a(button-sensor.o)
                0x00000000000367fd                simButtonIsActive
                0x00000000000367fe                simButtonIsDown
                0x00000000000367ff                simButtonChanged
 COMMON         0x0000000000036800        0x1 obj_cooja/mtype695.a(leds-arch.o)
                0x0000000000036800                simLedsValue
 *fill*         0x0000000000036801        0x3 
 COMMON         0x0000000000036804        0xc obj_cooja/mtype695.a(moteid.o)
                0x0000000000036804                simRandomSeed
                0x0000000000036808                simMoteIDChanged
                0x000000000003680c                simMoteID
 COMMON         0x0000000000036810        0x2 obj_cooja/mtype695.a(pir-sensor.o)
                0x0000000000036810                simPirIsActive
                0x0000000000036811                simPirChanged
 *fill*         0x0000000000036812        0xe 
 COMMON         0x0000000000036820      0x820 obj_cooja/mtype695.a(rs232.o)
                0x0000000000036820                simSerialReceivingFlag
                0x0000000000036824                simSerialReceivingLength
                0x0000000000036840                simSerialReceivingData
 COMMON         0x0000000000037040        0x2 obj_cooja/mtype695.a(vib-sensor.o)
                0x0000000000037040                simVibChanged
                0x0000000000037041                simVibIsActive
 *fill*         0x0000000000037042        0x2 
 COMMON         0x0000000000037044        0x4 obj_cooja/mtype695.a(clock.o)
                0x0000000000037044                simCurrentTime
 *fill*         0x0000000000037048       0x18 
 COMMON         0x0000000000037060      0x420 obj_cooja/mtype695.a(log.o)
                0x0000000000037060                simLoggedLength
                0x0000000000037064                simLoggedFlag
                0x0000000000037080                simLoggedData
 COMMON         0x0000000000037480      0x260 obj_cooja/mtype695.a(cooja-radio.o)
                0x0000000000037480                simOutDataBuffer
                0x0000000000037500                simRadioTarget
                0x0000000000037520                simInDataBufferLR
                0x00000000000375a0                packet_forwarding
                0x00000000000375c0                simOutDataBufferLR
                0x0000000000037640                dual_duty_cycle_count
                0x0000000000037660                simInDataBuffer
 COMMON         0x00000000000376e0      0x400 obj_cooja/mtype695.a(eeprom.o)
                0x00000000000376e0                simEEPROMData
 COMMON         0x0000000000037ae0        0x1 obj_cooja/mtype695.a(sensors.o)
                0x0000000000037ae0                sensors_event
 *fill*         0x0000000000037ae1        0x3 
 COMMON         0x0000000000037ae4        0x4 obj_cooja/mtype695.a(log_message.o)
                0x0000000000037ae4                log_fp
 COMMON         0x0000000000037ae8        0x1 obj_cooja/mtype695.a(serial-line.o)
                0x0000000000037ae8                serial_line_event_message
 *fill*         0x0000000000037ae9       0x17 
 COMMON         0x0000000000037b00       0x50 obj_cooja/mtype695.a(uip-ds6-nbr.o)
                0x0000000000037b00                ds6_lr_addrmap
 *fill*         0x0000000000037b50       0x10 
 COMMON         0x0000000000037b60      0x298 obj_cooja/mtype695.a(uip-ds6.o)
                0x0000000000037b60                uip_ds6_prefix_list
                0x0000000000037bc0                uip_ds6_timer_periodic
                0x0000000000037bd0                uip_ds6_netif_addr_list_offset
                0x0000000000037be0                uip_ds6_if
                0x0000000000037cd8                uip_ds6_timer_ra
                0x0000000000037ce0                uip_ds6_addr_size
                0x0000000000037d00                long_uip_ds6_if
 *fill*         0x0000000000037df8        0x8 
 COMMON         0x0000000000037e00      0x8ec obj_cooja/mtype695.a(uip6.o)
                0x0000000000037e00                uip_slen
                0x0000000000037e02                uip_acc32
                0x0000000000037e20                uip_conns
                0x0000000000037ee0                uip_lladdr
                0x0000000000037ee8                uip_appdata
                0x0000000000037eec                uip_flags
                0x0000000000037f00                uip_aligned_buf
                0x0000000000038540                uip_listenports
                0x0000000000038550                uip_len
                0x0000000000038552                uip_long_lladdr
                0x000000000003855c                uip_sappdata
                0x0000000000038560                uip_udp_conns
                0x00000000000386e0                uip_udp_conn
                0x00000000000386e4                uip_next_hdr
                0x00000000000386e8                uip_conn
 COMMON         0x00000000000386ec        0x1 obj_cooja/mtype695.a(tcpip.o)
                0x00000000000386ec                tcpip_event
 *fill*         0x00000000000386ed       0x13 
 COMMON         0x0000000000038700      0x178 obj_cooja/mtype695.a(rpl-dag.o)
                0x0000000000038700                default_instance
                0x0000000000038720                instance_table
 COMMON         0x0000000000038878       0x10 obj_cooja/mtype695.a(linkaddr.o)
                0x0000000000038878                linkaddr_node_addr
                0x0000000000038880                long_linkaddr_node_addr
 COMMON         0x0000000000038888       0x2e obj_cooja/mtype695.a(packetbuf.o)
                0x0000000000038888                packetbuf_attrs
                0x00000000000388a6                packetbuf_addrs
 *fill*         0x00000000000388b6        0xa 
 COMMON         0x00000000000388c0       0x48 obj_cooja/mtype695.a(rimestats.o)
                0x00000000000388c0                rimestats
                0x0000000000038908                . = ALIGN ((. != 0x0)?0x4:0x1)
                0x0000000000038908                . = ALIGN (0x4)
                0x0000000000038908                . = SEGMENT_START ("ldata-segment", .)
                0x0000000000038908                . = ALIGN (0x4)
                0x0000000000038908                _end = .
                0x0000000000038908                PROVIDE (end, .)
                0x0000000000038908                . = DATA_SEGMENT_END (.)

.stab
 *(.stab)

.stabstr
 *(.stabstr)

.stab.excl
 *(.stab.excl)

.stab.exclstr
 *(.stab.exclstr)

.stab.index
 *(.stab.index)

.stab.indexstr
 *(.stab.indexstr)

.comment        0x0000000000000000       0x29
 *(.comment)
 .comment       0x0000000000000000       0x29 /usr/lib/gcc/i686-linux-gnu/4.8/crtbeginS.o
                                         0x2a (size before relaxing)
 .comment       0x0000000000000000       0x2a udp-client.co
 .comment       0x0000000000000000       0x2a obj_cooja/mtype695.o
 .comment       0x0000000000000000       0x2a obj_cooja/mtype695.a(simEnvChange.o)
 .comment       0x0000000000000000       0x2a obj_cooja/mtype695.a(cooja_mt.o)
 .comment       0x0000000000000000       0x2a obj_cooja/mtype695.a(cooja_mtarch.o)
 .comment       0x0000000000000000       0x2a obj_cooja/mtype695.a(rtimer-arch.o)
 .comment       0x0000000000000000       0x2a obj_cooja/mtype695.a(beep.o)
 .comment       0x0000000000000000       0x2a obj_cooja/mtype695.a(button-sensor.o)
 .comment       0x0000000000000000       0x2a obj_cooja/mtype695.a(leds-arch.o)
 .comment       0x0000000000000000       0x2a obj_cooja/mtype695.a(moteid.o)
 .comment       0x0000000000000000       0x2a obj_cooja/mtype695.a(pir-sensor.o)
 .comment       0x0000000000000000       0x2a obj_cooja/mtype695.a(rs232.o)
 .comment       0x0000000000000000       0x2a obj_cooja/mtype695.a(vib-sensor.o)
 .comment       0x0000000000000000       0x2a obj_cooja/mtype695.a(clock.o)
 .comment       0x0000000000000000       0x2a obj_cooja/mtype695.a(log.o)
 .comment       0x0000000000000000       0x2a obj_cooja/mtype695.a(cfs-cooja.o)
 .comment       0x0000000000000000       0x2a obj_cooja/mtype695.a(cooja-radio.o)
 .comment       0x0000000000000000       0x2a obj_cooja/mtype695.a(eeprom.o)
 .comment       0x0000000000000000       0x2a obj_cooja/mtype695.a(random.o)
 .comment       0x0000000000000000       0x2a obj_cooja/mtype695.a(sensors.o)
 .comment       0x0000000000000000       0x2a obj_cooja/mtype695.a(leds.o)
 .comment       0x0000000000000000       0x2a obj_cooja/mtype695.a(dual_conf.o)
 .comment       0x0000000000000000       0x2a obj_cooja/mtype695.a(autostart.o)
 .comment       0x0000000000000000       0x2a obj_cooja/mtype695.a(ctimer.o)
 .comment       0x0000000000000000       0x2a obj_cooja/mtype695.a(etimer.o)
 .comment       0x0000000000000000       0x2a obj_cooja/mtype695.a(log_message.o)
 .comment       0x0000000000000000       0x2a obj_cooja/mtype695.a(process.o)
 .comment       0x0000000000000000       0x2a obj_cooja/mtype695.a(residual.o)
 .comment       0x0000000000000000       0x2a obj_cooja/mtype695.a(rtimer.o)
 .comment       0x0000000000000000       0x2a obj_cooja/mtype695.a(stimer.o)
 .comment       0x0000000000000000       0x2a obj_cooja/mtype695.a(timer.o)
 .comment       0x0000000000000000       0x2a obj_cooja/mtype695.a(serial-line.o)
 .comment       0x0000000000000000       0x2a obj_cooja/mtype695.a(list.o)
 .comment       0x0000000000000000       0x2a obj_cooja/mtype695.a(ringbuf.o)
 .comment       0x0000000000000000       0x2a obj_cooja/mtype695.a(sicslowpan.o)
 .comment       0x0000000000000000       0x2a obj_cooja/mtype695.a(uip-ds6-nbr.o)
 .comment       0x0000000000000000       0x2a obj_cooja/mtype695.a(uip-ds6-route.o)
 .comment       0x0000000000000000       0x2a obj_cooja/mtype695.a(uip-ds6.o)
 .comment       0x0000000000000000       0x2a obj_cooja/mtype695.a(uip6.o)
 .comment       0x0000000000000000       0x2a obj_cooja/mtype695.a(tcpip.o)
 .comment       0x0000000000000000       0x2a obj_cooja/mtype695.a(uip-debug.o)
 .comment       0x0000000000000000       0x2a obj_cooja/mtype695.a(uip-packetqueue)
 .comment       0x0000000000000000       0x2a obj_cooja/mtype695.a(uip-udp-packet.)
 .comment       0x0000000000000000       0x2a obj_cooja/mtype695.a(rpl-dag.o)
 .comment       0x0000000000000000       0x2a obj_cooja/mtype695.a(rpl-ext-header.)
 .comment       0x0000000000000000       0x2a obj_cooja/mtype695.a(rpl-icmp6.o)
 .comment       0x0000000000000000       0x2a obj_cooja/mtype695.a(rpl-ltmax.o)
 .comment       0x0000000000000000       0x2a obj_cooja/mtype695.a(rpl-timers.o)
 .comment       0x0000000000000000       0x2a obj_cooja/mtype695.a(rpl.o)
 .comment       0x0000000000000000       0x2a obj_cooja/mtype695.a(csma.o)
 .comment       0x0000000000000000       0x2a obj_cooja/mtype695.a(framer-802154.o)
 .comment       0x0000000000000000       0x2a obj_cooja/mtype695.a(mac.o)
 .comment       0x0000000000000000       0x2a obj_cooja/mtype695.a(cxmac.o)
 .comment       0x0000000000000000       0x2a obj_cooja/mtype695.a(linkaddr.o)
 .comment       0x0000000000000000       0x2a obj_cooja/mtype695.a(nbr-table.o)
 .comment       0x0000000000000000       0x2a obj_cooja/mtype695.a(netstack.o)
 .comment       0x0000000000000000       0x2a obj_cooja/mtype695.a(packetbuf.o)
 .comment       0x0000000000000000       0x2a obj_cooja/mtype695.a(queuebuf.o)
 .comment       0x0000000000000000       0x2a obj_cooja/mtype695.a(nullsec.o)
 .comment       0x0000000000000000       0x2a obj_cooja/mtype695.a(watchdog.o)
 .comment       0x0000000000000000       0x2a obj_cooja/mtype695.a(rimestats.o)
 .comment       0x0000000000000000       0x2a obj_cooja/mtype695.a(memb.o)
 .comment       0x0000000000000000       0x2a obj_cooja/mtype695.a(uip-icmp6.o)
 .comment       0x0000000000000000       0x2a obj_cooja/mtype695.a(uip-nd6.o)
 .comment       0x0000000000000000       0x2a obj_cooja/mtype695.a(rpl-nbr-policy.)
 .comment       0x0000000000000000       0x2a obj_cooja/mtype695.a(frame802154.o)
 .comment       0x0000000000000000       0x2a /usr/lib/gcc/i686-linux-gnu/4.8/crtendS.o

.debug
 *(.debug)

.line
 *(.line)

.debug_srcinfo
 *(.debug_srcinfo)

.debug_sfnames
 *(.debug_sfnames)

.debug_aranges  0x0000000000000000      0x838
 *(.debug_aranges)
 .debug_aranges
                0x0000000000000000       0x20 udp-client.co
 .debug_aranges
                0x0000000000000020       0x20 obj_cooja/mtype695.o
 .debug_aranges
                0x0000000000000040       0x20 obj_cooja/mtype695.a(simEnvChange.o)
 .debug_aranges
                0x0000000000000060       0x20 obj_cooja/mtype695.a(cooja_mt.o)
 .debug_aranges
                0x0000000000000080       0x20 obj_cooja/mtype695.a(cooja_mtarch.o)
 .debug_aranges
                0x00000000000000a0       0x20 obj_cooja/mtype695.a(rtimer-arch.o)
 .debug_aranges
                0x00000000000000c0       0x20 obj_cooja/mtype695.a(beep.o)
 .debug_aranges
                0x00000000000000e0       0x20 obj_cooja/mtype695.a(button-sensor.o)
 .debug_aranges
                0x0000000000000100       0x20 obj_cooja/mtype695.a(leds-arch.o)
 .debug_aranges
                0x0000000000000120       0x20 obj_cooja/mtype695.a(moteid.o)
 .debug_aranges
                0x0000000000000140       0x20 obj_cooja/mtype695.a(pir-sensor.o)
 .debug_aranges
                0x0000000000000160       0x20 obj_cooja/mtype695.a(rs232.o)
 .debug_aranges
                0x0000000000000180       0x20 obj_cooja/mtype695.a(vib-sensor.o)
 .debug_aranges
                0x00000000000001a0       0x20 obj_cooja/mtype695.a(clock.o)
 .debug_aranges
                0x00000000000001c0       0x20 obj_cooja/mtype695.a(log.o)
 .debug_aranges
                0x00000000000001e0       0x20 obj_cooja/mtype695.a(cfs-cooja.o)
 .debug_aranges
                0x0000000000000200       0x20 obj_cooja/mtype695.a(cooja-radio.o)
 .debug_aranges
                0x0000000000000220       0x20 obj_cooja/mtype695.a(eeprom.o)
 .debug_aranges
                0x0000000000000240       0x20 obj_cooja/mtype695.a(random.o)
 .debug_aranges
                0x0000000000000260       0x20 obj_cooja/mtype695.a(sensors.o)
 .debug_aranges
                0x0000000000000280       0x20 obj_cooja/mtype695.a(leds.o)
 .debug_aranges
                0x00000000000002a0       0x20 obj_cooja/mtype695.a(dual_conf.o)
 .debug_aranges
                0x00000000000002c0       0x20 obj_cooja/mtype695.a(autostart.o)
 .debug_aranges
                0x00000000000002e0       0x20 obj_cooja/mtype695.a(ctimer.o)
 .debug_aranges
                0x0000000000000300       0x20 obj_cooja/mtype695.a(etimer.o)
 .debug_aranges
                0x0000000000000320       0x20 obj_cooja/mtype695.a(log_message.o)
 .debug_aranges
                0x0000000000000340       0x20 obj_cooja/mtype695.a(process.o)
 .debug_aranges
                0x0000000000000360       0x20 obj_cooja/mtype695.a(residual.o)
 .debug_aranges
                0x0000000000000380       0x20 obj_cooja/mtype695.a(rtimer.o)
 .debug_aranges
                0x00000000000003a0       0x20 obj_cooja/mtype695.a(stimer.o)
 .debug_aranges
                0x00000000000003c0       0x20 obj_cooja/mtype695.a(timer.o)
 .debug_aranges
                0x00000000000003e0       0x20 obj_cooja/mtype695.a(serial-line.o)
 .debug_aranges
                0x0000000000000400       0x20 obj_cooja/mtype695.a(list.o)
 .debug_aranges
                0x0000000000000420       0x20 obj_cooja/mtype695.a(ringbuf.o)
 .debug_aranges
                0x0000000000000440       0x20 obj_cooja/mtype695.a(sicslowpan.o)
 .debug_aranges
                0x0000000000000460       0x20 obj_cooja/mtype695.a(uip-ds6-nbr.o)
 .debug_aranges
                0x0000000000000480       0x20 obj_cooja/mtype695.a(uip-ds6-route.o)
 .debug_aranges
                0x00000000000004a0       0x20 obj_cooja/mtype695.a(uip-ds6.o)
 .debug_aranges
                0x00000000000004c0       0x20 obj_cooja/mtype695.a(uip6.o)
 .debug_aranges
                0x00000000000004e0       0x20 obj_cooja/mtype695.a(tcpip.o)
 .debug_aranges
                0x0000000000000500       0x20 obj_cooja/mtype695.a(uip-debug.o)
 .debug_aranges
                0x0000000000000520       0x20 obj_cooja/mtype695.a(uip-packetqueue)
 .debug_aranges
                0x0000000000000540       0x20 obj_cooja/mtype695.a(uip-udp-packet.)
 .debug_aranges
                0x0000000000000560       0x20 obj_cooja/mtype695.a(rpl-dag.o)
 .debug_aranges
                0x0000000000000580       0x20 obj_cooja/mtype695.a(rpl-ext-header.)
 .debug_aranges
                0x00000000000005a0       0x20 obj_cooja/mtype695.a(rpl-icmp6.o)
 .debug_aranges
                0x00000000000005c0       0x20 obj_cooja/mtype695.a(rpl-ltmax.o)
 .debug_aranges
                0x00000000000005e0       0x20 obj_cooja/mtype695.a(rpl-timers.o)
 .debug_aranges
                0x0000000000000600       0x20 obj_cooja/mtype695.a(rpl.o)
 .debug_aranges
                0x0000000000000620       0x20 obj_cooja/mtype695.a(csma.o)
 .debug_aranges
                0x0000000000000640       0x20 obj_cooja/mtype695.a(framer-802154.o)
 .debug_aranges
                0x0000000000000660       0x20 obj_cooja/mtype695.a(mac.o)
 .debug_aranges
                0x0000000000000680       0x20 obj_cooja/mtype695.a(cxmac.o)
 .debug_aranges
                0x00000000000006a0       0x20 obj_cooja/mtype695.a(linkaddr.o)
 .debug_aranges
                0x00000000000006c0       0x20 obj_cooja/mtype695.a(nbr-table.o)
 .debug_aranges
                0x00000000000006e0       0x20 obj_cooja/mtype695.a(netstack.o)
 .debug_aranges
                0x0000000000000700       0x20 obj_cooja/mtype695.a(packetbuf.o)
 .debug_aranges
                0x0000000000000720       0x20 obj_cooja/mtype695.a(queuebuf.o)
 .debug_aranges
                0x0000000000000740       0x20 obj_cooja/mtype695.a(nullsec.o)
 .debug_aranges
                0x0000000000000760       0x20 obj_cooja/mtype695.a(watchdog.o)
 .debug_aranges
                0x0000000000000780       0x18 obj_cooja/mtype695.a(rimestats.o)
 .debug_aranges
                0x0000000000000798       0x20 obj_cooja/mtype695.a(memb.o)
 .debug_aranges
                0x00000000000007b8       0x20 obj_cooja/mtype695.a(uip-icmp6.o)
 .debug_aranges
                0x00000000000007d8       0x20 obj_cooja/mtype695.a(uip-nd6.o)
 .debug_aranges