Archive member included to satisfy reference by file (symbol)

obj_cooja/mtype381.a(simEnvChange.o)
                              obj_cooja/mtype381.o (simDontFallAsleep)
obj_cooja/mtype381.a(cooja_mt.o)
                              obj_cooja/mtype381.o (cooja_mt_start)
obj_cooja/mtype381.a(cooja_mtarch.o)
                              obj_cooja/mtype381.a(cooja_mt.o) (cooja_mtarch_init)
obj_cooja/mtype381.a(rtimer-arch.o)
                              obj_cooja/mtype381.o (rtimer_arch_next)
obj_cooja/mtype381.a(beep.o)  obj_cooja/mtype381.o (beep_interface)
obj_cooja/mtype381.a(button-sensor.o)
                              obj_cooja/mtype381.o (button_interface)
obj_cooja/mtype381.a(leds-arch.o)
                              obj_cooja/mtype381.o (leds_interface)
obj_cooja/mtype381.a(moteid.o)
                              obj_cooja/mtype381.o (moteid_interface)
obj_cooja/mtype381.a(pir-sensor.o)
                              obj_cooja/mtype381.o (pir_interface)
obj_cooja/mtype381.a(rs232.o)
                              obj_cooja/mtype381.o (rs232_interface)
obj_cooja/mtype381.a(vib-sensor.o)
                              obj_cooja/mtype381.o (vib_interface)
obj_cooja/mtype381.a(clock.o)
                              obj_cooja/mtype381.o (clock_interface)
obj_cooja/mtype381.a(log.o)   obj_cooja/mtype381.o (simlog_interface)
obj_cooja/mtype381.a(cfs-cooja.o)
                              obj_cooja/mtype381.o (cfs_interface)
obj_cooja/mtype381.a(cooja-radio.o)
                              obj_cooja/mtype381.o (radio_interface)
obj_cooja/mtype381.a(eeprom.o)
                              obj_cooja/mtype381.o (eeprom_interface)
obj_cooja/mtype381.a(random.o)
                              obj_cooja/mtype381.a(moteid.o) (random_init)
obj_cooja/mtype381.a(sensors.o)
                              obj_cooja/mtype381.o (sensors_process)
obj_cooja/mtype381.a(leds.o)  obj_cooja/mtype381.a(cooja-radio.o) (leds_on)
obj_cooja/mtype381.a(dual_conf.o)
                              obj_cooja/mtype381.a(cooja-radio.o) (long_range_radio)
obj_cooja/mtype381.a(autostart.o)
                              obj_cooja/mtype381.o (autostart_start)
obj_cooja/mtype381.a(ctimer.o)
                              obj_cooja/mtype381.o (ctimer_init)
obj_cooja/mtype381.a(etimer.o)
                              obj_cooja/mtype381.o (etimer_process)
obj_cooja/mtype381.a(log_message.o)
                              obj_cooja/mtype381.o (log_initialization)
obj_cooja/mtype381.a(process.o)
                              udp-client.co (process_current)
obj_cooja/mtype381.a(residual.o)
                              udp-client.co (DISSIPATION_RATE)
obj_cooja/mtype381.a(rtimer.o)
                              obj_cooja/mtype381.a(rtimer-arch.o) (rtimer_run_next)
obj_cooja/mtype381.a(stimer.o)
                              udp-client.co (stimer_remaining)
obj_cooja/mtype381.a(timer.o)
                              obj_cooja/mtype381.a(button-sensor.o) (timer_set)
obj_cooja/mtype381.a(serial-line.o)
                              udp-client.co (serial_line_event_message)
obj_cooja/mtype381.a(list.o)  obj_cooja/mtype381.a(ctimer.o) (list_init)
obj_cooja/mtype381.a(ringbuf.o)
                              obj_cooja/mtype381.a(serial-line.o) (ringbuf_init)
obj_cooja/mtype381.a(sicslowpan.o)
                              obj_cooja/mtype381.o (sicslowpan_driver)
obj_cooja/mtype381.a(uip-ds6-nbr.o)
                              obj_cooja/mtype381.a(sicslowpan.o) (uip_ds6_link_neighbor_callback)
obj_cooja/mtype381.a(uip-ds6-route.o)
                              udp-client.co (uip_ds6_route_nexthop)
obj_cooja/mtype381.a(uip-ds6.o)
                              udp-client.co (uip_ds6_if)
obj_cooja/mtype381.a(uip6.o)  udp-client.co (uip_lladdr)
obj_cooja/mtype381.a(tcpip.o)
                              udp-client.co (tcpip_event)
obj_cooja/mtype381.a(uip-debug.o)
                              udp-client.co (uip_debug_ipaddr_print)
obj_cooja/mtype381.a(uip-packetqueue)
                              obj_cooja/mtype381.a(uip-ds6-nbr.o) (uip_packetqueue_new)
obj_cooja/mtype381.a(uip-udp-packet.)
                              udp-client.co (uip_udp_packet_sendto)
obj_cooja/mtype381.a(rpl-dag.o)
                              obj_cooja/mtype381.a(tcpip.o) (rpl_repair_root)
obj_cooja/mtype381.a(rpl-ext-header.)
                              obj_cooja/mtype381.a(uip6.o) (rpl_verify_header)
obj_cooja/mtype381.a(rpl-icmp6.o)
                              obj_cooja/mtype381.a(rpl-dag.o) (rpl_icmp6_update_nbr_table)
obj_cooja/mtype381.a(rpl-ltmax.o)
                              obj_cooja/mtype381.a(rpl-dag.o) (rpl_ltmax_of)
obj_cooja/mtype381.a(rpl-timers.o)
                              obj_cooja/mtype381.a(rpl-icmp6.o) (rpl_LSA_convergence_timer)
obj_cooja/mtype381.a(rpl.o)   obj_cooja/mtype381.a(rpl-icmp6.o) (rpl_get_mode)
obj_cooja/mtype381.a(csma.o)  obj_cooja/mtype381.o (csma_driver)
obj_cooja/mtype381.a(framer-802154.o)
[...]
Memory Configuration

Name             Origin             Length             Attributes
*default*        0x0000000000000000 0xffffffffffffffff

Linker script and memory map

LOAD /usr/lib/gcc/i686-linux-gnu/4.8/../../../i386-linux-gnu/crti.o
LOAD /usr/lib/gcc/i686-linux-gnu/4.8/crtbeginS.o
LOAD udp-client.co
LOAD obj_cooja/mtype381.o
LOAD obj_cooja/mtype381.a
LOAD /usr/lib/gcc/i686-linux-gnu/4.8/libgcc.a
LOAD /usr/lib/gcc/i686-linux-gnu/4.8/libgcc_s.so
LOAD /usr/lib/gcc/i686-linux-gnu/4.8/../../../i386-linux-gnu/libc.so
START GROUP
LOAD /lib/i386-linux-gnu/libc.so.6
LOAD /usr/lib/i386-linux-gnu/libc_nonshared.a
LOAD /lib/i386-linux-gnu/ld-linux.so.2
END GROUP
LOAD /usr/lib/gcc/i686-linux-gnu/4.8/libgcc.a
LOAD /usr/lib/gcc/i686-linux-gnu/4.8/libgcc_s.so
LOAD /usr/lib/gcc/i686-linux-gnu/4.8/crtendS.o
LOAD /usr/lib/gcc/i686-linux-gnu/4.8/../../../i386-linux-gnu/crtn.o
                0x0000000000000114                . = (0x0 + SIZEOF_HEADERS)

.note.gnu.build-id
                0x0000000000000114       0x24
 *(.note.gnu.build-id)
 .note.gnu.build-id
                0x0000000000000114       0x24 /usr/lib/gcc/i686-linux-gnu/4.8/../../../i386-linux-gnu/crti.o

.hash
 *(.hash)

.gnu.hash       0x0000000000000138     0x13b8
 *(.gnu.hash)
 .gnu.hash      0x0000000000000138     0x13b8 /usr/lib/gcc/i686-linux-gnu/4.8/../../../i386-linux-gnu/crti.o

.dynsym         0x00000000000014f0     0x2740
 *(.dynsym)
 .dynsym        0x00000000000014f0     0x2740 /usr/lib/gcc/i686-linux-gnu/4.8/../../../i386-linux-gnu/crti.o

.dynstr         0x0000000000003c30     0x2867
 *(.dynstr)
 .dynstr        0x0000000000003c30     0x2867 /usr/lib/gcc/i686-linux-gnu/4.8/../../../i386-linux-gnu/crti.o

.gnu.version    0x0000000000006498      0x4e8
 *(.gnu.version)
 .gnu.version   0x0000000000006498      0x4e8 /usr/lib/gcc/i686-linux-gnu/4.8/../../../i386-linux-gnu/crti.o

.gnu.version_d  0x0000000000006980        0x0
 *(.gnu.version_d)
 .gnu.version_d
                0x0000000000000000        0x0 /usr/lib/gcc/i686-linux-gnu/4.8/../../../i386-linux-gnu/crti.o

.gnu.version_r  0x0000000000006980       0x50
 *(.gnu.version_r)
 .gnu.version_r
                0x0000000000006980       0x50 /usr/lib/gcc/i686-linux-gnu/4.8/../../../i386-linux-gnu/crti.o

.rel.dyn        0x00000000000069d0     0x99f8
 *(.rel.init)
 .rel.init      0x0000000000000000        0x0 /usr/lib/gcc/i686-linux-gnu/4.8/../../../i386-linux-gnu/crti.o
 *(.rel.text .rel.text.* .rel.gnu.linkonce.t.*)
 .rel.text      0x00000000000069d0     0x9208 /usr/lib/gcc/i686-linux-gnu/4.8/../../../i386-linux-gnu/crti.o
 *(.rel.fini)
 .rel.fini      0x0000000000000000        0x0 /usr/lib/gcc/i686-linux-gnu/4.8/../../../i386-linux-gnu/crti.o
 *(.rel.rodata .rel.rodata.* .rel.gnu.linkonce.r.*)
 .rel.rodata    0x000000000000fbd8      0x4e0 /usr/lib/gcc/i686-linux-gnu/4.8/../../../i386-linux-gnu/crti.o
 *(.rel.data.rel.ro .rel.data.rel.ro.* .rel.gnu.linkonce.d.rel.ro.*)
 *(.rel.data .rel.data.* .rel.gnu.linkonce.d.*)
 .rel.data.rel  0x00000000000100b8        0x8 /usr/lib/gcc/i686-linux-gnu/4.8/../../../i386-linux-gnu/crti.o
 .rel.data      0x00000000000100c0      0x2d0 /usr/lib/gcc/i686-linux-gnu/4.8/../../../i386-linux-gnu/crti.o
 *(.rel.tdata .rel.tdata.* .rel.gnu.linkonce.td.*)
 *(.rel.tbss .rel.tbss.* .rel.gnu.linkonce.tb.*)
 *(.rel.ctors)
 *(.rel.dtors)
 *(.rel.got)
 .rel.got       0x0000000000010390       0x28 /usr/lib/gcc/i686-linux-gnu/4.8/../../../i386-linux-gnu/crti.o
 *(.rel.bss .rel.bss.* .rel.gnu.linkonce.b.*)
 *(.rel.ifunc)
 .rel.ifunc     0x0000000000000000        0x0 /usr/lib/gcc/i686-linux-gnu/4.8/../../../i386-linux-gnu/crti.o
 .rel.fini_array
                0x00000000000103b8        0x8 /usr/lib/gcc/i686-linux-gnu/4.8/../../../i386-linux-gnu/crti.o
 .rel.init_array
                0x00000000000103c0        0x8 /usr/lib/gcc/i686-linux-gnu/4.8/../../../i386-linux-gnu/crti.o

.rel.plt        0x00000000000103c8       0x10
 *(.rel.plt)
 .rel.plt       0x00000000000103c8       0x10 /usr/lib/gcc/i686-linux-gnu/4.8/../../../i386-linux-gnu/crti.o
 *(.rel.iplt)

.init           0x00000000000103d8       0x23
 *(SORT(.init))
 .init          0x00000000000103d8       0x1e /usr/lib/gcc/i686-linux-gnu/4.8/../../../i386-linux-gnu/crti.o
                0x00000000000103d8                _init
 .init          0x00000000000103f6        0x5 /usr/lib/gcc/i686-linux-gnu/4.8/../../../i386-linux-gnu/crtn.o

.plt            0x0000000000010400       0x30
 *(.plt)
 .plt           0x0000000000010400       0x30 /usr/lib/gcc/i686-linux-gnu/4.8/../../../i386-linux-gnu/crti.o
 *(.iplt)

.text           0x0000000000010430    0x17640
 *(.text.unlikely .text.*_unlikely .text.unlikely.*)
 *(.text.exit .text.exit.*)
 *(.text.startup .text.startup.*)
 *(.text.hot .text.hot.*)
 *(.text .stub .text.* .gnu.linkonce.t.*)
 .text          0x0000000000010430        0x0 /usr/lib/gcc/i686-linux-gnu/4.8/../../../i386-linux-gnu/crti.o
 .gnu.linkonce.t.__x86.get_pc_thunk.bx
                0x0000000000010430        0x4 /usr/lib/gcc/i686-linux-gnu/4.8/../../../i386-linux-gnu/crti.o
                0x0000000000010430                __x86.get_pc_thunk.bx
 *fill*         0x0000000000010434        0xc 
 .text          0x0000000000010440      0x11b /usr/lib/gcc/i686-linux-gnu/4.8/crtbeginS.o
 .text          0x000000000001055b      0x882 udp-client.co
 .text          0x0000000000010ddd      0x96a obj_cooja/mtype381.o
                0x0000000000010f8b                contiki_init
                0x000000000001155e                Java_org_contikios_cooja_corecomm_Lib4_init
                0x000000000001159e                Java_org_contikios_cooja_corecomm_Lib4_getMemory
                0x00000000000115de                Java_org_contikios_cooja_corecomm_Lib4_setMemory
                0x0000000000011655                Java_org_contikios_cooja_corecomm_Lib4_tick
                0x0000000000011735                Java_org_contikios_cooja_corecomm_Lib4_setReferenceAddress
 .text          0x0000000000011747       0x63 obj_cooja/mtype381.a(simEnvChange.o)
                0x0000000000011747                doActionsBeforeTick
                0x0000000000011778                doActionsAfterTick
 .text          0x00000000000117aa       0xbc obj_cooja/mtype381.a(cooja_mt.o)
                0x00000000000117aa                cooja_mt_init
                0x00000000000117b7                cooja_mt_remove
                0x00000000000117c4                cooja_mt_start
                0x00000000000117f1                cooja_mt_exec
                0x0000000000011822                cooja_mt_exit
                0x0000000000011844                cooja_mt_yield
 .text          0x0000000000011866      0x115 obj_cooja/mtype381.a(cooja_mtarch.o)
                0x0000000000011866                cooja_mtarch_init
                0x000000000001186b                cooja_mtarch_start
                0x00000000000118e6                cooja_sw
                0x0000000000011908                cooja_mtarch_exec
                0x0000000000011924                cooja_mtarch_remove
                0x0000000000011929                cooja_mtarch_yield
                0x0000000000011933                cooja_mtarch_pstop
                0x0000000000011938                cooja_mtarch_pstart
                0x000000000001193d                cooja_mtarch_stack_usage
 .text          0x000000000001197b       0xc2 obj_cooja/mtype381.a(rtimer-arch.o)
                0x000000000001197b                rtimer_arch_init
                0x000000000001199e                rtimer_arch_schedule
                0x00000000000119b5                rtimer_arch_next
                0x00000000000119bf                rtimer_arch_pending
                0x00000000000119c9                rtimer_arch_check
                0x00000000000119fb                rtimer_arch_now
 .text          0x0000000000011a3d       0x76 obj_cooja/mtype381.a(beep.o)
                0x0000000000011a3d                beep_alarm
                0x0000000000011a49                beep_beep
                0x0000000000011a55                beep
                0x0000000000011a61                beep_down
                0x0000000000011a6d                beep_on
                0x0000000000011a79                beep_off
                0x0000000000011a85                beep_spinup
                0x0000000000011a91                beep_quick
                0x0000000000011a9d                beep_long
 .text          0x0000000000011ab3      0x103 obj_cooja/mtype381.a(button-sensor.o)
 .text          0x0000000000011bb6       0x45 obj_cooja/mtype381.a(leds-arch.o)
                0x0000000000011bb6                leds_arch_init
                0x0000000000011bc2                leds_arch_get
                0x0000000000011bce                leds_arch_set
 .text          0x0000000000011bfb       0x2f obj_cooja/mtype381.a(moteid.o)
 .text          0x0000000000011c2a       0xb1 obj_cooja/mtype381.a(pir-sensor.o)
 .text          0x0000000000011cdb      0x131 obj_cooja/mtype381.a(rs232.o)
                0x0000000000011cdb                rs232_init
                0x0000000000011ce0                rs232_set_speed
                0x0000000000011cee                rs232_set_input
                0x0000000000011cfb                rs232_send
                0x0000000000011d1d                rs232_print
                0x0000000000011d38                slip_arch_writeb
 .text          0x0000000000011e0c       0xb1 obj_cooja/mtype381.a(vib-sensor.o)
 .text          0x0000000000011ebd       0x34 obj_cooja/mtype381.a(clock.o)
                0x0000000000011ebd                clock_init
                0x0000000000011ec2                clock_time
                0x0000000000011ecc                clock_seconds
                0x0000000000011ee2                clock_delay
 .text          0x0000000000011ef1      0x1ed obj_cooja/mtype381.a(log.o)
                0x0000000000011ef1                simlog_char
                0x0000000000011f33                simlog
                0x0000000000011fa0                log_message
                0x0000000000011fc8                log_set_putchar_with_slip
                0x0000000000011fd5                log_putchar
                0x0000000000012059                log_puts
                0x000000000001207d                log_printf
 .text          0x00000000000120de      0x2c4 obj_cooja/mtype381.a(cfs-cooja.o)
                0x00000000000120de                cfs_open
                0x0000000000012147                cfs_close
                0x0000000000012153                cfs_read
                0x00000000000121f1                cfs_write
                0x00000000000122ce                cfs_seek
                0x0000000000012356                cfs_remove
                0x000000000001237f                cfs_opendir
                0x0000000000012389                cfs_readdir
                0x0000000000012393                cfs_closedir
 .text          0x00000000000123a2      0x69f obj_cooja/mtype381.a(cooja-radio.o)
                0x00000000000123cc                radio_set_channel
                0x00000000000123e1                radio_set_txpower
                0x0000000000012401                radio_signal_strength_last
                0x000000000001240b                radio_signal_strength_current
                0x0000000000012415                radio_LQI
 .text          0x0000000000012a41       0xef obj_cooja/mtype381.a(eeprom.o)
                0x0000000000012a41                eeprom_init
                0x0000000000012a46                eeprom_read
                0x0000000000012ab6                eeprom_write
 .text          0x0000000000012b30       0x28 obj_cooja/mtype381.a(random.o)
                0x0000000000012b30                random_init
                0x0000000000012b4b                random_rand
 .text          0x0000000000012b58      0x2a1 obj_cooja/mtype381.a(sensors.o)
                0x0000000000012b93                sensors_first
                0x0000000000012b9d                sensors_next
                0x0000000000012bba                sensors_changed
                0x0000000000012be9                sensors_find
 .text          0x0000000000012df9      0x134 obj_cooja/mtype381.a(leds.o)
                0x0000000000012e4a                leds_init
                0x0000000000012e5e                leds_blink
                0x0000000000012e96                leds_get
                0x0000000000012ea3                leds_set
                0x0000000000012ebd                leds_on
                0x0000000000012ee0                leds_off
                0x0000000000012f0a                leds_toggle
 .text          0x0000000000012f2d      0x432 obj_cooja/mtype381.a(dual_conf.o)
                0x0000000000012f2d                dual_radio_switch
                0x0000000000012f6d                dual_radio_change
                0x0000000000012fa7                sending_in_LR
                0x0000000000012fd2                dual_radio_received
                0x000000000001300a                radio_received_is_longrange
                0x0000000000013025                dual_radio_turn_on
                0x0000000000013048                dual_radio_turn_off
                0x00000000000132e5                dio_broadcast
                0x000000000001330e                dis_broadcast
                0x000000000001332f                LSA_converge_broadcast
 .text          0x000000000001335f       0x8e obj_cooja/mtype381.a(autostart.o)
                0x000000000001335f                autostart_start
                0x00000000000133aa                autostart_exit
 .text          0x00000000000133ed      0x334 obj_cooja/mtype381.a(ctimer.o)
                0x0000000000013504                ctimer_init
                0x0000000000013534                ctimer_set
                0x0000000000013565                ctimer_set_with_process
                0x00000000000135e1                ctimer_reset
                0x0000000000013630                ctimer_restart
                0x000000000001367f                ctimer_stop
                0x00000000000136ca                ctimer_expired
 .text          0x0000000000013721      0x40b obj_cooja/mtype381.a(etimer.o)
                0x0000000000013934                etimer_request_poll
                0x00000000000139b8                etimer_set
                0x00000000000139dd                etimer_reset_with_new_interval
                0x0000000000013a04                etimer_reset
                0x0000000000013a22                etimer_restart
                0x0000000000013a40                etimer_adjust
                0x0000000000013a5c                etimer_expired
                0x0000000000013a6f                etimer_expiration_time
                0x0000000000013a81                etimer_start_time
                0x0000000000013a8b                etimer_pending
                0x0000000000013a9d                etimer_next_expiration_time
                0x0000000000013ab7                etimer_stop
 .text          0x0000000000013b2c      0x240 obj_cooja/mtype381.a(log_message.o)
                0x0000000000013b2c                log_initialization
                0x0000000000013d4b                log_finisher
 .text          0x0000000000013d6c      0x560 obj_cooja/mtype381.a(process.o)
                0x0000000000013d6c                process_alloc_event
                0x0000000000013d81                process_start
                0x0000000000013f6a                process_exit
                0x0000000000013f86                process_init
                0x0000000000014157                process_run
                0x000000000001418a                process_nevents
                0x00000000000141a5                process_post
                0x0000000000014251                process_post_synch
                0x0000000000014289                process_poll
                0x00000000000142b8                process_is_running
 .text          0x00000000000142cc       0xd3 obj_cooja/mtype381.a(residual.o)
                0x00000000000142cc                get_residual_energy
 .text          0x000000000001439f       0xba obj_cooja/mtype381.a(rtimer.o)
                0x000000000001439f                rtimer_init
                0x00000000000143ac                rtimer_set
                0x0000000000014403                rtimer_run_next
 .text          0x0000000000014459       0xa3 obj_cooja/mtype381.a(stimer.o)
                0x0000000000014459                stimer_set
                0x0000000000014474                stimer_reset
                0x000000000001448b                stimer_restart
                0x000000000001449d                stimer_expired
                0x00000000000144c4                stimer_remaining
                0x00000000000144e8                stimer_elapsed
 .text          0x00000000000144fc       0x91 obj_cooja/mtype381.a(timer.o)
                0x00000000000144fc                timer_set
                0x0000000000014517                timer_reset
                0x000000000001452e                timer_restart
                0x0000000000014540                timer_expired
                0x0000000000014569                timer_remaining
 .text          0x000000000001458d      0x1fb obj_cooja/mtype381.a(serial-line.o)
                0x000000000001458d                serial_line_input_byte
                0x0000000000014750                serial_line_init
 .text          0x0000000000014788      0x244 obj_cooja/mtype381.a(list.o)
                0x0000000000014788                list_init
                0x0000000000014796                list_head
                0x00000000000147a0                list_copy
                0x00000000000147af                list_tail
                0x00000000000147e5                list_add
                0x000000000001482e                list_push
                0x000000000001485a                list_chop
                0x00000000000148c4                list_pop
                0x00000000000148ec                list_remove
                0x0000000000014953                list_length
                0x0000000000014981                list_insert
                0x00000000000149b5                list_item_next
 .text          0x00000000000149cc      0x155 obj_cooja/mtype381.a(ringbuf.o)
                0x00000000000149cc                ringbuf_init
                0x00000000000149fd                ringbuf_put
                0x0000000000014a7b                ringbuf_get
                0x0000000000014ae8                ringbuf_size
                0x0000000000014afa                ringbuf_elements
 .text          0x0000000000014b21     0x258b obj_cooja/mtype381.a(sicslowpan.o)
                0x00000000000150ab                rime_sniffer_add
                0x00000000000150b8                rime_sniffer_remove
                0x000000000001704b                sicslowpan_init
                0x00000000000170a2                sicslowpan_get_last_rssi
 .text          0x00000000000170ac      0x2dc obj_cooja/mtype381.a(uip-ds6-nbr.o)
                0x00000000000170c9                uip_ds6_neighbors_init
                0x00000000000170e6                uip_ds6_nbr_add
                0x0000000000017197                uip_ds6_nbr_rm
                0x00000000000171f4                uip_ds6_nbr_get_ipaddr
                0x0000000000017209                uip_ds6_nbr_get_ll
                0x0000000000017225                uip_ds6_nbr_num
                0x000000000001726a                uip_ds6_nbr_lookup
                0x00000000000172cf                uip_ds6_nbr_ll_lookup
                0x00000000000172eb                uip_ds6_nbr_ipaddr_from_lladdr
                0x0000000000017311                uip_ds6_nbr_lladdr_from_ipaddr
                0x000000000001733f                uip_ds6_link_neighbor_callback
 .text          0x0000000000017388      0x916 obj_cooja/mtype381.a(uip-ds6-route.o)
                0x00000000000173ff                uip_ds6_notification_add
                0x0000000000017430                uip_ds6_notification_rm
                0x000000000001744c                uip_ds6_route_init
                0x00000000000174d4                uip_ds6_route_nexthop
                0x00000000000174fc                uip_ds6_route_head
                0x0000000000017511                uip_ds6_route_next
                0x0000000000017537                uip_ds6_route_is_nexthop
                0x0000000000017576                uip_ds6_route_num_routes
                0x0000000000017580                uip_ds6_route_lookup
                0x0000000000017642                uip_ds6_route_add
                0x0000000000017876                uip_ds6_route_rm
                0x0000000000017a0a                uip_ds6_route_rm_by_nexthop
                0x0000000000017a42                uip_ds6_defrt_add
                0x0000000000017af3                uip_ds6_defrt_rm
                0x0000000000017b72                uip_ds6_defrt_lookup
                0x0000000000017bcb                uip_ds6_defrt_choose
                0x0000000000017c36                uip_ds6_defrt_periodic
 .text          0x0000000000017c9e     0x12ad obj_cooja/mtype381.a(uip-ds6.o)
                0x0000000000017c9e                uip_ds6_init
                0x0000000000017ff3                uip_ds6_periodic
                0x00000000000180cb                uip_ds6_list_loop
                0x0000000000018172                uip_ds6_prefix_add
                0x0000000000018230                uip_ds6_prefix_rm
                0x0000000000018242                uip_ds6_prefix_lookup
                0x0000000000018293                uip_ds6_is_addr_onlink
                0x0000000000018307                uip_ds6_addr_add
                0x0000000000018435                uip_ds6_long_addr_add
                0x0000000000018563                uip_ds6_addr_rm
                0x0000000000018603                uip_ds6_addr_lookup
                0x000000000001864e                uip_ds6_long_addr_lookup
                0x0000000000018699                uip_ds6_get_link_local
                0x0000000000018718                uip_ds6_long_get_link_local
                0x0000000000018797                uip_ds6_get_global
                0x0000000000018816                uip_ds6_long_get_global
                0x0000000000018895                uip_ds6_maddr_add
                0x0000000000018907                uip_ds6_long_maddr_add
                0x0000000000018979                uip_ds6_maddr_rm
                0x000000000001898b                uip_ds6_maddr_lookup
                0x00000000000189d6                uip_ds6_long_maddr_lookup
                0x0000000000018a21                uip_ds6_aaddr_add
                0x0000000000018a93                uip_ds6_long_aaddr_add
                0x0000000000018b05                uip_ds6_aaddr_rm
                0x0000000000018b17                uip_ds6_aaddr_lookup
                0x0000000000018b62                uip_ds6_long_aaddr_lookup
                0x0000000000018bad                uip_ds6_select_src
                0x0000000000018e36                uip_ds6_set_addr_iid
                0x0000000000018e6d                get_match_length
                0x0000000000018eff                uip_ds6_compute_reachable_time
 .text          0x0000000000018f4b     0x2a07 obj_cooja/mtype381.a(uip6.o)
                0x0000000000018f4b                uip_add32
                0x00000000000190e4                uip_chksum
                0x00000000000191d2                uip_icmp6chksum
                0x00000000000191e6                uip_tcpchksum
                0x00000000000191fa                uip_udpchksum
                0x000000000001920e                uip_init
                0x00000000000192de                uip_connect
                0x000000000001948d                remove_ext_hdr
                0x0000000000019562                uip_udp_new
                0x00000000000196be                uip_unlisten
                0x000000000001971e                uip_listen
                0x00000000000199e0                uip_process
                0x000000000001b846                uip_htons
                0x000000000001b868                uip_htonl
                0x000000000001b8a8                uip_send
 .text          0x000000000001b952      0xa53 obj_cooja/mtype381.a(tcpip.o)
                0x000000000001b952                tcpip_output
                0x000000000001b98d                tcpip_set_outputfunc
                0x000000000001ba21                tcp_connect
                0x000000000001ba76                tcp_unlisten
                0x000000000001bad1                tcp_listen
                0x000000000001bb2a                tcp_attach
                0x000000000001bb4f                udp_attach
                0x000000000001bb74                udp_new
                0x000000000001bbc6                udp_broadcast_new
                0x000000000001be3a                tcpip_input
                0x000000000001be6e                tcpip_ipv6_output
                0x000000000001c1e1                tcpip_poll_udp
                0x000000000001c204                tcpip_poll_tcp
                0x000000000001c227                tcpip_uipcall
 .text          0x000000000001c3a5      0x1c1 obj_cooja/mtype381.a(uip-debug.o)
                0x000000000001c3a5                uip_debug_ipaddr_print
                0x000000000001c507                uip_debug_lladdr_print
 .text          0x000000000001c566      0x141 obj_cooja/mtype381.a(uip-packetqueue)
                0x000000000001c592                uip_packetqueue_new
                0x000000000001c5a0                uip_packetqueue_alloc
                0x000000000001c600                uip_packetqueue_free
                0x000000000001c641                uip_packetqueue_buf
                0x000000000001c65e                uip_packetqueue_buflen
                0x000000000001c67f                uip_packetqueue_set_buflen
 .text          0x000000000001c6a7      0x131 obj_cooja/mtype381.a(uip-udp-packet.)
                0x000000000001c6a7                uip_udp_packet_send
                0x000000000001c707                uip_udp_packet_sendto
 .text          0x000000000001c7d8     0x26ab obj_cooja/mtype381.a(rpl-dag.o)
                0x000000000001c7d8                rpl_lr_in_child
                0x000000000001c890                rpl_print_neighbor_list
                0x000000000001c939                rpl_print_child_neighbor_list
                0x000000000001c9ae                rpl_get_nbr
                0x000000000001ca08                rpl_get_nbr_child
                0x000000000001ca62                rpl_dag_init
                0x000000000001ca94                rpl_get_parent
                0x000000000001cab6                rpl_get_parent_rank
                0x000000000001cae9                rpl_get_parent_link_metric
                0x000000000001cb1c                rpl_get_parent_ipaddr
                0x000000000001cb46                rpl_get_child_ipaddr
                0x000000000001ce61                rpl_set_root
                0x000000000001d08f                rpl_repair_root
                0x000000000001d2cb                rpl_set_prefix
                0x000000000001d3ca                rpl_set_default_route
                0x000000000001d456                rpl_alloc_instance
                0x000000000001d4de                rpl_alloc_dag
                0x000000000001d591                rpl_set_default_instance
                0x000000000001d59e                rpl_get_default_instance
                0x000000000001d5a8                rpl_free_instance
                0x000000000001d649                rpl_free_dag
                0x000000000001d6af                rpl_add_parent
                0x000000000001d798                rpl_find_parent
                0x000000000001d7c8                rpl_add_child
                0x000000000001d86c                rpl_find_child
                0x000000000001d8ba                rpl_find_parent_any_dag
                0x000000000001d8f6                rpl_select_dag
                0x000000000001dd2c                rpl_select_parent
                0x000000000001dd8e                rpl_remove_parent
                0x000000000001ddc4                rpl_remove_child
                0x000000000001dde0                rpl_nullify_parent
                0x000000000001de7e                rpl_move_parent
                0x000000000001df1b                rpl_has_downward_route
                0x000000000001df6e                rpl_get_any_dag
                0x000000000001dfd0                rpl_get_instance
                0x000000000001e033                rpl_find_of
                0x000000000001e070                rpl_join_instance
                0x000000000001e30c                rpl_add_dag
                0x000000000001e6fb                rpl_local_repair
                0x000000000001e7d4                rpl_recalculate_ranks
                0x000000000001e85a                rpl_process_parent_event
                0x000000000001e90c                rpl_process_dio
 .text          0x000000000001ee83      0xbf3 obj_cooja/mtype381.a(rpl-ext-header.)
                0x000000000001eea0                rpl_verify_header
                0x000000000001f31a                rpl_update_header_empty
                0x000000000001f631                rpl_update_header_final
                0x000000000001f7c0                rpl_remove_header
                0x000000000001f8ca                rpl_invert_header
                0x000000000001fa54                rpl_insert_header
 .text          0x000000000001fa76     0x24ea obj_cooja/mtype381.a(rpl-icmp6.o)
                0x000000000001fd3f                rpl_icmp6_update_nbr_table
                0x000000000001fe2f                dis_output
                0x0000000000020767                dio_output
                0x0000000000020fd2                LSA_converge_output
                0x0000000000021abf                dao_output
                0x0000000000021b87                dao_output_target
                0x0000000000021f08                dao_ack_output
                0x0000000000021f1c                rpl_icmp6_register_handlers
 .text          0x0000000000021f60      0x3df obj_cooja/mtype381.a(rpl-ltmax.o)
 .text          0x000000000002233f      0x748 obj_cooja/mtype381.a(rpl-timers.o)
                0x000000000002233f                rpl_LSA_convergence_timer
                0x0000000000022438                rpl_reset_LSA_convergence_timer
                0x0000000000022730                rpl_reset_periodic_timer
                0x0000000000022785                rpl_reset_dio_timer
                0x00000000000229bf                rpl_schedule_dao
                0x00000000000229da                rpl_schedule_dao_immediately
                0x00000000000229f5                rpl_cancel_dao
                0x0000000000022a57                rpl_schedule_unicast_dio_immediately
 .text          0x0000000000022a87      0x5dc obj_cooja/mtype381.a(rpl.o)
                0x0000000000022a87                rpl_get_mode
                0x0000000000022a91                rpl_set_mode
                0x0000000000022b1f                rpl_purge_routes
                0x0000000000022c19                rpl_remove_routes
                0x0000000000022c5f                rpl_remove_routes_by_nexthop
                0x0000000000022ccb                rpl_add_route
                0x0000000000022d46                rpl_link_neighbor_callback
                0x0000000000022e4b                rpl_ipv6_neighbor_callback
                0x0000000000022eba                rpl_purge_dags
                0x0000000000022fc6                rpl_init
 .text          0x0000000000023063      0x87b obj_cooja/mtype381.a(csma.o)
 .text          0x00000000000238de      0x3f5 obj_cooja/mtype381.a(framer-802154.o)
 .text          0x0000000000023cd3       0x3c obj_cooja/mtype381.a(mac.o)
                0x0000000000023cd3                mac_call_sent_callback
 .text          0x0000000000023d0f     0x1012 obj_cooja/mtype381.a(cxmac.o)
                0x0000000000024c55                cxmac_set_announcement_radio_txpower
                0x0000000000024c5a                cxmac_init
 .text          0x0000000000024d21       0x82 obj_cooja/mtype381.a(linkaddr.o)
                0x0000000000024d21                linkaddr_copy
                0x0000000000024d43                linkaddr_cmp
                0x0000000000024d6d                linkaddr_set_node_addr
                0x0000000000024d88                linkaddr_set_node_long_addr
 .text          0x0000000000024da3      0x915 obj_cooja/mtype381.a(nbr-table.o)
                0x0000000000024da3                long_ip_from_lladdr_map
                0x0000000000024e2c                lladdr_map_add_lr
                0x0000000000024ee9                lladdr_map_rm_lr
                0x00000000000253ae                nbr_table_register
                0x00000000000253f6                nbr_table_head
                0x0000000000025452                nbr_table_next
                0x00000000000254b9                nbr_table_add_lladdr
                0x0000000000025595                nbr_table_get_from_lladdr
                0x00000000000255e2                nbr_table_remove
                0x0000000000025634                nbr_table_lock
                0x000000000002565e                nbr_table_unlock
                0x0000000000025688                nbr_table_get_lladdr
 .text          0x00000000000256b8       0x2b obj_cooja/mtype381.a(netstack.o)
                0x00000000000256b8                netstack_init
 .text          0x00000000000256e3      0x3cd obj_cooja/mtype381.a(packetbuf.o)
                0x00000000000256e3                packetbuf_clear
                0x000000000002570d                packetbuf_copyfrom
                0x000000000002575f                packetbuf_compact
                0x00000000000257dc                packetbuf_copyto
                0x0000000000025873                packetbuf_hdralloc
                0x00000000000258f0                packetbuf_hdrreduce
                0x0000000000025938                packetbuf_set_datalen
                0x0000000000025951                packetbuf_dataptr
                0x000000000002596e                packetbuf_hdrptr
                0x0000000000025978                packetbuf_datalen
                0x0000000000025984                packetbuf_hdrlen
                0x000000000002599b                packetbuf_totlen
                0x00000000000259b1                packetbuf_attr_clear
                0x0000000000025a03                packetbuf_attr_copyto
                0x0000000000025a4c                packetbuf_attr_copyfrom
                0x0000000000025a94                packetbuf_holds_broadcast
 .text          0x0000000000025ab0      0x2b4 obj_cooja/mtype381.a(queuebuf.o)
                0x0000000000025aba                queuebuf_init
                0x0000000000025ada                queuebuf_numfree
                0x0000000000025aee                queuebuf_new_from_packetbuf
                0x0000000000025b7e                queuebuf_update_attr_from_packetbuf
                0x0000000000025bb1                queuebuf_update_from_packetbuf
                0x0000000000025bfb                queuebuf_free
                0x0000000000025c42                queuebuf_to_packetbuf
                0x0000000000025ca8                queuebuf_dataptr
                0x0000000000025cdf                queuebuf_datalen
                0x0000000000025d02                queuebuf_addr
                0x0000000000025d34                queuebuf_attr
                0x0000000000025d5f                queuebuf_debug_print
 .text          0x0000000000025d64       0x6e obj_cooja/mtype381.a(nullsec.o)
 .text          0x0000000000025dd2       0x19 obj_cooja/mtype381.a(watchdog.o)
                0x0000000000025dd2                watchdog_init
                0x0000000000025dd7                watchdog_start
                0x0000000000025ddc                watchdog_periodic
                0x0000000000025de1                watchdog_stop
                0x0000000000025de6                watchdog_reboot
 .text          0x0000000000025deb        0x0 obj_cooja/mtype381.a(rimestats.o)
 .text          0x0000000000025deb      0x1c1 obj_cooja/mtype381.a(memb.o)
                0x0000000000025deb                memb_init
                0x0000000000025e49                memb_alloc
                0x0000000000025eae                memb_free
                0x0000000000025f29                memb_inmemb
                0x0000000000025f68                memb_numfree
 .text          0x0000000000025fac      0xabf obj_cooja/mtype381.a(uip-icmp6.o)
                0x000000000002601a                uip_icmp6_input
                0x0000000000026070                uip_icmp6_register_input_handler
                0x0000000000026338                uip_icmp6_error_output
                0x000000000002667d                uip_icmp6_send
                0x00000000000269fe                uip_icmp6_echo_reply_callback_add
                0x0000000000026a2f                uip_icmp6_echo_reply_callback_rm
                0x0000000000026a4b                uip_icmp6_init
 .text          0x0000000000026a6b      0x358 obj_cooja/mtype381.a(uip-nd6.o)
                0x0000000000026abf                uip_nd6_ns_output
                0x0000000000026dbe                uip_nd6_init
 .text          0x0000000000026dc3      0x331 obj_cooja/mtype381.a(rpl-nbr-policy.)
                0x0000000000026f9b                find_removable_dis
                0x0000000000026fbe                find_removable_dio
                0x000000000002704d                find_removable_dao
                0x000000000002709d                rpl_nbr_policy_find_removable
 .text          0x00000000000270f4      0x97c obj_cooja/mtype381.a(frame802154.o)
                0x0000000000027125                frame802154_get_pan_id
                0x0000000000027131                frame802154_set_pan_id
                0x000000000002714a                frame802154_has_panid
                0x0000000000027236                frame802154_check_dest_panid
                0x000000000002729e                frame802154_is_broadcast_addr
                0x00000000000272eb                frame802154_extract_linkaddr
                0x000000000002752b                frame802154_hdrlen
                0x000000000002757c                frame802154_create
                0x0000000000027767                frame802154_parse
 .text          0x0000000000027a70        0x0 /usr/lib/gcc/i686-linux-gnu/4.8/crtendS.o
 .text          0x0000000000027a70        0x0 /usr/lib/gcc/i686-linux-gnu/4.8/../../../i386-linux-gnu/crtn.o
 *(.gnu.warning)

.fini           0x0000000000027a70       0x14
 *(SORT(.fini))
 .fini          0x0000000000027a70        0xf /usr/lib/gcc/i686-linux-gnu/4.8/../../../i386-linux-gnu/crti.o
                0x0000000000027a70                _fini
 .fini          0x0000000000027a7f        0x5 /usr/lib/gcc/i686-linux-gnu/4.8/../../../i386-linux-gnu/crtn.o
                0x0000000000027a84                PROVIDE (__etext, .)
                0x0000000000027a84                PROVIDE (_etext, .)
                0x0000000000027a84                PROVIDE (etext, .)

.rodata         0x0000000000027aa0      0xc80
 *(.rodata .rodata.* .gnu.linkonce.r.*)
 .rodata        0x0000000000027aa0      0x40a udp-client.co
                0x0000000000027ab4                autostart_processes
 *fill*         0x0000000000027eaa        0x2 
 .rodata        0x0000000000027eac      0x1e6 obj_cooja/mtype381.o
 *fill*         0x0000000000028092        0x2 
 .rodata        0x0000000000028094        0x8 obj_cooja/mtype381.a(beep.o)
                0x0000000000028094                beep_interface
 .rodata        0x000000000002809c       0x20 obj_cooja/mtype381.a(button-sensor.o)
                0x000000000002809c                button_interface
                0x00000000000280ac                button_sensor
 .rodata        0x00000000000280bc        0x8 obj_cooja/mtype381.a(leds-arch.o)
                0x00000000000280bc                leds_interface
 .rodata        0x00000000000280c4        0x8 obj_cooja/mtype381.a(moteid.o)
                0x00000000000280c4                moteid_interface
 .rodata        0x00000000000280cc       0x1c obj_cooja/mtype381.a(pir-sensor.o)
                0x00000000000280cc                pir_interface
                0x00000000000280d8                pir_sensor
 .rodata        0x00000000000280e8        0xe obj_cooja/mtype381.a(rs232.o)
                0x00000000000280e8                rs232_interface
 *fill*         0x00000000000280f6        0x2 
 .rodata        0x00000000000280f8       0x24 obj_cooja/mtype381.a(vib-sensor.o)
                0x00000000000280f8                vib_interface
                0x000000000002810c                vib_sensor
 .rodata        0x000000000002811c        0x8 obj_cooja/mtype381.a(clock.o)
                0x000000000002811c                clock_interface
 .rodata        0x0000000000028124        0x8 obj_cooja/mtype381.a(log.o)
                0x0000000000028124                simlog_interface
 .rodata        0x000000000002812c       0x2f obj_cooja/mtype381.a(cfs-cooja.o)
                0x000000000002812c                cfs_interface
 *fill*         0x000000000002815b        0x5 
 .rodata        0x0000000000028160       0x60 obj_cooja/mtype381.a(cooja-radio.o)
                0x0000000000028180                cooja_radio_driver
                0x00000000000281b8                radio_interface
 .rodata        0x00000000000281c0        0x8 obj_cooja/mtype381.a(eeprom.o)
                0x00000000000281c0                eeprom_interface
 .rodata        0x00000000000281c8        0x8 obj_cooja/mtype381.a(sensors.o)
 .rodata        0x00000000000281d0       0x33 obj_cooja/mtype381.a(dual_conf.o)
 .rodata        0x0000000000028203        0xf obj_cooja/mtype381.a(ctimer.o)
 .rodata        0x0000000000028212        0xc obj_cooja/mtype381.a(etimer.o)
 *fill*         0x000000000002821e        0x2 
 .rodata        0x0000000000028220      0x1d9 obj_cooja/mtype381.a(log_message.o)
 *fill*         0x00000000000283f9        0x3 
 .rodata        0x00000000000283fc       0x20 obj_cooja/mtype381.a(residual.o)
                0x00000000000283fc                DISSIPATION_RATE
 .rodata        0x000000000002841c        0xe obj_cooja/mtype381.a(serial-line.o)
 *fill*         0x000000000002842a        0x2 
 .rodata        0x000000000002842c       0x2c obj_cooja/mtype381.a(sicslowpan.o)
                0x000000000002842c                unc_llconf
                0x0000000000028430                unc_ctxconf
                0x0000000000028434                unc_mxconf
                0x0000000000028438                llprefix
                0x000000000002844c                sicslowpan_driver
 .rodata        0x0000000000028458      0x13c obj_cooja/mtype381.a(uip6.o)
 .rodata        0x0000000000028594        0xd obj_cooja/mtype381.a(tcpip.o)
 .rodata        0x00000000000285a1       0x3e obj_cooja/mtype381.a(uip-debug.o)
 *fill*         0x00000000000285df        0x1 
 .rodata        0x00000000000285e0        0x4 obj_cooja/mtype381.a(rpl-dag.o)
 .rodata        0x00000000000285e4       0x1c obj_cooja/mtype381.a(rpl-icmp6.o)
 .rodata        0x0000000000028600       0x8a obj_cooja/mtype381.a(rpl-timers.o)
 *fill*         0x000000000002868a        0x2 
 .rodata        0x000000000002868c       0x24 obj_cooja/mtype381.a(csma.o)
                0x0000000000028694                csma_driver
 .rodata        0x00000000000286b0        0xc obj_cooja/mtype381.a(framer-802154.o)
                0x00000000000286b0                framer_802154
 *fill*         0x00000000000286bc        0x4 
 .rodata        0x00000000000286c0       0x40 obj_cooja/mtype381.a(cxmac.o)
                0x00000000000286e0                cxmac_driver
 .rodata        0x0000000000028700        0x8 obj_cooja/mtype381.a(linkaddr.o)
                0x0000000000028700                linkaddr_null
 .rodata        0x0000000000028708       0x18 obj_cooja/mtype381.a(nullsec.o)
                0x0000000000028710                nullsec_driver

.rodata1
 *(.rodata1)

.eh_frame_hdr   0x0000000000028720     0x1454
 *(.eh_frame_hdr)
 .eh_frame_hdr  0x0000000000028720     0x1454 udp-client.co

.eh_frame       0x0000000000029b74     0x52bc
 *(.eh_frame)
 .eh_frame      0x0000000000029b74       0x3c /usr/lib/gcc/i686-linux-gnu/4.8/../../../i386-linux-gnu/crti.o
                                         0x40 (size before relaxing)
 .eh_frame      0x0000000000029bb0       0xb4 udp-client.co
                                         0xcc (size before relaxing)
 .eh_frame      0x0000000000029c64      0x148 obj_cooja/mtype381.o
                                        0x160 (size before relaxing)
 .eh_frame      0x0000000000029dac       0x40 obj_cooja/mtype381.a(simEnvChange.o)
                                         0x58 (size before relaxing)
 .eh_frame      0x0000000000029dec       0xc0 obj_cooja/mtype381.a(cooja_mt.o)
                                         0xd8 (size before relaxing)
 .eh_frame      0x0000000000029eac      0x120 obj_cooja/mtype381.a(cooja_mtarch.o)
                                        0x138 (size before relaxing)
 .eh_frame      0x0000000000029fcc       0xc0 obj_cooja/mtype381.a(rtimer-arch.o)
                                         0xd8 (size before relaxing)
 .eh_frame      0x000000000002a08c      0x160 obj_cooja/mtype381.a(beep.o)
                                        0x178 (size before relaxing)
 .eh_frame      0x000000000002a1ec       0xa0 obj_cooja/mtype381.a(button-sensor.o)
                                         0xb8 (size before relaxing)
 .eh_frame      0x000000000002a28c       0xa0 obj_cooja/mtype381.a(leds-arch.o)
                                         0xb8 (size before relaxing)
 .eh_frame      0x000000000002a32c       0x40 obj_cooja/mtype381.a(moteid.o)
                                         0x58 (size before relaxing)
 .eh_frame      0x000000000002a36c       0xa0 obj_cooja/mtype381.a(pir-sensor.o)
                                         0xb8 (size before relaxing)
 .eh_frame      0x000000000002a40c      0x100 obj_cooja/mtype381.a(rs232.o)
                                        0x118 (size before relaxing)
 .eh_frame      0x000000000002a50c       0xa0 obj_cooja/mtype381.a(vib-sensor.o)
                                         0xb8 (size before relaxing)
 .eh_frame      0x000000000002a5ac       0xc0 obj_cooja/mtype381.a(clock.o)
                                         0xd8 (size before relaxing)
 .eh_frame      0x000000000002a66c      0x120 obj_cooja/mtype381.a(log.o)
                                        0x138 (size before relaxing)
 .eh_frame      0x000000000002a78c      0x160 obj_cooja/mtype381.a(cfs-cooja.o)
                                        0x178 (size before relaxing)
 .eh_frame      0x000000000002a8ec      0x2e0 obj_cooja/mtype381.a(cooja-radio.o)
                                        0x2f8 (size before relaxing)
 .eh_frame      0x000000000002abcc       0xa0 obj_cooja/mtype381.a(eeprom.o)
                                         0xb8 (size before relaxing)
 .eh_frame      0x000000000002ac6c       0x40 obj_cooja/mtype381.a(random.o)
                                         0x58 (size before relaxing)
 .eh_frame      0x000000000002acac       0xc0 obj_cooja/mtype381.a(sensors.o)
                                         0xd8 (size before relaxing)
 .eh_frame      0x000000000002ad6c      0x100 obj_cooja/mtype381.a(leds.o)
                                        0x118 (size before relaxing)
 .eh_frame      0x000000000002ae6c      0x1a0 obj_cooja/mtype381.a(dual_conf.o)
                                        0x1b8 (size before relaxing)
 .eh_frame      0x000000000002b00c       0x40 obj_cooja/mtype381.a(autostart.o)
                                         0x58 (size before relaxing)
 .eh_frame      0x000000000002b04c      0x100 obj_cooja/mtype381.a(ctimer.o)
                                        0x118 (size before relaxing)
 .eh_frame      0x000000000002b14c      0x1e0 obj_cooja/mtype381.a(etimer.o)
                                        0x1f8 (size before relaxing)
 .eh_frame      0x000000000002b32c       0x50 obj_cooja/mtype381.a(log_message.o)
                                         0x68 (size before relaxing)
 .eh_frame      0x000000000002b37c      0x1c8 obj_cooja/mtype381.a(process.o)
                                        0x1e0 (size before relaxing)
 .eh_frame      0x000000000002b544       0x2c obj_cooja/mtype381.a(residual.o)
                                         0x44 (size before relaxing)
 .eh_frame      0x000000000002b570       0x60 obj_cooja/mtype381.a(rtimer.o)
                                         0x78 (size before relaxing)
 .eh_frame      0x000000000002b5d0       0xc4 obj_cooja/mtype381.a(stimer.o)
                                         0xdc (size before relaxing)
 .eh_frame      0x000000000002b694       0xa4 obj_cooja/mtype381.a(timer.o)
                                         0xbc (size before relaxing)
 .eh_frame      0x000000000002b738       0x60 obj_cooja/mtype381.a(serial-line.o)
                                         0x78 (size before relaxing)
 .eh_frame      0x000000000002b798      0x180 obj_cooja/mtype381.a(list.o)
                                        0x198 (size before relaxing)
 .eh_frame      0x000000000002b918       0xa0 obj_cooja/mtype381.a(ringbuf.o)
                                         0xb8 (size before relaxing)
 .eh_frame      0x000000000002b9b8      0x350 obj_cooja/mtype381.a(sicslowpan.o)
                                        0x368 (size before relaxing)
 .eh_frame      0x000000000002bd08      0x180 obj_cooja/mtype381.a(uip-ds6-nbr.o)
                                        0x198 (size before relaxing)
 .eh_frame      0x000000000002be88      0x2a0 obj_cooja/mtype381.a(uip-ds6-route.o)
                                        0x2b8 (size before relaxing)
 .eh_frame      0x000000000002c128      0x3c8 obj_cooja/mtype381.a(uip-ds6.o)
                                        0x3e0 (size before relaxing)
 .eh_frame      0x000000000002c4f0      0x27c obj_cooja/mtype381.a(uip6.o)
                                        0x294 (size before relaxing)
 .eh_frame      0x000000000002c76c      0x270 obj_cooja/mtype381.a(tcpip.o)
                                        0x288 (size before relaxing)
 .eh_frame      0x000000000002c9dc       0x48 obj_cooja/mtype381.a(uip-debug.o)
                                         0x60 (size before relaxing)
 .eh_frame      0x000000000002ca24       0xe0 obj_cooja/mtype381.a(uip-packetqueue)
                                         0xf8 (size before relaxing)
 .eh_frame      0x000000000002cb04       0x40 obj_cooja/mtype381.a(uip-udp-packet.)
                                         0x58 (size before relaxing)
 .eh_frame      0x000000000002cb44      0x76c obj_cooja/mtype381.a(rpl-dag.o)
                                        0x784 (size before relaxing)
 .eh_frame      0x000000000002d2b0      0x10c obj_cooja/mtype381.a(rpl-ext-header.)
                                        0x124 (size before relaxing)
 .eh_frame      0x000000000002d3bc      0x2f8 obj_cooja/mtype381.a(rpl-icmp6.o)
                                        0x310 (size before relaxing)
 .eh_frame      0x000000000002d6b4       0xe0 obj_cooja/mtype381.a(rpl-ltmax.o)
                                         0xf8 (size before relaxing)
 .eh_frame      0x000000000002d794      0x20c obj_cooja/mtype381.a(rpl-timers.o)
                                        0x224 (size before relaxing)
 .eh_frame      0x000000000002d9a0      0x148 obj_cooja/mtype381.a(rpl.o)
                                        0x160 (size before relaxing)
 .eh_frame      0x000000000002dae8      0x28c obj_cooja/mtype381.a(csma.o)
                                        0x2a4 (size before relaxing)
 .eh_frame      0x000000000002dd74      0x108 obj_cooja/mtype381.a(framer-802154.o)
                                        0x120 (size before relaxing)
 .eh_frame      0x000000000002de7c       0x20 obj_cooja/mtype381.a(mac.o)
                                         0x38 (size before relaxing)
 .eh_frame      0x000000000002de9c      0x2bc obj_cooja/mtype381.a(cxmac.o)
                                        0x2d4 (size before relaxing)
 .eh_frame      0x000000000002e158       0x80 obj_cooja/mtype381.a(linkaddr.o)
                                         0x98 (size before relaxing)
 .eh_frame      0x000000000002e1d8      0x2cc obj_cooja/mtype381.a(nbr-table.o)
                                        0x2e4 (size before relaxing)
 .eh_frame      0x000000000002e4a4       0x20 obj_cooja/mtype381.a(netstack.o)
                                         0x38 (size before relaxing)
 .eh_frame      0x000000000002e4c4      0x214 obj_cooja/mtype381.a(packetbuf.o)
                                        0x22c (size before relaxing)
 .eh_frame      0x000000000002e6d8      0x1a0 obj_cooja/mtype381.a(queuebuf.o)
                                        0x1b8 (size before relaxing)
 .eh_frame      0x000000000002e878       0x80 obj_cooja/mtype381.a(nullsec.o)
                                         0x98 (size before relaxing)
 .eh_frame      0x000000000002e8f8       0xa0 obj_cooja/mtype381.a(watchdog.o)
                                         0xb8 (size before relaxing)
 .eh_frame      0x000000000002e998       0xa0 obj_cooja/mtype381.a(memb.o)
                                         0xb8 (size before relaxing)
 .eh_frame      0x000000000002ea38      0x168 obj_cooja/mtype381.a(uip-icmp6.o)
                                        0x180 (size before relaxing)
 .eh_frame      0x000000000002eba0       0x68 obj_cooja/mtype381.a(uip-nd6.o)
                                         0x80 (size before relaxing)
 .eh_frame      0x000000000002ec08       0xc0 obj_cooja/mtype381.a(rpl-nbr-policy.)
                                         0xd8 (size before relaxing)
 .eh_frame      0x000000000002ecc8      0x164 obj_cooja/mtype381.a(frame802154.o)
                                        0x17c (size before relaxing)
 .eh_frame      0x000000000002ee2c        0x4 /usr/lib/gcc/i686-linux-gnu/4.8/crtendS.o

.gcc_except_table
 *(.gcc_except_table .gcc_except_table.*)

.exception_ranges
 *(.exception_ranges .exception_ranges*)
                0x000000000002ee30                . = (ALIGN (0x1000) - ((0x1000 - .) & 0xfff))
                0x000000000002fef8                . = DATA_SEGMENT_ALIGN (0x1000, 0x1000)

.eh_frame
 *(.eh_frame)

.gcc_except_table
 *(.gcc_except_table .gcc_except_table.*)

.exception_ranges
 *(.exception_ranges .exception_ranges*)

.tdata
 *(.tdata .tdata.* .gnu.linkonce.td.*)

.tbss
 *(.tbss .tbss.* .gnu.linkonce.tb.*)
 *(.tcommon)

.preinit_array
 *(.preinit_array)

.init_array     0x000000000002fef8        0x4
 *(SORT(.init_array.*) SORT(.ctors.*))
 *(.init_array EXCLUDE_FILE(*crtend?.o *crtend.o *crtbegin?.o *crtbegin.o) .ctors)
 .init_array    0x000000000002fef8        0x4 /usr/lib/gcc/i686-linux-gnu/4.8/crtbeginS.o

.fini_array     0x000000000002fefc        0x4
 *(SORT(.fini_array.*) SORT(.dtors.*))
 *(.fini_array EXCLUDE_FILE(*crtend?.o *crtend.o *crtbegin?.o *crtbegin.o) .dtors)
 .fini_array    0x000000000002fefc        0x4 /usr/lib/gcc/i686-linux-gnu/4.8/crtbeginS.o

.ctors
 *crtbegin.o(.ctors)
 *crtbegin?.o(.ctors)
 *(EXCLUDE_FILE(*crtend?.o *crtend.o) .ctors)
 *(SORT(.ctors.*))
 *(.ctors)

.dtors
 *crtbegin.o(.dtors)
 *crtbegin?.o(.dtors)
 *(EXCLUDE_FILE(*crtend?.o *crtend.o) .dtors)
 *(SORT(.dtors.*))
 *(.dtors)

.jcr            0x000000000002ff00        0x4
 *(.jcr)
 .jcr           0x000000000002ff00        0x0 /usr/lib/gcc/i686-linux-gnu/4.8/crtbeginS.o
 .jcr           0x000000000002ff00        0x4 /usr/lib/gcc/i686-linux-gnu/4.8/crtendS.o

.data.rel.ro
 *(.data.rel.ro.local* .gnu.linkonce.d.rel.ro.local.*)
 *(.data.rel.ro .data.rel.ro.* .gnu.linkonce.d.rel.ro.*)

.dynamic        0x000000000002ff04       0xe8
 *(.dynamic)
 .dynamic       0x000000000002ff04       0xe8 /usr/lib/gcc/i686-linux-gnu/4.8/../../../i386-linux-gnu/crti.o
                0x000000000002ff04                _DYNAMIC

.got            0x000000000002ffec       0x14
 *(.got)
 .got           0x000000000002ffec       0x14 /usr/lib/gcc/i686-linux-gnu/4.8/../../../i386-linux-gnu/crti.o
 *(.igot)
                0x0000000000030ff4                . = DATA_SEGMENT_RELRO_END (., (SIZEOF (.got.plt) >= 0xc)?0xc:0x0)

.got.plt        0x0000000000030000       0x14
 *(.got.plt)
 .got.plt       0x0000000000030000       0x14 /usr/lib/gcc/i686-linux-gnu/4.8/../../../i386-linux-gnu/crti.o
                0x0000000000030000                _GLOBAL_OFFSET_TABLE_
 *(.igot.plt)

.data           0x0000000000030020      0x2c2
 *(.data .data.* .gnu.linkonce.d.*)
 .data          0x0000000000030020        0x0 /usr/lib/gcc/i686-linux-gnu/4.8/../../../i386-linux-gnu/crti.o
 .data          0x0000000000030020        0x0 /usr/lib/gcc/i686-linux-gnu/4.8/crtbeginS.o
 .data.rel      0x0000000000030020        0x4 /usr/lib/gcc/i686-linux-gnu/4.8/crtbeginS.o
                0x0000000000030020                __dso_handle
 .data          0x0000000000030024       0x14 udp-client.co
                0x0000000000030028                udp_client_process
 *fill*         0x0000000000030038        0x8 
 .data          0x0000000000030040       0x44 obj_cooja/mtype381.o
                0x0000000000030040                simInterfaces
                0x0000000000030074                sensors
 .data          0x0000000000030084        0x0 obj_cooja/mtype381.a(simEnvChange.o)
 .data          0x0000000000030084        0x0 obj_cooja/mtype381.a(cooja_mt.o)
 .data          0x0000000000030084        0x0 obj_cooja/mtype381.a(cooja_mtarch.o)
 .data          0x0000000000030084        0x0 obj_cooja/mtype381.a(rtimer-arch.o)
 .data          0x0000000000030084        0x0 obj_cooja/mtype381.a(beep.o)
 .data          0x0000000000030084        0x0 obj_cooja/mtype381.a(button-sensor.o)
 .data          0x0000000000030084        0x0 obj_cooja/mtype381.a(leds-arch.o)
 .data          0x0000000000030084        0x0 obj_cooja/mtype381.a(moteid.o)
 .data          0x0000000000030084        0x0 obj_cooja/mtype381.a(pir-sensor.o)
 .data          0x0000000000030084        0x0 obj_cooja/mtype381.a(rs232.o)
 .data          0x0000000000030084        0x0 obj_cooja/mtype381.a(vib-sensor.o)
 .data          0x0000000000030084        0x0 obj_cooja/mtype381.a(clock.o)
 .data          0x0000000000030084        0x0 obj_cooja/mtype381.a(log.o)
 .data          0x0000000000030084        0x0 obj_cooja/mtype381.a(cfs-cooja.o)
 .data          0x0000000000030084       0x40 obj_cooja/mtype381.a(cooja-radio.o)
                0x0000000000030084                simRadioChannelLR
                0x0000000000030088                simRadioHWOnLR
                0x000000000003008c                simSignalStrengthLR
                0x0000000000030090                simLastSignalStrengthLR
                0x0000000000030094                simPowerLR
                0x0000000000030098                simLQILR
                0x000000000003009c                simRadioChannel
                0x00000000000300a0                simRadioHWOn
                0x00000000000300a4                simSignalStrength
                0x00000000000300a8                simLastSignalStrength
                0x00000000000300ac                simPower
                0x00000000000300b0                simLQI
                0x00000000000300b4                cooja_radio_process
 .data          0x00000000000300c4        0x0 obj_cooja/mtype381.a(eeprom.o)
 .data          0x00000000000300c4        0x0 obj_cooja/mtype381.a(random.o)
 .data          0x00000000000300c4       0x10 obj_cooja/mtype381.a(sensors.o)
                0x00000000000300c4                sensors_process
 .data          0x00000000000300d4        0x0 obj_cooja/mtype381.a(leds.o)
 .data          0x00000000000300d4       0x3a obj_cooja/mtype381.a(dual_conf.o)
                0x00000000000300d4                radio_received
                0x00000000000300d8                dual_dio_broadcast
                0x00000000000300e8                dual_dis_broadcast
                0x00000000000300f8                dual_LSA_converge_broadcast
 .data          0x000000000003010e        0x0 obj_cooja/mtype381.a(autostart.o)
 *fill*         0x000000000003010e        0x2 
 .data          0x0000000000030110       0x14 obj_cooja/mtype381.a(ctimer.o)
                0x0000000000030114                ctimer_process
 .data          0x0000000000030124       0x10 obj_cooja/mtype381.a(etimer.o)
                0x0000000000030124                etimer_process
 .data          0x0000000000030134        0x0 obj_cooja/mtype381.a(log_message.o)
 .data          0x0000000000030134        0x0 obj_cooja/mtype381.a(process.o)
 .data          0x0000000000030134        0x0 obj_cooja/mtype381.a(residual.o)
 .data          0x0000000000030134        0x0 obj_cooja/mtype381.a(rtimer.o)
 .data          0x0000000000030134        0x0 obj_cooja/mtype381.a(stimer.o)
 .data          0x0000000000030134        0x0 obj_cooja/mtype381.a(timer.o)
 .data          0x0000000000030134       0x10 obj_cooja/mtype381.a(serial-line.o)
                0x0000000000030134                serial_line_process
 .data          0x0000000000030144        0x0 obj_cooja/mtype381.a(list.o)
 .data          0x0000000000030144        0x0 obj_cooja/mtype381.a(ringbuf.o)
 .data          0x0000000000030144        0x0 obj_cooja/mtype381.a(sicslowpan.o)
 .data          0x0000000000030144       0x14 obj_cooja/mtype381.a(uip-ds6-nbr.o)
                0x0000000000030154                ds6_neighbors
 .data          0x0000000000030158       0x44 obj_cooja/mtype381.a(uip-ds6-route.o)
                0x0000000000030168                nbr_routes
 .data          0x000000000003019c        0x0 obj_cooja/mtype381.a(uip-ds6.o)
 .data          0x000000000003019c        0x0 obj_cooja/mtype381.a(uip6.o)
 .data          0x000000000003019c       0x10 obj_cooja/mtype381.a(tcpip.o)
                0x000000000003019c                tcpip_process
 .data          0x00000000000301ac        0x0 obj_cooja/mtype381.a(uip-debug.o)
 .data          0x00000000000301ac        0xc obj_cooja/mtype381.a(uip-packetqueue)
 .data          0x00000000000301b8        0x0 obj_cooja/mtype381.a(uip-udp-packet.)
 .data          0x00000000000301b8       0x28 obj_cooja/mtype381.a(rpl-dag.o)
                0x00000000000301c8                rpl_parents
                0x00000000000301dc                rpl_children
 .data          0x00000000000301e0        0x0 obj_cooja/mtype381.a(rpl-ext-header.)
 .data          0x00000000000301e0       0x40 obj_cooja/mtype381.a(rpl-icmp6.o)
 .data          0x0000000000030220       0x1c obj_cooja/mtype381.a(rpl-ltmax.o)
                0x0000000000030220                rpl_ltmax_of
 .data          0x000000000003023c        0x0 obj_cooja/mtype381.a(rpl-timers.o)
 .data          0x000000000003023c        0x0 obj_cooja/mtype381.a(rpl.o)
 .data          0x000000000003023c       0x28 obj_cooja/mtype381.a(csma.o)
 .data          0x0000000000030264        0x0 obj_cooja/mtype381.a(framer-802154.o)
 .data          0x0000000000030264        0x0 obj_cooja/mtype381.a(mac.o)
 .data          0x0000000000030264       0x30 obj_cooja/mtype381.a(cxmac.o)
                0x0000000000030264                cxmac_config
                0x0000000000030274                strobe_wait
 .data          0x0000000000030294        0x0 obj_cooja/mtype381.a(linkaddr.o)
 .data          0x0000000000030294       0x10 obj_cooja/mtype381.a(nbr-table.o)
 .data          0x00000000000302a4        0x0 obj_cooja/mtype381.a(netstack.o)
 .data          0x00000000000302a4        0x4 obj_cooja/mtype381.a(packetbuf.o)
 .data          0x00000000000302a8       0x18 obj_cooja/mtype381.a(queuebuf.o)
 .data          0x00000000000302c0        0x0 obj_cooja/mtype381.a(nullsec.o)
 .data          0x00000000000302c0        0x0 obj_cooja/mtype381.a(watchdog.o)
 .data          0x00000000000302c0        0x0 obj_cooja/mtype381.a(rimestats.o)
 .data          0x00000000000302c0        0x0 obj_cooja/mtype381.a(memb.o)
 .data          0x00000000000302c0       0x20 obj_cooja/mtype381.a(uip-icmp6.o)
 .data          0x00000000000302e0        0x0 obj_cooja/mtype381.a(uip-nd6.o)
 .data          0x00000000000302e0        0x0 obj_cooja/mtype381.a(rpl-nbr-policy.)
 .data          0x00000000000302e0        0x2 obj_cooja/mtype381.a(frame802154.o)
 .data          0x00000000000302e2        0x0 /usr/lib/gcc/i686-linux-gnu/4.8/crtendS.o
 .data          0x00000000000302e2        0x0 /usr/lib/gcc/i686-linux-gnu/4.8/../../../i386-linux-gnu/crtn.o

.tm_clone_table
                0x00000000000302e4        0x0
 .tm_clone_table
                0x00000000000302e4        0x0 /usr/lib/gcc/i686-linux-gnu/4.8/crtbeginS.o
 .tm_clone_table
                0x00000000000302e4        0x0 /usr/lib/gcc/i686-linux-gnu/4.8/crtendS.o

.data1
 *(.data1)
                0x00000000000302e4                _edata = .
                0x00000000000302e4                PROVIDE (edata, .)
                0x00000000000302e4                . = .
                0x00000000000302e4                __bss_start = .

.bss            0x0000000000030300     0x8668
 *(.dynbss)
 .dynbss        0x0000000000000000        0x0 /usr/lib/gcc/i686-linux-gnu/4.8/../../../i386-linux-gnu/crti.o
 *(.bss .bss.* .gnu.linkonce.b.*)
 .bss           0x0000000000030300        0x0 /usr/lib/gcc/i686-linux-gnu/4.8/../../../i386-linux-gnu/crti.o
 .bss           0x0000000000030300        0x1 /usr/lib/gcc/i686-linux-gnu/4.8/crtbeginS.o
 *fill*         0x0000000000030301       0x1f 
 .bss           0x0000000000030320       0x64 udp-client.co
                0x0000000000030320                my_weight
 *fill*         0x0000000000030384       0x1c 
 .bss           0x00000000000303a0     0x2030 obj_cooja/mtype381.o
 .bss           0x00000000000323d0        0x1 obj_cooja/mtype381.a(simEnvChange.o)
                0x00000000000323d0                simDontFallAsleep
 *fill*         0x00000000000323d1        0x3 
 .bss           0x00000000000323d4        0x4 obj_cooja/mtype381.a(cooja_mt.o)
 .bss           0x00000000000323d8        0x4 obj_cooja/mtype381.a(cooja_mtarch.o)
 .bss           0x00000000000323dc        0xc obj_cooja/mtype381.a(rtimer-arch.o)
 .bss           0x00000000000323e8        0x0 obj_cooja/mtype381.a(beep.o)
 .bss           0x00000000000323e8        0x8 obj_cooja/mtype381.a(button-sensor.o)
 .bss           0x00000000000323f0        0x0 obj_cooja/mtype381.a(leds-arch.o)
 .bss           0x00000000000323f0        0x0 obj_cooja/mtype381.a(moteid.o)
 .bss           0x00000000000323f0        0x1 obj_cooja/mtype381.a(pir-sensor.o)
                0x00000000000323f0                simPirValue
 *fill*         0x00000000000323f1        0x3 
 .bss           0x00000000000323f4        0x4 obj_cooja/mtype381.a(rs232.o)
 .bss           0x00000000000323f8        0x1 obj_cooja/mtype381.a(vib-sensor.o)
                0x00000000000323f8                simVibValue
 .bss           0x00000000000323f9        0x0 obj_cooja/mtype381.a(clock.o)
 *fill*         0x00000000000323f9        0x7 
 .bss           0x0000000000032400      0x420 obj_cooja/mtype381.a(log.o)
 .bss           0x0000000000032820      0xfc0 obj_cooja/mtype381.a(cfs-cooja.o)
                0x0000000000032820                simCFSData
                0x00000000000337c0                simCFSSize
                0x00000000000337c4                simCFSChanged
                0x00000000000337c8                simCFSRead
                0x00000000000337cc                simCFSWritten
 .bss           0x00000000000337e0       0x24 obj_cooja/mtype381.a(cooja-radio.o)
                0x00000000000337e0                simReceivingLR
                0x00000000000337e4                simInSizeLR
                0x00000000000337e8                simOutSizeLR
                0x00000000000337ec                simReceiving
                0x00000000000337f0                simInSize
                0x00000000000337f4                simOutSize
                0x00000000000337f8                LongRangeTransmit
                0x00000000000337fc                LongRangeReceiving
 .bss           0x0000000000033804        0xc obj_cooja/mtype381.a(eeprom.o)
                0x0000000000033804                simEEPROMChanged
                0x0000000000033808                simEEPROMRead
                0x000000000003380c                simEEPROMWritten
 .bss           0x0000000000033810        0x0 obj_cooja/mtype381.a(random.o)
 .bss           0x0000000000033810        0xc obj_cooja/mtype381.a(sensors.o)
 .bss           0x000000000003381c        0x1 obj_cooja/mtype381.a(leds.o)
 *fill*         0x000000000003381d        0x3 
 .bss           0x0000000000033820       0x40 obj_cooja/mtype381.a(dual_conf.o)
                0x0000000000033820                long_range_radio
 .bss           0x0000000000033860        0x0 obj_cooja/mtype381.a(autostart.o)
 .bss           0x0000000000033860        0x5 obj_cooja/mtype381.a(ctimer.o)
 *fill*         0x0000000000033865        0x3 
 .bss           0x0000000000033868        0x8 obj_cooja/mtype381.a(etimer.o)
 .bss           0x0000000000033870        0x0 obj_cooja/mtype381.a(log_message.o)
 *fill*         0x0000000000033870       0x10 
 .bss           0x0000000000033880      0x1b1 obj_cooja/mtype381.a(process.o)
                0x0000000000033880                process_list
                0x0000000000033884                process_current
 .bss           0x0000000000033a31        0x0 obj_cooja/mtype381.a(residual.o)
 *fill*         0x0000000000033a31        0x3 
 .bss           0x0000000000033a34        0x4 obj_cooja/mtype381.a(rtimer.o)
 .bss           0x0000000000033a38        0x0 obj_cooja/mtype381.a(stimer.o)
 .bss           0x0000000000033a38        0x0 obj_cooja/mtype381.a(timer.o)
 *fill*         0x0000000000033a38        0x8 
 .bss           0x0000000000033a40      0x140 obj_cooja/mtype381.a(serial-line.o)
 .bss           0x0000000000033b80        0x0 obj_cooja/mtype381.a(list.o)
 .bss           0x0000000000033b80        0x0 obj_cooja/mtype381.a(ringbuf.o)
 .bss           0x0000000000033b80      0x70c obj_cooja/mtype381.a(sicslowpan.o)
 *fill*         0x000000000003428c       0x14 
 .bss           0x00000000000342a0       0xc0 obj_cooja/mtype381.a(uip-ds6-nbr.o)
 .bss           0x0000000000034360      0x4a8 obj_cooja/mtype381.a(uip-ds6-route.o)
 .bss           0x0000000000034808       0x30 obj_cooja/mtype381.a(uip-ds6.o)
 .bss           0x0000000000034838        0xe obj_cooja/mtype381.a(uip6.o)
                0x0000000000034838                uip_ext_bitmap
                0x0000000000034839                uip_ext_len
                0x000000000003483a                uip_ext_opt_offset
 *fill*         0x0000000000034846       0x1a 
 .bss           0x0000000000034860       0x68 obj_cooja/mtype381.a(tcpip.o)
 .bss           0x00000000000348c8        0x0 obj_cooja/mtype381.a(uip-debug.o)
 *fill*         0x00000000000348c8       0x18 
 .bss           0x00000000000348e0      0xcf8 obj_cooja/mtype381.a(uip-packetqueue)
 .bss           0x00000000000355d8        0x0 obj_cooja/mtype381.a(uip-udp-packet.)
 *fill*         0x00000000000355d8        0x8 
 .bss           0x00000000000355e0       0x88 obj_cooja/mtype381.a(rpl-dag.o)
 .bss           0x0000000000035668        0x0 obj_cooja/mtype381.a(rpl-ext-header.)
 .bss           0x0000000000035668        0x0 obj_cooja/mtype381.a(rpl-icmp6.o)
 .bss           0x0000000000035668        0x0 obj_cooja/mtype381.a(rpl-ltmax.o)
 *fill*         0x0000000000035668       0x18 
 .bss           0x0000000000035680       0x60 obj_cooja/mtype381.a(rpl-timers.o)
 .bss           0x00000000000356e0        0x4 obj_cooja/mtype381.a(rpl.o)
 *fill*         0x00000000000356e4       0x1c 
 .bss           0x0000000000035700      0x288 obj_cooja/mtype381.a(csma.o)
 .bss           0x0000000000035988        0x2 obj_cooja/mtype381.a(framer-802154.o)
 .bss           0x000000000003598a        0x0 obj_cooja/mtype381.a(mac.o)
 *fill*         0x000000000003598a       0x16 
 .bss           0x00000000000359a0       0xb1 obj_cooja/mtype381.a(cxmac.o)
 .bss           0x0000000000035a51        0x0 obj_cooja/mtype381.a(linkaddr.o)
 *fill*         0x0000000000035a51        0xf 
 .bss           0x0000000000035a60       0xc4 obj_cooja/mtype381.a(nbr-table.o)
 .bss           0x0000000000035b24        0x0 obj_cooja/mtype381.a(netstack.o)
 *fill*         0x0000000000035b24       0x1c 
 .bss           0x0000000000035b40       0xa0 obj_cooja/mtype381.a(packetbuf.o)
 .bss           0x0000000000035be0      0xb80 obj_cooja/mtype381.a(queuebuf.o)
 .bss           0x0000000000036760        0x0 obj_cooja/mtype381.a(nullsec.o)
 .bss           0x0000000000036760        0x0 obj_cooja/mtype381.a(watchdog.o)
 .bss           0x0000000000036760        0x0 obj_cooja/mtype381.a(rimestats.o)
 .bss           0x0000000000036760        0x0 obj_cooja/mtype381.a(memb.o)
 .bss           0x0000000000036760       0x18 obj_cooja/mtype381.a(uip-icmp6.o)
 .bss           0x0000000000036778        0x0 obj_cooja/mtype381.a(uip-nd6.o)
 *fill*         0x0000000000036778        0x8 
 .bss           0x0000000000036780       0x44 obj_cooja/mtype381.a(rpl-nbr-policy.)
 .bss           0x00000000000367c4        0x0 obj_cooja/mtype381.a(frame802154.o)
 .bss           0x00000000000367c4        0x0 /usr/lib/gcc/i686-linux-gnu/4.8/crtendS.o
 .bss           0x00000000000367c4        0x0 /usr/lib/gcc/i686-linux-gnu/4.8/../../../i386-linux-gnu/crtn.o
 *(COMMON)
 COMMON         0x00000000000367c4       0x75 udp-client.co
                0x00000000000367c4                dio_count
                0x00000000000367c8                dis_count
                0x00000000000367cc                tcp_output_count
                0x00000000000367d0                csma_transmission_count
                0x00000000000367d4                dao_ack_fwd_count
                0x00000000000367d8                COOJA_radioRxLong
                0x00000000000367dc                cxmac_collision_count
                0x00000000000367e0                LSA_message_input
                0x00000000000367e4                control_message_count
                0x00000000000367e8                dao_count
                0x00000000000367ec                icmp_count
                0x00000000000367f0                COOJA_radioTx
                0x00000000000367f4                LSA_SR_preamble
                0x00000000000367f8                cxmac_transmission_count
                0x00000000000367fc                dao_ack_count
                0x0000000000036800                LSA_lr_child
                0x0000000000036804                data_message_count
                0x0000000000036808                LSA_converge
                0x0000000000036809                my_sink_reachability
                0x000000000003680c                COOJA_radioTxLong
                0x0000000000036810                COOJA_radioRx
                0x0000000000036814                my_parent_number
                0x0000000000036818                COOJA_radioOn
                0x000000000003681c                LSA_broadcast_count
                0x0000000000036820                LSA_count
                0x0000000000036824                dao_fwd_count
                0x0000000000036828                COOJA_duration
                0x000000000003682c                dio_ack_count
                0x0000000000036830                COOJA_radioOnLong
                0x0000000000036834                data_fwd_count
                0x0000000000036838                LSA_message_flag
 *fill*         0x0000000000036839        0x3 
 COMMON         0x000000000003683c        0xc obj_cooja/mtype381.o
                0x000000000003683c                referenceVar
                0x0000000000036840                debugfp
                0x0000000000036844                sensors_flags
 COMMON         0x0000000000036848        0xc obj_cooja/mtype381.a(simEnvChange.o)
                0x0000000000036848                simEtimerPending
                0x000000000003684c                simProcessRunValue
                0x0000000000036850                simNextExpirationTime
 COMMON         0x0000000000036854        0x1 obj_cooja/mtype381.a(beep.o)
                0x0000000000036854                simBeeped
 COMMON         0x0000000000036855        0x3 obj_cooja/mtype381.a(button-sensor.o)
                0x0000000000036855                simButtonIsActive
                0x0000000000036856                simButtonIsDown
                0x0000000000036857                simButtonChanged
 COMMON         0x0000000000036858        0x1 obj_cooja/mtype381.a(leds-arch.o)
                0x0000000000036858                simLedsValue
 *fill*         0x0000000000036859        0x3 
 COMMON         0x000000000003685c        0xc obj_cooja/mtype381.a(moteid.o)
                0x000000000003685c                simRandomSeed
                0x0000000000036860                simMoteIDChanged
                0x0000000000036864                simMoteID
 COMMON         0x0000000000036868        0x2 obj_cooja/mtype381.a(pir-sensor.o)
                0x0000000000036868                simPirIsActive
                0x0000000000036869                simPirChanged
 *fill*         0x000000000003686a       0x16 
 COMMON         0x0000000000036880      0x820 obj_cooja/mtype381.a(rs232.o)
                0x0000000000036880                simSerialReceivingFlag
                0x0000000000036884                simSerialReceivingLength
                0x00000000000368a0                simSerialReceivingData
 COMMON         0x00000000000370a0        0x2 obj_cooja/mtype381.a(vib-sensor.o)
                0x00000000000370a0                simVibChanged
                0x00000000000370a1                simVibIsActive
 *fill*         0x00000000000370a2        0x2 
 COMMON         0x00000000000370a4        0x4 obj_cooja/mtype381.a(clock.o)
                0x00000000000370a4                simCurrentTime
 *fill*         0x00000000000370a8       0x18 
 COMMON         0x00000000000370c0      0x420 obj_cooja/mtype381.a(log.o)
                0x00000000000370c0                simLoggedLength
                0x00000000000370c4                simLoggedFlag
                0x00000000000370e0                simLoggedData
 COMMON         0x00000000000374e0      0x260 obj_cooja/mtype381.a(cooja-radio.o)
                0x00000000000374e0                simOutDataBuffer
                0x0000000000037560                simRadioTarget
                0x0000000000037580                simInDataBufferLR
                0x0000000000037600                packet_forwarding
                0x0000000000037620                simOutDataBufferLR
                0x00000000000376a0                dual_duty_cycle_count
                0x00000000000376c0                simInDataBuffer
 COMMON         0x0000000000037740      0x400 obj_cooja/mtype381.a(eeprom.o)
                0x0000000000037740                simEEPROMData
 COMMON         0x0000000000037b40        0x1 obj_cooja/mtype381.a(sensors.o)
                0x0000000000037b40                sensors_event
 *fill*         0x0000000000037b41        0x3 
 COMMON         0x0000000000037b44        0x4 obj_cooja/mtype381.a(log_message.o)
                0x0000000000037b44                log_fp
 COMMON         0x0000000000037b48        0x1 obj_cooja/mtype381.a(serial-line.o)
                0x0000000000037b48                serial_line_event_message
 *fill*         0x0000000000037b49       0x17 
 COMMON         0x0000000000037b60       0x50 obj_cooja/mtype381.a(uip-ds6-nbr.o)
                0x0000000000037b60                ds6_lr_addrmap
 *fill*         0x0000000000037bb0       0x10 
 COMMON         0x0000000000037bc0      0x298 obj_cooja/mtype381.a(uip-ds6.o)
                0x0000000000037bc0                uip_ds6_prefix_list
                0x0000000000037c20                uip_ds6_timer_periodic
                0x0000000000037c30                uip_ds6_netif_addr_list_offset
                0x0000000000037c40                uip_ds6_if
                0x0000000000037d38                uip_ds6_timer_ra
                0x0000000000037d40                uip_ds6_addr_size
                0x0000000000037d60                long_uip_ds6_if
 *fill*         0x0000000000037e58        0x8 
 COMMON         0x0000000000037e60      0x8ec obj_cooja/mtype381.a(uip6.o)
                0x0000000000037e60                uip_slen
                0x0000000000037e62                uip_acc32
                0x0000000000037e80                uip_conns
                0x0000000000037f40                uip_lladdr
                0x0000000000037f48                uip_appdata
                0x0000000000037f4c                uip_flags
                0x0000000000037f60                uip_aligned_buf
                0x00000000000385a0                uip_listenports
                0x00000000000385b0                uip_len
                0x00000000000385b2                uip_long_lladdr
                0x00000000000385bc                uip_sappdata
                0x00000000000385c0                uip_udp_conns
                0x0000000000038740                uip_udp_conn
                0x0000000000038744                uip_next_hdr
                0x0000000000038748                uip_conn
 COMMON         0x000000000003874c        0x1 obj_cooja/mtype381.a(tcpip.o)
                0x000000000003874c                tcpip_event
 *fill*         0x000000000003874d       0x13 
 COMMON         0x0000000000038760      0x178 obj_cooja/mtype381.a(rpl-dag.o)
                0x0000000000038760                default_instance
                0x0000000000038780                instance_table
 COMMON         0x00000000000388d8       0x10 obj_cooja/mtype381.a(linkaddr.o)
                0x00000000000388d8                linkaddr_node_addr
                0x00000000000388e0                long_linkaddr_node_addr
 COMMON         0x00000000000388e8       0x2e obj_cooja/mtype381.a(packetbuf.o)
                0x00000000000388e8                packetbuf_attrs
                0x0000000000038906                packetbuf_addrs
 *fill*         0x0000000000038916        0xa 
 COMMON         0x0000000000038920       0x48 obj_cooja/mtype381.a(rimestats.o)
                0x0000000000038920                rimestats
                0x0000000000038968                . = ALIGN ((. != 0x0)?0x4:0x1)
                0x0000000000038968                . = ALIGN (0x4)
                0x0000000000038968                . = SEGMENT_START ("ldata-segment", .)
                0x0000000000038968                . = ALIGN (0x4)
                0x0000000000038968                _end = .
                0x0000000000038968                PROVIDE (end, .)
                0x0000000000038968                . = DATA_SEGMENT_END (.)

.stab
 *(.stab)

.stabstr
 *(.stabstr)

.stab.excl
 *(.stab.excl)

.stab.exclstr
 *(.stab.exclstr)

.stab.index
 *(.stab.index)

.stab.indexstr
 *(.stab.indexstr)

.comment        0x0000000000000000       0x29
 *(.comment)
 .comment       0x0000000000000000       0x29 /usr/lib/gcc/i686-linux-gnu/4.8/crtbeginS.o
                                         0x2a (size before relaxing)
 .comment       0x0000000000000000       0x2a udp-client.co
 .comment       0x0000000000000000       0x2a obj_cooja/mtype381.o
 .comment       0x0000000000000000       0x2a obj_cooja/mtype381.a(simEnvChange.o)
 .comment       0x0000000000000000       0x2a obj_cooja/mtype381.a(cooja_mt.o)
 .comment       0x0000000000000000       0x2a obj_cooja/mtype381.a(cooja_mtarch.o)
 .comment       0x0000000000000000       0x2a obj_cooja/mtype381.a(rtimer-arch.o)
 .comment       0x0000000000000000       0x2a obj_cooja/mtype381.a(beep.o)
 .comment       0x0000000000000000       0x2a obj_cooja/mtype381.a(button-sensor.o)
 .comment       0x0000000000000000       0x2a obj_cooja/mtype381.a(leds-arch.o)
 .comment       0x0000000000000000       0x2a obj_cooja/mtype381.a(moteid.o)
 .comment       0x0000000000000000       0x2a obj_cooja/mtype381.a(pir-sensor.o)
 .comment       0x0000000000000000       0x2a obj_cooja/mtype381.a(rs232.o)
 .comment       0x0000000000000000       0x2a obj_cooja/mtype381.a(vib-sensor.o)
 .comment       0x0000000000000000       0x2a obj_cooja/mtype381.a(clock.o)
 .comment       0x0000000000000000       0x2a obj_cooja/mtype381.a(log.o)
 .comment       0x0000000000000000       0x2a obj_cooja/mtype381.a(cfs-cooja.o)
 .comment       0x0000000000000000       0x2a obj_cooja/mtype381.a(cooja-radio.o)
 .comment       0x0000000000000000       0x2a obj_cooja/mtype381.a(eeprom.o)
 .comment       0x0000000000000000       0x2a obj_cooja/mtype381.a(random.o)
 .comment       0x0000000000000000       0x2a obj_cooja/mtype381.a(sensors.o)
 .comment       0x0000000000000000       0x2a obj_cooja/mtype381.a(leds.o)
 .comment       0x0000000000000000       0x2a obj_cooja/mtype381.a(dual_conf.o)
 .comment       0x0000000000000000       0x2a obj_cooja/mtype381.a(autostart.o)
 .comment       0x0000000000000000       0x2a obj_cooja/mtype381.a(ctimer.o)
 .comment       0x0000000000000000       0x2a obj_cooja/mtype381.a(etimer.o)
 .comment       0x0000000000000000       0x2a obj_cooja/mtype381.a(log_message.o)
 .comment       0x0000000000000000       0x2a obj_cooja/mtype381.a(process.o)
 .comment       0x0000000000000000       0x2a obj_cooja/mtype381.a(residual.o)
 .comment       0x0000000000000000       0x2a obj_cooja/mtype381.a(rtimer.o)
 .comment       0x0000000000000000       0x2a obj_cooja/mtype381.a(stimer.o)
 .comment       0x0000000000000000       0x2a obj_cooja/mtype381.a(timer.o)
 .comment       0x0000000000000000       0x2a obj_cooja/mtype381.a(serial-line.o)
 .comment       0x0000000000000000       0x2a obj_cooja/mtype381.a(list.o)
 .comment       0x0000000000000000       0x2a obj_cooja/mtype381.a(ringbuf.o)
 .comment       0x0000000000000000       0x2a obj_cooja/mtype381.a(sicslowpan.o)
 .comment       0x0000000000000000       0x2a obj_cooja/mtype381.a(uip-ds6-nbr.o)
 .comment       0x0000000000000000       0x2a obj_cooja/mtype381.a(uip-ds6-route.o)
 .comment       0x0000000000000000       0x2a obj_cooja/mtype381.a(uip-ds6.o)
 .comment       0x0000000000000000       0x2a obj_cooja/mtype381.a(uip6.o)
 .comment       0x0000000000000000       0x2a obj_cooja/mtype381.a(tcpip.o)
 .comment       0x0000000000000000       0x2a obj_cooja/mtype381.a(uip-debug.o)
 .comment       0x0000000000000000       0x2a obj_cooja/mtype381.a(uip-packetqueue)
 .comment       0x0000000000000000       0x2a obj_cooja/mtype381.a(uip-udp-packet.)
 .comment       0x0000000000000000       0x2a obj_cooja/mtype381.a(rpl-dag.o)
 .comment       0x0000000000000000       0x2a obj_cooja/mtype381.a(rpl-ext-header.)
 .comment       0x0000000000000000       0x2a obj_cooja/mtype381.a(rpl-icmp6.o)
 .comment       0x0000000000000000       0x2a obj_cooja/mtype381.a(rpl-ltmax.o)
 .comment       0x0000000000000000       0x2a obj_cooja/mtype381.a(rpl-timers.o)
 .comment       0x0000000000000000       0x2a obj_cooja/mtype381.a(rpl.o)
 .comment       0x0000000000000000       0x2a obj_cooja/mtype381.a(csma.o)
 .comment       0x0000000000000000       0x2a obj_cooja/mtype381.a(framer-802154.o)
 .comment       0x0000000000000000       0x2a obj_cooja/mtype381.a(mac.o)
 .comment       0x0000000000000000       0x2a obj_cooja/mtype381.a(cxmac.o)
 .comment       0x0000000000000000       0x2a obj_cooja/mtype381.a(linkaddr.o)
 .comment       0x0000000000000000       0x2a obj_cooja/mtype381.a(nbr-table.o)
 .comment       0x0000000000000000       0x2a obj_cooja/mtype381.a(netstack.o)
 .comment       0x0000000000000000       0x2a obj_cooja/mtype381.a(packetbuf.o)
 .comment       0x0000000000000000       0x2a obj_cooja/mtype381.a(queuebuf.o)
 .comment       0x0000000000000000       0x2a obj_cooja/mtype381.a(nullsec.o)
 .comment       0x0000000000000000       0x2a obj_cooja/mtype381.a(watchdog.o)
 .comment       0x0000000000000000       0x2a obj_cooja/mtype381.a(rimestats.o)
 .comment       0x0000000000000000       0x2a obj_cooja/mtype381.a(memb.o)
 .comment       0x0000000000000000       0x2a obj_cooja/mtype381.a(uip-icmp6.o)
 .comment       0x0000000000000000       0x2a obj_cooja/mtype381.a(uip-nd6.o)
 .comment       0x0000000000000000       0x2a obj_cooja/mtype381.a(rpl-nbr-policy.)
 .comment       0x0000000000000000       0x2a obj_cooja/mtype381.a(frame802154.o)
 .comment       0x0000000000000000       0x2a /usr/lib/gcc/i686-linux-gnu/4.8/crtendS.o

.debug
 *(.debug)

.line
 *(.line)

.debug_srcinfo
 *(.debug_srcinfo)

.debug_sfnames
 *(.debug_sfnames)

.debug_aranges  0x0000000000000000      0x838
 *(.debug_aranges)
 .debug_aranges
                0x0000000000000000       0x20 udp-client.co
 .debug_aranges
                0x0000000000000020       0x20 obj_cooja/mtype381.o
 .debug_aranges
                0x0000000000000040       0x20 obj_cooja/mtype381.a(simEnvChange.o)
 .debug_aranges
                0x0000000000000060       0x20 obj_cooja/mtype381.a(cooja_mt.o)
 .debug_aranges
                0x0000000000000080       0x20 obj_cooja/mtype381.a(cooja_mtarch.o)
 .debug_aranges
                0x00000000000000a0       0x20 obj_cooja/mtype381.a(rtimer-arch.o)
 .debug_aranges
                0x00000000000000c0       0x20 obj_cooja/mtype381.a(beep.o)
 .debug_aranges
                0x00000000000000e0       0x20 obj_cooja/mtype381.a(button-sensor.o)
 .debug_aranges
                0x0000000000000100       0x20 obj_cooja/mtype381.a(leds-arch.o)
 .debug_aranges
                0x0000000000000120       0x20 obj_cooja/mtype381.a(moteid.o)
 .debug_aranges
                0x0000000000000140       0x20 obj_cooja/mtype381.a(pir-sensor.o)
 .debug_aranges
                0x0000000000000160       0x20 obj_cooja/mtype381.a(rs232.o)
 .debug_aranges
                0x0000000000000180       0x20 obj_cooja/mtype381.a(vib-sensor.o)
 .debug_aranges
                0x00000000000001a0       0x20 obj_cooja/mtype381.a(clock.o)
 .debug_aranges
                0x00000000000001c0       0x20 obj_cooja/mtype381.a(log.o)
 .debug_aranges
                0x00000000000001e0       0x20 obj_cooja/mtype381.a(cfs-cooja.o)
 .debug_aranges
                0x0000000000000200       0x20 obj_cooja/mtype381.a(cooja-radio.o)
 .debug_aranges
                0x0000000000000220       0x20 obj_cooja/mtype381.a(eeprom.o)
 .debug_aranges
                0x0000000000000240       0x20 obj_cooja/mtype381.a(random.o)
 .debug_aranges
                0x0000000000000260       0x20 obj_cooja/mtype381.a(sensors.o)
 .debug_aranges
                0x0000000000000280       0x20 obj_cooja/mtype381.a(leds.o)
 .debug_aranges
                0x00000000000002a0       0x20 obj_cooja/mtype381.a(dual_conf.o)
 .debug_aranges
                0x00000000000002c0       0x20 obj_cooja/mtype381.a(autostart.o)
 .debug_aranges
                0x00000000000002e0       0x20 obj_cooja/mtype381.a(ctimer.o)
 .debug_aranges
                0x0000000000000300       0x20 obj_cooja/mtype381.a(etimer.o)
 .debug_aranges
                0x0000000000000320       0x20 obj_cooja/mtype381.a(log_message.o)
 .debug_aranges
                0x0000000000000340       0x20 obj_cooja/mtype381.a(process.o)
 .debug_aranges
                0x0000000000000360       0x20 obj_cooja/mtype381.a(residual.o)
 .debug_aranges
                0x0000000000000380       0x20 obj_cooja/mtype381.a(rtimer.o)
 .debug_aranges
                0x00000000000003a0       0x20 obj_cooja/mtype381.a(stimer.o)
 .debug_aranges
                0x00000000000003c0       0x20 obj_cooja/mtype381.a(timer.o)
 .debug_aranges
                0x00000000000003e0       0x20 obj_cooja/mtype381.a(serial-line.o)
 .debug_aranges
                0x0000000000000400       0x20 obj_cooja/mtype381.a(list.o)
 .debug_aranges
                0x0000000000000420       0x20 obj_cooja/mtype381.a(ringbuf.o)
 .debug_aranges
                0x0000000000000440       0x20 obj_cooja/mtype381.a(sicslowpan.o)
 .debug_aranges
                0x0000000000000460       0x20 obj_cooja/mtype381.a(uip-ds6-nbr.o)
 .debug_aranges
                0x0000000000000480       0x20 obj_cooja/mtype381.a(uip-ds6-route.o)
 .debug_aranges
                0x00000000000004a0       0x20 obj_cooja/mtype381.a(uip-ds6.o)
 .debug_aranges
                0x00000000000004c0       0x20 obj_cooja/mtype381.a(uip6.o)
 .debug_aranges
                0x00000000000004e0       0x20 obj_cooja/mtype381.a(tcpip.o)
 .debug_aranges
                0x0000000000000500       0x20 obj_cooja/mtype381.a(uip-debug.o)
 .debug_aranges
                0x0000000000000520       0x20 obj_cooja/mtype381.a(uip-packetqueue)
 .debug_aranges
                0x0000000000000540       0x20 obj_cooja/mtype381.a(uip-udp-packet.)
 .debug_aranges
                0x0000000000000560       0x20 obj_cooja/mtype381.a(rpl-dag.o)
 .debug_aranges
                0x0000000000000580       0x20 obj_cooja/mtype381.a(rpl-ext-header.)
 .debug_aranges
                0x00000000000005a0       0x20 obj_cooja/mtype381.a(rpl-icmp6.o)
 .debug_aranges
                0x00000000000005c0       0x20 obj_cooja/mtype381.a(rpl-ltmax.o)
 .debug_aranges
                0x00000000000005e0       0x20 obj_cooja/mtype381.a(rpl-timers.o)
 .debug_aranges
                0x0000000000000600       0x20 obj_cooja/mtype381.a(rpl.o)
 .debug_aranges
                0x0000000000000620       0x20 obj_cooja/mtype381.a(csma.o)
 .debug_aranges
                0x0000000000000640       0x20 obj_cooja/mtype381.a(framer-802154.o)
 .debug_aranges
                0x0000000000000660       0x20 obj_cooja/mtype381.a(mac.o)
 .debug_aranges
                0x0000000000000680       0x20 obj_cooja/mtype381.a(cxmac.o)
 .debug_aranges
                0x00000000000006a0       0x20 obj_cooja/mtype381.a(linkaddr.o)
 .debug_aranges
                0x00000000000006c0       0x20 obj_cooja/mtype381.a(nbr-table.o)
 .debug_aranges
                0x00000000000006e0       0x20 obj_cooja/mtype381.a(netstack.o)
 .debug_aranges
                0x0000000000000700       0x20 obj_cooja/mtype381.a(packetbuf.o)
 .debug_aranges
                0x0000000000000720       0x20 obj_cooja/mtype381.a(queuebuf.o)
 .debug_aranges
                0x0000000000000740       0x20 obj_cooja/mtype381.a(nullsec.o)
 .debug_aranges