Archive member included to satisfy reference by file (symbol)

obj_cooja/mtype916.a(simEnvChange.o)
                              obj_cooja/mtype916.o (simDontFallAsleep)
obj_cooja/mtype916.a(cooja_mt.o)
                              obj_cooja/mtype916.o (cooja_mt_start)
obj_cooja/mtype916.a(cooja_mtarch.o)
                              obj_cooja/mtype916.a(cooja_mt.o) (cooja_mtarch_init)
obj_cooja/mtype916.a(rtimer-arch.o)
                              obj_cooja/mtype916.o (rtimer_arch_next)
obj_cooja/mtype916.a(beep.o)  obj_cooja/mtype916.o (beep_interface)
obj_cooja/mtype916.a(button-sensor.o)
                              obj_cooja/mtype916.o (button_interface)
obj_cooja/mtype916.a(leds-arch.o)
                              obj_cooja/mtype916.o (leds_interface)
obj_cooja/mtype916.a(moteid.o)
                              obj_cooja/mtype916.o (moteid_interface)
obj_cooja/mtype916.a(pir-sensor.o)
                              obj_cooja/mtype916.o (pir_interface)
obj_cooja/mtype916.a(rs232.o)
                              obj_cooja/mtype916.o (rs232_interface)
obj_cooja/mtype916.a(vib-sensor.o)
                              obj_cooja/mtype916.o (vib_interface)
obj_cooja/mtype916.a(clock.o)
                              obj_cooja/mtype916.o (clock_interface)
obj_cooja/mtype916.a(log.o)   obj_cooja/mtype916.o (simlog_interface)
obj_cooja/mtype916.a(cfs-cooja.o)
                              obj_cooja/mtype916.o (cfs_interface)
obj_cooja/mtype916.a(cooja-radio.o)
                              obj_cooja/mtype916.o (radio_interface)
obj_cooja/mtype916.a(eeprom.o)
                              obj_cooja/mtype916.o (eeprom_interface)
obj_cooja/mtype916.a(random.o)
                              obj_cooja/mtype916.a(moteid.o) (random_init)
obj_cooja/mtype916.a(sensors.o)
                              udp-server.co (sensors_event)
obj_cooja/mtype916.a(autostart.o)
                              obj_cooja/mtype916.o (autostart_start)
obj_cooja/mtype916.a(ctimer.o)
                              obj_cooja/mtype916.o (ctimer_init)
obj_cooja/mtype916.a(etimer.o)
                              obj_cooja/mtype916.o (etimer_process)
obj_cooja/mtype916.a(log_message.o)
                              obj_cooja/mtype916.o (log_initialization)
obj_cooja/mtype916.a(process.o)
                              udp-server.co (process_current)
obj_cooja/mtype916.a(residual.o)
                              obj_cooja/mtype916.o (DISSIPATION_RATE)
obj_cooja/mtype916.a(rtimer.o)
                              obj_cooja/mtype916.a(rtimer-arch.o) (rtimer_run_next)
obj_cooja/mtype916.a(timer.o)
                              obj_cooja/mtype916.a(button-sensor.o) (timer_set)
obj_cooja/mtype916.a(serial-line.o)
                              obj_cooja/mtype916.a(rs232.o) (serial_line_input_byte)
obj_cooja/mtype916.a(list.o)  obj_cooja/mtype916.a(ctimer.o) (list_init)
obj_cooja/mtype916.a(ringbuf.o)
                              obj_cooja/mtype916.a(serial-line.o) (ringbuf_init)
obj_cooja/mtype916.a(sicslowpan.o)
                              obj_cooja/mtype916.o (sicslowpan_driver)
obj_cooja/mtype916.a(uip-ds6-nbr.o)
                              obj_cooja/mtype916.a(sicslowpan.o) (uip_ds6_link_neighbor_callback)
obj_cooja/mtype916.a(uip-ds6.o)
                              udp-server.co (uip_ds6_if)
obj_cooja/mtype916.a(uip6.o)  obj_cooja/mtype916.o (uip_lladdr)
obj_cooja/mtype916.a(tcpip.o)
                              udp-server.co (tcpip_event)
obj_cooja/mtype916.a(uip-debug.o)
                              udp-server.co (uip_debug_ipaddr_print)
obj_cooja/mtype916.a(uip-packetqueue)
                              obj_cooja/mtype916.a(uip-ds6-nbr.o) (uip_packetqueue_new)
obj_cooja/mtype916.a(rpl-dag.o)
                              udp-server.co (rpl_set_root)
obj_cooja/mtype916.a(rpl-ext-header.)
                              obj_cooja/mtype916.a(uip6.o) (rpl_verify_header)
obj_cooja/mtype916.a(rpl-icmp6.o)
                              obj_cooja/mtype916.a(rpl-dag.o) (rpl_icmp6_update_nbr_table)
obj_cooja/mtype916.a(rpl-ltmax.o)
                              obj_cooja/mtype916.a(rpl-dag.o) (rpl_ltmax_of)
obj_cooja/mtype916.a(rpl-timers.o)
                              obj_cooja/mtype916.a(rpl-dag.o) (rpl_reset_dio_timer)
obj_cooja/mtype916.a(rpl.o)   obj_cooja/mtype916.a(rpl-icmp6.o) (rpl_get_mode)
obj_cooja/mtype916.a(csma.o)  udp-server.co (csma_driver)
obj_cooja/mtype916.a(framer-802154.o)
                              obj_cooja/mtype916.a(sicslowpan.o) (framer_802154)
obj_cooja/mtype916.a(mac.o)   obj_cooja/mtype916.a(csma.o) (mac_call_sent_callback)
obj_cooja/mtype916.a(cxmac.o)
                              obj_cooja/mtype916.o (cxmac_driver)
obj_cooja/mtype916.a(linkaddr.o)
                              obj_cooja/mtype916.o (linkaddr_node_addr)
obj_cooja/mtype916.a(nbr-table.o)
                              obj_cooja/mtype916.a(uip-ds6-nbr.o) (nbr_table_register)
obj_cooja/mtype916.a(netstack.o)
[...]
Memory Configuration

Name             Origin             Length             Attributes
*default*        0x0000000000000000 0xffffffffffffffff

Linker script and memory map

LOAD /usr/lib/gcc/i686-linux-gnu/4.8/../../../i386-linux-gnu/crti.o
LOAD /usr/lib/gcc/i686-linux-gnu/4.8/crtbeginS.o
LOAD udp-server.co
LOAD obj_cooja/mtype916.o
LOAD obj_cooja/mtype916.a
LOAD /usr/lib/gcc/i686-linux-gnu/4.8/libgcc.a
LOAD /usr/lib/gcc/i686-linux-gnu/4.8/libgcc_s.so
LOAD /usr/lib/gcc/i686-linux-gnu/4.8/../../../i386-linux-gnu/libc.so
START GROUP
LOAD /lib/i386-linux-gnu/libc.so.6
LOAD /usr/lib/i386-linux-gnu/libc_nonshared.a
LOAD /lib/i386-linux-gnu/ld-linux.so.2
END GROUP
LOAD /usr/lib/gcc/i686-linux-gnu/4.8/libgcc.a
LOAD /usr/lib/gcc/i686-linux-gnu/4.8/libgcc_s.so
LOAD /usr/lib/gcc/i686-linux-gnu/4.8/crtendS.o
LOAD /usr/lib/gcc/i686-linux-gnu/4.8/../../../i386-linux-gnu/crtn.o
                0x0000000000000114                . = (0x0 + SIZEOF_HEADERS)

.note.gnu.build-id
                0x0000000000000114       0x24
 *(.note.gnu.build-id)
 .note.gnu.build-id
                0x0000000000000114       0x24 /usr/lib/gcc/i686-linux-gnu/4.8/../../../i386-linux-gnu/crti.o

.hash
 *(.hash)

.gnu.hash       0x0000000000000138     0x1308
 *(.gnu.hash)
 .gnu.hash      0x0000000000000138     0x1308 /usr/lib/gcc/i686-linux-gnu/4.8/../../../i386-linux-gnu/crti.o

.dynsym         0x0000000000001440     0x24d0
 *(.dynsym)
 .dynsym        0x0000000000001440     0x24d0 /usr/lib/gcc/i686-linux-gnu/4.8/../../../i386-linux-gnu/crti.o

.dynstr         0x0000000000003910     0x25b4
 *(.dynstr)
 .dynstr        0x0000000000003910     0x25b4 /usr/lib/gcc/i686-linux-gnu/4.8/../../../i386-linux-gnu/crti.o

.gnu.version    0x0000000000005ec4      0x49a
 *(.gnu.version)
 .gnu.version   0x0000000000005ec4      0x49a /usr/lib/gcc/i686-linux-gnu/4.8/../../../i386-linux-gnu/crti.o

.gnu.version_d  0x0000000000006360        0x0
 *(.gnu.version_d)
 .gnu.version_d
                0x0000000000000000        0x0 /usr/lib/gcc/i686-linux-gnu/4.8/../../../i386-linux-gnu/crti.o

.gnu.version_r  0x0000000000006360       0x50
 *(.gnu.version_r)
 .gnu.version_r
                0x0000000000006360       0x50 /usr/lib/gcc/i686-linux-gnu/4.8/../../../i386-linux-gnu/crti.o

.rel.dyn        0x00000000000063b0     0x90d0
 *(.rel.init)
 .rel.init      0x0000000000000000        0x0 /usr/lib/gcc/i686-linux-gnu/4.8/../../../i386-linux-gnu/crti.o
 *(.rel.text .rel.text.* .rel.gnu.linkonce.t.*)
 .rel.text      0x00000000000063b0     0x8918 /usr/lib/gcc/i686-linux-gnu/4.8/../../../i386-linux-gnu/crti.o
 *(.rel.fini)
 .rel.fini      0x0000000000000000        0x0 /usr/lib/gcc/i686-linux-gnu/4.8/../../../i386-linux-gnu/crti.o
 *(.rel.rodata .rel.rodata.* .rel.gnu.linkonce.r.*)
 .rel.rodata    0x000000000000ecc8      0x4e0 /usr/lib/gcc/i686-linux-gnu/4.8/../../../i386-linux-gnu/crti.o
 *(.rel.data.rel.ro .rel.data.rel.ro.* .rel.gnu.linkonce.d.rel.ro.*)
 *(.rel.data .rel.data.* .rel.gnu.linkonce.d.*)
 .rel.data.rel  0x000000000000f1a8        0x8 /usr/lib/gcc/i686-linux-gnu/4.8/../../../i386-linux-gnu/crti.o
 .rel.data      0x000000000000f1b0      0x298 /usr/lib/gcc/i686-linux-gnu/4.8/../../../i386-linux-gnu/crti.o
 *(.rel.tdata .rel.tdata.* .rel.gnu.linkonce.td.*)
 *(.rel.tbss .rel.tbss.* .rel.gnu.linkonce.tb.*)
 *(.rel.ctors)
 *(.rel.dtors)
 *(.rel.got)
 .rel.got       0x000000000000f448       0x28 /usr/lib/gcc/i686-linux-gnu/4.8/../../../i386-linux-gnu/crti.o
 *(.rel.bss .rel.bss.* .rel.gnu.linkonce.b.*)
 *(.rel.ifunc)
 .rel.ifunc     0x0000000000000000        0x0 /usr/lib/gcc/i686-linux-gnu/4.8/../../../i386-linux-gnu/crti.o
 .rel.fini_array
                0x000000000000f470        0x8 /usr/lib/gcc/i686-linux-gnu/4.8/../../../i386-linux-gnu/crti.o
 .rel.init_array
                0x000000000000f478        0x8 /usr/lib/gcc/i686-linux-gnu/4.8/../../../i386-linux-gnu/crti.o

.rel.plt        0x000000000000f480       0x10
 *(.rel.plt)
 .rel.plt       0x000000000000f480       0x10 /usr/lib/gcc/i686-linux-gnu/4.8/../../../i386-linux-gnu/crti.o
 *(.rel.iplt)

.init           0x000000000000f490       0x23
 *(SORT(.init))
 .init          0x000000000000f490       0x1e /usr/lib/gcc/i686-linux-gnu/4.8/../../../i386-linux-gnu/crti.o
                0x000000000000f490                _init
 .init          0x000000000000f4ae        0x5 /usr/lib/gcc/i686-linux-gnu/4.8/../../../i386-linux-gnu/crtn.o

.plt            0x000000000000f4c0       0x30
 *(.plt)
 .plt           0x000000000000f4c0       0x30 /usr/lib/gcc/i686-linux-gnu/4.8/../../../i386-linux-gnu/crti.o
 *(.iplt)

.text           0x000000000000f4f0    0x15ec6
 *(.text.unlikely .text.*_unlikely .text.unlikely.*)
 *(.text.exit .text.exit.*)
 *(.text.startup .text.startup.*)
 *(.text.hot .text.hot.*)
 *(.text .stub .text.* .gnu.linkonce.t.*)
 .text          0x000000000000f4f0        0x0 /usr/lib/gcc/i686-linux-gnu/4.8/../../../i386-linux-gnu/crti.o
 .gnu.linkonce.t.__x86.get_pc_thunk.bx
                0x000000000000f4f0        0x4 /usr/lib/gcc/i686-linux-gnu/4.8/../../../i386-linux-gnu/crti.o
                0x000000000000f4f0                __x86.get_pc_thunk.bx
 *fill*         0x000000000000f4f4        0xc 
 .text          0x000000000000f500      0x11b /usr/lib/gcc/i686-linux-gnu/4.8/crtbeginS.o
 .text          0x000000000000f61b      0x3f7 udp-server.co
 .text          0x000000000000fa12      0x96a obj_cooja/mtype916.o
                0x000000000000fbc0                contiki_init
                0x0000000000010193                Java_org_contikios_cooja_corecomm_Lib2_init
                0x00000000000101d3                Java_org_contikios_cooja_corecomm_Lib2_getMemory
                0x0000000000010213                Java_org_contikios_cooja_corecomm_Lib2_setMemory
                0x000000000001028a                Java_org_contikios_cooja_corecomm_Lib2_tick
                0x000000000001036a                Java_org_contikios_cooja_corecomm_Lib2_setReferenceAddress
 .text          0x000000000001037c       0x63 obj_cooja/mtype916.a(simEnvChange.o)
                0x000000000001037c                doActionsBeforeTick
                0x00000000000103ad                doActionsAfterTick
 .text          0x00000000000103df       0xbc obj_cooja/mtype916.a(cooja_mt.o)
                0x00000000000103df                cooja_mt_init
                0x00000000000103ec                cooja_mt_remove
                0x00000000000103f9                cooja_mt_start
                0x0000000000010426                cooja_mt_exec
                0x0000000000010457                cooja_mt_exit
                0x0000000000010479                cooja_mt_yield
 .text          0x000000000001049b      0x115 obj_cooja/mtype916.a(cooja_mtarch.o)
                0x000000000001049b                cooja_mtarch_init
                0x00000000000104a0                cooja_mtarch_start
                0x000000000001051b                cooja_sw
                0x000000000001053d                cooja_mtarch_exec
                0x0000000000010559                cooja_mtarch_remove
                0x000000000001055e                cooja_mtarch_yield
                0x0000000000010568                cooja_mtarch_pstop
                0x000000000001056d                cooja_mtarch_pstart
                0x0000000000010572                cooja_mtarch_stack_usage
 .text          0x00000000000105b0       0xc2 obj_cooja/mtype916.a(rtimer-arch.o)
                0x00000000000105b0                rtimer_arch_init
                0x00000000000105d3                rtimer_arch_schedule
                0x00000000000105ea                rtimer_arch_next
                0x00000000000105f4                rtimer_arch_pending
                0x00000000000105fe                rtimer_arch_check
                0x0000000000010630                rtimer_arch_now
 .text          0x0000000000010672       0x76 obj_cooja/mtype916.a(beep.o)
                0x0000000000010672                beep_alarm
                0x000000000001067e                beep_beep
                0x000000000001068a                beep
                0x0000000000010696                beep_down
                0x00000000000106a2                beep_on
                0x00000000000106ae                beep_off
                0x00000000000106ba                beep_spinup
                0x00000000000106c6                beep_quick
                0x00000000000106d2                beep_long
 .text          0x00000000000106e8      0x103 obj_cooja/mtype916.a(button-sensor.o)
 .text          0x00000000000107eb       0x45 obj_cooja/mtype916.a(leds-arch.o)
                0x00000000000107eb                leds_arch_init
                0x00000000000107f7                leds_arch_get
                0x0000000000010803                leds_arch_set
 .text          0x0000000000010830       0x2f obj_cooja/mtype916.a(moteid.o)
 .text          0x000000000001085f       0xb1 obj_cooja/mtype916.a(pir-sensor.o)
 .text          0x0000000000010910      0x131 obj_cooja/mtype916.a(rs232.o)
                0x0000000000010910                rs232_init
                0x0000000000010915                rs232_set_speed
                0x0000000000010923                rs232_set_input
                0x0000000000010930                rs232_send
                0x0000000000010952                rs232_print
                0x000000000001096d                slip_arch_writeb
 .text          0x0000000000010a41       0xb1 obj_cooja/mtype916.a(vib-sensor.o)
 .text          0x0000000000010af2       0x34 obj_cooja/mtype916.a(clock.o)
                0x0000000000010af2                clock_init
                0x0000000000010af7                clock_time
                0x0000000000010b01                clock_seconds
                0x0000000000010b17                clock_delay
 .text          0x0000000000010b26      0x1ed obj_cooja/mtype916.a(log.o)
                0x0000000000010b26                simlog_char
                0x0000000000010b68                simlog
                0x0000000000010bd5                log_message
                0x0000000000010bfd                log_set_putchar_with_slip
                0x0000000000010c0a                log_putchar
                0x0000000000010c8e                log_puts
                0x0000000000010cb2                log_printf
 .text          0x0000000000010d13      0x2c4 obj_cooja/mtype916.a(cfs-cooja.o)
                0x0000000000010d13                cfs_open
                0x0000000000010d7c                cfs_close
                0x0000000000010d88                cfs_read
                0x0000000000010e26                cfs_write
                0x0000000000010f03                cfs_seek
                0x0000000000010f8b                cfs_remove
                0x0000000000010fb4                cfs_opendir
                0x0000000000010fbe                cfs_readdir
                0x0000000000010fc8                cfs_closedir
 .text          0x0000000000010fd7      0x3e8 obj_cooja/mtype916.a(cooja-radio.o)
                0x0000000000011001                radio_set_channel
                0x000000000001100e                radio_set_txpower
                0x0000000000011025                radio_signal_strength_last
                0x000000000001102f                radio_signal_strength_current
                0x0000000000011039                radio_LQI
 .text          0x00000000000113bf       0xef obj_cooja/mtype916.a(eeprom.o)
                0x00000000000113bf                eeprom_init
                0x00000000000113c4                eeprom_read
                0x0000000000011434                eeprom_write
 .text          0x00000000000114ae       0x28 obj_cooja/mtype916.a(random.o)
                0x00000000000114ae                random_init
                0x00000000000114c9                random_rand
 .text          0x00000000000114d6      0x2a1 obj_cooja/mtype916.a(sensors.o)
                0x0000000000011511                sensors_first
                0x000000000001151b                sensors_next
                0x0000000000011538                sensors_changed
                0x0000000000011567                sensors_find
 .text          0x0000000000011777       0x8e obj_cooja/mtype916.a(autostart.o)
                0x0000000000011777                autostart_start
                0x00000000000117c2                autostart_exit
 .text          0x0000000000011805      0x334 obj_cooja/mtype916.a(ctimer.o)
                0x000000000001191c                ctimer_init
                0x000000000001194c                ctimer_set
                0x000000000001197d                ctimer_set_with_process
                0x00000000000119f9                ctimer_reset
                0x0000000000011a48                ctimer_restart
                0x0000000000011a97                ctimer_stop
                0x0000000000011ae2                ctimer_expired
 .text          0x0000000000011b39      0x40b obj_cooja/mtype916.a(etimer.o)
                0x0000000000011d4c                etimer_request_poll
                0x0000000000011dd0                etimer_set
                0x0000000000011df5                etimer_reset_with_new_interval
                0x0000000000011e1c                etimer_reset
                0x0000000000011e3a                etimer_restart
                0x0000000000011e58                etimer_adjust
                0x0000000000011e74                etimer_expired
                0x0000000000011e87                etimer_expiration_time
                0x0000000000011e99                etimer_start_time
                0x0000000000011ea3                etimer_pending
                0x0000000000011eb5                etimer_next_expiration_time
                0x0000000000011ecf                etimer_stop
 .text          0x0000000000011f44      0x220 obj_cooja/mtype916.a(log_message.o)
                0x0000000000011f44                log_initialization
                0x0000000000012143                log_finisher
 .text          0x0000000000012164      0x560 obj_cooja/mtype916.a(process.o)
                0x0000000000012164                process_alloc_event
                0x0000000000012179                process_start
                0x0000000000012362                process_exit
                0x000000000001237e                process_init
                0x000000000001254f                process_run
                0x0000000000012582                process_nevents
                0x000000000001259d                process_post
                0x0000000000012649                process_post_synch
                0x0000000000012681                process_poll
                0x00000000000126b0                process_is_running
 .text          0x00000000000126c4       0x8b obj_cooja/mtype916.a(residual.o)
                0x00000000000126c4                get_residual_energy
 .text          0x000000000001274f       0xba obj_cooja/mtype916.a(rtimer.o)
                0x000000000001274f                rtimer_init
                0x000000000001275c                rtimer_set
                0x00000000000127b3                rtimer_run_next
 .text          0x0000000000012809       0x91 obj_cooja/mtype916.a(timer.o)
                0x0000000000012809                timer_set
                0x0000000000012824                timer_reset
                0x000000000001283b                timer_restart
                0x000000000001284d                timer_expired
                0x0000000000012876                timer_remaining
 .text          0x000000000001289a      0x1fb obj_cooja/mtype916.a(serial-line.o)
                0x000000000001289a                serial_line_input_byte
                0x0000000000012a5d                serial_line_init
 .text          0x0000000000012a95      0x244 obj_cooja/mtype916.a(list.o)
                0x0000000000012a95                list_init
                0x0000000000012aa3                list_head
                0x0000000000012aad                list_copy
                0x0000000000012abc                list_tail
                0x0000000000012af2                list_add
                0x0000000000012b3b                list_push
                0x0000000000012b67                list_chop
                0x0000000000012bd1                list_pop
                0x0000000000012bf9                list_remove
                0x0000000000012c60                list_length
                0x0000000000012c8e                list_insert
                0x0000000000012cc2                list_item_next
 .text          0x0000000000012cd9      0x155 obj_cooja/mtype916.a(ringbuf.o)
                0x0000000000012cd9                ringbuf_init
                0x0000000000012d0a                ringbuf_put
                0x0000000000012d88                ringbuf_get
                0x0000000000012df5                ringbuf_size
                0x0000000000012e07                ringbuf_elements
 .text          0x0000000000012e2e     0x258b obj_cooja/mtype916.a(sicslowpan.o)
                0x00000000000133b8                rime_sniffer_add
                0x00000000000133c5                rime_sniffer_remove
                0x0000000000015358                sicslowpan_init
                0x00000000000153af                sicslowpan_get_last_rssi
 .text          0x00000000000153b9      0x298 obj_cooja/mtype916.a(uip-ds6-nbr.o)
                0x00000000000153d6                uip_ds6_neighbors_init
                0x00000000000153f3                uip_ds6_nbr_add
                0x000000000001547b                uip_ds6_nbr_rm
                0x00000000000154bd                uip_ds6_nbr_get_ipaddr
                0x00000000000154d2                uip_ds6_nbr_get_ll
                0x00000000000154ee                uip_ds6_nbr_num
                0x0000000000015533                uip_ds6_nbr_lookup
                0x0000000000015598                uip_ds6_nbr_ll_lookup
                0x00000000000155b4                uip_ds6_nbr_ipaddr_from_lladdr
                0x00000000000155da                uip_ds6_nbr_lladdr_from_ipaddr
                0x0000000000015608                uip_ds6_link_neighbor_callback
 .text          0x0000000000015651      0xb97 obj_cooja/mtype916.a(uip-ds6.o)
                0x0000000000015651                uip_ds6_init
                0x0000000000015824                uip_ds6_periodic
                0x000000000001589d                uip_ds6_list_loop
                0x0000000000015944                uip_ds6_prefix_add
                0x0000000000015a02                uip_ds6_prefix_rm
                0x0000000000015a14                uip_ds6_prefix_lookup
                0x0000000000015a65                uip_ds6_is_addr_onlink
                0x0000000000015ad9                uip_ds6_addr_add
                0x0000000000015c07                uip_ds6_addr_rm
                0x0000000000015ca7                uip_ds6_addr_lookup
                0x0000000000015cf2                uip_ds6_get_link_local
                0x0000000000015d71                uip_ds6_get_global
                0x0000000000015df0                uip_ds6_maddr_add
                0x0000000000015e62                uip_ds6_maddr_rm
                0x0000000000015e74                uip_ds6_maddr_lookup
                0x0000000000015ebf                uip_ds6_aaddr_add
                0x0000000000015f31                uip_ds6_aaddr_rm
                0x0000000000015f43                uip_ds6_aaddr_lookup
                0x0000000000015f8e                uip_ds6_select_src
                0x00000000000160d3                uip_ds6_set_addr_iid
                0x000000000001610a                get_match_length
                0x000000000001619c                uip_ds6_compute_reachable_time
 .text          0x00000000000161e8     0x29d8 obj_cooja/mtype916.a(uip6.o)
                0x00000000000161e8                uip_add32
                0x0000000000016381                uip_chksum
                0x000000000001646f                uip_icmp6chksum
                0x0000000000016483                uip_tcpchksum
                0x0000000000016497                uip_udpchksum
                0x00000000000164ab                uip_init
                0x000000000001657b                uip_connect
                0x000000000001672a                remove_ext_hdr
                0x00000000000167ff                uip_udp_new
                0x000000000001695b                uip_unlisten
                0x00000000000169bb                uip_listen
                0x0000000000016c7d                uip_process
                0x0000000000018ab4                uip_htons
                0x0000000000018ad6                uip_htonl
                0x0000000000018b16                uip_send
 .text          0x0000000000018bc0      0x98e obj_cooja/mtype916.a(tcpip.o)
                0x0000000000018bc0                tcpip_output
                0x0000000000018bfb                tcpip_set_outputfunc
                0x0000000000018c8f                tcp_connect
                0x0000000000018ce4                tcp_unlisten
                0x0000000000018d3f                tcp_listen
                0x0000000000018d98                tcp_attach
                0x0000000000018dbd                udp_attach
                0x0000000000018de2                udp_new
                0x0000000000018e34                udp_broadcast_new
                0x00000000000190a8                tcpip_input
                0x00000000000190dc                tcpip_ipv6_output
                0x0000000000019394                tcpip_poll_udp
                0x00000000000193b7                tcpip_poll_tcp
                0x00000000000193da                tcpip_uipcall
 .text          0x000000000001954e      0x1c1 obj_cooja/mtype916.a(uip-debug.o)
                0x000000000001954e                uip_debug_ipaddr_print
                0x00000000000196b0                uip_debug_lladdr_print
 .text          0x000000000001970f      0x141 obj_cooja/mtype916.a(uip-packetqueue)
                0x000000000001973b                uip_packetqueue_new
                0x0000000000019749                uip_packetqueue_alloc
                0x00000000000197a9                uip_packetqueue_free
                0x00000000000197ea                uip_packetqueue_buf
                0x0000000000019807                uip_packetqueue_buflen
                0x0000000000019828                uip_packetqueue_set_buflen
 .text          0x0000000000019850     0x2558 obj_cooja/mtype916.a(rpl-dag.o)
                0x0000000000019850                rpl_print_neighbor_list
                0x00000000000198b7                rpl_print_child_neighbor_list
                0x000000000001991e                rpl_get_nbr
                0x0000000000019978                rpl_get_nbr_child
                0x00000000000199d2                rpl_dag_init
                0x0000000000019a04                rpl_get_parent
                0x0000000000019a26                rpl_get_parent_rank
                0x0000000000019a59                rpl_get_parent_link_metric
                0x0000000000019a8c                rpl_get_parent_ipaddr
                0x0000000000019ab6                rpl_get_child_ipaddr
                0x0000000000019dc0                rpl_set_root
                0x0000000000019fee                rpl_repair_root
                0x000000000001a22a                rpl_set_prefix
                0x000000000001a329                rpl_set_default_route
                0x000000000001a3b5                rpl_alloc_instance
                0x000000000001a43d                rpl_alloc_dag
                0x000000000001a4f0                rpl_set_default_instance
                0x000000000001a4fd                rpl_get_default_instance
                0x000000000001a507                rpl_free_instance
                0x000000000001a5a8                rpl_free_dag
                0x000000000001a60e                rpl_add_parent
                0x000000000001a6f7                rpl_find_parent
                0x000000000001a727                rpl_add_child
                0x000000000001a7cb                rpl_find_child
                0x000000000001a819                rpl_find_parent_any_dag
                0x000000000001a855                rpl_select_dag
                0x000000000001ac85                rpl_select_parent
                0x000000000001ace7                rpl_remove_parent
                0x000000000001ad1d                rpl_remove_child
                0x000000000001ad39                rpl_nullify_parent
                0x000000000001add7                rpl_move_parent
                0x000000000001ae74                rpl_has_downward_route
                0x000000000001aec7                rpl_get_any_dag
                0x000000000001af29                rpl_get_instance
                0x000000000001af8c                rpl_find_of
                0x000000000001afc9                rpl_join_instance
                0x000000000001b24b                rpl_add_dag
                0x000000000001b63a                rpl_local_repair
                0x000000000001b713                rpl_recalculate_ranks
                0x000000000001b799                rpl_process_parent_event
                0x000000000001b84b                rpl_process_dio
 .text          0x000000000001bda8      0xbf3 obj_cooja/mtype916.a(rpl-ext-header.)
                0x000000000001bdc5                rpl_verify_header
                0x000000000001c23f                rpl_update_header_empty
                0x000000000001c556                rpl_update_header_final
                0x000000000001c6e5                rpl_remove_header
                0x000000000001c7ef                rpl_invert_header
                0x000000000001c979                rpl_insert_header
 .text          0x000000000001c99b     0x28fe obj_cooja/mtype916.a(rpl-icmp6.o)
                0x000000000001ccaa                rpl_icmp6_update_nbr_table
                0x000000000001ce77                dis_output
                0x000000000001daf7                dio_output
                0x000000000001ede9                dao_output
                0x000000000001eebd                dao_output_target
                0x000000000001f24d                dao_ack_output
                0x000000000001f261                rpl_icmp6_register_handlers
 .text          0x000000000001f299      0x2f2 obj_cooja/mtype916.a(rpl-ltmax.o)
 .text          0x000000000001f58b      0x5ac obj_cooja/mtype916.a(rpl-timers.o)
                0x000000000001f7e0                rpl_reset_periodic_timer
                0x000000000001f835                rpl_reset_dio_timer
                0x000000000001fa6f                rpl_schedule_dao
                0x000000000001fa8a                rpl_schedule_dao_immediately
                0x000000000001faa5                rpl_cancel_dao
                0x000000000001fb07                rpl_schedule_unicast_dio_immediately
 .text          0x000000000001fb37      0x5c5 obj_cooja/mtype916.a(rpl.o)
                0x000000000001fb37                rpl_get_mode
                0x000000000001fb41                rpl_set_mode
                0x000000000001fbcf                rpl_purge_routes
                0x000000000001fcc9                rpl_remove_routes
                0x000000000001fd0f                rpl_remove_routes_by_nexthop
                0x000000000001fd7b                rpl_add_route
                0x000000000001fdf6                rpl_link_neighbor_callback
                0x000000000001fefb                rpl_ipv6_neighbor_callback
                0x000000000001ff6a                rpl_purge_dags
                0x0000000000020076                rpl_init
 .text          0x00000000000200fc      0x886 obj_cooja/mtype916.a(csma.o)
 .text          0x0000000000020982      0x3f5 obj_cooja/mtype916.a(framer-802154.o)
 .text          0x0000000000020d77       0x3c obj_cooja/mtype916.a(mac.o)
                0x0000000000020d77                mac_call_sent_callback
 .text          0x0000000000020db3      0xf8e obj_cooja/mtype916.a(cxmac.o)
                0x0000000000021ca2                cxmac_set_announcement_radio_txpower
                0x0000000000021ca7                cxmac_init
 .text          0x0000000000021d41       0x67 obj_cooja/mtype916.a(linkaddr.o)
                0x0000000000021d41                linkaddr_copy
                0x0000000000021d63                linkaddr_cmp
                0x0000000000021d8d                linkaddr_set_node_addr
 .text          0x0000000000021da8      0x769 obj_cooja/mtype916.a(nbr-table.o)
                0x0000000000022207                nbr_table_register
                0x000000000002224f                nbr_table_head
                0x00000000000222ab                nbr_table_next
                0x0000000000022312                nbr_table_add_lladdr
                0x00000000000223ee                nbr_table_get_from_lladdr
                0x000000000002243b                nbr_table_remove
                0x000000000002248d                nbr_table_lock
                0x00000000000224b7                nbr_table_unlock
                0x00000000000224e1                nbr_table_get_lladdr
 .text          0x0000000000022511       0x2b obj_cooja/mtype916.a(netstack.o)
                0x0000000000022511                netstack_init
 .text          0x000000000002253c      0x3cd obj_cooja/mtype916.a(packetbuf.o)
                0x000000000002253c                packetbuf_clear
                0x0000000000022566                packetbuf_copyfrom
                0x00000000000225b8                packetbuf_compact
                0x0000000000022635                packetbuf_copyto
                0x00000000000226cc                packetbuf_hdralloc
                0x0000000000022749                packetbuf_hdrreduce
                0x0000000000022791                packetbuf_set_datalen
                0x00000000000227aa                packetbuf_dataptr
                0x00000000000227c7                packetbuf_hdrptr
                0x00000000000227d1                packetbuf_datalen
                0x00000000000227dd                packetbuf_hdrlen
                0x00000000000227f4                packetbuf_totlen
                0x000000000002280a                packetbuf_attr_clear
                0x000000000002285c                packetbuf_attr_copyto
                0x00000000000228a5                packetbuf_attr_copyfrom
                0x00000000000228ed                packetbuf_holds_broadcast
 .text          0x0000000000022909      0x2b4 obj_cooja/mtype916.a(queuebuf.o)
                0x0000000000022913                queuebuf_init
                0x0000000000022933                queuebuf_numfree
                0x0000000000022947                queuebuf_new_from_packetbuf
                0x00000000000229d7                queuebuf_update_attr_from_packetbuf
                0x0000000000022a0a                queuebuf_update_from_packetbuf
                0x0000000000022a54                queuebuf_free
                0x0000000000022a9b                queuebuf_to_packetbuf
                0x0000000000022b01                queuebuf_dataptr
                0x0000000000022b38                queuebuf_datalen
                0x0000000000022b5b                queuebuf_addr
                0x0000000000022b8d                queuebuf_attr
                0x0000000000022bb8                queuebuf_debug_print
 .text          0x0000000000022bbd       0x6e obj_cooja/mtype916.a(nullsec.o)
 .text          0x0000000000022c2b       0x19 obj_cooja/mtype916.a(watchdog.o)
                0x0000000000022c2b                watchdog_init
                0x0000000000022c30                watchdog_start
                0x0000000000022c35                watchdog_periodic
                0x0000000000022c3a                watchdog_stop
                0x0000000000022c3f                watchdog_reboot
 .text          0x0000000000022c44        0x0 obj_cooja/mtype916.a(rimestats.o)
 .text          0x0000000000022c44      0x134 obj_cooja/mtype916.a(leds.o)
                0x0000000000022c95                leds_init
                0x0000000000022ca9                leds_blink
                0x0000000000022ce1                leds_get
                0x0000000000022cee                leds_set
                0x0000000000022d08                leds_on
                0x0000000000022d2b                leds_off
                0x0000000000022d55                leds_toggle
 .text          0x0000000000022d78       0xa3 obj_cooja/mtype916.a(stimer.o)
                0x0000000000022d78                stimer_set
                0x0000000000022d93                stimer_reset
                0x0000000000022daa                stimer_restart
                0x0000000000022dbc                stimer_expired
                0x0000000000022de3                stimer_remaining
                0x0000000000022e07                stimer_elapsed
 .text          0x0000000000022e1b      0x1c1 obj_cooja/mtype916.a(memb.o)
                0x0000000000022e1b                memb_init
                0x0000000000022e79                memb_alloc
                0x0000000000022ede                memb_free
                0x0000000000022f59                memb_inmemb
                0x0000000000022f98                memb_numfree
 .text          0x0000000000022fdc      0x916 obj_cooja/mtype916.a(uip-ds6-route.o)
                0x0000000000023053                uip_ds6_notification_add
                0x0000000000023084                uip_ds6_notification_rm
                0x00000000000230a0                uip_ds6_route_init
                0x0000000000023128                uip_ds6_route_nexthop
                0x0000000000023150                uip_ds6_route_head
                0x0000000000023165                uip_ds6_route_next
                0x000000000002318b                uip_ds6_route_is_nexthop
                0x00000000000231ca                uip_ds6_route_num_routes
                0x00000000000231d4                uip_ds6_route_lookup
                0x0000000000023296                uip_ds6_route_add
                0x00000000000234ca                uip_ds6_route_rm
                0x000000000002365e                uip_ds6_route_rm_by_nexthop
                0x0000000000023696                uip_ds6_defrt_add
                0x0000000000023747                uip_ds6_defrt_rm
                0x00000000000237c6                uip_ds6_defrt_lookup
                0x000000000002381f                uip_ds6_defrt_choose
                0x000000000002388a                uip_ds6_defrt_periodic
 .text          0x00000000000238f2      0xabf obj_cooja/mtype916.a(uip-icmp6.o)
                0x0000000000023960                uip_icmp6_input
                0x00000000000239b6                uip_icmp6_register_input_handler
                0x0000000000023c7e                uip_icmp6_error_output
                0x0000000000023fc3                uip_icmp6_send
                0x0000000000024344                uip_icmp6_echo_reply_callback_add
                0x0000000000024375                uip_icmp6_echo_reply_callback_rm
                0x0000000000024391                uip_icmp6_init
 .text          0x00000000000243b1      0x358 obj_cooja/mtype916.a(uip-nd6.o)
                0x0000000000024405                uip_nd6_ns_output
                0x0000000000024704                uip_nd6_init
 .text          0x0000000000024709      0x331 obj_cooja/mtype916.a(rpl-nbr-policy.)
                0x00000000000248e1                find_removable_dis
                0x0000000000024904                find_removable_dio
                0x0000000000024993                find_removable_dao
                0x00000000000249e3                rpl_nbr_policy_find_removable
 .text          0x0000000000024a3a      0x97c obj_cooja/mtype916.a(frame802154.o)
                0x0000000000024a6b                frame802154_get_pan_id
                0x0000000000024a77                frame802154_set_pan_id
                0x0000000000024a90                frame802154_has_panid
                0x0000000000024b7c                frame802154_check_dest_panid
                0x0000000000024be4                frame802154_is_broadcast_addr
                0x0000000000024c31                frame802154_extract_linkaddr
                0x0000000000024e71                frame802154_hdrlen
                0x0000000000024ec2                frame802154_create
                0x00000000000250ad                frame802154_parse
 .text          0x00000000000253b6        0x0 /usr/lib/gcc/i686-linux-gnu/4.8/crtendS.o
 .text          0x00000000000253b6        0x0 /usr/lib/gcc/i686-linux-gnu/4.8/../../../i386-linux-gnu/crtn.o
 *(.gnu.warning)

.fini           0x00000000000253b8       0x14
 *(SORT(.fini))
 .fini          0x00000000000253b8        0xf /usr/lib/gcc/i686-linux-gnu/4.8/../../../i386-linux-gnu/crti.o
                0x00000000000253b8                _fini
 .fini          0x00000000000253c7        0x5 /usr/lib/gcc/i686-linux-gnu/4.8/../../../i386-linux-gnu/crtn.o
                0x00000000000253cc                PROVIDE (__etext, .)
                0x00000000000253cc                PROVIDE (_etext, .)
                0x00000000000253cc                PROVIDE (etext, .)

.rodata         0x00000000000253e0     0x16c0
 *(.rodata .rodata.* .gnu.linkonce.r.*)
 .rodata        0x00000000000253e0      0x14c udp-server.co
                0x00000000000253f4                autostart_processes
 .rodata        0x000000000002552c      0x1e6 obj_cooja/mtype916.o
 *fill*         0x0000000000025712        0x2 
 .rodata        0x0000000000025714        0x8 obj_cooja/mtype916.a(beep.o)
                0x0000000000025714                beep_interface
 .rodata        0x000000000002571c       0x20 obj_cooja/mtype916.a(button-sensor.o)
                0x000000000002571c                button_interface
                0x000000000002572c                button_sensor
 .rodata        0x000000000002573c        0x8 obj_cooja/mtype916.a(leds-arch.o)
                0x000000000002573c                leds_interface
 .rodata        0x0000000000025744        0x8 obj_cooja/mtype916.a(moteid.o)
                0x0000000000025744                moteid_interface
 .rodata        0x000000000002574c       0x1c obj_cooja/mtype916.a(pir-sensor.o)
                0x000000000002574c                pir_interface
                0x0000000000025758                pir_sensor
 .rodata        0x0000000000025768        0xe obj_cooja/mtype916.a(rs232.o)
                0x0000000000025768                rs232_interface
 *fill*         0x0000000000025776        0x2 
 .rodata        0x0000000000025778       0x24 obj_cooja/mtype916.a(vib-sensor.o)
                0x0000000000025778                vib_interface
                0x000000000002578c                vib_sensor
 .rodata        0x000000000002579c        0x8 obj_cooja/mtype916.a(clock.o)
                0x000000000002579c                clock_interface
 .rodata        0x00000000000257a4        0x8 obj_cooja/mtype916.a(log.o)
                0x00000000000257a4                simlog_interface
 .rodata        0x00000000000257ac       0x2f obj_cooja/mtype916.a(cfs-cooja.o)
                0x00000000000257ac                cfs_interface
 *fill*         0x00000000000257db        0x5 
 .rodata        0x00000000000257e0       0x60 obj_cooja/mtype916.a(cooja-radio.o)
                0x0000000000025800                cooja_radio_driver
                0x0000000000025838                radio_interface
 .rodata        0x0000000000025840        0x8 obj_cooja/mtype916.a(eeprom.o)
                0x0000000000025840                eeprom_interface
 .rodata        0x0000000000025848        0x8 obj_cooja/mtype916.a(sensors.o)
 .rodata        0x0000000000025850        0xf obj_cooja/mtype916.a(ctimer.o)
 .rodata        0x000000000002585f        0xc obj_cooja/mtype916.a(etimer.o)
 *fill*         0x000000000002586b        0x1 
 .rodata        0x000000000002586c      0x16d obj_cooja/mtype916.a(log_message.o)
 *fill*         0x00000000000259d9        0x3 
 .rodata        0x00000000000259dc       0x20 obj_cooja/mtype916.a(residual.o)
                0x00000000000259dc                DISSIPATION_RATE
 .rodata        0x00000000000259fc        0xe obj_cooja/mtype916.a(serial-line.o)
 *fill*         0x0000000000025a0a        0x2 
 .rodata        0x0000000000025a0c       0x2c obj_cooja/mtype916.a(sicslowpan.o)
                0x0000000000025a0c                unc_llconf
                0x0000000000025a10                unc_ctxconf
                0x0000000000025a14                unc_mxconf
                0x0000000000025a18                llprefix
                0x0000000000025a2c                sicslowpan_driver
 .rodata        0x0000000000025a38      0x13c obj_cooja/mtype916.a(uip6.o)
 .rodata        0x0000000000025b74        0xd obj_cooja/mtype916.a(tcpip.o)
 .rodata        0x0000000000025b81       0x3e obj_cooja/mtype916.a(uip-debug.o)
 *fill*         0x0000000000025bbf        0x1 
 .rodata        0x0000000000025bc0        0x4 obj_cooja/mtype916.a(rpl-dag.o)
 .rodata        0x0000000000025bc4      0xb5c obj_cooja/mtype916.a(rpl-icmp6.o)
 .rodata        0x0000000000026720       0x24 obj_cooja/mtype916.a(csma.o)
                0x0000000000026728                csma_driver
 .rodata        0x0000000000026744        0xc obj_cooja/mtype916.a(framer-802154.o)
                0x0000000000026744                framer_802154
 *fill*         0x0000000000026750       0x10 
 .rodata        0x0000000000026760      0x320 obj_cooja/mtype916.a(cxmac.o)
                0x0000000000026a60                cxmac_driver
 .rodata        0x0000000000026a80        0x8 obj_cooja/mtype916.a(linkaddr.o)
                0x0000000000026a80                linkaddr_null
 .rodata        0x0000000000026a88       0x18 obj_cooja/mtype916.a(nullsec.o)
                0x0000000000026a90                nullsec_driver

.rodata1
 *(.rodata1)

.eh_frame_hdr   0x0000000000026aa0     0x132c
 *(.eh_frame_hdr)
 .eh_frame_hdr  0x0000000000026aa0     0x132c udp-server.co

.eh_frame       0x0000000000027dcc     0x4e24
 *(.eh_frame)
 .eh_frame      0x0000000000027dcc       0x3c /usr/lib/gcc/i686-linux-gnu/4.8/../../../i386-linux-gnu/crti.o
                                         0x40 (size before relaxing)
 .eh_frame      0x0000000000027e08       0x68 udp-server.co
                                         0x80 (size before relaxing)
 .eh_frame      0x0000000000027e70      0x148 obj_cooja/mtype916.o
                                        0x160 (size before relaxing)
 .eh_frame      0x0000000000027fb8       0x40 obj_cooja/mtype916.a(simEnvChange.o)
                                         0x58 (size before relaxing)
 .eh_frame      0x0000000000027ff8       0xc0 obj_cooja/mtype916.a(cooja_mt.o)
                                         0xd8 (size before relaxing)
 .eh_frame      0x00000000000280b8      0x120 obj_cooja/mtype916.a(cooja_mtarch.o)
                                        0x138 (size before relaxing)
 .eh_frame      0x00000000000281d8       0xc0 obj_cooja/mtype916.a(rtimer-arch.o)
                                         0xd8 (size before relaxing)
 .eh_frame      0x0000000000028298      0x160 obj_cooja/mtype916.a(beep.o)
                                        0x178 (size before relaxing)
 .eh_frame      0x00000000000283f8       0xa0 obj_cooja/mtype916.a(button-sensor.o)
                                         0xb8 (size before relaxing)
 .eh_frame      0x0000000000028498       0xa0 obj_cooja/mtype916.a(leds-arch.o)
                                         0xb8 (size before relaxing)
 .eh_frame      0x0000000000028538       0x40 obj_cooja/mtype916.a(moteid.o)
                                         0x58 (size before relaxing)
 .eh_frame      0x0000000000028578       0xa0 obj_cooja/mtype916.a(pir-sensor.o)
                                         0xb8 (size before relaxing)
 .eh_frame      0x0000000000028618      0x100 obj_cooja/mtype916.a(rs232.o)
                                        0x118 (size before relaxing)
 .eh_frame      0x0000000000028718       0xa0 obj_cooja/mtype916.a(vib-sensor.o)
                                         0xb8 (size before relaxing)
 .eh_frame      0x00000000000287b8       0xc0 obj_cooja/mtype916.a(clock.o)
                                         0xd8 (size before relaxing)
 .eh_frame      0x0000000000028878      0x120 obj_cooja/mtype916.a(log.o)
                                        0x138 (size before relaxing)
 .eh_frame      0x0000000000028998      0x160 obj_cooja/mtype916.a(cfs-cooja.o)
                                        0x178 (size before relaxing)
 .eh_frame      0x0000000000028af8      0x2e0 obj_cooja/mtype916.a(cooja-radio.o)
                                        0x2f8 (size before relaxing)
 .eh_frame      0x0000000000028dd8       0xa0 obj_cooja/mtype916.a(eeprom.o)
                                         0xb8 (size before relaxing)
 .eh_frame      0x0000000000028e78       0x40 obj_cooja/mtype916.a(random.o)
                                         0x58 (size before relaxing)
 .eh_frame      0x0000000000028eb8       0xc0 obj_cooja/mtype916.a(sensors.o)
                                         0xd8 (size before relaxing)
 .eh_frame      0x0000000000028f78       0x40 obj_cooja/mtype916.a(autostart.o)
                                         0x58 (size before relaxing)
 .eh_frame      0x0000000000028fb8      0x100 obj_cooja/mtype916.a(ctimer.o)
                                        0x118 (size before relaxing)
 .eh_frame      0x00000000000290b8      0x1e0 obj_cooja/mtype916.a(etimer.o)
                                        0x1f8 (size before relaxing)
 .eh_frame      0x0000000000029298       0x50 obj_cooja/mtype916.a(log_message.o)
                                         0x68 (size before relaxing)
 .eh_frame      0x00000000000292e8      0x1c8 obj_cooja/mtype916.a(process.o)
                                        0x1e0 (size before relaxing)
 .eh_frame      0x00000000000294b0       0x2c obj_cooja/mtype916.a(residual.o)
                                         0x44 (size before relaxing)
 .eh_frame      0x00000000000294dc       0x60 obj_cooja/mtype916.a(rtimer.o)
                                         0x78 (size before relaxing)
 .eh_frame      0x000000000002953c       0xa4 obj_cooja/mtype916.a(timer.o)
                                         0xbc (size before relaxing)
 .eh_frame      0x00000000000295e0       0x60 obj_cooja/mtype916.a(serial-line.o)
                                         0x78 (size before relaxing)
 .eh_frame      0x0000000000029640      0x180 obj_cooja/mtype916.a(list.o)
                                        0x198 (size before relaxing)
 .eh_frame      0x00000000000297c0       0xa0 obj_cooja/mtype916.a(ringbuf.o)
                                         0xb8 (size before relaxing)
 .eh_frame      0x0000000000029860      0x350 obj_cooja/mtype916.a(sicslowpan.o)
                                        0x368 (size before relaxing)
 .eh_frame      0x0000000000029bb0      0x180 obj_cooja/mtype916.a(uip-ds6-nbr.o)
                                        0x198 (size before relaxing)
 .eh_frame      0x0000000000029d30      0x2c8 obj_cooja/mtype916.a(uip-ds6.o)
                                        0x2e0 (size before relaxing)
 .eh_frame      0x0000000000029ff8      0x27c obj_cooja/mtype916.a(uip6.o)
                                        0x294 (size before relaxing)
 .eh_frame      0x000000000002a274      0x270 obj_cooja/mtype916.a(tcpip.o)
                                        0x288 (size before relaxing)
 .eh_frame      0x000000000002a4e4       0x48 obj_cooja/mtype916.a(uip-debug.o)
                                         0x60 (size before relaxing)
 .eh_frame      0x000000000002a52c       0xe0 obj_cooja/mtype916.a(uip-packetqueue)
                                         0xf8 (size before relaxing)
 .eh_frame      0x000000000002a60c      0x74c obj_cooja/mtype916.a(rpl-dag.o)
                                        0x764 (size before relaxing)
 .eh_frame      0x000000000002ad58      0x10c obj_cooja/mtype916.a(rpl-ext-header.)
                                        0x124 (size before relaxing)
 .eh_frame      0x000000000002ae64      0x2c8 obj_cooja/mtype916.a(rpl-icmp6.o)
                                        0x2e0 (size before relaxing)
 .eh_frame      0x000000000002b12c       0xe0 obj_cooja/mtype916.a(rpl-ltmax.o)
                                         0xf8 (size before relaxing)
 .eh_frame      0x000000000002b20c      0x1ac obj_cooja/mtype916.a(rpl-timers.o)
                                        0x1c4 (size before relaxing)
 .eh_frame      0x000000000002b3b8      0x148 obj_cooja/mtype916.a(rpl.o)
                                        0x160 (size before relaxing)
 .eh_frame      0x000000000002b500      0x28c obj_cooja/mtype916.a(csma.o)
                                        0x2a4 (size before relaxing)
 .eh_frame      0x000000000002b78c      0x108 obj_cooja/mtype916.a(framer-802154.o)
                                        0x120 (size before relaxing)
 .eh_frame      0x000000000002b894       0x20 obj_cooja/mtype916.a(mac.o)
                                         0x38 (size before relaxing)
 .eh_frame      0x000000000002b8b4      0x280 obj_cooja/mtype916.a(cxmac.o)
                                        0x298 (size before relaxing)
 .eh_frame      0x000000000002bb34       0x60 obj_cooja/mtype916.a(linkaddr.o)
                                         0x78 (size before relaxing)
 .eh_frame      0x000000000002bb94      0x26c obj_cooja/mtype916.a(nbr-table.o)
                                        0x284 (size before relaxing)
 .eh_frame      0x000000000002be00       0x20 obj_cooja/mtype916.a(netstack.o)
                                         0x38 (size before relaxing)
 .eh_frame      0x000000000002be20      0x214 obj_cooja/mtype916.a(packetbuf.o)
                                        0x22c (size before relaxing)
 .eh_frame      0x000000000002c034      0x1a0 obj_cooja/mtype916.a(queuebuf.o)
                                        0x1b8 (size before relaxing)
 .eh_frame      0x000000000002c1d4       0x80 obj_cooja/mtype916.a(nullsec.o)
                                         0x98 (size before relaxing)
 .eh_frame      0x000000000002c254       0xa0 obj_cooja/mtype916.a(watchdog.o)
                                         0xb8 (size before relaxing)
 .eh_frame      0x000000000002c2f4      0x100 obj_cooja/mtype916.a(leds.o)
                                        0x118 (size before relaxing)
 .eh_frame      0x000000000002c3f4       0xc4 obj_cooja/mtype916.a(stimer.o)
                                         0xdc (size before relaxing)
 .eh_frame      0x000000000002c4b8       0xa0 obj_cooja/mtype916.a(memb.o)
                                         0xb8 (size before relaxing)
 .eh_frame      0x000000000002c558      0x2a0 obj_cooja/mtype916.a(uip-ds6-route.o)
                                        0x2b8 (size before relaxing)
 .eh_frame      0x000000000002c7f8      0x168 obj_cooja/mtype916.a(uip-icmp6.o)
                                        0x180 (size before relaxing)
 .eh_frame      0x000000000002c960       0x68 obj_cooja/mtype916.a(uip-nd6.o)
                                         0x80 (size before relaxing)
 .eh_frame      0x000000000002c9c8       0xc0 obj_cooja/mtype916.a(rpl-nbr-policy.)
                                         0xd8 (size before relaxing)
 .eh_frame      0x000000000002ca88      0x164 obj_cooja/mtype916.a(frame802154.o)
                                        0x17c (size before relaxing)
 .eh_frame      0x000000000002cbec        0x4 /usr/lib/gcc/i686-linux-gnu/4.8/crtendS.o

.gcc_except_table
 *(.gcc_except_table .gcc_except_table.*)

.exception_ranges
 *(.exception_ranges .exception_ranges*)
                0x000000000002cbf0                . = (ALIGN (0x1000) - ((0x1000 - .) & 0xfff))
                0x000000000002def8                . = DATA_SEGMENT_ALIGN (0x1000, 0x1000)

.eh_frame
 *(.eh_frame)

.gcc_except_table
 *(.gcc_except_table .gcc_except_table.*)

.exception_ranges
 *(.exception_ranges .exception_ranges*)

.tdata
 *(.tdata .tdata.* .gnu.linkonce.td.*)

.tbss
 *(.tbss .tbss.* .gnu.linkonce.tb.*)
 *(.tcommon)

.preinit_array
 *(.preinit_array)

.init_array     0x000000000002def8        0x4
 *(SORT(.init_array.*) SORT(.ctors.*))
 *(.init_array EXCLUDE_FILE(*crtend?.o *crtend.o *crtbegin?.o *crtbegin.o) .ctors)
 .init_array    0x000000000002def8        0x4 /usr/lib/gcc/i686-linux-gnu/4.8/crtbeginS.o

.fini_array     0x000000000002defc        0x4
 *(SORT(.fini_array.*) SORT(.dtors.*))
 *(.fini_array EXCLUDE_FILE(*crtend?.o *crtend.o *crtbegin?.o *crtbegin.o) .dtors)
 .fini_array    0x000000000002defc        0x4 /usr/lib/gcc/i686-linux-gnu/4.8/crtbeginS.o

.ctors
 *crtbegin.o(.ctors)
 *crtbegin?.o(.ctors)
 *(EXCLUDE_FILE(*crtend?.o *crtend.o) .ctors)
 *(SORT(.ctors.*))
 *(.ctors)

.dtors
 *crtbegin.o(.dtors)
 *crtbegin?.o(.dtors)
 *(EXCLUDE_FILE(*crtend?.o *crtend.o) .dtors)
 *(SORT(.dtors.*))
 *(.dtors)

.jcr            0x000000000002df00        0x4
 *(.jcr)
 .jcr           0x000000000002df00        0x0 /usr/lib/gcc/i686-linux-gnu/4.8/crtbeginS.o
 .jcr           0x000000000002df00        0x4 /usr/lib/gcc/i686-linux-gnu/4.8/crtendS.o

.data.rel.ro
 *(.data.rel.ro.local* .gnu.linkonce.d.rel.ro.local.*)
 *(.data.rel.ro .data.rel.ro.* .gnu.linkonce.d.rel.ro.*)

.dynamic        0x000000000002df04       0xe8
 *(.dynamic)
 .dynamic       0x000000000002df04       0xe8 /usr/lib/gcc/i686-linux-gnu/4.8/../../../i386-linux-gnu/crti.o
                0x000000000002df04                _DYNAMIC

.got            0x000000000002dfec       0x14
 *(.got)
 .got           0x000000000002dfec       0x14 /usr/lib/gcc/i686-linux-gnu/4.8/../../../i386-linux-gnu/crti.o
 *(.igot)
                0x000000000002eff4                . = DATA_SEGMENT_RELRO_END (., (SIZEOF (.got.plt) >= 0xc)?0xc:0x0)

.got.plt        0x000000000002e000       0x14
 *(.got.plt)
 .got.plt       0x000000000002e000       0x14 /usr/lib/gcc/i686-linux-gnu/4.8/../../../i386-linux-gnu/crti.o
                0x000000000002e000                _GLOBAL_OFFSET_TABLE_
 *(.igot.plt)

.data           0x000000000002e020      0x27a
 *(.data .data.* .gnu.linkonce.d.*)
 .data          0x000000000002e020        0x0 /usr/lib/gcc/i686-linux-gnu/4.8/../../../i386-linux-gnu/crti.o
 .data          0x000000000002e020        0x0 /usr/lib/gcc/i686-linux-gnu/4.8/crtbeginS.o
 .data.rel      0x000000000002e020        0x4 /usr/lib/gcc/i686-linux-gnu/4.8/crtbeginS.o
                0x000000000002e020                __dso_handle
 .data          0x000000000002e024       0x10 udp-server.co
                0x000000000002e024                udp_server_process
 *fill*         0x000000000002e034        0xc 
 .data          0x000000000002e040       0x44 obj_cooja/mtype916.o
                0x000000000002e040                simInterfaces
                0x000000000002e074                sensors
 .data          0x000000000002e084        0x0 obj_cooja/mtype916.a(simEnvChange.o)
 .data          0x000000000002e084        0x0 obj_cooja/mtype916.a(cooja_mt.o)
 .data          0x000000000002e084        0x0 obj_cooja/mtype916.a(cooja_mtarch.o)
 .data          0x000000000002e084        0x0 obj_cooja/mtype916.a(rtimer-arch.o)
 .data          0x000000000002e084        0x0 obj_cooja/mtype916.a(beep.o)
 .data          0x000000000002e084        0x0 obj_cooja/mtype916.a(button-sensor.o)
 .data          0x000000000002e084        0x0 obj_cooja/mtype916.a(leds-arch.o)
 .data          0x000000000002e084        0x0 obj_cooja/mtype916.a(moteid.o)
 .data          0x000000000002e084        0x0 obj_cooja/mtype916.a(pir-sensor.o)
 .data          0x000000000002e084        0x0 obj_cooja/mtype916.a(rs232.o)
 .data          0x000000000002e084        0x0 obj_cooja/mtype916.a(vib-sensor.o)
 .data          0x000000000002e084        0x0 obj_cooja/mtype916.a(clock.o)
 .data          0x000000000002e084        0x0 obj_cooja/mtype916.a(log.o)
 .data          0x000000000002e084        0x0 obj_cooja/mtype916.a(cfs-cooja.o)
 .data          0x000000000002e084       0x40 obj_cooja/mtype916.a(cooja-radio.o)
                0x000000000002e084                simRadioChannelLR
                0x000000000002e088                simRadioHWOnLR
                0x000000000002e08c                simSignalStrengthLR
                0x000000000002e090                simLastSignalStrengthLR
                0x000000000002e094                simPowerLR
                0x000000000002e098                simLQILR
                0x000000000002e09c                simRadioChannel
                0x000000000002e0a0                simRadioHWOn
                0x000000000002e0a4                simSignalStrength
                0x000000000002e0a8                simLastSignalStrength
                0x000000000002e0ac                simPower
                0x000000000002e0b0                simLQI
                0x000000000002e0b4                cooja_radio_process
 .data          0x000000000002e0c4        0x0 obj_cooja/mtype916.a(eeprom.o)
 .data          0x000000000002e0c4        0x0 obj_cooja/mtype916.a(random.o)
 .data          0x000000000002e0c4       0x10 obj_cooja/mtype916.a(sensors.o)
                0x000000000002e0c4                sensors_process
 .data          0x000000000002e0d4        0x0 obj_cooja/mtype916.a(autostart.o)
 .data          0x000000000002e0d4       0x14 obj_cooja/mtype916.a(ctimer.o)
                0x000000000002e0d8                ctimer_process
 .data          0x000000000002e0e8       0x10 obj_cooja/mtype916.a(etimer.o)
                0x000000000002e0e8                etimer_process
 .data          0x000000000002e0f8        0x0 obj_cooja/mtype916.a(log_message.o)
 .data          0x000000000002e0f8        0x0 obj_cooja/mtype916.a(process.o)
 .data          0x000000000002e0f8        0x0 obj_cooja/mtype916.a(residual.o)
 .data          0x000000000002e0f8        0x0 obj_cooja/mtype916.a(rtimer.o)
 .data          0x000000000002e0f8        0x0 obj_cooja/mtype916.a(timer.o)
 .data          0x000000000002e0f8       0x10 obj_cooja/mtype916.a(serial-line.o)
                0x000000000002e0f8                serial_line_process
 .data          0x000000000002e108        0x0 obj_cooja/mtype916.a(list.o)
 .data          0x000000000002e108        0x0 obj_cooja/mtype916.a(ringbuf.o)
 .data          0x000000000002e108        0x0 obj_cooja/mtype916.a(sicslowpan.o)
 .data          0x000000000002e108       0x14 obj_cooja/mtype916.a(uip-ds6-nbr.o)
                0x000000000002e118                ds6_neighbors
 .data          0x000000000002e11c        0x0 obj_cooja/mtype916.a(uip-ds6.o)
 .data          0x000000000002e11c        0x0 obj_cooja/mtype916.a(uip6.o)
 .data          0x000000000002e11c       0x10 obj_cooja/mtype916.a(tcpip.o)
                0x000000000002e11c                tcpip_process
 .data          0x000000000002e12c        0x0 obj_cooja/mtype916.a(uip-debug.o)
 .data          0x000000000002e12c        0xc obj_cooja/mtype916.a(uip-packetqueue)
 .data          0x000000000002e138       0x28 obj_cooja/mtype916.a(rpl-dag.o)
                0x000000000002e148                rpl_parents
                0x000000000002e15c                rpl_children
 .data          0x000000000002e160        0x0 obj_cooja/mtype916.a(rpl-ext-header.)
 .data          0x000000000002e160       0x34 obj_cooja/mtype916.a(rpl-icmp6.o)
 .data          0x000000000002e194       0x1c obj_cooja/mtype916.a(rpl-ltmax.o)
                0x000000000002e194                rpl_ltmax_of
 .data          0x000000000002e1b0        0x0 obj_cooja/mtype916.a(rpl-timers.o)
 .data          0x000000000002e1b0        0x0 obj_cooja/mtype916.a(rpl.o)
 .data          0x000000000002e1b0       0x28 obj_cooja/mtype916.a(csma.o)
 .data          0x000000000002e1d8        0x0 obj_cooja/mtype916.a(framer-802154.o)
 .data          0x000000000002e1d8        0x0 obj_cooja/mtype916.a(mac.o)
 .data          0x000000000002e1d8       0x30 obj_cooja/mtype916.a(cxmac.o)
                0x000000000002e1d8                cxmac_config
                0x000000000002e1e8                strobe_wait
 .data          0x000000000002e208        0x0 obj_cooja/mtype916.a(linkaddr.o)
 .data          0x000000000002e208       0x10 obj_cooja/mtype916.a(nbr-table.o)
 .data          0x000000000002e218        0x0 obj_cooja/mtype916.a(netstack.o)
 .data          0x000000000002e218        0x4 obj_cooja/mtype916.a(packetbuf.o)
 .data          0x000000000002e21c       0x18 obj_cooja/mtype916.a(queuebuf.o)
 .data          0x000000000002e234        0x0 obj_cooja/mtype916.a(nullsec.o)
 .data          0x000000000002e234        0x0 obj_cooja/mtype916.a(watchdog.o)
 .data          0x000000000002e234        0x0 obj_cooja/mtype916.a(rimestats.o)
 .data          0x000000000002e234        0x0 obj_cooja/mtype916.a(leds.o)
 .data          0x000000000002e234        0x0 obj_cooja/mtype916.a(stimer.o)
 .data          0x000000000002e234        0x0 obj_cooja/mtype916.a(memb.o)
 .data          0x000000000002e234       0x44 obj_cooja/mtype916.a(uip-ds6-route.o)
                0x000000000002e244                nbr_routes
 .data          0x000000000002e278       0x20 obj_cooja/mtype916.a(uip-icmp6.o)
 .data          0x000000000002e298        0x0 obj_cooja/mtype916.a(uip-nd6.o)
 .data          0x000000000002e298        0x0 obj_cooja/mtype916.a(rpl-nbr-policy.)
 .data          0x000000000002e298        0x2 obj_cooja/mtype916.a(frame802154.o)
 .data          0x000000000002e29a        0x0 /usr/lib/gcc/i686-linux-gnu/4.8/crtendS.o
 .data          0x000000000002e29a        0x0 /usr/lib/gcc/i686-linux-gnu/4.8/../../../i386-linux-gnu/crtn.o

.tm_clone_table
                0x000000000002e29c        0x0
 .tm_clone_table
                0x000000000002e29c        0x0 /usr/lib/gcc/i686-linux-gnu/4.8/crtbeginS.o
 .tm_clone_table
                0x000000000002e29c        0x0 /usr/lib/gcc/i686-linux-gnu/4.8/crtendS.o

.data1
 *(.data1)
                0x000000000002e29c                _edata = .
                0x000000000002e29c                PROVIDE (edata, .)
                0x000000000002e29c                . = .
                0x000000000002e29c                __bss_start = .

.bss            0x000000000002e2a0     0x88a8
 *(.dynbss)
 .dynbss        0x0000000000000000        0x0 /usr/lib/gcc/i686-linux-gnu/4.8/../../../i386-linux-gnu/crti.o
 *(.bss .bss.* .gnu.linkonce.b.*)
 .bss           0x000000000002e2a0        0x0 /usr/lib/gcc/i686-linux-gnu/4.8/../../../i386-linux-gnu/crti.o
 .bss           0x000000000002e2a0        0x1 /usr/lib/gcc/i686-linux-gnu/4.8/crtbeginS.o
 *fill*         0x000000000002e2a1        0x3 
 .bss           0x000000000002e2a4        0x8 udp-server.co
                0x000000000002e2a4                my_weight
 *fill*         0x000000000002e2ac       0x14 
 .bss           0x000000000002e2c0     0x2030 obj_cooja/mtype916.o
 .bss           0x00000000000302f0        0x1 obj_cooja/mtype916.a(simEnvChange.o)
                0x00000000000302f0                simDontFallAsleep
 *fill*         0x00000000000302f1        0x3 
 .bss           0x00000000000302f4        0x4 obj_cooja/mtype916.a(cooja_mt.o)
 .bss           0x00000000000302f8        0x4 obj_cooja/mtype916.a(cooja_mtarch.o)
 .bss           0x00000000000302fc        0xc obj_cooja/mtype916.a(rtimer-arch.o)
 .bss           0x0000000000030308        0x0 obj_cooja/mtype916.a(beep.o)
 .bss           0x0000000000030308        0x8 obj_cooja/mtype916.a(button-sensor.o)
 .bss           0x0000000000030310        0x0 obj_cooja/mtype916.a(leds-arch.o)
 .bss           0x0000000000030310        0x0 obj_cooja/mtype916.a(moteid.o)
 .bss           0x0000000000030310        0x1 obj_cooja/mtype916.a(pir-sensor.o)
                0x0000000000030310                simPirValue
 *fill*         0x0000000000030311        0x3 
 .bss           0x0000000000030314        0x4 obj_cooja/mtype916.a(rs232.o)
 .bss           0x0000000000030318        0x1 obj_cooja/mtype916.a(vib-sensor.o)
                0x0000000000030318                simVibValue
 .bss           0x0000000000030319        0x0 obj_cooja/mtype916.a(clock.o)
 *fill*         0x0000000000030319        0x7 
 .bss           0x0000000000030320      0x420 obj_cooja/mtype916.a(log.o)
 .bss           0x0000000000030740      0xfc0 obj_cooja/mtype916.a(cfs-cooja.o)
                0x0000000000030740                simCFSData
                0x00000000000316e0                simCFSSize
                0x00000000000316e4                simCFSChanged
                0x00000000000316e8                simCFSRead
                0x00000000000316ec                simCFSWritten
 .bss           0x0000000000031700       0x24 obj_cooja/mtype916.a(cooja-radio.o)
                0x0000000000031700                simReceivingLR
                0x0000000000031704                simInSizeLR
                0x0000000000031708                simOutSizeLR
                0x000000000003170c                simReceiving
                0x0000000000031710                simInSize
                0x0000000000031714                simOutSize
                0x0000000000031718                LongRangeTransmit
                0x000000000003171c                LongRangeReceiving
 .bss           0x0000000000031724        0xc obj_cooja/mtype916.a(eeprom.o)
                0x0000000000031724                simEEPROMChanged
                0x0000000000031728                simEEPROMRead
                0x000000000003172c                simEEPROMWritten
 .bss           0x0000000000031730        0x0 obj_cooja/mtype916.a(random.o)
 .bss           0x0000000000031730        0xc obj_cooja/mtype916.a(sensors.o)
 .bss           0x000000000003173c        0x0 obj_cooja/mtype916.a(autostart.o)
 .bss           0x000000000003173c        0x5 obj_cooja/mtype916.a(ctimer.o)
 *fill*         0x0000000000031741        0x3 
 .bss           0x0000000000031744        0x8 obj_cooja/mtype916.a(etimer.o)
 .bss           0x000000000003174c        0x0 obj_cooja/mtype916.a(log_message.o)
 *fill*         0x000000000003174c       0x14 
 .bss           0x0000000000031760      0x1b1 obj_cooja/mtype916.a(process.o)
                0x0000000000031760                process_list
                0x0000000000031764                process_current
 .bss           0x0000000000031911        0x0 obj_cooja/mtype916.a(residual.o)
 *fill*         0x0000000000031911        0x3 
 .bss           0x0000000000031914        0x4 obj_cooja/mtype916.a(rtimer.o)
 .bss           0x0000000000031918        0x0 obj_cooja/mtype916.a(timer.o)
 *fill*         0x0000000000031918        0x8 
 .bss           0x0000000000031920      0x140 obj_cooja/mtype916.a(serial-line.o)
 .bss           0x0000000000031a60        0x0 obj_cooja/mtype916.a(list.o)
 .bss           0x0000000000031a60        0x0 obj_cooja/mtype916.a(ringbuf.o)
 .bss           0x0000000000031a60      0x70c obj_cooja/mtype916.a(sicslowpan.o)
 *fill*         0x000000000003216c       0x14 
 .bss           0x0000000000032180      0x2d0 obj_cooja/mtype916.a(uip-ds6-nbr.o)
 .bss           0x0000000000032450       0x20 obj_cooja/mtype916.a(uip-ds6.o)
 .bss           0x0000000000032470        0xe obj_cooja/mtype916.a(uip6.o)
                0x0000000000032470                uip_ext_bitmap
                0x0000000000032471                uip_ext_len
                0x0000000000032472                uip_ext_opt_offset
 *fill*         0x000000000003247e        0x2 
 .bss           0x0000000000032480       0x68 obj_cooja/mtype916.a(tcpip.o)
 .bss           0x00000000000324e8        0x0 obj_cooja/mtype916.a(uip-debug.o)
 *fill*         0x00000000000324e8       0x18 
 .bss           0x0000000000032500      0xcf8 obj_cooja/mtype916.a(uip-packetqueue)
 *fill*         0x00000000000331f8        0x8 
 .bss           0x0000000000033200      0x1fe obj_cooja/mtype916.a(rpl-dag.o)
 .bss           0x00000000000333fe        0x0 obj_cooja/mtype916.a(rpl-ext-header.)
 .bss           0x00000000000333fe        0x0 obj_cooja/mtype916.a(rpl-icmp6.o)
 .bss           0x00000000000333fe        0x0 obj_cooja/mtype916.a(rpl-ltmax.o)
 *fill*         0x00000000000333fe        0x2 
 .bss           0x0000000000033400       0x23 obj_cooja/mtype916.a(rpl-timers.o)
 *fill*         0x0000000000033423        0x1 
 .bss           0x0000000000033424        0x4 obj_cooja/mtype916.a(rpl.o)
 *fill*         0x0000000000033428       0x18 
 .bss           0x0000000000033440      0x248 obj_cooja/mtype916.a(csma.o)
 .bss           0x0000000000033688        0x2 obj_cooja/mtype916.a(framer-802154.o)
 .bss           0x000000000003368a        0x0 obj_cooja/mtype916.a(mac.o)
 *fill*         0x000000000003368a       0x16 
 .bss           0x00000000000336a0       0xb4 obj_cooja/mtype916.a(cxmac.o)
 .bss           0x0000000000033754        0x0 obj_cooja/mtype916.a(linkaddr.o)
 *fill*         0x0000000000033754        0xc 
 .bss           0x0000000000033760      0x20c obj_cooja/mtype916.a(nbr-table.o)
 .bss           0x000000000003396c        0x0 obj_cooja/mtype916.a(netstack.o)
 *fill*         0x000000000003396c       0x14 
 .bss           0x0000000000033980       0xa0 obj_cooja/mtype916.a(packetbuf.o)
 .bss           0x0000000000033a20      0xb80 obj_cooja/mtype916.a(queuebuf.o)
 .bss           0x00000000000345a0        0x0 obj_cooja/mtype916.a(nullsec.o)
 .bss           0x00000000000345a0        0x0 obj_cooja/mtype916.a(watchdog.o)
 .bss           0x00000000000345a0        0x0 obj_cooja/mtype916.a(rimestats.o)
 .bss           0x00000000000345a0        0x1 obj_cooja/mtype916.a(leds.o)
 .bss           0x00000000000345a1        0x0 obj_cooja/mtype916.a(stimer.o)
 .bss           0x00000000000345a1        0x0 obj_cooja/mtype916.a(memb.o)
 *fill*         0x00000000000345a1       0x1f 
 .bss           0x00000000000345c0      0x568 obj_cooja/mtype916.a(uip-ds6-route.o)
 .bss           0x0000000000034b28       0x18 obj_cooja/mtype916.a(uip-icmp6.o)
 .bss           0x0000000000034b40        0x0 obj_cooja/mtype916.a(uip-nd6.o)
 .bss           0x0000000000034b40       0x44 obj_cooja/mtype916.a(rpl-nbr-policy.)
 .bss           0x0000000000034b84        0x0 obj_cooja/mtype916.a(frame802154.o)
 .bss           0x0000000000034b84        0x0 /usr/lib/gcc/i686-linux-gnu/4.8/crtendS.o
 .bss           0x0000000000034b84        0x0 /usr/lib/gcc/i686-linux-gnu/4.8/../../../i386-linux-gnu/crtn.o
 *(COMMON)
 COMMON         0x0000000000034b84        0x2 udp-server.co
                0x0000000000034b84                my_sink_reachability
                0x0000000000034b85                my_parent_number
 *fill*         0x0000000000034b86        0x2 
 COMMON         0x0000000000034b88       0x70 obj_cooja/mtype916.o
                0x0000000000034b88                dio_count
                0x0000000000034b8c                dis_count
                0x0000000000034b90                csma_drop_count
                0x0000000000034b94                tcp_output_count
                0x0000000000034b98                csma_transmission_count
                0x0000000000034b9c                dao_ack_fwd_count
                0x0000000000034ba0                COOJA_radioRxLong
                0x0000000000034ba4                cxmac_collision_count
                0x0000000000034ba8                cxmac_retransmission_count
                0x0000000000034bac                control_message_count
                0x0000000000034bb0                dao_count
                0x0000000000034bb4                icmp_count
                0x0000000000034bb8                COOJA_radioTx
                0x0000000000034bbc                referenceVar
                0x0000000000034bc0                cxmac_transmission_count
                0x0000000000034bc4                dao_ack_count
                0x0000000000034bc8                data_message_count
                0x0000000000034bcc                COOJA_radioTxLong
                0x0000000000034bd0                COOJA_radioRx
                0x0000000000034bd4                debugfp
                0x0000000000034bd8                COOJA_radioOn
                0x0000000000034bdc                LSA_count
                0x0000000000034be0                dao_fwd_count
                0x0000000000034be4                COOJA_duration
                0x0000000000034be8                dio_ack_count
                0x0000000000034bec                COOJA_radioOnLong
                0x0000000000034bf0                sensors_flags
                0x0000000000034bf4                data_fwd_count
 COMMON         0x0000000000034bf8        0xc obj_cooja/mtype916.a(simEnvChange.o)
                0x0000000000034bf8                simEtimerPending
                0x0000000000034bfc                simProcessRunValue
                0x0000000000034c00                simNextExpirationTime
 COMMON         0x0000000000034c04        0x1 obj_cooja/mtype916.a(beep.o)
                0x0000000000034c04                simBeeped
 COMMON         0x0000000000034c05        0x3 obj_cooja/mtype916.a(button-sensor.o)
                0x0000000000034c05                simButtonIsActive
                0x0000000000034c06                simButtonIsDown
                0x0000000000034c07                simButtonChanged
 COMMON         0x0000000000034c08        0x1 obj_cooja/mtype916.a(leds-arch.o)
                0x0000000000034c08                simLedsValue
 *fill*         0x0000000000034c09        0x3 
 COMMON         0x0000000000034c0c        0xc obj_cooja/mtype916.a(moteid.o)
                0x0000000000034c0c                simRandomSeed
                0x0000000000034c10                simMoteIDChanged
                0x0000000000034c14                simMoteID
 COMMON         0x0000000000034c18        0x2 obj_cooja/mtype916.a(pir-sensor.o)
                0x0000000000034c18                simPirIsActive
                0x0000000000034c19                simPirChanged
 *fill*         0x0000000000034c1a        0x6 
 COMMON         0x0000000000034c20      0x820 obj_cooja/mtype916.a(rs232.o)
                0x0000000000034c20                simSerialReceivingFlag
                0x0000000000034c24                simSerialReceivingLength
                0x0000000000034c40                simSerialReceivingData
 COMMON         0x0000000000035440        0x2 obj_cooja/mtype916.a(vib-sensor.o)
                0x0000000000035440                simVibChanged
                0x0000000000035441                simVibIsActive
 *fill*         0x0000000000035442        0x2 
 COMMON         0x0000000000035444        0x4 obj_cooja/mtype916.a(clock.o)
                0x0000000000035444                simCurrentTime
 *fill*         0x0000000000035448       0x18 
 COMMON         0x0000000000035460      0x420 obj_cooja/mtype916.a(log.o)
                0x0000000000035460                simLoggedLength
                0x0000000000035464                simLoggedFlag
                0x0000000000035480                simLoggedData
 COMMON         0x0000000000035880      0x200 obj_cooja/mtype916.a(cooja-radio.o)
                0x0000000000035880                simOutDataBuffer
                0x0000000000035900                simInDataBufferLR
                0x0000000000035980                simOutDataBufferLR
                0x0000000000035a00                simInDataBuffer
 COMMON         0x0000000000035a80      0x400 obj_cooja/mtype916.a(eeprom.o)
                0x0000000000035a80                simEEPROMData
 COMMON         0x0000000000035e80        0x1 obj_cooja/mtype916.a(sensors.o)
                0x0000000000035e80                sensors_event
 *fill*         0x0000000000035e81        0x3 
 COMMON         0x0000000000035e84        0x4 obj_cooja/mtype916.a(log_message.o)
                0x0000000000035e84                log_fp
 COMMON         0x0000000000035e88        0x1 obj_cooja/mtype916.a(serial-line.o)
                0x0000000000035e88                serial_line_event_message
 *fill*         0x0000000000035e89       0x17 
 COMMON         0x0000000000035ea0      0x181 obj_cooja/mtype916.a(uip-ds6.o)
                0x0000000000035ea0                uip_ds6_prefix_list
                0x0000000000035f00                uip_ds6_timer_periodic
                0x0000000000035f10                uip_ds6_netif_addr_list_offset
                0x0000000000035f20                uip_ds6_if
                0x0000000000036018                uip_ds6_timer_ra
                0x0000000000036020                uip_ds6_addr_size
 *fill*         0x0000000000036021       0x1f 
 COMMON         0x0000000000036040      0x8ec obj_cooja/mtype916.a(uip6.o)
                0x0000000000036040                uip_slen
                0x0000000000036042                uip_acc32
                0x0000000000036060                uip_conns
                0x0000000000036120                uip_lladdr
                0x0000000000036128                uip_appdata
                0x000000000003612c                uip_flags
                0x0000000000036140                uip_aligned_buf
                0x0000000000036780                uip_listenports
                0x0000000000036790                uip_len
                0x0000000000036794                uip_sappdata
                0x00000000000367a0                uip_udp_conns
                0x0000000000036920                uip_udp_conn
                0x0000000000036924                uip_next_hdr
                0x0000000000036928                uip_conn
 COMMON         0x000000000003692c        0x1 obj_cooja/mtype916.a(tcpip.o)
                0x000000000003692c                tcpip_event
 *fill*         0x000000000003692d       0x13 
 COMMON         0x0000000000036940      0x178 obj_cooja/mtype916.a(rpl-dag.o)
                0x0000000000036940                default_instance
                0x0000000000036960                instance_table
 COMMON         0x0000000000036ab8        0x8 obj_cooja/mtype916.a(linkaddr.o)
                0x0000000000036ab8                linkaddr_node_addr
 COMMON         0x0000000000036ac0       0x2e obj_cooja/mtype916.a(packetbuf.o)
                0x0000000000036ac0                packetbuf_attrs
                0x0000000000036ade                packetbuf_addrs
 *fill*         0x0000000000036aee       0x12 
 COMMON         0x0000000000036b00       0x48 obj_cooja/mtype916.a(rimestats.o)
                0x0000000000036b00                rimestats
                0x0000000000036b48                . = ALIGN ((. != 0x0)?0x4:0x1)
                0x0000000000036b48                . = ALIGN (0x4)
                0x0000000000036b48                . = SEGMENT_START ("ldata-segment", .)
                0x0000000000036b48                . = ALIGN (0x4)
                0x0000000000036b48                _end = .
                0x0000000000036b48                PROVIDE (end, .)
                0x0000000000036b48                . = DATA_SEGMENT_END (.)

.stab
 *(.stab)

.stabstr
 *(.stabstr)

.stab.excl
 *(.stab.excl)

.stab.exclstr
 *(.stab.exclstr)

.stab.index
 *(.stab.index)

.stab.indexstr
 *(.stab.indexstr)

.comment        0x0000000000000000       0x29
 *(.comment)
 .comment       0x0000000000000000       0x29 /usr/lib/gcc/i686-linux-gnu/4.8/crtbeginS.o
                                         0x2a (size before relaxing)
 .comment       0x0000000000000000       0x2a udp-server.co
 .comment       0x0000000000000000       0x2a obj_cooja/mtype916.o
 .comment       0x0000000000000000       0x2a obj_cooja/mtype916.a(simEnvChange.o)
 .comment       0x0000000000000000       0x2a obj_cooja/mtype916.a(cooja_mt.o)
 .comment       0x0000000000000000       0x2a obj_cooja/mtype916.a(cooja_mtarch.o)
 .comment       0x0000000000000000       0x2a obj_cooja/mtype916.a(rtimer-arch.o)
 .comment       0x0000000000000000       0x2a obj_cooja/mtype916.a(beep.o)
 .comment       0x0000000000000000       0x2a obj_cooja/mtype916.a(button-sensor.o)
 .comment       0x0000000000000000       0x2a obj_cooja/mtype916.a(leds-arch.o)
 .comment       0x0000000000000000       0x2a obj_cooja/mtype916.a(moteid.o)
 .comment       0x0000000000000000       0x2a obj_cooja/mtype916.a(pir-sensor.o)
 .comment       0x0000000000000000       0x2a obj_cooja/mtype916.a(rs232.o)
 .comment       0x0000000000000000       0x2a obj_cooja/mtype916.a(vib-sensor.o)
 .comment       0x0000000000000000       0x2a obj_cooja/mtype916.a(clock.o)
 .comment       0x0000000000000000       0x2a obj_cooja/mtype916.a(log.o)
 .comment       0x0000000000000000       0x2a obj_cooja/mtype916.a(cfs-cooja.o)
 .comment       0x0000000000000000       0x2a obj_cooja/mtype916.a(cooja-radio.o)
 .comment       0x0000000000000000       0x2a obj_cooja/mtype916.a(eeprom.o)
 .comment       0x0000000000000000       0x2a obj_cooja/mtype916.a(random.o)
 .comment       0x0000000000000000       0x2a obj_cooja/mtype916.a(sensors.o)
 .comment       0x0000000000000000       0x2a obj_cooja/mtype916.a(autostart.o)
 .comment       0x0000000000000000       0x2a obj_cooja/mtype916.a(ctimer.o)
 .comment       0x0000000000000000       0x2a obj_cooja/mtype916.a(etimer.o)
 .comment       0x0000000000000000       0x2a obj_cooja/mtype916.a(log_message.o)
 .comment       0x0000000000000000       0x2a obj_cooja/mtype916.a(process.o)
 .comment       0x0000000000000000       0x2a obj_cooja/mtype916.a(residual.o)
 .comment       0x0000000000000000       0x2a obj_cooja/mtype916.a(rtimer.o)
 .comment       0x0000000000000000       0x2a obj_cooja/mtype916.a(timer.o)
 .comment       0x0000000000000000       0x2a obj_cooja/mtype916.a(serial-line.o)
 .comment       0x0000000000000000       0x2a obj_cooja/mtype916.a(list.o)
 .comment       0x0000000000000000       0x2a obj_cooja/mtype916.a(ringbuf.o)
 .comment       0x0000000000000000       0x2a obj_cooja/mtype916.a(sicslowpan.o)
 .comment       0x0000000000000000       0x2a obj_cooja/mtype916.a(uip-ds6-nbr.o)
 .comment       0x0000000000000000       0x2a obj_cooja/mtype916.a(uip-ds6.o)
 .comment       0x0000000000000000       0x2a obj_cooja/mtype916.a(uip6.o)
 .comment       0x0000000000000000       0x2a obj_cooja/mtype916.a(tcpip.o)
 .comment       0x0000000000000000       0x2a obj_cooja/mtype916.a(uip-debug.o)
 .comment       0x0000000000000000       0x2a obj_cooja/mtype916.a(uip-packetqueue)
 .comment       0x0000000000000000       0x2a obj_cooja/mtype916.a(rpl-dag.o)
 .comment       0x0000000000000000       0x2a obj_cooja/mtype916.a(rpl-ext-header.)
 .comment       0x0000000000000000       0x2a obj_cooja/mtype916.a(rpl-icmp6.o)
 .comment       0x0000000000000000       0x2a obj_cooja/mtype916.a(rpl-ltmax.o)
 .comment       0x0000000000000000       0x2a obj_cooja/mtype916.a(rpl-timers.o)
 .comment       0x0000000000000000       0x2a obj_cooja/mtype916.a(rpl.o)
 .comment       0x0000000000000000       0x2a obj_cooja/mtype916.a(csma.o)
 .comment       0x0000000000000000       0x2a obj_cooja/mtype916.a(framer-802154.o)
 .comment       0x0000000000000000       0x2a obj_cooja/mtype916.a(mac.o)
 .comment       0x0000000000000000       0x2a obj_cooja/mtype916.a(cxmac.o)
 .comment       0x0000000000000000       0x2a obj_cooja/mtype916.a(linkaddr.o)
 .comment       0x0000000000000000       0x2a obj_cooja/mtype916.a(nbr-table.o)
 .comment       0x0000000000000000       0x2a obj_cooja/mtype916.a(netstack.o)
 .comment       0x0000000000000000       0x2a obj_cooja/mtype916.a(packetbuf.o)
 .comment       0x0000000000000000       0x2a obj_cooja/mtype916.a(queuebuf.o)
 .comment       0x0000000000000000       0x2a obj_cooja/mtype916.a(nullsec.o)
 .comment       0x0000000000000000       0x2a obj_cooja/mtype916.a(watchdog.o)
 .comment       0x0000000000000000       0x2a obj_cooja/mtype916.a(rimestats.o)
 .comment       0x0000000000000000       0x2a obj_cooja/mtype916.a(leds.o)
 .comment       0x0000000000000000       0x2a obj_cooja/mtype916.a(stimer.o)
 .comment       0x0000000000000000       0x2a obj_cooja/mtype916.a(memb.o)
 .comment       0x0000000000000000       0x2a obj_cooja/mtype916.a(uip-ds6-route.o)
 .comment       0x0000000000000000       0x2a obj_cooja/mtype916.a(uip-icmp6.o)
 .comment       0x0000000000000000       0x2a obj_cooja/mtype916.a(uip-nd6.o)
 .comment       0x0000000000000000       0x2a obj_cooja/mtype916.a(rpl-nbr-policy.)
 .comment       0x0000000000000000       0x2a obj_cooja/mtype916.a(frame802154.o)
 .comment       0x0000000000000000       0x2a /usr/lib/gcc/i686-linux-gnu/4.8/crtendS.o

.debug
 *(.debug)

.line
 *(.line)

.debug_srcinfo
 *(.debug_srcinfo)

.debug_sfnames
 *(.debug_sfnames)

.debug_aranges  0x0000000000000000      0x7f8
 *(.debug_aranges)
 .debug_aranges
                0x0000000000000000       0x20 udp-server.co
 .debug_aranges
                0x0000000000000020       0x20 obj_cooja/mtype916.o
 .debug_aranges
                0x0000000000000040       0x20 obj_cooja/mtype916.a(simEnvChange.o)
 .debug_aranges
                0x0000000000000060       0x20 obj_cooja/mtype916.a(cooja_mt.o)
 .debug_aranges
                0x0000000000000080       0x20 obj_cooja/mtype916.a(cooja_mtarch.o)
 .debug_aranges
                0x00000000000000a0       0x20 obj_cooja/mtype916.a(rtimer-arch.o)
 .debug_aranges
                0x00000000000000c0       0x20 obj_cooja/mtype916.a(beep.o)
 .debug_aranges
                0x00000000000000e0       0x20 obj_cooja/mtype916.a(button-sensor.o)
 .debug_aranges
                0x0000000000000100       0x20 obj_cooja/mtype916.a(leds-arch.o)
 .debug_aranges
                0x0000000000000120       0x20 obj_cooja/mtype916.a(moteid.o)
 .debug_aranges
                0x0000000000000140       0x20 obj_cooja/mtype916.a(pir-sensor.o)
 .debug_aranges
                0x0000000000000160       0x20 obj_cooja/mtype916.a(rs232.o)
 .debug_aranges
                0x0000000000000180       0x20 obj_cooja/mtype916.a(vib-sensor.o)
 .debug_aranges
                0x00000000000001a0       0x20 obj_cooja/mtype916.a(clock.o)
 .debug_aranges
                0x00000000000001c0       0x20 obj_cooja/mtype916.a(log.o)
 .debug_aranges
                0x00000000000001e0       0x20 obj_cooja/mtype916.a(cfs-cooja.o)
 .debug_aranges
                0x0000000000000200       0x20 obj_cooja/mtype916.a(cooja-radio.o)
 .debug_aranges
                0x0000000000000220       0x20 obj_cooja/mtype916.a(eeprom.o)
 .debug_aranges
                0x0000000000000240       0x20 obj_cooja/mtype916.a(random.o)
 .debug_aranges
                0x0000000000000260       0x20 obj_cooja/mtype916.a(sensors.o)
 .debug_aranges
                0x0000000000000280       0x20 obj_cooja/mtype916.a(autostart.o)
 .debug_aranges
                0x00000000000002a0       0x20 obj_cooja/mtype916.a(ctimer.o)
 .debug_aranges
                0x00000000000002c0       0x20 obj_cooja/mtype916.a(etimer.o)
 .debug_aranges
                0x00000000000002e0       0x20 obj_cooja/mtype916.a(log_message.o)
 .debug_aranges
                0x0000000000000300       0x20 obj_cooja/mtype916.a(process.o)
 .debug_aranges
                0x0000000000000320       0x20 obj_cooja/mtype916.a(residual.o)
 .debug_aranges
                0x0000000000000340       0x20 obj_cooja/mtype916.a(rtimer.o)
 .debug_aranges
                0x0000000000000360       0x20 obj_cooja/mtype916.a(timer.o)
 .debug_aranges
                0x0000000000000380       0x20 obj_cooja/mtype916.a(serial-line.o)
 .debug_aranges
                0x00000000000003a0       0x20 obj_cooja/mtype916.a(list.o)
 .debug_aranges
                0x00000000000003c0       0x20 obj_cooja/mtype916.a(ringbuf.o)
 .debug_aranges
                0x00000000000003e0       0x20 obj_cooja/mtype916.a(sicslowpan.o)
 .debug_aranges
                0x0000000000000400       0x20 obj_cooja/mtype916.a(uip-ds6-nbr.o)
 .debug_aranges
                0x0000000000000420       0x20 obj_cooja/mtype916.a(uip-ds6.o)
 .debug_aranges
                0x0000000000000440       0x20 obj_cooja/mtype916.a(uip6.o)
 .debug_aranges
                0x0000000000000460       0x20 obj_cooja/mtype916.a(tcpip.o)
 .debug_aranges
                0x0000000000000480       0x20 obj_cooja/mtype916.a(uip-debug.o)
 .debug_aranges
                0x00000000000004a0       0x20 obj_cooja/mtype916.a(uip-packetqueue)
 .debug_aranges
                0x00000000000004c0       0x20 obj_cooja/mtype916.a(rpl-dag.o)
 .debug_aranges
                0x00000000000004e0       0x20 obj_cooja/mtype916.a(rpl-ext-header.)
 .debug_aranges
                0x0000000000000500       0x20 obj_cooja/mtype916.a(rpl-icmp6.o)
 .debug_aranges
                0x0000000000000520       0x20 obj_cooja/mtype916.a(rpl-ltmax.o)
 .debug_aranges
                0x0000000000000540       0x20 obj_cooja/mtype916.a(rpl-timers.o)
 .debug_aranges
                0x0000000000000560       0x20 obj_cooja/mtype916.a(rpl.o)
 .debug_aranges
                0x0000000000000580       0x20 obj_cooja/mtype916.a(csma.o)
 .debug_aranges
                0x00000000000005a0       0x20 obj_cooja/mtype916.a(framer-802154.o)
 .debug_aranges
                0x00000000000005c0       0x20 obj_cooja/mtype916.a(mac.o)
 .debug_aranges
                0x00000000000005e0       0x20 obj_cooja/mtype916.a(cxmac.o)
 .debug_aranges
                0x0000000000000600       0x20 obj_cooja/mtype916.a(linkaddr.o)
 .debug_aranges
                0x0000000000000620       0x20 obj_cooja/mtype916.a(nbr-table.o)
 .debug_aranges
                0x0000000000000640       0x20 obj_cooja/mtype916.a(netstack.o)
 .debug_aranges
                0x0000000000000660       0x20 obj_cooja/mtype916.a(packetbuf.o)
 .debug_aranges
                0x0000000000000680       0x20 obj_cooja/mtype916.a(queuebuf.o)
 .debug_aranges
                0x00000000000006a0       0x20 obj_cooja/mtype916.a(nullsec.o)
 .debug_aranges
                0x00000000000006c0       0x20 obj_cooja/mtype916.a(watchdog.o)
 .debug_aranges
                0x00000000000006e0       0x18 obj_cooja/mtype916.a(rimestats.o)
 .debug_aranges
                0x00000000000006f8       0x20 obj_cooja/mtype916.a(leds.o)
 .debug_aranges
                0x0000000000000718       0x20 obj_cooja/mtype916.a(stimer.o)
 .debug_aranges
                0x0000000000000738       0x20 obj_cooja/mtype916.a(memb.o)
 .debug_aranges
                0x0000000000000758       0x20 obj_cooja/mtype916.a(uip-ds6-route.o)
 .debug_aranges
                0x0000000000000778       0x20 obj_cooja/mtype916.a(uip-icmp6.o)
 .debug_aranges
                0x0000000000000798       0x20 obj_cooja/mtype916.a(uip-nd6.o)
 .debug_aranges
                0x00000000000007b8       0x20 obj_cooja/mtype916.a(rpl-nbr-policy.)
 .debug_aranges
                0x00000000000007d8       0x20 obj_cooja/mtype916.a(frame802154.o)

.debug_pubnames
 *(.debug_pubnames)

.debug_info     0x0000000000000000    0x1c663
 *(.debug_info .gnu.linkonce.wi.*)
 .debug_info    0x0000000000000000      0xe43 udp-server.co
 .debug_info    0x0000000000000e43     0x3b8f obj_cooja/mtype916.o
 .debug_info    0x00000000000049d2      0x15a obj_cooja/mtype916.a(simEnvChange.o)
 .debug_info    0x0000000000004b2c      0x1e2 obj_cooja/mtype916.a(cooja_mt.o)
 .debug_info    0x0000000000004d0e      0x2e7 obj_cooja/mtype916.a(cooja_mtarch.o)
 .debug_info    0x0000000000004ff5      0x16b obj_cooja/mtype916.a(rtimer-arch.o)
 .debug_info    0x0000000000005160      0x1f3 obj_cooja/mtype916.a(beep.o)
 .debug_info    0x0000000000005353      0x257 obj_cooja/mtype916.a(button-sensor.o)
 .debug_info    0x00000000000055aa      0x132 obj_cooja/mtype916.a(leds-arch.o)
 .debug_info    0x00000000000056dc      0x10a obj_cooja/mtype916.a(moteid.o)
 .debug_info    0x00000000000057e6      0x216 obj_cooja/mtype916.a(pir-sensor.o)
 .debug_info    0x00000000000059fc      0x21e obj_cooja/mtype916.a(rs232.o)
 .debug_info    0x0000000000005c1a      0x216 obj_cooja/mtype916.a(vib-sensor.o)
 .debug_info    0x0000000000005e30      0x152 obj_cooja/mtype916.a(clock.o)
 .debug_info    0x0000000000005f82      0x2bb obj_cooja/mtype916.a(log.o)
 .debug_info    0x000000000000623d      0x3cf obj_cooja/mtype916.a(cfs-cooja.o)
 .debug_info    0x000000000000660c      0xc9c obj_cooja/mtype916.a(cooja-radio.o)
 .debug_info    0x00000000000072a8      0x1d5 obj_cooja/mtype916.a(eeprom.o)
 .debug_info    0x000000000000747d       0xb3 obj_cooja/mtype916.a(random.o)
 .debug_info    0x0000000000007530      0x36d obj_cooja/mtype916.a(sensors.o)
 .debug_info    0x000000000000789d      0x1a5 obj_cooja/mtype916.a(autostart.o)
 .debug_info    0x0000000000007a42      0x46c obj_cooja/mtype916.a(ctimer.o)
 .debug_info    0x0000000000007eae      0x49c obj_cooja/mtype916.a(etimer.o)
 .debug_info    0x000000000000834a      0x55c obj_cooja/mtype916.a(log_message.o)
 .debug_info    0x00000000000088a6      0x4ba obj_cooja/mtype916.a(process.o)
 .debug_info    0x0000000000008d60      0x16b obj_cooja/mtype916.a(residual.o)
 .debug_info    0x0000000000008ecb      0x1ab obj_cooja/mtype916.a(rtimer.o)
 .debug_info    0x0000000000009076      0x16c obj_cooja/mtype916.a(timer.o)
 .debug_info    0x00000000000091e2      0x2de obj_cooja/mtype916.a(serial-line.o)
 .debug_info    0x00000000000094c0      0x2ed obj_cooja/mtype916.a(list.o)
 .debug_info    0x00000000000097ad      0x1aa obj_cooja/mtype916.a(ringbuf.o)
 .debug_info    0x0000000000009957     0x105e obj_cooja/mtype916.a(sicslowpan.o)
 .debug_info    0x000000000000a9b5      0x853 obj_cooja/mtype916.a(uip-ds6-nbr.o)
 .debug_info    0x000000000000b208      0xa5b obj_cooja/mtype916.a(uip-ds6.o)
 .debug_info    0x000000000000bc63      0xfd2 obj_cooja/mtype916.a(uip6.o)
 .debug_info    0x000000000000cc35     0x157e obj_cooja/mtype916.a(tcpip.o)
 .debug_info    0x000000000000e1b3      0x1b5 obj_cooja/mtype916.a(uip-debug.o)
 .debug_info    0x000000000000e368      0x470 obj_cooja/mtype916.a(uip-packetqueue)
 .debug_info    0x000000000000e7d8     0x1bbb obj_cooja/mtype916.a(rpl-dag.o)
 .debug_info    0x0000000000010393      0xe8f obj_cooja/mtype916.a(rpl-ext-header.)
 .debug_info    0x0000000000011222     0x19bd obj_cooja/mtype916.a(rpl-icmp6.o)
 .debug_info    0x0000000000012bdf      0xb40 obj_cooja/mtype916.a(rpl-ltmax.o)
 .debug_info    0x000000000001371f      0xabd obj_cooja/mtype916.a(rpl-timers.o)
 .debug_info    0x00000000000141dc      0xd42 obj_cooja/mtype916.a(rpl.o)
 .debug_info    0x0000000000014f1e      0xd64 obj_cooja/mtype916.a(csma.o)
 .debug_info    0x0000000000015c82      0x5ed obj_cooja/mtype916.a(framer-802154.o)
 .debug_info    0x000000000001626f      0x112 obj_cooja/mtype916.a(mac.o)
 .debug_info    0x0000000000016381     0x11a0 obj_cooja/mtype916.a(cxmac.o)
 .debug_info    0x0000000000017521      0x165 obj_cooja/mtype916.a(linkaddr.o)
 .debug_info    0x0000000000017686      0x8e4 obj_cooja/mtype916.a(nbr-table.o)