Archive member included to satisfy reference by file (symbol)

obj_cooja/mtype282.a(simEnvChange.o)
                              obj_cooja/mtype282.o (simDontFallAsleep)
obj_cooja/mtype282.a(cooja_mt.o)
                              obj_cooja/mtype282.o (cooja_mt_start)
obj_cooja/mtype282.a(cooja_mtarch.o)
                              obj_cooja/mtype282.a(cooja_mt.o) (cooja_mtarch_init)
obj_cooja/mtype282.a(rtimer-arch.o)
                              obj_cooja/mtype282.o (rtimer_arch_next)
obj_cooja/mtype282.a(beep.o)  obj_cooja/mtype282.o (beep_interface)
obj_cooja/mtype282.a(button-sensor.o)
                              obj_cooja/mtype282.o (button_interface)
obj_cooja/mtype282.a(leds-arch.o)
                              obj_cooja/mtype282.o (leds_interface)
obj_cooja/mtype282.a(moteid.o)
                              obj_cooja/mtype282.o (moteid_interface)
obj_cooja/mtype282.a(pir-sensor.o)
                              obj_cooja/mtype282.o (pir_interface)
obj_cooja/mtype282.a(rs232.o)
                              obj_cooja/mtype282.o (rs232_interface)
obj_cooja/mtype282.a(vib-sensor.o)
                              obj_cooja/mtype282.o (vib_interface)
obj_cooja/mtype282.a(clock.o)
                              obj_cooja/mtype282.o (clock_interface)
obj_cooja/mtype282.a(log.o)   obj_cooja/mtype282.o (simlog_interface)
obj_cooja/mtype282.a(cfs-cooja.o)
                              obj_cooja/mtype282.o (cfs_interface)
obj_cooja/mtype282.a(cooja-radio.o)
                              obj_cooja/mtype282.o (radio_interface)
obj_cooja/mtype282.a(eeprom.o)
                              obj_cooja/mtype282.o (eeprom_interface)
obj_cooja/mtype282.a(random.o)
                              obj_cooja/mtype282.a(moteid.o) (random_init)
obj_cooja/mtype282.a(sensors.o)
                              udp-client.co (sensors_event)
obj_cooja/mtype282.a(leds.o)  obj_cooja/mtype282.a(cooja-radio.o) (leds_on)
obj_cooja/mtype282.a(dual_conf.o)
                              obj_cooja/mtype282.a(cooja-radio.o) (long_range_radio)
obj_cooja/mtype282.a(autostart.o)
                              obj_cooja/mtype282.o (autostart_start)
obj_cooja/mtype282.a(ctimer.o)
                              obj_cooja/mtype282.o (ctimer_init)
obj_cooja/mtype282.a(etimer.o)
                              obj_cooja/mtype282.o (etimer_process)
obj_cooja/mtype282.a(process.o)
                              udp-client.co (process_current)
obj_cooja/mtype282.a(residual.o)
                              udp-client.co (DISSIPATION_RATE)
obj_cooja/mtype282.a(rtimer.o)
                              obj_cooja/mtype282.a(rtimer-arch.o) (rtimer_run_next)
obj_cooja/mtype282.a(stimer.o)
                              udp-client.co (stimer_remaining)
obj_cooja/mtype282.a(timer.o)
                              obj_cooja/mtype282.a(button-sensor.o) (timer_set)
obj_cooja/mtype282.a(serial-line.o)
                              udp-client.co (serial_line_event_message)
obj_cooja/mtype282.a(list.o)  obj_cooja/mtype282.a(ctimer.o) (list_init)
obj_cooja/mtype282.a(ringbuf.o)
                              obj_cooja/mtype282.a(serial-line.o) (ringbuf_init)
obj_cooja/mtype282.a(sicslowpan.o)
                              obj_cooja/mtype282.o (sicslowpan_driver)
obj_cooja/mtype282.a(uip-ds6-nbr.o)
                              obj_cooja/mtype282.a(sicslowpan.o) (uip_ds6_link_neighbor_callback)
obj_cooja/mtype282.a(uip-ds6-route.o)
                              udp-client.co (uip_ds6_route_nexthop)
obj_cooja/mtype282.a(uip-ds6.o)
                              udp-client.co (uip_ds6_if)
obj_cooja/mtype282.a(uip6.o)  udp-client.co (uip_lladdr)
obj_cooja/mtype282.a(tcpip.o)
                              udp-client.co (tcpip_event)
obj_cooja/mtype282.a(uip-debug.o)
                              udp-client.co (uip_debug_ipaddr_print)
obj_cooja/mtype282.a(uip-packetqueue)
                              obj_cooja/mtype282.a(uip-ds6-nbr.o) (uip_packetqueue_new)
obj_cooja/mtype282.a(uip-udp-packet.)
                              udp-client.co (uip_udp_packet_sendto)
obj_cooja/mtype282.a(rpl-dag.o)
                              udp-client.co (rpl_parents)
obj_cooja/mtype282.a(rpl-ext-header.)
                              obj_cooja/mtype282.a(uip6.o) (rpl_verify_header)
obj_cooja/mtype282.a(rpl-icmp6.o)
                              obj_cooja/mtype282.a(rpl-dag.o) (rpl_icmp6_update_nbr_table)
obj_cooja/mtype282.a(rpl-ltmax.o)
                              obj_cooja/mtype282.a(rpl-dag.o) (rpl_ltmax_of)
obj_cooja/mtype282.a(rpl-timers.o)
                              obj_cooja/mtype282.a(rpl-dag.o) (rpl_reset_dio_timer)
obj_cooja/mtype282.a(rpl.o)   obj_cooja/mtype282.a(rpl-icmp6.o) (rpl_get_mode)
obj_cooja/mtype282.a(csma.o)  obj_cooja/mtype282.o (csma_driver)
obj_cooja/mtype282.a(framer-802154.o)
                              obj_cooja/mtype282.a(sicslowpan.o) (framer_802154)
obj_cooja/mtype282.a(mac.o)   obj_cooja/mtype282.a(csma.o) (mac_call_sent_callback)
[...]
Memory Configuration

Name             Origin             Length             Attributes
*default*        0x0000000000000000 0xffffffffffffffff

Linker script and memory map

LOAD /usr/lib/gcc/i686-linux-gnu/4.8/../../../i386-linux-gnu/crti.o
LOAD /usr/lib/gcc/i686-linux-gnu/4.8/crtbeginS.o
LOAD udp-client.co
LOAD obj_cooja/mtype282.o
LOAD obj_cooja/mtype282.a
LOAD /usr/lib/gcc/i686-linux-gnu/4.8/libgcc.a
LOAD /usr/lib/gcc/i686-linux-gnu/4.8/libgcc_s.so
LOAD /usr/lib/gcc/i686-linux-gnu/4.8/../../../i386-linux-gnu/libc.so
START GROUP
LOAD /lib/i386-linux-gnu/libc.so.6
LOAD /usr/lib/i386-linux-gnu/libc_nonshared.a
LOAD /lib/i386-linux-gnu/ld-linux.so.2
END GROUP
LOAD /usr/lib/gcc/i686-linux-gnu/4.8/libgcc.a
LOAD /usr/lib/gcc/i686-linux-gnu/4.8/libgcc_s.so
LOAD /usr/lib/gcc/i686-linux-gnu/4.8/crtendS.o
LOAD /usr/lib/gcc/i686-linux-gnu/4.8/../../../i386-linux-gnu/crtn.o
                0x0000000000000114                . = (0x0 + SIZEOF_HEADERS)

.note.gnu.build-id
                0x0000000000000114       0x24
 *(.note.gnu.build-id)
 .note.gnu.build-id
                0x0000000000000114       0x24 /usr/lib/gcc/i686-linux-gnu/4.8/../../../i386-linux-gnu/crti.o

.hash
 *(.hash)

.gnu.hash       0x0000000000000138     0x1380
 *(.gnu.hash)
 .gnu.hash      0x0000000000000138     0x1380 /usr/lib/gcc/i686-linux-gnu/4.8/../../../i386-linux-gnu/crti.o

.dynsym         0x00000000000014b8     0x2640
 *(.dynsym)
 .dynsym        0x00000000000014b8     0x2640 /usr/lib/gcc/i686-linux-gnu/4.8/../../../i386-linux-gnu/crti.o

.dynstr         0x0000000000003af8     0x276b
 *(.dynstr)
 .dynstr        0x0000000000003af8     0x276b /usr/lib/gcc/i686-linux-gnu/4.8/../../../i386-linux-gnu/crti.o

.gnu.version    0x0000000000006264      0x4c8
 *(.gnu.version)
 .gnu.version   0x0000000000006264      0x4c8 /usr/lib/gcc/i686-linux-gnu/4.8/../../../i386-linux-gnu/crti.o

.gnu.version_d  0x000000000000672c        0x0
 *(.gnu.version_d)
 .gnu.version_d
                0x0000000000000000        0x0 /usr/lib/gcc/i686-linux-gnu/4.8/../../../i386-linux-gnu/crti.o

.gnu.version_r  0x000000000000672c       0x40
 *(.gnu.version_r)
 .gnu.version_r
                0x000000000000672c       0x40 /usr/lib/gcc/i686-linux-gnu/4.8/../../../i386-linux-gnu/crti.o

.rel.dyn        0x000000000000676c     0x9660
 *(.rel.init)
 .rel.init      0x0000000000000000        0x0 /usr/lib/gcc/i686-linux-gnu/4.8/../../../i386-linux-gnu/crti.o
 *(.rel.text .rel.text.* .rel.gnu.linkonce.t.*)
 .rel.text      0x000000000000676c     0x8e88 /usr/lib/gcc/i686-linux-gnu/4.8/../../../i386-linux-gnu/crti.o
 *(.rel.fini)
 .rel.fini      0x0000000000000000        0x0 /usr/lib/gcc/i686-linux-gnu/4.8/../../../i386-linux-gnu/crti.o
 *(.rel.rodata .rel.rodata.* .rel.gnu.linkonce.r.*)
 .rel.rodata    0x000000000000f5f4      0x4e0 /usr/lib/gcc/i686-linux-gnu/4.8/../../../i386-linux-gnu/crti.o
 *(.rel.data.rel.ro .rel.data.rel.ro.* .rel.gnu.linkonce.d.rel.ro.*)
 *(.rel.data .rel.data.* .rel.gnu.linkonce.d.*)
 .rel.data.rel  0x000000000000fad4        0x8 /usr/lib/gcc/i686-linux-gnu/4.8/../../../i386-linux-gnu/crti.o
 .rel.data      0x000000000000fadc      0x2b8 /usr/lib/gcc/i686-linux-gnu/4.8/../../../i386-linux-gnu/crti.o
 *(.rel.tdata .rel.tdata.* .rel.gnu.linkonce.td.*)
 *(.rel.tbss .rel.tbss.* .rel.gnu.linkonce.tb.*)
 *(.rel.ctors)
 *(.rel.dtors)
 *(.rel.got)
 .rel.got       0x000000000000fd94       0x28 /usr/lib/gcc/i686-linux-gnu/4.8/../../../i386-linux-gnu/crti.o
 *(.rel.bss .rel.bss.* .rel.gnu.linkonce.b.*)
 *(.rel.ifunc)
 .rel.ifunc     0x0000000000000000        0x0 /usr/lib/gcc/i686-linux-gnu/4.8/../../../i386-linux-gnu/crti.o
 .rel.fini_array
                0x000000000000fdbc        0x8 /usr/lib/gcc/i686-linux-gnu/4.8/../../../i386-linux-gnu/crti.o
 .rel.init_array
                0x000000000000fdc4        0x8 /usr/lib/gcc/i686-linux-gnu/4.8/../../../i386-linux-gnu/crti.o

.rel.plt        0x000000000000fdcc       0x10
 *(.rel.plt)
 .rel.plt       0x000000000000fdcc       0x10 /usr/lib/gcc/i686-linux-gnu/4.8/../../../i386-linux-gnu/crti.o
 *(.rel.iplt)

.init           0x000000000000fddc       0x23
 *(SORT(.init))
 .init          0x000000000000fddc       0x1e /usr/lib/gcc/i686-linux-gnu/4.8/../../../i386-linux-gnu/crti.o
                0x000000000000fddc                _init
 .init          0x000000000000fdfa        0x5 /usr/lib/gcc/i686-linux-gnu/4.8/../../../i386-linux-gnu/crtn.o

.plt            0x000000000000fe00       0x30
 *(.plt)
 .plt           0x000000000000fe00       0x30 /usr/lib/gcc/i686-linux-gnu/4.8/../../../i386-linux-gnu/crti.o
 *(.iplt)

.text           0x000000000000fe30    0x17180
 *(.text.unlikely .text.*_unlikely .text.unlikely.*)
 *(.text.exit .text.exit.*)
 *(.text.startup .text.startup.*)
 *(.text.hot .text.hot.*)
 *(.text .stub .text.* .gnu.linkonce.t.*)
 .text          0x000000000000fe30        0x0 /usr/lib/gcc/i686-linux-gnu/4.8/../../../i386-linux-gnu/crti.o
 .gnu.linkonce.t.__x86.get_pc_thunk.bx
                0x000000000000fe30        0x4 /usr/lib/gcc/i686-linux-gnu/4.8/../../../i386-linux-gnu/crti.o
                0x000000000000fe30                __x86.get_pc_thunk.bx
 *fill*         0x000000000000fe34        0xc 
 .text          0x000000000000fe40      0x11b /usr/lib/gcc/i686-linux-gnu/4.8/crtbeginS.o
 .text          0x000000000000ff5b      0x744 udp-client.co
 .text          0x000000000001069f      0x944 obj_cooja/mtype282.o
                0x000000000001084d                contiki_init
                0x0000000000010dfa                Java_org_contikios_cooja_corecomm_Lib2_init
                0x0000000000010e3a                Java_org_contikios_cooja_corecomm_Lib2_getMemory
                0x0000000000010e7a                Java_org_contikios_cooja_corecomm_Lib2_setMemory
                0x0000000000010ef1                Java_org_contikios_cooja_corecomm_Lib2_tick
                0x0000000000010fd1                Java_org_contikios_cooja_corecomm_Lib2_setReferenceAddress
 .text          0x0000000000010fe3       0x63 obj_cooja/mtype282.a(simEnvChange.o)
                0x0000000000010fe3                doActionsBeforeTick
                0x0000000000011014                doActionsAfterTick
 .text          0x0000000000011046       0xbc obj_cooja/mtype282.a(cooja_mt.o)
                0x0000000000011046                cooja_mt_init
                0x0000000000011053                cooja_mt_remove
                0x0000000000011060                cooja_mt_start
                0x000000000001108d                cooja_mt_exec
                0x00000000000110be                cooja_mt_exit
                0x00000000000110e0                cooja_mt_yield
 .text          0x0000000000011102      0x115 obj_cooja/mtype282.a(cooja_mtarch.o)
                0x0000000000011102                cooja_mtarch_init
                0x0000000000011107                cooja_mtarch_start
                0x0000000000011182                cooja_sw
                0x00000000000111a4                cooja_mtarch_exec
                0x00000000000111c0                cooja_mtarch_remove
                0x00000000000111c5                cooja_mtarch_yield
                0x00000000000111cf                cooja_mtarch_pstop
                0x00000000000111d4                cooja_mtarch_pstart
                0x00000000000111d9                cooja_mtarch_stack_usage
 .text          0x0000000000011217       0xc2 obj_cooja/mtype282.a(rtimer-arch.o)
                0x0000000000011217                rtimer_arch_init
                0x000000000001123a                rtimer_arch_schedule
                0x0000000000011251                rtimer_arch_next
                0x000000000001125b                rtimer_arch_pending
                0x0000000000011265                rtimer_arch_check
                0x0000000000011297                rtimer_arch_now
 .text          0x00000000000112d9       0x76 obj_cooja/mtype282.a(beep.o)
                0x00000000000112d9                beep_alarm
                0x00000000000112e5                beep_beep
                0x00000000000112f1                beep
                0x00000000000112fd                beep_down
                0x0000000000011309                beep_on
                0x0000000000011315                beep_off
                0x0000000000011321                beep_spinup
                0x000000000001132d                beep_quick
                0x0000000000011339                beep_long
 .text          0x000000000001134f      0x103 obj_cooja/mtype282.a(button-sensor.o)
 .text          0x0000000000011452       0x45 obj_cooja/mtype282.a(leds-arch.o)
                0x0000000000011452                leds_arch_init
                0x000000000001145e                leds_arch_get
                0x000000000001146a                leds_arch_set
 .text          0x0000000000011497       0x2f obj_cooja/mtype282.a(moteid.o)
 .text          0x00000000000114c6       0xb1 obj_cooja/mtype282.a(pir-sensor.o)
 .text          0x0000000000011577      0x131 obj_cooja/mtype282.a(rs232.o)
                0x0000000000011577                rs232_init
                0x000000000001157c                rs232_set_speed
                0x000000000001158a                rs232_set_input
                0x0000000000011597                rs232_send
                0x00000000000115b9                rs232_print
                0x00000000000115d4                slip_arch_writeb
 .text          0x00000000000116a8       0xb1 obj_cooja/mtype282.a(vib-sensor.o)
 .text          0x0000000000011759       0x34 obj_cooja/mtype282.a(clock.o)
                0x0000000000011759                clock_init
                0x000000000001175e                clock_time
                0x0000000000011768                clock_seconds
                0x000000000001177e                clock_delay
 .text          0x000000000001178d      0x1ed obj_cooja/mtype282.a(log.o)
                0x000000000001178d                simlog_char
                0x00000000000117cf                simlog
                0x000000000001183c                log_message
                0x0000000000011864                log_set_putchar_with_slip
                0x0000000000011871                log_putchar
                0x00000000000118f5                log_puts
                0x0000000000011919                log_printf
 .text          0x000000000001197a      0x2c4 obj_cooja/mtype282.a(cfs-cooja.o)
                0x000000000001197a                cfs_open
                0x00000000000119e3                cfs_close
                0x00000000000119ef                cfs_read
                0x0000000000011a8d                cfs_write
                0x0000000000011b6a                cfs_seek
                0x0000000000011bf2                cfs_remove
                0x0000000000011c1b                cfs_opendir
                0x0000000000011c25                cfs_readdir
                0x0000000000011c2f                cfs_closedir
 .text          0x0000000000011c3e      0x69f obj_cooja/mtype282.a(cooja-radio.o)
                0x0000000000011c68                radio_set_channel
                0x0000000000011c7d                radio_set_txpower
                0x0000000000011c9d                radio_signal_strength_last
                0x0000000000011ca7                radio_signal_strength_current
                0x0000000000011cb1                radio_LQI
 .text          0x00000000000122dd       0xef obj_cooja/mtype282.a(eeprom.o)
                0x00000000000122dd                eeprom_init
                0x00000000000122e2                eeprom_read
                0x0000000000012352                eeprom_write
 .text          0x00000000000123cc       0x28 obj_cooja/mtype282.a(random.o)
                0x00000000000123cc                random_init
                0x00000000000123e7                random_rand
 .text          0x00000000000123f4      0x2a1 obj_cooja/mtype282.a(sensors.o)
                0x000000000001242f                sensors_first
                0x0000000000012439                sensors_next
                0x0000000000012456                sensors_changed
                0x0000000000012485                sensors_find
 .text          0x0000000000012695      0x134 obj_cooja/mtype282.a(leds.o)
                0x00000000000126e6                leds_init
                0x00000000000126fa                leds_blink
                0x0000000000012732                leds_get
                0x000000000001273f                leds_set
                0x0000000000012759                leds_on
                0x000000000001277c                leds_off
                0x00000000000127a6                leds_toggle
 .text          0x00000000000127c9      0x318 obj_cooja/mtype282.a(dual_conf.o)
                0x00000000000127c9                dual_radio_switch
                0x0000000000012809                dual_radio_change
                0x0000000000012843                sending_in_LR
                0x000000000001286e                dual_radio_received
                0x00000000000128a6                radio_received_is_longrange
                0x00000000000128c1                dual_radio_turn_on
                0x00000000000128e4                dual_radio_turn_off
                0x0000000000012a97                dio_broadcast
                0x0000000000012ac0                dis_broadcast
 .text          0x0000000000012ae1       0x8e obj_cooja/mtype282.a(autostart.o)
                0x0000000000012ae1                autostart_start
                0x0000000000012b2c                autostart_exit
 .text          0x0000000000012b6f      0x334 obj_cooja/mtype282.a(ctimer.o)
                0x0000000000012c86                ctimer_init
                0x0000000000012cb6                ctimer_set
                0x0000000000012ce7                ctimer_set_with_process
                0x0000000000012d63                ctimer_reset
                0x0000000000012db2                ctimer_restart
                0x0000000000012e01                ctimer_stop
                0x0000000000012e4c                ctimer_expired
 .text          0x0000000000012ea3      0x40b obj_cooja/mtype282.a(etimer.o)
                0x00000000000130b6                etimer_request_poll
                0x000000000001313a                etimer_set
                0x000000000001315f                etimer_reset_with_new_interval
                0x0000000000013186                etimer_reset
                0x00000000000131a4                etimer_restart
                0x00000000000131c2                etimer_adjust
                0x00000000000131de                etimer_expired
                0x00000000000131f1                etimer_expiration_time
                0x0000000000013203                etimer_start_time
                0x000000000001320d                etimer_pending
                0x000000000001321f                etimer_next_expiration_time
                0x0000000000013239                etimer_stop
 .text          0x00000000000132ae      0x560 obj_cooja/mtype282.a(process.o)
                0x00000000000132ae                process_alloc_event
                0x00000000000132c3                process_start
                0x00000000000134ac                process_exit
                0x00000000000134c8                process_init
                0x0000000000013699                process_run
                0x00000000000136cc                process_nevents
                0x00000000000136e7                process_post
                0x0000000000013793                process_post_synch
                0x00000000000137cb                process_poll
                0x00000000000137fa                process_is_running
 .text          0x000000000001380e       0xd3 obj_cooja/mtype282.a(residual.o)
                0x000000000001380e                get_residual_energy
 .text          0x00000000000138e1       0xba obj_cooja/mtype282.a(rtimer.o)
                0x00000000000138e1                rtimer_init
                0x00000000000138ee                rtimer_set
                0x0000000000013945                rtimer_run_next
 .text          0x000000000001399b       0xa3 obj_cooja/mtype282.a(stimer.o)
                0x000000000001399b                stimer_set
                0x00000000000139b6                stimer_reset
                0x00000000000139cd                stimer_restart
                0x00000000000139df                stimer_expired
                0x0000000000013a06                stimer_remaining
                0x0000000000013a2a                stimer_elapsed
 .text          0x0000000000013a3e       0x91 obj_cooja/mtype282.a(timer.o)
                0x0000000000013a3e                timer_set
                0x0000000000013a59                timer_reset
                0x0000000000013a70                timer_restart
                0x0000000000013a82                timer_expired
                0x0000000000013aab                timer_remaining
 .text          0x0000000000013acf      0x1fb obj_cooja/mtype282.a(serial-line.o)
                0x0000000000013acf                serial_line_input_byte
                0x0000000000013c92                serial_line_init
 .text          0x0000000000013cca      0x244 obj_cooja/mtype282.a(list.o)
                0x0000000000013cca                list_init
                0x0000000000013cd8                list_head
                0x0000000000013ce2                list_copy
                0x0000000000013cf1                list_tail
                0x0000000000013d27                list_add
                0x0000000000013d70                list_push
                0x0000000000013d9c                list_chop
                0x0000000000013e06                list_pop
                0x0000000000013e2e                list_remove
                0x0000000000013e95                list_length
                0x0000000000013ec3                list_insert
                0x0000000000013ef7                list_item_next
 .text          0x0000000000013f0e      0x155 obj_cooja/mtype282.a(ringbuf.o)
                0x0000000000013f0e                ringbuf_init
                0x0000000000013f3f                ringbuf_put
                0x0000000000013fbd                ringbuf_get
                0x000000000001402a                ringbuf_size
                0x000000000001403c                ringbuf_elements
 .text          0x0000000000014063     0x258b obj_cooja/mtype282.a(sicslowpan.o)
                0x00000000000145ed                rime_sniffer_add
                0x00000000000145fa                rime_sniffer_remove
                0x000000000001658d                sicslowpan_init
                0x00000000000165e4                sicslowpan_get_last_rssi
 .text          0x00000000000165ee      0x2d9 obj_cooja/mtype282.a(uip-ds6-nbr.o)
                0x000000000001660b                uip_ds6_neighbors_init
                0x0000000000016628                uip_ds6_nbr_add
                0x00000000000166d6                uip_ds6_nbr_rm
                0x0000000000016733                uip_ds6_nbr_get_ipaddr
                0x0000000000016748                uip_ds6_nbr_get_ll
                0x0000000000016764                uip_ds6_nbr_num
                0x00000000000167a9                uip_ds6_nbr_lookup
                0x000000000001680e                uip_ds6_nbr_ll_lookup
                0x000000000001682a                uip_ds6_nbr_ipaddr_from_lladdr
                0x0000000000016850                uip_ds6_nbr_lladdr_from_ipaddr
                0x000000000001687e                uip_ds6_link_neighbor_callback
 .text          0x00000000000168c7      0x916 obj_cooja/mtype282.a(uip-ds6-route.o)
                0x000000000001693e                uip_ds6_notification_add
                0x000000000001696f                uip_ds6_notification_rm
                0x000000000001698b                uip_ds6_route_init
                0x0000000000016a13                uip_ds6_route_nexthop
                0x0000000000016a3b                uip_ds6_route_head
                0x0000000000016a50                uip_ds6_route_next
                0x0000000000016a76                uip_ds6_route_is_nexthop
                0x0000000000016ab5                uip_ds6_route_num_routes
                0x0000000000016abf                uip_ds6_route_lookup
                0x0000000000016b81                uip_ds6_route_add
                0x0000000000016db5                uip_ds6_route_rm
                0x0000000000016f49                uip_ds6_route_rm_by_nexthop
                0x0000000000016f81                uip_ds6_defrt_add
                0x0000000000017032                uip_ds6_defrt_rm
                0x00000000000170b1                uip_ds6_defrt_lookup
                0x000000000001710a                uip_ds6_defrt_choose
                0x0000000000017175                uip_ds6_defrt_periodic
 .text          0x00000000000171dd     0x12ad obj_cooja/mtype282.a(uip-ds6.o)
                0x00000000000171dd                uip_ds6_init
                0x0000000000017532                uip_ds6_periodic
                0x000000000001760a                uip_ds6_list_loop
                0x00000000000176b1                uip_ds6_prefix_add
                0x000000000001776f                uip_ds6_prefix_rm
                0x0000000000017781                uip_ds6_prefix_lookup
                0x00000000000177d2                uip_ds6_is_addr_onlink
                0x0000000000017846                uip_ds6_addr_add
                0x0000000000017974                uip_ds6_long_addr_add
                0x0000000000017aa2                uip_ds6_addr_rm
                0x0000000000017b42                uip_ds6_addr_lookup
                0x0000000000017b8d                uip_ds6_long_addr_lookup
                0x0000000000017bd8                uip_ds6_get_link_local
                0x0000000000017c57                uip_ds6_long_get_link_local
                0x0000000000017cd6                uip_ds6_get_global
                0x0000000000017d55                uip_ds6_long_get_global
                0x0000000000017dd4                uip_ds6_maddr_add
                0x0000000000017e46                uip_ds6_long_maddr_add
                0x0000000000017eb8                uip_ds6_maddr_rm
                0x0000000000017eca                uip_ds6_maddr_lookup
                0x0000000000017f15                uip_ds6_long_maddr_lookup
                0x0000000000017f60                uip_ds6_aaddr_add
                0x0000000000017fd2                uip_ds6_long_aaddr_add
                0x0000000000018044                uip_ds6_aaddr_rm
                0x0000000000018056                uip_ds6_aaddr_lookup
                0x00000000000180a1                uip_ds6_long_aaddr_lookup
                0x00000000000180ec                uip_ds6_select_src
                0x0000000000018375                uip_ds6_set_addr_iid
                0x00000000000183ac                get_match_length
                0x000000000001843e                uip_ds6_compute_reachable_time
 .text          0x000000000001848a     0x29ac obj_cooja/mtype282.a(uip6.o)
                0x000000000001848a                uip_add32
                0x0000000000018623                uip_chksum
                0x0000000000018711                uip_icmp6chksum
                0x0000000000018725                uip_tcpchksum
                0x0000000000018739                uip_init
                0x0000000000018809                uip_connect
                0x00000000000189b8                remove_ext_hdr
                0x0000000000018a8d                uip_udp_new
                0x0000000000018be9                uip_unlisten
                0x0000000000018c49                uip_listen
                0x0000000000018f0b                uip_process
                0x000000000001ad2a                uip_htons
                0x000000000001ad4c                uip_htonl
                0x000000000001ad8c                uip_send
 .text          0x000000000001ae36      0xa53 obj_cooja/mtype282.a(tcpip.o)
                0x000000000001ae36                tcpip_output
                0x000000000001ae71                tcpip_set_outputfunc
                0x000000000001af05                tcp_connect
                0x000000000001af5a                tcp_unlisten
                0x000000000001afb5                tcp_listen
                0x000000000001b00e                tcp_attach
                0x000000000001b033                udp_attach
                0x000000000001b058                udp_new
                0x000000000001b0aa                udp_broadcast_new
                0x000000000001b31e                tcpip_input
                0x000000000001b352                tcpip_ipv6_output
                0x000000000001b6c5                tcpip_poll_udp
                0x000000000001b6e8                tcpip_poll_tcp
                0x000000000001b70b                tcpip_uipcall
 .text          0x000000000001b889      0x1c1 obj_cooja/mtype282.a(uip-debug.o)
                0x000000000001b889                uip_debug_ipaddr_print
                0x000000000001b9eb                uip_debug_lladdr_print
 .text          0x000000000001ba4a      0x141 obj_cooja/mtype282.a(uip-packetqueue)
                0x000000000001ba76                uip_packetqueue_new
                0x000000000001ba84                uip_packetqueue_alloc
                0x000000000001bae4                uip_packetqueue_free
                0x000000000001bb25                uip_packetqueue_buf
                0x000000000001bb42                uip_packetqueue_buflen
                0x000000000001bb63                uip_packetqueue_set_buflen
 .text          0x000000000001bb8b      0x131 obj_cooja/mtype282.a(uip-udp-packet.)
                0x000000000001bb8b                uip_udp_packet_send
                0x000000000001bbeb                uip_udp_packet_sendto
 .text          0x000000000001bcbc     0x258c obj_cooja/mtype282.a(rpl-dag.o)
                0x000000000001bcbc                rpl_print_neighbor_list
                0x000000000001bd23                rpl_print_child_neighbor_list
                0x000000000001bd8a                rpl_get_nbr
                0x000000000001bde4                rpl_get_nbr_child
                0x000000000001be3e                rpl_dag_init
                0x000000000001be70                rpl_get_parent
                0x000000000001be92                rpl_get_parent_rank
                0x000000000001bec5                rpl_get_parent_link_metric
                0x000000000001bef8                rpl_get_parent_ipaddr
                0x000000000001bf22                rpl_get_child_ipaddr
                0x000000000001c22c                rpl_set_root
                0x000000000001c45a                rpl_repair_root
                0x000000000001c696                rpl_set_prefix
                0x000000000001c795                rpl_set_default_route
                0x000000000001c821                rpl_alloc_instance
                0x000000000001c8a9                rpl_alloc_dag
                0x000000000001c95c                rpl_set_default_instance
                0x000000000001c969                rpl_get_default_instance
                0x000000000001c973                rpl_free_instance
                0x000000000001ca14                rpl_free_dag
                0x000000000001ca7a                rpl_add_parent
                0x000000000001cb63                rpl_find_parent
                0x000000000001cb93                rpl_add_child
                0x000000000001cc37                rpl_find_child
                0x000000000001cc85                rpl_find_parent_any_dag
                0x000000000001ccc1                rpl_select_dag
                0x000000000001d0f1                rpl_select_parent
                0x000000000001d153                rpl_remove_parent
                0x000000000001d189                rpl_remove_child
                0x000000000001d1a5                rpl_nullify_parent
                0x000000000001d243                rpl_move_parent
                0x000000000001d2e0                rpl_has_downward_route
                0x000000000001d333                rpl_get_any_dag
                0x000000000001d395                rpl_get_instance
                0x000000000001d3f8                rpl_find_of
                0x000000000001d435                rpl_join_instance
                0x000000000001d6d1                rpl_add_dag
                0x000000000001dac0                rpl_local_repair
                0x000000000001db99                rpl_recalculate_ranks
                0x000000000001dc1f                rpl_process_parent_event
                0x000000000001dcd1                rpl_process_dio
 .text          0x000000000001e248      0xbf3 obj_cooja/mtype282.a(rpl-ext-header.)
                0x000000000001e265                rpl_verify_header
                0x000000000001e6df                rpl_update_header_empty
                0x000000000001e9f6                rpl_update_header_final
                0x000000000001eb85                rpl_remove_header
                0x000000000001ec8f                rpl_invert_header
                0x000000000001ee19                rpl_insert_header
 .text          0x000000000001ee3b     0x2291 obj_cooja/mtype282.a(rpl-icmp6.o)
                0x000000000001f09a                rpl_icmp6_update_nbr_table
                0x000000000001f18a                dis_output
                0x000000000001fac2                dio_output
                0x0000000000020c37                dao_output
                0x0000000000020cff                dao_output_target
                0x0000000000021080                dao_ack_output
                0x0000000000021094                rpl_icmp6_register_handlers
 .text          0x00000000000210cc      0x40f obj_cooja/mtype282.a(rpl-ltmax.o)
 .text          0x00000000000214db      0x59d obj_cooja/mtype282.a(rpl-timers.o)
                0x0000000000021721                rpl_reset_periodic_timer
                0x0000000000021776                rpl_reset_dio_timer
                0x00000000000219b0                rpl_schedule_dao
                0x00000000000219cb                rpl_schedule_dao_immediately
                0x00000000000219e6                rpl_cancel_dao
                0x0000000000021a48                rpl_schedule_unicast_dio_immediately
 .text          0x0000000000021a78      0x5c5 obj_cooja/mtype282.a(rpl.o)
                0x0000000000021a78                rpl_get_mode
                0x0000000000021a82                rpl_set_mode
                0x0000000000021b10                rpl_purge_routes
                0x0000000000021c0a                rpl_remove_routes
                0x0000000000021c50                rpl_remove_routes_by_nexthop
                0x0000000000021cbc                rpl_add_route
                0x0000000000021d37                rpl_link_neighbor_callback
                0x0000000000021e3c                rpl_ipv6_neighbor_callback
                0x0000000000021eab                rpl_purge_dags
                0x0000000000021fb7                rpl_init
 .text          0x000000000002203d      0x8c3 obj_cooja/mtype282.a(csma.o)
 .text          0x0000000000022900      0x3f5 obj_cooja/mtype282.a(framer-802154.o)
 .text          0x0000000000022cf5       0x3c obj_cooja/mtype282.a(mac.o)
                0x0000000000022cf5                mac_call_sent_callback
 .text          0x0000000000022d31     0x152c obj_cooja/mtype282.a(cxmac.o)
                0x00000000000241ad                cxmac_set_announcement_radio_txpower
                0x00000000000241b2                cxmac_init
 .text          0x000000000002425d       0x82 obj_cooja/mtype282.a(linkaddr.o)
                0x000000000002425d                linkaddr_copy
                0x000000000002427f                linkaddr_cmp
                0x00000000000242a9                linkaddr_set_node_addr
                0x00000000000242c4                linkaddr_set_node_long_addr
 .text          0x00000000000242df      0x919 obj_cooja/mtype282.a(nbr-table.o)
                0x00000000000242df                long_ip_from_lladdr_map
                0x000000000002436c                lladdr_map_add_lr
                0x0000000000024429                lladdr_map_rm_lr
                0x00000000000248ee                nbr_table_register
                0x0000000000024936                nbr_table_head
                0x0000000000024992                nbr_table_next
                0x00000000000249f9                nbr_table_add_lladdr
                0x0000000000024ad5                nbr_table_get_from_lladdr
                0x0000000000024b22                nbr_table_remove
                0x0000000000024b74                nbr_table_lock
                0x0000000000024b9e                nbr_table_unlock
                0x0000000000024bc8                nbr_table_get_lladdr
 .text          0x0000000000024bf8       0x2b obj_cooja/mtype282.a(netstack.o)
                0x0000000000024bf8                netstack_init
 .text          0x0000000000024c23      0x3cd obj_cooja/mtype282.a(packetbuf.o)
                0x0000000000024c23                packetbuf_clear
                0x0000000000024c4d                packetbuf_copyfrom
                0x0000000000024c9f                packetbuf_compact
                0x0000000000024d1c                packetbuf_copyto
                0x0000000000024db3                packetbuf_hdralloc
                0x0000000000024e30                packetbuf_hdrreduce
                0x0000000000024e78                packetbuf_set_datalen
                0x0000000000024e91                packetbuf_dataptr
                0x0000000000024eae                packetbuf_hdrptr
                0x0000000000024eb8                packetbuf_datalen
                0x0000000000024ec4                packetbuf_hdrlen
                0x0000000000024edb                packetbuf_totlen
                0x0000000000024ef1                packetbuf_attr_clear
                0x0000000000024f43                packetbuf_attr_copyto
                0x0000000000024f8c                packetbuf_attr_copyfrom
                0x0000000000024fd4                packetbuf_holds_broadcast
 .text          0x0000000000024ff0      0x2b4 obj_cooja/mtype282.a(queuebuf.o)
                0x0000000000024ffa                queuebuf_init
                0x000000000002501a                queuebuf_numfree
                0x000000000002502e                queuebuf_new_from_packetbuf
                0x00000000000250be                queuebuf_update_attr_from_packetbuf
                0x00000000000250f1                queuebuf_update_from_packetbuf
                0x000000000002513b                queuebuf_free
                0x0000000000025182                queuebuf_to_packetbuf
                0x00000000000251e8                queuebuf_dataptr
                0x000000000002521f                queuebuf_datalen
                0x0000000000025242                queuebuf_addr
                0x0000000000025274                queuebuf_attr
                0x000000000002529f                queuebuf_debug_print
 .text          0x00000000000252a4       0x6e obj_cooja/mtype282.a(nullsec.o)
 .text          0x0000000000025312       0x19 obj_cooja/mtype282.a(watchdog.o)
                0x0000000000025312                watchdog_init
                0x0000000000025317                watchdog_start
                0x000000000002531c                watchdog_periodic
                0x0000000000025321                watchdog_stop
                0x0000000000025326                watchdog_reboot
 .text          0x000000000002532b        0x0 obj_cooja/mtype282.a(rimestats.o)
 .text          0x000000000002532b      0x1c1 obj_cooja/mtype282.a(memb.o)
                0x000000000002532b                memb_init
                0x0000000000025389                memb_alloc
                0x00000000000253ee                memb_free
                0x0000000000025469                memb_inmemb
                0x00000000000254a8                memb_numfree
 .text          0x00000000000254ec      0xabf obj_cooja/mtype282.a(uip-icmp6.o)
                0x000000000002555a                uip_icmp6_input
                0x00000000000255b0                uip_icmp6_register_input_handler
                0x0000000000025878                uip_icmp6_error_output
                0x0000000000025bbd                uip_icmp6_send
                0x0000000000025f3e                uip_icmp6_echo_reply_callback_add
                0x0000000000025f6f                uip_icmp6_echo_reply_callback_rm
                0x0000000000025f8b                uip_icmp6_init
 .text          0x0000000000025fab      0x358 obj_cooja/mtype282.a(uip-nd6.o)
                0x0000000000025fff                uip_nd6_ns_output
                0x00000000000262fe                uip_nd6_init
 .text          0x0000000000026303      0x331 obj_cooja/mtype282.a(rpl-nbr-policy.)
                0x00000000000264db                find_removable_dis
                0x00000000000264fe                find_removable_dio
                0x000000000002658d                find_removable_dao
                0x00000000000265dd                rpl_nbr_policy_find_removable
 .text          0x0000000000026634      0x97c obj_cooja/mtype282.a(frame802154.o)
                0x0000000000026665                frame802154_get_pan_id
                0x0000000000026671                frame802154_set_pan_id
                0x000000000002668a                frame802154_has_panid
                0x0000000000026776                frame802154_check_dest_panid
                0x00000000000267de                frame802154_is_broadcast_addr
                0x000000000002682b                frame802154_extract_linkaddr
                0x0000000000026a6b                frame802154_hdrlen
                0x0000000000026abc                frame802154_create
                0x0000000000026ca7                frame802154_parse
 .text          0x0000000000026fb0        0x0 /usr/lib/gcc/i686-linux-gnu/4.8/crtendS.o
 .text          0x0000000000026fb0        0x0 /usr/lib/gcc/i686-linux-gnu/4.8/../../../i386-linux-gnu/crtn.o
 *(.gnu.warning)

.fini           0x0000000000026fb0       0x14
 *(SORT(.fini))
 .fini          0x0000000000026fb0        0xf /usr/lib/gcc/i686-linux-gnu/4.8/../../../i386-linux-gnu/crti.o
                0x0000000000026fb0                _fini
 .fini          0x0000000000026fbf        0x5 /usr/lib/gcc/i686-linux-gnu/4.8/../../../i386-linux-gnu/crtn.o
                0x0000000000026fc4                PROVIDE (__etext, .)
                0x0000000000026fc4                PROVIDE (_etext, .)
                0x0000000000026fc4                PROVIDE (etext, .)

.rodata         0x0000000000026fe0      0xa80
 *(.rodata .rodata.* .gnu.linkonce.r.*)
 .rodata        0x0000000000026fe0      0x1d0 udp-client.co
                0x0000000000026ff4                autostart_processes
 .rodata        0x00000000000271b0      0x1b6 obj_cooja/mtype282.o
 *fill*         0x0000000000027366        0x2 
 .rodata        0x0000000000027368        0x8 obj_cooja/mtype282.a(beep.o)
                0x0000000000027368                beep_interface
 .rodata        0x0000000000027370       0x20 obj_cooja/mtype282.a(button-sensor.o)
                0x0000000000027370                button_interface
                0x0000000000027380                button_sensor
 .rodata        0x0000000000027390        0x8 obj_cooja/mtype282.a(leds-arch.o)
                0x0000000000027390                leds_interface
 .rodata        0x0000000000027398        0x8 obj_cooja/mtype282.a(moteid.o)
                0x0000000000027398                moteid_interface
 .rodata        0x00000000000273a0       0x1c obj_cooja/mtype282.a(pir-sensor.o)
                0x00000000000273a0                pir_interface
                0x00000000000273ac                pir_sensor
 .rodata        0x00000000000273bc        0xe obj_cooja/mtype282.a(rs232.o)
                0x00000000000273bc                rs232_interface
 *fill*         0x00000000000273ca        0x2 
 .rodata        0x00000000000273cc       0x24 obj_cooja/mtype282.a(vib-sensor.o)
                0x00000000000273cc                vib_interface
                0x00000000000273e0                vib_sensor
 .rodata        0x00000000000273f0        0x8 obj_cooja/mtype282.a(clock.o)
                0x00000000000273f0                clock_interface
 .rodata        0x00000000000273f8        0x8 obj_cooja/mtype282.a(log.o)
                0x00000000000273f8                simlog_interface
 .rodata        0x0000000000027400       0x2f obj_cooja/mtype282.a(cfs-cooja.o)
                0x0000000000027400                cfs_interface
 *fill*         0x000000000002742f       0x11 
 .rodata        0x0000000000027440       0x60 obj_cooja/mtype282.a(cooja-radio.o)
                0x0000000000027460                cooja_radio_driver
                0x0000000000027498                radio_interface
 .rodata        0x00000000000274a0        0x8 obj_cooja/mtype282.a(eeprom.o)
                0x00000000000274a0                eeprom_interface
 .rodata        0x00000000000274a8        0x8 obj_cooja/mtype282.a(sensors.o)
 .rodata        0x00000000000274b0       0x1c obj_cooja/mtype282.a(dual_conf.o)
 .rodata        0x00000000000274cc        0xf obj_cooja/mtype282.a(ctimer.o)
 .rodata        0x00000000000274db        0xc obj_cooja/mtype282.a(etimer.o)
 *fill*         0x00000000000274e7        0x1 
 .rodata        0x00000000000274e8       0x20 obj_cooja/mtype282.a(residual.o)
                0x00000000000274e8                DISSIPATION_RATE
 .rodata        0x0000000000027508        0xe obj_cooja/mtype282.a(serial-line.o)
 *fill*         0x0000000000027516        0x2 
 .rodata        0x0000000000027518       0x2c obj_cooja/mtype282.a(sicslowpan.o)
                0x0000000000027518                unc_llconf
                0x000000000002751c                unc_ctxconf
                0x0000000000027520                unc_mxconf
                0x0000000000027524                llprefix
                0x0000000000027538                sicslowpan_driver
 .rodata        0x0000000000027544      0x13c obj_cooja/mtype282.a(uip6.o)
 .rodata        0x0000000000027680        0xd obj_cooja/mtype282.a(tcpip.o)
 .rodata        0x000000000002768d       0x3e obj_cooja/mtype282.a(uip-debug.o)
 *fill*         0x00000000000276cb        0x1 
 .rodata        0x00000000000276cc        0x4 obj_cooja/mtype282.a(rpl-dag.o)
 .rodata        0x00000000000276d0       0x24 obj_cooja/mtype282.a(csma.o)
                0x00000000000276d8                csma_driver
 .rodata        0x00000000000276f4        0xc obj_cooja/mtype282.a(framer-802154.o)
                0x00000000000276f4                framer_802154
 .rodata        0x0000000000027700      0x340 obj_cooja/mtype282.a(cxmac.o)
                0x0000000000027a20                cxmac_driver
 .rodata        0x0000000000027a40        0x8 obj_cooja/mtype282.a(linkaddr.o)
                0x0000000000027a40                linkaddr_null
 .rodata        0x0000000000027a48       0x18 obj_cooja/mtype282.a(nullsec.o)
                0x0000000000027a50                nullsec_driver

.rodata1
 *(.rodata1)

.eh_frame_hdr   0x0000000000027a60     0x13ec
 *(.eh_frame_hdr)
 .eh_frame_hdr  0x0000000000027a60     0x13ec udp-client.co

.eh_frame       0x0000000000028e4c     0x5104
 *(.eh_frame)
 .eh_frame      0x0000000000028e4c       0x3c /usr/lib/gcc/i686-linux-gnu/4.8/../../../i386-linux-gnu/crti.o
                                         0x40 (size before relaxing)
 .eh_frame      0x0000000000028e88       0xa8 udp-client.co
                                         0xc0 (size before relaxing)
 .eh_frame      0x0000000000028f30      0x148 obj_cooja/mtype282.o
                                        0x160 (size before relaxing)
 .eh_frame      0x0000000000029078       0x40 obj_cooja/mtype282.a(simEnvChange.o)
                                         0x58 (size before relaxing)
 .eh_frame      0x00000000000290b8       0xc0 obj_cooja/mtype282.a(cooja_mt.o)
                                         0xd8 (size before relaxing)
 .eh_frame      0x0000000000029178      0x120 obj_cooja/mtype282.a(cooja_mtarch.o)
                                        0x138 (size before relaxing)
 .eh_frame      0x0000000000029298       0xc0 obj_cooja/mtype282.a(rtimer-arch.o)
                                         0xd8 (size before relaxing)
 .eh_frame      0x0000000000029358      0x160 obj_cooja/mtype282.a(beep.o)
                                        0x178 (size before relaxing)
 .eh_frame      0x00000000000294b8       0xa0 obj_cooja/mtype282.a(button-sensor.o)
                                         0xb8 (size before relaxing)
 .eh_frame      0x0000000000029558       0xa0 obj_cooja/mtype282.a(leds-arch.o)
                                         0xb8 (size before relaxing)
 .eh_frame      0x00000000000295f8       0x40 obj_cooja/mtype282.a(moteid.o)
                                         0x58 (size before relaxing)
 .eh_frame      0x0000000000029638       0xa0 obj_cooja/mtype282.a(pir-sensor.o)
                                         0xb8 (size before relaxing)
 .eh_frame      0x00000000000296d8      0x100 obj_cooja/mtype282.a(rs232.o)
                                        0x118 (size before relaxing)
 .eh_frame      0x00000000000297d8       0xa0 obj_cooja/mtype282.a(vib-sensor.o)
                                         0xb8 (size before relaxing)
 .eh_frame      0x0000000000029878       0xc0 obj_cooja/mtype282.a(clock.o)
                                         0xd8 (size before relaxing)
 .eh_frame      0x0000000000029938      0x120 obj_cooja/mtype282.a(log.o)
                                        0x138 (size before relaxing)
 .eh_frame      0x0000000000029a58      0x160 obj_cooja/mtype282.a(cfs-cooja.o)
                                        0x178 (size before relaxing)
 .eh_frame      0x0000000000029bb8      0x2e0 obj_cooja/mtype282.a(cooja-radio.o)
                                        0x2f8 (size before relaxing)
 .eh_frame      0x0000000000029e98       0xa0 obj_cooja/mtype282.a(eeprom.o)
                                         0xb8 (size before relaxing)
 .eh_frame      0x0000000000029f38       0x40 obj_cooja/mtype282.a(random.o)
                                         0x58 (size before relaxing)
 .eh_frame      0x0000000000029f78       0xc0 obj_cooja/mtype282.a(sensors.o)
                                         0xd8 (size before relaxing)
 .eh_frame      0x000000000002a038      0x100 obj_cooja/mtype282.a(leds.o)
                                        0x118 (size before relaxing)
 .eh_frame      0x000000000002a138      0x160 obj_cooja/mtype282.a(dual_conf.o)
                                        0x178 (size before relaxing)
 .eh_frame      0x000000000002a298       0x40 obj_cooja/mtype282.a(autostart.o)
                                         0x58 (size before relaxing)
 .eh_frame      0x000000000002a2d8      0x100 obj_cooja/mtype282.a(ctimer.o)
                                        0x118 (size before relaxing)
 .eh_frame      0x000000000002a3d8      0x1e0 obj_cooja/mtype282.a(etimer.o)
                                        0x1f8 (size before relaxing)
 .eh_frame      0x000000000002a5b8      0x1c8 obj_cooja/mtype282.a(process.o)
                                        0x1e0 (size before relaxing)
 .eh_frame      0x000000000002a780       0x2c obj_cooja/mtype282.a(residual.o)
                                         0x44 (size before relaxing)
 .eh_frame      0x000000000002a7ac       0x60 obj_cooja/mtype282.a(rtimer.o)
                                         0x78 (size before relaxing)
 .eh_frame      0x000000000002a80c       0xc4 obj_cooja/mtype282.a(stimer.o)
                                         0xdc (size before relaxing)
 .eh_frame      0x000000000002a8d0       0xa4 obj_cooja/mtype282.a(timer.o)
                                         0xbc (size before relaxing)
 .eh_frame      0x000000000002a974       0x60 obj_cooja/mtype282.a(serial-line.o)
                                         0x78 (size before relaxing)
 .eh_frame      0x000000000002a9d4      0x180 obj_cooja/mtype282.a(list.o)
                                        0x198 (size before relaxing)
 .eh_frame      0x000000000002ab54       0xa0 obj_cooja/mtype282.a(ringbuf.o)
                                         0xb8 (size before relaxing)
 .eh_frame      0x000000000002abf4      0x350 obj_cooja/mtype282.a(sicslowpan.o)
                                        0x368 (size before relaxing)
 .eh_frame      0x000000000002af44      0x180 obj_cooja/mtype282.a(uip-ds6-nbr.o)
                                        0x198 (size before relaxing)
 .eh_frame      0x000000000002b0c4      0x2a0 obj_cooja/mtype282.a(uip-ds6-route.o)
                                        0x2b8 (size before relaxing)
 .eh_frame      0x000000000002b364      0x3c8 obj_cooja/mtype282.a(uip-ds6.o)
                                        0x3e0 (size before relaxing)
 .eh_frame      0x000000000002b72c      0x25c obj_cooja/mtype282.a(uip6.o)
                                        0x274 (size before relaxing)
 .eh_frame      0x000000000002b988      0x270 obj_cooja/mtype282.a(tcpip.o)
                                        0x288 (size before relaxing)
 .eh_frame      0x000000000002bbf8       0x48 obj_cooja/mtype282.a(uip-debug.o)
                                         0x60 (size before relaxing)
 .eh_frame      0x000000000002bc40       0xe0 obj_cooja/mtype282.a(uip-packetqueue)
                                         0xf8 (size before relaxing)
 .eh_frame      0x000000000002bd20       0x40 obj_cooja/mtype282.a(uip-udp-packet.)
                                         0x58 (size before relaxing)
 .eh_frame      0x000000000002bd60      0x74c obj_cooja/mtype282.a(rpl-dag.o)
                                        0x764 (size before relaxing)
 .eh_frame      0x000000000002c4ac      0x10c obj_cooja/mtype282.a(rpl-ext-header.)
                                        0x124 (size before relaxing)
 .eh_frame      0x000000000002c5b8      0x278 obj_cooja/mtype282.a(rpl-icmp6.o)
                                        0x290 (size before relaxing)
 .eh_frame      0x000000000002c830       0xe0 obj_cooja/mtype282.a(rpl-ltmax.o)
                                         0xf8 (size before relaxing)
 .eh_frame      0x000000000002c910      0x1ac obj_cooja/mtype282.a(rpl-timers.o)
                                        0x1c4 (size before relaxing)
 .eh_frame      0x000000000002cabc      0x148 obj_cooja/mtype282.a(rpl.o)
                                        0x160 (size before relaxing)
 .eh_frame      0x000000000002cc04      0x28c obj_cooja/mtype282.a(csma.o)
                                        0x2a4 (size before relaxing)
 .eh_frame      0x000000000002ce90      0x108 obj_cooja/mtype282.a(framer-802154.o)
                                        0x120 (size before relaxing)
 .eh_frame      0x000000000002cf98       0x20 obj_cooja/mtype282.a(mac.o)
                                         0x38 (size before relaxing)
 .eh_frame      0x000000000002cfb8      0x2c0 obj_cooja/mtype282.a(cxmac.o)
                                        0x2d8 (size before relaxing)
 .eh_frame      0x000000000002d278       0x80 obj_cooja/mtype282.a(linkaddr.o)
                                         0x98 (size before relaxing)
 .eh_frame      0x000000000002d2f8      0x2cc obj_cooja/mtype282.a(nbr-table.o)
                                        0x2e4 (size before relaxing)
 .eh_frame      0x000000000002d5c4       0x20 obj_cooja/mtype282.a(netstack.o)
                                         0x38 (size before relaxing)
 .eh_frame      0x000000000002d5e4      0x214 obj_cooja/mtype282.a(packetbuf.o)
                                        0x22c (size before relaxing)
 .eh_frame      0x000000000002d7f8      0x1a0 obj_cooja/mtype282.a(queuebuf.o)
                                        0x1b8 (size before relaxing)
 .eh_frame      0x000000000002d998       0x80 obj_cooja/mtype282.a(nullsec.o)
                                         0x98 (size before relaxing)
 .eh_frame      0x000000000002da18       0xa0 obj_cooja/mtype282.a(watchdog.o)
                                         0xb8 (size before relaxing)
 .eh_frame      0x000000000002dab8       0xa0 obj_cooja/mtype282.a(memb.o)
                                         0xb8 (size before relaxing)
 .eh_frame      0x000000000002db58      0x168 obj_cooja/mtype282.a(uip-icmp6.o)
                                        0x180 (size before relaxing)
 .eh_frame      0x000000000002dcc0       0x68 obj_cooja/mtype282.a(uip-nd6.o)
                                         0x80 (size before relaxing)
 .eh_frame      0x000000000002dd28       0xc0 obj_cooja/mtype282.a(rpl-nbr-policy.)
                                         0xd8 (size before relaxing)
 .eh_frame      0x000000000002dde8      0x164 obj_cooja/mtype282.a(frame802154.o)
                                        0x17c (size before relaxing)
 .eh_frame      0x000000000002df4c        0x4 /usr/lib/gcc/i686-linux-gnu/4.8/crtendS.o

.gcc_except_table
 *(.gcc_except_table .gcc_except_table.*)

.exception_ranges
 *(.exception_ranges .exception_ranges*)
                0x000000000002df50                . = (ALIGN (0x1000) - ((0x1000 - .) & 0xfff))
                0x000000000002eef8                . = DATA_SEGMENT_ALIGN (0x1000, 0x1000)

.eh_frame
 *(.eh_frame)

.gcc_except_table
 *(.gcc_except_table .gcc_except_table.*)

.exception_ranges
 *(.exception_ranges .exception_ranges*)

.tdata
 *(.tdata .tdata.* .gnu.linkonce.td.*)

.tbss
 *(.tbss .tbss.* .gnu.linkonce.tb.*)
 *(.tcommon)

.preinit_array
 *(.preinit_array)

.init_array     0x000000000002eef8        0x4
 *(SORT(.init_array.*) SORT(.ctors.*))
 *(.init_array EXCLUDE_FILE(*crtend?.o *crtend.o *crtbegin?.o *crtbegin.o) .ctors)
 .init_array    0x000000000002eef8        0x4 /usr/lib/gcc/i686-linux-gnu/4.8/crtbeginS.o

.fini_array     0x000000000002eefc        0x4
 *(SORT(.fini_array.*) SORT(.dtors.*))
 *(.fini_array EXCLUDE_FILE(*crtend?.o *crtend.o *crtbegin?.o *crtbegin.o) .dtors)
 .fini_array    0x000000000002eefc        0x4 /usr/lib/gcc/i686-linux-gnu/4.8/crtbeginS.o

.ctors
 *crtbegin.o(.ctors)
 *crtbegin?.o(.ctors)
 *(EXCLUDE_FILE(*crtend?.o *crtend.o) .ctors)
 *(SORT(.ctors.*))
 *(.ctors)

.dtors
 *crtbegin.o(.dtors)
 *crtbegin?.o(.dtors)
 *(EXCLUDE_FILE(*crtend?.o *crtend.o) .dtors)
 *(SORT(.dtors.*))
 *(.dtors)

.jcr            0x000000000002ef00        0x4
 *(.jcr)
 .jcr           0x000000000002ef00        0x0 /usr/lib/gcc/i686-linux-gnu/4.8/crtbeginS.o
 .jcr           0x000000000002ef00        0x4 /usr/lib/gcc/i686-linux-gnu/4.8/crtendS.o

.data.rel.ro
 *(.data.rel.ro.local* .gnu.linkonce.d.rel.ro.local.*)
 *(.data.rel.ro .data.rel.ro.* .gnu.linkonce.d.rel.ro.*)

.dynamic        0x000000000002ef04       0xe8
 *(.dynamic)
 .dynamic       0x000000000002ef04       0xe8 /usr/lib/gcc/i686-linux-gnu/4.8/../../../i386-linux-gnu/crti.o
                0x000000000002ef04                _DYNAMIC

.got            0x000000000002efec       0x14
 *(.got)
 .got           0x000000000002efec       0x14 /usr/lib/gcc/i686-linux-gnu/4.8/../../../i386-linux-gnu/crti.o
 *(.igot)
                0x000000000002fff4                . = DATA_SEGMENT_RELRO_END (., (SIZEOF (.got.plt) >= 0xc)?0xc:0x0)

.got.plt        0x000000000002f000       0x14
 *(.got.plt)
 .got.plt       0x000000000002f000       0x14 /usr/lib/gcc/i686-linux-gnu/4.8/../../../i386-linux-gnu/crti.o
                0x000000000002f000                _GLOBAL_OFFSET_TABLE_
 *(.igot.plt)

.data           0x000000000002f020      0x2a2
 *(.data .data.* .gnu.linkonce.d.*)
 .data          0x000000000002f020        0x0 /usr/lib/gcc/i686-linux-gnu/4.8/../../../i386-linux-gnu/crti.o
 .data          0x000000000002f020        0x0 /usr/lib/gcc/i686-linux-gnu/4.8/crtbeginS.o
 .data.rel      0x000000000002f020        0x4 /usr/lib/gcc/i686-linux-gnu/4.8/crtbeginS.o
                0x000000000002f020                __dso_handle
 .data          0x000000000002f024       0x14 udp-client.co
                0x000000000002f028                udp_client_process
 *fill*         0x000000000002f038        0x8 
 .data          0x000000000002f040       0x44 obj_cooja/mtype282.o
                0x000000000002f040                simInterfaces
                0x000000000002f074                sensors
 .data          0x000000000002f084        0x0 obj_cooja/mtype282.a(simEnvChange.o)
 .data          0x000000000002f084        0x0 obj_cooja/mtype282.a(cooja_mt.o)
 .data          0x000000000002f084        0x0 obj_cooja/mtype282.a(cooja_mtarch.o)
 .data          0x000000000002f084        0x0 obj_cooja/mtype282.a(rtimer-arch.o)
 .data          0x000000000002f084        0x0 obj_cooja/mtype282.a(beep.o)
 .data          0x000000000002f084        0x0 obj_cooja/mtype282.a(button-sensor.o)
 .data          0x000000000002f084        0x0 obj_cooja/mtype282.a(leds-arch.o)
 .data          0x000000000002f084        0x0 obj_cooja/mtype282.a(moteid.o)
 .data          0x000000000002f084        0x0 obj_cooja/mtype282.a(pir-sensor.o)
 .data          0x000000000002f084        0x0 obj_cooja/mtype282.a(rs232.o)
 .data          0x000000000002f084        0x0 obj_cooja/mtype282.a(vib-sensor.o)
 .data          0x000000000002f084        0x0 obj_cooja/mtype282.a(clock.o)
 .data          0x000000000002f084        0x0 obj_cooja/mtype282.a(log.o)
 .data          0x000000000002f084        0x0 obj_cooja/mtype282.a(cfs-cooja.o)
 .data          0x000000000002f084       0x40 obj_cooja/mtype282.a(cooja-radio.o)
                0x000000000002f084                simRadioChannelLR
                0x000000000002f088                simRadioHWOnLR
                0x000000000002f08c                simSignalStrengthLR
                0x000000000002f090                simLastSignalStrengthLR
                0x000000000002f094                simPowerLR
                0x000000000002f098                simLQILR
                0x000000000002f09c                simRadioChannel
                0x000000000002f0a0                simRadioHWOn
                0x000000000002f0a4                simSignalStrength
                0x000000000002f0a8                simLastSignalStrength
                0x000000000002f0ac                simPower
                0x000000000002f0b0                simLQI
                0x000000000002f0b4                cooja_radio_process
 .data          0x000000000002f0c4        0x0 obj_cooja/mtype282.a(eeprom.o)
 .data          0x000000000002f0c4        0x0 obj_cooja/mtype282.a(random.o)
 .data          0x000000000002f0c4       0x10 obj_cooja/mtype282.a(sensors.o)
                0x000000000002f0c4                sensors_process
 .data          0x000000000002f0d4        0x0 obj_cooja/mtype282.a(leds.o)
 .data          0x000000000002f0d4       0x28 obj_cooja/mtype282.a(dual_conf.o)
                0x000000000002f0d4                radio_received
                0x000000000002f0d8                dual_dio_broadcast
                0x000000000002f0e8                dual_dis_broadcast
 .data          0x000000000002f0fc        0x0 obj_cooja/mtype282.a(autostart.o)
 .data          0x000000000002f0fc       0x14 obj_cooja/mtype282.a(ctimer.o)
                0x000000000002f100                ctimer_process
 .data          0x000000000002f110       0x10 obj_cooja/mtype282.a(etimer.o)
                0x000000000002f110                etimer_process
 .data          0x000000000002f120        0x0 obj_cooja/mtype282.a(process.o)
 .data          0x000000000002f120        0x0 obj_cooja/mtype282.a(residual.o)
 .data          0x000000000002f120        0x0 obj_cooja/mtype282.a(rtimer.o)
 .data          0x000000000002f120        0x0 obj_cooja/mtype282.a(stimer.o)
 .data          0x000000000002f120        0x0 obj_cooja/mtype282.a(timer.o)
 .data          0x000000000002f120       0x10 obj_cooja/mtype282.a(serial-line.o)
                0x000000000002f120                serial_line_process
 .data          0x000000000002f130        0x0 obj_cooja/mtype282.a(list.o)
 .data          0x000000000002f130        0x0 obj_cooja/mtype282.a(ringbuf.o)
 .data          0x000000000002f130        0x0 obj_cooja/mtype282.a(sicslowpan.o)
 .data          0x000000000002f130       0x14 obj_cooja/mtype282.a(uip-ds6-nbr.o)
                0x000000000002f140                ds6_neighbors
 .data          0x000000000002f144       0x44 obj_cooja/mtype282.a(uip-ds6-route.o)
                0x000000000002f154                nbr_routes
 .data          0x000000000002f188        0x0 obj_cooja/mtype282.a(uip-ds6.o)
 .data          0x000000000002f188        0x0 obj_cooja/mtype282.a(uip6.o)
 .data          0x000000000002f188       0x10 obj_cooja/mtype282.a(tcpip.o)
                0x000000000002f188                tcpip_process
 .data          0x000000000002f198        0x0 obj_cooja/mtype282.a(uip-debug.o)
 .data          0x000000000002f198        0xc obj_cooja/mtype282.a(uip-packetqueue)
 .data          0x000000000002f1a4        0x0 obj_cooja/mtype282.a(uip-udp-packet.)
 .data          0x000000000002f1a4       0x28 obj_cooja/mtype282.a(rpl-dag.o)
                0x000000000002f1b4                rpl_parents
                0x000000000002f1c8                rpl_children
 .data          0x000000000002f1cc        0x0 obj_cooja/mtype282.a(rpl-ext-header.)
 .data          0x000000000002f1cc       0x34 obj_cooja/mtype282.a(rpl-icmp6.o)
 .data          0x000000000002f200       0x1c obj_cooja/mtype282.a(rpl-ltmax.o)
                0x000000000002f200                rpl_ltmax_of
 .data          0x000000000002f21c        0x0 obj_cooja/mtype282.a(rpl-timers.o)
 .data          0x000000000002f21c        0x0 obj_cooja/mtype282.a(rpl.o)
 .data          0x000000000002f21c       0x28 obj_cooja/mtype282.a(csma.o)
 .data          0x000000000002f244        0x0 obj_cooja/mtype282.a(framer-802154.o)
 .data          0x000000000002f244        0x0 obj_cooja/mtype282.a(mac.o)
 .data          0x000000000002f244       0x30 obj_cooja/mtype282.a(cxmac.o)
                0x000000000002f244                cxmac_config
                0x000000000002f254                strobe_wait
 .data          0x000000000002f274        0x0 obj_cooja/mtype282.a(linkaddr.o)
 .data          0x000000000002f274       0x10 obj_cooja/mtype282.a(nbr-table.o)
 .data          0x000000000002f284        0x0 obj_cooja/mtype282.a(netstack.o)
 .data          0x000000000002f284        0x4 obj_cooja/mtype282.a(packetbuf.o)
 .data          0x000000000002f288       0x18 obj_cooja/mtype282.a(queuebuf.o)
 .data          0x000000000002f2a0        0x0 obj_cooja/mtype282.a(nullsec.o)
 .data          0x000000000002f2a0        0x0 obj_cooja/mtype282.a(watchdog.o)
 .data          0x000000000002f2a0        0x0 obj_cooja/mtype282.a(rimestats.o)
 .data          0x000000000002f2a0        0x0 obj_cooja/mtype282.a(memb.o)
 .data          0x000000000002f2a0       0x20 obj_cooja/mtype282.a(uip-icmp6.o)
 .data          0x000000000002f2c0        0x0 obj_cooja/mtype282.a(uip-nd6.o)
 .data          0x000000000002f2c0        0x0 obj_cooja/mtype282.a(rpl-nbr-policy.)
 .data          0x000000000002f2c0        0x2 obj_cooja/mtype282.a(frame802154.o)
 .data          0x000000000002f2c2        0x0 /usr/lib/gcc/i686-linux-gnu/4.8/crtendS.o
 .data          0x000000000002f2c2        0x0 /usr/lib/gcc/i686-linux-gnu/4.8/../../../i386-linux-gnu/crtn.o

.tm_clone_table
                0x000000000002f2c4        0x0
 .tm_clone_table
                0x000000000002f2c4        0x0 /usr/lib/gcc/i686-linux-gnu/4.8/crtbeginS.o
 .tm_clone_table
                0x000000000002f2c4        0x0 /usr/lib/gcc/i686-linux-gnu/4.8/crtendS.o

.data1
 *(.data1)
                0x000000000002f2c4                _edata = .
                0x000000000002f2c4                PROVIDE (edata, .)
                0x000000000002f2c4                . = .
                0x000000000002f2c4                __bss_start = .

.bss            0x000000000002f2e0     0x9208
 *(.dynbss)
 .dynbss        0x0000000000000000        0x0 /usr/lib/gcc/i686-linux-gnu/4.8/../../../i386-linux-gnu/crti.o
 *(.bss .bss.* .gnu.linkonce.b.*)
 .bss           0x000000000002f2e0        0x0 /usr/lib/gcc/i686-linux-gnu/4.8/../../../i386-linux-gnu/crti.o
 .bss           0x000000000002f2e0        0x1 /usr/lib/gcc/i686-linux-gnu/4.8/crtbeginS.o
 *fill*         0x000000000002f2e1       0x1f 
 .bss           0x000000000002f300       0x60 udp-client.co
                0x000000000002f300                my_weight
 .bss           0x000000000002f360     0x2030 obj_cooja/mtype282.o
 .bss           0x0000000000031390        0x1 obj_cooja/mtype282.a(simEnvChange.o)
                0x0000000000031390                simDontFallAsleep
 *fill*         0x0000000000031391        0x3 
 .bss           0x0000000000031394        0x4 obj_cooja/mtype282.a(cooja_mt.o)
 .bss           0x0000000000031398        0x4 obj_cooja/mtype282.a(cooja_mtarch.o)
 .bss           0x000000000003139c        0xc obj_cooja/mtype282.a(rtimer-arch.o)
 .bss           0x00000000000313a8        0x0 obj_cooja/mtype282.a(beep.o)
 .bss           0x00000000000313a8        0x8 obj_cooja/mtype282.a(button-sensor.o)
 .bss           0x00000000000313b0        0x0 obj_cooja/mtype282.a(leds-arch.o)
 .bss           0x00000000000313b0        0x0 obj_cooja/mtype282.a(moteid.o)
 .bss           0x00000000000313b0        0x1 obj_cooja/mtype282.a(pir-sensor.o)
                0x00000000000313b0                simPirValue
 *fill*         0x00000000000313b1        0x3 
 .bss           0x00000000000313b4        0x4 obj_cooja/mtype282.a(rs232.o)
 .bss           0x00000000000313b8        0x1 obj_cooja/mtype282.a(vib-sensor.o)
                0x00000000000313b8                simVibValue
 .bss           0x00000000000313b9        0x0 obj_cooja/mtype282.a(clock.o)
 *fill*         0x00000000000313b9        0x7 
 .bss           0x00000000000313c0      0x420 obj_cooja/mtype282.a(log.o)
 .bss           0x00000000000317e0      0xfc0 obj_cooja/mtype282.a(cfs-cooja.o)
                0x00000000000317e0                simCFSData
                0x0000000000032780                simCFSSize
                0x0000000000032784                simCFSChanged
                0x0000000000032788                simCFSRead
                0x000000000003278c                simCFSWritten
 .bss           0x00000000000327a0       0x24 obj_cooja/mtype282.a(cooja-radio.o)
                0x00000000000327a0                simReceivingLR
                0x00000000000327a4                simInSizeLR
                0x00000000000327a8                simOutSizeLR
                0x00000000000327ac                simReceiving
                0x00000000000327b0                simInSize
                0x00000000000327b4                simOutSize
                0x00000000000327b8                LongRangeTransmit
                0x00000000000327bc                LongRangeReceiving
 .bss           0x00000000000327c4        0xc obj_cooja/mtype282.a(eeprom.o)
                0x00000000000327c4                simEEPROMChanged
                0x00000000000327c8                simEEPROMRead
                0x00000000000327cc                simEEPROMWritten
 .bss           0x00000000000327d0        0x0 obj_cooja/mtype282.a(random.o)
 .bss           0x00000000000327d0        0xc obj_cooja/mtype282.a(sensors.o)
 .bss           0x00000000000327dc        0x1 obj_cooja/mtype282.a(leds.o)
 *fill*         0x00000000000327dd        0x3 
 .bss           0x00000000000327e0       0x2c obj_cooja/mtype282.a(dual_conf.o)
                0x00000000000327e0                long_range_radio
 .bss           0x000000000003280c        0x0 obj_cooja/mtype282.a(autostart.o)
 .bss           0x000000000003280c        0x5 obj_cooja/mtype282.a(ctimer.o)
 *fill*         0x0000000000032811        0x3 
 .bss           0x0000000000032814        0x8 obj_cooja/mtype282.a(etimer.o)
 *fill*         0x000000000003281c        0x4 
 .bss           0x0000000000032820      0x1b1 obj_cooja/mtype282.a(process.o)
                0x0000000000032820                process_list
                0x0000000000032824                process_current
 .bss           0x00000000000329d1        0x0 obj_cooja/mtype282.a(residual.o)
 *fill*         0x00000000000329d1        0x3 
 .bss           0x00000000000329d4        0x4 obj_cooja/mtype282.a(rtimer.o)
 .bss           0x00000000000329d8        0x0 obj_cooja/mtype282.a(stimer.o)
 .bss           0x00000000000329d8        0x0 obj_cooja/mtype282.a(timer.o)
 *fill*         0x00000000000329d8        0x8 
 .bss           0x00000000000329e0      0x140 obj_cooja/mtype282.a(serial-line.o)
 .bss           0x0000000000032b20        0x0 obj_cooja/mtype282.a(list.o)
 .bss           0x0000000000032b20        0x0 obj_cooja/mtype282.a(ringbuf.o)
 .bss           0x0000000000032b20      0x70c obj_cooja/mtype282.a(sicslowpan.o)
 *fill*         0x000000000003322c       0x14 
 .bss           0x0000000000033240      0x4b0 obj_cooja/mtype282.a(uip-ds6-nbr.o)
 *fill*         0x00000000000336f0       0x10 
 .bss           0x0000000000033700      0x608 obj_cooja/mtype282.a(uip-ds6-route.o)
 .bss           0x0000000000033d08       0x30 obj_cooja/mtype282.a(uip-ds6.o)
 .bss           0x0000000000033d38        0xe obj_cooja/mtype282.a(uip6.o)
                0x0000000000033d38                uip_ext_bitmap
                0x0000000000033d39                uip_ext_len
                0x0000000000033d3a                uip_ext_opt_offset
 *fill*         0x0000000000033d46       0x1a 
 .bss           0x0000000000033d60       0x68 obj_cooja/mtype282.a(tcpip.o)
 .bss           0x0000000000033dc8        0x0 obj_cooja/mtype282.a(uip-debug.o)
 *fill*         0x0000000000033dc8       0x18 
 .bss           0x0000000000033de0      0xcf8 obj_cooja/mtype282.a(uip-packetqueue)
 .bss           0x0000000000034ad8        0x0 obj_cooja/mtype282.a(uip-udp-packet.)
 *fill*         0x0000000000034ad8        0x8 
 .bss           0x0000000000034ae0      0x352 obj_cooja/mtype282.a(rpl-dag.o)
 .bss           0x0000000000034e32        0x0 obj_cooja/mtype282.a(rpl-ext-header.)
 .bss           0x0000000000034e32        0x0 obj_cooja/mtype282.a(rpl-icmp6.o)
 .bss           0x0000000000034e32        0x0 obj_cooja/mtype282.a(rpl-ltmax.o)
 *fill*         0x0000000000034e32        0xe 
 .bss           0x0000000000034e40       0x23 obj_cooja/mtype282.a(rpl-timers.o)
 *fill*         0x0000000000034e63        0x1 
 .bss           0x0000000000034e64        0x4 obj_cooja/mtype282.a(rpl.o)
 *fill*         0x0000000000034e68       0x18 
 .bss           0x0000000000034e80      0x288 obj_cooja/mtype282.a(csma.o)
 .bss           0x0000000000035108        0x2 obj_cooja/mtype282.a(framer-802154.o)
 .bss           0x000000000003510a        0x0 obj_cooja/mtype282.a(mac.o)
 *fill*         0x000000000003510a       0x16 
 .bss           0x0000000000035120       0xb1 obj_cooja/mtype282.a(cxmac.o)
 .bss           0x00000000000351d1        0x0 obj_cooja/mtype282.a(linkaddr.o)
 *fill*         0x00000000000351d1        0xf 
 .bss           0x00000000000351e0      0x35c obj_cooja/mtype282.a(nbr-table.o)
 .bss           0x000000000003553c        0x0 obj_cooja/mtype282.a(netstack.o)
 *fill*         0x000000000003553c        0x4 
 .bss           0x0000000000035540       0xa0 obj_cooja/mtype282.a(packetbuf.o)
 .bss           0x00000000000355e0      0xb80 obj_cooja/mtype282.a(queuebuf.o)
 .bss           0x0000000000036160        0x0 obj_cooja/mtype282.a(nullsec.o)
 .bss           0x0000000000036160        0x0 obj_cooja/mtype282.a(watchdog.o)
 .bss           0x0000000000036160        0x0 obj_cooja/mtype282.a(rimestats.o)
 .bss           0x0000000000036160        0x0 obj_cooja/mtype282.a(memb.o)
 .bss           0x0000000000036160       0x18 obj_cooja/mtype282.a(uip-icmp6.o)
 .bss           0x0000000000036178        0x0 obj_cooja/mtype282.a(uip-nd6.o)
 *fill*         0x0000000000036178        0x8 
 .bss           0x0000000000036180       0x44 obj_cooja/mtype282.a(rpl-nbr-policy.)
 .bss           0x00000000000361c4        0x0 obj_cooja/mtype282.a(frame802154.o)
 .bss           0x00000000000361c4        0x0 /usr/lib/gcc/i686-linux-gnu/4.8/crtendS.o
 .bss           0x00000000000361c4        0x0 /usr/lib/gcc/i686-linux-gnu/4.8/../../../i386-linux-gnu/crtn.o
 *(COMMON)
 COMMON         0x00000000000361c4       0x6c udp-client.co
                0x00000000000361c4                dio_count
                0x00000000000361c8                dis_count
                0x00000000000361cc                csma_drop_count
                0x00000000000361d0                tcp_output_count
                0x00000000000361d4                csma_transmission_count
                0x00000000000361d8                dao_ack_fwd_count
                0x00000000000361dc                COOJA_radioRxLong
                0x00000000000361e0                cxmac_collision_count
                0x00000000000361e4                cxmac_retransmission_count
                0x00000000000361e8                control_message_count
                0x00000000000361ec                dao_count
                0x00000000000361f0                icmp_count
                0x00000000000361f4                COOJA_radioTx
                0x00000000000361f8                cxmac_transmission_count
                0x00000000000361fc                dao_ack_count
                0x0000000000036200                data_message_count
                0x0000000000036204                my_sink_reachability
                0x0000000000036208                COOJA_radioTxLong
                0x000000000003620c                COOJA_radioRx
                0x0000000000036210                my_parent_number
                0x0000000000036214                COOJA_radioOn
                0x0000000000036218                LSA_count
                0x000000000003621c                dao_fwd_count
                0x0000000000036220                COOJA_duration
                0x0000000000036224                dio_ack_count
                0x0000000000036228                COOJA_radioOnLong
                0x000000000003622c                data_fwd_count
 COMMON         0x0000000000036230        0xc obj_cooja/mtype282.o
                0x0000000000036230                referenceVar
                0x0000000000036234                debugfp
                0x0000000000036238                sensors_flags
 COMMON         0x000000000003623c        0xc obj_cooja/mtype282.a(simEnvChange.o)
                0x000000000003623c                simEtimerPending
                0x0000000000036240                simProcessRunValue
                0x0000000000036244                simNextExpirationTime
 COMMON         0x0000000000036248        0x1 obj_cooja/mtype282.a(beep.o)
                0x0000000000036248                simBeeped
 COMMON         0x0000000000036249        0x3 obj_cooja/mtype282.a(button-sensor.o)
                0x0000000000036249                simButtonIsActive
                0x000000000003624a                simButtonIsDown
                0x000000000003624b                simButtonChanged
 COMMON         0x000000000003624c        0x1 obj_cooja/mtype282.a(leds-arch.o)
                0x000000000003624c                simLedsValue
 *fill*         0x000000000003624d        0x3 
 COMMON         0x0000000000036250        0xc obj_cooja/mtype282.a(moteid.o)
                0x0000000000036250                simRandomSeed
                0x0000000000036254                simMoteIDChanged
                0x0000000000036258                simMoteID
 COMMON         0x000000000003625c        0x2 obj_cooja/mtype282.a(pir-sensor.o)
                0x000000000003625c                simPirIsActive
                0x000000000003625d                simPirChanged
 *fill*         0x000000000003625e        0x2 
 COMMON         0x0000000000036260      0x820 obj_cooja/mtype282.a(rs232.o)
                0x0000000000036260                simSerialReceivingFlag
                0x0000000000036264                simSerialReceivingLength
                0x0000000000036280                simSerialReceivingData
 COMMON         0x0000000000036a80        0x2 obj_cooja/mtype282.a(vib-sensor.o)
                0x0000000000036a80                simVibChanged
                0x0000000000036a81                simVibIsActive
 *fill*         0x0000000000036a82        0x2 
 COMMON         0x0000000000036a84        0x4 obj_cooja/mtype282.a(clock.o)
                0x0000000000036a84                simCurrentTime
 *fill*         0x0000000000036a88       0x18 
 COMMON         0x0000000000036aa0      0x420 obj_cooja/mtype282.a(log.o)
                0x0000000000036aa0                simLoggedLength
                0x0000000000036aa4                simLoggedFlag
                0x0000000000036ac0                simLoggedData
 COMMON         0x0000000000036ec0      0x260 obj_cooja/mtype282.a(cooja-radio.o)
                0x0000000000036ec0                simOutDataBuffer
                0x0000000000036f40                simRadioTarget
                0x0000000000036f60                simInDataBufferLR
                0x0000000000036fe0                packet_forwarding
                0x0000000000037000                simOutDataBufferLR
                0x0000000000037080                dual_duty_cycle_count
                0x00000000000370a0                simInDataBuffer
 COMMON         0x0000000000037120      0x400 obj_cooja/mtype282.a(eeprom.o)
                0x0000000000037120                simEEPROMData
 COMMON         0x0000000000037520        0x1 obj_cooja/mtype282.a(sensors.o)
                0x0000000000037520                sensors_event
 COMMON         0x0000000000037521        0x1 obj_cooja/mtype282.a(serial-line.o)
                0x0000000000037521                serial_line_event_message
 *fill*         0x0000000000037522       0x1e 
 COMMON         0x0000000000037540      0x1f4 obj_cooja/mtype282.a(uip-ds6-nbr.o)
                0x0000000000037540                ds6_lr_addrmap
 *fill*         0x0000000000037734        0xc 
 COMMON         0x0000000000037740      0x298 obj_cooja/mtype282.a(uip-ds6.o)
                0x0000000000037740                uip_ds6_prefix_list
                0x00000000000377a0                uip_ds6_timer_periodic
                0x00000000000377b0                uip_ds6_netif_addr_list_offset
                0x00000000000377c0                uip_ds6_if
                0x00000000000378b8                uip_ds6_timer_ra
                0x00000000000378c0                uip_ds6_addr_size
                0x00000000000378e0                long_uip_ds6_if
 *fill*         0x00000000000379d8        0x8 
 COMMON         0x00000000000379e0      0x8ec obj_cooja/mtype282.a(uip6.o)
                0x00000000000379e0                uip_slen
                0x00000000000379e2                uip_acc32
                0x0000000000037a00                uip_conns
                0x0000000000037ac0                uip_lladdr
                0x0000000000037ac8                uip_appdata
                0x0000000000037acc                uip_flags
                0x0000000000037ae0                uip_aligned_buf
                0x0000000000038120                uip_listenports
                0x0000000000038130                uip_len
                0x0000000000038132                uip_long_lladdr
                0x000000000003813c                uip_sappdata
                0x0000000000038140                uip_udp_conns
                0x00000000000382c0                uip_udp_conn
                0x00000000000382c4                uip_next_hdr
                0x00000000000382c8                uip_conn
 COMMON         0x00000000000382cc        0x1 obj_cooja/mtype282.a(tcpip.o)
                0x00000000000382cc                tcpip_event
 *fill*         0x00000000000382cd       0x13 
 COMMON         0x00000000000382e0      0x178 obj_cooja/mtype282.a(rpl-dag.o)
                0x00000000000382e0                default_instance
                0x0000000000038300                instance_table
 COMMON         0x0000000000038458       0x10 obj_cooja/mtype282.a(linkaddr.o)
                0x0000000000038458                linkaddr_node_addr
                0x0000000000038460                long_linkaddr_node_addr
 COMMON         0x0000000000038468       0x2e obj_cooja/mtype282.a(packetbuf.o)
                0x0000000000038468                packetbuf_attrs
                0x0000000000038486                packetbuf_addrs
 *fill*         0x0000000000038496        0xa 
 COMMON         0x00000000000384a0       0x48 obj_cooja/mtype282.a(rimestats.o)
                0x00000000000384a0                rimestats
                0x00000000000384e8                . = ALIGN ((. != 0x0)?0x4:0x1)
                0x00000000000384e8                . = ALIGN (0x4)
                0x00000000000384e8                . = SEGMENT_START ("ldata-segment", .)
                0x00000000000384e8                . = ALIGN (0x4)
                0x00000000000384e8                _end = .
                0x00000000000384e8                PROVIDE (end, .)
                0x00000000000384e8                . = DATA_SEGMENT_END (.)

.stab
 *(.stab)

.stabstr
 *(.stabstr)

.stab.excl
 *(.stab.excl)

.stab.exclstr
 *(.stab.exclstr)

.stab.index
 *(.stab.index)

.stab.indexstr
 *(.stab.indexstr)

.comment        0x0000000000000000       0x29
 *(.comment)
 .comment       0x0000000000000000       0x29 /usr/lib/gcc/i686-linux-gnu/4.8/crtbeginS.o
                                         0x2a (size before relaxing)
 .comment       0x0000000000000000       0x2a udp-client.co
 .comment       0x0000000000000000       0x2a obj_cooja/mtype282.o
 .comment       0x0000000000000000       0x2a obj_cooja/mtype282.a(simEnvChange.o)
 .comment       0x0000000000000000       0x2a obj_cooja/mtype282.a(cooja_mt.o)
 .comment       0x0000000000000000       0x2a obj_cooja/mtype282.a(cooja_mtarch.o)
 .comment       0x0000000000000000       0x2a obj_cooja/mtype282.a(rtimer-arch.o)
 .comment       0x0000000000000000       0x2a obj_cooja/mtype282.a(beep.o)
 .comment       0x0000000000000000       0x2a obj_cooja/mtype282.a(button-sensor.o)
 .comment       0x0000000000000000       0x2a obj_cooja/mtype282.a(leds-arch.o)
 .comment       0x0000000000000000       0x2a obj_cooja/mtype282.a(moteid.o)
 .comment       0x0000000000000000       0x2a obj_cooja/mtype282.a(pir-sensor.o)
 .comment       0x0000000000000000       0x2a obj_cooja/mtype282.a(rs232.o)
 .comment       0x0000000000000000       0x2a obj_cooja/mtype282.a(vib-sensor.o)
 .comment       0x0000000000000000       0x2a obj_cooja/mtype282.a(clock.o)
 .comment       0x0000000000000000       0x2a obj_cooja/mtype282.a(log.o)
 .comment       0x0000000000000000       0x2a obj_cooja/mtype282.a(cfs-cooja.o)
 .comment       0x0000000000000000       0x2a obj_cooja/mtype282.a(cooja-radio.o)
 .comment       0x0000000000000000       0x2a obj_cooja/mtype282.a(eeprom.o)
 .comment       0x0000000000000000       0x2a obj_cooja/mtype282.a(random.o)
 .comment       0x0000000000000000       0x2a obj_cooja/mtype282.a(sensors.o)
 .comment       0x0000000000000000       0x2a obj_cooja/mtype282.a(leds.o)
 .comment       0x0000000000000000       0x2a obj_cooja/mtype282.a(dual_conf.o)
 .comment       0x0000000000000000       0x2a obj_cooja/mtype282.a(autostart.o)
 .comment       0x0000000000000000       0x2a obj_cooja/mtype282.a(ctimer.o)
 .comment       0x0000000000000000       0x2a obj_cooja/mtype282.a(etimer.o)
 .comment       0x0000000000000000       0x2a obj_cooja/mtype282.a(process.o)
 .comment       0x0000000000000000       0x2a obj_cooja/mtype282.a(residual.o)
 .comment       0x0000000000000000       0x2a obj_cooja/mtype282.a(rtimer.o)
 .comment       0x0000000000000000       0x2a obj_cooja/mtype282.a(stimer.o)
 .comment       0x0000000000000000       0x2a obj_cooja/mtype282.a(timer.o)
 .comment       0x0000000000000000       0x2a obj_cooja/mtype282.a(serial-line.o)
 .comment       0x0000000000000000       0x2a obj_cooja/mtype282.a(list.o)
 .comment       0x0000000000000000       0x2a obj_cooja/mtype282.a(ringbuf.o)
 .comment       0x0000000000000000       0x2a obj_cooja/mtype282.a(sicslowpan.o)
 .comment       0x0000000000000000       0x2a obj_cooja/mtype282.a(uip-ds6-nbr.o)
 .comment       0x0000000000000000       0x2a obj_cooja/mtype282.a(uip-ds6-route.o)
 .comment       0x0000000000000000       0x2a obj_cooja/mtype282.a(uip-ds6.o)
 .comment       0x0000000000000000       0x2a obj_cooja/mtype282.a(uip6.o)
 .comment       0x0000000000000000       0x2a obj_cooja/mtype282.a(tcpip.o)
 .comment       0x0000000000000000       0x2a obj_cooja/mtype282.a(uip-debug.o)
 .comment       0x0000000000000000       0x2a obj_cooja/mtype282.a(uip-packetqueue)
 .comment       0x0000000000000000       0x2a obj_cooja/mtype282.a(uip-udp-packet.)
 .comment       0x0000000000000000       0x2a obj_cooja/mtype282.a(rpl-dag.o)
 .comment       0x0000000000000000       0x2a obj_cooja/mtype282.a(rpl-ext-header.)
 .comment       0x0000000000000000       0x2a obj_cooja/mtype282.a(rpl-icmp6.o)
 .comment       0x0000000000000000       0x2a obj_cooja/mtype282.a(rpl-ltmax.o)
 .comment       0x0000000000000000       0x2a obj_cooja/mtype282.a(rpl-timers.o)
 .comment       0x0000000000000000       0x2a obj_cooja/mtype282.a(rpl.o)
 .comment       0x0000000000000000       0x2a obj_cooja/mtype282.a(csma.o)
 .comment       0x0000000000000000       0x2a obj_cooja/mtype282.a(framer-802154.o)
 .comment       0x0000000000000000       0x2a obj_cooja/mtype282.a(mac.o)
 .comment       0x0000000000000000       0x2a obj_cooja/mtype282.a(cxmac.o)
 .comment       0x0000000000000000       0x2a obj_cooja/mtype282.a(linkaddr.o)
 .comment       0x0000000000000000       0x2a obj_cooja/mtype282.a(nbr-table.o)
 .comment       0x0000000000000000       0x2a obj_cooja/mtype282.a(netstack.o)
 .comment       0x0000000000000000       0x2a obj_cooja/mtype282.a(packetbuf.o)
 .comment       0x0000000000000000       0x2a obj_cooja/mtype282.a(queuebuf.o)
 .comment       0x0000000000000000       0x2a obj_cooja/mtype282.a(nullsec.o)
 .comment       0x0000000000000000       0x2a obj_cooja/mtype282.a(watchdog.o)
 .comment       0x0000000000000000       0x2a obj_cooja/mtype282.a(rimestats.o)
 .comment       0x0000000000000000       0x2a obj_cooja/mtype282.a(memb.o)
 .comment       0x0000000000000000       0x2a obj_cooja/mtype282.a(uip-icmp6.o)
 .comment       0x0000000000000000       0x2a obj_cooja/mtype282.a(uip-nd6.o)
 .comment       0x0000000000000000       0x2a obj_cooja/mtype282.a(rpl-nbr-policy.)
 .comment       0x0000000000000000       0x2a obj_cooja/mtype282.a(frame802154.o)
 .comment       0x0000000000000000       0x2a /usr/lib/gcc/i686-linux-gnu/4.8/crtendS.o

.debug
 *(.debug)

.line
 *(.line)

.debug_srcinfo
 *(.debug_srcinfo)

.debug_sfnames
 *(.debug_sfnames)

.debug_aranges  0x0000000000000000      0x818
 *(.debug_aranges)
 .debug_aranges
                0x0000000000000000       0x20 udp-client.co
 .debug_aranges
                0x0000000000000020       0x20 obj_cooja/mtype282.o
 .debug_aranges
                0x0000000000000040       0x20 obj_cooja/mtype282.a(simEnvChange.o)
 .debug_aranges
                0x0000000000000060       0x20 obj_cooja/mtype282.a(cooja_mt.o)
 .debug_aranges
                0x0000000000000080       0x20 obj_cooja/mtype282.a(cooja_mtarch.o)
 .debug_aranges
                0x00000000000000a0       0x20 obj_cooja/mtype282.a(rtimer-arch.o)
 .debug_aranges
                0x00000000000000c0       0x20 obj_cooja/mtype282.a(beep.o)
 .debug_aranges
                0x00000000000000e0       0x20 obj_cooja/mtype282.a(button-sensor.o)
 .debug_aranges
                0x0000000000000100       0x20 obj_cooja/mtype282.a(leds-arch.o)
 .debug_aranges
                0x0000000000000120       0x20 obj_cooja/mtype282.a(moteid.o)
 .debug_aranges
                0x0000000000000140       0x20 obj_cooja/mtype282.a(pir-sensor.o)
 .debug_aranges
                0x0000000000000160       0x20 obj_cooja/mtype282.a(rs232.o)
 .debug_aranges
                0x0000000000000180       0x20 obj_cooja/mtype282.a(vib-sensor.o)
 .debug_aranges
                0x00000000000001a0       0x20 obj_cooja/mtype282.a(clock.o)
 .debug_aranges
                0x00000000000001c0       0x20 obj_cooja/mtype282.a(log.o)
 .debug_aranges
                0x00000000000001e0       0x20 obj_cooja/mtype282.a(cfs-cooja.o)
 .debug_aranges
                0x0000000000000200       0x20 obj_cooja/mtype282.a(cooja-radio.o)
 .debug_aranges
                0x0000000000000220       0x20 obj_cooja/mtype282.a(eeprom.o)
 .debug_aranges
                0x0000000000000240       0x20 obj_cooja/mtype282.a(random.o)
 .debug_aranges
                0x0000000000000260       0x20 obj_cooja/mtype282.a(sensors.o)
 .debug_aranges
                0x0000000000000280       0x20 obj_cooja/mtype282.a(leds.o)
 .debug_aranges
                0x00000000000002a0       0x20 obj_cooja/mtype282.a(dual_conf.o)
 .debug_aranges
                0x00000000000002c0       0x20 obj_cooja/mtype282.a(autostart.o)
 .debug_aranges
                0x00000000000002e0       0x20 obj_cooja/mtype282.a(ctimer.o)
 .debug_aranges
                0x0000000000000300       0x20 obj_cooja/mtype282.a(etimer.o)
 .debug_aranges
                0x0000000000000320       0x20 obj_cooja/mtype282.a(process.o)
 .debug_aranges
                0x0000000000000340       0x20 obj_cooja/mtype282.a(residual.o)
 .debug_aranges
                0x0000000000000360       0x20 obj_cooja/mtype282.a(rtimer.o)
 .debug_aranges
                0x0000000000000380       0x20 obj_cooja/mtype282.a(stimer.o)
 .debug_aranges
                0x00000000000003a0       0x20 obj_cooja/mtype282.a(timer.o)
 .debug_aranges
                0x00000000000003c0       0x20 obj_cooja/mtype282.a(serial-line.o)
 .debug_aranges
                0x00000000000003e0       0x20 obj_cooja/mtype282.a(list.o)
 .debug_aranges
                0x0000000000000400       0x20 obj_cooja/mtype282.a(ringbuf.o)
 .debug_aranges
                0x0000000000000420       0x20 obj_cooja/mtype282.a(sicslowpan.o)
 .debug_aranges
                0x0000000000000440       0x20 obj_cooja/mtype282.a(uip-ds6-nbr.o)
 .debug_aranges
                0x0000000000000460       0x20 obj_cooja/mtype282.a(uip-ds6-route.o)
 .debug_aranges
                0x0000000000000480       0x20 obj_cooja/mtype282.a(uip-ds6.o)
 .debug_aranges
                0x00000000000004a0       0x20 obj_cooja/mtype282.a(uip6.o)
 .debug_aranges
                0x00000000000004c0       0x20 obj_cooja/mtype282.a(tcpip.o)
 .debug_aranges
                0x00000000000004e0       0x20 obj_cooja/mtype282.a(uip-debug.o)
 .debug_aranges
                0x0000000000000500       0x20 obj_cooja/mtype282.a(uip-packetqueue)
 .debug_aranges
                0x0000000000000520       0x20 obj_cooja/mtype282.a(uip-udp-packet.)
 .debug_aranges
                0x0000000000000540       0x20 obj_cooja/mtype282.a(rpl-dag.o)
 .debug_aranges
                0x0000000000000560       0x20 obj_cooja/mtype282.a(rpl-ext-header.)
 .debug_aranges
                0x0000000000000580       0x20 obj_cooja/mtype282.a(rpl-icmp6.o)
 .debug_aranges
                0x00000000000005a0       0x20 obj_cooja/mtype282.a(rpl-ltmax.o)
 .debug_aranges
                0x00000000000005c0       0x20 obj_cooja/mtype282.a(rpl-timers.o)
 .debug_aranges
                0x00000000000005e0       0x20 obj_cooja/mtype282.a(rpl.o)
 .debug_aranges
                0x0000000000000600       0x20 obj_cooja/mtype282.a(csma.o)
 .debug_aranges
                0x0000000000000620       0x20 obj_cooja/mtype282.a(framer-802154.o)
 .debug_aranges
                0x0000000000000640       0x20 obj_cooja/mtype282.a(mac.o)
 .debug_aranges
                0x0000000000000660       0x20 obj_cooja/mtype282.a(cxmac.o)
 .debug_aranges
                0x0000000000000680       0x20 obj_cooja/mtype282.a(linkaddr.o)
 .debug_aranges
                0x00000000000006a0       0x20 obj_cooja/mtype282.a(nbr-table.o)
 .debug_aranges
                0x00000000000006c0       0x20 obj_cooja/mtype282.a(netstack.o)
 .debug_aranges
                0x00000000000006e0       0x20 obj_cooja/mtype282.a(packetbuf.o)
 .debug_aranges
                0x0000000000000700       0x20 obj_cooja/mtype282.a(queuebuf.o)
 .debug_aranges
                0x0000000000000720       0x20 obj_cooja/mtype282.a(nullsec.o)
 .debug_aranges
                0x0000000000000740       0x20 obj_cooja/mtype282.a(watchdog.o)
 .debug_aranges
                0x0000000000000760       0x18 obj_cooja/mtype282.a(rimestats.o)
 .debug_aranges
                0x0000000000000778       0x20 obj_cooja/mtype282.a(memb.o)
 .debug_aranges
                0x0000000000000798       0x20 obj_cooja/mtype282.a(uip-icmp6.o)
 .debug_aranges
                0x00000000000007b8       0x20 obj_cooja/mtype282.a(uip-nd6.o)
 .debug_aranges
                0x00000000000007d8       0x20 obj_cooja/mtype282.a(rpl-nbr-policy.)
 .debug_aranges
                0x00000000000007f8       0x20 obj_cooja/mtype282.a(frame802154.o)

.debug_pubnames
 *(.debug_pubnames)

.debug_info     0x0000000000000000    0x1e8f5
 *(.debug_info .gnu.linkonce.wi.*)
 .debug_info    0x0000000000000000     0x1246 udp-client.co
 .debug_info    0x0000000000001246     0x3b8f obj_cooja/mtype282.o
 .debug_info    0x0000000000004dd5      0x15a obj_cooja/mtype282.a(simEnvChange.o)
 .debug_info    0x0000000000004f2f      0x1e2 obj_cooja/mtype282.a(cooja_mt.o)
 .debug_info    0x0000000000005111      0x2e7 obj_cooja/mtype282.a(cooja_mtarch.o)
 .debug_info    0x00000000000053f8      0x16b obj_cooja/mtype282.a(rtimer-arch.o)
 .debug_info    0x0000000000005563      0x1f3 obj_cooja/mtype282.a(beep.o)
 .debug_info    0x0000000000005756      0x257 obj_cooja/mtype282.a(button-sensor.o)
 .debug_info    0x00000000000059ad      0x132 obj_cooja/mtype282.a(leds-arch.o)
 .debug_info    0x0000000000005adf      0x10a obj_cooja/mtype282.a(moteid.o)
 .debug_info    0x0000000000005be9      0x216 obj_cooja/mtype282.a(pir-sensor.o)
 .debug_info    0x0000000000005dff      0x21e obj_cooja/mtype282.a(rs232.o)
 .debug_info    0x000000000000601d      0x216 obj_cooja/mtype282.a(vib-sensor.o)
 .debug_info    0x0000000000006233      0x152 obj_cooja/mtype282.a(clock.o)
 .debug_info    0x0000000000006385      0x2bb obj_cooja/mtype282.a(log.o)
 .debug_info    0x0000000000006640      0x3cf obj_cooja/mtype282.a(cfs-cooja.o)
 .debug_info    0x0000000000006a0f      0xd4e obj_cooja/mtype282.a(cooja-radio.o)
 .debug_info    0x000000000000775d      0x1d5 obj_cooja/mtype282.a(eeprom.o)