Archive member included to satisfy reference by file (symbol)

obj_cooja/mtype300.a(simEnvChange.o)
                              obj_cooja/mtype300.o (simDontFallAsleep)
obj_cooja/mtype300.a(cooja_mt.o)
                              obj_cooja/mtype300.o (cooja_mt_start)
obj_cooja/mtype300.a(cooja_mtarch.o)
                              obj_cooja/mtype300.a(cooja_mt.o) (cooja_mtarch_init)
obj_cooja/mtype300.a(rtimer-arch.o)
                              obj_cooja/mtype300.o (rtimer_arch_next)
obj_cooja/mtype300.a(beep.o)  obj_cooja/mtype300.o (beep_interface)
obj_cooja/mtype300.a(button-sensor.o)
                              obj_cooja/mtype300.o (button_interface)
obj_cooja/mtype300.a(leds-arch.o)
                              obj_cooja/mtype300.o (leds_interface)
obj_cooja/mtype300.a(moteid.o)
                              obj_cooja/mtype300.o (moteid_interface)
obj_cooja/mtype300.a(pir-sensor.o)
                              obj_cooja/mtype300.o (pir_interface)
obj_cooja/mtype300.a(rs232.o)
                              obj_cooja/mtype300.o (rs232_interface)
obj_cooja/mtype300.a(vib-sensor.o)
                              obj_cooja/mtype300.o (vib_interface)
obj_cooja/mtype300.a(clock.o)
                              obj_cooja/mtype300.o (clock_interface)
obj_cooja/mtype300.a(log.o)   obj_cooja/mtype300.o (simlog_interface)
obj_cooja/mtype300.a(cfs-cooja.o)
                              obj_cooja/mtype300.o (cfs_interface)
obj_cooja/mtype300.a(cooja-radio.o)
                              obj_cooja/mtype300.o (radio_interface)
obj_cooja/mtype300.a(eeprom.o)
                              obj_cooja/mtype300.o (eeprom_interface)
obj_cooja/mtype300.a(random.o)
                              obj_cooja/mtype300.a(moteid.o) (random_init)
obj_cooja/mtype300.a(sensors.o)
                              obj_cooja/mtype300.o (sensors_process)
obj_cooja/mtype300.a(autostart.o)
                              obj_cooja/mtype300.o (autostart_start)
obj_cooja/mtype300.a(ctimer.o)
                              obj_cooja/mtype300.o (ctimer_init)
obj_cooja/mtype300.a(etimer.o)
                              obj_cooja/mtype300.o (etimer_process)
obj_cooja/mtype300.a(log_message.o)
                              udp-client.co (log_fp)
obj_cooja/mtype300.a(process.o)
                              udp-client.co (process_current)
obj_cooja/mtype300.a(residual.o)
                              udp-client.co (DISSIPATION_RATE)
obj_cooja/mtype300.a(rtimer.o)
                              obj_cooja/mtype300.a(rtimer-arch.o) (rtimer_run_next)
obj_cooja/mtype300.a(stimer.o)
                              udp-client.co (stimer_remaining)
obj_cooja/mtype300.a(timer.o)
                              obj_cooja/mtype300.a(button-sensor.o) (timer_set)
obj_cooja/mtype300.a(serial-line.o)
                              udp-client.co (serial_line_event_message)
obj_cooja/mtype300.a(list.o)  obj_cooja/mtype300.a(ctimer.o) (list_init)
obj_cooja/mtype300.a(ringbuf.o)
                              obj_cooja/mtype300.a(serial-line.o) (ringbuf_init)
obj_cooja/mtype300.a(sicslowpan.o)
                              obj_cooja/mtype300.o (sicslowpan_driver)
obj_cooja/mtype300.a(uip-ds6-nbr.o)
                              obj_cooja/mtype300.a(sicslowpan.o) (uip_ds6_link_neighbor_callback)
obj_cooja/mtype300.a(uip-ds6-route.o)
                              udp-client.co (uip_ds6_route_nexthop)
obj_cooja/mtype300.a(uip-ds6.o)
                              udp-client.co (uip_ds6_if)
obj_cooja/mtype300.a(uip6.o)  udp-client.co (uip_lladdr)
obj_cooja/mtype300.a(tcpip.o)
                              udp-client.co (tcpip_event)
obj_cooja/mtype300.a(uip-debug.o)
                              udp-client.co (uip_debug_ipaddr_print)
obj_cooja/mtype300.a(uip-packetqueue)
                              obj_cooja/mtype300.a(uip-ds6-nbr.o) (uip_packetqueue_new)
obj_cooja/mtype300.a(uip-udp-packet.)
                              udp-client.co (uip_udp_packet_sendto)
obj_cooja/mtype300.a(rpl-dag.o)
                              udp-client.co (rpl_parents)
obj_cooja/mtype300.a(rpl-ext-header.)
                              obj_cooja/mtype300.a(uip6.o) (rpl_verify_header)
obj_cooja/mtype300.a(rpl-icmp6.o)
                              obj_cooja/mtype300.a(rpl-dag.o) (rpl_icmp6_update_nbr_table)
obj_cooja/mtype300.a(rpl-ltmax.o)
                              obj_cooja/mtype300.a(rpl-dag.o) (rpl_ltmax_of)
obj_cooja/mtype300.a(rpl-timers.o)
                              obj_cooja/mtype300.a(rpl-dag.o) (rpl_reset_dio_timer)
obj_cooja/mtype300.a(rpl.o)   obj_cooja/mtype300.a(rpl-icmp6.o) (rpl_get_mode)
obj_cooja/mtype300.a(csma.o)  udp-client.co (csma_driver)
obj_cooja/mtype300.a(framer-802154.o)
                              obj_cooja/mtype300.a(sicslowpan.o) (framer_802154)
obj_cooja/mtype300.a(mac.o)   obj_cooja/mtype300.a(csma.o) (mac_call_sent_callback)
obj_cooja/mtype300.a(cxmac.o)
                              obj_cooja/mtype300.o (cxmac_driver)
obj_cooja/mtype300.a(linkaddr.o)
[...]
Memory Configuration

Name             Origin             Length             Attributes
*default*        0x0000000000000000 0xffffffffffffffff

Linker script and memory map

LOAD /usr/lib/gcc/i686-linux-gnu/4.8/../../../i386-linux-gnu/crti.o
LOAD /usr/lib/gcc/i686-linux-gnu/4.8/crtbeginS.o
LOAD udp-client.co
LOAD obj_cooja/mtype300.o
LOAD obj_cooja/mtype300.a
LOAD /usr/lib/gcc/i686-linux-gnu/4.8/libgcc.a
LOAD /usr/lib/gcc/i686-linux-gnu/4.8/libgcc_s.so
LOAD /usr/lib/gcc/i686-linux-gnu/4.8/../../../i386-linux-gnu/libc.so
START GROUP
LOAD /lib/i386-linux-gnu/libc.so.6
LOAD /usr/lib/i386-linux-gnu/libc_nonshared.a
LOAD /lib/i386-linux-gnu/ld-linux.so.2
END GROUP
LOAD /usr/lib/gcc/i686-linux-gnu/4.8/libgcc.a
LOAD /usr/lib/gcc/i686-linux-gnu/4.8/libgcc_s.so
LOAD /usr/lib/gcc/i686-linux-gnu/4.8/crtendS.o
LOAD /usr/lib/gcc/i686-linux-gnu/4.8/../../../i386-linux-gnu/crtn.o
                0x0000000000000114                . = (0x0 + SIZEOF_HEADERS)

.note.gnu.build-id
                0x0000000000000114       0x24
 *(.note.gnu.build-id)
 .note.gnu.build-id
                0x0000000000000114       0x24 /usr/lib/gcc/i686-linux-gnu/4.8/../../../i386-linux-gnu/crti.o

.hash
 *(.hash)

.gnu.hash       0x0000000000000138     0x1320
 *(.gnu.hash)
 .gnu.hash      0x0000000000000138     0x1320 /usr/lib/gcc/i686-linux-gnu/4.8/../../../i386-linux-gnu/crti.o

.dynsym         0x0000000000001458     0x2510
 *(.dynsym)
 .dynsym        0x0000000000001458     0x2510 /usr/lib/gcc/i686-linux-gnu/4.8/../../../i386-linux-gnu/crti.o

.dynstr         0x0000000000003968     0x259e
 *(.dynstr)
 .dynstr        0x0000000000003968     0x259e /usr/lib/gcc/i686-linux-gnu/4.8/../../../i386-linux-gnu/crti.o

.gnu.version    0x0000000000005f06      0x4a2
 *(.gnu.version)
 .gnu.version   0x0000000000005f06      0x4a2 /usr/lib/gcc/i686-linux-gnu/4.8/../../../i386-linux-gnu/crti.o

.gnu.version_d  0x00000000000063a8        0x0
 *(.gnu.version_d)
 .gnu.version_d
                0x0000000000000000        0x0 /usr/lib/gcc/i686-linux-gnu/4.8/../../../i386-linux-gnu/crti.o

.gnu.version_r  0x00000000000063a8       0x50
 *(.gnu.version_r)
 .gnu.version_r
                0x00000000000063a8       0x50 /usr/lib/gcc/i686-linux-gnu/4.8/../../../i386-linux-gnu/crti.o

.rel.dyn        0x00000000000063f8     0x9198
 *(.rel.init)
 .rel.init      0x0000000000000000        0x0 /usr/lib/gcc/i686-linux-gnu/4.8/../../../i386-linux-gnu/crti.o
 *(.rel.text .rel.text.* .rel.gnu.linkonce.t.*)
 .rel.text      0x00000000000063f8     0x89e0 /usr/lib/gcc/i686-linux-gnu/4.8/../../../i386-linux-gnu/crti.o
 *(.rel.fini)
 .rel.fini      0x0000000000000000        0x0 /usr/lib/gcc/i686-linux-gnu/4.8/../../../i386-linux-gnu/crti.o
 *(.rel.rodata .rel.rodata.* .rel.gnu.linkonce.r.*)
 .rel.rodata    0x000000000000edd8      0x4e0 /usr/lib/gcc/i686-linux-gnu/4.8/../../../i386-linux-gnu/crti.o
 *(.rel.data.rel.ro .rel.data.rel.ro.* .rel.gnu.linkonce.d.rel.ro.*)
 *(.rel.data .rel.data.* .rel.gnu.linkonce.d.*)
 .rel.data.rel  0x000000000000f2b8        0x8 /usr/lib/gcc/i686-linux-gnu/4.8/../../../i386-linux-gnu/crti.o
 .rel.data      0x000000000000f2c0      0x298 /usr/lib/gcc/i686-linux-gnu/4.8/../../../i386-linux-gnu/crti.o
 *(.rel.tdata .rel.tdata.* .rel.gnu.linkonce.td.*)
 *(.rel.tbss .rel.tbss.* .rel.gnu.linkonce.tb.*)
 *(.rel.ctors)
 *(.rel.dtors)
 *(.rel.got)
 .rel.got       0x000000000000f558       0x28 /usr/lib/gcc/i686-linux-gnu/4.8/../../../i386-linux-gnu/crti.o
 *(.rel.bss .rel.bss.* .rel.gnu.linkonce.b.*)
 *(.rel.ifunc)
 .rel.ifunc     0x0000000000000000        0x0 /usr/lib/gcc/i686-linux-gnu/4.8/../../../i386-linux-gnu/crti.o
 .rel.fini_array
                0x000000000000f580        0x8 /usr/lib/gcc/i686-linux-gnu/4.8/../../../i386-linux-gnu/crti.o
 .rel.init_array
                0x000000000000f588        0x8 /usr/lib/gcc/i686-linux-gnu/4.8/../../../i386-linux-gnu/crti.o

.rel.plt        0x000000000000f590       0x10
 *(.rel.plt)
 .rel.plt       0x000000000000f590       0x10 /usr/lib/gcc/i686-linux-gnu/4.8/../../../i386-linux-gnu/crti.o
 *(.rel.iplt)

.init           0x000000000000f5a0       0x23
 *(SORT(.init))
 .init          0x000000000000f5a0       0x1e /usr/lib/gcc/i686-linux-gnu/4.8/../../../i386-linux-gnu/crti.o
                0x000000000000f5a0                _init
 .init          0x000000000000f5be        0x5 /usr/lib/gcc/i686-linux-gnu/4.8/../../../i386-linux-gnu/crtn.o

.plt            0x000000000000f5d0       0x30
 *(.plt)
 .plt           0x000000000000f5d0       0x30 /usr/lib/gcc/i686-linux-gnu/4.8/../../../i386-linux-gnu/crti.o
 *(.iplt)

.text           0x000000000000f600    0x1606e
 *(.text.unlikely .text.*_unlikely .text.unlikely.*)
 *(.text.exit .text.exit.*)
 *(.text.startup .text.startup.*)
 *(.text.hot .text.hot.*)
 *(.text .stub .text.* .gnu.linkonce.t.*)
 .text          0x000000000000f600        0x0 /usr/lib/gcc/i686-linux-gnu/4.8/../../../i386-linux-gnu/crti.o
 .gnu.linkonce.t.__x86.get_pc_thunk.bx
                0x000000000000f600        0x4 /usr/lib/gcc/i686-linux-gnu/4.8/../../../i386-linux-gnu/crti.o
                0x000000000000f600                __x86.get_pc_thunk.bx
 *fill*         0x000000000000f604        0xc 
 .text          0x000000000000f610      0x11b /usr/lib/gcc/i686-linux-gnu/4.8/crtbeginS.o
 .text          0x000000000000f72b      0xdce udp-client.co
                0x000000000001010d                polling
 .text          0x00000000000104f9      0x792 obj_cooja/mtype300.o
                0x000000000001062f                contiki_init
                0x0000000000010aa2                Java_org_contikios_cooja_corecomm_Lib2_init
                0x0000000000010ae2                Java_org_contikios_cooja_corecomm_Lib2_getMemory
                0x0000000000010b22                Java_org_contikios_cooja_corecomm_Lib2_setMemory
                0x0000000000010b99                Java_org_contikios_cooja_corecomm_Lib2_tick
                0x0000000000010c79                Java_org_contikios_cooja_corecomm_Lib2_setReferenceAddress
 .text          0x0000000000010c8b       0x63 obj_cooja/mtype300.a(simEnvChange.o)
                0x0000000000010c8b                doActionsBeforeTick
                0x0000000000010cbc                doActionsAfterTick
 .text          0x0000000000010cee       0xbc obj_cooja/mtype300.a(cooja_mt.o)
                0x0000000000010cee                cooja_mt_init
                0x0000000000010cfb                cooja_mt_remove
                0x0000000000010d08                cooja_mt_start
                0x0000000000010d35                cooja_mt_exec
                0x0000000000010d66                cooja_mt_exit
                0x0000000000010d88                cooja_mt_yield
 .text          0x0000000000010daa      0x115 obj_cooja/mtype300.a(cooja_mtarch.o)
                0x0000000000010daa                cooja_mtarch_init
                0x0000000000010daf                cooja_mtarch_start
                0x0000000000010e2a                cooja_sw
                0x0000000000010e4c                cooja_mtarch_exec
                0x0000000000010e68                cooja_mtarch_remove
                0x0000000000010e6d                cooja_mtarch_yield
                0x0000000000010e77                cooja_mtarch_pstop
                0x0000000000010e7c                cooja_mtarch_pstart
                0x0000000000010e81                cooja_mtarch_stack_usage
 .text          0x0000000000010ebf       0xc2 obj_cooja/mtype300.a(rtimer-arch.o)
                0x0000000000010ebf                rtimer_arch_init
                0x0000000000010ee2                rtimer_arch_schedule
                0x0000000000010ef9                rtimer_arch_next
                0x0000000000010f03                rtimer_arch_pending
                0x0000000000010f0d                rtimer_arch_check
                0x0000000000010f3f                rtimer_arch_now
 .text          0x0000000000010f81       0x76 obj_cooja/mtype300.a(beep.o)
                0x0000000000010f81                beep_alarm
                0x0000000000010f8d                beep_beep
                0x0000000000010f99                beep
                0x0000000000010fa5                beep_down
                0x0000000000010fb1                beep_on
                0x0000000000010fbd                beep_off
                0x0000000000010fc9                beep_spinup
                0x0000000000010fd5                beep_quick
                0x0000000000010fe1                beep_long
 .text          0x0000000000010ff7      0x103 obj_cooja/mtype300.a(button-sensor.o)
 .text          0x00000000000110fa       0x45 obj_cooja/mtype300.a(leds-arch.o)
                0x00000000000110fa                leds_arch_init
                0x0000000000011106                leds_arch_get
                0x0000000000011112                leds_arch_set
 .text          0x000000000001113f       0x2f obj_cooja/mtype300.a(moteid.o)
 .text          0x000000000001116e       0xb1 obj_cooja/mtype300.a(pir-sensor.o)
 .text          0x000000000001121f      0x131 obj_cooja/mtype300.a(rs232.o)
                0x000000000001121f                rs232_init
                0x0000000000011224                rs232_set_speed
                0x0000000000011232                rs232_set_input
                0x000000000001123f                rs232_send
                0x0000000000011261                rs232_print
                0x000000000001127c                slip_arch_writeb
 .text          0x0000000000011350       0xb1 obj_cooja/mtype300.a(vib-sensor.o)
 .text          0x0000000000011401       0x34 obj_cooja/mtype300.a(clock.o)
                0x0000000000011401                clock_init
                0x0000000000011406                clock_time
                0x0000000000011410                clock_seconds
                0x0000000000011426                clock_delay
 .text          0x0000000000011435      0x1ed obj_cooja/mtype300.a(log.o)
                0x0000000000011435                simlog_char
                0x0000000000011477                simlog
                0x00000000000114e4                log_message
                0x000000000001150c                log_set_putchar_with_slip
                0x0000000000011519                log_putchar
                0x000000000001159d                log_puts
                0x00000000000115c1                log_printf
 .text          0x0000000000011622      0x2c4 obj_cooja/mtype300.a(cfs-cooja.o)
                0x0000000000011622                cfs_open
                0x000000000001168b                cfs_close
                0x0000000000011697                cfs_read
                0x0000000000011735                cfs_write
                0x0000000000011812                cfs_seek
                0x000000000001189a                cfs_remove
                0x00000000000118c3                cfs_opendir
                0x00000000000118cd                cfs_readdir
                0x00000000000118d7                cfs_closedir
 .text          0x00000000000118e6      0x40f obj_cooja/mtype300.a(cooja-radio.o)
                0x0000000000011910                radio_set_channel
                0x000000000001191d                radio_set_txpower
                0x0000000000011934                radio_signal_strength_last
                0x000000000001193e                radio_signal_strength_current
                0x0000000000011948                radio_LQI
 .text          0x0000000000011cf5       0xef obj_cooja/mtype300.a(eeprom.o)
                0x0000000000011cf5                eeprom_init
                0x0000000000011cfa                eeprom_read
                0x0000000000011d6a                eeprom_write
 .text          0x0000000000011de4       0x28 obj_cooja/mtype300.a(random.o)
                0x0000000000011de4                random_init
                0x0000000000011dff                random_rand
 .text          0x0000000000011e0c      0x2a1 obj_cooja/mtype300.a(sensors.o)
                0x0000000000011e47                sensors_first
                0x0000000000011e51                sensors_next
                0x0000000000011e6e                sensors_changed
                0x0000000000011e9d                sensors_find
 .text          0x00000000000120ad       0x8e obj_cooja/mtype300.a(autostart.o)
                0x00000000000120ad                autostart_start
                0x00000000000120f8                autostart_exit
 .text          0x000000000001213b      0x334 obj_cooja/mtype300.a(ctimer.o)
                0x0000000000012252                ctimer_init
                0x0000000000012282                ctimer_set
                0x00000000000122b3                ctimer_set_with_process
                0x000000000001232f                ctimer_reset
                0x000000000001237e                ctimer_restart
                0x00000000000123cd                ctimer_stop
                0x0000000000012418                ctimer_expired
 .text          0x000000000001246f      0x40b obj_cooja/mtype300.a(etimer.o)
                0x0000000000012682                etimer_request_poll
                0x0000000000012706                etimer_set
                0x000000000001272b                etimer_reset_with_new_interval
                0x0000000000012752                etimer_reset
                0x0000000000012770                etimer_restart
                0x000000000001278e                etimer_adjust
                0x00000000000127aa                etimer_expired
                0x00000000000127bd                etimer_expiration_time
                0x00000000000127cf                etimer_start_time
                0x00000000000127d9                etimer_pending
                0x00000000000127eb                etimer_next_expiration_time
                0x0000000000012805                etimer_stop
 .text          0x000000000001287a      0x225 obj_cooja/mtype300.a(log_message.o)
                0x000000000001287a                log_initialization
                0x0000000000012a79                log_reinit
                0x0000000000012a7e                log_finisher
 .text          0x0000000000012a9f      0x560 obj_cooja/mtype300.a(process.o)
                0x0000000000012a9f                process_alloc_event
                0x0000000000012ab4                process_start
                0x0000000000012c9d                process_exit
                0x0000000000012cb9                process_init
                0x0000000000012e8a                process_run
                0x0000000000012ebd                process_nevents
                0x0000000000012ed8                process_post
                0x0000000000012f84                process_post_synch
                0x0000000000012fbc                process_poll
                0x0000000000012feb                process_is_running
 .text          0x0000000000012fff       0x8b obj_cooja/mtype300.a(residual.o)
                0x0000000000012fff                get_residual_energy
 .text          0x000000000001308a       0xba obj_cooja/mtype300.a(rtimer.o)
                0x000000000001308a                rtimer_init
                0x0000000000013097                rtimer_set
                0x00000000000130ee                rtimer_run_next
 .text          0x0000000000013144       0xa3 obj_cooja/mtype300.a(stimer.o)
                0x0000000000013144                stimer_set
                0x000000000001315f                stimer_reset
                0x0000000000013176                stimer_restart
                0x0000000000013188                stimer_expired
                0x00000000000131af                stimer_remaining
                0x00000000000131d3                stimer_elapsed
 .text          0x00000000000131e7       0x91 obj_cooja/mtype300.a(timer.o)
                0x00000000000131e7                timer_set
                0x0000000000013202                timer_reset
                0x0000000000013219                timer_restart
                0x000000000001322b                timer_expired
                0x0000000000013254                timer_remaining
 .text          0x0000000000013278      0x1fb obj_cooja/mtype300.a(serial-line.o)
                0x0000000000013278                serial_line_input_byte
                0x000000000001343b                serial_line_init
 .text          0x0000000000013473      0x244 obj_cooja/mtype300.a(list.o)
                0x0000000000013473                list_init
                0x0000000000013481                list_head
                0x000000000001348b                list_copy
                0x000000000001349a                list_tail
                0x00000000000134d0                list_add
                0x0000000000013519                list_push
                0x0000000000013545                list_chop
                0x00000000000135af                list_pop
                0x00000000000135d7                list_remove
                0x000000000001363e                list_length
                0x000000000001366c                list_insert
                0x00000000000136a0                list_item_next
 .text          0x00000000000136b7      0x155 obj_cooja/mtype300.a(ringbuf.o)
                0x00000000000136b7                ringbuf_init
                0x00000000000136e8                ringbuf_put
                0x0000000000013766                ringbuf_get
                0x00000000000137d3                ringbuf_size
                0x00000000000137e5                ringbuf_elements
 .text          0x000000000001380c     0x258b obj_cooja/mtype300.a(sicslowpan.o)
                0x0000000000013d96                rime_sniffer_add
                0x0000000000013da3                rime_sniffer_remove
                0x0000000000015d36                sicslowpan_init
                0x0000000000015d8d                sicslowpan_get_last_rssi
 .text          0x0000000000015d97      0x298 obj_cooja/mtype300.a(uip-ds6-nbr.o)
                0x0000000000015db4                uip_ds6_neighbors_init
                0x0000000000015dd1                uip_ds6_nbr_add
                0x0000000000015e59                uip_ds6_nbr_rm
                0x0000000000015e9b                uip_ds6_nbr_get_ipaddr
                0x0000000000015eb0                uip_ds6_nbr_get_ll
                0x0000000000015ecc                uip_ds6_nbr_num
                0x0000000000015f11                uip_ds6_nbr_lookup
                0x0000000000015f76                uip_ds6_nbr_ll_lookup
                0x0000000000015f92                uip_ds6_nbr_ipaddr_from_lladdr
                0x0000000000015fb8                uip_ds6_nbr_lladdr_from_ipaddr
                0x0000000000015fe6                uip_ds6_link_neighbor_callback
 .text          0x000000000001602f      0x916 obj_cooja/mtype300.a(uip-ds6-route.o)
                0x00000000000160a6                uip_ds6_notification_add
                0x00000000000160d7                uip_ds6_notification_rm
                0x00000000000160f3                uip_ds6_route_init
                0x000000000001617b                uip_ds6_route_nexthop
                0x00000000000161a3                uip_ds6_route_head
                0x00000000000161b8                uip_ds6_route_next
                0x00000000000161de                uip_ds6_route_is_nexthop
                0x000000000001621d                uip_ds6_route_num_routes
                0x0000000000016227                uip_ds6_route_lookup
                0x00000000000162e9                uip_ds6_route_add
                0x000000000001651d                uip_ds6_route_rm
                0x00000000000166b1                uip_ds6_route_rm_by_nexthop
                0x00000000000166e9                uip_ds6_defrt_add
                0x000000000001679a                uip_ds6_defrt_rm
                0x0000000000016819                uip_ds6_defrt_lookup
                0x0000000000016872                uip_ds6_defrt_choose
                0x00000000000168dd                uip_ds6_defrt_periodic
 .text          0x0000000000016945      0xb97 obj_cooja/mtype300.a(uip-ds6.o)
                0x0000000000016945                uip_ds6_init
                0x0000000000016b18                uip_ds6_periodic
                0x0000000000016b91                uip_ds6_list_loop
                0x0000000000016c38                uip_ds6_prefix_add
                0x0000000000016cf6                uip_ds6_prefix_rm
                0x0000000000016d08                uip_ds6_prefix_lookup
                0x0000000000016d59                uip_ds6_is_addr_onlink
                0x0000000000016dcd                uip_ds6_addr_add
                0x0000000000016efb                uip_ds6_addr_rm
                0x0000000000016f9b                uip_ds6_addr_lookup
                0x0000000000016fe6                uip_ds6_get_link_local
                0x0000000000017065                uip_ds6_get_global
                0x00000000000170e4                uip_ds6_maddr_add
                0x0000000000017156                uip_ds6_maddr_rm
                0x0000000000017168                uip_ds6_maddr_lookup
                0x00000000000171b3                uip_ds6_aaddr_add
                0x0000000000017225                uip_ds6_aaddr_rm
                0x0000000000017237                uip_ds6_aaddr_lookup
                0x0000000000017282                uip_ds6_select_src
                0x00000000000173c7                uip_ds6_set_addr_iid
                0x00000000000173fe                get_match_length
                0x0000000000017490                uip_ds6_compute_reachable_time
 .text          0x00000000000174dc     0x297d obj_cooja/mtype300.a(uip6.o)
                0x00000000000174dc                uip_add32
                0x0000000000017675                uip_chksum
                0x0000000000017763                uip_icmp6chksum
                0x0000000000017777                uip_tcpchksum
                0x000000000001778b                uip_init
                0x000000000001785b                uip_connect
                0x0000000000017a0a                remove_ext_hdr
                0x0000000000017adf                uip_udp_new
                0x0000000000017c3b                uip_unlisten
                0x0000000000017c9b                uip_listen
                0x0000000000017f5d                uip_process
                0x0000000000019d4d                uip_htons
                0x0000000000019d6f                uip_htonl
                0x0000000000019daf                uip_send
 .text          0x0000000000019e59      0x98e obj_cooja/mtype300.a(tcpip.o)
                0x0000000000019e59                tcpip_output
                0x0000000000019e94                tcpip_set_outputfunc
                0x0000000000019f28                tcp_connect
                0x0000000000019f7d                tcp_unlisten
                0x0000000000019fd8                tcp_listen
                0x000000000001a031                tcp_attach
                0x000000000001a056                udp_attach
                0x000000000001a07b                udp_new
                0x000000000001a0cd                udp_broadcast_new
                0x000000000001a341                tcpip_input
                0x000000000001a375                tcpip_ipv6_output
                0x000000000001a62d                tcpip_poll_udp
                0x000000000001a650                tcpip_poll_tcp
                0x000000000001a673                tcpip_uipcall
 .text          0x000000000001a7e7      0x1c1 obj_cooja/mtype300.a(uip-debug.o)
                0x000000000001a7e7                uip_debug_ipaddr_print
                0x000000000001a949                uip_debug_lladdr_print
 .text          0x000000000001a9a8      0x141 obj_cooja/mtype300.a(uip-packetqueue)
                0x000000000001a9d4                uip_packetqueue_new
                0x000000000001a9e2                uip_packetqueue_alloc
                0x000000000001aa42                uip_packetqueue_free
                0x000000000001aa83                uip_packetqueue_buf
                0x000000000001aaa0                uip_packetqueue_buflen
                0x000000000001aac1                uip_packetqueue_set_buflen
 .text          0x000000000001aae9      0x131 obj_cooja/mtype300.a(uip-udp-packet.)
                0x000000000001aae9                uip_udp_packet_send
                0x000000000001ab49                uip_udp_packet_sendto
 .text          0x000000000001ac1a     0x2579 obj_cooja/mtype300.a(rpl-dag.o)
                0x000000000001ac1a                rpl_print_neighbor_list
                0x000000000001ac81                rpl_print_child_neighbor_list
                0x000000000001ace8                rpl_get_nbr
                0x000000000001ad42                rpl_get_nbr_child
                0x000000000001ad9c                rpl_dag_init
                0x000000000001adce                rpl_get_parent
                0x000000000001adf0                rpl_get_parent_rank
                0x000000000001ae23                rpl_get_parent_link_metric
                0x000000000001ae56                rpl_get_parent_ipaddr
                0x000000000001ae80                rpl_get_child_ipaddr
                0x000000000001b18a                rpl_set_root
                0x000000000001b3c4                rpl_repair_root
                0x000000000001b600                rpl_set_prefix
                0x000000000001b6ff                rpl_set_default_route
                0x000000000001b78b                rpl_alloc_instance
                0x000000000001b813                rpl_alloc_dag
                0x000000000001b8c6                rpl_set_default_instance
                0x000000000001b8d3                rpl_get_default_instance
                0x000000000001b8dd                rpl_free_instance
                0x000000000001b97e                rpl_free_dag
                0x000000000001b9e4                rpl_add_parent
                0x000000000001bacd                rpl_find_parent
                0x000000000001bafd                rpl_add_child
                0x000000000001bba1                rpl_find_child
                0x000000000001bbef                rpl_find_parent_any_dag
                0x000000000001bc2b                rpl_select_dag
                0x000000000001c05b                rpl_select_parent
                0x000000000001c0bd                rpl_remove_parent
                0x000000000001c0f3                rpl_remove_child
                0x000000000001c10f                rpl_nullify_parent
                0x000000000001c1ad                rpl_move_parent
                0x000000000001c24a                rpl_has_downward_route
                0x000000000001c29d                rpl_get_any_dag
                0x000000000001c2ff                rpl_get_instance
                0x000000000001c362                rpl_find_of
                0x000000000001c39f                rpl_join_instance
                0x000000000001c628                rpl_add_dag
                0x000000000001ca17                rpl_local_repair
                0x000000000001caf0                rpl_recalculate_ranks
                0x000000000001cb76                rpl_process_parent_event
                0x000000000001cc28                rpl_process_dio
 .text          0x000000000001d193      0xbf3 obj_cooja/mtype300.a(rpl-ext-header.)
                0x000000000001d1b0                rpl_verify_header
                0x000000000001d62a                rpl_update_header_empty
                0x000000000001d941                rpl_update_header_final
                0x000000000001dad0                rpl_remove_header
                0x000000000001dbda                rpl_invert_header
                0x000000000001dd64                rpl_insert_header
 .text          0x000000000001dd86     0x1f39 obj_cooja/mtype300.a(rpl-icmp6.o)
                0x000000000001dfe5                rpl_icmp6_update_nbr_table
                0x000000000001e0d5                dis_output
                0x000000000001e981                dio_output
                0x000000000001f8b7                dao_output
                0x000000000001f97f                dao_output_target
                0x000000000001fc73                dao_ack_output
                0x000000000001fc87                rpl_icmp6_register_handlers
 .text          0x000000000001fcbf      0x330 obj_cooja/mtype300.a(rpl-ltmax.o)
 .text          0x000000000001ffef      0x5ac obj_cooja/mtype300.a(rpl-timers.o)
                0x0000000000020244                rpl_reset_periodic_timer
                0x0000000000020299                rpl_reset_dio_timer
                0x00000000000204d3                rpl_schedule_dao
                0x00000000000204ee                rpl_schedule_dao_immediately
                0x0000000000020509                rpl_cancel_dao
                0x000000000002056b                rpl_schedule_unicast_dio_immediately
 .text          0x000000000002059b      0x5c5 obj_cooja/mtype300.a(rpl.o)
                0x000000000002059b                rpl_get_mode
                0x00000000000205a5                rpl_set_mode
                0x0000000000020633                rpl_purge_routes
                0x000000000002072d                rpl_remove_routes
                0x0000000000020773                rpl_remove_routes_by_nexthop
                0x00000000000207df                rpl_add_route
                0x000000000002085a                rpl_link_neighbor_callback
                0x000000000002095f                rpl_ipv6_neighbor_callback
                0x00000000000209ce                rpl_purge_dags
                0x0000000000020ada                rpl_init
 .text          0x0000000000020b60      0x8c6 obj_cooja/mtype300.a(csma.o)
 .text          0x0000000000021426      0x3f5 obj_cooja/mtype300.a(framer-802154.o)
 .text          0x000000000002181b       0x3c obj_cooja/mtype300.a(mac.o)
                0x000000000002181b                mac_call_sent_callback
 .text          0x0000000000021857     0x115b obj_cooja/mtype300.a(cxmac.o)
                0x0000000000022913                cxmac_set_announcement_radio_txpower
                0x0000000000022918                cxmac_init
 .text          0x00000000000229b2       0x67 obj_cooja/mtype300.a(linkaddr.o)
                0x00000000000229b2                linkaddr_copy
                0x00000000000229d4                linkaddr_cmp
                0x00000000000229fe                linkaddr_set_node_addr
 .text          0x0000000000022a19      0x769 obj_cooja/mtype300.a(nbr-table.o)
                0x0000000000022e78                nbr_table_register
                0x0000000000022ec0                nbr_table_head
                0x0000000000022f1c                nbr_table_next
                0x0000000000022f83                nbr_table_add_lladdr
                0x000000000002305f                nbr_table_get_from_lladdr
                0x00000000000230ac                nbr_table_remove
                0x00000000000230fe                nbr_table_lock
                0x0000000000023128                nbr_table_unlock
                0x0000000000023152                nbr_table_get_lladdr
 .text          0x0000000000023182       0x2b obj_cooja/mtype300.a(netstack.o)
                0x0000000000023182                netstack_init
 .text          0x00000000000231ad      0x3cd obj_cooja/mtype300.a(packetbuf.o)
                0x00000000000231ad                packetbuf_clear
                0x00000000000231d7                packetbuf_copyfrom
                0x0000000000023229                packetbuf_compact
                0x00000000000232a6                packetbuf_copyto
                0x000000000002333d                packetbuf_hdralloc
                0x00000000000233ba                packetbuf_hdrreduce
                0x0000000000023402                packetbuf_set_datalen
                0x000000000002341b                packetbuf_dataptr
                0x0000000000023438                packetbuf_hdrptr
                0x0000000000023442                packetbuf_datalen
                0x000000000002344e                packetbuf_hdrlen
                0x0000000000023465                packetbuf_totlen
                0x000000000002347b                packetbuf_attr_clear
                0x00000000000234cd                packetbuf_attr_copyto
                0x0000000000023516                packetbuf_attr_copyfrom
                0x000000000002355e                packetbuf_holds_broadcast
 .text          0x000000000002357a      0x2b4 obj_cooja/mtype300.a(queuebuf.o)
                0x0000000000023584                queuebuf_init
                0x00000000000235a4                queuebuf_numfree
                0x00000000000235b8                queuebuf_new_from_packetbuf
                0x0000000000023648                queuebuf_update_attr_from_packetbuf
                0x000000000002367b                queuebuf_update_from_packetbuf
                0x00000000000236c5                queuebuf_free
                0x000000000002370c                queuebuf_to_packetbuf
                0x0000000000023772                queuebuf_dataptr
                0x00000000000237a9                queuebuf_datalen
                0x00000000000237cc                queuebuf_addr
                0x00000000000237fe                queuebuf_attr
                0x0000000000023829                queuebuf_debug_print
 .text          0x000000000002382e       0x6e obj_cooja/mtype300.a(nullsec.o)
 .text          0x000000000002389c       0x19 obj_cooja/mtype300.a(watchdog.o)
                0x000000000002389c                watchdog_init
                0x00000000000238a1                watchdog_start
                0x00000000000238a6                watchdog_periodic
                0x00000000000238ab                watchdog_stop
                0x00000000000238b0                watchdog_reboot
 .text          0x00000000000238b5        0x0 obj_cooja/mtype300.a(rimestats.o)
 .text          0x00000000000238b5      0x134 obj_cooja/mtype300.a(leds.o)
                0x0000000000023906                leds_init
                0x000000000002391a                leds_blink
                0x0000000000023952                leds_get
                0x000000000002395f                leds_set
                0x0000000000023979                leds_on
                0x000000000002399c                leds_off
                0x00000000000239c6                leds_toggle
 .text          0x00000000000239e9      0x1c1 obj_cooja/mtype300.a(memb.o)
                0x00000000000239e9                memb_init
                0x0000000000023a47                memb_alloc
                0x0000000000023aac                memb_free
                0x0000000000023b27                memb_inmemb
                0x0000000000023b66                memb_numfree
 .text          0x0000000000023baa      0xabf obj_cooja/mtype300.a(uip-icmp6.o)
                0x0000000000023c18                uip_icmp6_input
                0x0000000000023c6e                uip_icmp6_register_input_handler
                0x0000000000023f36                uip_icmp6_error_output
                0x000000000002427b                uip_icmp6_send
                0x00000000000245fc                uip_icmp6_echo_reply_callback_add
                0x000000000002462d                uip_icmp6_echo_reply_callback_rm
                0x0000000000024649                uip_icmp6_init
 .text          0x0000000000024669      0x358 obj_cooja/mtype300.a(uip-nd6.o)
                0x00000000000246bd                uip_nd6_ns_output
                0x00000000000249bc                uip_nd6_init
 .text          0x00000000000249c1      0x331 obj_cooja/mtype300.a(rpl-nbr-policy.)
                0x0000000000024b99                find_removable_dis
                0x0000000000024bbc                find_removable_dio
                0x0000000000024c4b                find_removable_dao
                0x0000000000024c9b                rpl_nbr_policy_find_removable
 .text          0x0000000000024cf2      0x97c obj_cooja/mtype300.a(frame802154.o)
                0x0000000000024d23                frame802154_get_pan_id
                0x0000000000024d2f                frame802154_set_pan_id
                0x0000000000024d48                frame802154_has_panid
                0x0000000000024e34                frame802154_check_dest_panid
                0x0000000000024e9c                frame802154_is_broadcast_addr
                0x0000000000024ee9                frame802154_extract_linkaddr
                0x0000000000025129                frame802154_hdrlen
                0x000000000002517a                frame802154_create
                0x0000000000025365                frame802154_parse
 .text          0x000000000002566e        0x0 /usr/lib/gcc/i686-linux-gnu/4.8/crtendS.o
 .text          0x000000000002566e        0x0 /usr/lib/gcc/i686-linux-gnu/4.8/../../../i386-linux-gnu/crtn.o
 *(.gnu.warning)

.fini           0x0000000000025670       0x14
 *(SORT(.fini))
 .fini          0x0000000000025670        0xf /usr/lib/gcc/i686-linux-gnu/4.8/../../../i386-linux-gnu/crti.o
                0x0000000000025670                _fini
 .fini          0x000000000002567f        0x5 /usr/lib/gcc/i686-linux-gnu/4.8/../../../i386-linux-gnu/crtn.o
                0x0000000000025684                PROVIDE (__etext, .)
                0x0000000000025684                PROVIDE (_etext, .)
                0x0000000000025684                PROVIDE (etext, .)

.rodata         0x00000000000256a0      0xe00
 *(.rodata .rodata.* .gnu.linkonce.r.*)
 .rodata        0x00000000000256a0      0x456 udp-client.co
                0x00000000000256b4                autostart_processes
 *fill*         0x0000000000025af6        0x2 
 .rodata        0x0000000000025af8      0x157 obj_cooja/mtype300.o
 *fill*         0x0000000000025c4f        0x1 
 .rodata        0x0000000000025c50        0x8 obj_cooja/mtype300.a(beep.o)
                0x0000000000025c50                beep_interface
 .rodata        0x0000000000025c58       0x20 obj_cooja/mtype300.a(button-sensor.o)
                0x0000000000025c58                button_interface
                0x0000000000025c68                button_sensor
 .rodata        0x0000000000025c78        0x8 obj_cooja/mtype300.a(leds-arch.o)
                0x0000000000025c78                leds_interface
 .rodata        0x0000000000025c80        0x8 obj_cooja/mtype300.a(moteid.o)
                0x0000000000025c80                moteid_interface
 .rodata        0x0000000000025c88       0x1c obj_cooja/mtype300.a(pir-sensor.o)
                0x0000000000025c88                pir_interface
                0x0000000000025c94                pir_sensor
 .rodata        0x0000000000025ca4        0xe obj_cooja/mtype300.a(rs232.o)
                0x0000000000025ca4                rs232_interface
 *fill*         0x0000000000025cb2        0x2 
 .rodata        0x0000000000025cb4       0x24 obj_cooja/mtype300.a(vib-sensor.o)
                0x0000000000025cb4                vib_interface
                0x0000000000025cc8                vib_sensor
 .rodata        0x0000000000025cd8        0x8 obj_cooja/mtype300.a(clock.o)
                0x0000000000025cd8                clock_interface
 .rodata        0x0000000000025ce0        0x8 obj_cooja/mtype300.a(log.o)
                0x0000000000025ce0                simlog_interface
 .rodata        0x0000000000025ce8       0x2f obj_cooja/mtype300.a(cfs-cooja.o)
                0x0000000000025ce8                cfs_interface
 *fill*         0x0000000000025d17        0x9 
 .rodata        0x0000000000025d20       0x60 obj_cooja/mtype300.a(cooja-radio.o)
                0x0000000000025d40                cooja_radio_driver
                0x0000000000025d78                radio_interface
 .rodata        0x0000000000025d80        0x8 obj_cooja/mtype300.a(eeprom.o)
                0x0000000000025d80                eeprom_interface
 .rodata        0x0000000000025d88        0x8 obj_cooja/mtype300.a(sensors.o)
 .rodata        0x0000000000025d90        0xf obj_cooja/mtype300.a(ctimer.o)
 .rodata        0x0000000000025d9f        0xc obj_cooja/mtype300.a(etimer.o)
 *fill*         0x0000000000025dab        0x1 
 .rodata        0x0000000000025dac      0x16d obj_cooja/mtype300.a(log_message.o)
 *fill*         0x0000000000025f19        0x3 
 .rodata        0x0000000000025f1c       0x20 obj_cooja/mtype300.a(residual.o)
                0x0000000000025f1c                DISSIPATION_RATE
 .rodata        0x0000000000025f3c        0xe obj_cooja/mtype300.a(serial-line.o)
 *fill*         0x0000000000025f4a        0x2 
 .rodata        0x0000000000025f4c       0x2c obj_cooja/mtype300.a(sicslowpan.o)
                0x0000000000025f4c                unc_llconf
                0x0000000000025f50                unc_ctxconf
                0x0000000000025f54                unc_mxconf
                0x0000000000025f58                llprefix
                0x0000000000025f6c                sicslowpan_driver
 .rodata        0x0000000000025f78      0x13c obj_cooja/mtype300.a(uip6.o)
 .rodata        0x00000000000260b4        0xd obj_cooja/mtype300.a(tcpip.o)
 .rodata        0x00000000000260c1       0x3e obj_cooja/mtype300.a(uip-debug.o)
 *fill*         0x00000000000260ff        0x1 
 .rodata        0x0000000000026100        0x7 obj_cooja/mtype300.a(rpl-dag.o)
 *fill*         0x0000000000026107        0x1 
 .rodata        0x0000000000026108       0x38 obj_cooja/mtype300.a(csma.o)
                0x0000000000026124                csma_driver
 .rodata        0x0000000000026140        0xc obj_cooja/mtype300.a(framer-802154.o)
                0x0000000000026140                framer_802154
 *fill*         0x000000000002614c       0x14 
 .rodata        0x0000000000026160      0x320 obj_cooja/mtype300.a(cxmac.o)
                0x0000000000026460                cxmac_driver
 .rodata        0x0000000000026480        0x8 obj_cooja/mtype300.a(linkaddr.o)
                0x0000000000026480                linkaddr_null
 .rodata        0x0000000000026488       0x18 obj_cooja/mtype300.a(nullsec.o)
                0x0000000000026490                nullsec_driver

.rodata1
 *(.rodata1)

.eh_frame_hdr   0x00000000000264a0     0x1344
 *(.eh_frame_hdr)
 .eh_frame_hdr  0x00000000000264a0     0x1344 udp-client.co

.eh_frame       0x00000000000277e4     0x4e84
 *(.eh_frame)
 .eh_frame      0x00000000000277e4       0x3c /usr/lib/gcc/i686-linux-gnu/4.8/../../../i386-linux-gnu/crti.o
                                         0x40 (size before relaxing)
 .eh_frame      0x0000000000027820       0xd8 udp-client.co
                                         0xf0 (size before relaxing)
 .eh_frame      0x00000000000278f8      0x148 obj_cooja/mtype300.o
                                        0x160 (size before relaxing)
 .eh_frame      0x0000000000027a40       0x40 obj_cooja/mtype300.a(simEnvChange.o)
                                         0x58 (size before relaxing)
 .eh_frame      0x0000000000027a80       0xc0 obj_cooja/mtype300.a(cooja_mt.o)
                                         0xd8 (size before relaxing)
 .eh_frame      0x0000000000027b40      0x120 obj_cooja/mtype300.a(cooja_mtarch.o)
                                        0x138 (size before relaxing)
 .eh_frame      0x0000000000027c60       0xc0 obj_cooja/mtype300.a(rtimer-arch.o)
                                         0xd8 (size before relaxing)
 .eh_frame      0x0000000000027d20      0x160 obj_cooja/mtype300.a(beep.o)
                                        0x178 (size before relaxing)
 .eh_frame      0x0000000000027e80       0xa0 obj_cooja/mtype300.a(button-sensor.o)
                                         0xb8 (size before relaxing)
 .eh_frame      0x0000000000027f20       0xa0 obj_cooja/mtype300.a(leds-arch.o)
                                         0xb8 (size before relaxing)
 .eh_frame      0x0000000000027fc0       0x40 obj_cooja/mtype300.a(moteid.o)
                                         0x58 (size before relaxing)
 .eh_frame      0x0000000000028000       0xa0 obj_cooja/mtype300.a(pir-sensor.o)
                                         0xb8 (size before relaxing)
 .eh_frame      0x00000000000280a0      0x100 obj_cooja/mtype300.a(rs232.o)
                                        0x118 (size before relaxing)
 .eh_frame      0x00000000000281a0       0xa0 obj_cooja/mtype300.a(vib-sensor.o)
                                         0xb8 (size before relaxing)
 .eh_frame      0x0000000000028240       0xc0 obj_cooja/mtype300.a(clock.o)
                                         0xd8 (size before relaxing)
 .eh_frame      0x0000000000028300      0x120 obj_cooja/mtype300.a(log.o)
                                        0x138 (size before relaxing)
 .eh_frame      0x0000000000028420      0x160 obj_cooja/mtype300.a(cfs-cooja.o)
                                        0x178 (size before relaxing)
 .eh_frame      0x0000000000028580      0x2e0 obj_cooja/mtype300.a(cooja-radio.o)
                                        0x2f8 (size before relaxing)
 .eh_frame      0x0000000000028860       0xa0 obj_cooja/mtype300.a(eeprom.o)
                                         0xb8 (size before relaxing)
 .eh_frame      0x0000000000028900       0x40 obj_cooja/mtype300.a(random.o)
                                         0x58 (size before relaxing)
 .eh_frame      0x0000000000028940       0xc0 obj_cooja/mtype300.a(sensors.o)
                                         0xd8 (size before relaxing)
 .eh_frame      0x0000000000028a00       0x40 obj_cooja/mtype300.a(autostart.o)
                                         0x58 (size before relaxing)
 .eh_frame      0x0000000000028a40      0x100 obj_cooja/mtype300.a(ctimer.o)
                                        0x118 (size before relaxing)
 .eh_frame      0x0000000000028b40      0x1e0 obj_cooja/mtype300.a(etimer.o)
                                        0x1f8 (size before relaxing)
 .eh_frame      0x0000000000028d20       0x70 obj_cooja/mtype300.a(log_message.o)
                                         0x88 (size before relaxing)
 .eh_frame      0x0000000000028d90      0x1c8 obj_cooja/mtype300.a(process.o)
                                        0x1e0 (size before relaxing)
 .eh_frame      0x0000000000028f58       0x2c obj_cooja/mtype300.a(residual.o)
                                         0x44 (size before relaxing)
 .eh_frame      0x0000000000028f84       0x60 obj_cooja/mtype300.a(rtimer.o)
                                         0x78 (size before relaxing)
 .eh_frame      0x0000000000028fe4       0xc4 obj_cooja/mtype300.a(stimer.o)
                                         0xdc (size before relaxing)
 .eh_frame      0x00000000000290a8       0xa4 obj_cooja/mtype300.a(timer.o)
                                         0xbc (size before relaxing)
 .eh_frame      0x000000000002914c       0x60 obj_cooja/mtype300.a(serial-line.o)
                                         0x78 (size before relaxing)
 .eh_frame      0x00000000000291ac      0x180 obj_cooja/mtype300.a(list.o)
                                        0x198 (size before relaxing)
 .eh_frame      0x000000000002932c       0xa0 obj_cooja/mtype300.a(ringbuf.o)
                                         0xb8 (size before relaxing)
 .eh_frame      0x00000000000293cc      0x350 obj_cooja/mtype300.a(sicslowpan.o)
                                        0x368 (size before relaxing)
 .eh_frame      0x000000000002971c      0x180 obj_cooja/mtype300.a(uip-ds6-nbr.o)
                                        0x198 (size before relaxing)
 .eh_frame      0x000000000002989c      0x2a0 obj_cooja/mtype300.a(uip-ds6-route.o)
                                        0x2b8 (size before relaxing)
 .eh_frame      0x0000000000029b3c      0x2c8 obj_cooja/mtype300.a(uip-ds6.o)
                                        0x2e0 (size before relaxing)
 .eh_frame      0x0000000000029e04      0x25c obj_cooja/mtype300.a(uip6.o)
                                        0x274 (size before relaxing)
 .eh_frame      0x000000000002a060      0x270 obj_cooja/mtype300.a(tcpip.o)
                                        0x288 (size before relaxing)
 .eh_frame      0x000000000002a2d0       0x48 obj_cooja/mtype300.a(uip-debug.o)
                                         0x60 (size before relaxing)
 .eh_frame      0x000000000002a318       0xe0 obj_cooja/mtype300.a(uip-packetqueue)
                                         0xf8 (size before relaxing)
 .eh_frame      0x000000000002a3f8       0x40 obj_cooja/mtype300.a(uip-udp-packet.)
                                         0x58 (size before relaxing)
 .eh_frame      0x000000000002a438      0x74c obj_cooja/mtype300.a(rpl-dag.o)
                                        0x764 (size before relaxing)
 .eh_frame      0x000000000002ab84      0x10c obj_cooja/mtype300.a(rpl-ext-header.)
                                        0x124 (size before relaxing)
 .eh_frame      0x000000000002ac90      0x278 obj_cooja/mtype300.a(rpl-icmp6.o)
                                        0x290 (size before relaxing)
 .eh_frame      0x000000000002af08       0xe0 obj_cooja/mtype300.a(rpl-ltmax.o)
                                         0xf8 (size before relaxing)
 .eh_frame      0x000000000002afe8      0x1ac obj_cooja/mtype300.a(rpl-timers.o)
                                        0x1c4 (size before relaxing)
 .eh_frame      0x000000000002b194      0x148 obj_cooja/mtype300.a(rpl.o)
                                        0x160 (size before relaxing)
 .eh_frame      0x000000000002b2dc      0x28c obj_cooja/mtype300.a(csma.o)
                                        0x2a4 (size before relaxing)
 .eh_frame      0x000000000002b568      0x108 obj_cooja/mtype300.a(framer-802154.o)
                                        0x120 (size before relaxing)
 .eh_frame      0x000000000002b670       0x20 obj_cooja/mtype300.a(mac.o)
                                         0x38 (size before relaxing)
 .eh_frame      0x000000000002b690      0x280 obj_cooja/mtype300.a(cxmac.o)
                                        0x298 (size before relaxing)
 .eh_frame      0x000000000002b910       0x60 obj_cooja/mtype300.a(linkaddr.o)
                                         0x78 (size before relaxing)
 .eh_frame      0x000000000002b970      0x26c obj_cooja/mtype300.a(nbr-table.o)
                                        0x284 (size before relaxing)
 .eh_frame      0x000000000002bbdc       0x20 obj_cooja/mtype300.a(netstack.o)
                                         0x38 (size before relaxing)
 .eh_frame      0x000000000002bbfc      0x214 obj_cooja/mtype300.a(packetbuf.o)
                                        0x22c (size before relaxing)
 .eh_frame      0x000000000002be10      0x1a0 obj_cooja/mtype300.a(queuebuf.o)
                                        0x1b8 (size before relaxing)
 .eh_frame      0x000000000002bfb0       0x80 obj_cooja/mtype300.a(nullsec.o)
                                         0x98 (size before relaxing)
 .eh_frame      0x000000000002c030       0xa0 obj_cooja/mtype300.a(watchdog.o)
                                         0xb8 (size before relaxing)
 .eh_frame      0x000000000002c0d0      0x100 obj_cooja/mtype300.a(leds.o)
                                        0x118 (size before relaxing)
 .eh_frame      0x000000000002c1d0       0xa0 obj_cooja/mtype300.a(memb.o)
                                         0xb8 (size before relaxing)
 .eh_frame      0x000000000002c270      0x168 obj_cooja/mtype300.a(uip-icmp6.o)
                                        0x180 (size before relaxing)
 .eh_frame      0x000000000002c3d8       0x68 obj_cooja/mtype300.a(uip-nd6.o)
                                         0x80 (size before relaxing)
 .eh_frame      0x000000000002c440       0xc0 obj_cooja/mtype300.a(rpl-nbr-policy.)
                                         0xd8 (size before relaxing)
 .eh_frame      0x000000000002c500      0x164 obj_cooja/mtype300.a(frame802154.o)
                                        0x17c (size before relaxing)
 .eh_frame      0x000000000002c664        0x4 /usr/lib/gcc/i686-linux-gnu/4.8/crtendS.o

.gcc_except_table
 *(.gcc_except_table .gcc_except_table.*)

.exception_ranges
 *(.exception_ranges .exception_ranges*)
                0x000000000002c668                . = (ALIGN (0x1000) - ((0x1000 - .) & 0xfff))
                0x000000000002def8                . = DATA_SEGMENT_ALIGN (0x1000, 0x1000)

.eh_frame
 *(.eh_frame)

.gcc_except_table
 *(.gcc_except_table .gcc_except_table.*)

.exception_ranges
 *(.exception_ranges .exception_ranges*)

.tdata
 *(.tdata .tdata.* .gnu.linkonce.td.*)

.tbss
 *(.tbss .tbss.* .gnu.linkonce.tb.*)
 *(.tcommon)

.preinit_array
 *(.preinit_array)

.init_array     0x000000000002def8        0x4
 *(SORT(.init_array.*) SORT(.ctors.*))
 *(.init_array EXCLUDE_FILE(*crtend?.o *crtend.o *crtbegin?.o *crtbegin.o) .ctors)
 .init_array    0x000000000002def8        0x4 /usr/lib/gcc/i686-linux-gnu/4.8/crtbeginS.o

.fini_array     0x000000000002defc        0x4
 *(SORT(.fini_array.*) SORT(.dtors.*))
 *(.fini_array EXCLUDE_FILE(*crtend?.o *crtend.o *crtbegin?.o *crtbegin.o) .dtors)
 .fini_array    0x000000000002defc        0x4 /usr/lib/gcc/i686-linux-gnu/4.8/crtbeginS.o

.ctors
 *crtbegin.o(.ctors)
 *crtbegin?.o(.ctors)
 *(EXCLUDE_FILE(*crtend?.o *crtend.o) .ctors)
 *(SORT(.ctors.*))
 *(.ctors)

.dtors
 *crtbegin.o(.dtors)
 *crtbegin?.o(.dtors)
 *(EXCLUDE_FILE(*crtend?.o *crtend.o) .dtors)
 *(SORT(.dtors.*))
 *(.dtors)

.jcr            0x000000000002df00        0x4
 *(.jcr)
 .jcr           0x000000000002df00        0x0 /usr/lib/gcc/i686-linux-gnu/4.8/crtbeginS.o
 .jcr           0x000000000002df00        0x4 /usr/lib/gcc/i686-linux-gnu/4.8/crtendS.o

.data.rel.ro
 *(.data.rel.ro.local* .gnu.linkonce.d.rel.ro.local.*)
 *(.data.rel.ro .data.rel.ro.* .gnu.linkonce.d.rel.ro.*)

.dynamic        0x000000000002df04       0xe8
 *(.dynamic)
 .dynamic       0x000000000002df04       0xe8 /usr/lib/gcc/i686-linux-gnu/4.8/../../../i386-linux-gnu/crti.o
                0x000000000002df04                _DYNAMIC

.got            0x000000000002dfec       0x14
 *(.got)
 .got           0x000000000002dfec       0x14 /usr/lib/gcc/i686-linux-gnu/4.8/../../../i386-linux-gnu/crti.o
 *(.igot)
                0x000000000002eff4                . = DATA_SEGMENT_RELRO_END (., (SIZEOF (.got.plt) >= 0xc)?0xc:0x0)

.got.plt        0x000000000002e000       0x14
 *(.got.plt)
 .got.plt       0x000000000002e000       0x14 /usr/lib/gcc/i686-linux-gnu/4.8/../../../i386-linux-gnu/crti.o
                0x000000000002e000                _GLOBAL_OFFSET_TABLE_
 *(.igot.plt)

.data           0x000000000002e020      0x27a
 *(.data .data.* .gnu.linkonce.d.*)
 .data          0x000000000002e020        0x0 /usr/lib/gcc/i686-linux-gnu/4.8/../../../i386-linux-gnu/crti.o
 .data          0x000000000002e020        0x0 /usr/lib/gcc/i686-linux-gnu/4.8/crtbeginS.o
 .data.rel      0x000000000002e020        0x4 /usr/lib/gcc/i686-linux-gnu/4.8/crtbeginS.o
                0x000000000002e020                __dso_handle
 .data          0x000000000002e024       0x15 udp-client.co
                0x000000000002e028                udp_client_process
 *fill*         0x000000000002e039        0x7 
 .data          0x000000000002e040       0x44 obj_cooja/mtype300.o
                0x000000000002e040                simInterfaces
                0x000000000002e074                sensors
 .data          0x000000000002e084        0x0 obj_cooja/mtype300.a(simEnvChange.o)
 .data          0x000000000002e084        0x0 obj_cooja/mtype300.a(cooja_mt.o)
 .data          0x000000000002e084        0x0 obj_cooja/mtype300.a(cooja_mtarch.o)
 .data          0x000000000002e084        0x0 obj_cooja/mtype300.a(rtimer-arch.o)
 .data          0x000000000002e084        0x0 obj_cooja/mtype300.a(beep.o)
 .data          0x000000000002e084        0x0 obj_cooja/mtype300.a(button-sensor.o)
 .data          0x000000000002e084        0x0 obj_cooja/mtype300.a(leds-arch.o)
 .data          0x000000000002e084        0x0 obj_cooja/mtype300.a(moteid.o)
 .data          0x000000000002e084        0x0 obj_cooja/mtype300.a(pir-sensor.o)
 .data          0x000000000002e084        0x0 obj_cooja/mtype300.a(rs232.o)
 .data          0x000000000002e084        0x0 obj_cooja/mtype300.a(vib-sensor.o)
 .data          0x000000000002e084        0x0 obj_cooja/mtype300.a(clock.o)
 .data          0x000000000002e084        0x0 obj_cooja/mtype300.a(log.o)
 .data          0x000000000002e084        0x0 obj_cooja/mtype300.a(cfs-cooja.o)
 .data          0x000000000002e084       0x40 obj_cooja/mtype300.a(cooja-radio.o)
                0x000000000002e084                simRadioChannelLR
                0x000000000002e088                simRadioHWOnLR
                0x000000000002e08c                simSignalStrengthLR
                0x000000000002e090                simLastSignalStrengthLR
                0x000000000002e094                simPowerLR
                0x000000000002e098                simLQILR
                0x000000000002e09c                simRadioChannel
                0x000000000002e0a0                simRadioHWOn
                0x000000000002e0a4                simSignalStrength
                0x000000000002e0a8                simLastSignalStrength
                0x000000000002e0ac                simPower
                0x000000000002e0b0                simLQI
                0x000000000002e0b4                cooja_radio_process
 .data          0x000000000002e0c4        0x0 obj_cooja/mtype300.a(eeprom.o)
 .data          0x000000000002e0c4        0x0 obj_cooja/mtype300.a(random.o)
 .data          0x000000000002e0c4       0x10 obj_cooja/mtype300.a(sensors.o)
                0x000000000002e0c4                sensors_process
 .data          0x000000000002e0d4        0x0 obj_cooja/mtype300.a(autostart.o)
 .data          0x000000000002e0d4       0x14 obj_cooja/mtype300.a(ctimer.o)
                0x000000000002e0d8                ctimer_process
 .data          0x000000000002e0e8       0x10 obj_cooja/mtype300.a(etimer.o)
                0x000000000002e0e8                etimer_process
 .data          0x000000000002e0f8        0x0 obj_cooja/mtype300.a(log_message.o)
 .data          0x000000000002e0f8        0x0 obj_cooja/mtype300.a(process.o)
 .data          0x000000000002e0f8        0x0 obj_cooja/mtype300.a(residual.o)
 .data          0x000000000002e0f8        0x0 obj_cooja/mtype300.a(rtimer.o)
 .data          0x000000000002e0f8        0x0 obj_cooja/mtype300.a(stimer.o)
 .data          0x000000000002e0f8        0x0 obj_cooja/mtype300.a(timer.o)
 .data          0x000000000002e0f8       0x10 obj_cooja/mtype300.a(serial-line.o)
                0x000000000002e0f8                serial_line_process
 .data          0x000000000002e108        0x0 obj_cooja/mtype300.a(list.o)
 .data          0x000000000002e108        0x0 obj_cooja/mtype300.a(ringbuf.o)
 .data          0x000000000002e108        0x0 obj_cooja/mtype300.a(sicslowpan.o)
 .data          0x000000000002e108       0x14 obj_cooja/mtype300.a(uip-ds6-nbr.o)
                0x000000000002e118                ds6_neighbors
 .data          0x000000000002e11c       0x44 obj_cooja/mtype300.a(uip-ds6-route.o)
                0x000000000002e12c                nbr_routes
 .data          0x000000000002e160        0x0 obj_cooja/mtype300.a(uip-ds6.o)
 .data          0x000000000002e160        0x0 obj_cooja/mtype300.a(uip6.o)
 .data          0x000000000002e160       0x10 obj_cooja/mtype300.a(tcpip.o)
                0x000000000002e160                tcpip_process
 .data          0x000000000002e170        0x0 obj_cooja/mtype300.a(uip-debug.o)
 .data          0x000000000002e170        0xc obj_cooja/mtype300.a(uip-packetqueue)
 .data          0x000000000002e17c        0x0 obj_cooja/mtype300.a(uip-udp-packet.)
 .data          0x000000000002e17c       0x28 obj_cooja/mtype300.a(rpl-dag.o)
                0x000000000002e18c                rpl_parents
                0x000000000002e1a0                rpl_children
 .data          0x000000000002e1a4        0x0 obj_cooja/mtype300.a(rpl-ext-header.)
 .data          0x000000000002e1a4       0x34 obj_cooja/mtype300.a(rpl-icmp6.o)
 .data          0x000000000002e1d8       0x1c obj_cooja/mtype300.a(rpl-ltmax.o)
                0x000000000002e1d8                rpl_ltmax_of
 .data          0x000000000002e1f4        0x0 obj_cooja/mtype300.a(rpl-timers.o)
 .data          0x000000000002e1f4        0x0 obj_cooja/mtype300.a(rpl.o)
 .data          0x000000000002e1f4       0x28 obj_cooja/mtype300.a(csma.o)
 .data          0x000000000002e21c        0x0 obj_cooja/mtype300.a(framer-802154.o)
 .data          0x000000000002e21c        0x0 obj_cooja/mtype300.a(mac.o)
 .data          0x000000000002e21c       0x30 obj_cooja/mtype300.a(cxmac.o)
                0x000000000002e21c                cxmac_config
                0x000000000002e22c                strobe_wait
 .data          0x000000000002e24c        0x0 obj_cooja/mtype300.a(linkaddr.o)
 .data          0x000000000002e24c       0x10 obj_cooja/mtype300.a(nbr-table.o)
 .data          0x000000000002e25c        0x0 obj_cooja/mtype300.a(netstack.o)
 .data          0x000000000002e25c        0x4 obj_cooja/mtype300.a(packetbuf.o)
 .data          0x000000000002e260       0x18 obj_cooja/mtype300.a(queuebuf.o)
 .data          0x000000000002e278        0x0 obj_cooja/mtype300.a(nullsec.o)
 .data          0x000000000002e278        0x0 obj_cooja/mtype300.a(watchdog.o)
 .data          0x000000000002e278        0x0 obj_cooja/mtype300.a(rimestats.o)
 .data          0x000000000002e278        0x0 obj_cooja/mtype300.a(leds.o)
 .data          0x000000000002e278        0x0 obj_cooja/mtype300.a(memb.o)
 .data          0x000000000002e278       0x20 obj_cooja/mtype300.a(uip-icmp6.o)
 .data          0x000000000002e298        0x0 obj_cooja/mtype300.a(uip-nd6.o)
 .data          0x000000000002e298        0x0 obj_cooja/mtype300.a(rpl-nbr-policy.)
 .data          0x000000000002e298        0x2 obj_cooja/mtype300.a(frame802154.o)
 .data          0x000000000002e29a        0x0 /usr/lib/gcc/i686-linux-gnu/4.8/crtendS.o
 .data          0x000000000002e29a        0x0 /usr/lib/gcc/i686-linux-gnu/4.8/../../../i386-linux-gnu/crtn.o

.tm_clone_table
                0x000000000002e29c        0x0
 .tm_clone_table
                0x000000000002e29c        0x0 /usr/lib/gcc/i686-linux-gnu/4.8/crtbeginS.o
 .tm_clone_table
                0x000000000002e29c        0x0 /usr/lib/gcc/i686-linux-gnu/4.8/crtendS.o

.data1
 *(.data1)
                0x000000000002e29c                _edata = .
                0x000000000002e29c                PROVIDE (edata, .)
                0x000000000002e29c                . = .
                0x000000000002e29c                __bss_start = .

.bss            0x000000000002e2a0     0x8e88
 *(.dynbss)
 .dynbss        0x0000000000000000        0x0 /usr/lib/gcc/i686-linux-gnu/4.8/../../../i386-linux-gnu/crti.o
 *(.bss .bss.* .gnu.linkonce.b.*)
 .bss           0x000000000002e2a0        0x0 /usr/lib/gcc/i686-linux-gnu/4.8/../../../i386-linux-gnu/crti.o
 .bss           0x000000000002e2a0        0x1 /usr/lib/gcc/i686-linux-gnu/4.8/crtbeginS.o
 *fill*         0x000000000002e2a1       0x1f 
 .bss           0x000000000002e2c0       0xa0 udp-client.co
                0x000000000002e2c0                my_weight
 .bss           0x000000000002e360     0x2030 obj_cooja/mtype300.o
 .bss           0x0000000000030390        0x1 obj_cooja/mtype300.a(simEnvChange.o)
                0x0000000000030390                simDontFallAsleep
 *fill*         0x0000000000030391        0x3 
 .bss           0x0000000000030394        0x4 obj_cooja/mtype300.a(cooja_mt.o)
 .bss           0x0000000000030398        0x4 obj_cooja/mtype300.a(cooja_mtarch.o)
 .bss           0x000000000003039c        0xc obj_cooja/mtype300.a(rtimer-arch.o)
 .bss           0x00000000000303a8        0x0 obj_cooja/mtype300.a(beep.o)
 .bss           0x00000000000303a8        0x8 obj_cooja/mtype300.a(button-sensor.o)
 .bss           0x00000000000303b0        0x0 obj_cooja/mtype300.a(leds-arch.o)
 .bss           0x00000000000303b0        0x0 obj_cooja/mtype300.a(moteid.o)
 .bss           0x00000000000303b0        0x1 obj_cooja/mtype300.a(pir-sensor.o)
                0x00000000000303b0                simPirValue
 *fill*         0x00000000000303b1        0x3 
 .bss           0x00000000000303b4        0x4 obj_cooja/mtype300.a(rs232.o)
 .bss           0x00000000000303b8        0x1 obj_cooja/mtype300.a(vib-sensor.o)
                0x00000000000303b8                simVibValue
 .bss           0x00000000000303b9        0x0 obj_cooja/mtype300.a(clock.o)
 *fill*         0x00000000000303b9        0x7 
 .bss           0x00000000000303c0      0x420 obj_cooja/mtype300.a(log.o)
 .bss           0x00000000000307e0      0xfc0 obj_cooja/mtype300.a(cfs-cooja.o)
                0x00000000000307e0                simCFSData
                0x0000000000031780                simCFSSize
                0x0000000000031784                simCFSChanged
                0x0000000000031788                simCFSRead
                0x000000000003178c                simCFSWritten
 .bss           0x00000000000317a0       0x24 obj_cooja/mtype300.a(cooja-radio.o)
                0x00000000000317a0                simReceivingLR
                0x00000000000317a4                simInSizeLR
                0x00000000000317a8                simOutSizeLR
                0x00000000000317ac                simReceiving
                0x00000000000317b0                simInSize
                0x00000000000317b4                simOutSize
                0x00000000000317b8                LongRangeTransmit
                0x00000000000317bc                LongRangeReceiving
 .bss           0x00000000000317c4        0xc obj_cooja/mtype300.a(eeprom.o)
                0x00000000000317c4                simEEPROMChanged
                0x00000000000317c8                simEEPROMRead
                0x00000000000317cc                simEEPROMWritten
 .bss           0x00000000000317d0        0x0 obj_cooja/mtype300.a(random.o)
 .bss           0x00000000000317d0        0xc obj_cooja/mtype300.a(sensors.o)
 .bss           0x00000000000317dc        0x0 obj_cooja/mtype300.a(autostart.o)
 .bss           0x00000000000317dc        0x5 obj_cooja/mtype300.a(ctimer.o)
 *fill*         0x00000000000317e1        0x3 
 .bss           0x00000000000317e4        0x8 obj_cooja/mtype300.a(etimer.o)
 .bss           0x00000000000317ec        0x0 obj_cooja/mtype300.a(log_message.o)
 *fill*         0x00000000000317ec       0x14 
 .bss           0x0000000000031800      0x1b1 obj_cooja/mtype300.a(process.o)
                0x0000000000031800                process_list
                0x0000000000031804                process_current
 .bss           0x00000000000319b1        0x0 obj_cooja/mtype300.a(residual.o)
 *fill*         0x00000000000319b1        0x3 
 .bss           0x00000000000319b4        0x4 obj_cooja/mtype300.a(rtimer.o)
 .bss           0x00000000000319b8        0x0 obj_cooja/mtype300.a(stimer.o)
 .bss           0x00000000000319b8        0x0 obj_cooja/mtype300.a(timer.o)
 *fill*         0x00000000000319b8        0x8 
 .bss           0x00000000000319c0      0x140 obj_cooja/mtype300.a(serial-line.o)
 .bss           0x0000000000031b00        0x0 obj_cooja/mtype300.a(list.o)
 .bss           0x0000000000031b00        0x0 obj_cooja/mtype300.a(ringbuf.o)
 .bss           0x0000000000031b00      0x70c obj_cooja/mtype300.a(sicslowpan.o)
 *fill*         0x000000000003220c       0x14 
 .bss           0x0000000000032220      0x4b0 obj_cooja/mtype300.a(uip-ds6-nbr.o)
 *fill*         0x00000000000326d0       0x10 
 .bss           0x00000000000326e0      0x608 obj_cooja/mtype300.a(uip-ds6-route.o)
 .bss           0x0000000000032ce8       0x20 obj_cooja/mtype300.a(uip-ds6.o)
 .bss           0x0000000000032d08        0xe obj_cooja/mtype300.a(uip6.o)
                0x0000000000032d08                uip_ext_bitmap
                0x0000000000032d09                uip_ext_len
                0x0000000000032d0a                uip_ext_opt_offset
 *fill*         0x0000000000032d16        0xa 
 .bss           0x0000000000032d20       0x68 obj_cooja/mtype300.a(tcpip.o)
 .bss           0x0000000000032d88        0x0 obj_cooja/mtype300.a(uip-debug.o)
 *fill*         0x0000000000032d88       0x18 
 .bss           0x0000000000032da0      0xcf8 obj_cooja/mtype300.a(uip-packetqueue)
 .bss           0x0000000000033a98        0x0 obj_cooja/mtype300.a(uip-udp-packet.)
 *fill*         0x0000000000033a98        0x8 
 .bss           0x0000000000033aa0      0x352 obj_cooja/mtype300.a(rpl-dag.o)
 .bss           0x0000000000033df2        0x0 obj_cooja/mtype300.a(rpl-ext-header.)
 .bss           0x0000000000033df2        0x0 obj_cooja/mtype300.a(rpl-icmp6.o)
 .bss           0x0000000000033df2        0x0 obj_cooja/mtype300.a(rpl-ltmax.o)
 *fill*         0x0000000000033df2        0xe 
 .bss           0x0000000000033e00       0x23 obj_cooja/mtype300.a(rpl-timers.o)
 *fill*         0x0000000000033e23        0x1 
 .bss           0x0000000000033e24        0x4 obj_cooja/mtype300.a(rpl.o)
 *fill*         0x0000000000033e28       0x18 
 .bss           0x0000000000033e40      0x248 obj_cooja/mtype300.a(csma.o)
 .bss           0x0000000000034088        0x2 obj_cooja/mtype300.a(framer-802154.o)
 .bss           0x000000000003408a        0x0 obj_cooja/mtype300.a(mac.o)
 *fill*         0x000000000003408a       0x16 
 .bss           0x00000000000340a0       0xb0 obj_cooja/mtype300.a(cxmac.o)
 .bss           0x0000000000034150        0x0 obj_cooja/mtype300.a(linkaddr.o)
 *fill*         0x0000000000034150       0x10 
 .bss           0x0000000000034160      0x35c obj_cooja/mtype300.a(nbr-table.o)
 .bss           0x00000000000344bc        0x0 obj_cooja/mtype300.a(netstack.o)
 *fill*         0x00000000000344bc        0x4 
 .bss           0x00000000000344c0       0xa0 obj_cooja/mtype300.a(packetbuf.o)
 .bss           0x0000000000034560      0xb80 obj_cooja/mtype300.a(queuebuf.o)
 .bss           0x00000000000350e0        0x0 obj_cooja/mtype300.a(nullsec.o)
 .bss           0x00000000000350e0        0x0 obj_cooja/mtype300.a(watchdog.o)
 .bss           0x00000000000350e0        0x0 obj_cooja/mtype300.a(rimestats.o)
 .bss           0x00000000000350e0        0x1 obj_cooja/mtype300.a(leds.o)
 .bss           0x00000000000350e1        0x0 obj_cooja/mtype300.a(memb.o)
 *fill*         0x00000000000350e1        0x3 
 .bss           0x00000000000350e4       0x18 obj_cooja/mtype300.a(uip-icmp6.o)
 .bss           0x00000000000350fc        0x0 obj_cooja/mtype300.a(uip-nd6.o)
 *fill*         0x00000000000350fc        0x4 
 .bss           0x0000000000035100       0x44 obj_cooja/mtype300.a(rpl-nbr-policy.)
 .bss           0x0000000000035144        0x0 obj_cooja/mtype300.a(frame802154.o)
 .bss           0x0000000000035144        0x0 /usr/lib/gcc/i686-linux-gnu/4.8/crtendS.o
 .bss           0x0000000000035144        0x0 /usr/lib/gcc/i686-linux-gnu/4.8/../../../i386-linux-gnu/crtn.o
 *(COMMON)
 COMMON         0x0000000000035144       0x70 udp-client.co
                0x0000000000035144                dio_count
                0x0000000000035148                dis_count
                0x000000000003514c                csma_drop_count
                0x0000000000035150                tcp_output_count
                0x0000000000035154                csma_transmission_count
                0x0000000000035158                dao_ack_fwd_count
                0x000000000003515c                COOJA_radioRxLong
                0x0000000000035160                cxmac_collision_count
                0x0000000000035164                led_end
                0x0000000000035168                cxmac_retransmission_count
                0x000000000003516c                control_message_count
                0x0000000000035170                dao_count
                0x0000000000035174                icmp_count
                0x0000000000035178                COOJA_radioTx
                0x000000000003517c                cxmac_transmission_count
                0x0000000000035180                dao_ack_count
                0x0000000000035184                data_message_count
                0x0000000000035188                dead
                0x0000000000035189                my_sink_reachability
                0x000000000003518a                join_instance
                0x000000000003518c                COOJA_radioTxLong
                0x0000000000035190                COOJA_radioRx
                0x0000000000035194                my_parent_number
                0x0000000000035198                COOJA_radioOn
                0x000000000003519c                LSA_count
                0x00000000000351a0                dao_fwd_count
                0x00000000000351a4                COOJA_duration
                0x00000000000351a8                dio_ack_count
                0x00000000000351ac                COOJA_radioOnLong
                0x00000000000351b0                data_fwd_count
 COMMON         0x00000000000351b4        0xc obj_cooja/mtype300.o
                0x00000000000351b4                referenceVar
                0x00000000000351b8                debugfp
                0x00000000000351bc                sensors_flags
 COMMON         0x00000000000351c0        0xc obj_cooja/mtype300.a(simEnvChange.o)
                0x00000000000351c0                simEtimerPending
                0x00000000000351c4                simProcessRunValue
                0x00000000000351c8                simNextExpirationTime
 COMMON         0x00000000000351cc        0x1 obj_cooja/mtype300.a(beep.o)
                0x00000000000351cc                simBeeped
 COMMON         0x00000000000351cd        0x3 obj_cooja/mtype300.a(button-sensor.o)
                0x00000000000351cd                simButtonIsActive
                0x00000000000351ce                simButtonIsDown
                0x00000000000351cf                simButtonChanged
 COMMON         0x00000000000351d0        0x1 obj_cooja/mtype300.a(leds-arch.o)
                0x00000000000351d0                simLedsValue
 *fill*         0x00000000000351d1        0x3 
 COMMON         0x00000000000351d4        0xc obj_cooja/mtype300.a(moteid.o)
                0x00000000000351d4                simRandomSeed
                0x00000000000351d8                simMoteIDChanged
                0x00000000000351dc                simMoteID
 COMMON         0x00000000000351e0        0x2 obj_cooja/mtype300.a(pir-sensor.o)
                0x00000000000351e0                simPirIsActive
                0x00000000000351e1                simPirChanged
 *fill*         0x00000000000351e2       0x1e 
 COMMON         0x0000000000035200      0x820 obj_cooja/mtype300.a(rs232.o)
                0x0000000000035200                simSerialReceivingFlag
                0x0000000000035204                simSerialReceivingLength
                0x0000000000035220                simSerialReceivingData
 COMMON         0x0000000000035a20        0x2 obj_cooja/mtype300.a(vib-sensor.o)
                0x0000000000035a20                simVibChanged
                0x0000000000035a21                simVibIsActive
 *fill*         0x0000000000035a22        0x2 
 COMMON         0x0000000000035a24        0x4 obj_cooja/mtype300.a(clock.o)
                0x0000000000035a24                simCurrentTime
 *fill*         0x0000000000035a28       0x18 
 COMMON         0x0000000000035a40      0x420 obj_cooja/mtype300.a(log.o)
                0x0000000000035a40                simLoggedLength
                0x0000000000035a44                simLoggedFlag
                0x0000000000035a60                simLoggedData
 COMMON         0x0000000000035e60      0x200 obj_cooja/mtype300.a(cooja-radio.o)
                0x0000000000035e60                simOutDataBuffer
                0x0000000000035ee0                simInDataBufferLR
                0x0000000000035f60                simOutDataBufferLR
                0x0000000000035fe0                simInDataBuffer
 COMMON         0x0000000000036060      0x400 obj_cooja/mtype300.a(eeprom.o)
                0x0000000000036060                simEEPROMData
 COMMON         0x0000000000036460        0x1 obj_cooja/mtype300.a(sensors.o)
                0x0000000000036460                sensors_event
 *fill*         0x0000000000036461        0x3 
 COMMON         0x0000000000036464        0x4 obj_cooja/mtype300.a(log_message.o)
                0x0000000000036464                log_fp
 COMMON         0x0000000000036468        0x1 obj_cooja/mtype300.a(serial-line.o)
                0x0000000000036468                serial_line_event_message
 *fill*         0x0000000000036469       0x17 
 COMMON         0x0000000000036480      0x181 obj_cooja/mtype300.a(uip-ds6.o)
                0x0000000000036480                uip_ds6_prefix_list
                0x00000000000364e0                uip_ds6_timer_periodic
                0x00000000000364f0                uip_ds6_netif_addr_list_offset
                0x0000000000036500                uip_ds6_if
                0x00000000000365f8                uip_ds6_timer_ra
                0x0000000000036600                uip_ds6_addr_size
 *fill*         0x0000000000036601       0x1f 
 COMMON         0x0000000000036620      0x8ec obj_cooja/mtype300.a(uip6.o)
                0x0000000000036620                uip_slen
                0x0000000000036622                uip_acc32
                0x0000000000036640                uip_conns
                0x0000000000036700                uip_lladdr
                0x0000000000036708                uip_appdata
                0x000000000003670c                uip_flags
                0x0000000000036720                uip_aligned_buf
                0x0000000000036d60                uip_listenports
                0x0000000000036d70                uip_len
                0x0000000000036d74                uip_sappdata
                0x0000000000036d80                uip_udp_conns
                0x0000000000036f00                uip_udp_conn
                0x0000000000036f04                uip_next_hdr
                0x0000000000036f08                uip_conn
 COMMON         0x0000000000036f0c        0x1 obj_cooja/mtype300.a(tcpip.o)
                0x0000000000036f0c                tcpip_event
 *fill*         0x0000000000036f0d       0x13 
 COMMON         0x0000000000036f20      0x178 obj_cooja/mtype300.a(rpl-dag.o)
                0x0000000000036f20                default_instance
                0x0000000000036f40                instance_table
 COMMON         0x0000000000037098        0x8 obj_cooja/mtype300.a(linkaddr.o)
                0x0000000000037098                linkaddr_node_addr
 COMMON         0x00000000000370a0       0x2e obj_cooja/mtype300.a(packetbuf.o)
                0x00000000000370a0                packetbuf_attrs
                0x00000000000370be                packetbuf_addrs
 *fill*         0x00000000000370ce       0x12 
 COMMON         0x00000000000370e0       0x48 obj_cooja/mtype300.a(rimestats.o)
                0x00000000000370e0                rimestats
                0x0000000000037128                . = ALIGN ((. != 0x0)?0x4:0x1)
                0x0000000000037128                . = ALIGN (0x4)
                0x0000000000037128                . = SEGMENT_START ("ldata-segment", .)
                0x0000000000037128                . = ALIGN (0x4)
                0x0000000000037128                _end = .
                0x0000000000037128                PROVIDE (end, .)
                0x0000000000037128                . = DATA_SEGMENT_END (.)

.stab
 *(.stab)

.stabstr
 *(.stabstr)

.stab.excl
 *(.stab.excl)

.stab.exclstr
 *(.stab.exclstr)

.stab.index
 *(.stab.index)

.stab.indexstr
 *(.stab.indexstr)

.comment        0x0000000000000000       0x29
 *(.comment)
 .comment       0x0000000000000000       0x29 /usr/lib/gcc/i686-linux-gnu/4.8/crtbeginS.o
                                         0x2a (size before relaxing)
 .comment       0x0000000000000000       0x2a udp-client.co
 .comment       0x0000000000000000       0x2a obj_cooja/mtype300.o
 .comment       0x0000000000000000       0x2a obj_cooja/mtype300.a(simEnvChange.o)
 .comment       0x0000000000000000       0x2a obj_cooja/mtype300.a(cooja_mt.o)
 .comment       0x0000000000000000       0x2a obj_cooja/mtype300.a(cooja_mtarch.o)
 .comment       0x0000000000000000       0x2a obj_cooja/mtype300.a(rtimer-arch.o)
 .comment       0x0000000000000000       0x2a obj_cooja/mtype300.a(beep.o)
 .comment       0x0000000000000000       0x2a obj_cooja/mtype300.a(button-sensor.o)
 .comment       0x0000000000000000       0x2a obj_cooja/mtype300.a(leds-arch.o)
 .comment       0x0000000000000000       0x2a obj_cooja/mtype300.a(moteid.o)
 .comment       0x0000000000000000       0x2a obj_cooja/mtype300.a(pir-sensor.o)
 .comment       0x0000000000000000       0x2a obj_cooja/mtype300.a(rs232.o)
 .comment       0x0000000000000000       0x2a obj_cooja/mtype300.a(vib-sensor.o)
 .comment       0x0000000000000000       0x2a obj_cooja/mtype300.a(clock.o)
 .comment       0x0000000000000000       0x2a obj_cooja/mtype300.a(log.o)
 .comment       0x0000000000000000       0x2a obj_cooja/mtype300.a(cfs-cooja.o)
 .comment       0x0000000000000000       0x2a obj_cooja/mtype300.a(cooja-radio.o)
 .comment       0x0000000000000000       0x2a obj_cooja/mtype300.a(eeprom.o)
 .comment       0x0000000000000000       0x2a obj_cooja/mtype300.a(random.o)
 .comment       0x0000000000000000       0x2a obj_cooja/mtype300.a(sensors.o)
 .comment       0x0000000000000000       0x2a obj_cooja/mtype300.a(autostart.o)
 .comment       0x0000000000000000       0x2a obj_cooja/mtype300.a(ctimer.o)
 .comment       0x0000000000000000       0x2a obj_cooja/mtype300.a(etimer.o)
 .comment       0x0000000000000000       0x2a obj_cooja/mtype300.a(log_message.o)
 .comment       0x0000000000000000       0x2a obj_cooja/mtype300.a(process.o)
 .comment       0x0000000000000000       0x2a obj_cooja/mtype300.a(residual.o)
 .comment       0x0000000000000000       0x2a obj_cooja/mtype300.a(rtimer.o)
 .comment       0x0000000000000000       0x2a obj_cooja/mtype300.a(stimer.o)
 .comment       0x0000000000000000       0x2a obj_cooja/mtype300.a(timer.o)
 .comment       0x0000000000000000       0x2a obj_cooja/mtype300.a(serial-line.o)
 .comment       0x0000000000000000       0x2a obj_cooja/mtype300.a(list.o)
 .comment       0x0000000000000000       0x2a obj_cooja/mtype300.a(ringbuf.o)
 .comment       0x0000000000000000       0x2a obj_cooja/mtype300.a(sicslowpan.o)
 .comment       0x0000000000000000       0x2a obj_cooja/mtype300.a(uip-ds6-nbr.o)
 .comment       0x0000000000000000       0x2a obj_cooja/mtype300.a(uip-ds6-route.o)
 .comment       0x0000000000000000       0x2a obj_cooja/mtype300.a(uip-ds6.o)
 .comment       0x0000000000000000       0x2a obj_cooja/mtype300.a(uip6.o)
 .comment       0x0000000000000000       0x2a obj_cooja/mtype300.a(tcpip.o)
 .comment       0x0000000000000000       0x2a obj_cooja/mtype300.a(uip-debug.o)
 .comment       0x0000000000000000       0x2a obj_cooja/mtype300.a(uip-packetqueue)
 .comment       0x0000000000000000       0x2a obj_cooja/mtype300.a(uip-udp-packet.)
 .comment       0x0000000000000000       0x2a obj_cooja/mtype300.a(rpl-dag.o)
 .comment       0x0000000000000000       0x2a obj_cooja/mtype300.a(rpl-ext-header.)
 .comment       0x0000000000000000       0x2a obj_cooja/mtype300.a(rpl-icmp6.o)
 .comment       0x0000000000000000       0x2a obj_cooja/mtype300.a(rpl-ltmax.o)
 .comment       0x0000000000000000       0x2a obj_cooja/mtype300.a(rpl-timers.o)
 .comment       0x0000000000000000       0x2a obj_cooja/mtype300.a(rpl.o)
 .comment       0x0000000000000000       0x2a obj_cooja/mtype300.a(csma.o)
 .comment       0x0000000000000000       0x2a obj_cooja/mtype300.a(framer-802154.o)
 .comment       0x0000000000000000       0x2a obj_cooja/mtype300.a(mac.o)
 .comment       0x0000000000000000       0x2a obj_cooja/mtype300.a(cxmac.o)
 .comment       0x0000000000000000       0x2a obj_cooja/mtype300.a(linkaddr.o)
 .comment       0x0000000000000000       0x2a obj_cooja/mtype300.a(nbr-table.o)
 .comment       0x0000000000000000       0x2a obj_cooja/mtype300.a(netstack.o)
 .comment       0x0000000000000000       0x2a obj_cooja/mtype300.a(packetbuf.o)
 .comment       0x0000000000000000       0x2a obj_cooja/mtype300.a(queuebuf.o)
 .comment       0x0000000000000000       0x2a obj_cooja/mtype300.a(nullsec.o)
 .comment       0x0000000000000000       0x2a obj_cooja/mtype300.a(watchdog.o)
 .comment       0x0000000000000000       0x2a obj_cooja/mtype300.a(rimestats.o)
 .comment       0x0000000000000000       0x2a obj_cooja/mtype300.a(leds.o)
 .comment       0x0000000000000000       0x2a obj_cooja/mtype300.a(memb.o)
 .comment       0x0000000000000000       0x2a obj_cooja/mtype300.a(uip-icmp6.o)
 .comment       0x0000000000000000       0x2a obj_cooja/mtype300.a(uip-nd6.o)
 .comment       0x0000000000000000       0x2a obj_cooja/mtype300.a(rpl-nbr-policy.)
 .comment       0x0000000000000000       0x2a obj_cooja/mtype300.a(frame802154.o)
 .comment       0x0000000000000000       0x2a /usr/lib/gcc/i686-linux-gnu/4.8/crtendS.o

.debug
 *(.debug)

.line
 *(.line)

.debug_srcinfo
 *(.debug_srcinfo)

.debug_sfnames
 *(.debug_sfnames)

.debug_aranges  0x0000000000000000      0x818
 *(.debug_aranges)
 .debug_aranges
                0x0000000000000000       0x20 udp-client.co
 .debug_aranges
                0x0000000000000020       0x20 obj_cooja/mtype300.o
 .debug_aranges
                0x0000000000000040       0x20 obj_cooja/mtype300.a(simEnvChange.o)
 .debug_aranges
                0x0000000000000060       0x20 obj_cooja/mtype300.a(cooja_mt.o)
 .debug_aranges
                0x0000000000000080       0x20 obj_cooja/mtype300.a(cooja_mtarch.o)
 .debug_aranges
                0x00000000000000a0       0x20 obj_cooja/mtype300.a(rtimer-arch.o)
 .debug_aranges
                0x00000000000000c0       0x20 obj_cooja/mtype300.a(beep.o)
 .debug_aranges
                0x00000000000000e0       0x20 obj_cooja/mtype300.a(button-sensor.o)
 .debug_aranges
                0x0000000000000100       0x20 obj_cooja/mtype300.a(leds-arch.o)
 .debug_aranges
                0x0000000000000120       0x20 obj_cooja/mtype300.a(moteid.o)
 .debug_aranges
                0x0000000000000140       0x20 obj_cooja/mtype300.a(pir-sensor.o)
 .debug_aranges
                0x0000000000000160       0x20 obj_cooja/mtype300.a(rs232.o)
 .debug_aranges
                0x0000000000000180       0x20 obj_cooja/mtype300.a(vib-sensor.o)
 .debug_aranges
                0x00000000000001a0       0x20 obj_cooja/mtype300.a(clock.o)
 .debug_aranges
                0x00000000000001c0       0x20 obj_cooja/mtype300.a(log.o)
 .debug_aranges
                0x00000000000001e0       0x20 obj_cooja/mtype300.a(cfs-cooja.o)
 .debug_aranges
                0x0000000000000200       0x20 obj_cooja/mtype300.a(cooja-radio.o)
 .debug_aranges
                0x0000000000000220       0x20 obj_cooja/mtype300.a(eeprom.o)
 .debug_aranges
                0x0000000000000240       0x20 obj_cooja/mtype300.a(random.o)
 .debug_aranges
                0x0000000000000260       0x20 obj_cooja/mtype300.a(sensors.o)
 .debug_aranges
                0x0000000000000280       0x20 obj_cooja/mtype300.a(autostart.o)
 .debug_aranges
                0x00000000000002a0       0x20 obj_cooja/mtype300.a(ctimer.o)
 .debug_aranges
                0x00000000000002c0       0x20 obj_cooja/mtype300.a(etimer.o)
 .debug_aranges
                0x00000000000002e0       0x20 obj_cooja/mtype300.a(log_message.o)
 .debug_aranges
                0x0000000000000300       0x20 obj_cooja/mtype300.a(process.o)
 .debug_aranges
                0x0000000000000320       0x20 obj_cooja/mtype300.a(residual.o)
 .debug_aranges
                0x0000000000000340       0x20 obj_cooja/mtype300.a(rtimer.o)
 .debug_aranges
                0x0000000000000360       0x20 obj_cooja/mtype300.a(stimer.o)
 .debug_aranges
                0x0000000000000380       0x20 obj_cooja/mtype300.a(timer.o)
 .debug_aranges
                0x00000000000003a0       0x20 obj_cooja/mtype300.a(serial-line.o)
 .debug_aranges
                0x00000000000003c0       0x20 obj_cooja/mtype300.a(list.o)
 .debug_aranges
                0x00000000000003e0       0x20 obj_cooja/mtype300.a(ringbuf.o)
 .debug_aranges
                0x0000000000000400       0x20 obj_cooja/mtype300.a(sicslowpan.o)
 .debug_aranges
                0x0000000000000420       0x20 obj_cooja/mtype300.a(uip-ds6-nbr.o)
 .debug_aranges
                0x0000000000000440       0x20 obj_cooja/mtype300.a(uip-ds6-route.o)
 .debug_aranges
                0x0000000000000460       0x20 obj_cooja/mtype300.a(uip-ds6.o)
 .debug_aranges
                0x0000000000000480       0x20 obj_cooja/mtype300.a(uip6.o)
 .debug_aranges
                0x00000000000004a0       0x20 obj_cooja/mtype300.a(tcpip.o)
 .debug_aranges
                0x00000000000004c0       0x20 obj_cooja/mtype300.a(uip-debug.o)
 .debug_aranges
                0x00000000000004e0       0x20 obj_cooja/mtype300.a(uip-packetqueue)
 .debug_aranges
                0x0000000000000500       0x20 obj_cooja/mtype300.a(uip-udp-packet.)
 .debug_aranges
                0x0000000000000520       0x20 obj_cooja/mtype300.a(rpl-dag.o)
 .debug_aranges
                0x0000000000000540       0x20 obj_cooja/mtype300.a(rpl-ext-header.)
 .debug_aranges
                0x0000000000000560       0x20 obj_cooja/mtype300.a(rpl-icmp6.o)
 .debug_aranges
                0x0000000000000580       0x20 obj_cooja/mtype300.a(rpl-ltmax.o)
 .debug_aranges
                0x00000000000005a0       0x20 obj_cooja/mtype300.a(rpl-timers.o)
 .debug_aranges
                0x00000000000005c0       0x20 obj_cooja/mtype300.a(rpl.o)
 .debug_aranges
                0x00000000000005e0       0x20 obj_cooja/mtype300.a(csma.o)
 .debug_aranges
                0x0000000000000600       0x20 obj_cooja/mtype300.a(framer-802154.o)
 .debug_aranges
                0x0000000000000620       0x20 obj_cooja/mtype300.a(mac.o)
 .debug_aranges
                0x0000000000000640       0x20 obj_cooja/mtype300.a(cxmac.o)
 .debug_aranges
                0x0000000000000660       0x20 obj_cooja/mtype300.a(linkaddr.o)
 .debug_aranges
                0x0000000000000680       0x20 obj_cooja/mtype300.a(nbr-table.o)
 .debug_aranges
                0x00000000000006a0       0x20 obj_cooja/mtype300.a(netstack.o)
 .debug_aranges
                0x00000000000006c0       0x20 obj_cooja/mtype300.a(packetbuf.o)
 .debug_aranges
                0x00000000000006e0       0x20 obj_cooja/mtype300.a(queuebuf.o)
 .debug_aranges
                0x0000000000000700       0x20 obj_cooja/mtype300.a(nullsec.o)
 .debug_aranges
                0x0000000000000720       0x20 obj_cooja/mtype300.a(watchdog.o)
 .debug_aranges
                0x0000000000000740       0x18 obj_cooja/mtype300.a(rimestats.o)
 .debug_aranges
                0x0000000000000758       0x20 obj_cooja/mtype300.a(leds.o)
 .debug_aranges
                0x0000000000000778       0x20 obj_cooja/mtype300.a(memb.o)
 .debug_aranges
                0x0000000000000798       0x20 obj_cooja/mtype300.a(uip-icmp6.o)
 .debug_aranges
                0x00000000000007b8       0x20 obj_cooja/mtype300.a(uip-nd6.o)
 .debug_aranges
                0x00000000000007d8       0x20 obj_cooja/mtype300.a(rpl-nbr-policy.)
 .debug_aranges
                0x00000000000007f8       0x20 obj_cooja/mtype300.a(frame802154.o)

.debug_pubnames
 *(.debug_pubnames)

.debug_info     0x0000000000000000    0x1dfab
 *(.debug_info .gnu.linkonce.wi.*)
 .debug_info    0x0000000000000000     0x1580 udp-client.co
 .debug_info    0x0000000000001580     0x3b29 obj_cooja/mtype300.o
 .debug_info    0x00000000000050a9      0x15a obj_cooja/mtype300.a(simEnvChange.o)
 .debug_info    0x0000000000005203      0x1e2 obj_cooja/mtype300.a(cooja_mt.o)
 .debug_info    0x00000000000053e5      0x2e7 obj_cooja/mtype300.a(cooja_mtarch.o)
 .debug_info    0x00000000000056cc      0x16b obj_cooja/mtype300.a(rtimer-arch.o)
 .debug_info    0x0000000000005837      0x1f3 obj_cooja/mtype300.a(beep.o)
 .debug_info    0x0000000000005a2a      0x257 obj_cooja/mtype300.a(button-sensor.o)
 .debug_info    0x0000000000005c81      0x14e obj_cooja/mtype300.a(leds-arch.o)
 .debug_info    0x0000000000005dcf      0x10a obj_cooja/mtype300.a(moteid.o)
 .debug_info    0x0000000000005ed9      0x216 obj_cooja/mtype300.a(pir-sensor.o)
 .debug_info    0x00000000000060ef      0x21e obj_cooja/mtype300.a(rs232.o)
 .debug_info    0x000000000000630d      0x216 obj_cooja/mtype300.a(vib-sensor.o)
 .debug_info    0x0000000000006523      0x152 obj_cooja/mtype300.a(clock.o)
 .debug_info    0x0000000000006675      0x2bb obj_cooja/mtype300.a(log.o)
 .debug_info    0x0000000000006930      0x3cf obj_cooja/mtype300.a(cfs-cooja.o)
 .debug_info    0x0000000000006cff      0xee7 obj_cooja/mtype300.a(cooja-radio.o)
 .debug_info    0x0000000000007be6      0x1d5 obj_cooja/mtype300.a(eeprom.o)
 .debug_info    0x0000000000007dbb       0xb3 obj_cooja/mtype300.a(random.o)
 .debug_info    0x0000000000007e6e      0x36d obj_cooja/mtype300.a(sensors.o)
 .debug_info    0x00000000000081db      0x1a5 obj_cooja/mtype300.a(autostart.o)
 .debug_info    0x0000000000008380      0x46c obj_cooja/mtype300.a(ctimer.o)
 .debug_info    0x00000000000087ec      0x49c obj_cooja/mtype300.a(etimer.o)
 .debug_info    0x0000000000008c88      0x58f obj_cooja/mtype300.a(log_message.o)
 .debug_info    0x0000000000009217      0x4ba obj_cooja/mtype300.a(process.o)
 .debug_info    0x00000000000096d1      0x29d obj_cooja/mtype300.a(residual.o)
 .debug_info    0x000000000000996e      0x1ab obj_cooja/mtype300.a(rtimer.o)
 .debug_info    0x0000000000009b19      0x179 obj_cooja/mtype300.a(stimer.o)
 .debug_info    0x0000000000009c92      0x16c obj_cooja/mtype300.a(timer.o)
 .debug_info    0x0000000000009dfe      0x2de obj_cooja/mtype300.a(serial-line.o)
 .debug_info    0x000000000000a0dc      0x2ed obj_cooja/mtype300.a(list.o)
 .debug_info    0x000000000000a3c9      0x1aa obj_cooja/mtype300.a(ringbuf.o)
 .debug_info    0x000000000000a573     0x105e obj_cooja/mtype300.a(sicslowpan.o)
 .debug_info    0x000000000000b5d1      0x853 obj_cooja/mtype300.a(uip-ds6-nbr.o)
 .debug_info    0x000000000000be24      0xd30 obj_cooja/mtype300.a(uip-ds6-route.o)
 .debug_info    0x000000000000cb54      0xa5b obj_cooja/mtype300.a(uip-ds6.o)
 .debug_info    0x000000000000d5af     0x1091 obj_cooja/mtype300.a(uip6.o)
 .debug_info    0x000000000000e640     0x1653 obj_cooja/mtype300.a(tcpip.o)