Archive member included to satisfy reference by file (symbol)

obj_cooja/mtype815.a(simEnvChange.o)
                              obj_cooja/mtype815.o (simDontFallAsleep)
obj_cooja/mtype815.a(cooja_mt.o)
                              obj_cooja/mtype815.o (cooja_mt_start)
obj_cooja/mtype815.a(cooja_mtarch.o)
                              obj_cooja/mtype815.a(cooja_mt.o) (cooja_mtarch_init)
obj_cooja/mtype815.a(rtimer-arch.o)
                              obj_cooja/mtype815.o (rtimer_arch_next)
obj_cooja/mtype815.a(beep.o)  obj_cooja/mtype815.o (beep_interface)
obj_cooja/mtype815.a(button-sensor.o)
                              obj_cooja/mtype815.o (button_interface)
obj_cooja/mtype815.a(leds-arch.o)
                              obj_cooja/mtype815.o (leds_interface)
obj_cooja/mtype815.a(moteid.o)
                              obj_cooja/mtype815.o (moteid_interface)
obj_cooja/mtype815.a(pir-sensor.o)
                              obj_cooja/mtype815.o (pir_interface)
obj_cooja/mtype815.a(rs232.o)
                              obj_cooja/mtype815.o (rs232_interface)
obj_cooja/mtype815.a(vib-sensor.o)
                              obj_cooja/mtype815.o (vib_interface)
obj_cooja/mtype815.a(clock.o)
                              obj_cooja/mtype815.o (clock_interface)
obj_cooja/mtype815.a(log.o)   obj_cooja/mtype815.o (simlog_interface)
obj_cooja/mtype815.a(cfs-cooja.o)
                              obj_cooja/mtype815.o (cfs_interface)
obj_cooja/mtype815.a(cooja-radio.o)
                              obj_cooja/mtype815.o (radio_interface)
obj_cooja/mtype815.a(eeprom.o)
                              obj_cooja/mtype815.o (eeprom_interface)
obj_cooja/mtype815.a(random.o)
                              obj_cooja/mtype815.a(moteid.o) (random_init)
obj_cooja/mtype815.a(sensors.o)
                              obj_cooja/mtype815.o (sensors_process)
obj_cooja/mtype815.a(autostart.o)
                              obj_cooja/mtype815.o (autostart_start)
obj_cooja/mtype815.a(ctimer.o)
                              obj_cooja/mtype815.o (ctimer_init)
obj_cooja/mtype815.a(etimer.o)
                              obj_cooja/mtype815.o (etimer_process)
obj_cooja/mtype815.a(log_message.o)
                              obj_cooja/mtype815.o (log_initialization)
obj_cooja/mtype815.a(process.o)
                              udp-client.co (process_current)
obj_cooja/mtype815.a(residual.o)
                              udp-client.co (DISSIPATION_RATE)
obj_cooja/mtype815.a(rtimer.o)
                              obj_cooja/mtype815.a(rtimer-arch.o) (rtimer_run_next)
obj_cooja/mtype815.a(stimer.o)
                              udp-client.co (stimer_remaining)
obj_cooja/mtype815.a(timer.o)
                              obj_cooja/mtype815.a(button-sensor.o) (timer_set)
obj_cooja/mtype815.a(serial-line.o)
                              udp-client.co (serial_line_event_message)
obj_cooja/mtype815.a(list.o)  obj_cooja/mtype815.a(ctimer.o) (list_init)
obj_cooja/mtype815.a(ringbuf.o)
                              obj_cooja/mtype815.a(serial-line.o) (ringbuf_init)
obj_cooja/mtype815.a(sicslowpan.o)
                              obj_cooja/mtype815.o (sicslowpan_driver)
obj_cooja/mtype815.a(uip-ds6-nbr.o)
                              obj_cooja/mtype815.a(sicslowpan.o) (uip_ds6_link_neighbor_callback)
obj_cooja/mtype815.a(uip-ds6-route.o)
                              udp-client.co (uip_ds6_route_nexthop)
obj_cooja/mtype815.a(uip-ds6.o)
                              udp-client.co (uip_ds6_if)
obj_cooja/mtype815.a(uip6.o)  udp-client.co (uip_lladdr)
obj_cooja/mtype815.a(tcpip.o)
                              udp-client.co (tcpip_event)
obj_cooja/mtype815.a(uip-debug.o)
                              udp-client.co (uip_debug_ipaddr_print)
obj_cooja/mtype815.a(uip-packetqueue)
                              obj_cooja/mtype815.a(uip-ds6-nbr.o) (uip_packetqueue_new)
obj_cooja/mtype815.a(uip-udp-packet.)
                              udp-client.co (uip_udp_packet_sendto)
obj_cooja/mtype815.a(rpl-dag.o)
                              udp-client.co (rpl_parents)
obj_cooja/mtype815.a(rpl-ext-header.)
                              obj_cooja/mtype815.a(uip6.o) (rpl_verify_header)
obj_cooja/mtype815.a(rpl-icmp6.o)
                              obj_cooja/mtype815.a(rpl-dag.o) (rpl_icmp6_update_nbr_table)
obj_cooja/mtype815.a(rpl-ltmax.o)
                              obj_cooja/mtype815.a(rpl-dag.o) (rpl_ltmax_of)
obj_cooja/mtype815.a(rpl-timers.o)
                              obj_cooja/mtype815.a(rpl-dag.o) (rpl_reset_dio_timer)
obj_cooja/mtype815.a(rpl.o)   obj_cooja/mtype815.a(rpl-icmp6.o) (rpl_get_mode)
obj_cooja/mtype815.a(csma.o)  obj_cooja/mtype815.o (csma_driver)
obj_cooja/mtype815.a(framer-802154.o)
                              obj_cooja/mtype815.a(sicslowpan.o) (framer_802154)
obj_cooja/mtype815.a(mac.o)   obj_cooja/mtype815.a(csma.o) (mac_call_sent_callback)
obj_cooja/mtype815.a(cxmac.o)
                              obj_cooja/mtype815.o (cxmac_driver)
[...]
Memory Configuration

Name             Origin             Length             Attributes
*default*        0x0000000000000000 0xffffffffffffffff

Linker script and memory map

LOAD /usr/lib/gcc/i686-linux-gnu/4.8/../../../i386-linux-gnu/crti.o
LOAD /usr/lib/gcc/i686-linux-gnu/4.8/crtbeginS.o
LOAD udp-client.co
LOAD obj_cooja/mtype815.o
LOAD obj_cooja/mtype815.a
LOAD /usr/lib/gcc/i686-linux-gnu/4.8/libgcc.a
LOAD /usr/lib/gcc/i686-linux-gnu/4.8/libgcc_s.so
LOAD /usr/lib/gcc/i686-linux-gnu/4.8/../../../i386-linux-gnu/libc.so
START GROUP
LOAD /lib/i386-linux-gnu/libc.so.6
LOAD /usr/lib/i386-linux-gnu/libc_nonshared.a
LOAD /lib/i386-linux-gnu/ld-linux.so.2
END GROUP
LOAD /usr/lib/gcc/i686-linux-gnu/4.8/libgcc.a
LOAD /usr/lib/gcc/i686-linux-gnu/4.8/libgcc_s.so
LOAD /usr/lib/gcc/i686-linux-gnu/4.8/crtendS.o
LOAD /usr/lib/gcc/i686-linux-gnu/4.8/../../../i386-linux-gnu/crtn.o
                0x0000000000000114                . = (0x0 + SIZEOF_HEADERS)

.note.gnu.build-id
                0x0000000000000114       0x24
 *(.note.gnu.build-id)
 .note.gnu.build-id
                0x0000000000000114       0x24 /usr/lib/gcc/i686-linux-gnu/4.8/../../../i386-linux-gnu/crti.o

.hash
 *(.hash)

.gnu.hash       0x0000000000000138     0x1310
 *(.gnu.hash)
 .gnu.hash      0x0000000000000138     0x1310 /usr/lib/gcc/i686-linux-gnu/4.8/../../../i386-linux-gnu/crti.o

.dynsym         0x0000000000001448     0x24a0
 *(.dynsym)
 .dynsym        0x0000000000001448     0x24a0 /usr/lib/gcc/i686-linux-gnu/4.8/../../../i386-linux-gnu/crti.o

.dynstr         0x00000000000038e8     0x257b
 *(.dynstr)
 .dynstr        0x00000000000038e8     0x257b /usr/lib/gcc/i686-linux-gnu/4.8/../../../i386-linux-gnu/crti.o

.gnu.version    0x0000000000005e64      0x494
 *(.gnu.version)
 .gnu.version   0x0000000000005e64      0x494 /usr/lib/gcc/i686-linux-gnu/4.8/../../../i386-linux-gnu/crti.o

.gnu.version_d  0x00000000000062f8        0x0
 *(.gnu.version_d)
 .gnu.version_d
                0x0000000000000000        0x0 /usr/lib/gcc/i686-linux-gnu/4.8/../../../i386-linux-gnu/crti.o

.gnu.version_r  0x00000000000062f8       0x50
 *(.gnu.version_r)
 .gnu.version_r
                0x00000000000062f8       0x50 /usr/lib/gcc/i686-linux-gnu/4.8/../../../i386-linux-gnu/crti.o

.rel.dyn        0x0000000000006348     0x8be0
 *(.rel.init)
 .rel.init      0x0000000000000000        0x0 /usr/lib/gcc/i686-linux-gnu/4.8/../../../i386-linux-gnu/crti.o
 *(.rel.text .rel.text.* .rel.gnu.linkonce.t.*)
 .rel.text      0x0000000000006348     0x8428 /usr/lib/gcc/i686-linux-gnu/4.8/../../../i386-linux-gnu/crti.o
 *(.rel.fini)
 .rel.fini      0x0000000000000000        0x0 /usr/lib/gcc/i686-linux-gnu/4.8/../../../i386-linux-gnu/crti.o
 *(.rel.rodata .rel.rodata.* .rel.gnu.linkonce.r.*)
 .rel.rodata    0x000000000000e770      0x4e0 /usr/lib/gcc/i686-linux-gnu/4.8/../../../i386-linux-gnu/crti.o
 *(.rel.data.rel.ro .rel.data.rel.ro.* .rel.gnu.linkonce.d.rel.ro.*)
 *(.rel.data .rel.data.* .rel.gnu.linkonce.d.*)
 .rel.data.rel  0x000000000000ec50        0x8 /usr/lib/gcc/i686-linux-gnu/4.8/../../../i386-linux-gnu/crti.o
 .rel.data      0x000000000000ec58      0x298 /usr/lib/gcc/i686-linux-gnu/4.8/../../../i386-linux-gnu/crti.o
 *(.rel.tdata .rel.tdata.* .rel.gnu.linkonce.td.*)
 *(.rel.tbss .rel.tbss.* .rel.gnu.linkonce.tb.*)
 *(.rel.ctors)
 *(.rel.dtors)
 *(.rel.got)
 .rel.got       0x000000000000eef0       0x28 /usr/lib/gcc/i686-linux-gnu/4.8/../../../i386-linux-gnu/crti.o
 *(.rel.bss .rel.bss.* .rel.gnu.linkonce.b.*)
 *(.rel.ifunc)
 .rel.ifunc     0x0000000000000000        0x0 /usr/lib/gcc/i686-linux-gnu/4.8/../../../i386-linux-gnu/crti.o
 .rel.fini_array
                0x000000000000ef18        0x8 /usr/lib/gcc/i686-linux-gnu/4.8/../../../i386-linux-gnu/crti.o
 .rel.init_array
                0x000000000000ef20        0x8 /usr/lib/gcc/i686-linux-gnu/4.8/../../../i386-linux-gnu/crti.o

.rel.plt        0x000000000000ef28       0x10
 *(.rel.plt)
 .rel.plt       0x000000000000ef28       0x10 /usr/lib/gcc/i686-linux-gnu/4.8/../../../i386-linux-gnu/crti.o
 *(.rel.iplt)

.init           0x000000000000ef38       0x23
 *(SORT(.init))
 .init          0x000000000000ef38       0x1e /usr/lib/gcc/i686-linux-gnu/4.8/../../../i386-linux-gnu/crti.o
                0x000000000000ef38                _init
 .init          0x000000000000ef56        0x5 /usr/lib/gcc/i686-linux-gnu/4.8/../../../i386-linux-gnu/crtn.o

.plt            0x000000000000ef60       0x30
 *(.plt)
 .plt           0x000000000000ef60       0x30 /usr/lib/gcc/i686-linux-gnu/4.8/../../../i386-linux-gnu/crti.o
 *(.iplt)

.text           0x000000000000ef90    0x15828
 *(.text.unlikely .text.*_unlikely .text.unlikely.*)
 *(.text.exit .text.exit.*)
 *(.text.startup .text.startup.*)
 *(.text.hot .text.hot.*)
 *(.text .stub .text.* .gnu.linkonce.t.*)
 .text          0x000000000000ef90        0x0 /usr/lib/gcc/i686-linux-gnu/4.8/../../../i386-linux-gnu/crti.o
 .gnu.linkonce.t.__x86.get_pc_thunk.bx
                0x000000000000ef90        0x4 /usr/lib/gcc/i686-linux-gnu/4.8/../../../i386-linux-gnu/crti.o
                0x000000000000ef90                __x86.get_pc_thunk.bx
 *fill*         0x000000000000ef94        0xc 
 .text          0x000000000000efa0      0x11b /usr/lib/gcc/i686-linux-gnu/4.8/crtbeginS.o
 .text          0x000000000000f0bb      0x924 udp-client.co
 .text          0x000000000000f9df      0x734 obj_cooja/mtype815.o
                0x000000000000fb15                contiki_init
                0x000000000000ff2a                Java_org_contikios_cooja_corecomm_Lib6_init
                0x000000000000ff6a                Java_org_contikios_cooja_corecomm_Lib6_getMemory
                0x000000000000ffaa                Java_org_contikios_cooja_corecomm_Lib6_setMemory
                0x0000000000010021                Java_org_contikios_cooja_corecomm_Lib6_tick
                0x0000000000010101                Java_org_contikios_cooja_corecomm_Lib6_setReferenceAddress
 .text          0x0000000000010113       0x63 obj_cooja/mtype815.a(simEnvChange.o)
                0x0000000000010113                doActionsBeforeTick
                0x0000000000010144                doActionsAfterTick
 .text          0x0000000000010176       0xbc obj_cooja/mtype815.a(cooja_mt.o)
                0x0000000000010176                cooja_mt_init
                0x0000000000010183                cooja_mt_remove
                0x0000000000010190                cooja_mt_start
                0x00000000000101bd                cooja_mt_exec
                0x00000000000101ee                cooja_mt_exit
                0x0000000000010210                cooja_mt_yield
 .text          0x0000000000010232      0x115 obj_cooja/mtype815.a(cooja_mtarch.o)
                0x0000000000010232                cooja_mtarch_init
                0x0000000000010237                cooja_mtarch_start
                0x00000000000102b2                cooja_sw
                0x00000000000102d4                cooja_mtarch_exec
                0x00000000000102f0                cooja_mtarch_remove
                0x00000000000102f5                cooja_mtarch_yield
                0x00000000000102ff                cooja_mtarch_pstop
                0x0000000000010304                cooja_mtarch_pstart
                0x0000000000010309                cooja_mtarch_stack_usage
 .text          0x0000000000010347       0xc2 obj_cooja/mtype815.a(rtimer-arch.o)
                0x0000000000010347                rtimer_arch_init
                0x000000000001036a                rtimer_arch_schedule
                0x0000000000010381                rtimer_arch_next
                0x000000000001038b                rtimer_arch_pending
                0x0000000000010395                rtimer_arch_check
                0x00000000000103c7                rtimer_arch_now
 .text          0x0000000000010409       0x76 obj_cooja/mtype815.a(beep.o)
                0x0000000000010409                beep_alarm
                0x0000000000010415                beep_beep
                0x0000000000010421                beep
                0x000000000001042d                beep_down
                0x0000000000010439                beep_on
                0x0000000000010445                beep_off
                0x0000000000010451                beep_spinup
                0x000000000001045d                beep_quick
                0x0000000000010469                beep_long
 .text          0x000000000001047f      0x103 obj_cooja/mtype815.a(button-sensor.o)
 .text          0x0000000000010582       0x45 obj_cooja/mtype815.a(leds-arch.o)
                0x0000000000010582                leds_arch_init
                0x000000000001058e                leds_arch_get
                0x000000000001059a                leds_arch_set
 .text          0x00000000000105c7       0x2f obj_cooja/mtype815.a(moteid.o)
 .text          0x00000000000105f6       0xb1 obj_cooja/mtype815.a(pir-sensor.o)
 .text          0x00000000000106a7      0x131 obj_cooja/mtype815.a(rs232.o)
                0x00000000000106a7                rs232_init
                0x00000000000106ac                rs232_set_speed
                0x00000000000106ba                rs232_set_input
                0x00000000000106c7                rs232_send
                0x00000000000106e9                rs232_print
                0x0000000000010704                slip_arch_writeb
 .text          0x00000000000107d8       0xb1 obj_cooja/mtype815.a(vib-sensor.o)
 .text          0x0000000000010889       0x34 obj_cooja/mtype815.a(clock.o)
                0x0000000000010889                clock_init
                0x000000000001088e                clock_time
                0x0000000000010898                clock_seconds
                0x00000000000108ae                clock_delay
 .text          0x00000000000108bd      0x1ed obj_cooja/mtype815.a(log.o)
                0x00000000000108bd                simlog_char
                0x00000000000108ff                simlog
                0x000000000001096c                log_message
                0x0000000000010994                log_set_putchar_with_slip
                0x00000000000109a1                log_putchar
                0x0000000000010a25                log_puts
                0x0000000000010a49                log_printf
 .text          0x0000000000010aaa      0x2c4 obj_cooja/mtype815.a(cfs-cooja.o)
                0x0000000000010aaa                cfs_open
                0x0000000000010b13                cfs_close
                0x0000000000010b1f                cfs_read
                0x0000000000010bbd                cfs_write
                0x0000000000010c9a                cfs_seek
                0x0000000000010d22                cfs_remove
                0x0000000000010d4b                cfs_opendir
                0x0000000000010d55                cfs_readdir
                0x0000000000010d5f                cfs_closedir
 .text          0x0000000000010d6e      0x3e8 obj_cooja/mtype815.a(cooja-radio.o)
                0x0000000000010d98                radio_set_channel
                0x0000000000010da5                radio_set_txpower
                0x0000000000010dbc                radio_signal_strength_last
                0x0000000000010dc6                radio_signal_strength_current
                0x0000000000010dd0                radio_LQI
 .text          0x0000000000011156       0xef obj_cooja/mtype815.a(eeprom.o)
                0x0000000000011156                eeprom_init
                0x000000000001115b                eeprom_read
                0x00000000000111cb                eeprom_write
 .text          0x0000000000011245       0x28 obj_cooja/mtype815.a(random.o)
                0x0000000000011245                random_init
                0x0000000000011260                random_rand
 .text          0x000000000001126d      0x2a1 obj_cooja/mtype815.a(sensors.o)
                0x00000000000112a8                sensors_first
                0x00000000000112b2                sensors_next
                0x00000000000112cf                sensors_changed
                0x00000000000112fe                sensors_find
 .text          0x000000000001150e       0x8e obj_cooja/mtype815.a(autostart.o)
                0x000000000001150e                autostart_start
                0x0000000000011559                autostart_exit
 .text          0x000000000001159c      0x334 obj_cooja/mtype815.a(ctimer.o)
                0x00000000000116b3                ctimer_init
                0x00000000000116e3                ctimer_set
                0x0000000000011714                ctimer_set_with_process
                0x0000000000011790                ctimer_reset
                0x00000000000117df                ctimer_restart
                0x000000000001182e                ctimer_stop
                0x0000000000011879                ctimer_expired
 .text          0x00000000000118d0      0x40b obj_cooja/mtype815.a(etimer.o)
                0x0000000000011ae3                etimer_request_poll
                0x0000000000011b67                etimer_set
                0x0000000000011b8c                etimer_reset_with_new_interval
                0x0000000000011bb3                etimer_reset
                0x0000000000011bd1                etimer_restart
                0x0000000000011bef                etimer_adjust
                0x0000000000011c0b                etimer_expired
                0x0000000000011c1e                etimer_expiration_time
                0x0000000000011c30                etimer_start_time
                0x0000000000011c3a                etimer_pending
                0x0000000000011c4c                etimer_next_expiration_time
                0x0000000000011c66                etimer_stop
 .text          0x0000000000011cdb      0x220 obj_cooja/mtype815.a(log_message.o)
                0x0000000000011cdb                log_initialization
                0x0000000000011eda                log_finisher
 .text          0x0000000000011efb      0x560 obj_cooja/mtype815.a(process.o)
                0x0000000000011efb                process_alloc_event
                0x0000000000011f10                process_start
                0x00000000000120f9                process_exit
                0x0000000000012115                process_init
                0x00000000000122e6                process_run
                0x0000000000012319                process_nevents
                0x0000000000012334                process_post
                0x00000000000123e0                process_post_synch
                0x0000000000012418                process_poll
                0x0000000000012447                process_is_running
 .text          0x000000000001245b       0x8b obj_cooja/mtype815.a(residual.o)
                0x000000000001245b                get_residual_energy
 .text          0x00000000000124e6       0xba obj_cooja/mtype815.a(rtimer.o)
                0x00000000000124e6                rtimer_init
                0x00000000000124f3                rtimer_set
                0x000000000001254a                rtimer_run_next
 .text          0x00000000000125a0       0xa3 obj_cooja/mtype815.a(stimer.o)
                0x00000000000125a0                stimer_set
                0x00000000000125bb                stimer_reset
                0x00000000000125d2                stimer_restart
                0x00000000000125e4                stimer_expired
                0x000000000001260b                stimer_remaining
                0x000000000001262f                stimer_elapsed
 .text          0x0000000000012643       0x91 obj_cooja/mtype815.a(timer.o)
                0x0000000000012643                timer_set
                0x000000000001265e                timer_reset
                0x0000000000012675                timer_restart
                0x0000000000012687                timer_expired
                0x00000000000126b0                timer_remaining
 .text          0x00000000000126d4      0x1fb obj_cooja/mtype815.a(serial-line.o)
                0x00000000000126d4                serial_line_input_byte
                0x0000000000012897                serial_line_init
 .text          0x00000000000128cf      0x244 obj_cooja/mtype815.a(list.o)
                0x00000000000128cf                list_init
                0x00000000000128dd                list_head
                0x00000000000128e7                list_copy
                0x00000000000128f6                list_tail
                0x000000000001292c                list_add
                0x0000000000012975                list_push
                0x00000000000129a1                list_chop
                0x0000000000012a0b                list_pop
                0x0000000000012a33                list_remove
                0x0000000000012a9a                list_length
                0x0000000000012ac8                list_insert
                0x0000000000012afc                list_item_next
 .text          0x0000000000012b13      0x155 obj_cooja/mtype815.a(ringbuf.o)
                0x0000000000012b13                ringbuf_init
                0x0000000000012b44                ringbuf_put
                0x0000000000012bc2                ringbuf_get
                0x0000000000012c2f                ringbuf_size
                0x0000000000012c41                ringbuf_elements
 .text          0x0000000000012c68     0x258b obj_cooja/mtype815.a(sicslowpan.o)
                0x00000000000131f2                rime_sniffer_add
                0x00000000000131ff                rime_sniffer_remove
                0x0000000000015192                sicslowpan_init
                0x00000000000151e9                sicslowpan_get_last_rssi
 .text          0x00000000000151f3      0x298 obj_cooja/mtype815.a(uip-ds6-nbr.o)
                0x0000000000015210                uip_ds6_neighbors_init
                0x000000000001522d                uip_ds6_nbr_add
                0x00000000000152b5                uip_ds6_nbr_rm
                0x00000000000152f7                uip_ds6_nbr_get_ipaddr
                0x000000000001530c                uip_ds6_nbr_get_ll
                0x0000000000015328                uip_ds6_nbr_num
                0x000000000001536d                uip_ds6_nbr_lookup
                0x00000000000153d2                uip_ds6_nbr_ll_lookup
                0x00000000000153ee                uip_ds6_nbr_ipaddr_from_lladdr
                0x0000000000015414                uip_ds6_nbr_lladdr_from_ipaddr
                0x0000000000015442                uip_ds6_link_neighbor_callback
 .text          0x000000000001548b      0x916 obj_cooja/mtype815.a(uip-ds6-route.o)
                0x0000000000015502                uip_ds6_notification_add
                0x0000000000015533                uip_ds6_notification_rm
                0x000000000001554f                uip_ds6_route_init
                0x00000000000155d7                uip_ds6_route_nexthop
                0x00000000000155ff                uip_ds6_route_head
                0x0000000000015614                uip_ds6_route_next
                0x000000000001563a                uip_ds6_route_is_nexthop
                0x0000000000015679                uip_ds6_route_num_routes
                0x0000000000015683                uip_ds6_route_lookup
                0x0000000000015745                uip_ds6_route_add
                0x0000000000015979                uip_ds6_route_rm
                0x0000000000015b0d                uip_ds6_route_rm_by_nexthop
                0x0000000000015b45                uip_ds6_defrt_add
                0x0000000000015bf6                uip_ds6_defrt_rm
                0x0000000000015c75                uip_ds6_defrt_lookup
                0x0000000000015cce                uip_ds6_defrt_choose
                0x0000000000015d39                uip_ds6_defrt_periodic
 .text          0x0000000000015da1      0xb97 obj_cooja/mtype815.a(uip-ds6.o)
                0x0000000000015da1                uip_ds6_init
                0x0000000000015f74                uip_ds6_periodic
                0x0000000000015fed                uip_ds6_list_loop
                0x0000000000016094                uip_ds6_prefix_add
                0x0000000000016152                uip_ds6_prefix_rm
                0x0000000000016164                uip_ds6_prefix_lookup
                0x00000000000161b5                uip_ds6_is_addr_onlink
                0x0000000000016229                uip_ds6_addr_add
                0x0000000000016357                uip_ds6_addr_rm
                0x00000000000163f7                uip_ds6_addr_lookup
                0x0000000000016442                uip_ds6_get_link_local
                0x00000000000164c1                uip_ds6_get_global
                0x0000000000016540                uip_ds6_maddr_add
                0x00000000000165b2                uip_ds6_maddr_rm
                0x00000000000165c4                uip_ds6_maddr_lookup
                0x000000000001660f                uip_ds6_aaddr_add
                0x0000000000016681                uip_ds6_aaddr_rm
                0x0000000000016693                uip_ds6_aaddr_lookup
                0x00000000000166de                uip_ds6_select_src
                0x0000000000016823                uip_ds6_set_addr_iid
                0x000000000001685a                get_match_length
                0x00000000000168ec                uip_ds6_compute_reachable_time
 .text          0x0000000000016938     0x29d8 obj_cooja/mtype815.a(uip6.o)
                0x0000000000016938                uip_add32
                0x0000000000016ad1                uip_chksum
                0x0000000000016bbf                uip_icmp6chksum
                0x0000000000016bd3                uip_tcpchksum
                0x0000000000016be7                uip_udpchksum
                0x0000000000016bfb                uip_init
                0x0000000000016ccb                uip_connect
                0x0000000000016e7a                remove_ext_hdr
                0x0000000000016f4f                uip_udp_new
                0x00000000000170ab                uip_unlisten
                0x000000000001710b                uip_listen
                0x00000000000173cd                uip_process
                0x0000000000019204                uip_htons
                0x0000000000019226                uip_htonl
                0x0000000000019266                uip_send
 .text          0x0000000000019310      0x98e obj_cooja/mtype815.a(tcpip.o)
                0x0000000000019310                tcpip_output
                0x000000000001934b                tcpip_set_outputfunc
                0x00000000000193df                tcp_connect
                0x0000000000019434                tcp_unlisten
                0x000000000001948f                tcp_listen
                0x00000000000194e8                tcp_attach
                0x000000000001950d                udp_attach
                0x0000000000019532                udp_new
                0x0000000000019584                udp_broadcast_new
                0x00000000000197f8                tcpip_input
                0x000000000001982c                tcpip_ipv6_output
                0x0000000000019ae4                tcpip_poll_udp
                0x0000000000019b07                tcpip_poll_tcp
                0x0000000000019b2a                tcpip_uipcall
 .text          0x0000000000019c9e      0x1c1 obj_cooja/mtype815.a(uip-debug.o)
                0x0000000000019c9e                uip_debug_ipaddr_print
                0x0000000000019e00                uip_debug_lladdr_print
 .text          0x0000000000019e5f      0x141 obj_cooja/mtype815.a(uip-packetqueue)
                0x0000000000019e8b                uip_packetqueue_new
                0x0000000000019e99                uip_packetqueue_alloc
                0x0000000000019ef9                uip_packetqueue_free
                0x0000000000019f3a                uip_packetqueue_buf
                0x0000000000019f57                uip_packetqueue_buflen
                0x0000000000019f78                uip_packetqueue_set_buflen
 .text          0x0000000000019fa0      0x131 obj_cooja/mtype815.a(uip-udp-packet.)
                0x0000000000019fa0                uip_udp_packet_send
                0x000000000001a000                uip_udp_packet_sendto
 .text          0x000000000001a0d1     0x2558 obj_cooja/mtype815.a(rpl-dag.o)
                0x000000000001a0d1                rpl_print_neighbor_list
                0x000000000001a138                rpl_print_child_neighbor_list
                0x000000000001a19f                rpl_get_nbr
                0x000000000001a1f9                rpl_get_nbr_child
                0x000000000001a253                rpl_dag_init
                0x000000000001a285                rpl_get_parent
                0x000000000001a2a7                rpl_get_parent_rank
                0x000000000001a2da                rpl_get_parent_link_metric
                0x000000000001a30d                rpl_get_parent_ipaddr
                0x000000000001a337                rpl_get_child_ipaddr
                0x000000000001a641                rpl_set_root
                0x000000000001a86f                rpl_repair_root
                0x000000000001aaab                rpl_set_prefix
                0x000000000001abaa                rpl_set_default_route
                0x000000000001ac36                rpl_alloc_instance
                0x000000000001acbe                rpl_alloc_dag
                0x000000000001ad71                rpl_set_default_instance
                0x000000000001ad7e                rpl_get_default_instance
                0x000000000001ad88                rpl_free_instance
                0x000000000001ae29                rpl_free_dag
                0x000000000001ae8f                rpl_add_parent
                0x000000000001af78                rpl_find_parent
                0x000000000001afa8                rpl_add_child
                0x000000000001b04c                rpl_find_child
                0x000000000001b09a                rpl_find_parent_any_dag
                0x000000000001b0d6                rpl_select_dag
                0x000000000001b506                rpl_select_parent
                0x000000000001b568                rpl_remove_parent
                0x000000000001b59e                rpl_remove_child
                0x000000000001b5ba                rpl_nullify_parent
                0x000000000001b658                rpl_move_parent
                0x000000000001b6f5                rpl_has_downward_route
                0x000000000001b748                rpl_get_any_dag
                0x000000000001b7aa                rpl_get_instance
                0x000000000001b80d                rpl_find_of
                0x000000000001b84a                rpl_join_instance
                0x000000000001bacc                rpl_add_dag
                0x000000000001bebb                rpl_local_repair
                0x000000000001bf94                rpl_recalculate_ranks
                0x000000000001c01a                rpl_process_parent_event
                0x000000000001c0cc                rpl_process_dio
 .text          0x000000000001c629      0xbf3 obj_cooja/mtype815.a(rpl-ext-header.)
                0x000000000001c646                rpl_verify_header
                0x000000000001cac0                rpl_update_header_empty
                0x000000000001cdd7                rpl_update_header_final
                0x000000000001cf66                rpl_remove_header
                0x000000000001d070                rpl_invert_header
                0x000000000001d1fa                rpl_insert_header
 .text          0x000000000001d21c     0x1fa3 obj_cooja/mtype815.a(rpl-icmp6.o)
                0x000000000001d4e5                rpl_icmp6_update_nbr_table
                0x000000000001d5d5                dis_output
                0x000000000001de81                dio_output
                0x000000000001edb7                dao_output
                0x000000000001ee7f                dao_output_target
                0x000000000001f173                dao_ack_output
                0x000000000001f187                rpl_icmp6_register_handlers
 .text          0x000000000001f1bf      0x2f2 obj_cooja/mtype815.a(rpl-ltmax.o)
 .text          0x000000000001f4b1      0x5ac obj_cooja/mtype815.a(rpl-timers.o)
                0x000000000001f706                rpl_reset_periodic_timer
                0x000000000001f75b                rpl_reset_dio_timer
                0x000000000001f995                rpl_schedule_dao
                0x000000000001f9b0                rpl_schedule_dao_immediately
                0x000000000001f9cb                rpl_cancel_dao
                0x000000000001fa2d                rpl_schedule_unicast_dio_immediately
 .text          0x000000000001fa5d      0x5c5 obj_cooja/mtype815.a(rpl.o)
                0x000000000001fa5d                rpl_get_mode
                0x000000000001fa67                rpl_set_mode
                0x000000000001faf5                rpl_purge_routes
                0x000000000001fbef                rpl_remove_routes
                0x000000000001fc35                rpl_remove_routes_by_nexthop
                0x000000000001fca1                rpl_add_route
                0x000000000001fd1c                rpl_link_neighbor_callback
                0x000000000001fe21                rpl_ipv6_neighbor_callback
                0x000000000001fe90                rpl_purge_dags
                0x000000000001ff9c                rpl_init
 .text          0x0000000000020022      0x886 obj_cooja/mtype815.a(csma.o)
 .text          0x00000000000208a8      0x3f5 obj_cooja/mtype815.a(framer-802154.o)
 .text          0x0000000000020c9d       0x3c obj_cooja/mtype815.a(mac.o)
                0x0000000000020c9d                mac_call_sent_callback
 .text          0x0000000000020cd9      0xe23 obj_cooja/mtype815.a(cxmac.o)
                0x0000000000021a5d                cxmac_set_announcement_radio_txpower
                0x0000000000021a62                cxmac_init
 .text          0x0000000000021afc       0x67 obj_cooja/mtype815.a(linkaddr.o)
                0x0000000000021afc                linkaddr_copy
                0x0000000000021b1e                linkaddr_cmp
                0x0000000000021b48                linkaddr_set_node_addr
 .text          0x0000000000021b63      0x769 obj_cooja/mtype815.a(nbr-table.o)
                0x0000000000021fc2                nbr_table_register
                0x000000000002200a                nbr_table_head
                0x0000000000022066                nbr_table_next
                0x00000000000220cd                nbr_table_add_lladdr
                0x00000000000221a9                nbr_table_get_from_lladdr
                0x00000000000221f6                nbr_table_remove
                0x0000000000022248                nbr_table_lock
                0x0000000000022272                nbr_table_unlock
                0x000000000002229c                nbr_table_get_lladdr
 .text          0x00000000000222cc       0x2b obj_cooja/mtype815.a(netstack.o)
                0x00000000000222cc                netstack_init
 .text          0x00000000000222f7      0x3cd obj_cooja/mtype815.a(packetbuf.o)
                0x00000000000222f7                packetbuf_clear
                0x0000000000022321                packetbuf_copyfrom
                0x0000000000022373                packetbuf_compact
                0x00000000000223f0                packetbuf_copyto
                0x0000000000022487                packetbuf_hdralloc
                0x0000000000022504                packetbuf_hdrreduce
                0x000000000002254c                packetbuf_set_datalen
                0x0000000000022565                packetbuf_dataptr
                0x0000000000022582                packetbuf_hdrptr
                0x000000000002258c                packetbuf_datalen
                0x0000000000022598                packetbuf_hdrlen
                0x00000000000225af                packetbuf_totlen
                0x00000000000225c5                packetbuf_attr_clear
                0x0000000000022617                packetbuf_attr_copyto
                0x0000000000022660                packetbuf_attr_copyfrom
                0x00000000000226a8                packetbuf_holds_broadcast
 .text          0x00000000000226c4      0x2b4 obj_cooja/mtype815.a(queuebuf.o)
                0x00000000000226ce                queuebuf_init
                0x00000000000226ee                queuebuf_numfree
                0x0000000000022702                queuebuf_new_from_packetbuf
                0x0000000000022792                queuebuf_update_attr_from_packetbuf
                0x00000000000227c5                queuebuf_update_from_packetbuf
                0x000000000002280f                queuebuf_free
                0x0000000000022856                queuebuf_to_packetbuf
                0x00000000000228bc                queuebuf_dataptr
                0x00000000000228f3                queuebuf_datalen
                0x0000000000022916                queuebuf_addr
                0x0000000000022948                queuebuf_attr
                0x0000000000022973                queuebuf_debug_print
 .text          0x0000000000022978       0x6e obj_cooja/mtype815.a(nullsec.o)
 .text          0x00000000000229e6       0x19 obj_cooja/mtype815.a(watchdog.o)
                0x00000000000229e6                watchdog_init
                0x00000000000229eb                watchdog_start
                0x00000000000229f0                watchdog_periodic
                0x00000000000229f5                watchdog_stop
                0x00000000000229fa                watchdog_reboot
 .text          0x00000000000229ff        0x0 obj_cooja/mtype815.a(rimestats.o)
 .text          0x00000000000229ff      0x134 obj_cooja/mtype815.a(leds.o)
                0x0000000000022a50                leds_init
                0x0000000000022a64                leds_blink
                0x0000000000022a9c                leds_get
                0x0000000000022aa9                leds_set
                0x0000000000022ac3                leds_on
                0x0000000000022ae6                leds_off
                0x0000000000022b10                leds_toggle
 .text          0x0000000000022b33      0x1c1 obj_cooja/mtype815.a(memb.o)
                0x0000000000022b33                memb_init
                0x0000000000022b91                memb_alloc
                0x0000000000022bf6                memb_free
                0x0000000000022c71                memb_inmemb
                0x0000000000022cb0                memb_numfree
 .text          0x0000000000022cf4      0xabf obj_cooja/mtype815.a(uip-icmp6.o)
                0x0000000000022d62                uip_icmp6_input
                0x0000000000022db8                uip_icmp6_register_input_handler
                0x0000000000023080                uip_icmp6_error_output
                0x00000000000233c5                uip_icmp6_send
                0x0000000000023746                uip_icmp6_echo_reply_callback_add
                0x0000000000023777                uip_icmp6_echo_reply_callback_rm
                0x0000000000023793                uip_icmp6_init
 .text          0x00000000000237b3      0x358 obj_cooja/mtype815.a(uip-nd6.o)
                0x0000000000023807                uip_nd6_ns_output
                0x0000000000023b06                uip_nd6_init
 .text          0x0000000000023b0b      0x331 obj_cooja/mtype815.a(rpl-nbr-policy.)
                0x0000000000023ce3                find_removable_dis
                0x0000000000023d06                find_removable_dio
                0x0000000000023d95                find_removable_dao
                0x0000000000023de5                rpl_nbr_policy_find_removable
 .text          0x0000000000023e3c      0x97c obj_cooja/mtype815.a(frame802154.o)
                0x0000000000023e6d                frame802154_get_pan_id
                0x0000000000023e79                frame802154_set_pan_id
                0x0000000000023e92                frame802154_has_panid
                0x0000000000023f7e                frame802154_check_dest_panid
                0x0000000000023fe6                frame802154_is_broadcast_addr
                0x0000000000024033                frame802154_extract_linkaddr
                0x0000000000024273                frame802154_hdrlen
                0x00000000000242c4                frame802154_create
                0x00000000000244af                frame802154_parse
 .text          0x00000000000247b8        0x0 /usr/lib/gcc/i686-linux-gnu/4.8/crtendS.o
 .text          0x00000000000247b8        0x0 /usr/lib/gcc/i686-linux-gnu/4.8/../../../i386-linux-gnu/crtn.o
 *(.gnu.warning)

.fini           0x00000000000247b8       0x14
 *(SORT(.fini))
 .fini          0x00000000000247b8        0xf /usr/lib/gcc/i686-linux-gnu/4.8/../../../i386-linux-gnu/crti.o
                0x00000000000247b8                _fini
 .fini          0x00000000000247c7        0x5 /usr/lib/gcc/i686-linux-gnu/4.8/../../../i386-linux-gnu/crtn.o
                0x00000000000247cc                PROVIDE (__etext, .)
                0x00000000000247cc                PROVIDE (_etext, .)
                0x00000000000247cc                PROVIDE (etext, .)

.rodata         0x00000000000247e0      0xd80
 *(.rodata .rodata.* .gnu.linkonce.r.*)
 .rodata        0x00000000000247e0      0x456 udp-client.co
                0x00000000000247f4                autostart_processes
 *fill*         0x0000000000024c36        0x2 
 .rodata        0x0000000000024c38      0x157 obj_cooja/mtype815.o
 *fill*         0x0000000000024d8f        0x1 
 .rodata        0x0000000000024d90        0x8 obj_cooja/mtype815.a(beep.o)
                0x0000000000024d90                beep_interface
 .rodata        0x0000000000024d98       0x20 obj_cooja/mtype815.a(button-sensor.o)
                0x0000000000024d98                button_interface
                0x0000000000024da8                button_sensor
 .rodata        0x0000000000024db8        0x8 obj_cooja/mtype815.a(leds-arch.o)
                0x0000000000024db8                leds_interface
 .rodata        0x0000000000024dc0        0x8 obj_cooja/mtype815.a(moteid.o)
                0x0000000000024dc0                moteid_interface
 .rodata        0x0000000000024dc8       0x1c obj_cooja/mtype815.a(pir-sensor.o)
                0x0000000000024dc8                pir_interface
                0x0000000000024dd4                pir_sensor
 .rodata        0x0000000000024de4        0xe obj_cooja/mtype815.a(rs232.o)
                0x0000000000024de4                rs232_interface
 *fill*         0x0000000000024df2        0x2 
 .rodata        0x0000000000024df4       0x24 obj_cooja/mtype815.a(vib-sensor.o)
                0x0000000000024df4                vib_interface
                0x0000000000024e08                vib_sensor
 .rodata        0x0000000000024e18        0x8 obj_cooja/mtype815.a(clock.o)
                0x0000000000024e18                clock_interface
 .rodata        0x0000000000024e20        0x8 obj_cooja/mtype815.a(log.o)
                0x0000000000024e20                simlog_interface
 .rodata        0x0000000000024e28       0x2f obj_cooja/mtype815.a(cfs-cooja.o)
                0x0000000000024e28                cfs_interface
 *fill*         0x0000000000024e57        0x9 
 .rodata        0x0000000000024e60       0x60 obj_cooja/mtype815.a(cooja-radio.o)
                0x0000000000024e80                cooja_radio_driver
                0x0000000000024eb8                radio_interface
 .rodata        0x0000000000024ec0        0x8 obj_cooja/mtype815.a(eeprom.o)
                0x0000000000024ec0                eeprom_interface
 .rodata        0x0000000000024ec8        0x8 obj_cooja/mtype815.a(sensors.o)
 .rodata        0x0000000000024ed0        0xf obj_cooja/mtype815.a(ctimer.o)
 .rodata        0x0000000000024edf        0xc obj_cooja/mtype815.a(etimer.o)
 *fill*         0x0000000000024eeb        0x1 
 .rodata        0x0000000000024eec      0x16d obj_cooja/mtype815.a(log_message.o)
 *fill*         0x0000000000025059        0x3 
 .rodata        0x000000000002505c       0x20 obj_cooja/mtype815.a(residual.o)
                0x000000000002505c                DISSIPATION_RATE
 .rodata        0x000000000002507c        0xe obj_cooja/mtype815.a(serial-line.o)
 *fill*         0x000000000002508a        0x2 
 .rodata        0x000000000002508c       0x2c obj_cooja/mtype815.a(sicslowpan.o)
                0x000000000002508c                unc_llconf
                0x0000000000025090                unc_ctxconf
                0x0000000000025094                unc_mxconf
                0x0000000000025098                llprefix
                0x00000000000250ac                sicslowpan_driver
 .rodata        0x00000000000250b8      0x13c obj_cooja/mtype815.a(uip6.o)
 .rodata        0x00000000000251f4        0xd obj_cooja/mtype815.a(tcpip.o)
 .rodata        0x0000000000025201       0x3e obj_cooja/mtype815.a(uip-debug.o)
 *fill*         0x000000000002523f        0x1 
 .rodata        0x0000000000025240        0x4 obj_cooja/mtype815.a(rpl-dag.o)
 .rodata        0x0000000000025244       0x24 obj_cooja/mtype815.a(csma.o)
                0x000000000002524c                csma_driver
 .rodata        0x0000000000025268        0xc obj_cooja/mtype815.a(framer-802154.o)
                0x0000000000025268                framer_802154
 *fill*         0x0000000000025274        0xc 
 .rodata        0x0000000000025280      0x2c0 obj_cooja/mtype815.a(cxmac.o)
                0x0000000000025520                cxmac_driver
 .rodata        0x0000000000025540        0x8 obj_cooja/mtype815.a(linkaddr.o)
                0x0000000000025540                linkaddr_null
 .rodata        0x0000000000025548       0x18 obj_cooja/mtype815.a(nullsec.o)
                0x0000000000025550                nullsec_driver

.rodata1
 *(.rodata1)

.eh_frame_hdr   0x0000000000025560     0x134c
 *(.eh_frame_hdr)
 .eh_frame_hdr  0x0000000000025560     0x134c udp-client.co

.eh_frame       0x00000000000268ac     0x4ea0
 *(.eh_frame)
 .eh_frame      0x00000000000268ac       0x3c /usr/lib/gcc/i686-linux-gnu/4.8/../../../i386-linux-gnu/crti.o
                                         0x40 (size before relaxing)
 .eh_frame      0x00000000000268e8       0xb4 udp-client.co
                                         0xcc (size before relaxing)
 .eh_frame      0x000000000002699c      0x148 obj_cooja/mtype815.o
                                        0x160 (size before relaxing)
 .eh_frame      0x0000000000026ae4       0x40 obj_cooja/mtype815.a(simEnvChange.o)
                                         0x58 (size before relaxing)
 .eh_frame      0x0000000000026b24       0xc0 obj_cooja/mtype815.a(cooja_mt.o)
                                         0xd8 (size before relaxing)
 .eh_frame      0x0000000000026be4      0x120 obj_cooja/mtype815.a(cooja_mtarch.o)
                                        0x138 (size before relaxing)
 .eh_frame      0x0000000000026d04       0xc0 obj_cooja/mtype815.a(rtimer-arch.o)
                                         0xd8 (size before relaxing)
 .eh_frame      0x0000000000026dc4      0x160 obj_cooja/mtype815.a(beep.o)
                                        0x178 (size before relaxing)
 .eh_frame      0x0000000000026f24       0xa0 obj_cooja/mtype815.a(button-sensor.o)
                                         0xb8 (size before relaxing)
 .eh_frame      0x0000000000026fc4       0xa0 obj_cooja/mtype815.a(leds-arch.o)
                                         0xb8 (size before relaxing)
 .eh_frame      0x0000000000027064       0x40 obj_cooja/mtype815.a(moteid.o)
                                         0x58 (size before relaxing)
 .eh_frame      0x00000000000270a4       0xa0 obj_cooja/mtype815.a(pir-sensor.o)
                                         0xb8 (size before relaxing)
 .eh_frame      0x0000000000027144      0x100 obj_cooja/mtype815.a(rs232.o)
                                        0x118 (size before relaxing)
 .eh_frame      0x0000000000027244       0xa0 obj_cooja/mtype815.a(vib-sensor.o)
                                         0xb8 (size before relaxing)
 .eh_frame      0x00000000000272e4       0xc0 obj_cooja/mtype815.a(clock.o)
                                         0xd8 (size before relaxing)
 .eh_frame      0x00000000000273a4      0x120 obj_cooja/mtype815.a(log.o)
                                        0x138 (size before relaxing)
 .eh_frame      0x00000000000274c4      0x160 obj_cooja/mtype815.a(cfs-cooja.o)
                                        0x178 (size before relaxing)
 .eh_frame      0x0000000000027624      0x2e0 obj_cooja/mtype815.a(cooja-radio.o)
                                        0x2f8 (size before relaxing)
 .eh_frame      0x0000000000027904       0xa0 obj_cooja/mtype815.a(eeprom.o)
                                         0xb8 (size before relaxing)
 .eh_frame      0x00000000000279a4       0x40 obj_cooja/mtype815.a(random.o)
                                         0x58 (size before relaxing)
 .eh_frame      0x00000000000279e4       0xc0 obj_cooja/mtype815.a(sensors.o)
                                         0xd8 (size before relaxing)
 .eh_frame      0x0000000000027aa4       0x40 obj_cooja/mtype815.a(autostart.o)
                                         0x58 (size before relaxing)
 .eh_frame      0x0000000000027ae4      0x100 obj_cooja/mtype815.a(ctimer.o)
                                        0x118 (size before relaxing)
 .eh_frame      0x0000000000027be4      0x1e0 obj_cooja/mtype815.a(etimer.o)
                                        0x1f8 (size before relaxing)
 .eh_frame      0x0000000000027dc4       0x50 obj_cooja/mtype815.a(log_message.o)
                                         0x68 (size before relaxing)
 .eh_frame      0x0000000000027e14      0x1c8 obj_cooja/mtype815.a(process.o)
                                        0x1e0 (size before relaxing)
 .eh_frame      0x0000000000027fdc       0x2c obj_cooja/mtype815.a(residual.o)
                                         0x44 (size before relaxing)
 .eh_frame      0x0000000000028008       0x60 obj_cooja/mtype815.a(rtimer.o)
                                         0x78 (size before relaxing)
 .eh_frame      0x0000000000028068       0xc4 obj_cooja/mtype815.a(stimer.o)
                                         0xdc (size before relaxing)
 .eh_frame      0x000000000002812c       0xa4 obj_cooja/mtype815.a(timer.o)
                                         0xbc (size before relaxing)
 .eh_frame      0x00000000000281d0       0x60 obj_cooja/mtype815.a(serial-line.o)
                                         0x78 (size before relaxing)
 .eh_frame      0x0000000000028230      0x180 obj_cooja/mtype815.a(list.o)
                                        0x198 (size before relaxing)
 .eh_frame      0x00000000000283b0       0xa0 obj_cooja/mtype815.a(ringbuf.o)
                                         0xb8 (size before relaxing)
 .eh_frame      0x0000000000028450      0x350 obj_cooja/mtype815.a(sicslowpan.o)
                                        0x368 (size before relaxing)
 .eh_frame      0x00000000000287a0      0x180 obj_cooja/mtype815.a(uip-ds6-nbr.o)
                                        0x198 (size before relaxing)
 .eh_frame      0x0000000000028920      0x2a0 obj_cooja/mtype815.a(uip-ds6-route.o)
                                        0x2b8 (size before relaxing)
 .eh_frame      0x0000000000028bc0      0x2c8 obj_cooja/mtype815.a(uip-ds6.o)
                                        0x2e0 (size before relaxing)
 .eh_frame      0x0000000000028e88      0x27c obj_cooja/mtype815.a(uip6.o)
                                        0x294 (size before relaxing)
 .eh_frame      0x0000000000029104      0x270 obj_cooja/mtype815.a(tcpip.o)
                                        0x288 (size before relaxing)
 .eh_frame      0x0000000000029374       0x48 obj_cooja/mtype815.a(uip-debug.o)
                                         0x60 (size before relaxing)
 .eh_frame      0x00000000000293bc       0xe0 obj_cooja/mtype815.a(uip-packetqueue)
                                         0xf8 (size before relaxing)
 .eh_frame      0x000000000002949c       0x40 obj_cooja/mtype815.a(uip-udp-packet.)
                                         0x58 (size before relaxing)
 .eh_frame      0x00000000000294dc      0x74c obj_cooja/mtype815.a(rpl-dag.o)
                                        0x764 (size before relaxing)
 .eh_frame      0x0000000000029c28      0x10c obj_cooja/mtype815.a(rpl-ext-header.)
                                        0x124 (size before relaxing)
 .eh_frame      0x0000000000029d34      0x2b8 obj_cooja/mtype815.a(rpl-icmp6.o)
                                        0x2d0 (size before relaxing)
 .eh_frame      0x0000000000029fec       0xe0 obj_cooja/mtype815.a(rpl-ltmax.o)
                                         0xf8 (size before relaxing)
 .eh_frame      0x000000000002a0cc      0x1ac obj_cooja/mtype815.a(rpl-timers.o)
                                        0x1c4 (size before relaxing)
 .eh_frame      0x000000000002a278      0x148 obj_cooja/mtype815.a(rpl.o)
                                        0x160 (size before relaxing)
 .eh_frame      0x000000000002a3c0      0x28c obj_cooja/mtype815.a(csma.o)
                                        0x2a4 (size before relaxing)
 .eh_frame      0x000000000002a64c      0x108 obj_cooja/mtype815.a(framer-802154.o)
                                        0x120 (size before relaxing)
 .eh_frame      0x000000000002a754       0x20 obj_cooja/mtype815.a(mac.o)
                                         0x38 (size before relaxing)
 .eh_frame      0x000000000002a774      0x280 obj_cooja/mtype815.a(cxmac.o)
                                        0x298 (size before relaxing)
 .eh_frame      0x000000000002a9f4       0x60 obj_cooja/mtype815.a(linkaddr.o)
                                         0x78 (size before relaxing)
 .eh_frame      0x000000000002aa54      0x26c obj_cooja/mtype815.a(nbr-table.o)
                                        0x284 (size before relaxing)
 .eh_frame      0x000000000002acc0       0x20 obj_cooja/mtype815.a(netstack.o)
                                         0x38 (size before relaxing)
 .eh_frame      0x000000000002ace0      0x214 obj_cooja/mtype815.a(packetbuf.o)
                                        0x22c (size before relaxing)
 .eh_frame      0x000000000002aef4      0x1a0 obj_cooja/mtype815.a(queuebuf.o)
                                        0x1b8 (size before relaxing)
 .eh_frame      0x000000000002b094       0x80 obj_cooja/mtype815.a(nullsec.o)
                                         0x98 (size before relaxing)
 .eh_frame      0x000000000002b114       0xa0 obj_cooja/mtype815.a(watchdog.o)
                                         0xb8 (size before relaxing)
 .eh_frame      0x000000000002b1b4      0x100 obj_cooja/mtype815.a(leds.o)
                                        0x118 (size before relaxing)
 .eh_frame      0x000000000002b2b4       0xa0 obj_cooja/mtype815.a(memb.o)
                                         0xb8 (size before relaxing)
 .eh_frame      0x000000000002b354      0x168 obj_cooja/mtype815.a(uip-icmp6.o)
                                        0x180 (size before relaxing)
 .eh_frame      0x000000000002b4bc       0x68 obj_cooja/mtype815.a(uip-nd6.o)
                                         0x80 (size before relaxing)
 .eh_frame      0x000000000002b524       0xc0 obj_cooja/mtype815.a(rpl-nbr-policy.)
                                         0xd8 (size before relaxing)
 .eh_frame      0x000000000002b5e4      0x164 obj_cooja/mtype815.a(frame802154.o)
                                        0x17c (size before relaxing)
 .eh_frame      0x000000000002b748        0x4 /usr/lib/gcc/i686-linux-gnu/4.8/crtendS.o

.gcc_except_table
 *(.gcc_except_table .gcc_except_table.*)

.exception_ranges
 *(.exception_ranges .exception_ranges*)
                0x000000000002b74c                . = (ALIGN (0x1000) - ((0x1000 - .) & 0xfff))
                0x000000000002cef8                . = DATA_SEGMENT_ALIGN (0x1000, 0x1000)

.eh_frame
 *(.eh_frame)

.gcc_except_table
 *(.gcc_except_table .gcc_except_table.*)

.exception_ranges
 *(.exception_ranges .exception_ranges*)

.tdata
 *(.tdata .tdata.* .gnu.linkonce.td.*)

.tbss
 *(.tbss .tbss.* .gnu.linkonce.tb.*)
 *(.tcommon)

.preinit_array
 *(.preinit_array)

.init_array     0x000000000002cef8        0x4
 *(SORT(.init_array.*) SORT(.ctors.*))
 *(.init_array EXCLUDE_FILE(*crtend?.o *crtend.o *crtbegin?.o *crtbegin.o) .ctors)
 .init_array    0x000000000002cef8        0x4 /usr/lib/gcc/i686-linux-gnu/4.8/crtbeginS.o

.fini_array     0x000000000002cefc        0x4
 *(SORT(.fini_array.*) SORT(.dtors.*))
 *(.fini_array EXCLUDE_FILE(*crtend?.o *crtend.o *crtbegin?.o *crtbegin.o) .dtors)
 .fini_array    0x000000000002cefc        0x4 /usr/lib/gcc/i686-linux-gnu/4.8/crtbeginS.o

.ctors
 *crtbegin.o(.ctors)
 *crtbegin?.o(.ctors)
 *(EXCLUDE_FILE(*crtend?.o *crtend.o) .ctors)
 *(SORT(.ctors.*))
 *(.ctors)

.dtors
 *crtbegin.o(.dtors)
 *crtbegin?.o(.dtors)
 *(EXCLUDE_FILE(*crtend?.o *crtend.o) .dtors)
 *(SORT(.dtors.*))
 *(.dtors)

.jcr            0x000000000002cf00        0x4
 *(.jcr)
 .jcr           0x000000000002cf00        0x0 /usr/lib/gcc/i686-linux-gnu/4.8/crtbeginS.o
 .jcr           0x000000000002cf00        0x4 /usr/lib/gcc/i686-linux-gnu/4.8/crtendS.o

.data.rel.ro
 *(.data.rel.ro.local* .gnu.linkonce.d.rel.ro.local.*)
 *(.data.rel.ro .data.rel.ro.* .gnu.linkonce.d.rel.ro.*)

.dynamic        0x000000000002cf04       0xe8
 *(.dynamic)
 .dynamic       0x000000000002cf04       0xe8 /usr/lib/gcc/i686-linux-gnu/4.8/../../../i386-linux-gnu/crti.o
                0x000000000002cf04                _DYNAMIC

.got            0x000000000002cfec       0x14
 *(.got)
 .got           0x000000000002cfec       0x14 /usr/lib/gcc/i686-linux-gnu/4.8/../../../i386-linux-gnu/crti.o
 *(.igot)
                0x000000000002dff4                . = DATA_SEGMENT_RELRO_END (., (SIZEOF (.got.plt) >= 0xc)?0xc:0x0)

.got.plt        0x000000000002d000       0x14
 *(.got.plt)
 .got.plt       0x000000000002d000       0x14 /usr/lib/gcc/i686-linux-gnu/4.8/../../../i386-linux-gnu/crti.o
                0x000000000002d000                _GLOBAL_OFFSET_TABLE_
 *(.igot.plt)

.data           0x000000000002d020      0x27a
 *(.data .data.* .gnu.linkonce.d.*)
 .data          0x000000000002d020        0x0 /usr/lib/gcc/i686-linux-gnu/4.8/../../../i386-linux-gnu/crti.o
 .data          0x000000000002d020        0x0 /usr/lib/gcc/i686-linux-gnu/4.8/crtbeginS.o
 .data.rel      0x000000000002d020        0x4 /usr/lib/gcc/i686-linux-gnu/4.8/crtbeginS.o
                0x000000000002d020                __dso_handle
 .data          0x000000000002d024       0x14 udp-client.co
                0x000000000002d028                udp_client_process
 *fill*         0x000000000002d038        0x8 
 .data          0x000000000002d040       0x44 obj_cooja/mtype815.o
                0x000000000002d040                simInterfaces
                0x000000000002d074                sensors
 .data          0x000000000002d084        0x0 obj_cooja/mtype815.a(simEnvChange.o)
 .data          0x000000000002d084        0x0 obj_cooja/mtype815.a(cooja_mt.o)
 .data          0x000000000002d084        0x0 obj_cooja/mtype815.a(cooja_mtarch.o)
 .data          0x000000000002d084        0x0 obj_cooja/mtype815.a(rtimer-arch.o)
 .data          0x000000000002d084        0x0 obj_cooja/mtype815.a(beep.o)
 .data          0x000000000002d084        0x0 obj_cooja/mtype815.a(button-sensor.o)
 .data          0x000000000002d084        0x0 obj_cooja/mtype815.a(leds-arch.o)
 .data          0x000000000002d084        0x0 obj_cooja/mtype815.a(moteid.o)
 .data          0x000000000002d084        0x0 obj_cooja/mtype815.a(pir-sensor.o)
 .data          0x000000000002d084        0x0 obj_cooja/mtype815.a(rs232.o)
 .data          0x000000000002d084        0x0 obj_cooja/mtype815.a(vib-sensor.o)
 .data          0x000000000002d084        0x0 obj_cooja/mtype815.a(clock.o)
 .data          0x000000000002d084        0x0 obj_cooja/mtype815.a(log.o)
 .data          0x000000000002d084        0x0 obj_cooja/mtype815.a(cfs-cooja.o)
 .data          0x000000000002d084       0x40 obj_cooja/mtype815.a(cooja-radio.o)
                0x000000000002d084                simRadioChannelLR
                0x000000000002d088                simRadioHWOnLR
                0x000000000002d08c                simSignalStrengthLR
                0x000000000002d090                simLastSignalStrengthLR
                0x000000000002d094                simPowerLR
                0x000000000002d098                simLQILR
                0x000000000002d09c                simRadioChannel
                0x000000000002d0a0                simRadioHWOn
                0x000000000002d0a4                simSignalStrength
                0x000000000002d0a8                simLastSignalStrength
                0x000000000002d0ac                simPower
                0x000000000002d0b0                simLQI
                0x000000000002d0b4                cooja_radio_process
 .data          0x000000000002d0c4        0x0 obj_cooja/mtype815.a(eeprom.o)
 .data          0x000000000002d0c4        0x0 obj_cooja/mtype815.a(random.o)
 .data          0x000000000002d0c4       0x10 obj_cooja/mtype815.a(sensors.o)
                0x000000000002d0c4                sensors_process
 .data          0x000000000002d0d4        0x0 obj_cooja/mtype815.a(autostart.o)
 .data          0x000000000002d0d4       0x14 obj_cooja/mtype815.a(ctimer.o)
                0x000000000002d0d8                ctimer_process
 .data          0x000000000002d0e8       0x10 obj_cooja/mtype815.a(etimer.o)
                0x000000000002d0e8                etimer_process
 .data          0x000000000002d0f8        0x0 obj_cooja/mtype815.a(log_message.o)
 .data          0x000000000002d0f8        0x0 obj_cooja/mtype815.a(process.o)
 .data          0x000000000002d0f8        0x0 obj_cooja/mtype815.a(residual.o)
 .data          0x000000000002d0f8        0x0 obj_cooja/mtype815.a(rtimer.o)
 .data          0x000000000002d0f8        0x0 obj_cooja/mtype815.a(stimer.o)
 .data          0x000000000002d0f8        0x0 obj_cooja/mtype815.a(timer.o)
 .data          0x000000000002d0f8       0x10 obj_cooja/mtype815.a(serial-line.o)
                0x000000000002d0f8                serial_line_process
 .data          0x000000000002d108        0x0 obj_cooja/mtype815.a(list.o)
 .data          0x000000000002d108        0x0 obj_cooja/mtype815.a(ringbuf.o)
 .data          0x000000000002d108        0x0 obj_cooja/mtype815.a(sicslowpan.o)
 .data          0x000000000002d108       0x14 obj_cooja/mtype815.a(uip-ds6-nbr.o)
                0x000000000002d118                ds6_neighbors
 .data          0x000000000002d11c       0x44 obj_cooja/mtype815.a(uip-ds6-route.o)
                0x000000000002d12c                nbr_routes
 .data          0x000000000002d160        0x0 obj_cooja/mtype815.a(uip-ds6.o)
 .data          0x000000000002d160        0x0 obj_cooja/mtype815.a(uip6.o)
 .data          0x000000000002d160       0x10 obj_cooja/mtype815.a(tcpip.o)
                0x000000000002d160                tcpip_process
 .data          0x000000000002d170        0x0 obj_cooja/mtype815.a(uip-debug.o)
 .data          0x000000000002d170        0xc obj_cooja/mtype815.a(uip-packetqueue)
 .data          0x000000000002d17c        0x0 obj_cooja/mtype815.a(uip-udp-packet.)
 .data          0x000000000002d17c       0x28 obj_cooja/mtype815.a(rpl-dag.o)
                0x000000000002d18c                rpl_parents
                0x000000000002d1a0                rpl_children
 .data          0x000000000002d1a4        0x0 obj_cooja/mtype815.a(rpl-ext-header.)
 .data          0x000000000002d1a4       0x34 obj_cooja/mtype815.a(rpl-icmp6.o)
 .data          0x000000000002d1d8       0x1c obj_cooja/mtype815.a(rpl-ltmax.o)
                0x000000000002d1d8                rpl_ltmax_of
 .data          0x000000000002d1f4        0x0 obj_cooja/mtype815.a(rpl-timers.o)
 .data          0x000000000002d1f4        0x0 obj_cooja/mtype815.a(rpl.o)
 .data          0x000000000002d1f4       0x28 obj_cooja/mtype815.a(csma.o)
 .data          0x000000000002d21c        0x0 obj_cooja/mtype815.a(framer-802154.o)
 .data          0x000000000002d21c        0x0 obj_cooja/mtype815.a(mac.o)
 .data          0x000000000002d21c       0x30 obj_cooja/mtype815.a(cxmac.o)
                0x000000000002d21c                cxmac_config
                0x000000000002d22c                strobe_wait
 .data          0x000000000002d24c        0x0 obj_cooja/mtype815.a(linkaddr.o)
 .data          0x000000000002d24c       0x10 obj_cooja/mtype815.a(nbr-table.o)
 .data          0x000000000002d25c        0x0 obj_cooja/mtype815.a(netstack.o)
 .data          0x000000000002d25c        0x4 obj_cooja/mtype815.a(packetbuf.o)
 .data          0x000000000002d260       0x18 obj_cooja/mtype815.a(queuebuf.o)
 .data          0x000000000002d278        0x0 obj_cooja/mtype815.a(nullsec.o)
 .data          0x000000000002d278        0x0 obj_cooja/mtype815.a(watchdog.o)
 .data          0x000000000002d278        0x0 obj_cooja/mtype815.a(rimestats.o)
 .data          0x000000000002d278        0x0 obj_cooja/mtype815.a(leds.o)
 .data          0x000000000002d278        0x0 obj_cooja/mtype815.a(memb.o)
 .data          0x000000000002d278       0x20 obj_cooja/mtype815.a(uip-icmp6.o)
 .data          0x000000000002d298        0x0 obj_cooja/mtype815.a(uip-nd6.o)
 .data          0x000000000002d298        0x0 obj_cooja/mtype815.a(rpl-nbr-policy.)
 .data          0x000000000002d298        0x2 obj_cooja/mtype815.a(frame802154.o)
 .data          0x000000000002d29a        0x0 /usr/lib/gcc/i686-linux-gnu/4.8/crtendS.o
 .data          0x000000000002d29a        0x0 /usr/lib/gcc/i686-linux-gnu/4.8/../../../i386-linux-gnu/crtn.o

.tm_clone_table
                0x000000000002d29c        0x0
 .tm_clone_table
                0x000000000002d29c        0x0 /usr/lib/gcc/i686-linux-gnu/4.8/crtbeginS.o
 .tm_clone_table
                0x000000000002d29c        0x0 /usr/lib/gcc/i686-linux-gnu/4.8/crtendS.o

.data1
 *(.data1)
                0x000000000002d29c                _edata = .
                0x000000000002d29c                PROVIDE (edata, .)
                0x000000000002d29c                . = .
                0x000000000002d29c                __bss_start = .

.bss            0x000000000002d2a0     0x8e28
 *(.dynbss)
 .dynbss        0x0000000000000000        0x0 /usr/lib/gcc/i686-linux-gnu/4.8/../../../i386-linux-gnu/crti.o
 *(.bss .bss.* .gnu.linkonce.b.*)
 .bss           0x000000000002d2a0        0x0 /usr/lib/gcc/i686-linux-gnu/4.8/../../../i386-linux-gnu/crti.o
 .bss           0x000000000002d2a0        0x1 /usr/lib/gcc/i686-linux-gnu/4.8/crtbeginS.o
 *fill*         0x000000000002d2a1       0x1f 
 .bss           0x000000000002d2c0       0x60 udp-client.co
                0x000000000002d2c0                my_weight
 .bss           0x000000000002d320     0x2030 obj_cooja/mtype815.o
 .bss           0x000000000002f350        0x1 obj_cooja/mtype815.a(simEnvChange.o)
                0x000000000002f350                simDontFallAsleep
 *fill*         0x000000000002f351        0x3 
 .bss           0x000000000002f354        0x4 obj_cooja/mtype815.a(cooja_mt.o)
 .bss           0x000000000002f358        0x4 obj_cooja/mtype815.a(cooja_mtarch.o)
 .bss           0x000000000002f35c        0xc obj_cooja/mtype815.a(rtimer-arch.o)
 .bss           0x000000000002f368        0x0 obj_cooja/mtype815.a(beep.o)
 .bss           0x000000000002f368        0x8 obj_cooja/mtype815.a(button-sensor.o)
 .bss           0x000000000002f370        0x0 obj_cooja/mtype815.a(leds-arch.o)
 .bss           0x000000000002f370        0x0 obj_cooja/mtype815.a(moteid.o)
 .bss           0x000000000002f370        0x1 obj_cooja/mtype815.a(pir-sensor.o)
                0x000000000002f370                simPirValue
 *fill*         0x000000000002f371        0x3 
 .bss           0x000000000002f374        0x4 obj_cooja/mtype815.a(rs232.o)
 .bss           0x000000000002f378        0x1 obj_cooja/mtype815.a(vib-sensor.o)
                0x000000000002f378                simVibValue
 .bss           0x000000000002f379        0x0 obj_cooja/mtype815.a(clock.o)
 *fill*         0x000000000002f379        0x7 
 .bss           0x000000000002f380      0x420 obj_cooja/mtype815.a(log.o)
 .bss           0x000000000002f7a0      0xfc0 obj_cooja/mtype815.a(cfs-cooja.o)
                0x000000000002f7a0                simCFSData
                0x0000000000030740                simCFSSize
                0x0000000000030744                simCFSChanged
                0x0000000000030748                simCFSRead
                0x000000000003074c                simCFSWritten
 .bss           0x0000000000030760       0x24 obj_cooja/mtype815.a(cooja-radio.o)
                0x0000000000030760                simReceivingLR
                0x0000000000030764                simInSizeLR
                0x0000000000030768                simOutSizeLR
                0x000000000003076c                simReceiving
                0x0000000000030770                simInSize
                0x0000000000030774                simOutSize
                0x0000000000030778                LongRangeTransmit
                0x000000000003077c                LongRangeReceiving
 .bss           0x0000000000030784        0xc obj_cooja/mtype815.a(eeprom.o)
                0x0000000000030784                simEEPROMChanged
                0x0000000000030788                simEEPROMRead
                0x000000000003078c                simEEPROMWritten
 .bss           0x0000000000030790        0x0 obj_cooja/mtype815.a(random.o)
 .bss           0x0000000000030790        0xc obj_cooja/mtype815.a(sensors.o)
 .bss           0x000000000003079c        0x0 obj_cooja/mtype815.a(autostart.o)
 .bss           0x000000000003079c        0x5 obj_cooja/mtype815.a(ctimer.o)
 *fill*         0x00000000000307a1        0x3 
 .bss           0x00000000000307a4        0x8 obj_cooja/mtype815.a(etimer.o)
 .bss           0x00000000000307ac        0x0 obj_cooja/mtype815.a(log_message.o)
 *fill*         0x00000000000307ac       0x14 
 .bss           0x00000000000307c0      0x1b1 obj_cooja/mtype815.a(process.o)
                0x00000000000307c0                process_list
                0x00000000000307c4                process_current
 .bss           0x0000000000030971        0x0 obj_cooja/mtype815.a(residual.o)
 *fill*         0x0000000000030971        0x3 
 .bss           0x0000000000030974        0x4 obj_cooja/mtype815.a(rtimer.o)
 .bss           0x0000000000030978        0x0 obj_cooja/mtype815.a(stimer.o)
 .bss           0x0000000000030978        0x0 obj_cooja/mtype815.a(timer.o)
 *fill*         0x0000000000030978        0x8 
 .bss           0x0000000000030980      0x140 obj_cooja/mtype815.a(serial-line.o)
 .bss           0x0000000000030ac0        0x0 obj_cooja/mtype815.a(list.o)
 .bss           0x0000000000030ac0        0x0 obj_cooja/mtype815.a(ringbuf.o)
 .bss           0x0000000000030ac0      0x70c obj_cooja/mtype815.a(sicslowpan.o)
 *fill*         0x00000000000311cc       0x14 
 .bss           0x00000000000311e0      0x4b0 obj_cooja/mtype815.a(uip-ds6-nbr.o)
 *fill*         0x0000000000031690       0x10 
 .bss           0x00000000000316a0      0x608 obj_cooja/mtype815.a(uip-ds6-route.o)
 .bss           0x0000000000031ca8       0x20 obj_cooja/mtype815.a(uip-ds6.o)
 .bss           0x0000000000031cc8        0xe obj_cooja/mtype815.a(uip6.o)
                0x0000000000031cc8                uip_ext_bitmap
                0x0000000000031cc9                uip_ext_len
                0x0000000000031cca                uip_ext_opt_offset
 *fill*         0x0000000000031cd6        0xa 
 .bss           0x0000000000031ce0       0x68 obj_cooja/mtype815.a(tcpip.o)
 .bss           0x0000000000031d48        0x0 obj_cooja/mtype815.a(uip-debug.o)
 *fill*         0x0000000000031d48       0x18 
 .bss           0x0000000000031d60      0xcf8 obj_cooja/mtype815.a(uip-packetqueue)
 .bss           0x0000000000032a58        0x0 obj_cooja/mtype815.a(uip-udp-packet.)
 *fill*         0x0000000000032a58        0x8 
 .bss           0x0000000000032a60      0x352 obj_cooja/mtype815.a(rpl-dag.o)
 .bss           0x0000000000032db2        0x0 obj_cooja/mtype815.a(rpl-ext-header.)
 .bss           0x0000000000032db2        0x0 obj_cooja/mtype815.a(rpl-icmp6.o)
 .bss           0x0000000000032db2        0x0 obj_cooja/mtype815.a(rpl-ltmax.o)
 *fill*         0x0000000000032db2        0xe 
 .bss           0x0000000000032dc0       0x23 obj_cooja/mtype815.a(rpl-timers.o)
 *fill*         0x0000000000032de3        0x1 
 .bss           0x0000000000032de4        0x4 obj_cooja/mtype815.a(rpl.o)
 *fill*         0x0000000000032de8       0x18 
 .bss           0x0000000000032e00      0x248 obj_cooja/mtype815.a(csma.o)
 .bss           0x0000000000033048        0x2 obj_cooja/mtype815.a(framer-802154.o)
 .bss           0x000000000003304a        0x0 obj_cooja/mtype815.a(mac.o)
 *fill*         0x000000000003304a       0x16 
 .bss           0x0000000000033060       0xb0 obj_cooja/mtype815.a(cxmac.o)
 .bss           0x0000000000033110        0x0 obj_cooja/mtype815.a(linkaddr.o)
 *fill*         0x0000000000033110       0x10 
 .bss           0x0000000000033120      0x35c obj_cooja/mtype815.a(nbr-table.o)
 .bss           0x000000000003347c        0x0 obj_cooja/mtype815.a(netstack.o)
 *fill*         0x000000000003347c        0x4 
 .bss           0x0000000000033480       0xa0 obj_cooja/mtype815.a(packetbuf.o)
 .bss           0x0000000000033520      0xb80 obj_cooja/mtype815.a(queuebuf.o)
 .bss           0x00000000000340a0        0x0 obj_cooja/mtype815.a(nullsec.o)
 .bss           0x00000000000340a0        0x0 obj_cooja/mtype815.a(watchdog.o)
 .bss           0x00000000000340a0        0x0 obj_cooja/mtype815.a(rimestats.o)
 .bss           0x00000000000340a0        0x1 obj_cooja/mtype815.a(leds.o)
 .bss           0x00000000000340a1        0x0 obj_cooja/mtype815.a(memb.o)
 *fill*         0x00000000000340a1        0x3 
 .bss           0x00000000000340a4       0x18 obj_cooja/mtype815.a(uip-icmp6.o)
 .bss           0x00000000000340bc        0x0 obj_cooja/mtype815.a(uip-nd6.o)
 *fill*         0x00000000000340bc        0x4 
 .bss           0x00000000000340c0       0x44 obj_cooja/mtype815.a(rpl-nbr-policy.)
 .bss           0x0000000000034104        0x0 obj_cooja/mtype815.a(frame802154.o)
 .bss           0x0000000000034104        0x0 /usr/lib/gcc/i686-linux-gnu/4.8/crtendS.o
 .bss           0x0000000000034104        0x0 /usr/lib/gcc/i686-linux-gnu/4.8/../../../i386-linux-gnu/crtn.o
 *(COMMON)
 COMMON         0x0000000000034104       0x6c udp-client.co
                0x0000000000034104                dio_count
                0x0000000000034108                dis_count
                0x000000000003410c                csma_drop_count
                0x0000000000034110                tcp_output_count
                0x0000000000034114                csma_transmission_count
                0x0000000000034118                dao_ack_fwd_count
                0x000000000003411c                COOJA_radioRxLong
                0x0000000000034120                cxmac_collision_count
                0x0000000000034124                cxmac_retransmission_count
                0x0000000000034128                control_message_count
                0x000000000003412c                dao_count
                0x0000000000034130                icmp_count
                0x0000000000034134                COOJA_radioTx
                0x0000000000034138                cxmac_transmission_count
                0x000000000003413c                dao_ack_count
                0x0000000000034140                data_message_count
                0x0000000000034144                my_sink_reachability
                0x0000000000034148                COOJA_radioTxLong
                0x000000000003414c                COOJA_radioRx
                0x0000000000034150                my_parent_number
                0x0000000000034154                COOJA_radioOn
                0x0000000000034158                LSA_count
                0x000000000003415c                dao_fwd_count
                0x0000000000034160                COOJA_duration
                0x0000000000034164                dio_ack_count
                0x0000000000034168                COOJA_radioOnLong
                0x000000000003416c                data_fwd_count
 COMMON         0x0000000000034170        0xc obj_cooja/mtype815.o
                0x0000000000034170                referenceVar
                0x0000000000034174                debugfp
                0x0000000000034178                sensors_flags
 COMMON         0x000000000003417c        0xc obj_cooja/mtype815.a(simEnvChange.o)
                0x000000000003417c                simEtimerPending
                0x0000000000034180                simProcessRunValue
                0x0000000000034184                simNextExpirationTime
 COMMON         0x0000000000034188        0x1 obj_cooja/mtype815.a(beep.o)
                0x0000000000034188                simBeeped
 COMMON         0x0000000000034189        0x3 obj_cooja/mtype815.a(button-sensor.o)
                0x0000000000034189                simButtonIsActive
                0x000000000003418a                simButtonIsDown
                0x000000000003418b                simButtonChanged
 COMMON         0x000000000003418c        0x1 obj_cooja/mtype815.a(leds-arch.o)
                0x000000000003418c                simLedsValue
 *fill*         0x000000000003418d        0x3 
 COMMON         0x0000000000034190        0xc obj_cooja/mtype815.a(moteid.o)
                0x0000000000034190                simRandomSeed
                0x0000000000034194                simMoteIDChanged
                0x0000000000034198                simMoteID
 COMMON         0x000000000003419c        0x2 obj_cooja/mtype815.a(pir-sensor.o)
                0x000000000003419c                simPirIsActive
                0x000000000003419d                simPirChanged
 *fill*         0x000000000003419e        0x2 
 COMMON         0x00000000000341a0      0x820 obj_cooja/mtype815.a(rs232.o)
                0x00000000000341a0                simSerialReceivingFlag
                0x00000000000341a4                simSerialReceivingLength
                0x00000000000341c0                simSerialReceivingData
 COMMON         0x00000000000349c0        0x2 obj_cooja/mtype815.a(vib-sensor.o)
                0x00000000000349c0                simVibChanged
                0x00000000000349c1                simVibIsActive
 *fill*         0x00000000000349c2        0x2 
 COMMON         0x00000000000349c4        0x4 obj_cooja/mtype815.a(clock.o)
                0x00000000000349c4                simCurrentTime
 *fill*         0x00000000000349c8       0x18 
 COMMON         0x00000000000349e0      0x420 obj_cooja/mtype815.a(log.o)
                0x00000000000349e0                simLoggedLength
                0x00000000000349e4                simLoggedFlag
                0x0000000000034a00                simLoggedData
 COMMON         0x0000000000034e00      0x200 obj_cooja/mtype815.a(cooja-radio.o)
                0x0000000000034e00                simOutDataBuffer
                0x0000000000034e80                simInDataBufferLR
                0x0000000000034f00                simOutDataBufferLR
                0x0000000000034f80                simInDataBuffer
 COMMON         0x0000000000035000      0x400 obj_cooja/mtype815.a(eeprom.o)
                0x0000000000035000                simEEPROMData
 COMMON         0x0000000000035400        0x1 obj_cooja/mtype815.a(sensors.o)
                0x0000000000035400                sensors_event
 *fill*         0x0000000000035401        0x3 
 COMMON         0x0000000000035404        0x4 obj_cooja/mtype815.a(log_message.o)
                0x0000000000035404                log_fp
 COMMON         0x0000000000035408        0x1 obj_cooja/mtype815.a(serial-line.o)
                0x0000000000035408                serial_line_event_message
 *fill*         0x0000000000035409       0x17 
 COMMON         0x0000000000035420      0x181 obj_cooja/mtype815.a(uip-ds6.o)
                0x0000000000035420                uip_ds6_prefix_list
                0x0000000000035480                uip_ds6_timer_periodic
                0x0000000000035490                uip_ds6_netif_addr_list_offset
                0x00000000000354a0                uip_ds6_if
                0x0000000000035598                uip_ds6_timer_ra
                0x00000000000355a0                uip_ds6_addr_size
 *fill*         0x00000000000355a1       0x1f 
 COMMON         0x00000000000355c0      0x8ec obj_cooja/mtype815.a(uip6.o)
                0x00000000000355c0                uip_slen
                0x00000000000355c2                uip_acc32
                0x00000000000355e0                uip_conns
                0x00000000000356a0                uip_lladdr
                0x00000000000356a8                uip_appdata
                0x00000000000356ac                uip_flags
                0x00000000000356c0                uip_aligned_buf
                0x0000000000035d00                uip_listenports
                0x0000000000035d10                uip_len
                0x0000000000035d14                uip_sappdata
                0x0000000000035d20                uip_udp_conns
                0x0000000000035ea0                uip_udp_conn
                0x0000000000035ea4                uip_next_hdr
                0x0000000000035ea8                uip_conn
 COMMON         0x0000000000035eac        0x1 obj_cooja/mtype815.a(tcpip.o)
                0x0000000000035eac                tcpip_event
 *fill*         0x0000000000035ead       0x13 
 COMMON         0x0000000000035ec0      0x178 obj_cooja/mtype815.a(rpl-dag.o)
                0x0000000000035ec0                default_instance
                0x0000000000035ee0                instance_table
 COMMON         0x0000000000036038        0x8 obj_cooja/mtype815.a(linkaddr.o)
                0x0000000000036038                linkaddr_node_addr
 COMMON         0x0000000000036040       0x2e obj_cooja/mtype815.a(packetbuf.o)
                0x0000000000036040                packetbuf_attrs
                0x000000000003605e                packetbuf_addrs
 *fill*         0x000000000003606e       0x12 
 COMMON         0x0000000000036080       0x48 obj_cooja/mtype815.a(rimestats.o)
                0x0000000000036080                rimestats
                0x00000000000360c8                . = ALIGN ((. != 0x0)?0x4:0x1)
                0x00000000000360c8                . = ALIGN (0x4)
                0x00000000000360c8                . = SEGMENT_START ("ldata-segment", .)
                0x00000000000360c8                . = ALIGN (0x4)
                0x00000000000360c8                _end = .
                0x00000000000360c8                PROVIDE (end, .)
                0x00000000000360c8                . = DATA_SEGMENT_END (.)

.stab
 *(.stab)

.stabstr
 *(.stabstr)

.stab.excl
 *(.stab.excl)

.stab.exclstr
 *(.stab.exclstr)

.stab.index
 *(.stab.index)

.stab.indexstr
 *(.stab.indexstr)

.comment        0x0000000000000000       0x29
 *(.comment)
 .comment       0x0000000000000000       0x29 /usr/lib/gcc/i686-linux-gnu/4.8/crtbeginS.o
                                         0x2a (size before relaxing)
 .comment       0x0000000000000000       0x2a udp-client.co
 .comment       0x0000000000000000       0x2a obj_cooja/mtype815.o
 .comment       0x0000000000000000       0x2a obj_cooja/mtype815.a(simEnvChange.o)
 .comment       0x0000000000000000       0x2a obj_cooja/mtype815.a(cooja_mt.o)
 .comment       0x0000000000000000       0x2a obj_cooja/mtype815.a(cooja_mtarch.o)
 .comment       0x0000000000000000       0x2a obj_cooja/mtype815.a(rtimer-arch.o)
 .comment       0x0000000000000000       0x2a obj_cooja/mtype815.a(beep.o)
 .comment       0x0000000000000000       0x2a obj_cooja/mtype815.a(button-sensor.o)
 .comment       0x0000000000000000       0x2a obj_cooja/mtype815.a(leds-arch.o)
 .comment       0x0000000000000000       0x2a obj_cooja/mtype815.a(moteid.o)
 .comment       0x0000000000000000       0x2a obj_cooja/mtype815.a(pir-sensor.o)
 .comment       0x0000000000000000       0x2a obj_cooja/mtype815.a(rs232.o)
 .comment       0x0000000000000000       0x2a obj_cooja/mtype815.a(vib-sensor.o)
 .comment       0x0000000000000000       0x2a obj_cooja/mtype815.a(clock.o)
 .comment       0x0000000000000000       0x2a obj_cooja/mtype815.a(log.o)
 .comment       0x0000000000000000       0x2a obj_cooja/mtype815.a(cfs-cooja.o)
 .comment       0x0000000000000000       0x2a obj_cooja/mtype815.a(cooja-radio.o)
 .comment       0x0000000000000000       0x2a obj_cooja/mtype815.a(eeprom.o)
 .comment       0x0000000000000000       0x2a obj_cooja/mtype815.a(random.o)
 .comment       0x0000000000000000       0x2a obj_cooja/mtype815.a(sensors.o)
 .comment       0x0000000000000000       0x2a obj_cooja/mtype815.a(autostart.o)
 .comment       0x0000000000000000       0x2a obj_cooja/mtype815.a(ctimer.o)
 .comment       0x0000000000000000       0x2a obj_cooja/mtype815.a(etimer.o)
 .comment       0x0000000000000000       0x2a obj_cooja/mtype815.a(log_message.o)
 .comment       0x0000000000000000       0x2a obj_cooja/mtype815.a(process.o)
 .comment       0x0000000000000000       0x2a obj_cooja/mtype815.a(residual.o)
 .comment       0x0000000000000000       0x2a obj_cooja/mtype815.a(rtimer.o)
 .comment       0x0000000000000000       0x2a obj_cooja/mtype815.a(stimer.o)
 .comment       0x0000000000000000       0x2a obj_cooja/mtype815.a(timer.o)
 .comment       0x0000000000000000       0x2a obj_cooja/mtype815.a(serial-line.o)
 .comment       0x0000000000000000       0x2a obj_cooja/mtype815.a(list.o)
 .comment       0x0000000000000000       0x2a obj_cooja/mtype815.a(ringbuf.o)
 .comment       0x0000000000000000       0x2a obj_cooja/mtype815.a(sicslowpan.o)
 .comment       0x0000000000000000       0x2a obj_cooja/mtype815.a(uip-ds6-nbr.o)
 .comment       0x0000000000000000       0x2a obj_cooja/mtype815.a(uip-ds6-route.o)
 .comment       0x0000000000000000       0x2a obj_cooja/mtype815.a(uip-ds6.o)
 .comment       0x0000000000000000       0x2a obj_cooja/mtype815.a(uip6.o)
 .comment       0x0000000000000000       0x2a obj_cooja/mtype815.a(tcpip.o)
 .comment       0x0000000000000000       0x2a obj_cooja/mtype815.a(uip-debug.o)
 .comment       0x0000000000000000       0x2a obj_cooja/mtype815.a(uip-packetqueue)
 .comment       0x0000000000000000       0x2a obj_cooja/mtype815.a(uip-udp-packet.)
 .comment       0x0000000000000000       0x2a obj_cooja/mtype815.a(rpl-dag.o)
 .comment       0x0000000000000000       0x2a obj_cooja/mtype815.a(rpl-ext-header.)
 .comment       0x0000000000000000       0x2a obj_cooja/mtype815.a(rpl-icmp6.o)
 .comment       0x0000000000000000       0x2a obj_cooja/mtype815.a(rpl-ltmax.o)
 .comment       0x0000000000000000       0x2a obj_cooja/mtype815.a(rpl-timers.o)
 .comment       0x0000000000000000       0x2a obj_cooja/mtype815.a(rpl.o)
 .comment       0x0000000000000000       0x2a obj_cooja/mtype815.a(csma.o)
 .comment       0x0000000000000000       0x2a obj_cooja/mtype815.a(framer-802154.o)
 .comment       0x0000000000000000       0x2a obj_cooja/mtype815.a(mac.o)
 .comment       0x0000000000000000       0x2a obj_cooja/mtype815.a(cxmac.o)
 .comment       0x0000000000000000       0x2a obj_cooja/mtype815.a(linkaddr.o)
 .comment       0x0000000000000000       0x2a obj_cooja/mtype815.a(nbr-table.o)
 .comment       0x0000000000000000       0x2a obj_cooja/mtype815.a(netstack.o)
 .comment       0x0000000000000000       0x2a obj_cooja/mtype815.a(packetbuf.o)
 .comment       0x0000000000000000       0x2a obj_cooja/mtype815.a(queuebuf.o)
 .comment       0x0000000000000000       0x2a obj_cooja/mtype815.a(nullsec.o)
 .comment       0x0000000000000000       0x2a obj_cooja/mtype815.a(watchdog.o)
 .comment       0x0000000000000000       0x2a obj_cooja/mtype815.a(rimestats.o)
 .comment       0x0000000000000000       0x2a obj_cooja/mtype815.a(leds.o)
 .comment       0x0000000000000000       0x2a obj_cooja/mtype815.a(memb.o)
 .comment       0x0000000000000000       0x2a obj_cooja/mtype815.a(uip-icmp6.o)
 .comment       0x0000000000000000       0x2a obj_cooja/mtype815.a(uip-nd6.o)
 .comment       0x0000000000000000       0x2a obj_cooja/mtype815.a(rpl-nbr-policy.)
 .comment       0x0000000000000000       0x2a obj_cooja/mtype815.a(frame802154.o)
 .comment       0x0000000000000000       0x2a /usr/lib/gcc/i686-linux-gnu/4.8/crtendS.o

.debug
 *(.debug)

.line
 *(.line)

.debug_srcinfo
 *(.debug_srcinfo)

.debug_sfnames
 *(.debug_sfnames)

.debug_aranges  0x0000000000000000      0x818
 *(.debug_aranges)
 .debug_aranges
                0x0000000000000000       0x20 udp-client.co
 .debug_aranges
                0x0000000000000020       0x20 obj_cooja/mtype815.o
 .debug_aranges
                0x0000000000000040       0x20 obj_cooja/mtype815.a(simEnvChange.o)
 .debug_aranges
                0x0000000000000060       0x20 obj_cooja/mtype815.a(cooja_mt.o)
 .debug_aranges
                0x0000000000000080       0x20 obj_cooja/mtype815.a(cooja_mtarch.o)
 .debug_aranges
                0x00000000000000a0       0x20 obj_cooja/mtype815.a(rtimer-arch.o)
 .debug_aranges
                0x00000000000000c0       0x20 obj_cooja/mtype815.a(beep.o)
 .debug_aranges
                0x00000000000000e0       0x20 obj_cooja/mtype815.a(button-sensor.o)
 .debug_aranges
                0x0000000000000100       0x20 obj_cooja/mtype815.a(leds-arch.o)
 .debug_aranges
                0x0000000000000120       0x20 obj_cooja/mtype815.a(moteid.o)
 .debug_aranges
                0x0000000000000140       0x20 obj_cooja/mtype815.a(pir-sensor.o)
 .debug_aranges
                0x0000000000000160       0x20 obj_cooja/mtype815.a(rs232.o)
 .debug_aranges
                0x0000000000000180       0x20 obj_cooja/mtype815.a(vib-sensor.o)
 .debug_aranges
                0x00000000000001a0       0x20 obj_cooja/mtype815.a(clock.o)
 .debug_aranges
                0x00000000000001c0       0x20 obj_cooja/mtype815.a(log.o)
 .debug_aranges
                0x00000000000001e0       0x20 obj_cooja/mtype815.a(cfs-cooja.o)
 .debug_aranges
                0x0000000000000200       0x20 obj_cooja/mtype815.a(cooja-radio.o)
 .debug_aranges
                0x0000000000000220       0x20 obj_cooja/mtype815.a(eeprom.o)
 .debug_aranges
                0x0000000000000240       0x20 obj_cooja/mtype815.a(random.o)
 .debug_aranges
                0x0000000000000260       0x20 obj_cooja/mtype815.a(sensors.o)
 .debug_aranges
                0x0000000000000280       0x20 obj_cooja/mtype815.a(autostart.o)
 .debug_aranges
                0x00000000000002a0       0x20 obj_cooja/mtype815.a(ctimer.o)
 .debug_aranges
                0x00000000000002c0       0x20 obj_cooja/mtype815.a(etimer.o)
 .debug_aranges
                0x00000000000002e0       0x20 obj_cooja/mtype815.a(log_message.o)
 .debug_aranges
                0x0000000000000300       0x20 obj_cooja/mtype815.a(process.o)
 .debug_aranges
                0x0000000000000320       0x20 obj_cooja/mtype815.a(residual.o)
 .debug_aranges
                0x0000000000000340       0x20 obj_cooja/mtype815.a(rtimer.o)
 .debug_aranges
                0x0000000000000360       0x20 obj_cooja/mtype815.a(stimer.o)
 .debug_aranges
                0x0000000000000380       0x20 obj_cooja/mtype815.a(timer.o)
 .debug_aranges
                0x00000000000003a0       0x20 obj_cooja/mtype815.a(serial-line.o)
 .debug_aranges
                0x00000000000003c0       0x20 obj_cooja/mtype815.a(list.o)
 .debug_aranges
                0x00000000000003e0       0x20 obj_cooja/mtype815.a(ringbuf.o)
 .debug_aranges
                0x0000000000000400       0x20 obj_cooja/mtype815.a(sicslowpan.o)
 .debug_aranges
                0x0000000000000420       0x20 obj_cooja/mtype815.a(uip-ds6-nbr.o)
 .debug_aranges
                0x0000000000000440       0x20 obj_cooja/mtype815.a(uip-ds6-route.o)
 .debug_aranges
                0x0000000000000460       0x20 obj_cooja/mtype815.a(uip-ds6.o)
 .debug_aranges
                0x0000000000000480       0x20 obj_cooja/mtype815.a(uip6.o)
 .debug_aranges
                0x00000000000004a0       0x20 obj_cooja/mtype815.a(tcpip.o)
 .debug_aranges
                0x00000000000004c0       0x20 obj_cooja/mtype815.a(uip-debug.o)
 .debug_aranges
                0x00000000000004e0       0x20 obj_cooja/mtype815.a(uip-packetqueue)
 .debug_aranges
                0x0000000000000500       0x20 obj_cooja/mtype815.a(uip-udp-packet.)
 .debug_aranges
                0x0000000000000520       0x20 obj_cooja/mtype815.a(rpl-dag.o)
 .debug_aranges
                0x0000000000000540       0x20 obj_cooja/mtype815.a(rpl-ext-header.)
 .debug_aranges
                0x0000000000000560       0x20 obj_cooja/mtype815.a(rpl-icmp6.o)
 .debug_aranges
                0x0000000000000580       0x20 obj_cooja/mtype815.a(rpl-ltmax.o)
 .debug_aranges
                0x00000000000005a0       0x20 obj_cooja/mtype815.a(rpl-timers.o)
 .debug_aranges
                0x00000000000005c0       0x20 obj_cooja/mtype815.a(rpl.o)
 .debug_aranges
                0x00000000000005e0       0x20 obj_cooja/mtype815.a(csma.o)
 .debug_aranges
                0x0000000000000600       0x20 obj_cooja/mtype815.a(framer-802154.o)
 .debug_aranges
                0x0000000000000620       0x20 obj_cooja/mtype815.a(mac.o)
 .debug_aranges
                0x0000000000000640       0x20 obj_cooja/mtype815.a(cxmac.o)
 .debug_aranges
                0x0000000000000660       0x20 obj_cooja/mtype815.a(linkaddr.o)
 .debug_aranges
                0x0000000000000680       0x20 obj_cooja/mtype815.a(nbr-table.o)
 .debug_aranges
                0x00000000000006a0       0x20 obj_cooja/mtype815.a(netstack.o)
 .debug_aranges
                0x00000000000006c0       0x20 obj_cooja/mtype815.a(packetbuf.o)
 .debug_aranges
                0x00000000000006e0       0x20 obj_cooja/mtype815.a(queuebuf.o)
 .debug_aranges
                0x0000000000000700       0x20 obj_cooja/mtype815.a(nullsec.o)
 .debug_aranges
                0x0000000000000720       0x20 obj_cooja/mtype815.a(watchdog.o)
 .debug_aranges
                0x0000000000000740       0x18 obj_cooja/mtype815.a(rimestats.o)
 .debug_aranges
                0x0000000000000758       0x20 obj_cooja/mtype815.a(leds.o)
 .debug_aranges
                0x0000000000000778       0x20 obj_cooja/mtype815.a(memb.o)
 .debug_aranges
                0x0000000000000798       0x20 obj_cooja/mtype815.a(uip-icmp6.o)
 .debug_aranges
                0x00000000000007b8       0x20 obj_cooja/mtype815.a(uip-nd6.o)
 .debug_aranges
                0x00000000000007d8       0x20 obj_cooja/mtype815.a(rpl-nbr-policy.)
 .debug_aranges
                0x00000000000007f8       0x20 obj_cooja/mtype815.a(frame802154.o)

.debug_pubnames
 *(.debug_pubnames)

.debug_info     0x0000000000000000    0x1cc26
 *(.debug_info .gnu.linkonce.wi.*)
 .debug_info    0x0000000000000000     0x1184 udp-client.co
 .debug_info    0x0000000000001184     0x3b1e obj_cooja/mtype815.o
 .debug_info    0x0000000000004ca2      0x15a obj_cooja/mtype815.a(simEnvChange.o)
 .debug_info    0x0000000000004dfc      0x1e2 obj_cooja/mtype815.a(cooja_mt.o)
 .debug_info    0x0000000000004fde      0x2e7 obj_cooja/mtype815.a(cooja_mtarch.o)
 .debug_info    0x00000000000052c5      0x16b obj_cooja/mtype815.a(rtimer-arch.o)
 .debug_info    0x0000000000005430      0x1f3 obj_cooja/mtype815.a(beep.o)
 .debug_info    0x0000000000005623      0x257 obj_cooja/mtype815.a(button-sensor.o)
 .debug_info    0x000000000000587a      0x132 obj_cooja/mtype815.a(leds-arch.o)
 .debug_info    0x00000000000059ac      0x10a obj_cooja/mtype815.a(moteid.o)
 .debug_info    0x0000000000005ab6      0x216 obj_cooja/mtype815.a(pir-sensor.o)
 .debug_info    0x0000000000005ccc      0x21e obj_cooja/mtype815.a(rs232.o)
 .debug_info    0x0000000000005eea      0x216 obj_cooja/mtype815.a(vib-sensor.o)
 .debug_info    0x0000000000006100      0x152 obj_cooja/mtype815.a(clock.o)
 .debug_info    0x0000000000006252      0x2bb obj_cooja/mtype815.a(log.o)
 .debug_info    0x000000000000650d      0x3cf obj_cooja/mtype815.a(cfs-cooja.o)
 .debug_info    0x00000000000068dc      0xc9c obj_cooja/mtype815.a(cooja-radio.o)
 .debug_info    0x0000000000007578      0x1d5 obj_cooja/mtype815.a(eeprom.o)
 .debug_info    0x000000000000774d       0xb3 obj_cooja/mtype815.a(random.o)
 .debug_info    0x0000000000007800      0x36d obj_cooja/mtype815.a(sensors.o)
 .debug_info    0x0000000000007b6d      0x1a5 obj_cooja/mtype815.a(autostart.o)
 .debug_info    0x0000000000007d12      0x46c obj_cooja/mtype815.a(ctimer.o)
 .debug_info    0x000000000000817e      0x49c obj_cooja/mtype815.a(etimer.o)
 .debug_info    0x000000000000861a      0x55c obj_cooja/mtype815.a(log_message.o)
 .debug_info    0x0000000000008b76      0x4ba obj_cooja/mtype815.a(process.o)
 .debug_info    0x0000000000009030      0x16b obj_cooja/mtype815.a(residual.o)
 .debug_info    0x000000000000919b      0x1ab obj_cooja/mtype815.a(rtimer.o)
 .debug_info    0x0000000000009346      0x179 obj_cooja/mtype815.a(stimer.o)
 .debug_info    0x00000000000094bf      0x16c obj_cooja/mtype815.a(timer.o)
 .debug_info    0x000000000000962b      0x2de obj_cooja/mtype815.a(serial-line.o)
 .debug_info    0x0000000000009909      0x2ed obj_cooja/mtype815.a(list.o)
 .debug_info    0x0000000000009bf6      0x1aa obj_cooja/mtype815.a(ringbuf.o)
 .debug_info    0x0000000000009da0     0x105e obj_cooja/mtype815.a(sicslowpan.o)
 .debug_info    0x000000000000adfe      0x853 obj_cooja/mtype815.a(uip-ds6-nbr.o)
 .debug_info    0x000000000000b651      0xd30 obj_cooja/mtype815.a(uip-ds6-route.o)
 .debug_info    0x000000000000c381      0xa5b obj_cooja/mtype815.a(uip-ds6.o)
 .debug_info    0x000000000000cddc      0xfd2 obj_cooja/mtype815.a(uip6.o)
 .debug_info    0x000000000000ddae     0x157e obj_cooja/mtype815.a(tcpip.o)
 .debug_info    0x000000000000f32c      0x1b5 obj_cooja/mtype815.a(uip-debug.o)
 .debug_info    0x000000000000f4e1      0x470 obj_cooja/mtype815.a(uip-packetqueue)
 .debug_info    0x000000000000f951      0x37a obj_cooja/mtype815.a(uip-udp-packet.)