Archive member included to satisfy reference by file (symbol)

obj_cooja/mtype442.a(simEnvChange.o)
                              obj_cooja/mtype442.o (simDontFallAsleep)
obj_cooja/mtype442.a(cooja_mt.o)
                              obj_cooja/mtype442.o (cooja_mt_start)
obj_cooja/mtype442.a(cooja_mtarch.o)
                              obj_cooja/mtype442.a(cooja_mt.o) (cooja_mtarch_init)
obj_cooja/mtype442.a(rtimer-arch.o)
                              obj_cooja/mtype442.o (rtimer_arch_next)
obj_cooja/mtype442.a(beep.o)  obj_cooja/mtype442.o (beep_interface)
obj_cooja/mtype442.a(button-sensor.o)
                              obj_cooja/mtype442.o (button_interface)
obj_cooja/mtype442.a(leds-arch.o)
                              obj_cooja/mtype442.o (leds_interface)
obj_cooja/mtype442.a(moteid.o)
                              obj_cooja/mtype442.o (moteid_interface)
obj_cooja/mtype442.a(pir-sensor.o)
                              obj_cooja/mtype442.o (pir_interface)
obj_cooja/mtype442.a(rs232.o)
                              obj_cooja/mtype442.o (rs232_interface)
obj_cooja/mtype442.a(vib-sensor.o)
                              obj_cooja/mtype442.o (vib_interface)
obj_cooja/mtype442.a(clock.o)
                              obj_cooja/mtype442.o (clock_interface)
obj_cooja/mtype442.a(log.o)   obj_cooja/mtype442.o (simlog_interface)
obj_cooja/mtype442.a(cfs-cooja.o)
                              obj_cooja/mtype442.o (cfs_interface)
obj_cooja/mtype442.a(cooja-radio.o)
                              obj_cooja/mtype442.o (radio_interface)
obj_cooja/mtype442.a(eeprom.o)
                              obj_cooja/mtype442.o (eeprom_interface)
obj_cooja/mtype442.a(random.o)
                              obj_cooja/mtype442.a(moteid.o) (random_init)
obj_cooja/mtype442.a(sensors.o)
                              udp-server.co (sensors_event)
obj_cooja/mtype442.a(leds.o)  obj_cooja/mtype442.a(cooja-radio.o) (leds_on)
obj_cooja/mtype442.a(dual_conf.o)
                              obj_cooja/mtype442.a(cooja-radio.o) (long_range_radio)
obj_cooja/mtype442.a(autostart.o)
                              obj_cooja/mtype442.o (autostart_start)
obj_cooja/mtype442.a(ctimer.o)
                              obj_cooja/mtype442.o (ctimer_init)
obj_cooja/mtype442.a(etimer.o)
                              obj_cooja/mtype442.o (etimer_process)
obj_cooja/mtype442.a(log_message.o)
                              obj_cooja/mtype442.o (log_initialization)
obj_cooja/mtype442.a(process.o)
                              udp-server.co (process_current)
obj_cooja/mtype442.a(residual.o)
                              obj_cooja/mtype442.o (DISSIPATION_RATE)
obj_cooja/mtype442.a(rtimer.o)
                              obj_cooja/mtype442.a(rtimer-arch.o) (rtimer_run_next)
obj_cooja/mtype442.a(timer.o)
                              obj_cooja/mtype442.a(button-sensor.o) (timer_set)
obj_cooja/mtype442.a(serial-line.o)
                              obj_cooja/mtype442.a(rs232.o) (serial_line_input_byte)
obj_cooja/mtype442.a(list.o)  obj_cooja/mtype442.a(ctimer.o) (list_init)
obj_cooja/mtype442.a(ringbuf.o)
                              obj_cooja/mtype442.a(serial-line.o) (ringbuf_init)
obj_cooja/mtype442.a(sicslowpan.o)
                              obj_cooja/mtype442.o (sicslowpan_driver)
obj_cooja/mtype442.a(uip-ds6-nbr.o)
                              obj_cooja/mtype442.a(sicslowpan.o) (uip_ds6_link_neighbor_callback)
obj_cooja/mtype442.a(uip-ds6.o)
                              udp-server.co (uip_ds6_if)
obj_cooja/mtype442.a(uip6.o)  obj_cooja/mtype442.o (uip_lladdr)
obj_cooja/mtype442.a(tcpip.o)
                              udp-server.co (tcpip_event)
obj_cooja/mtype442.a(uip-debug.o)
                              udp-server.co (uip_debug_ipaddr_print)
obj_cooja/mtype442.a(uip-packetqueue)
                              obj_cooja/mtype442.a(uip-ds6-nbr.o) (uip_packetqueue_new)
obj_cooja/mtype442.a(rpl-dag.o)
                              udp-server.co (rpl_set_root)
obj_cooja/mtype442.a(rpl-ext-header.)
                              obj_cooja/mtype442.a(uip6.o) (rpl_verify_header)
obj_cooja/mtype442.a(rpl-icmp6.o)
                              obj_cooja/mtype442.a(rpl-dag.o) (rpl_icmp6_update_nbr_table)
obj_cooja/mtype442.a(rpl-ltmax.o)
                              obj_cooja/mtype442.a(rpl-dag.o) (rpl_ltmax_of)
obj_cooja/mtype442.a(rpl-timers.o)
                              obj_cooja/mtype442.a(rpl-dag.o) (rpl_reset_dio_timer)
obj_cooja/mtype442.a(rpl.o)   obj_cooja/mtype442.a(rpl-icmp6.o) (rpl_get_mode)
obj_cooja/mtype442.a(csma.o)  udp-server.co (csma_driver)
obj_cooja/mtype442.a(framer-802154.o)
                              obj_cooja/mtype442.a(sicslowpan.o) (framer_802154)
obj_cooja/mtype442.a(mac.o)   obj_cooja/mtype442.a(csma.o) (mac_call_sent_callback)
obj_cooja/mtype442.a(cxmac.o)
                              obj_cooja/mtype442.o (cxmac_driver)
obj_cooja/mtype442.a(linkaddr.o)
                              obj_cooja/mtype442.o (linkaddr_node_addr)
[...]
Memory Configuration

Name             Origin             Length             Attributes
*default*        0x0000000000000000 0xffffffffffffffff

Linker script and memory map

LOAD /usr/lib/gcc/i686-linux-gnu/4.8/../../../i386-linux-gnu/crti.o
LOAD /usr/lib/gcc/i686-linux-gnu/4.8/crtbeginS.o
LOAD udp-server.co
LOAD obj_cooja/mtype442.o
LOAD obj_cooja/mtype442.a
LOAD /usr/lib/gcc/i686-linux-gnu/4.8/libgcc.a
LOAD /usr/lib/gcc/i686-linux-gnu/4.8/libgcc_s.so
LOAD /usr/lib/gcc/i686-linux-gnu/4.8/../../../i386-linux-gnu/libc.so
START GROUP
LOAD /lib/i386-linux-gnu/libc.so.6
LOAD /usr/lib/i386-linux-gnu/libc_nonshared.a
LOAD /lib/i386-linux-gnu/ld-linux.so.2
END GROUP
LOAD /usr/lib/gcc/i686-linux-gnu/4.8/libgcc.a
LOAD /usr/lib/gcc/i686-linux-gnu/4.8/libgcc_s.so
LOAD /usr/lib/gcc/i686-linux-gnu/4.8/crtendS.o
LOAD /usr/lib/gcc/i686-linux-gnu/4.8/../../../i386-linux-gnu/crtn.o
                0x0000000000000114                . = (0x0 + SIZEOF_HEADERS)

.note.gnu.build-id
                0x0000000000000114       0x24
 *(.note.gnu.build-id)
 .note.gnu.build-id
                0x0000000000000114       0x24 /usr/lib/gcc/i686-linux-gnu/4.8/../../../i386-linux-gnu/crti.o

.hash
 *(.hash)

.gnu.hash       0x0000000000000138     0x1388
 *(.gnu.hash)
 .gnu.hash      0x0000000000000138     0x1388 /usr/lib/gcc/i686-linux-gnu/4.8/../../../i386-linux-gnu/crti.o

.dynsym         0x00000000000014c0     0x2680
 *(.dynsym)
 .dynsym        0x00000000000014c0     0x2680 /usr/lib/gcc/i686-linux-gnu/4.8/../../../i386-linux-gnu/crti.o

.dynstr         0x0000000000003b40     0x278d
 *(.dynstr)
 .dynstr        0x0000000000003b40     0x278d /usr/lib/gcc/i686-linux-gnu/4.8/../../../i386-linux-gnu/crti.o

.gnu.version    0x00000000000062ce      0x4d0
 *(.gnu.version)
 .gnu.version   0x00000000000062ce      0x4d0 /usr/lib/gcc/i686-linux-gnu/4.8/../../../i386-linux-gnu/crti.o

.gnu.version_d  0x00000000000067a0        0x0
 *(.gnu.version_d)
 .gnu.version_d
                0x0000000000000000        0x0 /usr/lib/gcc/i686-linux-gnu/4.8/../../../i386-linux-gnu/crti.o

.gnu.version_r  0x00000000000067a0       0x50
 *(.gnu.version_r)
 .gnu.version_r
                0x00000000000067a0       0x50 /usr/lib/gcc/i686-linux-gnu/4.8/../../../i386-linux-gnu/crti.o

.rel.dyn        0x00000000000067f0     0x9308
 *(.rel.init)
 .rel.init      0x0000000000000000        0x0 /usr/lib/gcc/i686-linux-gnu/4.8/../../../i386-linux-gnu/crti.o
 *(.rel.text .rel.text.* .rel.gnu.linkonce.t.*)
 .rel.text      0x00000000000067f0     0x8b30 /usr/lib/gcc/i686-linux-gnu/4.8/../../../i386-linux-gnu/crti.o
 *(.rel.fini)
 .rel.fini      0x0000000000000000        0x0 /usr/lib/gcc/i686-linux-gnu/4.8/../../../i386-linux-gnu/crti.o
 *(.rel.rodata .rel.rodata.* .rel.gnu.linkonce.r.*)
 .rel.rodata    0x000000000000f320      0x4e0 /usr/lib/gcc/i686-linux-gnu/4.8/../../../i386-linux-gnu/crti.o
 *(.rel.data.rel.ro .rel.data.rel.ro.* .rel.gnu.linkonce.d.rel.ro.*)
 *(.rel.data .rel.data.* .rel.gnu.linkonce.d.*)
 .rel.data.rel  0x000000000000f800        0x8 /usr/lib/gcc/i686-linux-gnu/4.8/../../../i386-linux-gnu/crti.o
 .rel.data      0x000000000000f808      0x2b8 /usr/lib/gcc/i686-linux-gnu/4.8/../../../i386-linux-gnu/crti.o
 *(.rel.tdata .rel.tdata.* .rel.gnu.linkonce.td.*)
 *(.rel.tbss .rel.tbss.* .rel.gnu.linkonce.tb.*)
 *(.rel.ctors)
 *(.rel.dtors)
 *(.rel.got)
 .rel.got       0x000000000000fac0       0x28 /usr/lib/gcc/i686-linux-gnu/4.8/../../../i386-linux-gnu/crti.o
 *(.rel.bss .rel.bss.* .rel.gnu.linkonce.b.*)
 *(.rel.ifunc)
 .rel.ifunc     0x0000000000000000        0x0 /usr/lib/gcc/i686-linux-gnu/4.8/../../../i386-linux-gnu/crti.o
 .rel.fini_array
                0x000000000000fae8        0x8 /usr/lib/gcc/i686-linux-gnu/4.8/../../../i386-linux-gnu/crti.o
 .rel.init_array
                0x000000000000faf0        0x8 /usr/lib/gcc/i686-linux-gnu/4.8/../../../i386-linux-gnu/crti.o

.rel.plt        0x000000000000faf8       0x10
 *(.rel.plt)
 .rel.plt       0x000000000000faf8       0x10 /usr/lib/gcc/i686-linux-gnu/4.8/../../../i386-linux-gnu/crti.o
 *(.rel.iplt)

.init           0x000000000000fb08       0x23
 *(SORT(.init))
 .init          0x000000000000fb08       0x1e /usr/lib/gcc/i686-linux-gnu/4.8/../../../i386-linux-gnu/crti.o
                0x000000000000fb08                _init
 .init          0x000000000000fb26        0x5 /usr/lib/gcc/i686-linux-gnu/4.8/../../../i386-linux-gnu/crtn.o

.plt            0x000000000000fb30       0x30
 *(.plt)
 .plt           0x000000000000fb30       0x30 /usr/lib/gcc/i686-linux-gnu/4.8/../../../i386-linux-gnu/crti.o
 *(.iplt)

.text           0x000000000000fb60    0x16ad9
 *(.text.unlikely .text.*_unlikely .text.unlikely.*)
 *(.text.exit .text.exit.*)
 *(.text.startup .text.startup.*)
 *(.text.hot .text.hot.*)
 *(.text .stub .text.* .gnu.linkonce.t.*)
 .text          0x000000000000fb60        0x0 /usr/lib/gcc/i686-linux-gnu/4.8/../../../i386-linux-gnu/crti.o
 .gnu.linkonce.t.__x86.get_pc_thunk.bx
                0x000000000000fb60        0x4 /usr/lib/gcc/i686-linux-gnu/4.8/../../../i386-linux-gnu/crti.o
                0x000000000000fb60                __x86.get_pc_thunk.bx
 *fill*         0x000000000000fb64        0xc 
 .text          0x000000000000fb70      0x11b /usr/lib/gcc/i686-linux-gnu/4.8/crtbeginS.o
 .text          0x000000000000fc8b      0x3f7 udp-server.co
 .text          0x0000000000010082      0x96a obj_cooja/mtype442.o
                0x0000000000010230                contiki_init
                0x0000000000010803                Java_org_contikios_cooja_corecomm_Lib1_init
                0x0000000000010843                Java_org_contikios_cooja_corecomm_Lib1_getMemory
                0x0000000000010883                Java_org_contikios_cooja_corecomm_Lib1_setMemory
                0x00000000000108fa                Java_org_contikios_cooja_corecomm_Lib1_tick
                0x00000000000109da                Java_org_contikios_cooja_corecomm_Lib1_setReferenceAddress
 .text          0x00000000000109ec       0x63 obj_cooja/mtype442.a(simEnvChange.o)
                0x00000000000109ec                doActionsBeforeTick
                0x0000000000010a1d                doActionsAfterTick
 .text          0x0000000000010a4f       0xbc obj_cooja/mtype442.a(cooja_mt.o)
                0x0000000000010a4f                cooja_mt_init
                0x0000000000010a5c                cooja_mt_remove
                0x0000000000010a69                cooja_mt_start
                0x0000000000010a96                cooja_mt_exec
                0x0000000000010ac7                cooja_mt_exit
                0x0000000000010ae9                cooja_mt_yield
 .text          0x0000000000010b0b      0x115 obj_cooja/mtype442.a(cooja_mtarch.o)
                0x0000000000010b0b                cooja_mtarch_init
                0x0000000000010b10                cooja_mtarch_start
                0x0000000000010b8b                cooja_sw
                0x0000000000010bad                cooja_mtarch_exec
                0x0000000000010bc9                cooja_mtarch_remove
                0x0000000000010bce                cooja_mtarch_yield
                0x0000000000010bd8                cooja_mtarch_pstop
                0x0000000000010bdd                cooja_mtarch_pstart
                0x0000000000010be2                cooja_mtarch_stack_usage
 .text          0x0000000000010c20       0xc2 obj_cooja/mtype442.a(rtimer-arch.o)
                0x0000000000010c20                rtimer_arch_init
                0x0000000000010c43                rtimer_arch_schedule
                0x0000000000010c5a                rtimer_arch_next
                0x0000000000010c64                rtimer_arch_pending
                0x0000000000010c6e                rtimer_arch_check
                0x0000000000010ca0                rtimer_arch_now
 .text          0x0000000000010ce2       0x76 obj_cooja/mtype442.a(beep.o)
                0x0000000000010ce2                beep_alarm
                0x0000000000010cee                beep_beep
                0x0000000000010cfa                beep
                0x0000000000010d06                beep_down
                0x0000000000010d12                beep_on
                0x0000000000010d1e                beep_off
                0x0000000000010d2a                beep_spinup
                0x0000000000010d36                beep_quick
                0x0000000000010d42                beep_long
 .text          0x0000000000010d58      0x103 obj_cooja/mtype442.a(button-sensor.o)
 .text          0x0000000000010e5b       0x45 obj_cooja/mtype442.a(leds-arch.o)
                0x0000000000010e5b                leds_arch_init
                0x0000000000010e67                leds_arch_get
                0x0000000000010e73                leds_arch_set
 .text          0x0000000000010ea0       0x2f obj_cooja/mtype442.a(moteid.o)
 .text          0x0000000000010ecf       0xb1 obj_cooja/mtype442.a(pir-sensor.o)
 .text          0x0000000000010f80      0x131 obj_cooja/mtype442.a(rs232.o)
                0x0000000000010f80                rs232_init
                0x0000000000010f85                rs232_set_speed
                0x0000000000010f93                rs232_set_input
                0x0000000000010fa0                rs232_send
                0x0000000000010fc2                rs232_print
                0x0000000000010fdd                slip_arch_writeb
 .text          0x00000000000110b1       0xb1 obj_cooja/mtype442.a(vib-sensor.o)
 .text          0x0000000000011162       0x34 obj_cooja/mtype442.a(clock.o)
                0x0000000000011162                clock_init
                0x0000000000011167                clock_time
                0x0000000000011171                clock_seconds
                0x0000000000011187                clock_delay
 .text          0x0000000000011196      0x1ed obj_cooja/mtype442.a(log.o)
                0x0000000000011196                simlog_char
                0x00000000000111d8                simlog
                0x0000000000011245                log_message
                0x000000000001126d                log_set_putchar_with_slip
                0x000000000001127a                log_putchar
                0x00000000000112fe                log_puts
                0x0000000000011322                log_printf
 .text          0x0000000000011383      0x2c4 obj_cooja/mtype442.a(cfs-cooja.o)
                0x0000000000011383                cfs_open
                0x00000000000113ec                cfs_close
                0x00000000000113f8                cfs_read
                0x0000000000011496                cfs_write
                0x0000000000011573                cfs_seek
                0x00000000000115fb                cfs_remove
                0x0000000000011624                cfs_opendir
                0x000000000001162e                cfs_readdir
                0x0000000000011638                cfs_closedir
 .text          0x0000000000011647      0x69f obj_cooja/mtype442.a(cooja-radio.o)
                0x0000000000011671                radio_set_channel
                0x0000000000011686                radio_set_txpower
                0x00000000000116a6                radio_signal_strength_last
                0x00000000000116b0                radio_signal_strength_current
                0x00000000000116ba                radio_LQI
 .text          0x0000000000011ce6       0xef obj_cooja/mtype442.a(eeprom.o)
                0x0000000000011ce6                eeprom_init
                0x0000000000011ceb                eeprom_read
                0x0000000000011d5b                eeprom_write
 .text          0x0000000000011dd5       0x28 obj_cooja/mtype442.a(random.o)
                0x0000000000011dd5                random_init
                0x0000000000011df0                random_rand
 .text          0x0000000000011dfd      0x2a1 obj_cooja/mtype442.a(sensors.o)
                0x0000000000011e38                sensors_first
                0x0000000000011e42                sensors_next
                0x0000000000011e5f                sensors_changed
                0x0000000000011e8e                sensors_find
 .text          0x000000000001209e      0x134 obj_cooja/mtype442.a(leds.o)
                0x00000000000120ef                leds_init
                0x0000000000012103                leds_blink
                0x000000000001213b                leds_get
                0x0000000000012148                leds_set
                0x0000000000012162                leds_on
                0x0000000000012185                leds_off
                0x00000000000121af                leds_toggle
 .text          0x00000000000121d2      0x318 obj_cooja/mtype442.a(dual_conf.o)
                0x00000000000121d2                dual_radio_switch
                0x0000000000012212                dual_radio_change
                0x000000000001224c                sending_in_LR
                0x0000000000012277                dual_radio_received
                0x00000000000122af                radio_received_is_longrange
                0x00000000000122ca                dual_radio_turn_on
                0x00000000000122ed                dual_radio_turn_off
                0x00000000000124a0                dio_broadcast
                0x00000000000124c9                dis_broadcast
 .text          0x00000000000124ea       0x8e obj_cooja/mtype442.a(autostart.o)
                0x00000000000124ea                autostart_start
                0x0000000000012535                autostart_exit
 .text          0x0000000000012578      0x334 obj_cooja/mtype442.a(ctimer.o)
                0x000000000001268f                ctimer_init
                0x00000000000126bf                ctimer_set
                0x00000000000126f0                ctimer_set_with_process
                0x000000000001276c                ctimer_reset
                0x00000000000127bb                ctimer_restart
                0x000000000001280a                ctimer_stop
                0x0000000000012855                ctimer_expired
 .text          0x00000000000128ac      0x40b obj_cooja/mtype442.a(etimer.o)
                0x0000000000012abf                etimer_request_poll
                0x0000000000012b43                etimer_set
                0x0000000000012b68                etimer_reset_with_new_interval
                0x0000000000012b8f                etimer_reset
                0x0000000000012bad                etimer_restart
                0x0000000000012bcb                etimer_adjust
                0x0000000000012be7                etimer_expired
                0x0000000000012bfa                etimer_expiration_time
                0x0000000000012c0c                etimer_start_time
                0x0000000000012c16                etimer_pending
                0x0000000000012c28                etimer_next_expiration_time
                0x0000000000012c42                etimer_stop
 .text          0x0000000000012cb7      0x220 obj_cooja/mtype442.a(log_message.o)
                0x0000000000012cb7                log_initialization
                0x0000000000012eb6                log_finisher
 .text          0x0000000000012ed7      0x560 obj_cooja/mtype442.a(process.o)
                0x0000000000012ed7                process_alloc_event
                0x0000000000012eec                process_start
                0x00000000000130d5                process_exit
                0x00000000000130f1                process_init
                0x00000000000132c2                process_run
                0x00000000000132f5                process_nevents
                0x0000000000013310                process_post
                0x00000000000133bc                process_post_synch
                0x00000000000133f4                process_poll
                0x0000000000013423                process_is_running
 .text          0x0000000000013437       0xd3 obj_cooja/mtype442.a(residual.o)
                0x0000000000013437                get_residual_energy
 .text          0x000000000001350a       0xba obj_cooja/mtype442.a(rtimer.o)
                0x000000000001350a                rtimer_init
                0x0000000000013517                rtimer_set
                0x000000000001356e                rtimer_run_next
 .text          0x00000000000135c4       0x91 obj_cooja/mtype442.a(timer.o)
                0x00000000000135c4                timer_set
                0x00000000000135df                timer_reset
                0x00000000000135f6                timer_restart
                0x0000000000013608                timer_expired
                0x0000000000013631                timer_remaining
 .text          0x0000000000013655      0x1fb obj_cooja/mtype442.a(serial-line.o)
                0x0000000000013655                serial_line_input_byte
                0x0000000000013818                serial_line_init
 .text          0x0000000000013850      0x244 obj_cooja/mtype442.a(list.o)
                0x0000000000013850                list_init
                0x000000000001385e                list_head
                0x0000000000013868                list_copy
                0x0000000000013877                list_tail
                0x00000000000138ad                list_add
                0x00000000000138f6                list_push
                0x0000000000013922                list_chop
                0x000000000001398c                list_pop
                0x00000000000139b4                list_remove
                0x0000000000013a1b                list_length
                0x0000000000013a49                list_insert
                0x0000000000013a7d                list_item_next
 .text          0x0000000000013a94      0x155 obj_cooja/mtype442.a(ringbuf.o)
                0x0000000000013a94                ringbuf_init
                0x0000000000013ac5                ringbuf_put
                0x0000000000013b43                ringbuf_get
                0x0000000000013bb0                ringbuf_size
                0x0000000000013bc2                ringbuf_elements
 .text          0x0000000000013be9     0x258b obj_cooja/mtype442.a(sicslowpan.o)
                0x0000000000014173                rime_sniffer_add
                0x0000000000014180                rime_sniffer_remove
                0x0000000000016113                sicslowpan_init
                0x000000000001616a                sicslowpan_get_last_rssi
 .text          0x0000000000016174      0x2d9 obj_cooja/mtype442.a(uip-ds6-nbr.o)
                0x0000000000016191                uip_ds6_neighbors_init
                0x00000000000161ae                uip_ds6_nbr_add
                0x000000000001625c                uip_ds6_nbr_rm
                0x00000000000162b9                uip_ds6_nbr_get_ipaddr
                0x00000000000162ce                uip_ds6_nbr_get_ll
                0x00000000000162ea                uip_ds6_nbr_num
                0x000000000001632f                uip_ds6_nbr_lookup
                0x0000000000016394                uip_ds6_nbr_ll_lookup
                0x00000000000163b0                uip_ds6_nbr_ipaddr_from_lladdr
                0x00000000000163d6                uip_ds6_nbr_lladdr_from_ipaddr
                0x0000000000016404                uip_ds6_link_neighbor_callback
 .text          0x000000000001644d     0x12ad obj_cooja/mtype442.a(uip-ds6.o)
                0x000000000001644d                uip_ds6_init
                0x00000000000167a2                uip_ds6_periodic
                0x000000000001687a                uip_ds6_list_loop
                0x0000000000016921                uip_ds6_prefix_add
                0x00000000000169df                uip_ds6_prefix_rm
                0x00000000000169f1                uip_ds6_prefix_lookup
                0x0000000000016a42                uip_ds6_is_addr_onlink
                0x0000000000016ab6                uip_ds6_addr_add
                0x0000000000016be4                uip_ds6_long_addr_add
                0x0000000000016d12                uip_ds6_addr_rm
                0x0000000000016db2                uip_ds6_addr_lookup
                0x0000000000016dfd                uip_ds6_long_addr_lookup
                0x0000000000016e48                uip_ds6_get_link_local
                0x0000000000016ec7                uip_ds6_long_get_link_local
                0x0000000000016f46                uip_ds6_get_global
                0x0000000000016fc5                uip_ds6_long_get_global
                0x0000000000017044                uip_ds6_maddr_add
                0x00000000000170b6                uip_ds6_long_maddr_add
                0x0000000000017128                uip_ds6_maddr_rm
                0x000000000001713a                uip_ds6_maddr_lookup
                0x0000000000017185                uip_ds6_long_maddr_lookup
                0x00000000000171d0                uip_ds6_aaddr_add
                0x0000000000017242                uip_ds6_long_aaddr_add
                0x00000000000172b4                uip_ds6_aaddr_rm
                0x00000000000172c6                uip_ds6_aaddr_lookup
                0x0000000000017311                uip_ds6_long_aaddr_lookup
                0x000000000001735c                uip_ds6_select_src
                0x00000000000175e5                uip_ds6_set_addr_iid
                0x000000000001761c                get_match_length
                0x00000000000176ae                uip_ds6_compute_reachable_time
 .text          0x00000000000176fa     0x2a07 obj_cooja/mtype442.a(uip6.o)
                0x00000000000176fa                uip_add32
                0x0000000000017893                uip_chksum
                0x0000000000017981                uip_icmp6chksum
                0x0000000000017995                uip_tcpchksum
                0x00000000000179a9                uip_udpchksum
                0x00000000000179bd                uip_init
                0x0000000000017a8d                uip_connect
                0x0000000000017c3c                remove_ext_hdr
                0x0000000000017d11                uip_udp_new
                0x0000000000017e6d                uip_unlisten
                0x0000000000017ecd                uip_listen
                0x000000000001818f                uip_process
                0x0000000000019ff5                uip_htons
                0x000000000001a017                uip_htonl
                0x000000000001a057                uip_send
 .text          0x000000000001a101      0xa53 obj_cooja/mtype442.a(tcpip.o)
                0x000000000001a101                tcpip_output
                0x000000000001a13c                tcpip_set_outputfunc
                0x000000000001a1d0                tcp_connect
                0x000000000001a225                tcp_unlisten
                0x000000000001a280                tcp_listen
                0x000000000001a2d9                tcp_attach
                0x000000000001a2fe                udp_attach
                0x000000000001a323                udp_new
                0x000000000001a375                udp_broadcast_new
                0x000000000001a5e9                tcpip_input
                0x000000000001a61d                tcpip_ipv6_output
                0x000000000001a990                tcpip_poll_udp
                0x000000000001a9b3                tcpip_poll_tcp
                0x000000000001a9d6                tcpip_uipcall
 .text          0x000000000001ab54      0x1c1 obj_cooja/mtype442.a(uip-debug.o)
                0x000000000001ab54                uip_debug_ipaddr_print
                0x000000000001acb6                uip_debug_lladdr_print
 .text          0x000000000001ad15      0x141 obj_cooja/mtype442.a(uip-packetqueue)
                0x000000000001ad41                uip_packetqueue_new
                0x000000000001ad4f                uip_packetqueue_alloc
                0x000000000001adaf                uip_packetqueue_free
                0x000000000001adf0                uip_packetqueue_buf
                0x000000000001ae0d                uip_packetqueue_buflen
                0x000000000001ae2e                uip_packetqueue_set_buflen
 .text          0x000000000001ae56     0x258c obj_cooja/mtype442.a(rpl-dag.o)
                0x000000000001ae56                rpl_print_neighbor_list
                0x000000000001aebd                rpl_print_child_neighbor_list
                0x000000000001af24                rpl_get_nbr
                0x000000000001af7e                rpl_get_nbr_child
                0x000000000001afd8                rpl_dag_init
                0x000000000001b00a                rpl_get_parent
                0x000000000001b02c                rpl_get_parent_rank
                0x000000000001b05f                rpl_get_parent_link_metric
                0x000000000001b092                rpl_get_parent_ipaddr
                0x000000000001b0bc                rpl_get_child_ipaddr
                0x000000000001b3c6                rpl_set_root
                0x000000000001b5f4                rpl_repair_root
                0x000000000001b830                rpl_set_prefix
                0x000000000001b92f                rpl_set_default_route
                0x000000000001b9bb                rpl_alloc_instance
                0x000000000001ba43                rpl_alloc_dag
                0x000000000001baf6                rpl_set_default_instance
                0x000000000001bb03                rpl_get_default_instance
                0x000000000001bb0d                rpl_free_instance
                0x000000000001bbae                rpl_free_dag
                0x000000000001bc14                rpl_add_parent
                0x000000000001bcfd                rpl_find_parent
                0x000000000001bd2d                rpl_add_child
                0x000000000001bdd1                rpl_find_child
                0x000000000001be1f                rpl_find_parent_any_dag
                0x000000000001be5b                rpl_select_dag
                0x000000000001c28b                rpl_select_parent
                0x000000000001c2ed                rpl_remove_parent
                0x000000000001c323                rpl_remove_child
                0x000000000001c33f                rpl_nullify_parent
                0x000000000001c3dd                rpl_move_parent
                0x000000000001c47a                rpl_has_downward_route
                0x000000000001c4cd                rpl_get_any_dag
                0x000000000001c52f                rpl_get_instance
                0x000000000001c592                rpl_find_of
                0x000000000001c5cf                rpl_join_instance
                0x000000000001c86b                rpl_add_dag
                0x000000000001cc5a                rpl_local_repair
                0x000000000001cd33                rpl_recalculate_ranks
                0x000000000001cdb9                rpl_process_parent_event
                0x000000000001ce6b                rpl_process_dio
 .text          0x000000000001d3e2      0xbf3 obj_cooja/mtype442.a(rpl-ext-header.)
                0x000000000001d3ff                rpl_verify_header
                0x000000000001d879                rpl_update_header_empty
                0x000000000001db90                rpl_update_header_final
                0x000000000001dd1f                rpl_remove_header
                0x000000000001de29                rpl_invert_header
                0x000000000001dfb3                rpl_insert_header
 .text          0x000000000001dfd5     0x22fb obj_cooja/mtype442.a(rpl-icmp6.o)
                0x000000000001e29e                rpl_icmp6_update_nbr_table
                0x000000000001e38e                dis_output
                0x000000000001ecc6                dio_output
                0x000000000001fe3b                dao_output
                0x000000000001ff03                dao_output_target
                0x0000000000020284                dao_ack_output
                0x0000000000020298                rpl_icmp6_register_handlers
 .text          0x00000000000202d0      0x3b5 obj_cooja/mtype442.a(rpl-ltmax.o)
 .text          0x0000000000020685      0x59d obj_cooja/mtype442.a(rpl-timers.o)
                0x00000000000208cb                rpl_reset_periodic_timer
                0x0000000000020920                rpl_reset_dio_timer
                0x0000000000020b5a                rpl_schedule_dao
                0x0000000000020b75                rpl_schedule_dao_immediately
                0x0000000000020b90                rpl_cancel_dao
                0x0000000000020bf2                rpl_schedule_unicast_dio_immediately
 .text          0x0000000000020c22      0x5c5 obj_cooja/mtype442.a(rpl.o)
                0x0000000000020c22                rpl_get_mode
                0x0000000000020c2c                rpl_set_mode
                0x0000000000020cba                rpl_purge_routes
                0x0000000000020db4                rpl_remove_routes
                0x0000000000020dfa                rpl_remove_routes_by_nexthop
                0x0000000000020e66                rpl_add_route
                0x0000000000020ee1                rpl_link_neighbor_callback
                0x0000000000020fe6                rpl_ipv6_neighbor_callback
                0x0000000000021055                rpl_purge_dags
                0x0000000000021161                rpl_init
 .text          0x00000000000211e7      0x8c3 obj_cooja/mtype442.a(csma.o)
 .text          0x0000000000021aaa      0x3f5 obj_cooja/mtype442.a(framer-802154.o)
 .text          0x0000000000021e9f       0x3c obj_cooja/mtype442.a(mac.o)
                0x0000000000021e9f                mac_call_sent_callback
 .text          0x0000000000021edb     0x1052 obj_cooja/mtype442.a(cxmac.o)
                0x0000000000022e7d                cxmac_set_announcement_radio_txpower
                0x0000000000022e82                cxmac_init
 .text          0x0000000000022f2d       0x82 obj_cooja/mtype442.a(linkaddr.o)
                0x0000000000022f2d                linkaddr_copy
                0x0000000000022f4f                linkaddr_cmp
                0x0000000000022f79                linkaddr_set_node_addr
                0x0000000000022f94                linkaddr_set_node_long_addr
 .text          0x0000000000022faf      0x919 obj_cooja/mtype442.a(nbr-table.o)
                0x0000000000022faf                long_ip_from_lladdr_map
                0x000000000002303c                lladdr_map_add_lr
                0x00000000000230f9                lladdr_map_rm_lr
                0x00000000000235be                nbr_table_register
                0x0000000000023606                nbr_table_head
                0x0000000000023662                nbr_table_next
                0x00000000000236c9                nbr_table_add_lladdr
                0x00000000000237a5                nbr_table_get_from_lladdr
                0x00000000000237f2                nbr_table_remove
                0x0000000000023844                nbr_table_lock
                0x000000000002386e                nbr_table_unlock
                0x0000000000023898                nbr_table_get_lladdr
 .text          0x00000000000238c8       0x2b obj_cooja/mtype442.a(netstack.o)
                0x00000000000238c8                netstack_init
 .text          0x00000000000238f3      0x3cd obj_cooja/mtype442.a(packetbuf.o)
                0x00000000000238f3                packetbuf_clear
                0x000000000002391d                packetbuf_copyfrom
                0x000000000002396f                packetbuf_compact
                0x00000000000239ec                packetbuf_copyto
                0x0000000000023a83                packetbuf_hdralloc
                0x0000000000023b00                packetbuf_hdrreduce
                0x0000000000023b48                packetbuf_set_datalen
                0x0000000000023b61                packetbuf_dataptr
                0x0000000000023b7e                packetbuf_hdrptr
                0x0000000000023b88                packetbuf_datalen
                0x0000000000023b94                packetbuf_hdrlen
                0x0000000000023bab                packetbuf_totlen
                0x0000000000023bc1                packetbuf_attr_clear
                0x0000000000023c13                packetbuf_attr_copyto
                0x0000000000023c5c                packetbuf_attr_copyfrom
                0x0000000000023ca4                packetbuf_holds_broadcast
 .text          0x0000000000023cc0      0x2b4 obj_cooja/mtype442.a(queuebuf.o)
                0x0000000000023cca                queuebuf_init
                0x0000000000023cea                queuebuf_numfree
                0x0000000000023cfe                queuebuf_new_from_packetbuf
                0x0000000000023d8e                queuebuf_update_attr_from_packetbuf
                0x0000000000023dc1                queuebuf_update_from_packetbuf
                0x0000000000023e0b                queuebuf_free
                0x0000000000023e52                queuebuf_to_packetbuf
                0x0000000000023eb8                queuebuf_dataptr
                0x0000000000023eef                queuebuf_datalen
                0x0000000000023f12                queuebuf_addr
                0x0000000000023f44                queuebuf_attr
                0x0000000000023f6f                queuebuf_debug_print
 .text          0x0000000000023f74       0x6e obj_cooja/mtype442.a(nullsec.o)
 .text          0x0000000000023fe2       0x19 obj_cooja/mtype442.a(watchdog.o)
                0x0000000000023fe2                watchdog_init
                0x0000000000023fe7                watchdog_start
                0x0000000000023fec                watchdog_periodic
                0x0000000000023ff1                watchdog_stop
                0x0000000000023ff6                watchdog_reboot
 .text          0x0000000000023ffb        0x0 obj_cooja/mtype442.a(rimestats.o)
 .text          0x0000000000023ffb       0xa3 obj_cooja/mtype442.a(stimer.o)
                0x0000000000023ffb                stimer_set
                0x0000000000024016                stimer_reset
                0x000000000002402d                stimer_restart
                0x000000000002403f                stimer_expired
                0x0000000000024066                stimer_remaining
                0x000000000002408a                stimer_elapsed
 .text          0x000000000002409e      0x1c1 obj_cooja/mtype442.a(memb.o)
                0x000000000002409e                memb_init
                0x00000000000240fc                memb_alloc
                0x0000000000024161                memb_free
                0x00000000000241dc                memb_inmemb
                0x000000000002421b                memb_numfree
 .text          0x000000000002425f      0x916 obj_cooja/mtype442.a(uip-ds6-route.o)
                0x00000000000242d6                uip_ds6_notification_add
                0x0000000000024307                uip_ds6_notification_rm
                0x0000000000024323                uip_ds6_route_init
                0x00000000000243ab                uip_ds6_route_nexthop
                0x00000000000243d3                uip_ds6_route_head
                0x00000000000243e8                uip_ds6_route_next
                0x000000000002440e                uip_ds6_route_is_nexthop
                0x000000000002444d                uip_ds6_route_num_routes
                0x0000000000024457                uip_ds6_route_lookup
                0x0000000000024519                uip_ds6_route_add
                0x000000000002474d                uip_ds6_route_rm
                0x00000000000248e1                uip_ds6_route_rm_by_nexthop
                0x0000000000024919                uip_ds6_defrt_add
                0x00000000000249ca                uip_ds6_defrt_rm
                0x0000000000024a49                uip_ds6_defrt_lookup
                0x0000000000024aa2                uip_ds6_defrt_choose
                0x0000000000024b0d                uip_ds6_defrt_periodic
 .text          0x0000000000024b75      0xabf obj_cooja/mtype442.a(uip-icmp6.o)
                0x0000000000024be3                uip_icmp6_input
                0x0000000000024c39                uip_icmp6_register_input_handler
                0x0000000000024f01                uip_icmp6_error_output
                0x0000000000025246                uip_icmp6_send
                0x00000000000255c7                uip_icmp6_echo_reply_callback_add
                0x00000000000255f8                uip_icmp6_echo_reply_callback_rm
                0x0000000000025614                uip_icmp6_init
 .text          0x0000000000025634      0x358 obj_cooja/mtype442.a(uip-nd6.o)
                0x0000000000025688                uip_nd6_ns_output
                0x0000000000025987                uip_nd6_init
 .text          0x000000000002598c      0x331 obj_cooja/mtype442.a(rpl-nbr-policy.)
                0x0000000000025b64                find_removable_dis
                0x0000000000025b87                find_removable_dio
                0x0000000000025c16                find_removable_dao
                0x0000000000025c66                rpl_nbr_policy_find_removable
 .text          0x0000000000025cbd      0x97c obj_cooja/mtype442.a(frame802154.o)
                0x0000000000025cee                frame802154_get_pan_id
                0x0000000000025cfa                frame802154_set_pan_id
                0x0000000000025d13                frame802154_has_panid
                0x0000000000025dff                frame802154_check_dest_panid
                0x0000000000025e67                frame802154_is_broadcast_addr
                0x0000000000025eb4                frame802154_extract_linkaddr
                0x00000000000260f4                frame802154_hdrlen
                0x0000000000026145                frame802154_create
                0x0000000000026330                frame802154_parse
 .text          0x0000000000026639        0x0 /usr/lib/gcc/i686-linux-gnu/4.8/crtendS.o
 .text          0x0000000000026639        0x0 /usr/lib/gcc/i686-linux-gnu/4.8/../../../i386-linux-gnu/crtn.o
 *(.gnu.warning)

.fini           0x000000000002663c       0x14
 *(SORT(.fini))
 .fini          0x000000000002663c        0xf /usr/lib/gcc/i686-linux-gnu/4.8/../../../i386-linux-gnu/crti.o
                0x000000000002663c                _fini
 .fini          0x000000000002664b        0x5 /usr/lib/gcc/i686-linux-gnu/4.8/../../../i386-linux-gnu/crtn.o
                0x0000000000026650                PROVIDE (__etext, .)
                0x0000000000026650                PROVIDE (_etext, .)
                0x0000000000026650                PROVIDE (etext, .)

.rodata         0x0000000000026660      0x8a0
 *(.rodata .rodata.* .gnu.linkonce.r.*)
 .rodata        0x0000000000026660      0x14c udp-server.co
                0x0000000000026674                autostart_processes
 .rodata        0x00000000000267ac      0x1e6 obj_cooja/mtype442.o
 *fill*         0x0000000000026992        0x2 
 .rodata        0x0000000000026994        0x8 obj_cooja/mtype442.a(beep.o)
                0x0000000000026994                beep_interface
 .rodata        0x000000000002699c       0x20 obj_cooja/mtype442.a(button-sensor.o)
                0x000000000002699c                button_interface
                0x00000000000269ac                button_sensor
 .rodata        0x00000000000269bc        0x8 obj_cooja/mtype442.a(leds-arch.o)
                0x00000000000269bc                leds_interface
 .rodata        0x00000000000269c4        0x8 obj_cooja/mtype442.a(moteid.o)
                0x00000000000269c4                moteid_interface
 .rodata        0x00000000000269cc       0x1c obj_cooja/mtype442.a(pir-sensor.o)
                0x00000000000269cc                pir_interface
                0x00000000000269d8                pir_sensor
 .rodata        0x00000000000269e8        0xe obj_cooja/mtype442.a(rs232.o)
                0x00000000000269e8                rs232_interface
 *fill*         0x00000000000269f6        0x2 
 .rodata        0x00000000000269f8       0x24 obj_cooja/mtype442.a(vib-sensor.o)
                0x00000000000269f8                vib_interface
                0x0000000000026a0c                vib_sensor
 .rodata        0x0000000000026a1c        0x8 obj_cooja/mtype442.a(clock.o)
                0x0000000000026a1c                clock_interface
 .rodata        0x0000000000026a24        0x8 obj_cooja/mtype442.a(log.o)
                0x0000000000026a24                simlog_interface
 .rodata        0x0000000000026a2c       0x2f obj_cooja/mtype442.a(cfs-cooja.o)
                0x0000000000026a2c                cfs_interface
 *fill*         0x0000000000026a5b        0x5 
 .rodata        0x0000000000026a60       0x60 obj_cooja/mtype442.a(cooja-radio.o)
                0x0000000000026a80                cooja_radio_driver
                0x0000000000026ab8                radio_interface
 .rodata        0x0000000000026ac0        0x8 obj_cooja/mtype442.a(eeprom.o)
                0x0000000000026ac0                eeprom_interface
 .rodata        0x0000000000026ac8        0x8 obj_cooja/mtype442.a(sensors.o)
 .rodata        0x0000000000026ad0       0x1c obj_cooja/mtype442.a(dual_conf.o)
 .rodata        0x0000000000026aec        0xf obj_cooja/mtype442.a(ctimer.o)
 .rodata        0x0000000000026afb        0xc obj_cooja/mtype442.a(etimer.o)
 *fill*         0x0000000000026b07        0x1 
 .rodata        0x0000000000026b08      0x16d obj_cooja/mtype442.a(log_message.o)
 *fill*         0x0000000000026c75        0x3 
 .rodata        0x0000000000026c78       0x20 obj_cooja/mtype442.a(residual.o)
                0x0000000000026c78                DISSIPATION_RATE
 .rodata        0x0000000000026c98        0xe obj_cooja/mtype442.a(serial-line.o)
 *fill*         0x0000000000026ca6        0x2 
 .rodata        0x0000000000026ca8       0x2c obj_cooja/mtype442.a(sicslowpan.o)
                0x0000000000026ca8                unc_llconf
                0x0000000000026cac                unc_ctxconf
                0x0000000000026cb0                unc_mxconf
                0x0000000000026cb4                llprefix
                0x0000000000026cc8                sicslowpan_driver
 .rodata        0x0000000000026cd4      0x13c obj_cooja/mtype442.a(uip6.o)
 .rodata        0x0000000000026e10        0xd obj_cooja/mtype442.a(tcpip.o)
 .rodata        0x0000000000026e1d       0x3e obj_cooja/mtype442.a(uip-debug.o)
 *fill*         0x0000000000026e5b        0x1 
 .rodata        0x0000000000026e5c        0x4 obj_cooja/mtype442.a(rpl-dag.o)
 .rodata        0x0000000000026e60       0x24 obj_cooja/mtype442.a(csma.o)
                0x0000000000026e68                csma_driver
 .rodata        0x0000000000026e84        0xc obj_cooja/mtype442.a(framer-802154.o)
                0x0000000000026e84                framer_802154
 *fill*         0x0000000000026e90       0x10 
 .rodata        0x0000000000026ea0       0x40 obj_cooja/mtype442.a(cxmac.o)
                0x0000000000026ec0                cxmac_driver
 .rodata        0x0000000000026ee0        0x8 obj_cooja/mtype442.a(linkaddr.o)
                0x0000000000026ee0                linkaddr_null
 .rodata        0x0000000000026ee8       0x18 obj_cooja/mtype442.a(nullsec.o)
                0x0000000000026ef0                nullsec_driver

.rodata1
 *(.rodata1)

.eh_frame_hdr   0x0000000000026f00     0x13f4
 *(.eh_frame_hdr)
 .eh_frame_hdr  0x0000000000026f00     0x13f4 udp-server.co

.eh_frame       0x00000000000282f4     0x5130
 *(.eh_frame)
 .eh_frame      0x00000000000282f4       0x3c /usr/lib/gcc/i686-linux-gnu/4.8/../../../i386-linux-gnu/crti.o
                                         0x40 (size before relaxing)
 .eh_frame      0x0000000000028330       0x68 udp-server.co
                                         0x80 (size before relaxing)
 .eh_frame      0x0000000000028398      0x148 obj_cooja/mtype442.o
                                        0x160 (size before relaxing)
 .eh_frame      0x00000000000284e0       0x40 obj_cooja/mtype442.a(simEnvChange.o)
                                         0x58 (size before relaxing)
 .eh_frame      0x0000000000028520       0xc0 obj_cooja/mtype442.a(cooja_mt.o)
                                         0xd8 (size before relaxing)
 .eh_frame      0x00000000000285e0      0x120 obj_cooja/mtype442.a(cooja_mtarch.o)
                                        0x138 (size before relaxing)
 .eh_frame      0x0000000000028700       0xc0 obj_cooja/mtype442.a(rtimer-arch.o)
                                         0xd8 (size before relaxing)
 .eh_frame      0x00000000000287c0      0x160 obj_cooja/mtype442.a(beep.o)
                                        0x178 (size before relaxing)
 .eh_frame      0x0000000000028920       0xa0 obj_cooja/mtype442.a(button-sensor.o)
                                         0xb8 (size before relaxing)
 .eh_frame      0x00000000000289c0       0xa0 obj_cooja/mtype442.a(leds-arch.o)
                                         0xb8 (size before relaxing)
 .eh_frame      0x0000000000028a60       0x40 obj_cooja/mtype442.a(moteid.o)
                                         0x58 (size before relaxing)
 .eh_frame      0x0000000000028aa0       0xa0 obj_cooja/mtype442.a(pir-sensor.o)
                                         0xb8 (size before relaxing)
 .eh_frame      0x0000000000028b40      0x100 obj_cooja/mtype442.a(rs232.o)
                                        0x118 (size before relaxing)
 .eh_frame      0x0000000000028c40       0xa0 obj_cooja/mtype442.a(vib-sensor.o)
                                         0xb8 (size before relaxing)
 .eh_frame      0x0000000000028ce0       0xc0 obj_cooja/mtype442.a(clock.o)
                                         0xd8 (size before relaxing)
 .eh_frame      0x0000000000028da0      0x120 obj_cooja/mtype442.a(log.o)
                                        0x138 (size before relaxing)
 .eh_frame      0x0000000000028ec0      0x160 obj_cooja/mtype442.a(cfs-cooja.o)
                                        0x178 (size before relaxing)
 .eh_frame      0x0000000000029020      0x2e0 obj_cooja/mtype442.a(cooja-radio.o)
                                        0x2f8 (size before relaxing)
 .eh_frame      0x0000000000029300       0xa0 obj_cooja/mtype442.a(eeprom.o)
                                         0xb8 (size before relaxing)
 .eh_frame      0x00000000000293a0       0x40 obj_cooja/mtype442.a(random.o)
                                         0x58 (size before relaxing)
 .eh_frame      0x00000000000293e0       0xc0 obj_cooja/mtype442.a(sensors.o)
                                         0xd8 (size before relaxing)
 .eh_frame      0x00000000000294a0      0x100 obj_cooja/mtype442.a(leds.o)
                                        0x118 (size before relaxing)
 .eh_frame      0x00000000000295a0      0x160 obj_cooja/mtype442.a(dual_conf.o)
                                        0x178 (size before relaxing)
 .eh_frame      0x0000000000029700       0x40 obj_cooja/mtype442.a(autostart.o)
                                         0x58 (size before relaxing)
 .eh_frame      0x0000000000029740      0x100 obj_cooja/mtype442.a(ctimer.o)
                                        0x118 (size before relaxing)
 .eh_frame      0x0000000000029840      0x1e0 obj_cooja/mtype442.a(etimer.o)
                                        0x1f8 (size before relaxing)
 .eh_frame      0x0000000000029a20       0x50 obj_cooja/mtype442.a(log_message.o)
                                         0x68 (size before relaxing)
 .eh_frame      0x0000000000029a70      0x1c8 obj_cooja/mtype442.a(process.o)
                                        0x1e0 (size before relaxing)
 .eh_frame      0x0000000000029c38       0x2c obj_cooja/mtype442.a(residual.o)
                                         0x44 (size before relaxing)
 .eh_frame      0x0000000000029c64       0x60 obj_cooja/mtype442.a(rtimer.o)
                                         0x78 (size before relaxing)
 .eh_frame      0x0000000000029cc4       0xa4 obj_cooja/mtype442.a(timer.o)
                                         0xbc (size before relaxing)
 .eh_frame      0x0000000000029d68       0x60 obj_cooja/mtype442.a(serial-line.o)
                                         0x78 (size before relaxing)
 .eh_frame      0x0000000000029dc8      0x180 obj_cooja/mtype442.a(list.o)
                                        0x198 (size before relaxing)
 .eh_frame      0x0000000000029f48       0xa0 obj_cooja/mtype442.a(ringbuf.o)
                                         0xb8 (size before relaxing)
 .eh_frame      0x0000000000029fe8      0x350 obj_cooja/mtype442.a(sicslowpan.o)
                                        0x368 (size before relaxing)
 .eh_frame      0x000000000002a338      0x180 obj_cooja/mtype442.a(uip-ds6-nbr.o)
                                        0x198 (size before relaxing)
 .eh_frame      0x000000000002a4b8      0x3c8 obj_cooja/mtype442.a(uip-ds6.o)
                                        0x3e0 (size before relaxing)
 .eh_frame      0x000000000002a880      0x27c obj_cooja/mtype442.a(uip6.o)
                                        0x294 (size before relaxing)
 .eh_frame      0x000000000002aafc      0x270 obj_cooja/mtype442.a(tcpip.o)
                                        0x288 (size before relaxing)
 .eh_frame      0x000000000002ad6c       0x48 obj_cooja/mtype442.a(uip-debug.o)
                                         0x60 (size before relaxing)
 .eh_frame      0x000000000002adb4       0xe0 obj_cooja/mtype442.a(uip-packetqueue)
                                         0xf8 (size before relaxing)
 .eh_frame      0x000000000002ae94      0x74c obj_cooja/mtype442.a(rpl-dag.o)
                                        0x764 (size before relaxing)
 .eh_frame      0x000000000002b5e0      0x10c obj_cooja/mtype442.a(rpl-ext-header.)
                                        0x124 (size before relaxing)
 .eh_frame      0x000000000002b6ec      0x2b8 obj_cooja/mtype442.a(rpl-icmp6.o)
                                        0x2d0 (size before relaxing)
 .eh_frame      0x000000000002b9a4       0xe0 obj_cooja/mtype442.a(rpl-ltmax.o)
                                         0xf8 (size before relaxing)
 .eh_frame      0x000000000002ba84      0x1ac obj_cooja/mtype442.a(rpl-timers.o)
                                        0x1c4 (size before relaxing)
 .eh_frame      0x000000000002bc30      0x148 obj_cooja/mtype442.a(rpl.o)
                                        0x160 (size before relaxing)
 .eh_frame      0x000000000002bd78      0x28c obj_cooja/mtype442.a(csma.o)
                                        0x2a4 (size before relaxing)
 .eh_frame      0x000000000002c004      0x108 obj_cooja/mtype442.a(framer-802154.o)
                                        0x120 (size before relaxing)
 .eh_frame      0x000000000002c10c       0x20 obj_cooja/mtype442.a(mac.o)
                                         0x38 (size before relaxing)
 .eh_frame      0x000000000002c12c      0x2bc obj_cooja/mtype442.a(cxmac.o)
                                        0x2d4 (size before relaxing)
 .eh_frame      0x000000000002c3e8       0x80 obj_cooja/mtype442.a(linkaddr.o)
                                         0x98 (size before relaxing)
 .eh_frame      0x000000000002c468      0x2cc obj_cooja/mtype442.a(nbr-table.o)
                                        0x2e4 (size before relaxing)
 .eh_frame      0x000000000002c734       0x20 obj_cooja/mtype442.a(netstack.o)
                                         0x38 (size before relaxing)
 .eh_frame      0x000000000002c754      0x214 obj_cooja/mtype442.a(packetbuf.o)
                                        0x22c (size before relaxing)
 .eh_frame      0x000000000002c968      0x1a0 obj_cooja/mtype442.a(queuebuf.o)
                                        0x1b8 (size before relaxing)
 .eh_frame      0x000000000002cb08       0x80 obj_cooja/mtype442.a(nullsec.o)
                                         0x98 (size before relaxing)
 .eh_frame      0x000000000002cb88       0xa0 obj_cooja/mtype442.a(watchdog.o)
                                         0xb8 (size before relaxing)
 .eh_frame      0x000000000002cc28       0xc4 obj_cooja/mtype442.a(stimer.o)
                                         0xdc (size before relaxing)
 .eh_frame      0x000000000002ccec       0xa0 obj_cooja/mtype442.a(memb.o)
                                         0xb8 (size before relaxing)
 .eh_frame      0x000000000002cd8c      0x2a0 obj_cooja/mtype442.a(uip-ds6-route.o)
                                        0x2b8 (size before relaxing)
 .eh_frame      0x000000000002d02c      0x168 obj_cooja/mtype442.a(uip-icmp6.o)
                                        0x180 (size before relaxing)
 .eh_frame      0x000000000002d194       0x68 obj_cooja/mtype442.a(uip-nd6.o)
                                         0x80 (size before relaxing)
 .eh_frame      0x000000000002d1fc       0xc0 obj_cooja/mtype442.a(rpl-nbr-policy.)
                                         0xd8 (size before relaxing)
 .eh_frame      0x000000000002d2bc      0x164 obj_cooja/mtype442.a(frame802154.o)
                                        0x17c (size before relaxing)
 .eh_frame      0x000000000002d420        0x4 /usr/lib/gcc/i686-linux-gnu/4.8/crtendS.o

.gcc_except_table
 *(.gcc_except_table .gcc_except_table.*)

.exception_ranges
 *(.exception_ranges .exception_ranges*)
                0x000000000002d424                . = (ALIGN (0x1000) - ((0x1000 - .) & 0xfff))
                0x000000000002eef8                . = DATA_SEGMENT_ALIGN (0x1000, 0x1000)

.eh_frame
 *(.eh_frame)

.gcc_except_table
 *(.gcc_except_table .gcc_except_table.*)

.exception_ranges
 *(.exception_ranges .exception_ranges*)

.tdata
 *(.tdata .tdata.* .gnu.linkonce.td.*)

.tbss
 *(.tbss .tbss.* .gnu.linkonce.tb.*)
 *(.tcommon)

.preinit_array
 *(.preinit_array)

.init_array     0x000000000002eef8        0x4
 *(SORT(.init_array.*) SORT(.ctors.*))
 *(.init_array EXCLUDE_FILE(*crtend?.o *crtend.o *crtbegin?.o *crtbegin.o) .ctors)
 .init_array    0x000000000002eef8        0x4 /usr/lib/gcc/i686-linux-gnu/4.8/crtbeginS.o

.fini_array     0x000000000002eefc        0x4
 *(SORT(.fini_array.*) SORT(.dtors.*))
 *(.fini_array EXCLUDE_FILE(*crtend?.o *crtend.o *crtbegin?.o *crtbegin.o) .dtors)
 .fini_array    0x000000000002eefc        0x4 /usr/lib/gcc/i686-linux-gnu/4.8/crtbeginS.o

.ctors
 *crtbegin.o(.ctors)
 *crtbegin?.o(.ctors)
 *(EXCLUDE_FILE(*crtend?.o *crtend.o) .ctors)
 *(SORT(.ctors.*))
 *(.ctors)

.dtors
 *crtbegin.o(.dtors)
 *crtbegin?.o(.dtors)
 *(EXCLUDE_FILE(*crtend?.o *crtend.o) .dtors)
 *(SORT(.dtors.*))
 *(.dtors)

.jcr            0x000000000002ef00        0x4
 *(.jcr)
 .jcr           0x000000000002ef00        0x0 /usr/lib/gcc/i686-linux-gnu/4.8/crtbeginS.o
 .jcr           0x000000000002ef00        0x4 /usr/lib/gcc/i686-linux-gnu/4.8/crtendS.o

.data.rel.ro
 *(.data.rel.ro.local* .gnu.linkonce.d.rel.ro.local.*)
 *(.data.rel.ro .data.rel.ro.* .gnu.linkonce.d.rel.ro.*)

.dynamic        0x000000000002ef04       0xe8
 *(.dynamic)
 .dynamic       0x000000000002ef04       0xe8 /usr/lib/gcc/i686-linux-gnu/4.8/../../../i386-linux-gnu/crti.o
                0x000000000002ef04                _DYNAMIC

.got            0x000000000002efec       0x14
 *(.got)
 .got           0x000000000002efec       0x14 /usr/lib/gcc/i686-linux-gnu/4.8/../../../i386-linux-gnu/crti.o
 *(.igot)
                0x000000000002fff4                . = DATA_SEGMENT_RELRO_END (., (SIZEOF (.got.plt) >= 0xc)?0xc:0x0)

.got.plt        0x000000000002f000       0x14
 *(.got.plt)
 .got.plt       0x000000000002f000       0x14 /usr/lib/gcc/i686-linux-gnu/4.8/../../../i386-linux-gnu/crti.o
                0x000000000002f000                _GLOBAL_OFFSET_TABLE_
 *(.igot.plt)

.data           0x000000000002f020      0x2a2
 *(.data .data.* .gnu.linkonce.d.*)
 .data          0x000000000002f020        0x0 /usr/lib/gcc/i686-linux-gnu/4.8/../../../i386-linux-gnu/crti.o
 .data          0x000000000002f020        0x0 /usr/lib/gcc/i686-linux-gnu/4.8/crtbeginS.o
 .data.rel      0x000000000002f020        0x4 /usr/lib/gcc/i686-linux-gnu/4.8/crtbeginS.o
                0x000000000002f020                __dso_handle
 .data          0x000000000002f024       0x10 udp-server.co
                0x000000000002f024                udp_server_process
 *fill*         0x000000000002f034        0xc 
 .data          0x000000000002f040       0x44 obj_cooja/mtype442.o
                0x000000000002f040                simInterfaces
                0x000000000002f074                sensors
 .data          0x000000000002f084        0x0 obj_cooja/mtype442.a(simEnvChange.o)
 .data          0x000000000002f084        0x0 obj_cooja/mtype442.a(cooja_mt.o)
 .data          0x000000000002f084        0x0 obj_cooja/mtype442.a(cooja_mtarch.o)
 .data          0x000000000002f084        0x0 obj_cooja/mtype442.a(rtimer-arch.o)
 .data          0x000000000002f084        0x0 obj_cooja/mtype442.a(beep.o)
 .data          0x000000000002f084        0x0 obj_cooja/mtype442.a(button-sensor.o)
 .data          0x000000000002f084        0x0 obj_cooja/mtype442.a(leds-arch.o)
 .data          0x000000000002f084        0x0 obj_cooja/mtype442.a(moteid.o)
 .data          0x000000000002f084        0x0 obj_cooja/mtype442.a(pir-sensor.o)
 .data          0x000000000002f084        0x0 obj_cooja/mtype442.a(rs232.o)
 .data          0x000000000002f084        0x0 obj_cooja/mtype442.a(vib-sensor.o)
 .data          0x000000000002f084        0x0 obj_cooja/mtype442.a(clock.o)
 .data          0x000000000002f084        0x0 obj_cooja/mtype442.a(log.o)
 .data          0x000000000002f084        0x0 obj_cooja/mtype442.a(cfs-cooja.o)
 .data          0x000000000002f084       0x40 obj_cooja/mtype442.a(cooja-radio.o)
                0x000000000002f084                simRadioChannelLR
                0x000000000002f088                simRadioHWOnLR
                0x000000000002f08c                simSignalStrengthLR
                0x000000000002f090                simLastSignalStrengthLR
                0x000000000002f094                simPowerLR
                0x000000000002f098                simLQILR
                0x000000000002f09c                simRadioChannel
                0x000000000002f0a0                simRadioHWOn
                0x000000000002f0a4                simSignalStrength
                0x000000000002f0a8                simLastSignalStrength
                0x000000000002f0ac                simPower
                0x000000000002f0b0                simLQI
                0x000000000002f0b4                cooja_radio_process
 .data          0x000000000002f0c4        0x0 obj_cooja/mtype442.a(eeprom.o)
 .data          0x000000000002f0c4        0x0 obj_cooja/mtype442.a(random.o)
 .data          0x000000000002f0c4       0x10 obj_cooja/mtype442.a(sensors.o)
                0x000000000002f0c4                sensors_process
 .data          0x000000000002f0d4        0x0 obj_cooja/mtype442.a(leds.o)
 .data          0x000000000002f0d4       0x28 obj_cooja/mtype442.a(dual_conf.o)
                0x000000000002f0d4                radio_received
                0x000000000002f0d8                dual_dio_broadcast
                0x000000000002f0e8                dual_dis_broadcast
 .data          0x000000000002f0fc        0x0 obj_cooja/mtype442.a(autostart.o)
 .data          0x000000000002f0fc       0x14 obj_cooja/mtype442.a(ctimer.o)
                0x000000000002f100                ctimer_process
 .data          0x000000000002f110       0x10 obj_cooja/mtype442.a(etimer.o)
                0x000000000002f110                etimer_process
 .data          0x000000000002f120        0x0 obj_cooja/mtype442.a(log_message.o)
 .data          0x000000000002f120        0x0 obj_cooja/mtype442.a(process.o)
 .data          0x000000000002f120        0x0 obj_cooja/mtype442.a(residual.o)
 .data          0x000000000002f120        0x0 obj_cooja/mtype442.a(rtimer.o)
 .data          0x000000000002f120        0x0 obj_cooja/mtype442.a(timer.o)
 .data          0x000000000002f120       0x10 obj_cooja/mtype442.a(serial-line.o)
                0x000000000002f120                serial_line_process
 .data          0x000000000002f130        0x0 obj_cooja/mtype442.a(list.o)
 .data          0x000000000002f130        0x0 obj_cooja/mtype442.a(ringbuf.o)
 .data          0x000000000002f130        0x0 obj_cooja/mtype442.a(sicslowpan.o)
 .data          0x000000000002f130       0x14 obj_cooja/mtype442.a(uip-ds6-nbr.o)
                0x000000000002f140                ds6_neighbors
 .data          0x000000000002f144        0x0 obj_cooja/mtype442.a(uip-ds6.o)
 .data          0x000000000002f144        0x0 obj_cooja/mtype442.a(uip6.o)
 .data          0x000000000002f144       0x10 obj_cooja/mtype442.a(tcpip.o)
                0x000000000002f144                tcpip_process
 .data          0x000000000002f154        0x0 obj_cooja/mtype442.a(uip-debug.o)
 .data          0x000000000002f154        0xc obj_cooja/mtype442.a(uip-packetqueue)
 .data          0x000000000002f160       0x28 obj_cooja/mtype442.a(rpl-dag.o)
                0x000000000002f170                rpl_parents
                0x000000000002f184                rpl_children
 .data          0x000000000002f188        0x0 obj_cooja/mtype442.a(rpl-ext-header.)
 .data          0x000000000002f188       0x34 obj_cooja/mtype442.a(rpl-icmp6.o)
 .data          0x000000000002f1bc       0x1c obj_cooja/mtype442.a(rpl-ltmax.o)
                0x000000000002f1bc                rpl_ltmax_of
 .data          0x000000000002f1d8        0x0 obj_cooja/mtype442.a(rpl-timers.o)
 .data          0x000000000002f1d8        0x0 obj_cooja/mtype442.a(rpl.o)
 .data          0x000000000002f1d8       0x28 obj_cooja/mtype442.a(csma.o)
 .data          0x000000000002f200        0x0 obj_cooja/mtype442.a(framer-802154.o)
 .data          0x000000000002f200        0x0 obj_cooja/mtype442.a(mac.o)
 .data          0x000000000002f200       0x30 obj_cooja/mtype442.a(cxmac.o)
                0x000000000002f200                cxmac_config
                0x000000000002f210                strobe_wait
 .data          0x000000000002f230        0x0 obj_cooja/mtype442.a(linkaddr.o)
 .data          0x000000000002f230       0x10 obj_cooja/mtype442.a(nbr-table.o)
 .data          0x000000000002f240        0x0 obj_cooja/mtype442.a(netstack.o)
 .data          0x000000000002f240        0x4 obj_cooja/mtype442.a(packetbuf.o)
 .data          0x000000000002f244       0x18 obj_cooja/mtype442.a(queuebuf.o)
 .data          0x000000000002f25c        0x0 obj_cooja/mtype442.a(nullsec.o)
 .data          0x000000000002f25c        0x0 obj_cooja/mtype442.a(watchdog.o)
 .data          0x000000000002f25c        0x0 obj_cooja/mtype442.a(rimestats.o)
 .data          0x000000000002f25c        0x0 obj_cooja/mtype442.a(stimer.o)
 .data          0x000000000002f25c        0x0 obj_cooja/mtype442.a(memb.o)
 .data          0x000000000002f25c       0x44 obj_cooja/mtype442.a(uip-ds6-route.o)
                0x000000000002f26c                nbr_routes
 .data          0x000000000002f2a0       0x20 obj_cooja/mtype442.a(uip-icmp6.o)
 .data          0x000000000002f2c0        0x0 obj_cooja/mtype442.a(uip-nd6.o)
 .data          0x000000000002f2c0        0x0 obj_cooja/mtype442.a(rpl-nbr-policy.)
 .data          0x000000000002f2c0        0x2 obj_cooja/mtype442.a(frame802154.o)
 .data          0x000000000002f2c2        0x0 /usr/lib/gcc/i686-linux-gnu/4.8/crtendS.o
 .data          0x000000000002f2c2        0x0 /usr/lib/gcc/i686-linux-gnu/4.8/../../../i386-linux-gnu/crtn.o

.tm_clone_table
                0x000000000002f2c4        0x0
 .tm_clone_table
                0x000000000002f2c4        0x0 /usr/lib/gcc/i686-linux-gnu/4.8/crtbeginS.o
 .tm_clone_table
                0x000000000002f2c4        0x0 /usr/lib/gcc/i686-linux-gnu/4.8/crtendS.o

.data1
 *(.data1)
                0x000000000002f2c4                _edata = .
                0x000000000002f2c4                PROVIDE (edata, .)
                0x000000000002f2c4                . = .
                0x000000000002f2c4                __bss_start = .

.bss            0x000000000002f2e0     0x8ba8
 *(.dynbss)
 .dynbss        0x0000000000000000        0x0 /usr/lib/gcc/i686-linux-gnu/4.8/../../../i386-linux-gnu/crti.o
 *(.bss .bss.* .gnu.linkonce.b.*)
 .bss           0x000000000002f2e0        0x0 /usr/lib/gcc/i686-linux-gnu/4.8/../../../i386-linux-gnu/crti.o
 .bss           0x000000000002f2e0        0x1 /usr/lib/gcc/i686-linux-gnu/4.8/crtbeginS.o
 *fill*         0x000000000002f2e1        0x3 
 .bss           0x000000000002f2e4        0x8 udp-server.co
                0x000000000002f2e4                my_weight
 *fill*         0x000000000002f2ec       0x14 
 .bss           0x000000000002f300     0x2030 obj_cooja/mtype442.o
 .bss           0x0000000000031330        0x1 obj_cooja/mtype442.a(simEnvChange.o)
                0x0000000000031330                simDontFallAsleep
 *fill*         0x0000000000031331        0x3 
 .bss           0x0000000000031334        0x4 obj_cooja/mtype442.a(cooja_mt.o)
 .bss           0x0000000000031338        0x4 obj_cooja/mtype442.a(cooja_mtarch.o)
 .bss           0x000000000003133c        0xc obj_cooja/mtype442.a(rtimer-arch.o)
 .bss           0x0000000000031348        0x0 obj_cooja/mtype442.a(beep.o)
 .bss           0x0000000000031348        0x8 obj_cooja/mtype442.a(button-sensor.o)
 .bss           0x0000000000031350        0x0 obj_cooja/mtype442.a(leds-arch.o)
 .bss           0x0000000000031350        0x0 obj_cooja/mtype442.a(moteid.o)
 .bss           0x0000000000031350        0x1 obj_cooja/mtype442.a(pir-sensor.o)
                0x0000000000031350                simPirValue
 *fill*         0x0000000000031351        0x3 
 .bss           0x0000000000031354        0x4 obj_cooja/mtype442.a(rs232.o)
 .bss           0x0000000000031358        0x1 obj_cooja/mtype442.a(vib-sensor.o)
                0x0000000000031358                simVibValue
 .bss           0x0000000000031359        0x0 obj_cooja/mtype442.a(clock.o)
 *fill*         0x0000000000031359        0x7 
 .bss           0x0000000000031360      0x420 obj_cooja/mtype442.a(log.o)
 .bss           0x0000000000031780      0xfc0 obj_cooja/mtype442.a(cfs-cooja.o)
                0x0000000000031780                simCFSData
                0x0000000000032720                simCFSSize
                0x0000000000032724                simCFSChanged
                0x0000000000032728                simCFSRead
                0x000000000003272c                simCFSWritten
 .bss           0x0000000000032740       0x24 obj_cooja/mtype442.a(cooja-radio.o)
                0x0000000000032740                simReceivingLR
                0x0000000000032744                simInSizeLR
                0x0000000000032748                simOutSizeLR
                0x000000000003274c                simReceiving
                0x0000000000032750                simInSize
                0x0000000000032754                simOutSize
                0x0000000000032758                LongRangeTransmit
                0x000000000003275c                LongRangeReceiving
 .bss           0x0000000000032764        0xc obj_cooja/mtype442.a(eeprom.o)
                0x0000000000032764                simEEPROMChanged
                0x0000000000032768                simEEPROMRead
                0x000000000003276c                simEEPROMWritten
 .bss           0x0000000000032770        0x0 obj_cooja/mtype442.a(random.o)
 .bss           0x0000000000032770        0xc obj_cooja/mtype442.a(sensors.o)
 .bss           0x000000000003277c        0x1 obj_cooja/mtype442.a(leds.o)
 *fill*         0x000000000003277d        0x3 
 .bss           0x0000000000032780       0x2c obj_cooja/mtype442.a(dual_conf.o)
                0x0000000000032780                long_range_radio
 .bss           0x00000000000327ac        0x0 obj_cooja/mtype442.a(autostart.o)
 .bss           0x00000000000327ac        0x5 obj_cooja/mtype442.a(ctimer.o)
 *fill*         0x00000000000327b1        0x3 
 .bss           0x00000000000327b4        0x8 obj_cooja/mtype442.a(etimer.o)
 .bss           0x00000000000327bc        0x0 obj_cooja/mtype442.a(log_message.o)
 *fill*         0x00000000000327bc        0x4 
 .bss           0x00000000000327c0      0x1b1 obj_cooja/mtype442.a(process.o)
                0x00000000000327c0                process_list
                0x00000000000327c4                process_current
 .bss           0x0000000000032971        0x0 obj_cooja/mtype442.a(residual.o)
 *fill*         0x0000000000032971        0x3 
 .bss           0x0000000000032974        0x4 obj_cooja/mtype442.a(rtimer.o)
 .bss           0x0000000000032978        0x0 obj_cooja/mtype442.a(timer.o)
 *fill*         0x0000000000032978        0x8 
 .bss           0x0000000000032980      0x140 obj_cooja/mtype442.a(serial-line.o)
 .bss           0x0000000000032ac0        0x0 obj_cooja/mtype442.a(list.o)
 .bss           0x0000000000032ac0        0x0 obj_cooja/mtype442.a(ringbuf.o)
 .bss           0x0000000000032ac0      0x70c obj_cooja/mtype442.a(sicslowpan.o)
 *fill*         0x00000000000331cc       0x14 
 .bss           0x00000000000331e0      0x2d0 obj_cooja/mtype442.a(uip-ds6-nbr.o)
 .bss           0x00000000000334b0       0x30 obj_cooja/mtype442.a(uip-ds6.o)
 .bss           0x00000000000334e0        0xe obj_cooja/mtype442.a(uip6.o)
                0x00000000000334e0                uip_ext_bitmap
                0x00000000000334e1                uip_ext_len
                0x00000000000334e2                uip_ext_opt_offset
 *fill*         0x00000000000334ee       0x12 
 .bss           0x0000000000033500       0x68 obj_cooja/mtype442.a(tcpip.o)
 .bss           0x0000000000033568        0x0 obj_cooja/mtype442.a(uip-debug.o)
 *fill*         0x0000000000033568       0x18 
 .bss           0x0000000000033580      0xcf8 obj_cooja/mtype442.a(uip-packetqueue)
 *fill*         0x0000000000034278        0x8 
 .bss           0x0000000000034280      0x1fe obj_cooja/mtype442.a(rpl-dag.o)
 .bss           0x000000000003447e        0x0 obj_cooja/mtype442.a(rpl-ext-header.)
 .bss           0x000000000003447e        0x0 obj_cooja/mtype442.a(rpl-icmp6.o)
 .bss           0x000000000003447e        0x0 obj_cooja/mtype442.a(rpl-ltmax.o)
 *fill*         0x000000000003447e        0x2 
 .bss           0x0000000000034480       0x23 obj_cooja/mtype442.a(rpl-timers.o)
 *fill*         0x00000000000344a3        0x1 
 .bss           0x00000000000344a4        0x4 obj_cooja/mtype442.a(rpl.o)
 *fill*         0x00000000000344a8       0x18 
 .bss           0x00000000000344c0      0x288 obj_cooja/mtype442.a(csma.o)
 .bss           0x0000000000034748        0x2 obj_cooja/mtype442.a(framer-802154.o)
 .bss           0x000000000003474a        0x0 obj_cooja/mtype442.a(mac.o)
 *fill*         0x000000000003474a       0x16 
 .bss           0x0000000000034760       0xb1 obj_cooja/mtype442.a(cxmac.o)
 .bss           0x0000000000034811        0x0 obj_cooja/mtype442.a(linkaddr.o)
 *fill*         0x0000000000034811        0xf 
 .bss           0x0000000000034820      0x20c obj_cooja/mtype442.a(nbr-table.o)
 .bss           0x0000000000034a2c        0x0 obj_cooja/mtype442.a(netstack.o)
 *fill*         0x0000000000034a2c       0x14 
 .bss           0x0000000000034a40       0xa0 obj_cooja/mtype442.a(packetbuf.o)
 .bss           0x0000000000034ae0      0xb80 obj_cooja/mtype442.a(queuebuf.o)
 .bss           0x0000000000035660        0x0 obj_cooja/mtype442.a(nullsec.o)
 .bss           0x0000000000035660        0x0 obj_cooja/mtype442.a(watchdog.o)
 .bss           0x0000000000035660        0x0 obj_cooja/mtype442.a(rimestats.o)
 .bss           0x0000000000035660        0x0 obj_cooja/mtype442.a(stimer.o)
 .bss           0x0000000000035660        0x0 obj_cooja/mtype442.a(memb.o)
 .bss           0x0000000000035660      0x568 obj_cooja/mtype442.a(uip-ds6-route.o)
 .bss           0x0000000000035bc8       0x18 obj_cooja/mtype442.a(uip-icmp6.o)
 .bss           0x0000000000035be0        0x0 obj_cooja/mtype442.a(uip-nd6.o)
 .bss           0x0000000000035be0       0x44 obj_cooja/mtype442.a(rpl-nbr-policy.)
 .bss           0x0000000000035c24        0x0 obj_cooja/mtype442.a(frame802154.o)
 .bss           0x0000000000035c24        0x0 /usr/lib/gcc/i686-linux-gnu/4.8/crtendS.o
 .bss           0x0000000000035c24        0x0 /usr/lib/gcc/i686-linux-gnu/4.8/../../../i386-linux-gnu/crtn.o
 *(COMMON)
 COMMON         0x0000000000035c24        0x2 udp-server.co
                0x0000000000035c24                my_sink_reachability
                0x0000000000035c25                my_parent_number
 *fill*         0x0000000000035c26        0x2 
 COMMON         0x0000000000035c28       0x70 obj_cooja/mtype442.o
                0x0000000000035c28                dio_count
                0x0000000000035c2c                dis_count
                0x0000000000035c30                csma_drop_count
                0x0000000000035c34                tcp_output_count
                0x0000000000035c38                csma_transmission_count
                0x0000000000035c3c                dao_ack_fwd_count
                0x0000000000035c40                COOJA_radioRxLong
                0x0000000000035c44                cxmac_collision_count
                0x0000000000035c48                cxmac_retransmission_count
                0x0000000000035c4c                control_message_count
                0x0000000000035c50                dao_count
                0x0000000000035c54                icmp_count
                0x0000000000035c58                COOJA_radioTx
                0x0000000000035c5c                referenceVar
                0x0000000000035c60                cxmac_transmission_count
                0x0000000000035c64                dao_ack_count
                0x0000000000035c68                data_message_count
                0x0000000000035c6c                COOJA_radioTxLong
                0x0000000000035c70                COOJA_radioRx
                0x0000000000035c74                debugfp
                0x0000000000035c78                COOJA_radioOn
                0x0000000000035c7c                LSA_count
                0x0000000000035c80                dao_fwd_count
                0x0000000000035c84                COOJA_duration
                0x0000000000035c88                dio_ack_count
                0x0000000000035c8c                COOJA_radioOnLong
                0x0000000000035c90                sensors_flags
                0x0000000000035c94                data_fwd_count
 COMMON         0x0000000000035c98        0xc obj_cooja/mtype442.a(simEnvChange.o)
                0x0000000000035c98                simEtimerPending
                0x0000000000035c9c                simProcessRunValue
                0x0000000000035ca0                simNextExpirationTime
 COMMON         0x0000000000035ca4        0x1 obj_cooja/mtype442.a(beep.o)
                0x0000000000035ca4                simBeeped
 COMMON         0x0000000000035ca5        0x3 obj_cooja/mtype442.a(button-sensor.o)
                0x0000000000035ca5                simButtonIsActive
                0x0000000000035ca6                simButtonIsDown
                0x0000000000035ca7                simButtonChanged
 COMMON         0x0000000000035ca8        0x1 obj_cooja/mtype442.a(leds-arch.o)
                0x0000000000035ca8                simLedsValue
 *fill*         0x0000000000035ca9        0x3 
 COMMON         0x0000000000035cac        0xc obj_cooja/mtype442.a(moteid.o)
                0x0000000000035cac                simRandomSeed
                0x0000000000035cb0                simMoteIDChanged
                0x0000000000035cb4                simMoteID
 COMMON         0x0000000000035cb8        0x2 obj_cooja/mtype442.a(pir-sensor.o)
                0x0000000000035cb8                simPirIsActive
                0x0000000000035cb9                simPirChanged
 *fill*         0x0000000000035cba        0x6 
 COMMON         0x0000000000035cc0      0x820 obj_cooja/mtype442.a(rs232.o)
                0x0000000000035cc0                simSerialReceivingFlag
                0x0000000000035cc4                simSerialReceivingLength
                0x0000000000035ce0                simSerialReceivingData
 COMMON         0x00000000000364e0        0x2 obj_cooja/mtype442.a(vib-sensor.o)
                0x00000000000364e0                simVibChanged
                0x00000000000364e1                simVibIsActive
 *fill*         0x00000000000364e2        0x2 
 COMMON         0x00000000000364e4        0x4 obj_cooja/mtype442.a(clock.o)
                0x00000000000364e4                simCurrentTime
 *fill*         0x00000000000364e8       0x18 
 COMMON         0x0000000000036500      0x420 obj_cooja/mtype442.a(log.o)
                0x0000000000036500                simLoggedLength
                0x0000000000036504                simLoggedFlag
                0x0000000000036520                simLoggedData
 COMMON         0x0000000000036920      0x260 obj_cooja/mtype442.a(cooja-radio.o)
                0x0000000000036920                simOutDataBuffer
                0x00000000000369a0                simRadioTarget
                0x00000000000369c0                simInDataBufferLR
                0x0000000000036a40                packet_forwarding
                0x0000000000036a60                simOutDataBufferLR
                0x0000000000036ae0                dual_duty_cycle_count
                0x0000000000036b00                simInDataBuffer
 COMMON         0x0000000000036b80      0x400 obj_cooja/mtype442.a(eeprom.o)
                0x0000000000036b80                simEEPROMData
 COMMON         0x0000000000036f80        0x1 obj_cooja/mtype442.a(sensors.o)
                0x0000000000036f80                sensors_event
 *fill*         0x0000000000036f81        0x3 
 COMMON         0x0000000000036f84        0x4 obj_cooja/mtype442.a(log_message.o)
                0x0000000000036f84                log_fp
 COMMON         0x0000000000036f88        0x1 obj_cooja/mtype442.a(serial-line.o)
                0x0000000000036f88                serial_line_event_message
 *fill*         0x0000000000036f89       0x17 
 COMMON         0x0000000000036fa0      0x12c obj_cooja/mtype442.a(uip-ds6-nbr.o)
                0x0000000000036fa0                ds6_lr_addrmap
 *fill*         0x00000000000370cc       0x14 
 COMMON         0x00000000000370e0      0x298 obj_cooja/mtype442.a(uip-ds6.o)
                0x00000000000370e0                uip_ds6_prefix_list
                0x0000000000037140                uip_ds6_timer_periodic
                0x0000000000037150                uip_ds6_netif_addr_list_offset
                0x0000000000037160                uip_ds6_if
                0x0000000000037258                uip_ds6_timer_ra
                0x0000000000037260                uip_ds6_addr_size
                0x0000000000037280                long_uip_ds6_if
 *fill*         0x0000000000037378        0x8 
 COMMON         0x0000000000037380      0x8ec obj_cooja/mtype442.a(uip6.o)
                0x0000000000037380                uip_slen
                0x0000000000037382                uip_acc32
                0x00000000000373a0                uip_conns
                0x0000000000037460                uip_lladdr
                0x0000000000037468                uip_appdata
                0x000000000003746c                uip_flags
                0x0000000000037480                uip_aligned_buf
                0x0000000000037ac0                uip_listenports
                0x0000000000037ad0                uip_len
                0x0000000000037ad2                uip_long_lladdr
                0x0000000000037adc                uip_sappdata
                0x0000000000037ae0                uip_udp_conns
                0x0000000000037c60                uip_udp_conn
                0x0000000000037c64                uip_next_hdr
                0x0000000000037c68                uip_conn
 COMMON         0x0000000000037c6c        0x1 obj_cooja/mtype442.a(tcpip.o)
                0x0000000000037c6c                tcpip_event
 *fill*         0x0000000000037c6d       0x13 
 COMMON         0x0000000000037c80      0x178 obj_cooja/mtype442.a(rpl-dag.o)
                0x0000000000037c80                default_instance
                0x0000000000037ca0                instance_table
 COMMON         0x0000000000037df8       0x10 obj_cooja/mtype442.a(linkaddr.o)
                0x0000000000037df8                linkaddr_node_addr
                0x0000000000037e00                long_linkaddr_node_addr
 COMMON         0x0000000000037e08       0x2e obj_cooja/mtype442.a(packetbuf.o)
                0x0000000000037e08                packetbuf_attrs
                0x0000000000037e26                packetbuf_addrs
 *fill*         0x0000000000037e36        0xa 
 COMMON         0x0000000000037e40       0x48 obj_cooja/mtype442.a(rimestats.o)
                0x0000000000037e40                rimestats
                0x0000000000037e88                . = ALIGN ((. != 0x0)?0x4:0x1)
                0x0000000000037e88                . = ALIGN (0x4)
                0x0000000000037e88                . = SEGMENT_START ("ldata-segment", .)
                0x0000000000037e88                . = ALIGN (0x4)
                0x0000000000037e88                _end = .
                0x0000000000037e88                PROVIDE (end, .)
                0x0000000000037e88                . = DATA_SEGMENT_END (.)

.stab
 *(.stab)

.stabstr
 *(.stabstr)

.stab.excl
 *(.stab.excl)

.stab.exclstr
 *(.stab.exclstr)

.stab.index
 *(.stab.index)

.stab.indexstr
 *(.stab.indexstr)

.comment        0x0000000000000000       0x29
 *(.comment)
 .comment       0x0000000000000000       0x29 /usr/lib/gcc/i686-linux-gnu/4.8/crtbeginS.o
                                         0x2a (size before relaxing)
 .comment       0x0000000000000000       0x2a udp-server.co
 .comment       0x0000000000000000       0x2a obj_cooja/mtype442.o
 .comment       0x0000000000000000       0x2a obj_cooja/mtype442.a(simEnvChange.o)
 .comment       0x0000000000000000       0x2a obj_cooja/mtype442.a(cooja_mt.o)
 .comment       0x0000000000000000       0x2a obj_cooja/mtype442.a(cooja_mtarch.o)
 .comment       0x0000000000000000       0x2a obj_cooja/mtype442.a(rtimer-arch.o)
 .comment       0x0000000000000000       0x2a obj_cooja/mtype442.a(beep.o)
 .comment       0x0000000000000000       0x2a obj_cooja/mtype442.a(button-sensor.o)
 .comment       0x0000000000000000       0x2a obj_cooja/mtype442.a(leds-arch.o)
 .comment       0x0000000000000000       0x2a obj_cooja/mtype442.a(moteid.o)
 .comment       0x0000000000000000       0x2a obj_cooja/mtype442.a(pir-sensor.o)
 .comment       0x0000000000000000       0x2a obj_cooja/mtype442.a(rs232.o)
 .comment       0x0000000000000000       0x2a obj_cooja/mtype442.a(vib-sensor.o)
 .comment       0x0000000000000000       0x2a obj_cooja/mtype442.a(clock.o)
 .comment       0x0000000000000000       0x2a obj_cooja/mtype442.a(log.o)
 .comment       0x0000000000000000       0x2a obj_cooja/mtype442.a(cfs-cooja.o)
 .comment       0x0000000000000000       0x2a obj_cooja/mtype442.a(cooja-radio.o)
 .comment       0x0000000000000000       0x2a obj_cooja/mtype442.a(eeprom.o)
 .comment       0x0000000000000000       0x2a obj_cooja/mtype442.a(random.o)
 .comment       0x0000000000000000       0x2a obj_cooja/mtype442.a(sensors.o)
 .comment       0x0000000000000000       0x2a obj_cooja/mtype442.a(leds.o)
 .comment       0x0000000000000000       0x2a obj_cooja/mtype442.a(dual_conf.o)
 .comment       0x0000000000000000       0x2a obj_cooja/mtype442.a(autostart.o)
 .comment       0x0000000000000000       0x2a obj_cooja/mtype442.a(ctimer.o)
 .comment       0x0000000000000000       0x2a obj_cooja/mtype442.a(etimer.o)
 .comment       0x0000000000000000       0x2a obj_cooja/mtype442.a(log_message.o)
 .comment       0x0000000000000000       0x2a obj_cooja/mtype442.a(process.o)
 .comment       0x0000000000000000       0x2a obj_cooja/mtype442.a(residual.o)
 .comment       0x0000000000000000       0x2a obj_cooja/mtype442.a(rtimer.o)
 .comment       0x0000000000000000       0x2a obj_cooja/mtype442.a(timer.o)
 .comment       0x0000000000000000       0x2a obj_cooja/mtype442.a(serial-line.o)
 .comment       0x0000000000000000       0x2a obj_cooja/mtype442.a(list.o)
 .comment       0x0000000000000000       0x2a obj_cooja/mtype442.a(ringbuf.o)
 .comment       0x0000000000000000       0x2a obj_cooja/mtype442.a(sicslowpan.o)
 .comment       0x0000000000000000       0x2a obj_cooja/mtype442.a(uip-ds6-nbr.o)
 .comment       0x0000000000000000       0x2a obj_cooja/mtype442.a(uip-ds6.o)
 .comment       0x0000000000000000       0x2a obj_cooja/mtype442.a(uip6.o)
 .comment       0x0000000000000000       0x2a obj_cooja/mtype442.a(tcpip.o)
 .comment       0x0000000000000000       0x2a obj_cooja/mtype442.a(uip-debug.o)
 .comment       0x0000000000000000       0x2a obj_cooja/mtype442.a(uip-packetqueue)
 .comment       0x0000000000000000       0x2a obj_cooja/mtype442.a(rpl-dag.o)
 .comment       0x0000000000000000       0x2a obj_cooja/mtype442.a(rpl-ext-header.)
 .comment       0x0000000000000000       0x2a obj_cooja/mtype442.a(rpl-icmp6.o)
 .comment       0x0000000000000000       0x2a obj_cooja/mtype442.a(rpl-ltmax.o)
 .comment       0x0000000000000000       0x2a obj_cooja/mtype442.a(rpl-timers.o)
 .comment       0x0000000000000000       0x2a obj_cooja/mtype442.a(rpl.o)
 .comment       0x0000000000000000       0x2a obj_cooja/mtype442.a(csma.o)
 .comment       0x0000000000000000       0x2a obj_cooja/mtype442.a(framer-802154.o)
 .comment       0x0000000000000000       0x2a obj_cooja/mtype442.a(mac.o)
 .comment       0x0000000000000000       0x2a obj_cooja/mtype442.a(cxmac.o)
 .comment       0x0000000000000000       0x2a obj_cooja/mtype442.a(linkaddr.o)
 .comment       0x0000000000000000       0x2a obj_cooja/mtype442.a(nbr-table.o)
 .comment       0x0000000000000000       0x2a obj_cooja/mtype442.a(netstack.o)
 .comment       0x0000000000000000       0x2a obj_cooja/mtype442.a(packetbuf.o)
 .comment       0x0000000000000000       0x2a obj_cooja/mtype442.a(queuebuf.o)
 .comment       0x0000000000000000       0x2a obj_cooja/mtype442.a(nullsec.o)
 .comment       0x0000000000000000       0x2a obj_cooja/mtype442.a(watchdog.o)
 .comment       0x0000000000000000       0x2a obj_cooja/mtype442.a(rimestats.o)
 .comment       0x0000000000000000       0x2a obj_cooja/mtype442.a(stimer.o)
 .comment       0x0000000000000000       0x2a obj_cooja/mtype442.a(memb.o)
 .comment       0x0000000000000000       0x2a obj_cooja/mtype442.a(uip-ds6-route.o)
 .comment       0x0000000000000000       0x2a obj_cooja/mtype442.a(uip-icmp6.o)
 .comment       0x0000000000000000       0x2a obj_cooja/mtype442.a(uip-nd6.o)
 .comment       0x0000000000000000       0x2a obj_cooja/mtype442.a(rpl-nbr-policy.)
 .comment       0x0000000000000000       0x2a obj_cooja/mtype442.a(frame802154.o)
 .comment       0x0000000000000000       0x2a /usr/lib/gcc/i686-linux-gnu/4.8/crtendS.o

.debug
 *(.debug)

.line
 *(.line)

.debug_srcinfo
 *(.debug_srcinfo)

.debug_sfnames
 *(.debug_sfnames)

.debug_aranges  0x0000000000000000      0x818
 *(.debug_aranges)
 .debug_aranges
                0x0000000000000000       0x20 udp-server.co
 .debug_aranges
                0x0000000000000020       0x20 obj_cooja/mtype442.o
 .debug_aranges
                0x0000000000000040       0x20 obj_cooja/mtype442.a(simEnvChange.o)
 .debug_aranges
                0x0000000000000060       0x20 obj_cooja/mtype442.a(cooja_mt.o)
 .debug_aranges
                0x0000000000000080       0x20 obj_cooja/mtype442.a(cooja_mtarch.o)
 .debug_aranges
                0x00000000000000a0       0x20 obj_cooja/mtype442.a(rtimer-arch.o)
 .debug_aranges
                0x00000000000000c0       0x20 obj_cooja/mtype442.a(beep.o)
 .debug_aranges
                0x00000000000000e0       0x20 obj_cooja/mtype442.a(button-sensor.o)
 .debug_aranges
                0x0000000000000100       0x20 obj_cooja/mtype442.a(leds-arch.o)
 .debug_aranges
                0x0000000000000120       0x20 obj_cooja/mtype442.a(moteid.o)
 .debug_aranges
                0x0000000000000140       0x20 obj_cooja/mtype442.a(pir-sensor.o)
 .debug_aranges
                0x0000000000000160       0x20 obj_cooja/mtype442.a(rs232.o)
 .debug_aranges
                0x0000000000000180       0x20 obj_cooja/mtype442.a(vib-sensor.o)
 .debug_aranges
                0x00000000000001a0       0x20 obj_cooja/mtype442.a(clock.o)
 .debug_aranges
                0x00000000000001c0       0x20 obj_cooja/mtype442.a(log.o)
 .debug_aranges
                0x00000000000001e0       0x20 obj_cooja/mtype442.a(cfs-cooja.o)
 .debug_aranges
                0x0000000000000200       0x20 obj_cooja/mtype442.a(cooja-radio.o)
 .debug_aranges
                0x0000000000000220       0x20 obj_cooja/mtype442.a(eeprom.o)
 .debug_aranges
                0x0000000000000240       0x20 obj_cooja/mtype442.a(random.o)
 .debug_aranges
                0x0000000000000260       0x20 obj_cooja/mtype442.a(sensors.o)
 .debug_aranges
                0x0000000000000280       0x20 obj_cooja/mtype442.a(leds.o)
 .debug_aranges
                0x00000000000002a0       0x20 obj_cooja/mtype442.a(dual_conf.o)
 .debug_aranges
                0x00000000000002c0       0x20 obj_cooja/mtype442.a(autostart.o)
 .debug_aranges
                0x00000000000002e0       0x20 obj_cooja/mtype442.a(ctimer.o)
 .debug_aranges
                0x0000000000000300       0x20 obj_cooja/mtype442.a(etimer.o)
 .debug_aranges
                0x0000000000000320       0x20 obj_cooja/mtype442.a(log_message.o)
 .debug_aranges
                0x0000000000000340       0x20 obj_cooja/mtype442.a(process.o)
 .debug_aranges
                0x0000000000000360       0x20 obj_cooja/mtype442.a(residual.o)
 .debug_aranges
                0x0000000000000380       0x20 obj_cooja/mtype442.a(rtimer.o)
 .debug_aranges
                0x00000000000003a0       0x20 obj_cooja/mtype442.a(timer.o)
 .debug_aranges
                0x00000000000003c0       0x20 obj_cooja/mtype442.a(serial-line.o)
 .debug_aranges
                0x00000000000003e0       0x20 obj_cooja/mtype442.a(list.o)
 .debug_aranges
                0x0000000000000400       0x20 obj_cooja/mtype442.a(ringbuf.o)
 .debug_aranges
                0x0000000000000420       0x20 obj_cooja/mtype442.a(sicslowpan.o)
 .debug_aranges
                0x0000000000000440       0x20 obj_cooja/mtype442.a(uip-ds6-nbr.o)
 .debug_aranges
                0x0000000000000460       0x20 obj_cooja/mtype442.a(uip-ds6.o)
 .debug_aranges
                0x0000000000000480       0x20 obj_cooja/mtype442.a(uip6.o)
 .debug_aranges
                0x00000000000004a0       0x20 obj_cooja/mtype442.a(tcpip.o)
 .debug_aranges
                0x00000000000004c0       0x20 obj_cooja/mtype442.a(uip-debug.o)
 .debug_aranges
                0x00000000000004e0       0x20 obj_cooja/mtype442.a(uip-packetqueue)
 .debug_aranges
                0x0000000000000500       0x20 obj_cooja/mtype442.a(rpl-dag.o)
 .debug_aranges
                0x0000000000000520       0x20 obj_cooja/mtype442.a(rpl-ext-header.)
 .debug_aranges
                0x0000000000000540       0x20 obj_cooja/mtype442.a(rpl-icmp6.o)
 .debug_aranges
                0x0000000000000560       0x20 obj_cooja/mtype442.a(rpl-ltmax.o)
 .debug_aranges
                0x0000000000000580       0x20 obj_cooja/mtype442.a(rpl-timers.o)
 .debug_aranges
                0x00000000000005a0       0x20 obj_cooja/mtype442.a(rpl.o)
 .debug_aranges
                0x00000000000005c0       0x20 obj_cooja/mtype442.a(csma.o)
 .debug_aranges
                0x00000000000005e0       0x20 obj_cooja/mtype442.a(framer-802154.o)
 .debug_aranges
                0x0000000000000600       0x20 obj_cooja/mtype442.a(mac.o)
 .debug_aranges
                0x0000000000000620       0x20 obj_cooja/mtype442.a(cxmac.o)
 .debug_aranges
                0x0000000000000640       0x20 obj_cooja/mtype442.a(linkaddr.o)
 .debug_aranges
                0x0000000000000660       0x20 obj_cooja/mtype442.a(nbr-table.o)
 .debug_aranges
                0x0000000000000680       0x20 obj_cooja/mtype442.a(netstack.o)
 .debug_aranges
                0x00000000000006a0       0x20 obj_cooja/mtype442.a(packetbuf.o)
 .debug_aranges
                0x00000000000006c0       0x20 obj_cooja/mtype442.a(queuebuf.o)
 .debug_aranges
                0x00000000000006e0       0x20 obj_cooja/mtype442.a(nullsec.o)
 .debug_aranges
                0x0000000000000700       0x20 obj_cooja/mtype442.a(watchdog.o)
 .debug_aranges
                0x0000000000000720       0x18 obj_cooja/mtype442.a(rimestats.o)
 .debug_aranges
                0x0000000000000738       0x20 obj_cooja/mtype442.a(stimer.o)
 .debug_aranges
                0x0000000000000758       0x20 obj_cooja/mtype442.a(memb.o)
 .debug_aranges
                0x0000000000000778       0x20 obj_cooja/mtype442.a(uip-ds6-route.o)
 .debug_aranges
                0x0000000000000798       0x20 obj_cooja/mtype442.a(uip-icmp6.o)
 .debug_aranges
                0x00000000000007b8       0x20 obj_cooja/mtype442.a(uip-nd6.o)
 .debug_aranges
                0x00000000000007d8       0x20 obj_cooja/mtype442.a(rpl-nbr-policy.)
 .debug_aranges
                0x00000000000007f8       0x20 obj_cooja/mtype442.a(frame802154.o)

.debug_pubnames
 *(.debug_pubnames)

.debug_info     0x0000000000000000    0x1dff4
 *(.debug_info .gnu.linkonce.wi.*)
 .debug_info    0x0000000000000000      0xe43 udp-server.co
 .debug_info    0x0000000000000e43     0x3b8f obj_cooja/mtype442.o
 .debug_info    0x00000000000049d2      0x15a obj_cooja/mtype442.a(simEnvChange.o)
 .debug_info    0x0000000000004b2c      0x1e2 obj_cooja/mtype442.a(cooja_mt.o)
 .debug_info    0x0000000000004d0e      0x2e7 obj_cooja/mtype442.a(cooja_mtarch.o)
 .debug_info    0x0000000000004ff5      0x16b obj_cooja/mtype442.a(rtimer-arch.o)
 .debug_info    0x0000000000005160      0x1f3 obj_cooja/mtype442.a(beep.o)
 .debug_info    0x0000000000005353      0x257 obj_cooja/mtype442.a(button-sensor.o)
 .debug_info    0x00000000000055aa      0x132 obj_cooja/mtype442.a(leds-arch.o)
 .debug_info    0x00000000000056dc      0x10a obj_cooja/mtype442.a(moteid.o)
 .debug_info    0x00000000000057e6      0x216 obj_cooja/mtype442.a(pir-sensor.o)
 .debug_info    0x00000000000059fc      0x21e obj_cooja/mtype442.a(rs232.o)
 .debug_info    0x0000000000005c1a      0x216 obj_cooja/mtype442.a(vib-sensor.o)