Archive member included to satisfy reference by file (symbol)

obj_cooja/mtype124.a(simEnvChange.o)
                              obj_cooja/mtype124.o (simDontFallAsleep)
obj_cooja/mtype124.a(cooja_mt.o)
                              obj_cooja/mtype124.o (cooja_mt_start)
obj_cooja/mtype124.a(cooja_mtarch.o)
                              obj_cooja/mtype124.a(cooja_mt.o) (cooja_mtarch_init)
obj_cooja/mtype124.a(rtimer-arch.o)
                              obj_cooja/mtype124.o (rtimer_arch_next)
obj_cooja/mtype124.a(beep.o)  obj_cooja/mtype124.o (beep_interface)
obj_cooja/mtype124.a(button-sensor.o)
                              obj_cooja/mtype124.o (button_interface)
obj_cooja/mtype124.a(leds-arch.o)
                              obj_cooja/mtype124.o (leds_interface)
obj_cooja/mtype124.a(moteid.o)
                              obj_cooja/mtype124.o (moteid_interface)
obj_cooja/mtype124.a(pir-sensor.o)
                              obj_cooja/mtype124.o (pir_interface)
obj_cooja/mtype124.a(rs232.o)
                              obj_cooja/mtype124.o (rs232_interface)
obj_cooja/mtype124.a(vib-sensor.o)
                              obj_cooja/mtype124.o (vib_interface)
obj_cooja/mtype124.a(clock.o)
                              obj_cooja/mtype124.o (clock_interface)
obj_cooja/mtype124.a(log.o)   obj_cooja/mtype124.o (simlog_interface)
obj_cooja/mtype124.a(cfs-cooja.o)
                              obj_cooja/mtype124.o (cfs_interface)
obj_cooja/mtype124.a(cooja-radio.o)
                              obj_cooja/mtype124.o (radio_interface)
obj_cooja/mtype124.a(eeprom.o)
                              obj_cooja/mtype124.o (eeprom_interface)
obj_cooja/mtype124.a(random.o)
                              obj_cooja/mtype124.a(moteid.o) (random_init)
obj_cooja/mtype124.a(sensors.o)
                              obj_cooja/mtype124.o (sensors_process)
obj_cooja/mtype124.a(leds.o)  obj_cooja/mtype124.a(cooja-radio.o) (leds_on)
obj_cooja/mtype124.a(dual_conf.o)
                              obj_cooja/mtype124.a(cooja-radio.o) (long_range_radio)
obj_cooja/mtype124.a(autostart.o)
                              obj_cooja/mtype124.o (autostart_start)
obj_cooja/mtype124.a(ctimer.o)
                              obj_cooja/mtype124.o (ctimer_init)
obj_cooja/mtype124.a(etimer.o)
                              obj_cooja/mtype124.o (etimer_process)
obj_cooja/mtype124.a(log_message.o)
                              obj_cooja/mtype124.o (log_initialization)
obj_cooja/mtype124.a(process.o)
                              udp-client.co (process_current)
obj_cooja/mtype124.a(residual.o)
                              udp-client.co (DISSIPATION_RATE)
obj_cooja/mtype124.a(rtimer.o)
                              obj_cooja/mtype124.a(rtimer-arch.o) (rtimer_run_next)
obj_cooja/mtype124.a(stimer.o)
                              udp-client.co (stimer_remaining)
obj_cooja/mtype124.a(timer.o)
                              obj_cooja/mtype124.a(button-sensor.o) (timer_set)
obj_cooja/mtype124.a(serial-line.o)
                              udp-client.co (serial_line_event_message)
obj_cooja/mtype124.a(list.o)  obj_cooja/mtype124.a(ctimer.o) (list_init)
obj_cooja/mtype124.a(ringbuf.o)
                              obj_cooja/mtype124.a(serial-line.o) (ringbuf_init)
obj_cooja/mtype124.a(sicslowpan.o)
                              obj_cooja/mtype124.o (sicslowpan_driver)
obj_cooja/mtype124.a(uip-ds6-nbr.o)
                              obj_cooja/mtype124.a(sicslowpan.o) (uip_ds6_link_neighbor_callback)
obj_cooja/mtype124.a(uip-ds6-route.o)
                              udp-client.co (uip_ds6_route_nexthop)
obj_cooja/mtype124.a(uip-ds6.o)
                              udp-client.co (uip_ds6_if)
obj_cooja/mtype124.a(uip6.o)  udp-client.co (uip_lladdr)
obj_cooja/mtype124.a(tcpip.o)
                              udp-client.co (tcpip_event)
obj_cooja/mtype124.a(uip-debug.o)
                              udp-client.co (uip_debug_ipaddr_print)
obj_cooja/mtype124.a(uip-packetqueue)
                              obj_cooja/mtype124.a(uip-ds6-nbr.o) (uip_packetqueue_new)
obj_cooja/mtype124.a(uip-udp-packet.)
                              udp-client.co (uip_udp_packet_sendto)
obj_cooja/mtype124.a(rpl-dag.o)
                              udp-client.co (rpl_parents)
obj_cooja/mtype124.a(rpl-ext-header.)
                              obj_cooja/mtype124.a(uip6.o) (rpl_verify_header)
obj_cooja/mtype124.a(rpl-icmp6.o)
                              obj_cooja/mtype124.a(rpl-dag.o) (rpl_icmp6_update_nbr_table)
obj_cooja/mtype124.a(rpl-ltmax.o)
                              obj_cooja/mtype124.a(rpl-dag.o) (rpl_ltmax_of)
obj_cooja/mtype124.a(rpl-timers.o)
                              obj_cooja/mtype124.a(rpl-dag.o) (rpl_reset_dio_timer)
obj_cooja/mtype124.a(rpl.o)   obj_cooja/mtype124.a(rpl-icmp6.o) (rpl_get_mode)
obj_cooja/mtype124.a(csma.o)  obj_cooja/mtype124.o (csma_driver)
obj_cooja/mtype124.a(framer-802154.o)
[...]
Memory Configuration

Name             Origin             Length             Attributes
*default*        0x0000000000000000 0xffffffffffffffff

Linker script and memory map

LOAD /usr/lib/gcc/i686-linux-gnu/4.8/../../../i386-linux-gnu/crti.o
LOAD /usr/lib/gcc/i686-linux-gnu/4.8/crtbeginS.o
LOAD udp-client.co
LOAD obj_cooja/mtype124.o
LOAD obj_cooja/mtype124.a
LOAD /usr/lib/gcc/i686-linux-gnu/4.8/libgcc.a
LOAD /usr/lib/gcc/i686-linux-gnu/4.8/libgcc_s.so
LOAD /usr/lib/gcc/i686-linux-gnu/4.8/../../../i386-linux-gnu/libc.so
START GROUP
LOAD /lib/i386-linux-gnu/libc.so.6
LOAD /usr/lib/i386-linux-gnu/libc_nonshared.a
LOAD /lib/i386-linux-gnu/ld-linux.so.2
END GROUP
LOAD /usr/lib/gcc/i686-linux-gnu/4.8/libgcc.a
LOAD /usr/lib/gcc/i686-linux-gnu/4.8/libgcc_s.so
LOAD /usr/lib/gcc/i686-linux-gnu/4.8/crtendS.o
LOAD /usr/lib/gcc/i686-linux-gnu/4.8/../../../i386-linux-gnu/crtn.o
                0x0000000000000114                . = (0x0 + SIZEOF_HEADERS)

.note.gnu.build-id
                0x0000000000000114       0x24
 *(.note.gnu.build-id)
 .note.gnu.build-id
                0x0000000000000114       0x24 /usr/lib/gcc/i686-linux-gnu/4.8/../../../i386-linux-gnu/crti.o

.hash
 *(.hash)

.gnu.hash       0x0000000000000138     0x13ac
 *(.gnu.hash)
 .gnu.hash      0x0000000000000138     0x13ac /usr/lib/gcc/i686-linux-gnu/4.8/../../../i386-linux-gnu/crti.o

.dynsym         0x00000000000014e4     0x2710
 *(.dynsym)
 .dynsym        0x00000000000014e4     0x2710 /usr/lib/gcc/i686-linux-gnu/4.8/../../../i386-linux-gnu/crti.o

.dynstr         0x0000000000003bf4     0x282d
 *(.dynstr)
 .dynstr        0x0000000000003bf4     0x282d /usr/lib/gcc/i686-linux-gnu/4.8/../../../i386-linux-gnu/crti.o

.gnu.version    0x0000000000006422      0x4e2
 *(.gnu.version)
 .gnu.version   0x0000000000006422      0x4e2 /usr/lib/gcc/i686-linux-gnu/4.8/../../../i386-linux-gnu/crti.o

.gnu.version_d  0x0000000000006904        0x0
 *(.gnu.version_d)
 .gnu.version_d
                0x0000000000000000        0x0 /usr/lib/gcc/i686-linux-gnu/4.8/../../../i386-linux-gnu/crti.o

.gnu.version_r  0x0000000000006904       0x50
 *(.gnu.version_r)
 .gnu.version_r
                0x0000000000006904       0x50 /usr/lib/gcc/i686-linux-gnu/4.8/../../../i386-linux-gnu/crti.o

.rel.dyn        0x0000000000006954     0x9800
 *(.rel.init)
 .rel.init      0x0000000000000000        0x0 /usr/lib/gcc/i686-linux-gnu/4.8/../../../i386-linux-gnu/crti.o
 *(.rel.text .rel.text.* .rel.gnu.linkonce.t.*)
 .rel.text      0x0000000000006954     0x9028 /usr/lib/gcc/i686-linux-gnu/4.8/../../../i386-linux-gnu/crti.o
 *(.rel.fini)
 .rel.fini      0x0000000000000000        0x0 /usr/lib/gcc/i686-linux-gnu/4.8/../../../i386-linux-gnu/crti.o
 *(.rel.rodata .rel.rodata.* .rel.gnu.linkonce.r.*)
 .rel.rodata    0x000000000000f97c      0x4e0 /usr/lib/gcc/i686-linux-gnu/4.8/../../../i386-linux-gnu/crti.o
 *(.rel.data.rel.ro .rel.data.rel.ro.* .rel.gnu.linkonce.d.rel.ro.*)
 *(.rel.data .rel.data.* .rel.gnu.linkonce.d.*)
 .rel.data.rel  0x000000000000fe5c        0x8 /usr/lib/gcc/i686-linux-gnu/4.8/../../../i386-linux-gnu/crti.o
 .rel.data      0x000000000000fe64      0x2b8 /usr/lib/gcc/i686-linux-gnu/4.8/../../../i386-linux-gnu/crti.o
 *(.rel.tdata .rel.tdata.* .rel.gnu.linkonce.td.*)
 *(.rel.tbss .rel.tbss.* .rel.gnu.linkonce.tb.*)
 *(.rel.ctors)
 *(.rel.dtors)
 *(.rel.got)
 .rel.got       0x000000000001011c       0x28 /usr/lib/gcc/i686-linux-gnu/4.8/../../../i386-linux-gnu/crti.o
 *(.rel.bss .rel.bss.* .rel.gnu.linkonce.b.*)
 *(.rel.ifunc)
 .rel.ifunc     0x0000000000000000        0x0 /usr/lib/gcc/i686-linux-gnu/4.8/../../../i386-linux-gnu/crti.o
 .rel.fini_array
                0x0000000000010144        0x8 /usr/lib/gcc/i686-linux-gnu/4.8/../../../i386-linux-gnu/crti.o
 .rel.init_array
                0x000000000001014c        0x8 /usr/lib/gcc/i686-linux-gnu/4.8/../../../i386-linux-gnu/crti.o

.rel.plt        0x0000000000010154       0x10
 *(.rel.plt)
 .rel.plt       0x0000000000010154       0x10 /usr/lib/gcc/i686-linux-gnu/4.8/../../../i386-linux-gnu/crti.o
 *(.rel.iplt)

.init           0x0000000000010164       0x23
 *(SORT(.init))
 .init          0x0000000000010164       0x1e /usr/lib/gcc/i686-linux-gnu/4.8/../../../i386-linux-gnu/crti.o
                0x0000000000010164                _init
 .init          0x0000000000010182        0x5 /usr/lib/gcc/i686-linux-gnu/4.8/../../../i386-linux-gnu/crtn.o

.plt            0x0000000000010190       0x30
 *(.plt)
 .plt           0x0000000000010190       0x30 /usr/lib/gcc/i686-linux-gnu/4.8/../../../i386-linux-gnu/crti.o
 *(.iplt)

.text           0x00000000000101c0    0x1731a
 *(.text.unlikely .text.*_unlikely .text.unlikely.*)
 *(.text.exit .text.exit.*)
 *(.text.startup .text.startup.*)
 *(.text.hot .text.hot.*)
 *(.text .stub .text.* .gnu.linkonce.t.*)
 .text          0x00000000000101c0        0x0 /usr/lib/gcc/i686-linux-gnu/4.8/../../../i386-linux-gnu/crti.o
 .gnu.linkonce.t.__x86.get_pc_thunk.bx
                0x00000000000101c0        0x4 /usr/lib/gcc/i686-linux-gnu/4.8/../../../i386-linux-gnu/crti.o
                0x00000000000101c0                __x86.get_pc_thunk.bx
 *fill*         0x00000000000101c4        0xc 
 .text          0x00000000000101d0      0x11b /usr/lib/gcc/i686-linux-gnu/4.8/crtbeginS.o
 .text          0x00000000000102eb      0x8eb udp-client.co
 .text          0x0000000000010bd6      0x96a obj_cooja/mtype124.o
                0x0000000000010d84                contiki_init
                0x0000000000011357                Java_org_contikios_cooja_corecomm_Lib2_init
                0x0000000000011397                Java_org_contikios_cooja_corecomm_Lib2_getMemory
                0x00000000000113d7                Java_org_contikios_cooja_corecomm_Lib2_setMemory
                0x000000000001144e                Java_org_contikios_cooja_corecomm_Lib2_tick
                0x000000000001152e                Java_org_contikios_cooja_corecomm_Lib2_setReferenceAddress
 .text          0x0000000000011540       0x63 obj_cooja/mtype124.a(simEnvChange.o)
                0x0000000000011540                doActionsBeforeTick
                0x0000000000011571                doActionsAfterTick
 .text          0x00000000000115a3       0xbc obj_cooja/mtype124.a(cooja_mt.o)
                0x00000000000115a3                cooja_mt_init
                0x00000000000115b0                cooja_mt_remove
                0x00000000000115bd                cooja_mt_start
                0x00000000000115ea                cooja_mt_exec
                0x000000000001161b                cooja_mt_exit
                0x000000000001163d                cooja_mt_yield
 .text          0x000000000001165f      0x115 obj_cooja/mtype124.a(cooja_mtarch.o)
                0x000000000001165f                cooja_mtarch_init
                0x0000000000011664                cooja_mtarch_start
                0x00000000000116df                cooja_sw
                0x0000000000011701                cooja_mtarch_exec
                0x000000000001171d                cooja_mtarch_remove
                0x0000000000011722                cooja_mtarch_yield
                0x000000000001172c                cooja_mtarch_pstop
                0x0000000000011731                cooja_mtarch_pstart
                0x0000000000011736                cooja_mtarch_stack_usage
 .text          0x0000000000011774       0xc2 obj_cooja/mtype124.a(rtimer-arch.o)
                0x0000000000011774                rtimer_arch_init
                0x0000000000011797                rtimer_arch_schedule
                0x00000000000117ae                rtimer_arch_next
                0x00000000000117b8                rtimer_arch_pending
                0x00000000000117c2                rtimer_arch_check
                0x00000000000117f4                rtimer_arch_now
 .text          0x0000000000011836       0x76 obj_cooja/mtype124.a(beep.o)
                0x0000000000011836                beep_alarm
                0x0000000000011842                beep_beep
                0x000000000001184e                beep
                0x000000000001185a                beep_down
                0x0000000000011866                beep_on
                0x0000000000011872                beep_off
                0x000000000001187e                beep_spinup
                0x000000000001188a                beep_quick
                0x0000000000011896                beep_long
 .text          0x00000000000118ac      0x103 obj_cooja/mtype124.a(button-sensor.o)
 .text          0x00000000000119af       0x45 obj_cooja/mtype124.a(leds-arch.o)
                0x00000000000119af                leds_arch_init
                0x00000000000119bb                leds_arch_get
                0x00000000000119c7                leds_arch_set
 .text          0x00000000000119f4       0x2f obj_cooja/mtype124.a(moteid.o)
 .text          0x0000000000011a23       0xb1 obj_cooja/mtype124.a(pir-sensor.o)
 .text          0x0000000000011ad4      0x131 obj_cooja/mtype124.a(rs232.o)
                0x0000000000011ad4                rs232_init
                0x0000000000011ad9                rs232_set_speed
                0x0000000000011ae7                rs232_set_input
                0x0000000000011af4                rs232_send
                0x0000000000011b16                rs232_print
                0x0000000000011b31                slip_arch_writeb
 .text          0x0000000000011c05       0xb1 obj_cooja/mtype124.a(vib-sensor.o)
 .text          0x0000000000011cb6       0x34 obj_cooja/mtype124.a(clock.o)
                0x0000000000011cb6                clock_init
                0x0000000000011cbb                clock_time
                0x0000000000011cc5                clock_seconds
                0x0000000000011cdb                clock_delay
 .text          0x0000000000011cea      0x1ed obj_cooja/mtype124.a(log.o)
                0x0000000000011cea                simlog_char
                0x0000000000011d2c                simlog
                0x0000000000011d99                log_message
                0x0000000000011dc1                log_set_putchar_with_slip
                0x0000000000011dce                log_putchar
                0x0000000000011e52                log_puts
                0x0000000000011e76                log_printf
 .text          0x0000000000011ed7      0x2c4 obj_cooja/mtype124.a(cfs-cooja.o)
                0x0000000000011ed7                cfs_open
                0x0000000000011f40                cfs_close
                0x0000000000011f4c                cfs_read
                0x0000000000011fea                cfs_write
                0x00000000000120c7                cfs_seek
                0x000000000001214f                cfs_remove
                0x0000000000012178                cfs_opendir
                0x0000000000012182                cfs_readdir
                0x000000000001218c                cfs_closedir
 .text          0x000000000001219b      0x69f obj_cooja/mtype124.a(cooja-radio.o)
                0x00000000000121c5                radio_set_channel
                0x00000000000121da                radio_set_txpower
                0x00000000000121fa                radio_signal_strength_last
                0x0000000000012204                radio_signal_strength_current
                0x000000000001220e                radio_LQI
 .text          0x000000000001283a       0xef obj_cooja/mtype124.a(eeprom.o)
                0x000000000001283a                eeprom_init
                0x000000000001283f                eeprom_read
                0x00000000000128af                eeprom_write
 .text          0x0000000000012929       0x28 obj_cooja/mtype124.a(random.o)
                0x0000000000012929                random_init
                0x0000000000012944                random_rand
 .text          0x0000000000012951      0x2a1 obj_cooja/mtype124.a(sensors.o)
                0x000000000001298c                sensors_first
                0x0000000000012996                sensors_next
                0x00000000000129b3                sensors_changed
                0x00000000000129e2                sensors_find
 .text          0x0000000000012bf2      0x134 obj_cooja/mtype124.a(leds.o)
                0x0000000000012c43                leds_init
                0x0000000000012c57                leds_blink
                0x0000000000012c8f                leds_get
                0x0000000000012c9c                leds_set
                0x0000000000012cb6                leds_on
                0x0000000000012cd9                leds_off
                0x0000000000012d03                leds_toggle
 .text          0x0000000000012d26      0x318 obj_cooja/mtype124.a(dual_conf.o)
                0x0000000000012d26                dual_radio_switch
                0x0000000000012d66                dual_radio_change
                0x0000000000012da0                sending_in_LR
                0x0000000000012dcb                dual_radio_received
                0x0000000000012e03                radio_received_is_longrange
                0x0000000000012e1e                dual_radio_turn_on
                0x0000000000012e41                dual_radio_turn_off
                0x0000000000012ff4                dio_broadcast
                0x000000000001301d                dis_broadcast
 .text          0x000000000001303e       0x8e obj_cooja/mtype124.a(autostart.o)
                0x000000000001303e                autostart_start
                0x0000000000013089                autostart_exit
 .text          0x00000000000130cc      0x334 obj_cooja/mtype124.a(ctimer.o)
                0x00000000000131e3                ctimer_init
                0x0000000000013213                ctimer_set
                0x0000000000013244                ctimer_set_with_process
                0x00000000000132c0                ctimer_reset
                0x000000000001330f                ctimer_restart
                0x000000000001335e                ctimer_stop
                0x00000000000133a9                ctimer_expired
 .text          0x0000000000013400      0x40b obj_cooja/mtype124.a(etimer.o)
                0x0000000000013613                etimer_request_poll
                0x0000000000013697                etimer_set
                0x00000000000136bc                etimer_reset_with_new_interval
                0x00000000000136e3                etimer_reset
                0x0000000000013701                etimer_restart
                0x000000000001371f                etimer_adjust
                0x000000000001373b                etimer_expired
                0x000000000001374e                etimer_expiration_time
                0x0000000000013760                etimer_start_time
                0x000000000001376a                etimer_pending
                0x000000000001377c                etimer_next_expiration_time
                0x0000000000013796                etimer_stop
 .text          0x000000000001380b      0x250 obj_cooja/mtype124.a(log_message.o)
                0x000000000001380b                log_initialization
                0x0000000000013a3a                log_finisher
 .text          0x0000000000013a5b      0x560 obj_cooja/mtype124.a(process.o)
                0x0000000000013a5b                process_alloc_event
                0x0000000000013a70                process_start
                0x0000000000013c59                process_exit
                0x0000000000013c75                process_init
                0x0000000000013e46                process_run
                0x0000000000013e79                process_nevents
                0x0000000000013e94                process_post
                0x0000000000013f40                process_post_synch
                0x0000000000013f78                process_poll
                0x0000000000013fa7                process_is_running
 .text          0x0000000000013fbb       0xd3 obj_cooja/mtype124.a(residual.o)
                0x0000000000013fbb                get_residual_energy
 .text          0x000000000001408e       0xba obj_cooja/mtype124.a(rtimer.o)
                0x000000000001408e                rtimer_init
                0x000000000001409b                rtimer_set
                0x00000000000140f2                rtimer_run_next
 .text          0x0000000000014148       0xa3 obj_cooja/mtype124.a(stimer.o)
                0x0000000000014148                stimer_set
                0x0000000000014163                stimer_reset
                0x000000000001417a                stimer_restart
                0x000000000001418c                stimer_expired
                0x00000000000141b3                stimer_remaining
                0x00000000000141d7                stimer_elapsed
 .text          0x00000000000141eb       0x91 obj_cooja/mtype124.a(timer.o)
                0x00000000000141eb                timer_set
                0x0000000000014206                timer_reset
                0x000000000001421d                timer_restart
                0x000000000001422f                timer_expired
                0x0000000000014258                timer_remaining
 .text          0x000000000001427c      0x1fb obj_cooja/mtype124.a(serial-line.o)
                0x000000000001427c                serial_line_input_byte
                0x000000000001443f                serial_line_init
 .text          0x0000000000014477      0x244 obj_cooja/mtype124.a(list.o)
                0x0000000000014477                list_init
                0x0000000000014485                list_head
                0x000000000001448f                list_copy
                0x000000000001449e                list_tail
                0x00000000000144d4                list_add
                0x000000000001451d                list_push
                0x0000000000014549                list_chop
                0x00000000000145b3                list_pop
                0x00000000000145db                list_remove
                0x0000000000014642                list_length
                0x0000000000014670                list_insert
                0x00000000000146a4                list_item_next
 .text          0x00000000000146bb      0x155 obj_cooja/mtype124.a(ringbuf.o)
                0x00000000000146bb                ringbuf_init
                0x00000000000146ec                ringbuf_put
                0x000000000001476a                ringbuf_get
                0x00000000000147d7                ringbuf_size
                0x00000000000147e9                ringbuf_elements
 .text          0x0000000000014810     0x258b obj_cooja/mtype124.a(sicslowpan.o)
                0x0000000000014d9a                rime_sniffer_add
                0x0000000000014da7                rime_sniffer_remove
                0x0000000000016d3a                sicslowpan_init
                0x0000000000016d91                sicslowpan_get_last_rssi
 .text          0x0000000000016d9b      0x2dc obj_cooja/mtype124.a(uip-ds6-nbr.o)
                0x0000000000016db8                uip_ds6_neighbors_init
                0x0000000000016dd5                uip_ds6_nbr_add
                0x0000000000016e86                uip_ds6_nbr_rm
                0x0000000000016ee3                uip_ds6_nbr_get_ipaddr
                0x0000000000016ef8                uip_ds6_nbr_get_ll
                0x0000000000016f14                uip_ds6_nbr_num
                0x0000000000016f59                uip_ds6_nbr_lookup
                0x0000000000016fbe                uip_ds6_nbr_ll_lookup
                0x0000000000016fda                uip_ds6_nbr_ipaddr_from_lladdr
                0x0000000000017000                uip_ds6_nbr_lladdr_from_ipaddr
                0x000000000001702e                uip_ds6_link_neighbor_callback
 .text          0x0000000000017077      0x916 obj_cooja/mtype124.a(uip-ds6-route.o)
                0x00000000000170ee                uip_ds6_notification_add
                0x000000000001711f                uip_ds6_notification_rm
                0x000000000001713b                uip_ds6_route_init
                0x00000000000171c3                uip_ds6_route_nexthop
                0x00000000000171eb                uip_ds6_route_head
                0x0000000000017200                uip_ds6_route_next
                0x0000000000017226                uip_ds6_route_is_nexthop
                0x0000000000017265                uip_ds6_route_num_routes
                0x000000000001726f                uip_ds6_route_lookup
                0x0000000000017331                uip_ds6_route_add
                0x0000000000017565                uip_ds6_route_rm
                0x00000000000176f9                uip_ds6_route_rm_by_nexthop
                0x0000000000017731                uip_ds6_defrt_add
                0x00000000000177e2                uip_ds6_defrt_rm
                0x0000000000017861                uip_ds6_defrt_lookup
                0x00000000000178ba                uip_ds6_defrt_choose
                0x0000000000017925                uip_ds6_defrt_periodic
 .text          0x000000000001798d     0x12ad obj_cooja/mtype124.a(uip-ds6.o)
                0x000000000001798d                uip_ds6_init
                0x0000000000017ce2                uip_ds6_periodic
                0x0000000000017dba                uip_ds6_list_loop
                0x0000000000017e61                uip_ds6_prefix_add
                0x0000000000017f1f                uip_ds6_prefix_rm
                0x0000000000017f31                uip_ds6_prefix_lookup
                0x0000000000017f82                uip_ds6_is_addr_onlink
                0x0000000000017ff6                uip_ds6_addr_add
                0x0000000000018124                uip_ds6_long_addr_add
                0x0000000000018252                uip_ds6_addr_rm
                0x00000000000182f2                uip_ds6_addr_lookup
                0x000000000001833d                uip_ds6_long_addr_lookup
                0x0000000000018388                uip_ds6_get_link_local
                0x0000000000018407                uip_ds6_long_get_link_local
                0x0000000000018486                uip_ds6_get_global
                0x0000000000018505                uip_ds6_long_get_global
                0x0000000000018584                uip_ds6_maddr_add
                0x00000000000185f6                uip_ds6_long_maddr_add
                0x0000000000018668                uip_ds6_maddr_rm
                0x000000000001867a                uip_ds6_maddr_lookup
                0x00000000000186c5                uip_ds6_long_maddr_lookup
                0x0000000000018710                uip_ds6_aaddr_add
                0x0000000000018782                uip_ds6_long_aaddr_add
                0x00000000000187f4                uip_ds6_aaddr_rm
                0x0000000000018806                uip_ds6_aaddr_lookup
                0x0000000000018851                uip_ds6_long_aaddr_lookup
                0x000000000001889c                uip_ds6_select_src
                0x0000000000018b25                uip_ds6_set_addr_iid
                0x0000000000018b5c                get_match_length
                0x0000000000018bee                uip_ds6_compute_reachable_time
 .text          0x0000000000018c3a     0x2a07 obj_cooja/mtype124.a(uip6.o)
                0x0000000000018c3a                uip_add32
                0x0000000000018dd3                uip_chksum
                0x0000000000018ec1                uip_icmp6chksum
                0x0000000000018ed5                uip_tcpchksum
                0x0000000000018ee9                uip_udpchksum
                0x0000000000018efd                uip_init
                0x0000000000018fcd                uip_connect
                0x000000000001917c                remove_ext_hdr
                0x0000000000019251                uip_udp_new
                0x00000000000193ad                uip_unlisten
                0x000000000001940d                uip_listen
                0x00000000000196cf                uip_process
                0x000000000001b535                uip_htons
                0x000000000001b557                uip_htonl
                0x000000000001b597                uip_send
 .text          0x000000000001b641      0xa53 obj_cooja/mtype124.a(tcpip.o)
                0x000000000001b641                tcpip_output
                0x000000000001b67c                tcpip_set_outputfunc
                0x000000000001b710                tcp_connect
                0x000000000001b765                tcp_unlisten
                0x000000000001b7c0                tcp_listen
                0x000000000001b819                tcp_attach
                0x000000000001b83e                udp_attach
                0x000000000001b863                udp_new
                0x000000000001b8b5                udp_broadcast_new
                0x000000000001bb29                tcpip_input
                0x000000000001bb5d                tcpip_ipv6_output
                0x000000000001bed0                tcpip_poll_udp
                0x000000000001bef3                tcpip_poll_tcp
                0x000000000001bf16                tcpip_uipcall
 .text          0x000000000001c094      0x1c1 obj_cooja/mtype124.a(uip-debug.o)
                0x000000000001c094                uip_debug_ipaddr_print
                0x000000000001c1f6                uip_debug_lladdr_print
 .text          0x000000000001c255      0x141 obj_cooja/mtype124.a(uip-packetqueue)
                0x000000000001c281                uip_packetqueue_new
                0x000000000001c28f                uip_packetqueue_alloc
                0x000000000001c2ef                uip_packetqueue_free
                0x000000000001c330                uip_packetqueue_buf
                0x000000000001c34d                uip_packetqueue_buflen
                0x000000000001c36e                uip_packetqueue_set_buflen
 .text          0x000000000001c396      0x131 obj_cooja/mtype124.a(uip-udp-packet.)
                0x000000000001c396                uip_udp_packet_send
                0x000000000001c3f6                uip_udp_packet_sendto
 .text          0x000000000001c4c7     0x26a5 obj_cooja/mtype124.a(rpl-dag.o)
                0x000000000001c4c7                rpl_lr_in_child
                0x000000000001c57f                rpl_print_neighbor_list
                0x000000000001c628                rpl_print_child_neighbor_list
                0x000000000001c69d                rpl_get_nbr
                0x000000000001c6f7                rpl_get_nbr_child
                0x000000000001c751                rpl_dag_init
                0x000000000001c783                rpl_get_parent
                0x000000000001c7a5                rpl_get_parent_rank
                0x000000000001c7d8                rpl_get_parent_link_metric
                0x000000000001c80b                rpl_get_parent_ipaddr
                0x000000000001c835                rpl_get_child_ipaddr
                0x000000000001cb50                rpl_set_root
                0x000000000001cd7e                rpl_repair_root
                0x000000000001cfba                rpl_set_prefix
                0x000000000001d0b9                rpl_set_default_route
                0x000000000001d145                rpl_alloc_instance
                0x000000000001d1cd                rpl_alloc_dag
                0x000000000001d280                rpl_set_default_instance
                0x000000000001d28d                rpl_get_default_instance
                0x000000000001d297                rpl_free_instance
                0x000000000001d338                rpl_free_dag
                0x000000000001d39e                rpl_add_parent
                0x000000000001d487                rpl_find_parent
                0x000000000001d4b7                rpl_add_child
                0x000000000001d55b                rpl_find_child
                0x000000000001d5a9                rpl_find_parent_any_dag
                0x000000000001d5e5                rpl_select_dag
                0x000000000001da15                rpl_select_parent
                0x000000000001da77                rpl_remove_parent
                0x000000000001daad                rpl_remove_child
                0x000000000001dac9                rpl_nullify_parent
                0x000000000001db67                rpl_move_parent
                0x000000000001dc04                rpl_has_downward_route
                0x000000000001dc57                rpl_get_any_dag
                0x000000000001dcb9                rpl_get_instance
                0x000000000001dd1c                rpl_find_of
                0x000000000001dd59                rpl_join_instance
                0x000000000001dff5                rpl_add_dag
                0x000000000001e3e4                rpl_local_repair
                0x000000000001e4bd                rpl_recalculate_ranks
                0x000000000001e543                rpl_process_parent_event
                0x000000000001e5f5                rpl_process_dio
 .text          0x000000000001eb6c      0xbf3 obj_cooja/mtype124.a(rpl-ext-header.)
                0x000000000001eb89                rpl_verify_header
                0x000000000001f003                rpl_update_header_empty
                0x000000000001f31a                rpl_update_header_final
                0x000000000001f4a9                rpl_remove_header
                0x000000000001f5b3                rpl_invert_header
                0x000000000001f73d                rpl_insert_header
 .text          0x000000000001f75f     0x22fb obj_cooja/mtype124.a(rpl-icmp6.o)
                0x000000000001fa28                rpl_icmp6_update_nbr_table
                0x000000000001fb18                dis_output
                0x0000000000020450                dio_output
                0x00000000000215c5                dao_output
                0x000000000002168d                dao_output_target
                0x0000000000021a0e                dao_ack_output
                0x0000000000021a22                rpl_icmp6_register_handlers
 .text          0x0000000000021a5a      0x3df obj_cooja/mtype124.a(rpl-ltmax.o)
 .text          0x0000000000021e39      0x5e2 obj_cooja/mtype124.a(rpl-timers.o)
                0x0000000000021e39                simple_rpl_convergence_timer
                0x00000000000220c4                rpl_reset_periodic_timer
                0x0000000000022119                rpl_reset_dio_timer
                0x0000000000022353                rpl_schedule_dao
                0x000000000002236e                rpl_schedule_dao_immediately
                0x0000000000022389                rpl_cancel_dao
                0x00000000000223eb                rpl_schedule_unicast_dio_immediately
 .text          0x000000000002241b      0x5d1 obj_cooja/mtype124.a(rpl.o)
                0x000000000002241b                rpl_get_mode
                0x0000000000022425                rpl_set_mode
                0x00000000000224b3                rpl_purge_routes
                0x00000000000225ad                rpl_remove_routes
                0x00000000000225f3                rpl_remove_routes_by_nexthop
                0x000000000002265f                rpl_add_route
                0x00000000000226da                rpl_link_neighbor_callback
                0x00000000000227df                rpl_ipv6_neighbor_callback
                0x000000000002284e                rpl_purge_dags
                0x000000000002295a                rpl_init
 .text          0x00000000000229ec      0x88c obj_cooja/mtype124.a(csma.o)
 .text          0x0000000000023278      0x3f5 obj_cooja/mtype124.a(framer-802154.o)
 .text          0x000000000002366d       0x3c obj_cooja/mtype124.a(mac.o)
                0x000000000002366d                mac_call_sent_callback
 .text          0x00000000000236a9     0x10e2 obj_cooja/mtype124.a(cxmac.o)
                0x00000000000246bf                cxmac_set_announcement_radio_txpower
                0x00000000000246c4                cxmac_init
 .text          0x000000000002478b       0x82 obj_cooja/mtype124.a(linkaddr.o)
                0x000000000002478b                linkaddr_copy
                0x00000000000247ad                linkaddr_cmp
                0x00000000000247d7                linkaddr_set_node_addr
                0x00000000000247f2                linkaddr_set_node_long_addr
 .text          0x000000000002480d      0x915 obj_cooja/mtype124.a(nbr-table.o)
                0x000000000002480d                long_ip_from_lladdr_map
                0x0000000000024896                lladdr_map_add_lr
                0x0000000000024953                lladdr_map_rm_lr
                0x0000000000024e18                nbr_table_register
                0x0000000000024e60                nbr_table_head
                0x0000000000024ebc                nbr_table_next
                0x0000000000024f23                nbr_table_add_lladdr
                0x0000000000024fff                nbr_table_get_from_lladdr
                0x000000000002504c                nbr_table_remove
                0x000000000002509e                nbr_table_lock
                0x00000000000250c8                nbr_table_unlock
                0x00000000000250f2                nbr_table_get_lladdr
 .text          0x0000000000025122       0x2b obj_cooja/mtype124.a(netstack.o)
                0x0000000000025122                netstack_init
 .text          0x000000000002514d      0x3cd obj_cooja/mtype124.a(packetbuf.o)
                0x000000000002514d                packetbuf_clear
                0x0000000000025177                packetbuf_copyfrom
                0x00000000000251c9                packetbuf_compact
                0x0000000000025246                packetbuf_copyto
                0x00000000000252dd                packetbuf_hdralloc
                0x000000000002535a                packetbuf_hdrreduce
                0x00000000000253a2                packetbuf_set_datalen
                0x00000000000253bb                packetbuf_dataptr
                0x00000000000253d8                packetbuf_hdrptr
                0x00000000000253e2                packetbuf_datalen
                0x00000000000253ee                packetbuf_hdrlen
                0x0000000000025405                packetbuf_totlen
                0x000000000002541b                packetbuf_attr_clear
                0x000000000002546d                packetbuf_attr_copyto
                0x00000000000254b6                packetbuf_attr_copyfrom
                0x00000000000254fe                packetbuf_holds_broadcast
 .text          0x000000000002551a      0x2b4 obj_cooja/mtype124.a(queuebuf.o)
                0x0000000000025524                queuebuf_init
                0x0000000000025544                queuebuf_numfree
                0x0000000000025558                queuebuf_new_from_packetbuf
                0x00000000000255e8                queuebuf_update_attr_from_packetbuf
                0x000000000002561b                queuebuf_update_from_packetbuf
                0x0000000000025665                queuebuf_free
                0x00000000000256ac                queuebuf_to_packetbuf
                0x0000000000025712                queuebuf_dataptr
                0x0000000000025749                queuebuf_datalen
                0x000000000002576c                queuebuf_addr
                0x000000000002579e                queuebuf_attr
                0x00000000000257c9                queuebuf_debug_print
 .text          0x00000000000257ce       0x6e obj_cooja/mtype124.a(nullsec.o)
 .text          0x000000000002583c       0x19 obj_cooja/mtype124.a(watchdog.o)
                0x000000000002583c                watchdog_init
                0x0000000000025841                watchdog_start
                0x0000000000025846                watchdog_periodic
                0x000000000002584b                watchdog_stop
                0x0000000000025850                watchdog_reboot
 .text          0x0000000000025855        0x0 obj_cooja/mtype124.a(rimestats.o)
 .text          0x0000000000025855      0x1c1 obj_cooja/mtype124.a(memb.o)
                0x0000000000025855                memb_init
                0x00000000000258b3                memb_alloc
                0x0000000000025918                memb_free
                0x0000000000025993                memb_inmemb
                0x00000000000259d2                memb_numfree
 .text          0x0000000000025a16      0xabf obj_cooja/mtype124.a(uip-icmp6.o)
                0x0000000000025a84                uip_icmp6_input
                0x0000000000025ada                uip_icmp6_register_input_handler
                0x0000000000025da2                uip_icmp6_error_output
                0x00000000000260e7                uip_icmp6_send
                0x0000000000026468                uip_icmp6_echo_reply_callback_add
                0x0000000000026499                uip_icmp6_echo_reply_callback_rm
                0x00000000000264b5                uip_icmp6_init
 .text          0x00000000000264d5      0x358 obj_cooja/mtype124.a(uip-nd6.o)
                0x0000000000026529                uip_nd6_ns_output
                0x0000000000026828                uip_nd6_init
 .text          0x000000000002682d      0x331 obj_cooja/mtype124.a(rpl-nbr-policy.)
                0x0000000000026a05                find_removable_dis
                0x0000000000026a28                find_removable_dio
                0x0000000000026ab7                find_removable_dao
                0x0000000000026b07                rpl_nbr_policy_find_removable
 .text          0x0000000000026b5e      0x97c obj_cooja/mtype124.a(frame802154.o)
                0x0000000000026b8f                frame802154_get_pan_id
                0x0000000000026b9b                frame802154_set_pan_id
                0x0000000000026bb4                frame802154_has_panid
                0x0000000000026ca0                frame802154_check_dest_panid
                0x0000000000026d08                frame802154_is_broadcast_addr
                0x0000000000026d55                frame802154_extract_linkaddr
                0x0000000000026f95                frame802154_hdrlen
                0x0000000000026fe6                frame802154_create
                0x00000000000271d1                frame802154_parse
 .text          0x00000000000274da        0x0 /usr/lib/gcc/i686-linux-gnu/4.8/crtendS.o
 .text          0x00000000000274da        0x0 /usr/lib/gcc/i686-linux-gnu/4.8/../../../i386-linux-gnu/crtn.o
 *(.gnu.warning)

.fini           0x00000000000274dc       0x14
 *(SORT(.fini))
 .fini          0x00000000000274dc        0xf /usr/lib/gcc/i686-linux-gnu/4.8/../../../i386-linux-gnu/crti.o
                0x00000000000274dc                _fini
 .fini          0x00000000000274eb        0x5 /usr/lib/gcc/i686-linux-gnu/4.8/../../../i386-linux-gnu/crtn.o
                0x00000000000274f0                PROVIDE (__etext, .)
                0x00000000000274f0                PROVIDE (_etext, .)
                0x00000000000274f0                PROVIDE (etext, .)

.rodata         0x0000000000027500      0xc00
 *(.rodata .rodata.* .gnu.linkonce.r.*)
 .rodata        0x0000000000027500      0x426 udp-client.co
                0x0000000000027514                autostart_processes
 *fill*         0x0000000000027926        0x2 
 .rodata        0x0000000000027928      0x1e6 obj_cooja/mtype124.o
 *fill*         0x0000000000027b0e        0x2 
 .rodata        0x0000000000027b10        0x8 obj_cooja/mtype124.a(beep.o)
                0x0000000000027b10                beep_interface
 .rodata        0x0000000000027b18       0x20 obj_cooja/mtype124.a(button-sensor.o)
                0x0000000000027b18                button_interface
                0x0000000000027b28                button_sensor
 .rodata        0x0000000000027b38        0x8 obj_cooja/mtype124.a(leds-arch.o)
                0x0000000000027b38                leds_interface
 .rodata        0x0000000000027b40        0x8 obj_cooja/mtype124.a(moteid.o)
                0x0000000000027b40                moteid_interface
 .rodata        0x0000000000027b48       0x1c obj_cooja/mtype124.a(pir-sensor.o)
                0x0000000000027b48                pir_interface
                0x0000000000027b54                pir_sensor
 .rodata        0x0000000000027b64        0xe obj_cooja/mtype124.a(rs232.o)
                0x0000000000027b64                rs232_interface
 *fill*         0x0000000000027b72        0x2 
 .rodata        0x0000000000027b74       0x24 obj_cooja/mtype124.a(vib-sensor.o)
                0x0000000000027b74                vib_interface
                0x0000000000027b88                vib_sensor
 .rodata        0x0000000000027b98        0x8 obj_cooja/mtype124.a(clock.o)
                0x0000000000027b98                clock_interface
 .rodata        0x0000000000027ba0        0x8 obj_cooja/mtype124.a(log.o)
                0x0000000000027ba0                simlog_interface
 .rodata        0x0000000000027ba8       0x2f obj_cooja/mtype124.a(cfs-cooja.o)
                0x0000000000027ba8                cfs_interface
 *fill*         0x0000000000027bd7        0x9 
 .rodata        0x0000000000027be0       0x60 obj_cooja/mtype124.a(cooja-radio.o)
                0x0000000000027c00                cooja_radio_driver
                0x0000000000027c38                radio_interface
 .rodata        0x0000000000027c40        0x8 obj_cooja/mtype124.a(eeprom.o)
                0x0000000000027c40                eeprom_interface
 .rodata        0x0000000000027c48        0x8 obj_cooja/mtype124.a(sensors.o)
 .rodata        0x0000000000027c50       0x1c obj_cooja/mtype124.a(dual_conf.o)
 .rodata        0x0000000000027c6c        0xf obj_cooja/mtype124.a(ctimer.o)
 .rodata        0x0000000000027c7b        0xc obj_cooja/mtype124.a(etimer.o)
 *fill*         0x0000000000027c87        0x1 
 .rodata        0x0000000000027c88      0x1fd obj_cooja/mtype124.a(log_message.o)
 *fill*         0x0000000000027e85        0x3 
 .rodata        0x0000000000027e88       0x20 obj_cooja/mtype124.a(residual.o)
                0x0000000000027e88                DISSIPATION_RATE
 .rodata        0x0000000000027ea8        0xe obj_cooja/mtype124.a(serial-line.o)
 *fill*         0x0000000000027eb6        0x2 
 .rodata        0x0000000000027eb8       0x2c obj_cooja/mtype124.a(sicslowpan.o)
                0x0000000000027eb8                unc_llconf
                0x0000000000027ebc                unc_ctxconf
                0x0000000000027ec0                unc_mxconf
                0x0000000000027ec4                llprefix
                0x0000000000027ed8                sicslowpan_driver
 .rodata        0x0000000000027ee4      0x13c obj_cooja/mtype124.a(uip6.o)
 .rodata        0x0000000000028020        0xd obj_cooja/mtype124.a(tcpip.o)
 .rodata        0x000000000002802d       0x3e obj_cooja/mtype124.a(uip-debug.o)
 *fill*         0x000000000002806b        0x1 
 .rodata        0x000000000002806c        0x4 obj_cooja/mtype124.a(rpl-dag.o)
 .rodata        0x0000000000028070       0x24 obj_cooja/mtype124.a(csma.o)
                0x0000000000028078                csma_driver
 .rodata        0x0000000000028094        0xc obj_cooja/mtype124.a(framer-802154.o)
                0x0000000000028094                framer_802154
 .rodata        0x00000000000280a0       0x40 obj_cooja/mtype124.a(cxmac.o)
                0x00000000000280c0                cxmac_driver
 .rodata        0x00000000000280e0        0x8 obj_cooja/mtype124.a(linkaddr.o)
                0x00000000000280e0                linkaddr_null
 .rodata        0x00000000000280e8       0x18 obj_cooja/mtype124.a(nullsec.o)
                0x00000000000280f0                nullsec_driver

.rodata1
 *(.rodata1)

.eh_frame_hdr   0x0000000000028100     0x142c
 *(.eh_frame_hdr)
 .eh_frame_hdr  0x0000000000028100     0x142c udp-client.co

.eh_frame       0x000000000002952c     0x521c
 *(.eh_frame)
 .eh_frame      0x000000000002952c       0x3c /usr/lib/gcc/i686-linux-gnu/4.8/../../../i386-linux-gnu/crti.o
                                         0x40 (size before relaxing)
 .eh_frame      0x0000000000029568       0xb4 udp-client.co
                                         0xcc (size before relaxing)
 .eh_frame      0x000000000002961c      0x148 obj_cooja/mtype124.o
                                        0x160 (size before relaxing)
 .eh_frame      0x0000000000029764       0x40 obj_cooja/mtype124.a(simEnvChange.o)
                                         0x58 (size before relaxing)
 .eh_frame      0x00000000000297a4       0xc0 obj_cooja/mtype124.a(cooja_mt.o)
                                         0xd8 (size before relaxing)
 .eh_frame      0x0000000000029864      0x120 obj_cooja/mtype124.a(cooja_mtarch.o)
                                        0x138 (size before relaxing)
 .eh_frame      0x0000000000029984       0xc0 obj_cooja/mtype124.a(rtimer-arch.o)
                                         0xd8 (size before relaxing)
 .eh_frame      0x0000000000029a44      0x160 obj_cooja/mtype124.a(beep.o)
                                        0x178 (size before relaxing)
 .eh_frame      0x0000000000029ba4       0xa0 obj_cooja/mtype124.a(button-sensor.o)
                                         0xb8 (size before relaxing)
 .eh_frame      0x0000000000029c44       0xa0 obj_cooja/mtype124.a(leds-arch.o)
                                         0xb8 (size before relaxing)
 .eh_frame      0x0000000000029ce4       0x40 obj_cooja/mtype124.a(moteid.o)
                                         0x58 (size before relaxing)
 .eh_frame      0x0000000000029d24       0xa0 obj_cooja/mtype124.a(pir-sensor.o)
                                         0xb8 (size before relaxing)
 .eh_frame      0x0000000000029dc4      0x100 obj_cooja/mtype124.a(rs232.o)
                                        0x118 (size before relaxing)
 .eh_frame      0x0000000000029ec4       0xa0 obj_cooja/mtype124.a(vib-sensor.o)
                                         0xb8 (size before relaxing)
 .eh_frame      0x0000000000029f64       0xc0 obj_cooja/mtype124.a(clock.o)
                                         0xd8 (size before relaxing)
 .eh_frame      0x000000000002a024      0x120 obj_cooja/mtype124.a(log.o)
                                        0x138 (size before relaxing)
 .eh_frame      0x000000000002a144      0x160 obj_cooja/mtype124.a(cfs-cooja.o)
                                        0x178 (size before relaxing)
 .eh_frame      0x000000000002a2a4      0x2e0 obj_cooja/mtype124.a(cooja-radio.o)
                                        0x2f8 (size before relaxing)
 .eh_frame      0x000000000002a584       0xa0 obj_cooja/mtype124.a(eeprom.o)
                                         0xb8 (size before relaxing)
 .eh_frame      0x000000000002a624       0x40 obj_cooja/mtype124.a(random.o)
                                         0x58 (size before relaxing)
 .eh_frame      0x000000000002a664       0xc0 obj_cooja/mtype124.a(sensors.o)
                                         0xd8 (size before relaxing)
 .eh_frame      0x000000000002a724      0x100 obj_cooja/mtype124.a(leds.o)
                                        0x118 (size before relaxing)
 .eh_frame      0x000000000002a824      0x160 obj_cooja/mtype124.a(dual_conf.o)
                                        0x178 (size before relaxing)
 .eh_frame      0x000000000002a984       0x40 obj_cooja/mtype124.a(autostart.o)
                                         0x58 (size before relaxing)
 .eh_frame      0x000000000002a9c4      0x100 obj_cooja/mtype124.a(ctimer.o)
                                        0x118 (size before relaxing)
 .eh_frame      0x000000000002aac4      0x1e0 obj_cooja/mtype124.a(etimer.o)
                                        0x1f8 (size before relaxing)
 .eh_frame      0x000000000002aca4       0x50 obj_cooja/mtype124.a(log_message.o)
                                         0x68 (size before relaxing)
 .eh_frame      0x000000000002acf4      0x1c8 obj_cooja/mtype124.a(process.o)
                                        0x1e0 (size before relaxing)
 .eh_frame      0x000000000002aebc       0x2c obj_cooja/mtype124.a(residual.o)
                                         0x44 (size before relaxing)
 .eh_frame      0x000000000002aee8       0x60 obj_cooja/mtype124.a(rtimer.o)
                                         0x78 (size before relaxing)
 .eh_frame      0x000000000002af48       0xc4 obj_cooja/mtype124.a(stimer.o)
                                         0xdc (size before relaxing)
 .eh_frame      0x000000000002b00c       0xa4 obj_cooja/mtype124.a(timer.o)
                                         0xbc (size before relaxing)
 .eh_frame      0x000000000002b0b0       0x60 obj_cooja/mtype124.a(serial-line.o)
                                         0x78 (size before relaxing)
 .eh_frame      0x000000000002b110      0x180 obj_cooja/mtype124.a(list.o)
                                        0x198 (size before relaxing)
 .eh_frame      0x000000000002b290       0xa0 obj_cooja/mtype124.a(ringbuf.o)
                                         0xb8 (size before relaxing)
 .eh_frame      0x000000000002b330      0x350 obj_cooja/mtype124.a(sicslowpan.o)
                                        0x368 (size before relaxing)
 .eh_frame      0x000000000002b680      0x180 obj_cooja/mtype124.a(uip-ds6-nbr.o)
                                        0x198 (size before relaxing)
 .eh_frame      0x000000000002b800      0x2a0 obj_cooja/mtype124.a(uip-ds6-route.o)
                                        0x2b8 (size before relaxing)
 .eh_frame      0x000000000002baa0      0x3c8 obj_cooja/mtype124.a(uip-ds6.o)
                                        0x3e0 (size before relaxing)
 .eh_frame      0x000000000002be68      0x27c obj_cooja/mtype124.a(uip6.o)
                                        0x294 (size before relaxing)
 .eh_frame      0x000000000002c0e4      0x270 obj_cooja/mtype124.a(tcpip.o)
                                        0x288 (size before relaxing)
 .eh_frame      0x000000000002c354       0x48 obj_cooja/mtype124.a(uip-debug.o)
                                         0x60 (size before relaxing)
 .eh_frame      0x000000000002c39c       0xe0 obj_cooja/mtype124.a(uip-packetqueue)
                                         0xf8 (size before relaxing)
 .eh_frame      0x000000000002c47c       0x40 obj_cooja/mtype124.a(uip-udp-packet.)
                                         0x58 (size before relaxing)
 .eh_frame      0x000000000002c4bc      0x76c obj_cooja/mtype124.a(rpl-dag.o)
                                        0x784 (size before relaxing)
 .eh_frame      0x000000000002cc28      0x10c obj_cooja/mtype124.a(rpl-ext-header.)
                                        0x124 (size before relaxing)
 .eh_frame      0x000000000002cd34      0x2b8 obj_cooja/mtype124.a(rpl-icmp6.o)
                                        0x2d0 (size before relaxing)
 .eh_frame      0x000000000002cfec       0xe0 obj_cooja/mtype124.a(rpl-ltmax.o)
                                         0xf8 (size before relaxing)
 .eh_frame      0x000000000002d0cc      0x1ec obj_cooja/mtype124.a(rpl-timers.o)
                                        0x204 (size before relaxing)
 .eh_frame      0x000000000002d2b8      0x148 obj_cooja/mtype124.a(rpl.o)
                                        0x160 (size before relaxing)
 .eh_frame      0x000000000002d400      0x28c obj_cooja/mtype124.a(csma.o)
                                        0x2a4 (size before relaxing)
 .eh_frame      0x000000000002d68c      0x108 obj_cooja/mtype124.a(framer-802154.o)
                                        0x120 (size before relaxing)
 .eh_frame      0x000000000002d794       0x20 obj_cooja/mtype124.a(mac.o)
                                         0x38 (size before relaxing)
 .eh_frame      0x000000000002d7b4      0x2bc obj_cooja/mtype124.a(cxmac.o)
                                        0x2d4 (size before relaxing)
 .eh_frame      0x000000000002da70       0x80 obj_cooja/mtype124.a(linkaddr.o)
                                         0x98 (size before relaxing)
 .eh_frame      0x000000000002daf0      0x2cc obj_cooja/mtype124.a(nbr-table.o)
                                        0x2e4 (size before relaxing)
 .eh_frame      0x000000000002ddbc       0x20 obj_cooja/mtype124.a(netstack.o)
                                         0x38 (size before relaxing)
 .eh_frame      0x000000000002dddc      0x214 obj_cooja/mtype124.a(packetbuf.o)
                                        0x22c (size before relaxing)
 .eh_frame      0x000000000002dff0      0x1a0 obj_cooja/mtype124.a(queuebuf.o)
                                        0x1b8 (size before relaxing)
 .eh_frame      0x000000000002e190       0x80 obj_cooja/mtype124.a(nullsec.o)
                                         0x98 (size before relaxing)
 .eh_frame      0x000000000002e210       0xa0 obj_cooja/mtype124.a(watchdog.o)
                                         0xb8 (size before relaxing)
 .eh_frame      0x000000000002e2b0       0xa0 obj_cooja/mtype124.a(memb.o)
                                         0xb8 (size before relaxing)
 .eh_frame      0x000000000002e350      0x168 obj_cooja/mtype124.a(uip-icmp6.o)
                                        0x180 (size before relaxing)
 .eh_frame      0x000000000002e4b8       0x68 obj_cooja/mtype124.a(uip-nd6.o)
                                         0x80 (size before relaxing)
 .eh_frame      0x000000000002e520       0xc0 obj_cooja/mtype124.a(rpl-nbr-policy.)
                                         0xd8 (size before relaxing)
 .eh_frame      0x000000000002e5e0      0x164 obj_cooja/mtype124.a(frame802154.o)
                                        0x17c (size before relaxing)
 .eh_frame      0x000000000002e744        0x4 /usr/lib/gcc/i686-linux-gnu/4.8/crtendS.o

.gcc_except_table
 *(.gcc_except_table .gcc_except_table.*)

.exception_ranges
 *(.exception_ranges .exception_ranges*)
                0x000000000002e748                . = (ALIGN (0x1000) - ((0x1000 - .) & 0xfff))
                0x000000000002fef8                . = DATA_SEGMENT_ALIGN (0x1000, 0x1000)

.eh_frame
 *(.eh_frame)

.gcc_except_table
 *(.gcc_except_table .gcc_except_table.*)

.exception_ranges
 *(.exception_ranges .exception_ranges*)

.tdata
 *(.tdata .tdata.* .gnu.linkonce.td.*)

.tbss
 *(.tbss .tbss.* .gnu.linkonce.tb.*)
 *(.tcommon)

.preinit_array
 *(.preinit_array)

.init_array     0x000000000002fef8        0x4
 *(SORT(.init_array.*) SORT(.ctors.*))
 *(.init_array EXCLUDE_FILE(*crtend?.o *crtend.o *crtbegin?.o *crtbegin.o) .ctors)
 .init_array    0x000000000002fef8        0x4 /usr/lib/gcc/i686-linux-gnu/4.8/crtbeginS.o

.fini_array     0x000000000002fefc        0x4
 *(SORT(.fini_array.*) SORT(.dtors.*))
 *(.fini_array EXCLUDE_FILE(*crtend?.o *crtend.o *crtbegin?.o *crtbegin.o) .dtors)
 .fini_array    0x000000000002fefc        0x4 /usr/lib/gcc/i686-linux-gnu/4.8/crtbeginS.o

.ctors
 *crtbegin.o(.ctors)
 *crtbegin?.o(.ctors)
 *(EXCLUDE_FILE(*crtend?.o *crtend.o) .ctors)
 *(SORT(.ctors.*))
 *(.ctors)

.dtors
 *crtbegin.o(.dtors)
 *crtbegin?.o(.dtors)
 *(EXCLUDE_FILE(*crtend?.o *crtend.o) .dtors)
 *(SORT(.dtors.*))
 *(.dtors)

.jcr            0x000000000002ff00        0x4
 *(.jcr)
 .jcr           0x000000000002ff00        0x0 /usr/lib/gcc/i686-linux-gnu/4.8/crtbeginS.o
 .jcr           0x000000000002ff00        0x4 /usr/lib/gcc/i686-linux-gnu/4.8/crtendS.o

.data.rel.ro
 *(.data.rel.ro.local* .gnu.linkonce.d.rel.ro.local.*)
 *(.data.rel.ro .data.rel.ro.* .gnu.linkonce.d.rel.ro.*)

.dynamic        0x000000000002ff04       0xe8
 *(.dynamic)
 .dynamic       0x000000000002ff04       0xe8 /usr/lib/gcc/i686-linux-gnu/4.8/../../../i386-linux-gnu/crti.o
                0x000000000002ff04                _DYNAMIC

.got            0x000000000002ffec       0x14
 *(.got)
 .got           0x000000000002ffec       0x14 /usr/lib/gcc/i686-linux-gnu/4.8/../../../i386-linux-gnu/crti.o
 *(.igot)
                0x0000000000030ff4                . = DATA_SEGMENT_RELRO_END (., (SIZEOF (.got.plt) >= 0xc)?0xc:0x0)

.got.plt        0x0000000000030000       0x14
 *(.got.plt)
 .got.plt       0x0000000000030000       0x14 /usr/lib/gcc/i686-linux-gnu/4.8/../../../i386-linux-gnu/crti.o
                0x0000000000030000                _GLOBAL_OFFSET_TABLE_
 *(.igot.plt)

.data           0x0000000000030020      0x2a2
 *(.data .data.* .gnu.linkonce.d.*)
 .data          0x0000000000030020        0x0 /usr/lib/gcc/i686-linux-gnu/4.8/../../../i386-linux-gnu/crti.o
 .data          0x0000000000030020        0x0 /usr/lib/gcc/i686-linux-gnu/4.8/crtbeginS.o
 .data.rel      0x0000000000030020        0x4 /usr/lib/gcc/i686-linux-gnu/4.8/crtbeginS.o
                0x0000000000030020                __dso_handle
 .data          0x0000000000030024       0x14 udp-client.co
                0x0000000000030028                udp_client_process
 *fill*         0x0000000000030038        0x8 
 .data          0x0000000000030040       0x44 obj_cooja/mtype124.o
                0x0000000000030040                simInterfaces
                0x0000000000030074                sensors
 .data          0x0000000000030084        0x0 obj_cooja/mtype124.a(simEnvChange.o)
 .data          0x0000000000030084        0x0 obj_cooja/mtype124.a(cooja_mt.o)
 .data          0x0000000000030084        0x0 obj_cooja/mtype124.a(cooja_mtarch.o)
 .data          0x0000000000030084        0x0 obj_cooja/mtype124.a(rtimer-arch.o)
 .data          0x0000000000030084        0x0 obj_cooja/mtype124.a(beep.o)
 .data          0x0000000000030084        0x0 obj_cooja/mtype124.a(button-sensor.o)
 .data          0x0000000000030084        0x0 obj_cooja/mtype124.a(leds-arch.o)
 .data          0x0000000000030084        0x0 obj_cooja/mtype124.a(moteid.o)
 .data          0x0000000000030084        0x0 obj_cooja/mtype124.a(pir-sensor.o)
 .data          0x0000000000030084        0x0 obj_cooja/mtype124.a(rs232.o)
 .data          0x0000000000030084        0x0 obj_cooja/mtype124.a(vib-sensor.o)
 .data          0x0000000000030084        0x0 obj_cooja/mtype124.a(clock.o)
 .data          0x0000000000030084        0x0 obj_cooja/mtype124.a(log.o)
 .data          0x0000000000030084        0x0 obj_cooja/mtype124.a(cfs-cooja.o)
 .data          0x0000000000030084       0x40 obj_cooja/mtype124.a(cooja-radio.o)
                0x0000000000030084                simRadioChannelLR
                0x0000000000030088                simRadioHWOnLR
                0x000000000003008c                simSignalStrengthLR
                0x0000000000030090                simLastSignalStrengthLR
                0x0000000000030094                simPowerLR
                0x0000000000030098                simLQILR
                0x000000000003009c                simRadioChannel
                0x00000000000300a0                simRadioHWOn
                0x00000000000300a4                simSignalStrength
                0x00000000000300a8                simLastSignalStrength
                0x00000000000300ac                simPower
                0x00000000000300b0                simLQI
                0x00000000000300b4                cooja_radio_process
 .data          0x00000000000300c4        0x0 obj_cooja/mtype124.a(eeprom.o)
 .data          0x00000000000300c4        0x0 obj_cooja/mtype124.a(random.o)
 .data          0x00000000000300c4       0x10 obj_cooja/mtype124.a(sensors.o)
                0x00000000000300c4                sensors_process
 .data          0x00000000000300d4        0x0 obj_cooja/mtype124.a(leds.o)
 .data          0x00000000000300d4       0x28 obj_cooja/mtype124.a(dual_conf.o)
                0x00000000000300d4                radio_received
                0x00000000000300d8                dual_dio_broadcast
                0x00000000000300e8                dual_dis_broadcast
 .data          0x00000000000300fc        0x0 obj_cooja/mtype124.a(autostart.o)
 .data          0x00000000000300fc       0x14 obj_cooja/mtype124.a(ctimer.o)
                0x0000000000030100                ctimer_process
 .data          0x0000000000030110       0x10 obj_cooja/mtype124.a(etimer.o)
                0x0000000000030110                etimer_process
 .data          0x0000000000030120        0x0 obj_cooja/mtype124.a(log_message.o)
 .data          0x0000000000030120        0x0 obj_cooja/mtype124.a(process.o)
 .data          0x0000000000030120        0x0 obj_cooja/mtype124.a(residual.o)
 .data          0x0000000000030120        0x0 obj_cooja/mtype124.a(rtimer.o)
 .data          0x0000000000030120        0x0 obj_cooja/mtype124.a(stimer.o)
 .data          0x0000000000030120        0x0 obj_cooja/mtype124.a(timer.o)
 .data          0x0000000000030120       0x10 obj_cooja/mtype124.a(serial-line.o)
                0x0000000000030120                serial_line_process
 .data          0x0000000000030130        0x0 obj_cooja/mtype124.a(list.o)
 .data          0x0000000000030130        0x0 obj_cooja/mtype124.a(ringbuf.o)
 .data          0x0000000000030130        0x0 obj_cooja/mtype124.a(sicslowpan.o)
 .data          0x0000000000030130       0x14 obj_cooja/mtype124.a(uip-ds6-nbr.o)
                0x0000000000030140                ds6_neighbors
 .data          0x0000000000030144       0x44 obj_cooja/mtype124.a(uip-ds6-route.o)
                0x0000000000030154                nbr_routes
 .data          0x0000000000030188        0x0 obj_cooja/mtype124.a(uip-ds6.o)
 .data          0x0000000000030188        0x0 obj_cooja/mtype124.a(uip6.o)
 .data          0x0000000000030188       0x10 obj_cooja/mtype124.a(tcpip.o)
                0x0000000000030188                tcpip_process
 .data          0x0000000000030198        0x0 obj_cooja/mtype124.a(uip-debug.o)
 .data          0x0000000000030198        0xc obj_cooja/mtype124.a(uip-packetqueue)
 .data          0x00000000000301a4        0x0 obj_cooja/mtype124.a(uip-udp-packet.)
 .data          0x00000000000301a4       0x28 obj_cooja/mtype124.a(rpl-dag.o)
                0x00000000000301b4                rpl_parents
                0x00000000000301c8                rpl_children
 .data          0x00000000000301cc        0x0 obj_cooja/mtype124.a(rpl-ext-header.)
 .data          0x00000000000301cc       0x34 obj_cooja/mtype124.a(rpl-icmp6.o)
 .data          0x0000000000030200       0x1c obj_cooja/mtype124.a(rpl-ltmax.o)
                0x0000000000030200                rpl_ltmax_of
 .data          0x000000000003021c        0x0 obj_cooja/mtype124.a(rpl-timers.o)
 .data          0x000000000003021c        0x0 obj_cooja/mtype124.a(rpl.o)
 .data          0x000000000003021c       0x28 obj_cooja/mtype124.a(csma.o)
 .data          0x0000000000030244        0x0 obj_cooja/mtype124.a(framer-802154.o)
 .data          0x0000000000030244        0x0 obj_cooja/mtype124.a(mac.o)
 .data          0x0000000000030244       0x30 obj_cooja/mtype124.a(cxmac.o)
                0x0000000000030244                cxmac_config
                0x0000000000030254                strobe_wait
 .data          0x0000000000030274        0x0 obj_cooja/mtype124.a(linkaddr.o)
 .data          0x0000000000030274       0x10 obj_cooja/mtype124.a(nbr-table.o)
 .data          0x0000000000030284        0x0 obj_cooja/mtype124.a(netstack.o)
 .data          0x0000000000030284        0x4 obj_cooja/mtype124.a(packetbuf.o)
 .data          0x0000000000030288       0x18 obj_cooja/mtype124.a(queuebuf.o)
 .data          0x00000000000302a0        0x0 obj_cooja/mtype124.a(nullsec.o)
 .data          0x00000000000302a0        0x0 obj_cooja/mtype124.a(watchdog.o)
 .data          0x00000000000302a0        0x0 obj_cooja/mtype124.a(rimestats.o)
 .data          0x00000000000302a0        0x0 obj_cooja/mtype124.a(memb.o)
 .data          0x00000000000302a0       0x20 obj_cooja/mtype124.a(uip-icmp6.o)
 .data          0x00000000000302c0        0x0 obj_cooja/mtype124.a(uip-nd6.o)
 .data          0x00000000000302c0        0x0 obj_cooja/mtype124.a(rpl-nbr-policy.)
 .data          0x00000000000302c0        0x2 obj_cooja/mtype124.a(frame802154.o)
 .data          0x00000000000302c2        0x0 /usr/lib/gcc/i686-linux-gnu/4.8/crtendS.o
 .data          0x00000000000302c2        0x0 /usr/lib/gcc/i686-linux-gnu/4.8/../../../i386-linux-gnu/crtn.o

.tm_clone_table
                0x00000000000302c4        0x0
 .tm_clone_table
                0x00000000000302c4        0x0 /usr/lib/gcc/i686-linux-gnu/4.8/crtbeginS.o
 .tm_clone_table
                0x00000000000302c4        0x0 /usr/lib/gcc/i686-linux-gnu/4.8/crtendS.o

.data1
 *(.data1)
                0x00000000000302c4                _edata = .
                0x00000000000302c4                PROVIDE (edata, .)
                0x00000000000302c4                . = .
                0x00000000000302c4                __bss_start = .

.bss            0x00000000000302e0     0x8628
 *(.dynbss)
 .dynbss        0x0000000000000000        0x0 /usr/lib/gcc/i686-linux-gnu/4.8/../../../i386-linux-gnu/crti.o
 *(.bss .bss.* .gnu.linkonce.b.*)
 .bss           0x00000000000302e0        0x0 /usr/lib/gcc/i686-linux-gnu/4.8/../../../i386-linux-gnu/crti.o
 .bss           0x00000000000302e0        0x1 /usr/lib/gcc/i686-linux-gnu/4.8/crtbeginS.o
 *fill*         0x00000000000302e1       0x1f 
 .bss           0x0000000000030300       0x60 udp-client.co
                0x0000000000030300                my_weight
 .bss           0x0000000000030360     0x2030 obj_cooja/mtype124.o
 .bss           0x0000000000032390        0x1 obj_cooja/mtype124.a(simEnvChange.o)
                0x0000000000032390                simDontFallAsleep
 *fill*         0x0000000000032391        0x3 
 .bss           0x0000000000032394        0x4 obj_cooja/mtype124.a(cooja_mt.o)
 .bss           0x0000000000032398        0x4 obj_cooja/mtype124.a(cooja_mtarch.o)
 .bss           0x000000000003239c        0xc obj_cooja/mtype124.a(rtimer-arch.o)
 .bss           0x00000000000323a8        0x0 obj_cooja/mtype124.a(beep.o)
 .bss           0x00000000000323a8        0x8 obj_cooja/mtype124.a(button-sensor.o)
 .bss           0x00000000000323b0        0x0 obj_cooja/mtype124.a(leds-arch.o)
 .bss           0x00000000000323b0        0x0 obj_cooja/mtype124.a(moteid.o)
 .bss           0x00000000000323b0        0x1 obj_cooja/mtype124.a(pir-sensor.o)
                0x00000000000323b0                simPirValue
 *fill*         0x00000000000323b1        0x3 
 .bss           0x00000000000323b4        0x4 obj_cooja/mtype124.a(rs232.o)
 .bss           0x00000000000323b8        0x1 obj_cooja/mtype124.a(vib-sensor.o)
                0x00000000000323b8                simVibValue
 .bss           0x00000000000323b9        0x0 obj_cooja/mtype124.a(clock.o)
 *fill*         0x00000000000323b9        0x7 
 .bss           0x00000000000323c0      0x420 obj_cooja/mtype124.a(log.o)
 .bss           0x00000000000327e0      0xfc0 obj_cooja/mtype124.a(cfs-cooja.o)
                0x00000000000327e0                simCFSData
                0x0000000000033780                simCFSSize
                0x0000000000033784                simCFSChanged
                0x0000000000033788                simCFSRead
                0x000000000003378c                simCFSWritten
 .bss           0x00000000000337a0       0x24 obj_cooja/mtype124.a(cooja-radio.o)
                0x00000000000337a0                simReceivingLR
                0x00000000000337a4                simInSizeLR
                0x00000000000337a8                simOutSizeLR
                0x00000000000337ac                simReceiving
                0x00000000000337b0                simInSize
                0x00000000000337b4                simOutSize
                0x00000000000337b8                LongRangeTransmit
                0x00000000000337bc                LongRangeReceiving
 .bss           0x00000000000337c4        0xc obj_cooja/mtype124.a(eeprom.o)
                0x00000000000337c4                simEEPROMChanged
                0x00000000000337c8                simEEPROMRead
                0x00000000000337cc                simEEPROMWritten
 .bss           0x00000000000337d0        0x0 obj_cooja/mtype124.a(random.o)
 .bss           0x00000000000337d0        0xc obj_cooja/mtype124.a(sensors.o)
 .bss           0x00000000000337dc        0x1 obj_cooja/mtype124.a(leds.o)
 *fill*         0x00000000000337dd        0x3 
 .bss           0x00000000000337e0       0x2c obj_cooja/mtype124.a(dual_conf.o)
                0x00000000000337e0                long_range_radio
 .bss           0x000000000003380c        0x0 obj_cooja/mtype124.a(autostart.o)
 .bss           0x000000000003380c        0x5 obj_cooja/mtype124.a(ctimer.o)
 *fill*         0x0000000000033811        0x3 
 .bss           0x0000000000033814        0x8 obj_cooja/mtype124.a(etimer.o)
 .bss           0x000000000003381c        0x0 obj_cooja/mtype124.a(log_message.o)
 *fill*         0x000000000003381c        0x4 
 .bss           0x0000000000033820      0x1b1 obj_cooja/mtype124.a(process.o)
                0x0000000000033820                process_list
                0x0000000000033824                process_current
 .bss           0x00000000000339d1        0x0 obj_cooja/mtype124.a(residual.o)
 *fill*         0x00000000000339d1        0x3 
 .bss           0x00000000000339d4        0x4 obj_cooja/mtype124.a(rtimer.o)
 .bss           0x00000000000339d8        0x0 obj_cooja/mtype124.a(stimer.o)
 .bss           0x00000000000339d8        0x0 obj_cooja/mtype124.a(timer.o)
 *fill*         0x00000000000339d8        0x8 
 .bss           0x00000000000339e0      0x140 obj_cooja/mtype124.a(serial-line.o)
 .bss           0x0000000000033b20        0x0 obj_cooja/mtype124.a(list.o)
 .bss           0x0000000000033b20        0x0 obj_cooja/mtype124.a(ringbuf.o)
 .bss           0x0000000000033b20      0x70c obj_cooja/mtype124.a(sicslowpan.o)
 *fill*         0x000000000003422c       0x14 
 .bss           0x0000000000034240       0xc0 obj_cooja/mtype124.a(uip-ds6-nbr.o)
 .bss           0x0000000000034300      0x4a8 obj_cooja/mtype124.a(uip-ds6-route.o)
 .bss           0x00000000000347a8       0x30 obj_cooja/mtype124.a(uip-ds6.o)
 .bss           0x00000000000347d8        0xe obj_cooja/mtype124.a(uip6.o)
                0x00000000000347d8                uip_ext_bitmap
                0x00000000000347d9                uip_ext_len
                0x00000000000347da                uip_ext_opt_offset
 *fill*         0x00000000000347e6       0x1a 
 .bss           0x0000000000034800       0x68 obj_cooja/mtype124.a(tcpip.o)
 .bss           0x0000000000034868        0x0 obj_cooja/mtype124.a(uip-debug.o)
 *fill*         0x0000000000034868       0x18 
 .bss           0x0000000000034880      0xcf8 obj_cooja/mtype124.a(uip-packetqueue)
 .bss           0x0000000000035578        0x0 obj_cooja/mtype124.a(uip-udp-packet.)
 *fill*         0x0000000000035578        0x8 
 .bss           0x0000000000035580       0x88 obj_cooja/mtype124.a(rpl-dag.o)
 .bss           0x0000000000035608        0x0 obj_cooja/mtype124.a(rpl-ext-header.)
 .bss           0x0000000000035608        0x0 obj_cooja/mtype124.a(rpl-icmp6.o)
 .bss           0x0000000000035608        0x0 obj_cooja/mtype124.a(rpl-ltmax.o)
 *fill*         0x0000000000035608       0x18 
 .bss           0x0000000000035620       0x60 obj_cooja/mtype124.a(rpl-timers.o)
 .bss           0x0000000000035680        0x4 obj_cooja/mtype124.a(rpl.o)
 *fill*         0x0000000000035684       0x1c 
 .bss           0x00000000000356a0      0x288 obj_cooja/mtype124.a(csma.o)
 .bss           0x0000000000035928        0x2 obj_cooja/mtype124.a(framer-802154.o)
 .bss           0x000000000003592a        0x0 obj_cooja/mtype124.a(mac.o)
 *fill*         0x000000000003592a       0x16 
 .bss           0x0000000000035940       0xb1 obj_cooja/mtype124.a(cxmac.o)
 .bss           0x00000000000359f1        0x0 obj_cooja/mtype124.a(linkaddr.o)
 *fill*         0x00000000000359f1        0xf 
 .bss           0x0000000000035a00       0xc4 obj_cooja/mtype124.a(nbr-table.o)
 .bss           0x0000000000035ac4        0x0 obj_cooja/mtype124.a(netstack.o)
 *fill*         0x0000000000035ac4       0x1c 
 .bss           0x0000000000035ae0       0xa0 obj_cooja/mtype124.a(packetbuf.o)
 .bss           0x0000000000035b80      0xb80 obj_cooja/mtype124.a(queuebuf.o)
 .bss           0x0000000000036700        0x0 obj_cooja/mtype124.a(nullsec.o)
 .bss           0x0000000000036700        0x0 obj_cooja/mtype124.a(watchdog.o)
 .bss           0x0000000000036700        0x0 obj_cooja/mtype124.a(rimestats.o)
 .bss           0x0000000000036700        0x0 obj_cooja/mtype124.a(memb.o)
 .bss           0x0000000000036700       0x18 obj_cooja/mtype124.a(uip-icmp6.o)
 .bss           0x0000000000036718        0x0 obj_cooja/mtype124.a(uip-nd6.o)
 *fill*         0x0000000000036718        0x8 
 .bss           0x0000000000036720       0x44 obj_cooja/mtype124.a(rpl-nbr-policy.)
 .bss           0x0000000000036764        0x0 obj_cooja/mtype124.a(frame802154.o)
 .bss           0x0000000000036764        0x0 /usr/lib/gcc/i686-linux-gnu/4.8/crtendS.o
 .bss           0x0000000000036764        0x0 /usr/lib/gcc/i686-linux-gnu/4.8/../../../i386-linux-gnu/crtn.o
 *(COMMON)
 COMMON         0x0000000000036764       0x75 udp-client.co
                0x0000000000036764                dio_count
                0x0000000000036768                dis_count
                0x000000000003676c                tcp_output_count
                0x0000000000036770                csma_transmission_count
                0x0000000000036774                dao_ack_fwd_count
                0x0000000000036778                COOJA_radioRxLong
                0x000000000003677c                cxmac_collision_count
                0x0000000000036780                LSA_message_input
                0x0000000000036784                control_message_count
                0x0000000000036788                dao_count
                0x000000000003678c                icmp_count
                0x0000000000036790                COOJA_radioTx
                0x0000000000036794                LSA_SR_preamble
                0x0000000000036798                cxmac_transmission_count
                0x000000000003679c                dao_ack_count
                0x00000000000367a0                LSA_lr_child
                0x00000000000367a4                data_message_count
                0x00000000000367a8                simple_convergence
                0x00000000000367a9                LSA_converge
                0x00000000000367aa                my_sink_reachability
                0x00000000000367ac                COOJA_radioTxLong
                0x00000000000367b0                COOJA_radioRx
                0x00000000000367b4                my_parent_number
                0x00000000000367b8                COOJA_radioOn
                0x00000000000367bc                LSA_broadcast_count
                0x00000000000367c0                LSA_count
                0x00000000000367c4                dao_fwd_count
                0x00000000000367c8                COOJA_duration
                0x00000000000367cc                dio_ack_count
                0x00000000000367d0                COOJA_radioOnLong
                0x00000000000367d4                data_fwd_count
                0x00000000000367d8                LSA_message_flag
 *fill*         0x00000000000367d9        0x3 
 COMMON         0x00000000000367dc        0xc obj_cooja/mtype124.o
                0x00000000000367dc                referenceVar
                0x00000000000367e0                debugfp
                0x00000000000367e4                sensors_flags
 COMMON         0x00000000000367e8        0xc obj_cooja/mtype124.a(simEnvChange.o)
                0x00000000000367e8                simEtimerPending
                0x00000000000367ec                simProcessRunValue
                0x00000000000367f0                simNextExpirationTime
 COMMON         0x00000000000367f4        0x1 obj_cooja/mtype124.a(beep.o)
                0x00000000000367f4                simBeeped
 COMMON         0x00000000000367f5        0x3 obj_cooja/mtype124.a(button-sensor.o)
                0x00000000000367f5                simButtonIsActive
                0x00000000000367f6                simButtonIsDown
                0x00000000000367f7                simButtonChanged
 COMMON         0x00000000000367f8        0x1 obj_cooja/mtype124.a(leds-arch.o)
                0x00000000000367f8                simLedsValue
 *fill*         0x00000000000367f9        0x3 
 COMMON         0x00000000000367fc        0xc obj_cooja/mtype124.a(moteid.o)
                0x00000000000367fc                simRandomSeed
                0x0000000000036800                simMoteIDChanged
                0x0000000000036804                simMoteID
 COMMON         0x0000000000036808        0x2 obj_cooja/mtype124.a(pir-sensor.o)
                0x0000000000036808                simPirIsActive
                0x0000000000036809                simPirChanged
 *fill*         0x000000000003680a       0x16 
 COMMON         0x0000000000036820      0x820 obj_cooja/mtype124.a(rs232.o)
                0x0000000000036820                simSerialReceivingFlag
                0x0000000000036824                simSerialReceivingLength
                0x0000000000036840                simSerialReceivingData
 COMMON         0x0000000000037040        0x2 obj_cooja/mtype124.a(vib-sensor.o)
                0x0000000000037040                simVibChanged
                0x0000000000037041                simVibIsActive
 *fill*         0x0000000000037042        0x2 
 COMMON         0x0000000000037044        0x4 obj_cooja/mtype124.a(clock.o)
                0x0000000000037044                simCurrentTime
 *fill*         0x0000000000037048       0x18 
 COMMON         0x0000000000037060      0x420 obj_cooja/mtype124.a(log.o)
                0x0000000000037060                simLoggedLength
                0x0000000000037064                simLoggedFlag
                0x0000000000037080                simLoggedData
 COMMON         0x0000000000037480      0x260 obj_cooja/mtype124.a(cooja-radio.o)
                0x0000000000037480                simOutDataBuffer
                0x0000000000037500                simRadioTarget
                0x0000000000037520                simInDataBufferLR
                0x00000000000375a0                packet_forwarding
                0x00000000000375c0                simOutDataBufferLR
                0x0000000000037640                dual_duty_cycle_count
                0x0000000000037660                simInDataBuffer
 COMMON         0x00000000000376e0      0x400 obj_cooja/mtype124.a(eeprom.o)
                0x00000000000376e0                simEEPROMData
 COMMON         0x0000000000037ae0        0x1 obj_cooja/mtype124.a(sensors.o)
                0x0000000000037ae0                sensors_event
 *fill*         0x0000000000037ae1        0x3 
 COMMON         0x0000000000037ae4        0x4 obj_cooja/mtype124.a(log_message.o)
                0x0000000000037ae4                log_fp
 COMMON         0x0000000000037ae8        0x1 obj_cooja/mtype124.a(serial-line.o)
                0x0000000000037ae8                serial_line_event_message
 *fill*         0x0000000000037ae9       0x17 
 COMMON         0x0000000000037b00       0x50 obj_cooja/mtype124.a(uip-ds6-nbr.o)
                0x0000000000037b00                ds6_lr_addrmap
 *fill*         0x0000000000037b50       0x10 
 COMMON         0x0000000000037b60      0x298 obj_cooja/mtype124.a(uip-ds6.o)
                0x0000000000037b60                uip_ds6_prefix_list
                0x0000000000037bc0                uip_ds6_timer_periodic
                0x0000000000037bd0                uip_ds6_netif_addr_list_offset
                0x0000000000037be0                uip_ds6_if
                0x0000000000037cd8                uip_ds6_timer_ra
                0x0000000000037ce0                uip_ds6_addr_size
                0x0000000000037d00                long_uip_ds6_if
 *fill*         0x0000000000037df8        0x8 
 COMMON         0x0000000000037e00      0x8ec obj_cooja/mtype124.a(uip6.o)
                0x0000000000037e00                uip_slen
                0x0000000000037e02                uip_acc32
                0x0000000000037e20                uip_conns
                0x0000000000037ee0                uip_lladdr
                0x0000000000037ee8                uip_appdata
                0x0000000000037eec                uip_flags
                0x0000000000037f00                uip_aligned_buf
                0x0000000000038540                uip_listenports
                0x0000000000038550                uip_len
                0x0000000000038552                uip_long_lladdr
                0x000000000003855c                uip_sappdata
                0x0000000000038560                uip_udp_conns
                0x00000000000386e0                uip_udp_conn
                0x00000000000386e4                uip_next_hdr
                0x00000000000386e8                uip_conn
 COMMON         0x00000000000386ec        0x1 obj_cooja/mtype124.a(tcpip.o)
                0x00000000000386ec                tcpip_event
 *fill*         0x00000000000386ed       0x13 
 COMMON         0x0000000000038700      0x178 obj_cooja/mtype124.a(rpl-dag.o)
                0x0000000000038700                default_instance
                0x0000000000038720                instance_table
 COMMON         0x0000000000038878       0x10 obj_cooja/mtype124.a(linkaddr.o)
                0x0000000000038878                linkaddr_node_addr
                0x0000000000038880                long_linkaddr_node_addr
 COMMON         0x0000000000038888       0x2e obj_cooja/mtype124.a(packetbuf.o)
                0x0000000000038888                packetbuf_attrs
                0x00000000000388a6                packetbuf_addrs
 *fill*         0x00000000000388b6        0xa 
 COMMON         0x00000000000388c0       0x48 obj_cooja/mtype124.a(rimestats.o)
                0x00000000000388c0                rimestats
                0x0000000000038908                . = ALIGN ((. != 0x0)?0x4:0x1)
                0x0000000000038908                . = ALIGN (0x4)
                0x0000000000038908                . = SEGMENT_START ("ldata-segment", .)
                0x0000000000038908                . = ALIGN (0x4)
                0x0000000000038908                _end = .
                0x0000000000038908                PROVIDE (end, .)
                0x0000000000038908                . = DATA_SEGMENT_END (.)

.stab
 *(.stab)

.stabstr
 *(.stabstr)

.stab.excl
 *(.stab.excl)

.stab.exclstr
 *(.stab.exclstr)

.stab.index
 *(.stab.index)

.stab.indexstr
 *(.stab.indexstr)

.comment        0x0000000000000000       0x29
 *(.comment)
 .comment       0x0000000000000000       0x29 /usr/lib/gcc/i686-linux-gnu/4.8/crtbeginS.o
                                         0x2a (size before relaxing)
 .comment       0x0000000000000000       0x2a udp-client.co
 .comment       0x0000000000000000       0x2a obj_cooja/mtype124.o
 .comment       0x0000000000000000       0x2a obj_cooja/mtype124.a(simEnvChange.o)
 .comment       0x0000000000000000       0x2a obj_cooja/mtype124.a(cooja_mt.o)
 .comment       0x0000000000000000       0x2a obj_cooja/mtype124.a(cooja_mtarch.o)
 .comment       0x0000000000000000       0x2a obj_cooja/mtype124.a(rtimer-arch.o)
 .comment       0x0000000000000000       0x2a obj_cooja/mtype124.a(beep.o)
 .comment       0x0000000000000000       0x2a obj_cooja/mtype124.a(button-sensor.o)
 .comment       0x0000000000000000       0x2a obj_cooja/mtype124.a(leds-arch.o)
 .comment       0x0000000000000000       0x2a obj_cooja/mtype124.a(moteid.o)
 .comment       0x0000000000000000       0x2a obj_cooja/mtype124.a(pir-sensor.o)
 .comment       0x0000000000000000       0x2a obj_cooja/mtype124.a(rs232.o)
 .comment       0x0000000000000000       0x2a obj_cooja/mtype124.a(vib-sensor.o)
 .comment       0x0000000000000000       0x2a obj_cooja/mtype124.a(clock.o)
 .comment       0x0000000000000000       0x2a obj_cooja/mtype124.a(log.o)
 .comment       0x0000000000000000       0x2a obj_cooja/mtype124.a(cfs-cooja.o)
 .comment       0x0000000000000000       0x2a obj_cooja/mtype124.a(cooja-radio.o)
 .comment       0x0000000000000000       0x2a obj_cooja/mtype124.a(eeprom.o)
 .comment       0x0000000000000000       0x2a obj_cooja/mtype124.a(random.o)
 .comment       0x0000000000000000       0x2a obj_cooja/mtype124.a(sensors.o)
 .comment       0x0000000000000000       0x2a obj_cooja/mtype124.a(leds.o)
 .comment       0x0000000000000000       0x2a obj_cooja/mtype124.a(dual_conf.o)
 .comment       0x0000000000000000       0x2a obj_cooja/mtype124.a(autostart.o)
 .comment       0x0000000000000000       0x2a obj_cooja/mtype124.a(ctimer.o)
 .comment       0x0000000000000000       0x2a obj_cooja/mtype124.a(etimer.o)
 .comment       0x0000000000000000       0x2a obj_cooja/mtype124.a(log_message.o)
 .comment       0x0000000000000000       0x2a obj_cooja/mtype124.a(process.o)
 .comment       0x0000000000000000       0x2a obj_cooja/mtype124.a(residual.o)
 .comment       0x0000000000000000       0x2a obj_cooja/mtype124.a(rtimer.o)
 .comment       0x0000000000000000       0x2a obj_cooja/mtype124.a(stimer.o)
 .comment       0x0000000000000000       0x2a obj_cooja/mtype124.a(timer.o)
 .comment       0x0000000000000000       0x2a obj_cooja/mtype124.a(serial-line.o)
 .comment       0x0000000000000000       0x2a obj_cooja/mtype124.a(list.o)
 .comment       0x0000000000000000       0x2a obj_cooja/mtype124.a(ringbuf.o)
 .comment       0x0000000000000000       0x2a obj_cooja/mtype124.a(sicslowpan.o)
 .comment       0x0000000000000000       0x2a obj_cooja/mtype124.a(uip-ds6-nbr.o)
 .comment       0x0000000000000000       0x2a obj_cooja/mtype124.a(uip-ds6-route.o)
 .comment       0x0000000000000000       0x2a obj_cooja/mtype124.a(uip-ds6.o)
 .comment       0x0000000000000000       0x2a obj_cooja/mtype124.a(uip6.o)
 .comment       0x0000000000000000       0x2a obj_cooja/mtype124.a(tcpip.o)
 .comment       0x0000000000000000       0x2a obj_cooja/mtype124.a(uip-debug.o)
 .comment       0x0000000000000000       0x2a obj_cooja/mtype124.a(uip-packetqueue)
 .comment       0x0000000000000000       0x2a obj_cooja/mtype124.a(uip-udp-packet.)
 .comment       0x0000000000000000       0x2a obj_cooja/mtype124.a(rpl-dag.o)
 .comment       0x0000000000000000       0x2a obj_cooja/mtype124.a(rpl-ext-header.)
 .comment       0x0000000000000000       0x2a obj_cooja/mtype124.a(rpl-icmp6.o)
 .comment       0x0000000000000000       0x2a obj_cooja/mtype124.a(rpl-ltmax.o)
 .comment       0x0000000000000000       0x2a obj_cooja/mtype124.a(rpl-timers.o)
 .comment       0x0000000000000000       0x2a obj_cooja/mtype124.a(rpl.o)
 .comment       0x0000000000000000       0x2a obj_cooja/mtype124.a(csma.o)
 .comment       0x0000000000000000       0x2a obj_cooja/mtype124.a(framer-802154.o)
 .comment       0x0000000000000000       0x2a obj_cooja/mtype124.a(mac.o)
 .comment       0x0000000000000000       0x2a obj_cooja/mtype124.a(cxmac.o)
 .comment       0x0000000000000000       0x2a obj_cooja/mtype124.a(linkaddr.o)
 .comment       0x0000000000000000       0x2a obj_cooja/mtype124.a(nbr-table.o)
 .comment       0x0000000000000000       0x2a obj_cooja/mtype124.a(netstack.o)
 .comment       0x0000000000000000       0x2a obj_cooja/mtype124.a(packetbuf.o)
 .comment       0x0000000000000000       0x2a obj_cooja/mtype124.a(queuebuf.o)
 .comment       0x0000000000000000       0x2a obj_cooja/mtype124.a(nullsec.o)
 .comment       0x0000000000000000       0x2a obj_cooja/mtype124.a(watchdog.o)
 .comment       0x0000000000000000       0x2a obj_cooja/mtype124.a(rimestats.o)
 .comment       0x0000000000000000       0x2a obj_cooja/mtype124.a(memb.o)
 .comment       0x0000000000000000       0x2a obj_cooja/mtype124.a(uip-icmp6.o)
 .comment       0x0000000000000000       0x2a obj_cooja/mtype124.a(uip-nd6.o)
 .comment       0x0000000000000000       0x2a obj_cooja/mtype124.a(rpl-nbr-policy.)
 .comment       0x0000000000000000       0x2a obj_cooja/mtype124.a(frame802154.o)
 .comment       0x0000000000000000       0x2a /usr/lib/gcc/i686-linux-gnu/4.8/crtendS.o

.debug
 *(.debug)

.line
 *(.line)

.debug_srcinfo
 *(.debug_srcinfo)

.debug_sfnames
 *(.debug_sfnames)

.debug_aranges  0x0000000000000000      0x838
 *(.debug_aranges)
 .debug_aranges
                0x0000000000000000       0x20 udp-client.co
 .debug_aranges
                0x0000000000000020       0x20 obj_cooja/mtype124.o
 .debug_aranges
                0x0000000000000040       0x20 obj_cooja/mtype124.a(simEnvChange.o)
 .debug_aranges
                0x0000000000000060       0x20 obj_cooja/mtype124.a(cooja_mt.o)
 .debug_aranges
                0x0000000000000080       0x20 obj_cooja/mtype124.a(cooja_mtarch.o)
 .debug_aranges
                0x00000000000000a0       0x20 obj_cooja/mtype124.a(rtimer-arch.o)
 .debug_aranges
                0x00000000000000c0       0x20 obj_cooja/mtype124.a(beep.o)
 .debug_aranges
                0x00000000000000e0       0x20 obj_cooja/mtype124.a(button-sensor.o)
 .debug_aranges
                0x0000000000000100       0x20 obj_cooja/mtype124.a(leds-arch.o)
 .debug_aranges
                0x0000000000000120       0x20 obj_cooja/mtype124.a(moteid.o)
 .debug_aranges
                0x0000000000000140       0x20 obj_cooja/mtype124.a(pir-sensor.o)
 .debug_aranges
                0x0000000000000160       0x20 obj_cooja/mtype124.a(rs232.o)
 .debug_aranges
                0x0000000000000180       0x20 obj_cooja/mtype124.a(vib-sensor.o)
 .debug_aranges
                0x00000000000001a0       0x20 obj_cooja/mtype124.a(clock.o)
 .debug_aranges
                0x00000000000001c0       0x20 obj_cooja/mtype124.a(log.o)
 .debug_aranges
                0x00000000000001e0       0x20 obj_cooja/mtype124.a(cfs-cooja.o)
 .debug_aranges
                0x0000000000000200       0x20 obj_cooja/mtype124.a(cooja-radio.o)
 .debug_aranges
                0x0000000000000220       0x20 obj_cooja/mtype124.a(eeprom.o)
 .debug_aranges
                0x0000000000000240       0x20 obj_cooja/mtype124.a(random.o)
 .debug_aranges
                0x0000000000000260       0x20 obj_cooja/mtype124.a(sensors.o)
 .debug_aranges
                0x0000000000000280       0x20 obj_cooja/mtype124.a(leds.o)
 .debug_aranges
                0x00000000000002a0       0x20 obj_cooja/mtype124.a(dual_conf.o)
 .debug_aranges
                0x00000000000002c0       0x20 obj_cooja/mtype124.a(autostart.o)
 .debug_aranges
                0x00000000000002e0       0x20 obj_cooja/mtype124.a(ctimer.o)
 .debug_aranges
                0x0000000000000300       0x20 obj_cooja/mtype124.a(etimer.o)
 .debug_aranges
                0x0000000000000320       0x20 obj_cooja/mtype124.a(log_message.o)
 .debug_aranges
                0x0000000000000340       0x20 obj_cooja/mtype124.a(process.o)
 .debug_aranges
                0x0000000000000360       0x20 obj_cooja/mtype124.a(residual.o)
 .debug_aranges
                0x0000000000000380       0x20 obj_cooja/mtype124.a(rtimer.o)
 .debug_aranges
                0x00000000000003a0       0x20 obj_cooja/mtype124.a(stimer.o)
 .debug_aranges
                0x00000000000003c0       0x20 obj_cooja/mtype124.a(timer.o)
 .debug_aranges
                0x00000000000003e0       0x20 obj_cooja/mtype124.a(serial-line.o)
 .debug_aranges
                0x0000000000000400       0x20 obj_cooja/mtype124.a(list.o)
 .debug_aranges
                0x0000000000000420       0x20 obj_cooja/mtype124.a(ringbuf.o)
 .debug_aranges
                0x0000000000000440       0x20 obj_cooja/mtype124.a(sicslowpan.o)
 .debug_aranges
                0x0000000000000460       0x20 obj_cooja/mtype124.a(uip-ds6-nbr.o)
 .debug_aranges
                0x0000000000000480       0x20 obj_cooja/mtype124.a(uip-ds6-route.o)
 .debug_aranges
                0x00000000000004a0       0x20 obj_cooja/mtype124.a(uip-ds6.o)
 .debug_aranges
                0x00000000000004c0       0x20 obj_cooja/mtype124.a(uip6.o)
 .debug_aranges
                0x00000000000004e0       0x20 obj_cooja/mtype124.a(tcpip.o)
 .debug_aranges
                0x0000000000000500       0x20 obj_cooja/mtype124.a(uip-debug.o)
 .debug_aranges
                0x0000000000000520       0x20 obj_cooja/mtype124.a(uip-packetqueue)
 .debug_aranges
                0x0000000000000540       0x20 obj_cooja/mtype124.a(uip-udp-packet.)
 .debug_aranges
                0x0000000000000560       0x20 obj_cooja/mtype124.a(rpl-dag.o)
 .debug_aranges
                0x0000000000000580       0x20 obj_cooja/mtype124.a(rpl-ext-header.)
 .debug_aranges
                0x00000000000005a0       0x20 obj_cooja/mtype124.a(rpl-icmp6.o)
 .debug_aranges
                0x00000000000005c0       0x20 obj_cooja/mtype124.a(rpl-ltmax.o)
 .debug_aranges
                0x00000000000005e0       0x20 obj_cooja/mtype124.a(rpl-timers.o)
 .debug_aranges
                0x0000000000000600       0x20 obj_cooja/mtype124.a(rpl.o)
 .debug_aranges
                0x0000000000000620       0x20 obj_cooja/mtype124.a(csma.o)
 .debug_aranges
                0x0000000000000640       0x20 obj_cooja/mtype124.a(framer-802154.o)
 .debug_aranges
                0x0000000000000660       0x20 obj_cooja/mtype124.a(mac.o)
 .debug_aranges
                0x0000000000000680       0x20 obj_cooja/mtype124.a(cxmac.o)
 .debug_aranges
                0x00000000000006a0       0x20 obj_cooja/mtype124.a(linkaddr.o)
 .debug_aranges
                0x00000000000006c0       0x20 obj_cooja/mtype124.a(nbr-table.o)
 .debug_aranges
                0x00000000000006e0       0x20 obj_cooja/mtype124.a(netstack.o)
 .debug_aranges
                0x0000000000000700       0x20 obj_cooja/mtype124.a(packetbuf.o)
 .debug_aranges
                0x0000000000000720       0x20 obj_cooja/mtype124.a(queuebuf.o)
 .debug_aranges
                0x0000000000000740       0x20 obj_cooja/mtype124.a(nullsec.o)
 .debug_aranges
                0x0000000000000760       0x20 obj_cooja/mtype124.a(watchdog.o)
 .debug_aranges
                0x0000000000000780       0x18 obj_cooja/mtype124.a(rimestats.o)
 .debug_aranges
                0x0000000000000798       0x20 obj_cooja/mtype124.a(memb.o)
 .debug_aranges
                0x00000000000007b8       0x20 obj_cooja/mtype124.a(uip-icmp6.o)
 .debug_aranges
                0x00000000000007d8       0x20 obj_cooja/mtype124.a(uip-nd6.o)
 .debug_aranges
                0x00000000000007f8       0x20 obj_cooja/mtype124.a(rpl-nbr-policy.)
 .debug_aranges