Archive member included to satisfy reference by file (symbol)

obj_cooja/mtype187.a(simEnvChange.o)
                              obj_cooja/mtype187.o (simDontFallAsleep)
obj_cooja/mtype187.a(cooja_mt.o)
                              obj_cooja/mtype187.o (cooja_mt_start)
obj_cooja/mtype187.a(cooja_mtarch.o)
                              obj_cooja/mtype187.a(cooja_mt.o) (cooja_mtarch_init)
obj_cooja/mtype187.a(rtimer-arch.o)
                              obj_cooja/mtype187.o (rtimer_arch_next)
obj_cooja/mtype187.a(beep.o)  obj_cooja/mtype187.o (beep_interface)
obj_cooja/mtype187.a(button-sensor.o)
                              obj_cooja/mtype187.o (button_interface)
obj_cooja/mtype187.a(leds-arch.o)
                              obj_cooja/mtype187.o (leds_interface)
obj_cooja/mtype187.a(moteid.o)
                              obj_cooja/mtype187.o (moteid_interface)
obj_cooja/mtype187.a(pir-sensor.o)
                              obj_cooja/mtype187.o (pir_interface)
obj_cooja/mtype187.a(rs232.o)
                              obj_cooja/mtype187.o (rs232_interface)
obj_cooja/mtype187.a(vib-sensor.o)
                              obj_cooja/mtype187.o (vib_interface)
obj_cooja/mtype187.a(clock.o)
                              obj_cooja/mtype187.o (clock_interface)
obj_cooja/mtype187.a(log.o)   obj_cooja/mtype187.o (simlog_interface)
obj_cooja/mtype187.a(cfs-cooja.o)
                              obj_cooja/mtype187.o (cfs_interface)
obj_cooja/mtype187.a(cooja-radio.o)
                              obj_cooja/mtype187.o (radio_interface)
obj_cooja/mtype187.a(eeprom.o)
                              obj_cooja/mtype187.o (eeprom_interface)
obj_cooja/mtype187.a(random.o)
                              obj_cooja/mtype187.a(moteid.o) (random_init)
obj_cooja/mtype187.a(sensors.o)
                              udp-server.co (sensors_event)
obj_cooja/mtype187.a(leds.o)  obj_cooja/mtype187.a(cooja-radio.o) (leds_on)
obj_cooja/mtype187.a(dual_conf.o)
                              obj_cooja/mtype187.a(cooja-radio.o) (long_range_radio)
obj_cooja/mtype187.a(autostart.o)
                              obj_cooja/mtype187.o (autostart_start)
obj_cooja/mtype187.a(ctimer.o)
                              obj_cooja/mtype187.o (ctimer_init)
obj_cooja/mtype187.a(etimer.o)
                              obj_cooja/mtype187.o (etimer_process)
obj_cooja/mtype187.a(log_message.o)
                              obj_cooja/mtype187.o (log_initialization)
obj_cooja/mtype187.a(process.o)
                              udp-server.co (process_current)
obj_cooja/mtype187.a(residual.o)
                              obj_cooja/mtype187.o (DISSIPATION_RATE)
obj_cooja/mtype187.a(rtimer.o)
                              obj_cooja/mtype187.a(rtimer-arch.o) (rtimer_run_next)
obj_cooja/mtype187.a(timer.o)
                              obj_cooja/mtype187.a(button-sensor.o) (timer_set)
obj_cooja/mtype187.a(serial-line.o)
                              obj_cooja/mtype187.a(rs232.o) (serial_line_input_byte)
obj_cooja/mtype187.a(list.o)  obj_cooja/mtype187.a(ctimer.o) (list_init)
obj_cooja/mtype187.a(ringbuf.o)
                              obj_cooja/mtype187.a(serial-line.o) (ringbuf_init)
obj_cooja/mtype187.a(sicslowpan.o)
                              obj_cooja/mtype187.o (sicslowpan_driver)
obj_cooja/mtype187.a(uip-ds6-nbr.o)
                              obj_cooja/mtype187.a(sicslowpan.o) (uip_ds6_link_neighbor_callback)
obj_cooja/mtype187.a(uip-ds6.o)
                              udp-server.co (uip_ds6_if)
obj_cooja/mtype187.a(uip6.o)  obj_cooja/mtype187.o (uip_lladdr)
obj_cooja/mtype187.a(tcpip.o)
                              udp-server.co (tcpip_event)
obj_cooja/mtype187.a(uip-debug.o)
                              udp-server.co (uip_debug_ipaddr_print)
obj_cooja/mtype187.a(uip-packetqueue)
                              obj_cooja/mtype187.a(uip-ds6-nbr.o) (uip_packetqueue_new)
obj_cooja/mtype187.a(rpl-dag.o)
                              udp-server.co (rpl_set_root)
obj_cooja/mtype187.a(rpl-ext-header.)
                              obj_cooja/mtype187.a(uip6.o) (rpl_verify_header)
obj_cooja/mtype187.a(rpl-icmp6.o)
                              obj_cooja/mtype187.a(rpl-dag.o) (rpl_icmp6_update_nbr_table)
obj_cooja/mtype187.a(rpl-ltmax.o)
                              obj_cooja/mtype187.a(rpl-dag.o) (rpl_ltmax_of)
obj_cooja/mtype187.a(rpl-timers.o)
                              obj_cooja/mtype187.a(rpl-dag.o) (rpl_reset_dio_timer)
obj_cooja/mtype187.a(rpl.o)   obj_cooja/mtype187.a(rpl-icmp6.o) (rpl_get_mode)
obj_cooja/mtype187.a(csma.o)  udp-server.co (csma_driver)
obj_cooja/mtype187.a(framer-802154.o)
                              obj_cooja/mtype187.a(sicslowpan.o) (framer_802154)
obj_cooja/mtype187.a(mac.o)   obj_cooja/mtype187.a(csma.o) (mac_call_sent_callback)
obj_cooja/mtype187.a(cxmac.o)
                              obj_cooja/mtype187.o (cxmac_driver)
obj_cooja/mtype187.a(linkaddr.o)
                              obj_cooja/mtype187.o (linkaddr_node_addr)
[...]
Memory Configuration

Name             Origin             Length             Attributes
*default*        0x0000000000000000 0xffffffffffffffff

Linker script and memory map

LOAD /usr/lib/gcc/i686-linux-gnu/4.8/../../../i386-linux-gnu/crti.o
LOAD /usr/lib/gcc/i686-linux-gnu/4.8/crtbeginS.o
LOAD udp-server.co
LOAD obj_cooja/mtype187.o
LOAD obj_cooja/mtype187.a
LOAD /usr/lib/gcc/i686-linux-gnu/4.8/libgcc.a
LOAD /usr/lib/gcc/i686-linux-gnu/4.8/libgcc_s.so
LOAD /usr/lib/gcc/i686-linux-gnu/4.8/../../../i386-linux-gnu/libc.so
START GROUP
LOAD /lib/i386-linux-gnu/libc.so.6
LOAD /usr/lib/i386-linux-gnu/libc_nonshared.a
LOAD /lib/i386-linux-gnu/ld-linux.so.2
END GROUP
LOAD /usr/lib/gcc/i686-linux-gnu/4.8/libgcc.a
LOAD /usr/lib/gcc/i686-linux-gnu/4.8/libgcc_s.so
LOAD /usr/lib/gcc/i686-linux-gnu/4.8/crtendS.o
LOAD /usr/lib/gcc/i686-linux-gnu/4.8/../../../i386-linux-gnu/crtn.o
                0x0000000000000114                . = (0x0 + SIZEOF_HEADERS)

.note.gnu.build-id
                0x0000000000000114       0x24
 *(.note.gnu.build-id)
 .note.gnu.build-id
                0x0000000000000114       0x24 /usr/lib/gcc/i686-linux-gnu/4.8/../../../i386-linux-gnu/crti.o

.hash
 *(.hash)

.gnu.hash       0x0000000000000138     0x1388
 *(.gnu.hash)
 .gnu.hash      0x0000000000000138     0x1388 /usr/lib/gcc/i686-linux-gnu/4.8/../../../i386-linux-gnu/crti.o

.dynsym         0x00000000000014c0     0x2680
 *(.dynsym)
 .dynsym        0x00000000000014c0     0x2680 /usr/lib/gcc/i686-linux-gnu/4.8/../../../i386-linux-gnu/crti.o

.dynstr         0x0000000000003b40     0x278d
 *(.dynstr)
 .dynstr        0x0000000000003b40     0x278d /usr/lib/gcc/i686-linux-gnu/4.8/../../../i386-linux-gnu/crti.o

.gnu.version    0x00000000000062ce      0x4d0
 *(.gnu.version)
 .gnu.version   0x00000000000062ce      0x4d0 /usr/lib/gcc/i686-linux-gnu/4.8/../../../i386-linux-gnu/crti.o

.gnu.version_d  0x00000000000067a0        0x0
 *(.gnu.version_d)
 .gnu.version_d
                0x0000000000000000        0x0 /usr/lib/gcc/i686-linux-gnu/4.8/../../../i386-linux-gnu/crti.o

.gnu.version_r  0x00000000000067a0       0x50
 *(.gnu.version_r)
 .gnu.version_r
                0x00000000000067a0       0x50 /usr/lib/gcc/i686-linux-gnu/4.8/../../../i386-linux-gnu/crti.o

.rel.dyn        0x00000000000067f0     0x9330
 *(.rel.init)
 .rel.init      0x0000000000000000        0x0 /usr/lib/gcc/i686-linux-gnu/4.8/../../../i386-linux-gnu/crti.o
 *(.rel.text .rel.text.* .rel.gnu.linkonce.t.*)
 .rel.text      0x00000000000067f0     0x8b58 /usr/lib/gcc/i686-linux-gnu/4.8/../../../i386-linux-gnu/crti.o
 *(.rel.fini)
 .rel.fini      0x0000000000000000        0x0 /usr/lib/gcc/i686-linux-gnu/4.8/../../../i386-linux-gnu/crti.o
 *(.rel.rodata .rel.rodata.* .rel.gnu.linkonce.r.*)
 .rel.rodata    0x000000000000f348      0x4e0 /usr/lib/gcc/i686-linux-gnu/4.8/../../../i386-linux-gnu/crti.o
 *(.rel.data.rel.ro .rel.data.rel.ro.* .rel.gnu.linkonce.d.rel.ro.*)
 *(.rel.data .rel.data.* .rel.gnu.linkonce.d.*)
 .rel.data.rel  0x000000000000f828        0x8 /usr/lib/gcc/i686-linux-gnu/4.8/../../../i386-linux-gnu/crti.o
 .rel.data      0x000000000000f830      0x2b8 /usr/lib/gcc/i686-linux-gnu/4.8/../../../i386-linux-gnu/crti.o
 *(.rel.tdata .rel.tdata.* .rel.gnu.linkonce.td.*)
 *(.rel.tbss .rel.tbss.* .rel.gnu.linkonce.tb.*)
 *(.rel.ctors)
 *(.rel.dtors)
 *(.rel.got)
 .rel.got       0x000000000000fae8       0x28 /usr/lib/gcc/i686-linux-gnu/4.8/../../../i386-linux-gnu/crti.o
 *(.rel.bss .rel.bss.* .rel.gnu.linkonce.b.*)
 *(.rel.ifunc)
 .rel.ifunc     0x0000000000000000        0x0 /usr/lib/gcc/i686-linux-gnu/4.8/../../../i386-linux-gnu/crti.o
 .rel.fini_array
                0x000000000000fb10        0x8 /usr/lib/gcc/i686-linux-gnu/4.8/../../../i386-linux-gnu/crti.o
 .rel.init_array
                0x000000000000fb18        0x8 /usr/lib/gcc/i686-linux-gnu/4.8/../../../i386-linux-gnu/crti.o

.rel.plt        0x000000000000fb20       0x10
 *(.rel.plt)
 .rel.plt       0x000000000000fb20       0x10 /usr/lib/gcc/i686-linux-gnu/4.8/../../../i386-linux-gnu/crti.o
 *(.rel.iplt)

.init           0x000000000000fb30       0x23
 *(SORT(.init))
 .init          0x000000000000fb30       0x1e /usr/lib/gcc/i686-linux-gnu/4.8/../../../i386-linux-gnu/crti.o
                0x000000000000fb30                _init
 .init          0x000000000000fb4e        0x5 /usr/lib/gcc/i686-linux-gnu/4.8/../../../i386-linux-gnu/crtn.o

.plt            0x000000000000fb60       0x30
 *(.plt)
 .plt           0x000000000000fb60       0x30 /usr/lib/gcc/i686-linux-gnu/4.8/../../../i386-linux-gnu/crti.o
 *(.iplt)

.text           0x000000000000fb90    0x16b36
 *(.text.unlikely .text.*_unlikely .text.unlikely.*)
 *(.text.exit .text.exit.*)
 *(.text.startup .text.startup.*)
 *(.text.hot .text.hot.*)
 *(.text .stub .text.* .gnu.linkonce.t.*)
 .text          0x000000000000fb90        0x0 /usr/lib/gcc/i686-linux-gnu/4.8/../../../i386-linux-gnu/crti.o
 .gnu.linkonce.t.__x86.get_pc_thunk.bx
                0x000000000000fb90        0x4 /usr/lib/gcc/i686-linux-gnu/4.8/../../../i386-linux-gnu/crti.o
                0x000000000000fb90                __x86.get_pc_thunk.bx
 *fill*         0x000000000000fb94        0xc 
 .text          0x000000000000fba0      0x11b /usr/lib/gcc/i686-linux-gnu/4.8/crtbeginS.o
 .text          0x000000000000fcbb      0x3ce udp-server.co
 .text          0x0000000000010089      0x96a obj_cooja/mtype187.o
                0x0000000000010237                contiki_init
                0x000000000001080a                Java_org_contikios_cooja_corecomm_Lib1_init
                0x000000000001084a                Java_org_contikios_cooja_corecomm_Lib1_getMemory
                0x000000000001088a                Java_org_contikios_cooja_corecomm_Lib1_setMemory
                0x0000000000010901                Java_org_contikios_cooja_corecomm_Lib1_tick
                0x00000000000109e1                Java_org_contikios_cooja_corecomm_Lib1_setReferenceAddress
 .text          0x00000000000109f3       0x63 obj_cooja/mtype187.a(simEnvChange.o)
                0x00000000000109f3                doActionsBeforeTick
                0x0000000000010a24                doActionsAfterTick
 .text          0x0000000000010a56       0xbc obj_cooja/mtype187.a(cooja_mt.o)
                0x0000000000010a56                cooja_mt_init
                0x0000000000010a63                cooja_mt_remove
                0x0000000000010a70                cooja_mt_start
                0x0000000000010a9d                cooja_mt_exec
                0x0000000000010ace                cooja_mt_exit
                0x0000000000010af0                cooja_mt_yield
 .text          0x0000000000010b12      0x115 obj_cooja/mtype187.a(cooja_mtarch.o)
                0x0000000000010b12                cooja_mtarch_init
                0x0000000000010b17                cooja_mtarch_start
                0x0000000000010b92                cooja_sw
                0x0000000000010bb4                cooja_mtarch_exec
                0x0000000000010bd0                cooja_mtarch_remove
                0x0000000000010bd5                cooja_mtarch_yield
                0x0000000000010bdf                cooja_mtarch_pstop
                0x0000000000010be4                cooja_mtarch_pstart
                0x0000000000010be9                cooja_mtarch_stack_usage
 .text          0x0000000000010c27       0xc2 obj_cooja/mtype187.a(rtimer-arch.o)
                0x0000000000010c27                rtimer_arch_init
                0x0000000000010c4a                rtimer_arch_schedule
                0x0000000000010c61                rtimer_arch_next
                0x0000000000010c6b                rtimer_arch_pending
                0x0000000000010c75                rtimer_arch_check
                0x0000000000010ca7                rtimer_arch_now
 .text          0x0000000000010ce9       0x76 obj_cooja/mtype187.a(beep.o)
                0x0000000000010ce9                beep_alarm
                0x0000000000010cf5                beep_beep
                0x0000000000010d01                beep
                0x0000000000010d0d                beep_down
                0x0000000000010d19                beep_on
                0x0000000000010d25                beep_off
                0x0000000000010d31                beep_spinup
                0x0000000000010d3d                beep_quick
                0x0000000000010d49                beep_long
 .text          0x0000000000010d5f      0x103 obj_cooja/mtype187.a(button-sensor.o)
 .text          0x0000000000010e62       0x45 obj_cooja/mtype187.a(leds-arch.o)
                0x0000000000010e62                leds_arch_init
                0x0000000000010e6e                leds_arch_get
                0x0000000000010e7a                leds_arch_set
 .text          0x0000000000010ea7       0x2f obj_cooja/mtype187.a(moteid.o)
 .text          0x0000000000010ed6       0xb1 obj_cooja/mtype187.a(pir-sensor.o)
 .text          0x0000000000010f87      0x131 obj_cooja/mtype187.a(rs232.o)
                0x0000000000010f87                rs232_init
                0x0000000000010f8c                rs232_set_speed
                0x0000000000010f9a                rs232_set_input
                0x0000000000010fa7                rs232_send
                0x0000000000010fc9                rs232_print
                0x0000000000010fe4                slip_arch_writeb
 .text          0x00000000000110b8       0xb1 obj_cooja/mtype187.a(vib-sensor.o)
 .text          0x0000000000011169       0x34 obj_cooja/mtype187.a(clock.o)
                0x0000000000011169                clock_init
                0x000000000001116e                clock_time
                0x0000000000011178                clock_seconds
                0x000000000001118e                clock_delay
 .text          0x000000000001119d      0x1ed obj_cooja/mtype187.a(log.o)
                0x000000000001119d                simlog_char
                0x00000000000111df                simlog
                0x000000000001124c                log_message
                0x0000000000011274                log_set_putchar_with_slip
                0x0000000000011281                log_putchar
                0x0000000000011305                log_puts
                0x0000000000011329                log_printf
 .text          0x000000000001138a      0x2c4 obj_cooja/mtype187.a(cfs-cooja.o)
                0x000000000001138a                cfs_open
                0x00000000000113f3                cfs_close
                0x00000000000113ff                cfs_read
                0x000000000001149d                cfs_write
                0x000000000001157a                cfs_seek
                0x0000000000011602                cfs_remove
                0x000000000001162b                cfs_opendir
                0x0000000000011635                cfs_readdir
                0x000000000001163f                cfs_closedir
 .text          0x000000000001164e      0x69f obj_cooja/mtype187.a(cooja-radio.o)
                0x0000000000011678                radio_set_channel
                0x000000000001168d                radio_set_txpower
                0x00000000000116ad                radio_signal_strength_last
                0x00000000000116b7                radio_signal_strength_current
                0x00000000000116c1                radio_LQI
 .text          0x0000000000011ced       0xef obj_cooja/mtype187.a(eeprom.o)
                0x0000000000011ced                eeprom_init
                0x0000000000011cf2                eeprom_read
                0x0000000000011d62                eeprom_write
 .text          0x0000000000011ddc       0x28 obj_cooja/mtype187.a(random.o)
                0x0000000000011ddc                random_init
                0x0000000000011df7                random_rand
 .text          0x0000000000011e04      0x2a1 obj_cooja/mtype187.a(sensors.o)
                0x0000000000011e3f                sensors_first
                0x0000000000011e49                sensors_next
                0x0000000000011e66                sensors_changed
                0x0000000000011e95                sensors_find
 .text          0x00000000000120a5      0x134 obj_cooja/mtype187.a(leds.o)
                0x00000000000120f6                leds_init
                0x000000000001210a                leds_blink
                0x0000000000012142                leds_get
                0x000000000001214f                leds_set
                0x0000000000012169                leds_on
                0x000000000001218c                leds_off
                0x00000000000121b6                leds_toggle
 .text          0x00000000000121d9      0x318 obj_cooja/mtype187.a(dual_conf.o)
                0x00000000000121d9                dual_radio_switch
                0x0000000000012219                dual_radio_change
                0x0000000000012253                sending_in_LR
                0x000000000001227e                dual_radio_received
                0x00000000000122b6                radio_received_is_longrange
                0x00000000000122d1                dual_radio_turn_on
                0x00000000000122f4                dual_radio_turn_off
                0x00000000000124a7                dio_broadcast
                0x00000000000124d0                dis_broadcast
 .text          0x00000000000124f1       0x8e obj_cooja/mtype187.a(autostart.o)
                0x00000000000124f1                autostart_start
                0x000000000001253c                autostart_exit
 .text          0x000000000001257f      0x334 obj_cooja/mtype187.a(ctimer.o)
                0x0000000000012696                ctimer_init
                0x00000000000126c6                ctimer_set
                0x00000000000126f7                ctimer_set_with_process
                0x0000000000012773                ctimer_reset
                0x00000000000127c2                ctimer_restart
                0x0000000000012811                ctimer_stop
                0x000000000001285c                ctimer_expired
 .text          0x00000000000128b3      0x40b obj_cooja/mtype187.a(etimer.o)
                0x0000000000012ac6                etimer_request_poll
                0x0000000000012b4a                etimer_set
                0x0000000000012b6f                etimer_reset_with_new_interval
                0x0000000000012b96                etimer_reset
                0x0000000000012bb4                etimer_restart
                0x0000000000012bd2                etimer_adjust
                0x0000000000012bee                etimer_expired
                0x0000000000012c01                etimer_expiration_time
                0x0000000000012c13                etimer_start_time
                0x0000000000012c1d                etimer_pending
                0x0000000000012c2f                etimer_next_expiration_time
                0x0000000000012c49                etimer_stop
 .text          0x0000000000012cbe      0x220 obj_cooja/mtype187.a(log_message.o)
                0x0000000000012cbe                log_initialization
                0x0000000000012ebd                log_finisher
 .text          0x0000000000012ede      0x560 obj_cooja/mtype187.a(process.o)
                0x0000000000012ede                process_alloc_event
                0x0000000000012ef3                process_start
                0x00000000000130dc                process_exit
                0x00000000000130f8                process_init
                0x00000000000132c9                process_run
                0x00000000000132fc                process_nevents
                0x0000000000013317                process_post
                0x00000000000133c3                process_post_synch
                0x00000000000133fb                process_poll
                0x000000000001342a                process_is_running
 .text          0x000000000001343e       0xd3 obj_cooja/mtype187.a(residual.o)
                0x000000000001343e                get_residual_energy
 .text          0x0000000000013511       0xba obj_cooja/mtype187.a(rtimer.o)
                0x0000000000013511                rtimer_init
                0x000000000001351e                rtimer_set
                0x0000000000013575                rtimer_run_next
 .text          0x00000000000135cb       0x91 obj_cooja/mtype187.a(timer.o)
                0x00000000000135cb                timer_set
                0x00000000000135e6                timer_reset
                0x00000000000135fd                timer_restart
                0x000000000001360f                timer_expired
                0x0000000000013638                timer_remaining
 .text          0x000000000001365c      0x1fb obj_cooja/mtype187.a(serial-line.o)
                0x000000000001365c                serial_line_input_byte
                0x000000000001381f                serial_line_init
 .text          0x0000000000013857      0x244 obj_cooja/mtype187.a(list.o)
                0x0000000000013857                list_init
                0x0000000000013865                list_head
                0x000000000001386f                list_copy
                0x000000000001387e                list_tail
                0x00000000000138b4                list_add
                0x00000000000138fd                list_push
                0x0000000000013929                list_chop
                0x0000000000013993                list_pop
                0x00000000000139bb                list_remove
                0x0000000000013a22                list_length
                0x0000000000013a50                list_insert
                0x0000000000013a84                list_item_next
 .text          0x0000000000013a9b      0x155 obj_cooja/mtype187.a(ringbuf.o)
                0x0000000000013a9b                ringbuf_init
                0x0000000000013acc                ringbuf_put
                0x0000000000013b4a                ringbuf_get
                0x0000000000013bb7                ringbuf_size
                0x0000000000013bc9                ringbuf_elements
 .text          0x0000000000013bf0     0x258b obj_cooja/mtype187.a(sicslowpan.o)
                0x000000000001417a                rime_sniffer_add
                0x0000000000014187                rime_sniffer_remove
                0x000000000001611a                sicslowpan_init
                0x0000000000016171                sicslowpan_get_last_rssi
 .text          0x000000000001617b      0x2dc obj_cooja/mtype187.a(uip-ds6-nbr.o)
                0x0000000000016198                uip_ds6_neighbors_init
                0x00000000000161b5                uip_ds6_nbr_add
                0x0000000000016266                uip_ds6_nbr_rm
                0x00000000000162c3                uip_ds6_nbr_get_ipaddr
                0x00000000000162d8                uip_ds6_nbr_get_ll
                0x00000000000162f4                uip_ds6_nbr_num
                0x0000000000016339                uip_ds6_nbr_lookup
                0x000000000001639e                uip_ds6_nbr_ll_lookup
                0x00000000000163ba                uip_ds6_nbr_ipaddr_from_lladdr
                0x00000000000163e0                uip_ds6_nbr_lladdr_from_ipaddr
                0x000000000001640e                uip_ds6_link_neighbor_callback
 .text          0x0000000000016457     0x12ad obj_cooja/mtype187.a(uip-ds6.o)
                0x0000000000016457                uip_ds6_init
                0x00000000000167ac                uip_ds6_periodic
                0x0000000000016884                uip_ds6_list_loop
                0x000000000001692b                uip_ds6_prefix_add
                0x00000000000169e9                uip_ds6_prefix_rm
                0x00000000000169fb                uip_ds6_prefix_lookup
                0x0000000000016a4c                uip_ds6_is_addr_onlink
                0x0000000000016ac0                uip_ds6_addr_add
                0x0000000000016bee                uip_ds6_long_addr_add
                0x0000000000016d1c                uip_ds6_addr_rm
                0x0000000000016dbc                uip_ds6_addr_lookup
                0x0000000000016e07                uip_ds6_long_addr_lookup
                0x0000000000016e52                uip_ds6_get_link_local
                0x0000000000016ed1                uip_ds6_long_get_link_local
                0x0000000000016f50                uip_ds6_get_global
                0x0000000000016fcf                uip_ds6_long_get_global
                0x000000000001704e                uip_ds6_maddr_add
                0x00000000000170c0                uip_ds6_long_maddr_add
                0x0000000000017132                uip_ds6_maddr_rm
                0x0000000000017144                uip_ds6_maddr_lookup
                0x000000000001718f                uip_ds6_long_maddr_lookup
                0x00000000000171da                uip_ds6_aaddr_add
                0x000000000001724c                uip_ds6_long_aaddr_add
                0x00000000000172be                uip_ds6_aaddr_rm
                0x00000000000172d0                uip_ds6_aaddr_lookup
                0x000000000001731b                uip_ds6_long_aaddr_lookup
                0x0000000000017366                uip_ds6_select_src
                0x00000000000175ef                uip_ds6_set_addr_iid
                0x0000000000017626                get_match_length
                0x00000000000176b8                uip_ds6_compute_reachable_time
 .text          0x0000000000017704     0x2a07 obj_cooja/mtype187.a(uip6.o)
                0x0000000000017704                uip_add32
                0x000000000001789d                uip_chksum
                0x000000000001798b                uip_icmp6chksum
                0x000000000001799f                uip_tcpchksum
                0x00000000000179b3                uip_udpchksum
                0x00000000000179c7                uip_init
                0x0000000000017a97                uip_connect
                0x0000000000017c46                remove_ext_hdr
                0x0000000000017d1b                uip_udp_new
                0x0000000000017e77                uip_unlisten
                0x0000000000017ed7                uip_listen
                0x0000000000018199                uip_process
                0x0000000000019fff                uip_htons
                0x000000000001a021                uip_htonl
                0x000000000001a061                uip_send
 .text          0x000000000001a10b      0xa53 obj_cooja/mtype187.a(tcpip.o)
                0x000000000001a10b                tcpip_output
                0x000000000001a146                tcpip_set_outputfunc
                0x000000000001a1da                tcp_connect
                0x000000000001a22f                tcp_unlisten
                0x000000000001a28a                tcp_listen
                0x000000000001a2e3                tcp_attach
                0x000000000001a308                udp_attach
                0x000000000001a32d                udp_new
                0x000000000001a37f                udp_broadcast_new
                0x000000000001a5f3                tcpip_input
                0x000000000001a627                tcpip_ipv6_output
                0x000000000001a99a                tcpip_poll_udp
                0x000000000001a9bd                tcpip_poll_tcp
                0x000000000001a9e0                tcpip_uipcall
 .text          0x000000000001ab5e      0x1c1 obj_cooja/mtype187.a(uip-debug.o)
                0x000000000001ab5e                uip_debug_ipaddr_print
                0x000000000001acc0                uip_debug_lladdr_print
 .text          0x000000000001ad1f      0x141 obj_cooja/mtype187.a(uip-packetqueue)
                0x000000000001ad4b                uip_packetqueue_new
                0x000000000001ad59                uip_packetqueue_alloc
                0x000000000001adb9                uip_packetqueue_free
                0x000000000001adfa                uip_packetqueue_buf
                0x000000000001ae17                uip_packetqueue_buflen
                0x000000000001ae38                uip_packetqueue_set_buflen
 .text          0x000000000001ae60     0x25ed obj_cooja/mtype187.a(rpl-dag.o)
                0x000000000001ae60                rpl_print_neighbor_list
                0x000000000001af09                rpl_print_child_neighbor_list
                0x000000000001af7e                rpl_get_nbr
                0x000000000001afd8                rpl_get_nbr_child
                0x000000000001b032                rpl_dag_init
                0x000000000001b064                rpl_get_parent
                0x000000000001b086                rpl_get_parent_rank
                0x000000000001b0b9                rpl_get_parent_link_metric
                0x000000000001b0ec                rpl_get_parent_ipaddr
                0x000000000001b116                rpl_get_child_ipaddr
                0x000000000001b431                rpl_set_root
                0x000000000001b65f                rpl_repair_root
                0x000000000001b89b                rpl_set_prefix
                0x000000000001b99a                rpl_set_default_route
                0x000000000001ba26                rpl_alloc_instance
                0x000000000001baae                rpl_alloc_dag
                0x000000000001bb61                rpl_set_default_instance
                0x000000000001bb6e                rpl_get_default_instance
                0x000000000001bb78                rpl_free_instance
                0x000000000001bc19                rpl_free_dag
                0x000000000001bc7f                rpl_add_parent
                0x000000000001bd68                rpl_find_parent
                0x000000000001bd98                rpl_add_child
                0x000000000001be3c                rpl_find_child
                0x000000000001be8a                rpl_find_parent_any_dag
                0x000000000001bec6                rpl_select_dag
                0x000000000001c2f6                rpl_select_parent
                0x000000000001c358                rpl_remove_parent
                0x000000000001c38e                rpl_remove_child
                0x000000000001c3aa                rpl_nullify_parent
                0x000000000001c448                rpl_move_parent
                0x000000000001c4e5                rpl_has_downward_route
                0x000000000001c538                rpl_get_any_dag
                0x000000000001c59a                rpl_get_instance
                0x000000000001c5fd                rpl_find_of
                0x000000000001c63a                rpl_join_instance
                0x000000000001c8d6                rpl_add_dag
                0x000000000001ccc5                rpl_local_repair
                0x000000000001cd9e                rpl_recalculate_ranks
                0x000000000001ce24                rpl_process_parent_event
                0x000000000001ced6                rpl_process_dio
 .text          0x000000000001d44d      0xbf3 obj_cooja/mtype187.a(rpl-ext-header.)
                0x000000000001d46a                rpl_verify_header
                0x000000000001d8e4                rpl_update_header_empty
                0x000000000001dbfb                rpl_update_header_final
                0x000000000001dd8a                rpl_remove_header
                0x000000000001de94                rpl_invert_header
                0x000000000001e01e                rpl_insert_header
 .text          0x000000000001e040     0x22fb obj_cooja/mtype187.a(rpl-icmp6.o)
                0x000000000001e309                rpl_icmp6_update_nbr_table
                0x000000000001e3f9                dis_output
                0x000000000001ed31                dio_output
                0x000000000001fea6                dao_output
                0x000000000001ff6e                dao_output_target
                0x00000000000202ef                dao_ack_output
                0x0000000000020303                rpl_icmp6_register_handlers
 .text          0x000000000002033b      0x3df obj_cooja/mtype187.a(rpl-ltmax.o)
 .text          0x000000000002071a      0x59d obj_cooja/mtype187.a(rpl-timers.o)
                0x0000000000020960                rpl_reset_periodic_timer
                0x00000000000209b5                rpl_reset_dio_timer
                0x0000000000020bef                rpl_schedule_dao
                0x0000000000020c0a                rpl_schedule_dao_immediately
                0x0000000000020c25                rpl_cancel_dao
                0x0000000000020c87                rpl_schedule_unicast_dio_immediately
 .text          0x0000000000020cb7      0x5c5 obj_cooja/mtype187.a(rpl.o)
                0x0000000000020cb7                rpl_get_mode
                0x0000000000020cc1                rpl_set_mode
                0x0000000000020d4f                rpl_purge_routes
                0x0000000000020e49                rpl_remove_routes
                0x0000000000020e8f                rpl_remove_routes_by_nexthop
                0x0000000000020efb                rpl_add_route
                0x0000000000020f76                rpl_link_neighbor_callback
                0x000000000002107b                rpl_ipv6_neighbor_callback
                0x00000000000210ea                rpl_purge_dags
                0x00000000000211f6                rpl_init
 .text          0x000000000002127c      0x8c3 obj_cooja/mtype187.a(csma.o)
 .text          0x0000000000021b3f      0x3f5 obj_cooja/mtype187.a(framer-802154.o)
 .text          0x0000000000021f34       0x3c obj_cooja/mtype187.a(mac.o)
                0x0000000000021f34                mac_call_sent_callback
 .text          0x0000000000021f70     0x104e obj_cooja/mtype187.a(cxmac.o)
                0x0000000000022f0e                cxmac_set_announcement_radio_txpower
                0x0000000000022f13                cxmac_init
 .text          0x0000000000022fbe       0x82 obj_cooja/mtype187.a(linkaddr.o)
                0x0000000000022fbe                linkaddr_copy
                0x0000000000022fe0                linkaddr_cmp
                0x000000000002300a                linkaddr_set_node_addr
                0x0000000000023025                linkaddr_set_node_long_addr
 .text          0x0000000000023040      0x915 obj_cooja/mtype187.a(nbr-table.o)
                0x0000000000023040                long_ip_from_lladdr_map
                0x00000000000230c9                lladdr_map_add_lr
                0x0000000000023186                lladdr_map_rm_lr
                0x000000000002364b                nbr_table_register
                0x0000000000023693                nbr_table_head
                0x00000000000236ef                nbr_table_next
                0x0000000000023756                nbr_table_add_lladdr
                0x0000000000023832                nbr_table_get_from_lladdr
                0x000000000002387f                nbr_table_remove
                0x00000000000238d1                nbr_table_lock
                0x00000000000238fb                nbr_table_unlock
                0x0000000000023925                nbr_table_get_lladdr
 .text          0x0000000000023955       0x2b obj_cooja/mtype187.a(netstack.o)
                0x0000000000023955                netstack_init
 .text          0x0000000000023980      0x3cd obj_cooja/mtype187.a(packetbuf.o)
                0x0000000000023980                packetbuf_clear
                0x00000000000239aa                packetbuf_copyfrom
                0x00000000000239fc                packetbuf_compact
                0x0000000000023a79                packetbuf_copyto
                0x0000000000023b10                packetbuf_hdralloc
                0x0000000000023b8d                packetbuf_hdrreduce
                0x0000000000023bd5                packetbuf_set_datalen
                0x0000000000023bee                packetbuf_dataptr
                0x0000000000023c0b                packetbuf_hdrptr
                0x0000000000023c15                packetbuf_datalen
                0x0000000000023c21                packetbuf_hdrlen
                0x0000000000023c38                packetbuf_totlen
                0x0000000000023c4e                packetbuf_attr_clear
                0x0000000000023ca0                packetbuf_attr_copyto
                0x0000000000023ce9                packetbuf_attr_copyfrom
                0x0000000000023d31                packetbuf_holds_broadcast
 .text          0x0000000000023d4d      0x2b4 obj_cooja/mtype187.a(queuebuf.o)
                0x0000000000023d57                queuebuf_init
                0x0000000000023d77                queuebuf_numfree
                0x0000000000023d8b                queuebuf_new_from_packetbuf
                0x0000000000023e1b                queuebuf_update_attr_from_packetbuf
                0x0000000000023e4e                queuebuf_update_from_packetbuf
                0x0000000000023e98                queuebuf_free
                0x0000000000023edf                queuebuf_to_packetbuf
                0x0000000000023f45                queuebuf_dataptr
                0x0000000000023f7c                queuebuf_datalen
                0x0000000000023f9f                queuebuf_addr
                0x0000000000023fd1                queuebuf_attr
                0x0000000000023ffc                queuebuf_debug_print
 .text          0x0000000000024001       0x6e obj_cooja/mtype187.a(nullsec.o)
 .text          0x000000000002406f       0x19 obj_cooja/mtype187.a(watchdog.o)
                0x000000000002406f                watchdog_init
                0x0000000000024074                watchdog_start
                0x0000000000024079                watchdog_periodic
                0x000000000002407e                watchdog_stop
                0x0000000000024083                watchdog_reboot
 .text          0x0000000000024088        0x0 obj_cooja/mtype187.a(rimestats.o)
 .text          0x0000000000024088       0xa3 obj_cooja/mtype187.a(stimer.o)
                0x0000000000024088                stimer_set
                0x00000000000240a3                stimer_reset
                0x00000000000240ba                stimer_restart
                0x00000000000240cc                stimer_expired
                0x00000000000240f3                stimer_remaining
                0x0000000000024117                stimer_elapsed
 .text          0x000000000002412b      0x1c1 obj_cooja/mtype187.a(memb.o)
                0x000000000002412b                memb_init
                0x0000000000024189                memb_alloc
                0x00000000000241ee                memb_free
                0x0000000000024269                memb_inmemb
                0x00000000000242a8                memb_numfree
 .text          0x00000000000242ec      0x916 obj_cooja/mtype187.a(uip-ds6-route.o)
                0x0000000000024363                uip_ds6_notification_add
                0x0000000000024394                uip_ds6_notification_rm
                0x00000000000243b0                uip_ds6_route_init
                0x0000000000024438                uip_ds6_route_nexthop
                0x0000000000024460                uip_ds6_route_head
                0x0000000000024475                uip_ds6_route_next
                0x000000000002449b                uip_ds6_route_is_nexthop
                0x00000000000244da                uip_ds6_route_num_routes
                0x00000000000244e4                uip_ds6_route_lookup
                0x00000000000245a6                uip_ds6_route_add
                0x00000000000247da                uip_ds6_route_rm
                0x000000000002496e                uip_ds6_route_rm_by_nexthop
                0x00000000000249a6                uip_ds6_defrt_add
                0x0000000000024a57                uip_ds6_defrt_rm
                0x0000000000024ad6                uip_ds6_defrt_lookup
                0x0000000000024b2f                uip_ds6_defrt_choose
                0x0000000000024b9a                uip_ds6_defrt_periodic
 .text          0x0000000000024c02      0xabf obj_cooja/mtype187.a(uip-icmp6.o)
                0x0000000000024c70                uip_icmp6_input
                0x0000000000024cc6                uip_icmp6_register_input_handler
                0x0000000000024f8e                uip_icmp6_error_output
                0x00000000000252d3                uip_icmp6_send
                0x0000000000025654                uip_icmp6_echo_reply_callback_add
                0x0000000000025685                uip_icmp6_echo_reply_callback_rm
                0x00000000000256a1                uip_icmp6_init
 .text          0x00000000000256c1      0x358 obj_cooja/mtype187.a(uip-nd6.o)
                0x0000000000025715                uip_nd6_ns_output
                0x0000000000025a14                uip_nd6_init
 .text          0x0000000000025a19      0x331 obj_cooja/mtype187.a(rpl-nbr-policy.)
                0x0000000000025bf1                find_removable_dis
                0x0000000000025c14                find_removable_dio
                0x0000000000025ca3                find_removable_dao
                0x0000000000025cf3                rpl_nbr_policy_find_removable
 .text          0x0000000000025d4a      0x97c obj_cooja/mtype187.a(frame802154.o)
                0x0000000000025d7b                frame802154_get_pan_id
                0x0000000000025d87                frame802154_set_pan_id
                0x0000000000025da0                frame802154_has_panid
                0x0000000000025e8c                frame802154_check_dest_panid
                0x0000000000025ef4                frame802154_is_broadcast_addr
                0x0000000000025f41                frame802154_extract_linkaddr
                0x0000000000026181                frame802154_hdrlen
                0x00000000000261d2                frame802154_create
                0x00000000000263bd                frame802154_parse
 .text          0x00000000000266c6        0x0 /usr/lib/gcc/i686-linux-gnu/4.8/crtendS.o
 .text          0x00000000000266c6        0x0 /usr/lib/gcc/i686-linux-gnu/4.8/../../../i386-linux-gnu/crtn.o
 *(.gnu.warning)

.fini           0x00000000000266c8       0x14
 *(SORT(.fini))
 .fini          0x00000000000266c8        0xf /usr/lib/gcc/i686-linux-gnu/4.8/../../../i386-linux-gnu/crti.o
                0x00000000000266c8                _fini
 .fini          0x00000000000266d7        0x5 /usr/lib/gcc/i686-linux-gnu/4.8/../../../i386-linux-gnu/crtn.o
                0x00000000000266dc                PROVIDE (__etext, .)
                0x00000000000266dc                PROVIDE (_etext, .)
                0x00000000000266dc                PROVIDE (etext, .)

.rodata         0x00000000000266e0      0x8a0
 *(.rodata .rodata.* .gnu.linkonce.r.*)
 .rodata        0x00000000000266e0      0x148 udp-server.co
                0x00000000000266f4                autostart_processes
 .rodata        0x0000000000026828      0x1e6 obj_cooja/mtype187.o
 *fill*         0x0000000000026a0e        0x2 
 .rodata        0x0000000000026a10        0x8 obj_cooja/mtype187.a(beep.o)
                0x0000000000026a10                beep_interface
 .rodata        0x0000000000026a18       0x20 obj_cooja/mtype187.a(button-sensor.o)
                0x0000000000026a18                button_interface
                0x0000000000026a28                button_sensor
 .rodata        0x0000000000026a38        0x8 obj_cooja/mtype187.a(leds-arch.o)
                0x0000000000026a38                leds_interface
 .rodata        0x0000000000026a40        0x8 obj_cooja/mtype187.a(moteid.o)
                0x0000000000026a40                moteid_interface
 .rodata        0x0000000000026a48       0x1c obj_cooja/mtype187.a(pir-sensor.o)
                0x0000000000026a48                pir_interface
                0x0000000000026a54                pir_sensor
 .rodata        0x0000000000026a64        0xe obj_cooja/mtype187.a(rs232.o)
                0x0000000000026a64                rs232_interface
 *fill*         0x0000000000026a72        0x2 
 .rodata        0x0000000000026a74       0x24 obj_cooja/mtype187.a(vib-sensor.o)
                0x0000000000026a74                vib_interface
                0x0000000000026a88                vib_sensor
 .rodata        0x0000000000026a98        0x8 obj_cooja/mtype187.a(clock.o)
                0x0000000000026a98                clock_interface
 .rodata        0x0000000000026aa0        0x8 obj_cooja/mtype187.a(log.o)
                0x0000000000026aa0                simlog_interface
 .rodata        0x0000000000026aa8       0x2f obj_cooja/mtype187.a(cfs-cooja.o)
                0x0000000000026aa8                cfs_interface
 *fill*         0x0000000000026ad7        0x9 
 .rodata        0x0000000000026ae0       0x60 obj_cooja/mtype187.a(cooja-radio.o)
                0x0000000000026b00                cooja_radio_driver
                0x0000000000026b38                radio_interface
 .rodata        0x0000000000026b40        0x8 obj_cooja/mtype187.a(eeprom.o)
                0x0000000000026b40                eeprom_interface
 .rodata        0x0000000000026b48        0x8 obj_cooja/mtype187.a(sensors.o)
 .rodata        0x0000000000026b50       0x1c obj_cooja/mtype187.a(dual_conf.o)
 .rodata        0x0000000000026b6c        0xf obj_cooja/mtype187.a(ctimer.o)
 .rodata        0x0000000000026b7b        0xc obj_cooja/mtype187.a(etimer.o)
 *fill*         0x0000000000026b87        0x1 
 .rodata        0x0000000000026b88      0x171 obj_cooja/mtype187.a(log_message.o)
 *fill*         0x0000000000026cf9        0x3 
 .rodata        0x0000000000026cfc       0x20 obj_cooja/mtype187.a(residual.o)
                0x0000000000026cfc                DISSIPATION_RATE
 .rodata        0x0000000000026d1c        0xe obj_cooja/mtype187.a(serial-line.o)
 *fill*         0x0000000000026d2a        0x2 
 .rodata        0x0000000000026d2c       0x2c obj_cooja/mtype187.a(sicslowpan.o)
                0x0000000000026d2c                unc_llconf
                0x0000000000026d30                unc_ctxconf
                0x0000000000026d34                unc_mxconf
                0x0000000000026d38                llprefix
                0x0000000000026d4c                sicslowpan_driver
 .rodata        0x0000000000026d58      0x13c obj_cooja/mtype187.a(uip6.o)
 .rodata        0x0000000000026e94        0xd obj_cooja/mtype187.a(tcpip.o)
 .rodata        0x0000000000026ea1       0x3e obj_cooja/mtype187.a(uip-debug.o)
 *fill*         0x0000000000026edf        0x1 
 .rodata        0x0000000000026ee0        0x4 obj_cooja/mtype187.a(rpl-dag.o)
 .rodata        0x0000000000026ee4       0x24 obj_cooja/mtype187.a(csma.o)
                0x0000000000026eec                csma_driver
 .rodata        0x0000000000026f08        0xc obj_cooja/mtype187.a(framer-802154.o)
                0x0000000000026f08                framer_802154
 *fill*         0x0000000000026f14        0xc 
 .rodata        0x0000000000026f20       0x40 obj_cooja/mtype187.a(cxmac.o)
                0x0000000000026f40                cxmac_driver
 .rodata        0x0000000000026f60        0x8 obj_cooja/mtype187.a(linkaddr.o)
                0x0000000000026f60                linkaddr_null
 .rodata        0x0000000000026f68       0x18 obj_cooja/mtype187.a(nullsec.o)
                0x0000000000026f70                nullsec_driver

.rodata1
 *(.rodata1)

.eh_frame_hdr   0x0000000000026f80     0x13f4
 *(.eh_frame_hdr)
 .eh_frame_hdr  0x0000000000026f80     0x13f4 udp-server.co

.eh_frame       0x0000000000028374     0x5130
 *(.eh_frame)
 .eh_frame      0x0000000000028374       0x3c /usr/lib/gcc/i686-linux-gnu/4.8/../../../i386-linux-gnu/crti.o
                                         0x40 (size before relaxing)
 .eh_frame      0x00000000000283b0       0x68 udp-server.co
                                         0x80 (size before relaxing)
 .eh_frame      0x0000000000028418      0x148 obj_cooja/mtype187.o
                                        0x160 (size before relaxing)
 .eh_frame      0x0000000000028560       0x40 obj_cooja/mtype187.a(simEnvChange.o)
                                         0x58 (size before relaxing)
 .eh_frame      0x00000000000285a0       0xc0 obj_cooja/mtype187.a(cooja_mt.o)
                                         0xd8 (size before relaxing)
 .eh_frame      0x0000000000028660      0x120 obj_cooja/mtype187.a(cooja_mtarch.o)
                                        0x138 (size before relaxing)
 .eh_frame      0x0000000000028780       0xc0 obj_cooja/mtype187.a(rtimer-arch.o)
                                         0xd8 (size before relaxing)
 .eh_frame      0x0000000000028840      0x160 obj_cooja/mtype187.a(beep.o)
                                        0x178 (size before relaxing)
 .eh_frame      0x00000000000289a0       0xa0 obj_cooja/mtype187.a(button-sensor.o)
                                         0xb8 (size before relaxing)
 .eh_frame      0x0000000000028a40       0xa0 obj_cooja/mtype187.a(leds-arch.o)
                                         0xb8 (size before relaxing)
 .eh_frame      0x0000000000028ae0       0x40 obj_cooja/mtype187.a(moteid.o)
                                         0x58 (size before relaxing)
 .eh_frame      0x0000000000028b20       0xa0 obj_cooja/mtype187.a(pir-sensor.o)
                                         0xb8 (size before relaxing)
 .eh_frame      0x0000000000028bc0      0x100 obj_cooja/mtype187.a(rs232.o)
                                        0x118 (size before relaxing)
 .eh_frame      0x0000000000028cc0       0xa0 obj_cooja/mtype187.a(vib-sensor.o)
                                         0xb8 (size before relaxing)
 .eh_frame      0x0000000000028d60       0xc0 obj_cooja/mtype187.a(clock.o)
                                         0xd8 (size before relaxing)
 .eh_frame      0x0000000000028e20      0x120 obj_cooja/mtype187.a(log.o)
                                        0x138 (size before relaxing)
 .eh_frame      0x0000000000028f40      0x160 obj_cooja/mtype187.a(cfs-cooja.o)
                                        0x178 (size before relaxing)
 .eh_frame      0x00000000000290a0      0x2e0 obj_cooja/mtype187.a(cooja-radio.o)
                                        0x2f8 (size before relaxing)
 .eh_frame      0x0000000000029380       0xa0 obj_cooja/mtype187.a(eeprom.o)
                                         0xb8 (size before relaxing)
 .eh_frame      0x0000000000029420       0x40 obj_cooja/mtype187.a(random.o)
                                         0x58 (size before relaxing)
 .eh_frame      0x0000000000029460       0xc0 obj_cooja/mtype187.a(sensors.o)
                                         0xd8 (size before relaxing)
 .eh_frame      0x0000000000029520      0x100 obj_cooja/mtype187.a(leds.o)
                                        0x118 (size before relaxing)
 .eh_frame      0x0000000000029620      0x160 obj_cooja/mtype187.a(dual_conf.o)
                                        0x178 (size before relaxing)
 .eh_frame      0x0000000000029780       0x40 obj_cooja/mtype187.a(autostart.o)
                                         0x58 (size before relaxing)
 .eh_frame      0x00000000000297c0      0x100 obj_cooja/mtype187.a(ctimer.o)
                                        0x118 (size before relaxing)
 .eh_frame      0x00000000000298c0      0x1e0 obj_cooja/mtype187.a(etimer.o)
                                        0x1f8 (size before relaxing)
 .eh_frame      0x0000000000029aa0       0x50 obj_cooja/mtype187.a(log_message.o)
                                         0x68 (size before relaxing)
 .eh_frame      0x0000000000029af0      0x1c8 obj_cooja/mtype187.a(process.o)
                                        0x1e0 (size before relaxing)
 .eh_frame      0x0000000000029cb8       0x2c obj_cooja/mtype187.a(residual.o)
                                         0x44 (size before relaxing)
 .eh_frame      0x0000000000029ce4       0x60 obj_cooja/mtype187.a(rtimer.o)
                                         0x78 (size before relaxing)
 .eh_frame      0x0000000000029d44       0xa4 obj_cooja/mtype187.a(timer.o)
                                         0xbc (size before relaxing)
 .eh_frame      0x0000000000029de8       0x60 obj_cooja/mtype187.a(serial-line.o)
                                         0x78 (size before relaxing)
 .eh_frame      0x0000000000029e48      0x180 obj_cooja/mtype187.a(list.o)
                                        0x198 (size before relaxing)
 .eh_frame      0x0000000000029fc8       0xa0 obj_cooja/mtype187.a(ringbuf.o)
                                         0xb8 (size before relaxing)
 .eh_frame      0x000000000002a068      0x350 obj_cooja/mtype187.a(sicslowpan.o)
                                        0x368 (size before relaxing)
 .eh_frame      0x000000000002a3b8      0x180 obj_cooja/mtype187.a(uip-ds6-nbr.o)
                                        0x198 (size before relaxing)
 .eh_frame      0x000000000002a538      0x3c8 obj_cooja/mtype187.a(uip-ds6.o)
                                        0x3e0 (size before relaxing)
 .eh_frame      0x000000000002a900      0x27c obj_cooja/mtype187.a(uip6.o)
                                        0x294 (size before relaxing)
 .eh_frame      0x000000000002ab7c      0x270 obj_cooja/mtype187.a(tcpip.o)
                                        0x288 (size before relaxing)
 .eh_frame      0x000000000002adec       0x48 obj_cooja/mtype187.a(uip-debug.o)
                                         0x60 (size before relaxing)
 .eh_frame      0x000000000002ae34       0xe0 obj_cooja/mtype187.a(uip-packetqueue)
                                         0xf8 (size before relaxing)
 .eh_frame      0x000000000002af14      0x74c obj_cooja/mtype187.a(rpl-dag.o)
                                        0x764 (size before relaxing)
 .eh_frame      0x000000000002b660      0x10c obj_cooja/mtype187.a(rpl-ext-header.)
                                        0x124 (size before relaxing)
 .eh_frame      0x000000000002b76c      0x2b8 obj_cooja/mtype187.a(rpl-icmp6.o)
                                        0x2d0 (size before relaxing)
 .eh_frame      0x000000000002ba24       0xe0 obj_cooja/mtype187.a(rpl-ltmax.o)
                                         0xf8 (size before relaxing)
 .eh_frame      0x000000000002bb04      0x1ac obj_cooja/mtype187.a(rpl-timers.o)
                                        0x1c4 (size before relaxing)
 .eh_frame      0x000000000002bcb0      0x148 obj_cooja/mtype187.a(rpl.o)
                                        0x160 (size before relaxing)
 .eh_frame      0x000000000002bdf8      0x28c obj_cooja/mtype187.a(csma.o)
                                        0x2a4 (size before relaxing)
 .eh_frame      0x000000000002c084      0x108 obj_cooja/mtype187.a(framer-802154.o)
                                        0x120 (size before relaxing)
 .eh_frame      0x000000000002c18c       0x20 obj_cooja/mtype187.a(mac.o)
                                         0x38 (size before relaxing)
 .eh_frame      0x000000000002c1ac      0x2bc obj_cooja/mtype187.a(cxmac.o)
                                        0x2d4 (size before relaxing)
 .eh_frame      0x000000000002c468       0x80 obj_cooja/mtype187.a(linkaddr.o)
                                         0x98 (size before relaxing)
 .eh_frame      0x000000000002c4e8      0x2cc obj_cooja/mtype187.a(nbr-table.o)
                                        0x2e4 (size before relaxing)
 .eh_frame      0x000000000002c7b4       0x20 obj_cooja/mtype187.a(netstack.o)
                                         0x38 (size before relaxing)
 .eh_frame      0x000000000002c7d4      0x214 obj_cooja/mtype187.a(packetbuf.o)
                                        0x22c (size before relaxing)
 .eh_frame      0x000000000002c9e8      0x1a0 obj_cooja/mtype187.a(queuebuf.o)
                                        0x1b8 (size before relaxing)
 .eh_frame      0x000000000002cb88       0x80 obj_cooja/mtype187.a(nullsec.o)
                                         0x98 (size before relaxing)
 .eh_frame      0x000000000002cc08       0xa0 obj_cooja/mtype187.a(watchdog.o)
                                         0xb8 (size before relaxing)
 .eh_frame      0x000000000002cca8       0xc4 obj_cooja/mtype187.a(stimer.o)
                                         0xdc (size before relaxing)
 .eh_frame      0x000000000002cd6c       0xa0 obj_cooja/mtype187.a(memb.o)
                                         0xb8 (size before relaxing)
 .eh_frame      0x000000000002ce0c      0x2a0 obj_cooja/mtype187.a(uip-ds6-route.o)
                                        0x2b8 (size before relaxing)
 .eh_frame      0x000000000002d0ac      0x168 obj_cooja/mtype187.a(uip-icmp6.o)
                                        0x180 (size before relaxing)
 .eh_frame      0x000000000002d214       0x68 obj_cooja/mtype187.a(uip-nd6.o)
                                         0x80 (size before relaxing)
 .eh_frame      0x000000000002d27c       0xc0 obj_cooja/mtype187.a(rpl-nbr-policy.)
                                         0xd8 (size before relaxing)
 .eh_frame      0x000000000002d33c      0x164 obj_cooja/mtype187.a(frame802154.o)
                                        0x17c (size before relaxing)
 .eh_frame      0x000000000002d4a0        0x4 /usr/lib/gcc/i686-linux-gnu/4.8/crtendS.o

.gcc_except_table
 *(.gcc_except_table .gcc_except_table.*)

.exception_ranges
 *(.exception_ranges .exception_ranges*)
                0x000000000002d4a4                . = (ALIGN (0x1000) - ((0x1000 - .) & 0xfff))
                0x000000000002eef8                . = DATA_SEGMENT_ALIGN (0x1000, 0x1000)

.eh_frame
 *(.eh_frame)

.gcc_except_table
 *(.gcc_except_table .gcc_except_table.*)

.exception_ranges
 *(.exception_ranges .exception_ranges*)

.tdata
 *(.tdata .tdata.* .gnu.linkonce.td.*)

.tbss
 *(.tbss .tbss.* .gnu.linkonce.tb.*)
 *(.tcommon)

.preinit_array
 *(.preinit_array)

.init_array     0x000000000002eef8        0x4
 *(SORT(.init_array.*) SORT(.ctors.*))
 *(.init_array EXCLUDE_FILE(*crtend?.o *crtend.o *crtbegin?.o *crtbegin.o) .ctors)
 .init_array    0x000000000002eef8        0x4 /usr/lib/gcc/i686-linux-gnu/4.8/crtbeginS.o

.fini_array     0x000000000002eefc        0x4
 *(SORT(.fini_array.*) SORT(.dtors.*))
 *(.fini_array EXCLUDE_FILE(*crtend?.o *crtend.o *crtbegin?.o *crtbegin.o) .dtors)
 .fini_array    0x000000000002eefc        0x4 /usr/lib/gcc/i686-linux-gnu/4.8/crtbeginS.o

.ctors
 *crtbegin.o(.ctors)
 *crtbegin?.o(.ctors)
 *(EXCLUDE_FILE(*crtend?.o *crtend.o) .ctors)
 *(SORT(.ctors.*))
 *(.ctors)

.dtors
 *crtbegin.o(.dtors)
 *crtbegin?.o(.dtors)
 *(EXCLUDE_FILE(*crtend?.o *crtend.o) .dtors)
 *(SORT(.dtors.*))
 *(.dtors)

.jcr            0x000000000002ef00        0x4
 *(.jcr)
 .jcr           0x000000000002ef00        0x0 /usr/lib/gcc/i686-linux-gnu/4.8/crtbeginS.o
 .jcr           0x000000000002ef00        0x4 /usr/lib/gcc/i686-linux-gnu/4.8/crtendS.o

.data.rel.ro
 *(.data.rel.ro.local* .gnu.linkonce.d.rel.ro.local.*)
 *(.data.rel.ro .data.rel.ro.* .gnu.linkonce.d.rel.ro.*)

.dynamic        0x000000000002ef04       0xe8
 *(.dynamic)
 .dynamic       0x000000000002ef04       0xe8 /usr/lib/gcc/i686-linux-gnu/4.8/../../../i386-linux-gnu/crti.o
                0x000000000002ef04                _DYNAMIC

.got            0x000000000002efec       0x14
 *(.got)
 .got           0x000000000002efec       0x14 /usr/lib/gcc/i686-linux-gnu/4.8/../../../i386-linux-gnu/crti.o
 *(.igot)
                0x000000000002fff4                . = DATA_SEGMENT_RELRO_END (., (SIZEOF (.got.plt) >= 0xc)?0xc:0x0)

.got.plt        0x000000000002f000       0x14
 *(.got.plt)
 .got.plt       0x000000000002f000       0x14 /usr/lib/gcc/i686-linux-gnu/4.8/../../../i386-linux-gnu/crti.o
                0x000000000002f000                _GLOBAL_OFFSET_TABLE_
 *(.igot.plt)

.data           0x000000000002f020      0x2a2
 *(.data .data.* .gnu.linkonce.d.*)
 .data          0x000000000002f020        0x0 /usr/lib/gcc/i686-linux-gnu/4.8/../../../i386-linux-gnu/crti.o
 .data          0x000000000002f020        0x0 /usr/lib/gcc/i686-linux-gnu/4.8/crtbeginS.o
 .data.rel      0x000000000002f020        0x4 /usr/lib/gcc/i686-linux-gnu/4.8/crtbeginS.o
                0x000000000002f020                __dso_handle
 .data          0x000000000002f024       0x10 udp-server.co
                0x000000000002f024                udp_server_process
 *fill*         0x000000000002f034        0xc 
 .data          0x000000000002f040       0x44 obj_cooja/mtype187.o
                0x000000000002f040                simInterfaces
                0x000000000002f074                sensors
 .data          0x000000000002f084        0x0 obj_cooja/mtype187.a(simEnvChange.o)
 .data          0x000000000002f084        0x0 obj_cooja/mtype187.a(cooja_mt.o)
 .data          0x000000000002f084        0x0 obj_cooja/mtype187.a(cooja_mtarch.o)
 .data          0x000000000002f084        0x0 obj_cooja/mtype187.a(rtimer-arch.o)
 .data          0x000000000002f084        0x0 obj_cooja/mtype187.a(beep.o)
 .data          0x000000000002f084        0x0 obj_cooja/mtype187.a(button-sensor.o)
 .data          0x000000000002f084        0x0 obj_cooja/mtype187.a(leds-arch.o)
 .data          0x000000000002f084        0x0 obj_cooja/mtype187.a(moteid.o)
 .data          0x000000000002f084        0x0 obj_cooja/mtype187.a(pir-sensor.o)
 .data          0x000000000002f084        0x0 obj_cooja/mtype187.a(rs232.o)
 .data          0x000000000002f084        0x0 obj_cooja/mtype187.a(vib-sensor.o)
 .data          0x000000000002f084        0x0 obj_cooja/mtype187.a(clock.o)
 .data          0x000000000002f084        0x0 obj_cooja/mtype187.a(log.o)
 .data          0x000000000002f084        0x0 obj_cooja/mtype187.a(cfs-cooja.o)
 .data          0x000000000002f084       0x40 obj_cooja/mtype187.a(cooja-radio.o)
                0x000000000002f084                simRadioChannelLR
                0x000000000002f088                simRadioHWOnLR
                0x000000000002f08c                simSignalStrengthLR
                0x000000000002f090                simLastSignalStrengthLR
                0x000000000002f094                simPowerLR
                0x000000000002f098                simLQILR
                0x000000000002f09c                simRadioChannel
                0x000000000002f0a0                simRadioHWOn
                0x000000000002f0a4                simSignalStrength
                0x000000000002f0a8                simLastSignalStrength
                0x000000000002f0ac                simPower
                0x000000000002f0b0                simLQI
                0x000000000002f0b4                cooja_radio_process
 .data          0x000000000002f0c4        0x0 obj_cooja/mtype187.a(eeprom.o)
 .data          0x000000000002f0c4        0x0 obj_cooja/mtype187.a(random.o)
 .data          0x000000000002f0c4       0x10 obj_cooja/mtype187.a(sensors.o)
                0x000000000002f0c4                sensors_process
 .data          0x000000000002f0d4        0x0 obj_cooja/mtype187.a(leds.o)
 .data          0x000000000002f0d4       0x28 obj_cooja/mtype187.a(dual_conf.o)
                0x000000000002f0d4                radio_received
                0x000000000002f0d8                dual_dio_broadcast
                0x000000000002f0e8                dual_dis_broadcast
 .data          0x000000000002f0fc        0x0 obj_cooja/mtype187.a(autostart.o)
 .data          0x000000000002f0fc       0x14 obj_cooja/mtype187.a(ctimer.o)
                0x000000000002f100                ctimer_process
 .data          0x000000000002f110       0x10 obj_cooja/mtype187.a(etimer.o)
                0x000000000002f110                etimer_process
 .data          0x000000000002f120        0x0 obj_cooja/mtype187.a(log_message.o)
 .data          0x000000000002f120        0x0 obj_cooja/mtype187.a(process.o)
 .data          0x000000000002f120        0x0 obj_cooja/mtype187.a(residual.o)
 .data          0x000000000002f120        0x0 obj_cooja/mtype187.a(rtimer.o)
 .data          0x000000000002f120        0x0 obj_cooja/mtype187.a(timer.o)
 .data          0x000000000002f120       0x10 obj_cooja/mtype187.a(serial-line.o)
                0x000000000002f120                serial_line_process
 .data          0x000000000002f130        0x0 obj_cooja/mtype187.a(list.o)
 .data          0x000000000002f130        0x0 obj_cooja/mtype187.a(ringbuf.o)
 .data          0x000000000002f130        0x0 obj_cooja/mtype187.a(sicslowpan.o)
 .data          0x000000000002f130       0x14 obj_cooja/mtype187.a(uip-ds6-nbr.o)
                0x000000000002f140                ds6_neighbors
 .data          0x000000000002f144        0x0 obj_cooja/mtype187.a(uip-ds6.o)
 .data          0x000000000002f144        0x0 obj_cooja/mtype187.a(uip6.o)
 .data          0x000000000002f144       0x10 obj_cooja/mtype187.a(tcpip.o)
                0x000000000002f144                tcpip_process
 .data          0x000000000002f154        0x0 obj_cooja/mtype187.a(uip-debug.o)
 .data          0x000000000002f154        0xc obj_cooja/mtype187.a(uip-packetqueue)
 .data          0x000000000002f160       0x28 obj_cooja/mtype187.a(rpl-dag.o)
                0x000000000002f170                rpl_parents
                0x000000000002f184                rpl_children
 .data          0x000000000002f188        0x0 obj_cooja/mtype187.a(rpl-ext-header.)
 .data          0x000000000002f188       0x34 obj_cooja/mtype187.a(rpl-icmp6.o)
 .data          0x000000000002f1bc       0x1c obj_cooja/mtype187.a(rpl-ltmax.o)
                0x000000000002f1bc                rpl_ltmax_of
 .data          0x000000000002f1d8        0x0 obj_cooja/mtype187.a(rpl-timers.o)
 .data          0x000000000002f1d8        0x0 obj_cooja/mtype187.a(rpl.o)
 .data          0x000000000002f1d8       0x28 obj_cooja/mtype187.a(csma.o)
 .data          0x000000000002f200        0x0 obj_cooja/mtype187.a(framer-802154.o)
 .data          0x000000000002f200        0x0 obj_cooja/mtype187.a(mac.o)
 .data          0x000000000002f200       0x30 obj_cooja/mtype187.a(cxmac.o)
                0x000000000002f200                cxmac_config
                0x000000000002f210                strobe_wait
 .data          0x000000000002f230        0x0 obj_cooja/mtype187.a(linkaddr.o)
 .data          0x000000000002f230       0x10 obj_cooja/mtype187.a(nbr-table.o)
 .data          0x000000000002f240        0x0 obj_cooja/mtype187.a(netstack.o)
 .data          0x000000000002f240        0x4 obj_cooja/mtype187.a(packetbuf.o)
 .data          0x000000000002f244       0x18 obj_cooja/mtype187.a(queuebuf.o)
 .data          0x000000000002f25c        0x0 obj_cooja/mtype187.a(nullsec.o)
 .data          0x000000000002f25c        0x0 obj_cooja/mtype187.a(watchdog.o)
 .data          0x000000000002f25c        0x0 obj_cooja/mtype187.a(rimestats.o)
 .data          0x000000000002f25c        0x0 obj_cooja/mtype187.a(stimer.o)
 .data          0x000000000002f25c        0x0 obj_cooja/mtype187.a(memb.o)
 .data          0x000000000002f25c       0x44 obj_cooja/mtype187.a(uip-ds6-route.o)
                0x000000000002f26c                nbr_routes
 .data          0x000000000002f2a0       0x20 obj_cooja/mtype187.a(uip-icmp6.o)
 .data          0x000000000002f2c0        0x0 obj_cooja/mtype187.a(uip-nd6.o)
 .data          0x000000000002f2c0        0x0 obj_cooja/mtype187.a(rpl-nbr-policy.)
 .data          0x000000000002f2c0        0x2 obj_cooja/mtype187.a(frame802154.o)
 .data          0x000000000002f2c2        0x0 /usr/lib/gcc/i686-linux-gnu/4.8/crtendS.o
 .data          0x000000000002f2c2        0x0 /usr/lib/gcc/i686-linux-gnu/4.8/../../../i386-linux-gnu/crtn.o

.tm_clone_table
                0x000000000002f2c4        0x0
 .tm_clone_table
                0x000000000002f2c4        0x0 /usr/lib/gcc/i686-linux-gnu/4.8/crtbeginS.o
 .tm_clone_table
                0x000000000002f2c4        0x0 /usr/lib/gcc/i686-linux-gnu/4.8/crtendS.o

.data1
 *(.data1)
                0x000000000002f2c4                _edata = .
                0x000000000002f2c4                PROVIDE (edata, .)
                0x000000000002f2c4                . = .
                0x000000000002f2c4                __bss_start = .

.bss            0x000000000002f2e0     0x9188
 *(.dynbss)
 .dynbss        0x0000000000000000        0x0 /usr/lib/gcc/i686-linux-gnu/4.8/../../../i386-linux-gnu/crti.o
 *(.bss .bss.* .gnu.linkonce.b.*)
 .bss           0x000000000002f2e0        0x0 /usr/lib/gcc/i686-linux-gnu/4.8/../../../i386-linux-gnu/crti.o
 .bss           0x000000000002f2e0        0x1 /usr/lib/gcc/i686-linux-gnu/4.8/crtbeginS.o
 *fill*         0x000000000002f2e1        0x3 
 .bss           0x000000000002f2e4        0x8 udp-server.co
                0x000000000002f2e4                my_weight
 *fill*         0x000000000002f2ec       0x14 
 .bss           0x000000000002f300     0x2030 obj_cooja/mtype187.o
 .bss           0x0000000000031330        0x1 obj_cooja/mtype187.a(simEnvChange.o)
                0x0000000000031330                simDontFallAsleep
 *fill*         0x0000000000031331        0x3 
 .bss           0x0000000000031334        0x4 obj_cooja/mtype187.a(cooja_mt.o)
 .bss           0x0000000000031338        0x4 obj_cooja/mtype187.a(cooja_mtarch.o)
 .bss           0x000000000003133c        0xc obj_cooja/mtype187.a(rtimer-arch.o)
 .bss           0x0000000000031348        0x0 obj_cooja/mtype187.a(beep.o)
 .bss           0x0000000000031348        0x8 obj_cooja/mtype187.a(button-sensor.o)
 .bss           0x0000000000031350        0x0 obj_cooja/mtype187.a(leds-arch.o)
 .bss           0x0000000000031350        0x0 obj_cooja/mtype187.a(moteid.o)
 .bss           0x0000000000031350        0x1 obj_cooja/mtype187.a(pir-sensor.o)
                0x0000000000031350                simPirValue
 *fill*         0x0000000000031351        0x3 
 .bss           0x0000000000031354        0x4 obj_cooja/mtype187.a(rs232.o)
 .bss           0x0000000000031358        0x1 obj_cooja/mtype187.a(vib-sensor.o)
                0x0000000000031358                simVibValue
 .bss           0x0000000000031359        0x0 obj_cooja/mtype187.a(clock.o)
 *fill*         0x0000000000031359        0x7 
 .bss           0x0000000000031360      0x420 obj_cooja/mtype187.a(log.o)
 .bss           0x0000000000031780      0xfc0 obj_cooja/mtype187.a(cfs-cooja.o)
                0x0000000000031780                simCFSData
                0x0000000000032720                simCFSSize
                0x0000000000032724                simCFSChanged
                0x0000000000032728                simCFSRead
                0x000000000003272c                simCFSWritten
 .bss           0x0000000000032740       0x24 obj_cooja/mtype187.a(cooja-radio.o)
                0x0000000000032740                simReceivingLR
                0x0000000000032744                simInSizeLR
                0x0000000000032748                simOutSizeLR
                0x000000000003274c                simReceiving
                0x0000000000032750                simInSize
                0x0000000000032754                simOutSize
                0x0000000000032758                LongRangeTransmit
                0x000000000003275c                LongRangeReceiving
 .bss           0x0000000000032764        0xc obj_cooja/mtype187.a(eeprom.o)
                0x0000000000032764                simEEPROMChanged
                0x0000000000032768                simEEPROMRead
                0x000000000003276c                simEEPROMWritten
 .bss           0x0000000000032770        0x0 obj_cooja/mtype187.a(random.o)
 .bss           0x0000000000032770        0xc obj_cooja/mtype187.a(sensors.o)
 .bss           0x000000000003277c        0x1 obj_cooja/mtype187.a(leds.o)
 *fill*         0x000000000003277d        0x3 
 .bss           0x0000000000032780       0x2c obj_cooja/mtype187.a(dual_conf.o)
                0x0000000000032780                long_range_radio
 .bss           0x00000000000327ac        0x0 obj_cooja/mtype187.a(autostart.o)
 .bss           0x00000000000327ac        0x5 obj_cooja/mtype187.a(ctimer.o)
 *fill*         0x00000000000327b1        0x3 
 .bss           0x00000000000327b4        0x8 obj_cooja/mtype187.a(etimer.o)
 .bss           0x00000000000327bc        0x0 obj_cooja/mtype187.a(log_message.o)
 *fill*         0x00000000000327bc        0x4 
 .bss           0x00000000000327c0      0x1b1 obj_cooja/mtype187.a(process.o)
                0x00000000000327c0                process_list
                0x00000000000327c4                process_current
 .bss           0x0000000000032971        0x0 obj_cooja/mtype187.a(residual.o)
 *fill*         0x0000000000032971        0x3 
 .bss           0x0000000000032974        0x4 obj_cooja/mtype187.a(rtimer.o)
 .bss           0x0000000000032978        0x0 obj_cooja/mtype187.a(timer.o)
 *fill*         0x0000000000032978        0x8 
 .bss           0x0000000000032980      0x140 obj_cooja/mtype187.a(serial-line.o)
 .bss           0x0000000000032ac0        0x0 obj_cooja/mtype187.a(list.o)
 .bss           0x0000000000032ac0        0x0 obj_cooja/mtype187.a(ringbuf.o)
 .bss           0x0000000000032ac0      0x70c obj_cooja/mtype187.a(sicslowpan.o)
 *fill*         0x00000000000331cc       0x14 
 .bss           0x00000000000331e0      0x4b0 obj_cooja/mtype187.a(uip-ds6-nbr.o)
 .bss           0x0000000000033690       0x30 obj_cooja/mtype187.a(uip-ds6.o)
 .bss           0x00000000000336c0        0xe obj_cooja/mtype187.a(uip6.o)
                0x00000000000336c0                uip_ext_bitmap
                0x00000000000336c1                uip_ext_len
                0x00000000000336c2                uip_ext_opt_offset
 *fill*         0x00000000000336ce       0x12 
 .bss           0x00000000000336e0       0x68 obj_cooja/mtype187.a(tcpip.o)
 .bss           0x0000000000033748        0x0 obj_cooja/mtype187.a(uip-debug.o)
 *fill*         0x0000000000033748       0x18 
 .bss           0x0000000000033760      0xcf8 obj_cooja/mtype187.a(uip-packetqueue)
 *fill*         0x0000000000034458        0x8 
 .bss           0x0000000000034460      0x352 obj_cooja/mtype187.a(rpl-dag.o)
 .bss           0x00000000000347b2        0x0 obj_cooja/mtype187.a(rpl-ext-header.)
 .bss           0x00000000000347b2        0x0 obj_cooja/mtype187.a(rpl-icmp6.o)
 .bss           0x00000000000347b2        0x0 obj_cooja/mtype187.a(rpl-ltmax.o)
 *fill*         0x00000000000347b2        0xe 
 .bss           0x00000000000347c0       0x23 obj_cooja/mtype187.a(rpl-timers.o)
 *fill*         0x00000000000347e3        0x1 
 .bss           0x00000000000347e4        0x4 obj_cooja/mtype187.a(rpl.o)
 *fill*         0x00000000000347e8       0x18 
 .bss           0x0000000000034800      0x288 obj_cooja/mtype187.a(csma.o)
 .bss           0x0000000000034a88        0x2 obj_cooja/mtype187.a(framer-802154.o)
 .bss           0x0000000000034a8a        0x0 obj_cooja/mtype187.a(mac.o)
 *fill*         0x0000000000034a8a       0x16 
 .bss           0x0000000000034aa0       0xb1 obj_cooja/mtype187.a(cxmac.o)
 .bss           0x0000000000034b51        0x0 obj_cooja/mtype187.a(linkaddr.o)
 *fill*         0x0000000000034b51        0xf 
 .bss           0x0000000000034b60      0x35c obj_cooja/mtype187.a(nbr-table.o)
 .bss           0x0000000000034ebc        0x0 obj_cooja/mtype187.a(netstack.o)
 *fill*         0x0000000000034ebc        0x4 
 .bss           0x0000000000034ec0       0xa0 obj_cooja/mtype187.a(packetbuf.o)
 .bss           0x0000000000034f60      0xb80 obj_cooja/mtype187.a(queuebuf.o)
 .bss           0x0000000000035ae0        0x0 obj_cooja/mtype187.a(nullsec.o)
 .bss           0x0000000000035ae0        0x0 obj_cooja/mtype187.a(watchdog.o)
 .bss           0x0000000000035ae0        0x0 obj_cooja/mtype187.a(rimestats.o)
 .bss           0x0000000000035ae0        0x0 obj_cooja/mtype187.a(stimer.o)
 .bss           0x0000000000035ae0        0x0 obj_cooja/mtype187.a(memb.o)
 .bss           0x0000000000035ae0      0x608 obj_cooja/mtype187.a(uip-ds6-route.o)
 .bss           0x00000000000360e8       0x18 obj_cooja/mtype187.a(uip-icmp6.o)
 .bss           0x0000000000036100        0x0 obj_cooja/mtype187.a(uip-nd6.o)
 .bss           0x0000000000036100       0x44 obj_cooja/mtype187.a(rpl-nbr-policy.)
 .bss           0x0000000000036144        0x0 obj_cooja/mtype187.a(frame802154.o)
 .bss           0x0000000000036144        0x0 /usr/lib/gcc/i686-linux-gnu/4.8/crtendS.o
 .bss           0x0000000000036144        0x0 /usr/lib/gcc/i686-linux-gnu/4.8/../../../i386-linux-gnu/crtn.o
 *(COMMON)
 COMMON         0x0000000000036144        0x2 udp-server.co
                0x0000000000036144                my_sink_reachability
                0x0000000000036145                my_parent_number
 *fill*         0x0000000000036146        0x2 
 COMMON         0x0000000000036148       0x70 obj_cooja/mtype187.o
                0x0000000000036148                dio_count
                0x000000000003614c                dis_count
                0x0000000000036150                csma_drop_count
                0x0000000000036154                tcp_output_count
                0x0000000000036158                csma_transmission_count
                0x000000000003615c                dao_ack_fwd_count
                0x0000000000036160                COOJA_radioRxLong
                0x0000000000036164                cxmac_collision_count
                0x0000000000036168                cxmac_retransmission_count
                0x000000000003616c                control_message_count
                0x0000000000036170                dao_count
                0x0000000000036174                icmp_count
                0x0000000000036178                COOJA_radioTx
                0x000000000003617c                referenceVar
                0x0000000000036180                cxmac_transmission_count
                0x0000000000036184                dao_ack_count
                0x0000000000036188                data_message_count
                0x000000000003618c                COOJA_radioTxLong
                0x0000000000036190                COOJA_radioRx
                0x0000000000036194                debugfp
                0x0000000000036198                COOJA_radioOn
                0x000000000003619c                LSA_count
                0x00000000000361a0                dao_fwd_count
                0x00000000000361a4                COOJA_duration
                0x00000000000361a8                dio_ack_count
                0x00000000000361ac                COOJA_radioOnLong
                0x00000000000361b0                sensors_flags
                0x00000000000361b4                data_fwd_count
 COMMON         0x00000000000361b8        0xc obj_cooja/mtype187.a(simEnvChange.o)
                0x00000000000361b8                simEtimerPending
                0x00000000000361bc                simProcessRunValue
                0x00000000000361c0                simNextExpirationTime
 COMMON         0x00000000000361c4        0x1 obj_cooja/mtype187.a(beep.o)
                0x00000000000361c4                simBeeped
 COMMON         0x00000000000361c5        0x3 obj_cooja/mtype187.a(button-sensor.o)
                0x00000000000361c5                simButtonIsActive
                0x00000000000361c6                simButtonIsDown
                0x00000000000361c7                simButtonChanged
 COMMON         0x00000000000361c8        0x1 obj_cooja/mtype187.a(leds-arch.o)
                0x00000000000361c8                simLedsValue
 *fill*         0x00000000000361c9        0x3 
 COMMON         0x00000000000361cc        0xc obj_cooja/mtype187.a(moteid.o)
                0x00000000000361cc                simRandomSeed
                0x00000000000361d0                simMoteIDChanged
                0x00000000000361d4                simMoteID
 COMMON         0x00000000000361d8        0x2 obj_cooja/mtype187.a(pir-sensor.o)
                0x00000000000361d8                simPirIsActive
                0x00000000000361d9                simPirChanged
 *fill*         0x00000000000361da        0x6 
 COMMON         0x00000000000361e0      0x820 obj_cooja/mtype187.a(rs232.o)
                0x00000000000361e0                simSerialReceivingFlag
                0x00000000000361e4                simSerialReceivingLength
                0x0000000000036200                simSerialReceivingData
 COMMON         0x0000000000036a00        0x2 obj_cooja/mtype187.a(vib-sensor.o)
                0x0000000000036a00                simVibChanged
                0x0000000000036a01                simVibIsActive
 *fill*         0x0000000000036a02        0x2 
 COMMON         0x0000000000036a04        0x4 obj_cooja/mtype187.a(clock.o)
                0x0000000000036a04                simCurrentTime
 *fill*         0x0000000000036a08       0x18 
 COMMON         0x0000000000036a20      0x420 obj_cooja/mtype187.a(log.o)
                0x0000000000036a20                simLoggedLength
                0x0000000000036a24                simLoggedFlag
                0x0000000000036a40                simLoggedData
 COMMON         0x0000000000036e40      0x260 obj_cooja/mtype187.a(cooja-radio.o)
                0x0000000000036e40                simOutDataBuffer
                0x0000000000036ec0                simRadioTarget
                0x0000000000036ee0                simInDataBufferLR
                0x0000000000036f60                packet_forwarding
                0x0000000000036f80                simOutDataBufferLR
                0x0000000000037000                dual_duty_cycle_count
                0x0000000000037020                simInDataBuffer
 COMMON         0x00000000000370a0      0x400 obj_cooja/mtype187.a(eeprom.o)
                0x00000000000370a0                simEEPROMData
 COMMON         0x00000000000374a0        0x1 obj_cooja/mtype187.a(sensors.o)
                0x00000000000374a0                sensors_event
 *fill*         0x00000000000374a1        0x3 
 COMMON         0x00000000000374a4        0x4 obj_cooja/mtype187.a(log_message.o)
                0x00000000000374a4                log_fp
 COMMON         0x00000000000374a8        0x1 obj_cooja/mtype187.a(serial-line.o)
                0x00000000000374a8                serial_line_event_message
 *fill*         0x00000000000374a9       0x17 
 COMMON         0x00000000000374c0      0x1f4 obj_cooja/mtype187.a(uip-ds6-nbr.o)
                0x00000000000374c0                ds6_lr_addrmap
 *fill*         0x00000000000376b4        0xc 
 COMMON         0x00000000000376c0      0x298 obj_cooja/mtype187.a(uip-ds6.o)
                0x00000000000376c0                uip_ds6_prefix_list
                0x0000000000037720                uip_ds6_timer_periodic
                0x0000000000037730                uip_ds6_netif_addr_list_offset
                0x0000000000037740                uip_ds6_if
                0x0000000000037838                uip_ds6_timer_ra
                0x0000000000037840                uip_ds6_addr_size
                0x0000000000037860                long_uip_ds6_if
 *fill*         0x0000000000037958        0x8 
 COMMON         0x0000000000037960      0x8ec obj_cooja/mtype187.a(uip6.o)
                0x0000000000037960                uip_slen
                0x0000000000037962                uip_acc32
                0x0000000000037980                uip_conns
                0x0000000000037a40                uip_lladdr
                0x0000000000037a48                uip_appdata
                0x0000000000037a4c                uip_flags
                0x0000000000037a60                uip_aligned_buf
                0x00000000000380a0                uip_listenports
                0x00000000000380b0                uip_len
                0x00000000000380b2                uip_long_lladdr
                0x00000000000380bc                uip_sappdata
                0x00000000000380c0                uip_udp_conns
                0x0000000000038240                uip_udp_conn
                0x0000000000038244                uip_next_hdr
                0x0000000000038248                uip_conn
 COMMON         0x000000000003824c        0x1 obj_cooja/mtype187.a(tcpip.o)
                0x000000000003824c                tcpip_event
 *fill*         0x000000000003824d       0x13 
 COMMON         0x0000000000038260      0x178 obj_cooja/mtype187.a(rpl-dag.o)
                0x0000000000038260                default_instance
                0x0000000000038280                instance_table
 COMMON         0x00000000000383d8       0x10 obj_cooja/mtype187.a(linkaddr.o)
                0x00000000000383d8                linkaddr_node_addr
                0x00000000000383e0                long_linkaddr_node_addr
 COMMON         0x00000000000383e8       0x2e obj_cooja/mtype187.a(packetbuf.o)
                0x00000000000383e8                packetbuf_attrs
                0x0000000000038406                packetbuf_addrs
 *fill*         0x0000000000038416        0xa 
 COMMON         0x0000000000038420       0x48 obj_cooja/mtype187.a(rimestats.o)
                0x0000000000038420                rimestats
                0x0000000000038468                . = ALIGN ((. != 0x0)?0x4:0x1)
                0x0000000000038468                . = ALIGN (0x4)
                0x0000000000038468                . = SEGMENT_START ("ldata-segment", .)
                0x0000000000038468                . = ALIGN (0x4)
                0x0000000000038468                _end = .
                0x0000000000038468                PROVIDE (end, .)
                0x0000000000038468                . = DATA_SEGMENT_END (.)

.stab
 *(.stab)

.stabstr
 *(.stabstr)

.stab.excl
 *(.stab.excl)

.stab.exclstr
 *(.stab.exclstr)

.stab.index
 *(.stab.index)

.stab.indexstr
 *(.stab.indexstr)

.comment        0x0000000000000000       0x29
 *(.comment)
 .comment       0x0000000000000000       0x29 /usr/lib/gcc/i686-linux-gnu/4.8/crtbeginS.o
                                         0x2a (size before relaxing)
 .comment       0x0000000000000000       0x2a udp-server.co
 .comment       0x0000000000000000       0x2a obj_cooja/mtype187.o
 .comment       0x0000000000000000       0x2a obj_cooja/mtype187.a(simEnvChange.o)
 .comment       0x0000000000000000       0x2a obj_cooja/mtype187.a(cooja_mt.o)
 .comment       0x0000000000000000       0x2a obj_cooja/mtype187.a(cooja_mtarch.o)
 .comment       0x0000000000000000       0x2a obj_cooja/mtype187.a(rtimer-arch.o)
 .comment       0x0000000000000000       0x2a obj_cooja/mtype187.a(beep.o)
 .comment       0x0000000000000000       0x2a obj_cooja/mtype187.a(button-sensor.o)
 .comment       0x0000000000000000       0x2a obj_cooja/mtype187.a(leds-arch.o)
 .comment       0x0000000000000000       0x2a obj_cooja/mtype187.a(moteid.o)
 .comment       0x0000000000000000       0x2a obj_cooja/mtype187.a(pir-sensor.o)
 .comment       0x0000000000000000       0x2a obj_cooja/mtype187.a(rs232.o)
 .comment       0x0000000000000000       0x2a obj_cooja/mtype187.a(vib-sensor.o)
 .comment       0x0000000000000000       0x2a obj_cooja/mtype187.a(clock.o)
 .comment       0x0000000000000000       0x2a obj_cooja/mtype187.a(log.o)
 .comment       0x0000000000000000       0x2a obj_cooja/mtype187.a(cfs-cooja.o)
 .comment       0x0000000000000000       0x2a obj_cooja/mtype187.a(cooja-radio.o)
 .comment       0x0000000000000000       0x2a obj_cooja/mtype187.a(eeprom.o)
 .comment       0x0000000000000000       0x2a obj_cooja/mtype187.a(random.o)
 .comment       0x0000000000000000       0x2a obj_cooja/mtype187.a(sensors.o)
 .comment       0x0000000000000000       0x2a obj_cooja/mtype187.a(leds.o)
 .comment       0x0000000000000000       0x2a obj_cooja/mtype187.a(dual_conf.o)
 .comment       0x0000000000000000       0x2a obj_cooja/mtype187.a(autostart.o)
 .comment       0x0000000000000000       0x2a obj_cooja/mtype187.a(ctimer.o)
 .comment       0x0000000000000000       0x2a obj_cooja/mtype187.a(etimer.o)
 .comment       0x0000000000000000       0x2a obj_cooja/mtype187.a(log_message.o)
 .comment       0x0000000000000000       0x2a obj_cooja/mtype187.a(process.o)
 .comment       0x0000000000000000       0x2a obj_cooja/mtype187.a(residual.o)
 .comment       0x0000000000000000       0x2a obj_cooja/mtype187.a(rtimer.o)
 .comment       0x0000000000000000       0x2a obj_cooja/mtype187.a(timer.o)
 .comment       0x0000000000000000       0x2a obj_cooja/mtype187.a(serial-line.o)
 .comment       0x0000000000000000       0x2a obj_cooja/mtype187.a(list.o)
 .comment       0x0000000000000000       0x2a obj_cooja/mtype187.a(ringbuf.o)
 .comment       0x0000000000000000       0x2a obj_cooja/mtype187.a(sicslowpan.o)
 .comment       0x0000000000000000       0x2a obj_cooja/mtype187.a(uip-ds6-nbr.o)
 .comment       0x0000000000000000       0x2a obj_cooja/mtype187.a(uip-ds6.o)
 .comment       0x0000000000000000       0x2a obj_cooja/mtype187.a(uip6.o)
 .comment       0x0000000000000000       0x2a obj_cooja/mtype187.a(tcpip.o)
 .comment       0x0000000000000000       0x2a obj_cooja/mtype187.a(uip-debug.o)
 .comment       0x0000000000000000       0x2a obj_cooja/mtype187.a(uip-packetqueue)
 .comment       0x0000000000000000       0x2a obj_cooja/mtype187.a(rpl-dag.o)
 .comment       0x0000000000000000       0x2a obj_cooja/mtype187.a(rpl-ext-header.)
 .comment       0x0000000000000000       0x2a obj_cooja/mtype187.a(rpl-icmp6.o)
 .comment       0x0000000000000000       0x2a obj_cooja/mtype187.a(rpl-ltmax.o)
 .comment       0x0000000000000000       0x2a obj_cooja/mtype187.a(rpl-timers.o)
 .comment       0x0000000000000000       0x2a obj_cooja/mtype187.a(rpl.o)
 .comment       0x0000000000000000       0x2a obj_cooja/mtype187.a(csma.o)
 .comment       0x0000000000000000       0x2a obj_cooja/mtype187.a(framer-802154.o)
 .comment       0x0000000000000000       0x2a obj_cooja/mtype187.a(mac.o)
 .comment       0x0000000000000000       0x2a obj_cooja/mtype187.a(cxmac.o)
 .comment       0x0000000000000000       0x2a obj_cooja/mtype187.a(linkaddr.o)
 .comment       0x0000000000000000       0x2a obj_cooja/mtype187.a(nbr-table.o)
 .comment       0x0000000000000000       0x2a obj_cooja/mtype187.a(netstack.o)
 .comment       0x0000000000000000       0x2a obj_cooja/mtype187.a(packetbuf.o)
 .comment       0x0000000000000000       0x2a obj_cooja/mtype187.a(queuebuf.o)
 .comment       0x0000000000000000       0x2a obj_cooja/mtype187.a(nullsec.o)
 .comment       0x0000000000000000       0x2a obj_cooja/mtype187.a(watchdog.o)
 .comment       0x0000000000000000       0x2a obj_cooja/mtype187.a(rimestats.o)
 .comment       0x0000000000000000       0x2a obj_cooja/mtype187.a(stimer.o)
 .comment       0x0000000000000000       0x2a obj_cooja/mtype187.a(memb.o)
 .comment       0x0000000000000000       0x2a obj_cooja/mtype187.a(uip-ds6-route.o)
 .comment       0x0000000000000000       0x2a obj_cooja/mtype187.a(uip-icmp6.o)
 .comment       0x0000000000000000       0x2a obj_cooja/mtype187.a(uip-nd6.o)
 .comment       0x0000000000000000       0x2a obj_cooja/mtype187.a(rpl-nbr-policy.)
 .comment       0x0000000000000000       0x2a obj_cooja/mtype187.a(frame802154.o)
 .comment       0x0000000000000000       0x2a /usr/lib/gcc/i686-linux-gnu/4.8/crtendS.o

.debug
 *(.debug)

.line
 *(.line)

.debug_srcinfo
 *(.debug_srcinfo)

.debug_sfnames
 *(.debug_sfnames)

.debug_aranges  0x0000000000000000      0x818
 *(.debug_aranges)
 .debug_aranges
                0x0000000000000000       0x20 udp-server.co
 .debug_aranges
                0x0000000000000020       0x20 obj_cooja/mtype187.o
 .debug_aranges
                0x0000000000000040       0x20 obj_cooja/mtype187.a(simEnvChange.o)
 .debug_aranges
                0x0000000000000060       0x20 obj_cooja/mtype187.a(cooja_mt.o)
 .debug_aranges
                0x0000000000000080       0x20 obj_cooja/mtype187.a(cooja_mtarch.o)
 .debug_aranges
                0x00000000000000a0       0x20 obj_cooja/mtype187.a(rtimer-arch.o)
 .debug_aranges
                0x00000000000000c0       0x20 obj_cooja/mtype187.a(beep.o)
 .debug_aranges
                0x00000000000000e0       0x20 obj_cooja/mtype187.a(button-sensor.o)
 .debug_aranges
                0x0000000000000100       0x20 obj_cooja/mtype187.a(leds-arch.o)
 .debug_aranges
                0x0000000000000120       0x20 obj_cooja/mtype187.a(moteid.o)
 .debug_aranges
                0x0000000000000140       0x20 obj_cooja/mtype187.a(pir-sensor.o)
 .debug_aranges
                0x0000000000000160       0x20 obj_cooja/mtype187.a(rs232.o)
 .debug_aranges
                0x0000000000000180       0x20 obj_cooja/mtype187.a(vib-sensor.o)
 .debug_aranges
                0x00000000000001a0       0x20 obj_cooja/mtype187.a(clock.o)
 .debug_aranges
                0x00000000000001c0       0x20 obj_cooja/mtype187.a(log.o)
 .debug_aranges
                0x00000000000001e0       0x20 obj_cooja/mtype187.a(cfs-cooja.o)
 .debug_aranges
                0x0000000000000200       0x20 obj_cooja/mtype187.a(cooja-radio.o)
 .debug_aranges
                0x0000000000000220       0x20 obj_cooja/mtype187.a(eeprom.o)
 .debug_aranges
                0x0000000000000240       0x20 obj_cooja/mtype187.a(random.o)
 .debug_aranges
                0x0000000000000260       0x20 obj_cooja/mtype187.a(sensors.o)
 .debug_aranges
                0x0000000000000280       0x20 obj_cooja/mtype187.a(leds.o)
 .debug_aranges
                0x00000000000002a0       0x20 obj_cooja/mtype187.a(dual_conf.o)
 .debug_aranges
                0x00000000000002c0       0x20 obj_cooja/mtype187.a(autostart.o)
 .debug_aranges
                0x00000000000002e0       0x20 obj_cooja/mtype187.a(ctimer.o)
 .debug_aranges
                0x0000000000000300       0x20 obj_cooja/mtype187.a(etimer.o)
 .debug_aranges
                0x0000000000000320       0x20 obj_cooja/mtype187.a(log_message.o)
 .debug_aranges
                0x0000000000000340       0x20 obj_cooja/mtype187.a(process.o)
 .debug_aranges
                0x0000000000000360       0x20 obj_cooja/mtype187.a(residual.o)
 .debug_aranges
                0x0000000000000380       0x20 obj_cooja/mtype187.a(rtimer.o)
 .debug_aranges
                0x00000000000003a0       0x20 obj_cooja/mtype187.a(timer.o)
 .debug_aranges
                0x00000000000003c0       0x20 obj_cooja/mtype187.a(serial-line.o)
 .debug_aranges
                0x00000000000003e0       0x20 obj_cooja/mtype187.a(list.o)
 .debug_aranges
                0x0000000000000400       0x20 obj_cooja/mtype187.a(ringbuf.o)
 .debug_aranges
                0x0000000000000420       0x20 obj_cooja/mtype187.a(sicslowpan.o)
 .debug_aranges
                0x0000000000000440       0x20 obj_cooja/mtype187.a(uip-ds6-nbr.o)
 .debug_aranges
                0x0000000000000460       0x20 obj_cooja/mtype187.a(uip-ds6.o)
 .debug_aranges
                0x0000000000000480       0x20 obj_cooja/mtype187.a(uip6.o)
 .debug_aranges
                0x00000000000004a0       0x20 obj_cooja/mtype187.a(tcpip.o)
 .debug_aranges
                0x00000000000004c0       0x20 obj_cooja/mtype187.a(uip-debug.o)
 .debug_aranges
                0x00000000000004e0       0x20 obj_cooja/mtype187.a(uip-packetqueue)
 .debug_aranges
                0x0000000000000500       0x20 obj_cooja/mtype187.a(rpl-dag.o)
 .debug_aranges
                0x0000000000000520       0x20 obj_cooja/mtype187.a(rpl-ext-header.)
 .debug_aranges
                0x0000000000000540       0x20 obj_cooja/mtype187.a(rpl-icmp6.o)
 .debug_aranges
                0x0000000000000560       0x20 obj_cooja/mtype187.a(rpl-ltmax.o)
 .debug_aranges
                0x0000000000000580       0x20 obj_cooja/mtype187.a(rpl-timers.o)
 .debug_aranges
                0x00000000000005a0       0x20 obj_cooja/mtype187.a(rpl.o)
 .debug_aranges
                0x00000000000005c0       0x20 obj_cooja/mtype187.a(csma.o)
 .debug_aranges
                0x00000000000005e0       0x20 obj_cooja/mtype187.a(framer-802154.o)
 .debug_aranges
                0x0000000000000600       0x20 obj_cooja/mtype187.a(mac.o)
 .debug_aranges
                0x0000000000000620       0x20 obj_cooja/mtype187.a(cxmac.o)
 .debug_aranges
                0x0000000000000640       0x20 obj_cooja/mtype187.a(linkaddr.o)
 .debug_aranges
                0x0000000000000660       0x20 obj_cooja/mtype187.a(nbr-table.o)
 .debug_aranges
                0x0000000000000680       0x20 obj_cooja/mtype187.a(netstack.o)
 .debug_aranges
                0x00000000000006a0       0x20 obj_cooja/mtype187.a(packetbuf.o)
 .debug_aranges
                0x00000000000006c0       0x20 obj_cooja/mtype187.a(queuebuf.o)
 .debug_aranges
                0x00000000000006e0       0x20 obj_cooja/mtype187.a(nullsec.o)
 .debug_aranges
                0x0000000000000700       0x20 obj_cooja/mtype187.a(watchdog.o)
 .debug_aranges
                0x0000000000000720       0x18 obj_cooja/mtype187.a(rimestats.o)
 .debug_aranges
                0x0000000000000738       0x20 obj_cooja/mtype187.a(stimer.o)
 .debug_aranges
                0x0000000000000758       0x20 obj_cooja/mtype187.a(memb.o)
 .debug_aranges
                0x0000000000000778       0x20 obj_cooja/mtype187.a(uip-ds6-route.o)
 .debug_aranges
                0x0000000000000798       0x20 obj_cooja/mtype187.a(uip-icmp6.o)
 .debug_aranges
                0x00000000000007b8       0x20 obj_cooja/mtype187.a(uip-nd6.o)
 .debug_aranges
                0x00000000000007d8       0x20 obj_cooja/mtype187.a(rpl-nbr-policy.)
 .debug_aranges
                0x00000000000007f8       0x20 obj_cooja/mtype187.a(frame802154.o)

.debug_pubnames
 *(.debug_pubnames)

.debug_info     0x0000000000000000    0x1e0c1
 *(.debug_info .gnu.linkonce.wi.*)
 .debug_info    0x0000000000000000      0xe43 udp-server.co
 .debug_info    0x0000000000000e43     0x3b8f obj_cooja/mtype187.o
 .debug_info    0x00000000000049d2      0x15a obj_cooja/mtype187.a(simEnvChange.o)
 .debug_info    0x0000000000004b2c      0x1e2 obj_cooja/mtype187.a(cooja_mt.o)
 .debug_info    0x0000000000004d0e      0x2e7 obj_cooja/mtype187.a(cooja_mtarch.o)
 .debug_info    0x0000000000004ff5      0x16b obj_cooja/mtype187.a(rtimer-arch.o)
 .debug_info    0x0000000000005160      0x1f3 obj_cooja/mtype187.a(beep.o)
 .debug_info    0x0000000000005353      0x257 obj_cooja/mtype187.a(button-sensor.o)
 .debug_info    0x00000000000055aa      0x132 obj_cooja/mtype187.a(leds-arch.o)
 .debug_info    0x00000000000056dc      0x10a obj_cooja/mtype187.a(moteid.o)
 .debug_info    0x00000000000057e6      0x216 obj_cooja/mtype187.a(pir-sensor.o)
 .debug_info    0x00000000000059fc      0x21e obj_cooja/mtype187.a(rs232.o)
 .debug_info    0x0000000000005c1a      0x216 obj_cooja/mtype187.a(vib-sensor.o)