Archive member included to satisfy reference by file (symbol)

obj_cooja/mtype341.a(simEnvChange.o)
                              obj_cooja/mtype341.o (simDontFallAsleep)
obj_cooja/mtype341.a(cooja_mt.o)
                              obj_cooja/mtype341.o (cooja_mt_start)
obj_cooja/mtype341.a(cooja_mtarch.o)
                              obj_cooja/mtype341.a(cooja_mt.o) (cooja_mtarch_init)
obj_cooja/mtype341.a(rtimer-arch.o)
                              obj_cooja/mtype341.o (rtimer_arch_next)
obj_cooja/mtype341.a(beep.o)  obj_cooja/mtype341.o (beep_interface)
obj_cooja/mtype341.a(button-sensor.o)
                              obj_cooja/mtype341.o (button_interface)
obj_cooja/mtype341.a(leds-arch.o)
                              obj_cooja/mtype341.o (leds_interface)
obj_cooja/mtype341.a(moteid.o)
                              obj_cooja/mtype341.o (moteid_interface)
obj_cooja/mtype341.a(pir-sensor.o)
                              obj_cooja/mtype341.o (pir_interface)
obj_cooja/mtype341.a(rs232.o)
                              obj_cooja/mtype341.o (rs232_interface)
obj_cooja/mtype341.a(vib-sensor.o)
                              obj_cooja/mtype341.o (vib_interface)
obj_cooja/mtype341.a(clock.o)
                              obj_cooja/mtype341.o (clock_interface)
obj_cooja/mtype341.a(log.o)   obj_cooja/mtype341.o (simlog_interface)
obj_cooja/mtype341.a(cfs-cooja.o)
                              obj_cooja/mtype341.o (cfs_interface)
obj_cooja/mtype341.a(cooja-radio.o)
                              obj_cooja/mtype341.o (radio_interface)
obj_cooja/mtype341.a(eeprom.o)
                              obj_cooja/mtype341.o (eeprom_interface)
obj_cooja/mtype341.a(random.o)
                              obj_cooja/mtype341.a(moteid.o) (random_init)
obj_cooja/mtype341.a(sensors.o)
                              udp-server.co (sensors_event)
obj_cooja/mtype341.a(leds.o)  obj_cooja/mtype341.a(cooja-radio.o) (leds_on)
obj_cooja/mtype341.a(dual_conf.o)
                              obj_cooja/mtype341.a(cooja-radio.o) (long_range_radio)
obj_cooja/mtype341.a(autostart.o)
                              obj_cooja/mtype341.o (autostart_start)
obj_cooja/mtype341.a(ctimer.o)
                              obj_cooja/mtype341.o (ctimer_init)
obj_cooja/mtype341.a(etimer.o)
                              obj_cooja/mtype341.o (etimer_process)
obj_cooja/mtype341.a(log_message.o)
                              obj_cooja/mtype341.o (log_initialization)
obj_cooja/mtype341.a(process.o)
                              udp-server.co (process_current)
obj_cooja/mtype341.a(residual.o)
                              obj_cooja/mtype341.o (DISSIPATION_RATE)
obj_cooja/mtype341.a(rtimer.o)
                              obj_cooja/mtype341.a(rtimer-arch.o) (rtimer_run_next)
obj_cooja/mtype341.a(timer.o)
                              obj_cooja/mtype341.a(button-sensor.o) (timer_set)
obj_cooja/mtype341.a(serial-line.o)
                              obj_cooja/mtype341.a(rs232.o) (serial_line_input_byte)
obj_cooja/mtype341.a(list.o)  obj_cooja/mtype341.a(ctimer.o) (list_init)
obj_cooja/mtype341.a(ringbuf.o)
                              obj_cooja/mtype341.a(serial-line.o) (ringbuf_init)
obj_cooja/mtype341.a(sicslowpan.o)
                              obj_cooja/mtype341.o (sicslowpan_driver)
obj_cooja/mtype341.a(uip-ds6-nbr.o)
                              obj_cooja/mtype341.a(sicslowpan.o) (uip_ds6_link_neighbor_callback)
obj_cooja/mtype341.a(uip-ds6.o)
                              udp-server.co (uip_ds6_if)
obj_cooja/mtype341.a(uip6.o)  obj_cooja/mtype341.o (uip_lladdr)
obj_cooja/mtype341.a(tcpip.o)
                              udp-server.co (tcpip_event)
obj_cooja/mtype341.a(uip-debug.o)
                              udp-server.co (uip_debug_ipaddr_print)
obj_cooja/mtype341.a(uip-packetqueue)
                              obj_cooja/mtype341.a(uip-ds6-nbr.o) (uip_packetqueue_new)
obj_cooja/mtype341.a(rpl-dag.o)
                              udp-server.co (rpl_set_root)
obj_cooja/mtype341.a(rpl-ext-header.)
                              obj_cooja/mtype341.a(uip6.o) (rpl_verify_header)
obj_cooja/mtype341.a(rpl-icmp6.o)
                              obj_cooja/mtype341.a(rpl-dag.o) (rpl_icmp6_update_nbr_table)
obj_cooja/mtype341.a(rpl-ltmax.o)
                              obj_cooja/mtype341.a(rpl-dag.o) (rpl_ltmax_of)
obj_cooja/mtype341.a(rpl-timers.o)
                              obj_cooja/mtype341.a(rpl-dag.o) (rpl_reset_dio_timer)
obj_cooja/mtype341.a(rpl.o)   obj_cooja/mtype341.a(rpl-icmp6.o) (rpl_get_mode)
obj_cooja/mtype341.a(csma.o)  udp-server.co (csma_driver)
obj_cooja/mtype341.a(framer-802154.o)
                              obj_cooja/mtype341.a(sicslowpan.o) (framer_802154)
obj_cooja/mtype341.a(mac.o)   obj_cooja/mtype341.a(csma.o) (mac_call_sent_callback)
obj_cooja/mtype341.a(cxmac.o)
                              obj_cooja/mtype341.o (cxmac_driver)
obj_cooja/mtype341.a(linkaddr.o)
                              obj_cooja/mtype341.o (linkaddr_node_addr)
[...]
Memory Configuration

Name             Origin             Length             Attributes
*default*        0x0000000000000000 0xffffffffffffffff

Linker script and memory map

LOAD /usr/lib/gcc/i686-linux-gnu/4.8/../../../i386-linux-gnu/crti.o
LOAD /usr/lib/gcc/i686-linux-gnu/4.8/crtbeginS.o
LOAD udp-server.co
LOAD obj_cooja/mtype341.o
LOAD obj_cooja/mtype341.a
LOAD /usr/lib/gcc/i686-linux-gnu/4.8/libgcc.a
LOAD /usr/lib/gcc/i686-linux-gnu/4.8/libgcc_s.so
LOAD /usr/lib/gcc/i686-linux-gnu/4.8/../../../i386-linux-gnu/libc.so
START GROUP
LOAD /lib/i386-linux-gnu/libc.so.6
LOAD /usr/lib/i386-linux-gnu/libc_nonshared.a
LOAD /lib/i386-linux-gnu/ld-linux.so.2
END GROUP
LOAD /usr/lib/gcc/i686-linux-gnu/4.8/libgcc.a
LOAD /usr/lib/gcc/i686-linux-gnu/4.8/libgcc_s.so
LOAD /usr/lib/gcc/i686-linux-gnu/4.8/crtendS.o
LOAD /usr/lib/gcc/i686-linux-gnu/4.8/../../../i386-linux-gnu/crtn.o
                0x0000000000000114                . = (0x0 + SIZEOF_HEADERS)

.note.gnu.build-id
                0x0000000000000114       0x24
 *(.note.gnu.build-id)
 .note.gnu.build-id
                0x0000000000000114       0x24 /usr/lib/gcc/i686-linux-gnu/4.8/../../../i386-linux-gnu/crti.o

.hash
 *(.hash)

.gnu.hash       0x0000000000000138     0x138c
 *(.gnu.hash)
 .gnu.hash      0x0000000000000138     0x138c /usr/lib/gcc/i686-linux-gnu/4.8/../../../i386-linux-gnu/crti.o

.dynsym         0x00000000000014c4     0x2690
 *(.dynsym)
 .dynsym        0x00000000000014c4     0x2690 /usr/lib/gcc/i686-linux-gnu/4.8/../../../i386-linux-gnu/crti.o

.dynstr         0x0000000000003b54     0x2796
 *(.dynstr)
 .dynstr        0x0000000000003b54     0x2796 /usr/lib/gcc/i686-linux-gnu/4.8/../../../i386-linux-gnu/crti.o

.gnu.version    0x00000000000062ea      0x4d2
 *(.gnu.version)
 .gnu.version   0x00000000000062ea      0x4d2 /usr/lib/gcc/i686-linux-gnu/4.8/../../../i386-linux-gnu/crti.o

.gnu.version_d  0x00000000000067bc        0x0
 *(.gnu.version_d)
 .gnu.version_d
                0x0000000000000000        0x0 /usr/lib/gcc/i686-linux-gnu/4.8/../../../i386-linux-gnu/crti.o

.gnu.version_r  0x00000000000067bc       0x50
 *(.gnu.version_r)
 .gnu.version_r
                0x00000000000067bc       0x50 /usr/lib/gcc/i686-linux-gnu/4.8/../../../i386-linux-gnu/crti.o

.rel.dyn        0x000000000000680c     0x9860
 *(.rel.init)
 .rel.init      0x0000000000000000        0x0 /usr/lib/gcc/i686-linux-gnu/4.8/../../../i386-linux-gnu/crti.o
 *(.rel.text .rel.text.* .rel.gnu.linkonce.t.*)
 .rel.text      0x000000000000680c     0x9088 /usr/lib/gcc/i686-linux-gnu/4.8/../../../i386-linux-gnu/crti.o
 *(.rel.fini)
 .rel.fini      0x0000000000000000        0x0 /usr/lib/gcc/i686-linux-gnu/4.8/../../../i386-linux-gnu/crti.o
 *(.rel.rodata .rel.rodata.* .rel.gnu.linkonce.r.*)
 .rel.rodata    0x000000000000f894      0x4e0 /usr/lib/gcc/i686-linux-gnu/4.8/../../../i386-linux-gnu/crti.o
 *(.rel.data.rel.ro .rel.data.rel.ro.* .rel.gnu.linkonce.d.rel.ro.*)
 *(.rel.data .rel.data.* .rel.gnu.linkonce.d.*)
 .rel.data.rel  0x000000000000fd74        0x8 /usr/lib/gcc/i686-linux-gnu/4.8/../../../i386-linux-gnu/crti.o
 .rel.data      0x000000000000fd7c      0x2b8 /usr/lib/gcc/i686-linux-gnu/4.8/../../../i386-linux-gnu/crti.o
 *(.rel.tdata .rel.tdata.* .rel.gnu.linkonce.td.*)
 *(.rel.tbss .rel.tbss.* .rel.gnu.linkonce.tb.*)
 *(.rel.ctors)
 *(.rel.dtors)
 *(.rel.got)
 .rel.got       0x0000000000010034       0x28 /usr/lib/gcc/i686-linux-gnu/4.8/../../../i386-linux-gnu/crti.o
 *(.rel.bss .rel.bss.* .rel.gnu.linkonce.b.*)
 *(.rel.ifunc)
 .rel.ifunc     0x0000000000000000        0x0 /usr/lib/gcc/i686-linux-gnu/4.8/../../../i386-linux-gnu/crti.o
 .rel.fini_array
                0x000000000001005c        0x8 /usr/lib/gcc/i686-linux-gnu/4.8/../../../i386-linux-gnu/crti.o
 .rel.init_array
                0x0000000000010064        0x8 /usr/lib/gcc/i686-linux-gnu/4.8/../../../i386-linux-gnu/crti.o

.rel.plt        0x000000000001006c       0x10
 *(.rel.plt)
 .rel.plt       0x000000000001006c       0x10 /usr/lib/gcc/i686-linux-gnu/4.8/../../../i386-linux-gnu/crti.o
 *(.rel.iplt)

.init           0x000000000001007c       0x23
 *(SORT(.init))
 .init          0x000000000001007c       0x1e /usr/lib/gcc/i686-linux-gnu/4.8/../../../i386-linux-gnu/crti.o
                0x000000000001007c                _init
 .init          0x000000000001009a        0x5 /usr/lib/gcc/i686-linux-gnu/4.8/../../../i386-linux-gnu/crtn.o

.plt            0x00000000000100a0       0x30
 *(.plt)
 .plt           0x00000000000100a0       0x30 /usr/lib/gcc/i686-linux-gnu/4.8/../../../i386-linux-gnu/crti.o
 *(.iplt)

.text           0x00000000000100d0    0x17059
 *(.text.unlikely .text.*_unlikely .text.unlikely.*)
 *(.text.exit .text.exit.*)
 *(.text.startup .text.startup.*)
 *(.text.hot .text.hot.*)
 *(.text .stub .text.* .gnu.linkonce.t.*)
 .text          0x00000000000100d0        0x0 /usr/lib/gcc/i686-linux-gnu/4.8/../../../i386-linux-gnu/crti.o
 .gnu.linkonce.t.__x86.get_pc_thunk.bx
                0x00000000000100d0        0x4 /usr/lib/gcc/i686-linux-gnu/4.8/../../../i386-linux-gnu/crti.o
                0x00000000000100d0                __x86.get_pc_thunk.bx
 *fill*         0x00000000000100d4        0xc 
 .text          0x00000000000100e0      0x11b /usr/lib/gcc/i686-linux-gnu/4.8/crtbeginS.o
 .text          0x00000000000101fb      0x512 udp-server.co
 .text          0x000000000001070d      0x96a obj_cooja/mtype341.o
                0x00000000000108bb                contiki_init
                0x0000000000010e8e                Java_org_contikios_cooja_corecomm_Lib3_init
                0x0000000000010ece                Java_org_contikios_cooja_corecomm_Lib3_getMemory
                0x0000000000010f0e                Java_org_contikios_cooja_corecomm_Lib3_setMemory
                0x0000000000010f85                Java_org_contikios_cooja_corecomm_Lib3_tick
                0x0000000000011065                Java_org_contikios_cooja_corecomm_Lib3_setReferenceAddress
 .text          0x0000000000011077       0x63 obj_cooja/mtype341.a(simEnvChange.o)
                0x0000000000011077                doActionsBeforeTick
                0x00000000000110a8                doActionsAfterTick
 .text          0x00000000000110da       0xbc obj_cooja/mtype341.a(cooja_mt.o)
                0x00000000000110da                cooja_mt_init
                0x00000000000110e7                cooja_mt_remove
                0x00000000000110f4                cooja_mt_start
                0x0000000000011121                cooja_mt_exec
                0x0000000000011152                cooja_mt_exit
                0x0000000000011174                cooja_mt_yield
 .text          0x0000000000011196      0x115 obj_cooja/mtype341.a(cooja_mtarch.o)
                0x0000000000011196                cooja_mtarch_init
                0x000000000001119b                cooja_mtarch_start
                0x0000000000011216                cooja_sw
                0x0000000000011238                cooja_mtarch_exec
                0x0000000000011254                cooja_mtarch_remove
                0x0000000000011259                cooja_mtarch_yield
                0x0000000000011263                cooja_mtarch_pstop
                0x0000000000011268                cooja_mtarch_pstart
                0x000000000001126d                cooja_mtarch_stack_usage
 .text          0x00000000000112ab       0xc2 obj_cooja/mtype341.a(rtimer-arch.o)
                0x00000000000112ab                rtimer_arch_init
                0x00000000000112ce                rtimer_arch_schedule
                0x00000000000112e5                rtimer_arch_next
                0x00000000000112ef                rtimer_arch_pending
                0x00000000000112f9                rtimer_arch_check
                0x000000000001132b                rtimer_arch_now
 .text          0x000000000001136d       0x76 obj_cooja/mtype341.a(beep.o)
                0x000000000001136d                beep_alarm
                0x0000000000011379                beep_beep
                0x0000000000011385                beep
                0x0000000000011391                beep_down
                0x000000000001139d                beep_on
                0x00000000000113a9                beep_off
                0x00000000000113b5                beep_spinup
                0x00000000000113c1                beep_quick
                0x00000000000113cd                beep_long
 .text          0x00000000000113e3      0x103 obj_cooja/mtype341.a(button-sensor.o)
 .text          0x00000000000114e6       0x45 obj_cooja/mtype341.a(leds-arch.o)
                0x00000000000114e6                leds_arch_init
                0x00000000000114f2                leds_arch_get
                0x00000000000114fe                leds_arch_set
 .text          0x000000000001152b       0x2f obj_cooja/mtype341.a(moteid.o)
 .text          0x000000000001155a       0xb1 obj_cooja/mtype341.a(pir-sensor.o)
 .text          0x000000000001160b      0x131 obj_cooja/mtype341.a(rs232.o)
                0x000000000001160b                rs232_init
                0x0000000000011610                rs232_set_speed
                0x000000000001161e                rs232_set_input
                0x000000000001162b                rs232_send
                0x000000000001164d                rs232_print
                0x0000000000011668                slip_arch_writeb
 .text          0x000000000001173c       0xb1 obj_cooja/mtype341.a(vib-sensor.o)
 .text          0x00000000000117ed       0x34 obj_cooja/mtype341.a(clock.o)
                0x00000000000117ed                clock_init
                0x00000000000117f2                clock_time
                0x00000000000117fc                clock_seconds
                0x0000000000011812                clock_delay
 .text          0x0000000000011821      0x1ed obj_cooja/mtype341.a(log.o)
                0x0000000000011821                simlog_char
                0x0000000000011863                simlog
                0x00000000000118d0                log_message
                0x00000000000118f8                log_set_putchar_with_slip
                0x0000000000011905                log_putchar
                0x0000000000011989                log_puts
                0x00000000000119ad                log_printf
 .text          0x0000000000011a0e      0x2c4 obj_cooja/mtype341.a(cfs-cooja.o)
                0x0000000000011a0e                cfs_open
                0x0000000000011a77                cfs_close
                0x0000000000011a83                cfs_read
                0x0000000000011b21                cfs_write
                0x0000000000011bfe                cfs_seek
                0x0000000000011c86                cfs_remove
                0x0000000000011caf                cfs_opendir
                0x0000000000011cb9                cfs_readdir
                0x0000000000011cc3                cfs_closedir
 .text          0x0000000000011cd2      0x69f obj_cooja/mtype341.a(cooja-radio.o)
                0x0000000000011cfc                radio_set_channel
                0x0000000000011d11                radio_set_txpower
                0x0000000000011d31                radio_signal_strength_last
                0x0000000000011d3b                radio_signal_strength_current
                0x0000000000011d45                radio_LQI
 .text          0x0000000000012371       0xef obj_cooja/mtype341.a(eeprom.o)
                0x0000000000012371                eeprom_init
                0x0000000000012376                eeprom_read
                0x00000000000123e6                eeprom_write
 .text          0x0000000000012460       0x28 obj_cooja/mtype341.a(random.o)
                0x0000000000012460                random_init
                0x000000000001247b                random_rand
 .text          0x0000000000012488      0x2a1 obj_cooja/mtype341.a(sensors.o)
                0x00000000000124c3                sensors_first
                0x00000000000124cd                sensors_next
                0x00000000000124ea                sensors_changed
                0x0000000000012519                sensors_find
 .text          0x0000000000012729      0x134 obj_cooja/mtype341.a(leds.o)
                0x000000000001277a                leds_init
                0x000000000001278e                leds_blink
                0x00000000000127c6                leds_get
                0x00000000000127d3                leds_set
                0x00000000000127ed                leds_on
                0x0000000000012810                leds_off
                0x000000000001283a                leds_toggle
 .text          0x000000000001285d      0x318 obj_cooja/mtype341.a(dual_conf.o)
                0x000000000001285d                dual_radio_switch
                0x000000000001289d                dual_radio_change
                0x00000000000128d7                sending_in_LR
                0x0000000000012902                dual_radio_received
                0x000000000001293a                radio_received_is_longrange
                0x0000000000012955                dual_radio_turn_on
                0x0000000000012978                dual_radio_turn_off
                0x0000000000012b2b                dio_broadcast
                0x0000000000012b54                dis_broadcast
 .text          0x0000000000012b75       0x8e obj_cooja/mtype341.a(autostart.o)
                0x0000000000012b75                autostart_start
                0x0000000000012bc0                autostart_exit
 .text          0x0000000000012c03      0x334 obj_cooja/mtype341.a(ctimer.o)
                0x0000000000012d1a                ctimer_init
                0x0000000000012d4a                ctimer_set
                0x0000000000012d7b                ctimer_set_with_process
                0x0000000000012df7                ctimer_reset
                0x0000000000012e46                ctimer_restart
                0x0000000000012e95                ctimer_stop
                0x0000000000012ee0                ctimer_expired
 .text          0x0000000000012f37      0x40b obj_cooja/mtype341.a(etimer.o)
                0x000000000001314a                etimer_request_poll
                0x00000000000131ce                etimer_set
                0x00000000000131f3                etimer_reset_with_new_interval
                0x000000000001321a                etimer_reset
                0x0000000000013238                etimer_restart
                0x0000000000013256                etimer_adjust
                0x0000000000013272                etimer_expired
                0x0000000000013285                etimer_expiration_time
                0x0000000000013297                etimer_start_time
                0x00000000000132a1                etimer_pending
                0x00000000000132b3                etimer_next_expiration_time
                0x00000000000132cd                etimer_stop
 .text          0x0000000000013342      0x220 obj_cooja/mtype341.a(log_message.o)
                0x0000000000013342                log_initialization
                0x0000000000013541                log_finisher
 .text          0x0000000000013562      0x560 obj_cooja/mtype341.a(process.o)
                0x0000000000013562                process_alloc_event
                0x0000000000013577                process_start
                0x0000000000013760                process_exit
                0x000000000001377c                process_init
                0x000000000001394d                process_run
                0x0000000000013980                process_nevents
                0x000000000001399b                process_post
                0x0000000000013a47                process_post_synch
                0x0000000000013a7f                process_poll
                0x0000000000013aae                process_is_running
 .text          0x0000000000013ac2       0xd3 obj_cooja/mtype341.a(residual.o)
                0x0000000000013ac2                get_residual_energy
 .text          0x0000000000013b95       0xba obj_cooja/mtype341.a(rtimer.o)
                0x0000000000013b95                rtimer_init
                0x0000000000013ba2                rtimer_set
                0x0000000000013bf9                rtimer_run_next
 .text          0x0000000000013c4f       0x91 obj_cooja/mtype341.a(timer.o)
                0x0000000000013c4f                timer_set
                0x0000000000013c6a                timer_reset
                0x0000000000013c81                timer_restart
                0x0000000000013c93                timer_expired
                0x0000000000013cbc                timer_remaining
 .text          0x0000000000013ce0      0x1fb obj_cooja/mtype341.a(serial-line.o)
                0x0000000000013ce0                serial_line_input_byte
                0x0000000000013ea3                serial_line_init
 .text          0x0000000000013edb      0x244 obj_cooja/mtype341.a(list.o)
                0x0000000000013edb                list_init
                0x0000000000013ee9                list_head
                0x0000000000013ef3                list_copy
                0x0000000000013f02                list_tail
                0x0000000000013f38                list_add
                0x0000000000013f81                list_push
                0x0000000000013fad                list_chop
                0x0000000000014017                list_pop
                0x000000000001403f                list_remove
                0x00000000000140a6                list_length
                0x00000000000140d4                list_insert
                0x0000000000014108                list_item_next
 .text          0x000000000001411f      0x155 obj_cooja/mtype341.a(ringbuf.o)
                0x000000000001411f                ringbuf_init
                0x0000000000014150                ringbuf_put
                0x00000000000141ce                ringbuf_get
                0x000000000001423b                ringbuf_size
                0x000000000001424d                ringbuf_elements
 .text          0x0000000000014274     0x258b obj_cooja/mtype341.a(sicslowpan.o)
                0x00000000000147fe                rime_sniffer_add
                0x000000000001480b                rime_sniffer_remove
                0x000000000001679e                sicslowpan_init
                0x00000000000167f5                sicslowpan_get_last_rssi
 .text          0x00000000000167ff      0x2d9 obj_cooja/mtype341.a(uip-ds6-nbr.o)
                0x000000000001681c                uip_ds6_neighbors_init
                0x0000000000016839                uip_ds6_nbr_add
                0x00000000000168e7                uip_ds6_nbr_rm
                0x0000000000016944                uip_ds6_nbr_get_ipaddr
                0x0000000000016959                uip_ds6_nbr_get_ll
                0x0000000000016975                uip_ds6_nbr_num
                0x00000000000169ba                uip_ds6_nbr_lookup
                0x0000000000016a1f                uip_ds6_nbr_ll_lookup
                0x0000000000016a3b                uip_ds6_nbr_ipaddr_from_lladdr
                0x0000000000016a61                uip_ds6_nbr_lladdr_from_ipaddr
                0x0000000000016a8f                uip_ds6_link_neighbor_callback
 .text          0x0000000000016ad8     0x12ad obj_cooja/mtype341.a(uip-ds6.o)
                0x0000000000016ad8                uip_ds6_init
                0x0000000000016e2d                uip_ds6_periodic
                0x0000000000016f05                uip_ds6_list_loop
                0x0000000000016fac                uip_ds6_prefix_add
                0x000000000001706a                uip_ds6_prefix_rm
                0x000000000001707c                uip_ds6_prefix_lookup
                0x00000000000170cd                uip_ds6_is_addr_onlink
                0x0000000000017141                uip_ds6_addr_add
                0x000000000001726f                uip_ds6_long_addr_add
                0x000000000001739d                uip_ds6_addr_rm
                0x000000000001743d                uip_ds6_addr_lookup
                0x0000000000017488                uip_ds6_long_addr_lookup
                0x00000000000174d3                uip_ds6_get_link_local
                0x0000000000017552                uip_ds6_long_get_link_local
                0x00000000000175d1                uip_ds6_get_global
                0x0000000000017650                uip_ds6_long_get_global
                0x00000000000176cf                uip_ds6_maddr_add
                0x0000000000017741                uip_ds6_long_maddr_add
                0x00000000000177b3                uip_ds6_maddr_rm
                0x00000000000177c5                uip_ds6_maddr_lookup
                0x0000000000017810                uip_ds6_long_maddr_lookup
                0x000000000001785b                uip_ds6_aaddr_add
                0x00000000000178cd                uip_ds6_long_aaddr_add
                0x000000000001793f                uip_ds6_aaddr_rm
                0x0000000000017951                uip_ds6_aaddr_lookup
                0x000000000001799c                uip_ds6_long_aaddr_lookup
                0x00000000000179e7                uip_ds6_select_src
                0x0000000000017c70                uip_ds6_set_addr_iid
                0x0000000000017ca7                get_match_length
                0x0000000000017d39                uip_ds6_compute_reachable_time
 .text          0x0000000000017d85     0x2d4f obj_cooja/mtype341.a(uip6.o)
                0x0000000000017d85                uip_add32
                0x0000000000017f1e                uip_chksum
                0x0000000000018034                uip_icmp6chksum
                0x0000000000018048                uip_tcpchksum
                0x000000000001805c                uip_udpchksum
                0x0000000000018070                uip_init
                0x0000000000018140                uip_connect
                0x00000000000182ef                remove_ext_hdr
                0x00000000000183f8                uip_udp_new
                0x0000000000018554                uip_unlisten
                0x00000000000185b4                uip_listen
                0x00000000000188da                uip_process
                0x000000000001a9c8                uip_htons
                0x000000000001a9ea                uip_htonl
                0x000000000001aa2a                uip_send
 .text          0x000000000001aad4      0xa53 obj_cooja/mtype341.a(tcpip.o)
                0x000000000001aad4                tcpip_output
                0x000000000001ab0f                tcpip_set_outputfunc
                0x000000000001aba3                tcp_connect
                0x000000000001abf8                tcp_unlisten
                0x000000000001ac53                tcp_listen
                0x000000000001acac                tcp_attach
                0x000000000001acd1                udp_attach
                0x000000000001acf6                udp_new
                0x000000000001ad48                udp_broadcast_new
                0x000000000001afbc                tcpip_input
                0x000000000001aff0                tcpip_ipv6_output
                0x000000000001b363                tcpip_poll_udp
                0x000000000001b386                tcpip_poll_tcp
                0x000000000001b3a9                tcpip_uipcall
 .text          0x000000000001b527      0x1c1 obj_cooja/mtype341.a(uip-debug.o)
                0x000000000001b527                uip_debug_ipaddr_print
                0x000000000001b689                uip_debug_lladdr_print
 .text          0x000000000001b6e8      0x141 obj_cooja/mtype341.a(uip-packetqueue)
                0x000000000001b714                uip_packetqueue_new
                0x000000000001b722                uip_packetqueue_alloc
                0x000000000001b782                uip_packetqueue_free
                0x000000000001b7c3                uip_packetqueue_buf
                0x000000000001b7e0                uip_packetqueue_buflen
                0x000000000001b801                uip_packetqueue_set_buflen
 .text          0x000000000001b829     0x258c obj_cooja/mtype341.a(rpl-dag.o)
                0x000000000001b829                rpl_print_neighbor_list
                0x000000000001b890                rpl_print_child_neighbor_list
                0x000000000001b8f7                rpl_get_nbr
                0x000000000001b951                rpl_get_nbr_child
                0x000000000001b9ab                rpl_dag_init
                0x000000000001b9dd                rpl_get_parent
                0x000000000001b9ff                rpl_get_parent_rank
                0x000000000001ba32                rpl_get_parent_link_metric
                0x000000000001ba65                rpl_get_parent_ipaddr
                0x000000000001ba8f                rpl_get_child_ipaddr
                0x000000000001bd99                rpl_set_root
                0x000000000001bfc7                rpl_repair_root
                0x000000000001c203                rpl_set_prefix
                0x000000000001c302                rpl_set_default_route
                0x000000000001c38e                rpl_alloc_instance
                0x000000000001c416                rpl_alloc_dag
                0x000000000001c4c9                rpl_set_default_instance
                0x000000000001c4d6                rpl_get_default_instance
                0x000000000001c4e0                rpl_free_instance
                0x000000000001c581                rpl_free_dag
                0x000000000001c5e7                rpl_add_parent
                0x000000000001c6d0                rpl_find_parent
                0x000000000001c700                rpl_add_child
                0x000000000001c7a4                rpl_find_child
                0x000000000001c7f2                rpl_find_parent_any_dag
                0x000000000001c82e                rpl_select_dag
                0x000000000001cc5e                rpl_select_parent
                0x000000000001ccc0                rpl_remove_parent
                0x000000000001ccf6                rpl_remove_child
                0x000000000001cd12                rpl_nullify_parent
                0x000000000001cdb0                rpl_move_parent
                0x000000000001ce4d                rpl_has_downward_route
                0x000000000001cea0                rpl_get_any_dag
                0x000000000001cf02                rpl_get_instance
                0x000000000001cf65                rpl_find_of
                0x000000000001cfa2                rpl_join_instance
                0x000000000001d23e                rpl_add_dag
                0x000000000001d62d                rpl_local_repair
                0x000000000001d706                rpl_recalculate_ranks
                0x000000000001d78c                rpl_process_parent_event
                0x000000000001d83e                rpl_process_dio
 .text          0x000000000001ddb5      0xbf3 obj_cooja/mtype341.a(rpl-ext-header.)
                0x000000000001ddd2                rpl_verify_header
                0x000000000001e24c                rpl_update_header_empty
                0x000000000001e563                rpl_update_header_final
                0x000000000001e6f2                rpl_remove_header
                0x000000000001e7fc                rpl_invert_header
                0x000000000001e986                rpl_insert_header
 .text          0x000000000001e9a8     0x22fb obj_cooja/mtype341.a(rpl-icmp6.o)
                0x000000000001ec71                rpl_icmp6_update_nbr_table
                0x000000000001ed61                dis_output
                0x000000000001f699                dio_output
                0x000000000002080e                dao_output
                0x00000000000208d6                dao_output_target
                0x0000000000020c57                dao_ack_output
                0x0000000000020c6b                rpl_icmp6_register_handlers
 .text          0x0000000000020ca3      0x3b5 obj_cooja/mtype341.a(rpl-ltmax.o)
 .text          0x0000000000021058      0x59d obj_cooja/mtype341.a(rpl-timers.o)
                0x000000000002129e                rpl_reset_periodic_timer
                0x00000000000212f3                rpl_reset_dio_timer
                0x000000000002152d                rpl_schedule_dao
                0x0000000000021548                rpl_schedule_dao_immediately
                0x0000000000021563                rpl_cancel_dao
                0x00000000000215c5                rpl_schedule_unicast_dio_immediately
 .text          0x00000000000215f5      0x5c5 obj_cooja/mtype341.a(rpl.o)
                0x00000000000215f5                rpl_get_mode
                0x00000000000215ff                rpl_set_mode
                0x000000000002168d                rpl_purge_routes
                0x0000000000021787                rpl_remove_routes
                0x00000000000217cd                rpl_remove_routes_by_nexthop
                0x0000000000021839                rpl_add_route
                0x00000000000218b4                rpl_link_neighbor_callback
                0x00000000000219b9                rpl_ipv6_neighbor_callback
                0x0000000000021a28                rpl_purge_dags
                0x0000000000021b34                rpl_init
 .text          0x0000000000021bba      0xa96 obj_cooja/mtype341.a(csma.o)
 .text          0x0000000000022650      0x3f5 obj_cooja/mtype341.a(framer-802154.o)
 .text          0x0000000000022a45       0x3c obj_cooja/mtype341.a(mac.o)
                0x0000000000022a45                mac_call_sent_callback
 .text          0x0000000000022a81      0xf9c obj_cooja/mtype341.a(cxmac.o)
                0x000000000002396d                cxmac_set_announcement_radio_txpower
                0x0000000000023972                cxmac_init
 .text          0x0000000000023a1d       0x82 obj_cooja/mtype341.a(linkaddr.o)
                0x0000000000023a1d                linkaddr_copy
                0x0000000000023a3f                linkaddr_cmp
                0x0000000000023a69                linkaddr_set_node_addr
                0x0000000000023a84                linkaddr_set_node_long_addr
 .text          0x0000000000023a9f      0x919 obj_cooja/mtype341.a(nbr-table.o)
                0x0000000000023a9f                long_ip_from_lladdr_map
                0x0000000000023b2c                lladdr_map_add_lr
                0x0000000000023be9                lladdr_map_rm_lr
                0x00000000000240ae                nbr_table_register
                0x00000000000240f6                nbr_table_head
                0x0000000000024152                nbr_table_next
                0x00000000000241b9                nbr_table_add_lladdr
                0x0000000000024295                nbr_table_get_from_lladdr
                0x00000000000242e2                nbr_table_remove
                0x0000000000024334                nbr_table_lock
                0x000000000002435e                nbr_table_unlock
                0x0000000000024388                nbr_table_get_lladdr
 .text          0x00000000000243b8       0x2b obj_cooja/mtype341.a(netstack.o)
                0x00000000000243b8                netstack_init
 .text          0x00000000000243e3      0x3cd obj_cooja/mtype341.a(packetbuf.o)
                0x00000000000243e3                packetbuf_clear
                0x000000000002440d                packetbuf_copyfrom
                0x000000000002445f                packetbuf_compact
                0x00000000000244dc                packetbuf_copyto
                0x0000000000024573                packetbuf_hdralloc
                0x00000000000245f0                packetbuf_hdrreduce
                0x0000000000024638                packetbuf_set_datalen
                0x0000000000024651                packetbuf_dataptr
                0x000000000002466e                packetbuf_hdrptr
                0x0000000000024678                packetbuf_datalen
                0x0000000000024684                packetbuf_hdrlen
                0x000000000002469b                packetbuf_totlen
                0x00000000000246b1                packetbuf_attr_clear
                0x0000000000024703                packetbuf_attr_copyto
                0x000000000002474c                packetbuf_attr_copyfrom
                0x0000000000024794                packetbuf_holds_broadcast
 .text          0x00000000000247b0      0x2b4 obj_cooja/mtype341.a(queuebuf.o)
                0x00000000000247ba                queuebuf_init
                0x00000000000247da                queuebuf_numfree
                0x00000000000247ee                queuebuf_new_from_packetbuf
                0x000000000002487e                queuebuf_update_attr_from_packetbuf
                0x00000000000248b1                queuebuf_update_from_packetbuf
                0x00000000000248fb                queuebuf_free
                0x0000000000024942                queuebuf_to_packetbuf
                0x00000000000249a8                queuebuf_dataptr
                0x00000000000249df                queuebuf_datalen
                0x0000000000024a02                queuebuf_addr
                0x0000000000024a34                queuebuf_attr
                0x0000000000024a5f                queuebuf_debug_print
 .text          0x0000000000024a64       0x6e obj_cooja/mtype341.a(nullsec.o)
 .text          0x0000000000024ad2       0x19 obj_cooja/mtype341.a(watchdog.o)
                0x0000000000024ad2                watchdog_init
                0x0000000000024ad7                watchdog_start
                0x0000000000024adc                watchdog_periodic
                0x0000000000024ae1                watchdog_stop
                0x0000000000024ae6                watchdog_reboot
 .text          0x0000000000024aeb        0x0 obj_cooja/mtype341.a(rimestats.o)
 .text          0x0000000000024aeb       0xa3 obj_cooja/mtype341.a(stimer.o)
                0x0000000000024aeb                stimer_set
                0x0000000000024b06                stimer_reset
                0x0000000000024b1d                stimer_restart
                0x0000000000024b2f                stimer_expired
                0x0000000000024b56                stimer_remaining
                0x0000000000024b7a                stimer_elapsed
 .text          0x0000000000024b8e      0x1c1 obj_cooja/mtype341.a(memb.o)
                0x0000000000024b8e                memb_init
                0x0000000000024bec                memb_alloc
                0x0000000000024c51                memb_free
                0x0000000000024ccc                memb_inmemb
                0x0000000000024d0b                memb_numfree
 .text          0x0000000000024d4f      0x916 obj_cooja/mtype341.a(uip-ds6-route.o)
                0x0000000000024dc6                uip_ds6_notification_add
                0x0000000000024df7                uip_ds6_notification_rm
                0x0000000000024e13                uip_ds6_route_init
                0x0000000000024e9b                uip_ds6_route_nexthop
                0x0000000000024ec3                uip_ds6_route_head
                0x0000000000024ed8                uip_ds6_route_next
                0x0000000000024efe                uip_ds6_route_is_nexthop
                0x0000000000024f3d                uip_ds6_route_num_routes
                0x0000000000024f47                uip_ds6_route_lookup
                0x0000000000025009                uip_ds6_route_add
                0x000000000002523d                uip_ds6_route_rm
                0x00000000000253d1                uip_ds6_route_rm_by_nexthop
                0x0000000000025409                uip_ds6_defrt_add
                0x00000000000254ba                uip_ds6_defrt_rm
                0x0000000000025539                uip_ds6_defrt_lookup
                0x0000000000025592                uip_ds6_defrt_choose
                0x00000000000255fd                uip_ds6_defrt_periodic
 .text          0x0000000000025665      0xabf obj_cooja/mtype341.a(uip-icmp6.o)
                0x00000000000256d3                uip_icmp6_input
                0x0000000000025729                uip_icmp6_register_input_handler
                0x00000000000259f1                uip_icmp6_error_output
                0x0000000000025d36                uip_icmp6_send
                0x00000000000260b7                uip_icmp6_echo_reply_callback_add
                0x00000000000260e8                uip_icmp6_echo_reply_callback_rm
                0x0000000000026104                uip_icmp6_init
 .text          0x0000000000026124      0x358 obj_cooja/mtype341.a(uip-nd6.o)
                0x0000000000026178                uip_nd6_ns_output
                0x0000000000026477                uip_nd6_init
 .text          0x000000000002647c      0x331 obj_cooja/mtype341.a(rpl-nbr-policy.)
                0x0000000000026654                find_removable_dis
                0x0000000000026677                find_removable_dio
                0x0000000000026706                find_removable_dao
                0x0000000000026756                rpl_nbr_policy_find_removable
 .text          0x00000000000267ad      0x97c obj_cooja/mtype341.a(frame802154.o)
                0x00000000000267de                frame802154_get_pan_id
                0x00000000000267ea                frame802154_set_pan_id
                0x0000000000026803                frame802154_has_panid
                0x00000000000268ef                frame802154_check_dest_panid
                0x0000000000026957                frame802154_is_broadcast_addr
                0x00000000000269a4                frame802154_extract_linkaddr
                0x0000000000026be4                frame802154_hdrlen
                0x0000000000026c35                frame802154_create
                0x0000000000026e20                frame802154_parse
 .text          0x0000000000027129        0x0 /usr/lib/gcc/i686-linux-gnu/4.8/crtendS.o
 .text          0x0000000000027129        0x0 /usr/lib/gcc/i686-linux-gnu/4.8/../../../i386-linux-gnu/crtn.o
 *(.gnu.warning)

.fini           0x000000000002712c       0x14
 *(SORT(.fini))
 .fini          0x000000000002712c        0xf /usr/lib/gcc/i686-linux-gnu/4.8/../../../i386-linux-gnu/crti.o
                0x000000000002712c                _fini
 .fini          0x000000000002713b        0x5 /usr/lib/gcc/i686-linux-gnu/4.8/../../../i386-linux-gnu/crtn.o
                0x0000000000027140                PROVIDE (__etext, .)
                0x0000000000027140                PROVIDE (_etext, .)
                0x0000000000027140                PROVIDE (etext, .)

.rodata         0x0000000000027140      0xf80
 *(.rodata .rodata.* .gnu.linkonce.r.*)
 .rodata        0x0000000000027140      0x154 udp-server.co
                0x0000000000027154                autostart_processes
 .rodata        0x0000000000027294      0x1e6 obj_cooja/mtype341.o
 *fill*         0x000000000002747a        0x2 
 .rodata        0x000000000002747c        0x8 obj_cooja/mtype341.a(beep.o)
                0x000000000002747c                beep_interface
 .rodata        0x0000000000027484       0x20 obj_cooja/mtype341.a(button-sensor.o)
                0x0000000000027484                button_interface
                0x0000000000027494                button_sensor
 .rodata        0x00000000000274a4        0x8 obj_cooja/mtype341.a(leds-arch.o)
                0x00000000000274a4                leds_interface
 .rodata        0x00000000000274ac        0x8 obj_cooja/mtype341.a(moteid.o)
                0x00000000000274ac                moteid_interface
 .rodata        0x00000000000274b4       0x1c obj_cooja/mtype341.a(pir-sensor.o)
                0x00000000000274b4                pir_interface
                0x00000000000274c0                pir_sensor
 .rodata        0x00000000000274d0        0xe obj_cooja/mtype341.a(rs232.o)
                0x00000000000274d0                rs232_interface
 *fill*         0x00000000000274de        0x2 
 .rodata        0x00000000000274e0       0x24 obj_cooja/mtype341.a(vib-sensor.o)
                0x00000000000274e0                vib_interface
                0x00000000000274f4                vib_sensor
 .rodata        0x0000000000027504        0x8 obj_cooja/mtype341.a(clock.o)
                0x0000000000027504                clock_interface
 .rodata        0x000000000002750c        0x8 obj_cooja/mtype341.a(log.o)
                0x000000000002750c                simlog_interface
 .rodata        0x0000000000027514       0x2f obj_cooja/mtype341.a(cfs-cooja.o)
                0x0000000000027514                cfs_interface
 *fill*         0x0000000000027543       0x1d 
 .rodata        0x0000000000027560       0x60 obj_cooja/mtype341.a(cooja-radio.o)
                0x0000000000027580                cooja_radio_driver
                0x00000000000275b8                radio_interface
 .rodata        0x00000000000275c0        0x8 obj_cooja/mtype341.a(eeprom.o)
                0x00000000000275c0                eeprom_interface
 .rodata        0x00000000000275c8        0x8 obj_cooja/mtype341.a(sensors.o)
 .rodata        0x00000000000275d0       0x1c obj_cooja/mtype341.a(dual_conf.o)
 .rodata        0x00000000000275ec        0xf obj_cooja/mtype341.a(ctimer.o)
 .rodata        0x00000000000275fb        0xc obj_cooja/mtype341.a(etimer.o)
 *fill*         0x0000000000027607        0x1 
 .rodata        0x0000000000027608      0x16d obj_cooja/mtype341.a(log_message.o)
 *fill*         0x0000000000027775        0x3 
 .rodata        0x0000000000027778       0x20 obj_cooja/mtype341.a(residual.o)
                0x0000000000027778                DISSIPATION_RATE
 .rodata        0x0000000000027798        0xe obj_cooja/mtype341.a(serial-line.o)
 *fill*         0x00000000000277a6        0x2 
 .rodata        0x00000000000277a8       0x2c obj_cooja/mtype341.a(sicslowpan.o)
                0x00000000000277a8                unc_llconf
                0x00000000000277ac                unc_ctxconf
                0x00000000000277b0                unc_mxconf
                0x00000000000277b4                llprefix
                0x00000000000277c8                sicslowpan_driver
 .rodata        0x00000000000277d4      0x590 obj_cooja/mtype341.a(uip6.o)
 .rodata        0x0000000000027d64        0xd obj_cooja/mtype341.a(tcpip.o)
 .rodata        0x0000000000027d71       0x3e obj_cooja/mtype341.a(uip-debug.o)
 *fill*         0x0000000000027daf        0x1 
 .rodata        0x0000000000027db0        0x4 obj_cooja/mtype341.a(rpl-dag.o)
 .rodata        0x0000000000027db4      0x288 obj_cooja/mtype341.a(csma.o)
                0x0000000000028020                csma_driver
 .rodata        0x000000000002803c        0xc obj_cooja/mtype341.a(framer-802154.o)
                0x000000000002803c                framer_802154
 *fill*         0x0000000000028048       0x18 
 .rodata        0x0000000000028060       0x40 obj_cooja/mtype341.a(cxmac.o)
                0x0000000000028080                cxmac_driver
 .rodata        0x00000000000280a0        0x8 obj_cooja/mtype341.a(linkaddr.o)
                0x00000000000280a0                linkaddr_null
 .rodata        0x00000000000280a8       0x18 obj_cooja/mtype341.a(nullsec.o)
                0x00000000000280b0                nullsec_driver

.rodata1
 *(.rodata1)

.eh_frame_hdr   0x00000000000280c0     0x13f4
 *(.eh_frame_hdr)
 .eh_frame_hdr  0x00000000000280c0     0x13f4 udp-server.co

.eh_frame       0x00000000000294b4     0x513c
 *(.eh_frame)
 .eh_frame      0x00000000000294b4       0x3c /usr/lib/gcc/i686-linux-gnu/4.8/../../../i386-linux-gnu/crti.o
                                         0x40 (size before relaxing)
 .eh_frame      0x00000000000294f0       0x68 udp-server.co
                                         0x80 (size before relaxing)
 .eh_frame      0x0000000000029558      0x148 obj_cooja/mtype341.o
                                        0x160 (size before relaxing)
 .eh_frame      0x00000000000296a0       0x40 obj_cooja/mtype341.a(simEnvChange.o)
                                         0x58 (size before relaxing)
 .eh_frame      0x00000000000296e0       0xc0 obj_cooja/mtype341.a(cooja_mt.o)
                                         0xd8 (size before relaxing)
 .eh_frame      0x00000000000297a0      0x120 obj_cooja/mtype341.a(cooja_mtarch.o)
                                        0x138 (size before relaxing)
 .eh_frame      0x00000000000298c0       0xc0 obj_cooja/mtype341.a(rtimer-arch.o)
                                         0xd8 (size before relaxing)
 .eh_frame      0x0000000000029980      0x160 obj_cooja/mtype341.a(beep.o)
                                        0x178 (size before relaxing)
 .eh_frame      0x0000000000029ae0       0xa0 obj_cooja/mtype341.a(button-sensor.o)
                                         0xb8 (size before relaxing)
 .eh_frame      0x0000000000029b80       0xa0 obj_cooja/mtype341.a(leds-arch.o)
                                         0xb8 (size before relaxing)
 .eh_frame      0x0000000000029c20       0x40 obj_cooja/mtype341.a(moteid.o)
                                         0x58 (size before relaxing)
 .eh_frame      0x0000000000029c60       0xa0 obj_cooja/mtype341.a(pir-sensor.o)
                                         0xb8 (size before relaxing)
 .eh_frame      0x0000000000029d00      0x100 obj_cooja/mtype341.a(rs232.o)
                                        0x118 (size before relaxing)
 .eh_frame      0x0000000000029e00       0xa0 obj_cooja/mtype341.a(vib-sensor.o)
                                         0xb8 (size before relaxing)
 .eh_frame      0x0000000000029ea0       0xc0 obj_cooja/mtype341.a(clock.o)
                                         0xd8 (size before relaxing)
 .eh_frame      0x0000000000029f60      0x120 obj_cooja/mtype341.a(log.o)
                                        0x138 (size before relaxing)
 .eh_frame      0x000000000002a080      0x160 obj_cooja/mtype341.a(cfs-cooja.o)
                                        0x178 (size before relaxing)
 .eh_frame      0x000000000002a1e0      0x2e0 obj_cooja/mtype341.a(cooja-radio.o)
                                        0x2f8 (size before relaxing)
 .eh_frame      0x000000000002a4c0       0xa0 obj_cooja/mtype341.a(eeprom.o)
                                         0xb8 (size before relaxing)
 .eh_frame      0x000000000002a560       0x40 obj_cooja/mtype341.a(random.o)
                                         0x58 (size before relaxing)
 .eh_frame      0x000000000002a5a0       0xc0 obj_cooja/mtype341.a(sensors.o)
                                         0xd8 (size before relaxing)
 .eh_frame      0x000000000002a660      0x100 obj_cooja/mtype341.a(leds.o)
                                        0x118 (size before relaxing)
 .eh_frame      0x000000000002a760      0x160 obj_cooja/mtype341.a(dual_conf.o)
                                        0x178 (size before relaxing)
 .eh_frame      0x000000000002a8c0       0x40 obj_cooja/mtype341.a(autostart.o)
                                         0x58 (size before relaxing)
 .eh_frame      0x000000000002a900      0x100 obj_cooja/mtype341.a(ctimer.o)
                                        0x118 (size before relaxing)
 .eh_frame      0x000000000002aa00      0x1e0 obj_cooja/mtype341.a(etimer.o)
                                        0x1f8 (size before relaxing)
 .eh_frame      0x000000000002abe0       0x50 obj_cooja/mtype341.a(log_message.o)
                                         0x68 (size before relaxing)
 .eh_frame      0x000000000002ac30      0x1c8 obj_cooja/mtype341.a(process.o)
                                        0x1e0 (size before relaxing)
 .eh_frame      0x000000000002adf8       0x2c obj_cooja/mtype341.a(residual.o)
                                         0x44 (size before relaxing)
 .eh_frame      0x000000000002ae24       0x60 obj_cooja/mtype341.a(rtimer.o)
                                         0x78 (size before relaxing)
 .eh_frame      0x000000000002ae84       0xa4 obj_cooja/mtype341.a(timer.o)
                                         0xbc (size before relaxing)
 .eh_frame      0x000000000002af28       0x60 obj_cooja/mtype341.a(serial-line.o)
                                         0x78 (size before relaxing)
 .eh_frame      0x000000000002af88      0x180 obj_cooja/mtype341.a(list.o)
                                        0x198 (size before relaxing)
 .eh_frame      0x000000000002b108       0xa0 obj_cooja/mtype341.a(ringbuf.o)
                                         0xb8 (size before relaxing)
 .eh_frame      0x000000000002b1a8      0x350 obj_cooja/mtype341.a(sicslowpan.o)
                                        0x368 (size before relaxing)
 .eh_frame      0x000000000002b4f8      0x180 obj_cooja/mtype341.a(uip-ds6-nbr.o)
                                        0x198 (size before relaxing)
 .eh_frame      0x000000000002b678      0x3c8 obj_cooja/mtype341.a(uip-ds6.o)
                                        0x3e0 (size before relaxing)
 .eh_frame      0x000000000002ba40      0x27c obj_cooja/mtype341.a(uip6.o)
                                        0x294 (size before relaxing)
 .eh_frame      0x000000000002bcbc      0x270 obj_cooja/mtype341.a(tcpip.o)
                                        0x288 (size before relaxing)
 .eh_frame      0x000000000002bf2c       0x48 obj_cooja/mtype341.a(uip-debug.o)
                                         0x60 (size before relaxing)
 .eh_frame      0x000000000002bf74       0xe0 obj_cooja/mtype341.a(uip-packetqueue)
                                         0xf8 (size before relaxing)
 .eh_frame      0x000000000002c054      0x74c obj_cooja/mtype341.a(rpl-dag.o)
                                        0x764 (size before relaxing)
 .eh_frame      0x000000000002c7a0      0x10c obj_cooja/mtype341.a(rpl-ext-header.)
                                        0x124 (size before relaxing)
 .eh_frame      0x000000000002c8ac      0x2b8 obj_cooja/mtype341.a(rpl-icmp6.o)
                                        0x2d0 (size before relaxing)
 .eh_frame      0x000000000002cb64       0xe0 obj_cooja/mtype341.a(rpl-ltmax.o)
                                         0xf8 (size before relaxing)
 .eh_frame      0x000000000002cc44      0x1ac obj_cooja/mtype341.a(rpl-timers.o)
                                        0x1c4 (size before relaxing)
 .eh_frame      0x000000000002cdf0      0x148 obj_cooja/mtype341.a(rpl.o)
                                        0x160 (size before relaxing)
 .eh_frame      0x000000000002cf38      0x298 obj_cooja/mtype341.a(csma.o)
                                        0x2b0 (size before relaxing)
 .eh_frame      0x000000000002d1d0      0x108 obj_cooja/mtype341.a(framer-802154.o)
                                        0x120 (size before relaxing)
 .eh_frame      0x000000000002d2d8       0x20 obj_cooja/mtype341.a(mac.o)
                                         0x38 (size before relaxing)
 .eh_frame      0x000000000002d2f8      0x2bc obj_cooja/mtype341.a(cxmac.o)
                                        0x2d4 (size before relaxing)
 .eh_frame      0x000000000002d5b4       0x80 obj_cooja/mtype341.a(linkaddr.o)
                                         0x98 (size before relaxing)
 .eh_frame      0x000000000002d634      0x2cc obj_cooja/mtype341.a(nbr-table.o)
                                        0x2e4 (size before relaxing)
 .eh_frame      0x000000000002d900       0x20 obj_cooja/mtype341.a(netstack.o)
                                         0x38 (size before relaxing)
 .eh_frame      0x000000000002d920      0x214 obj_cooja/mtype341.a(packetbuf.o)
                                        0x22c (size before relaxing)
 .eh_frame      0x000000000002db34      0x1a0 obj_cooja/mtype341.a(queuebuf.o)
                                        0x1b8 (size before relaxing)
 .eh_frame      0x000000000002dcd4       0x80 obj_cooja/mtype341.a(nullsec.o)
                                         0x98 (size before relaxing)
 .eh_frame      0x000000000002dd54       0xa0 obj_cooja/mtype341.a(watchdog.o)
                                         0xb8 (size before relaxing)
 .eh_frame      0x000000000002ddf4       0xc4 obj_cooja/mtype341.a(stimer.o)
                                         0xdc (size before relaxing)
 .eh_frame      0x000000000002deb8       0xa0 obj_cooja/mtype341.a(memb.o)
                                         0xb8 (size before relaxing)
 .eh_frame      0x000000000002df58      0x2a0 obj_cooja/mtype341.a(uip-ds6-route.o)
                                        0x2b8 (size before relaxing)
 .eh_frame      0x000000000002e1f8      0x168 obj_cooja/mtype341.a(uip-icmp6.o)
                                        0x180 (size before relaxing)
 .eh_frame      0x000000000002e360       0x68 obj_cooja/mtype341.a(uip-nd6.o)
                                         0x80 (size before relaxing)
 .eh_frame      0x000000000002e3c8       0xc0 obj_cooja/mtype341.a(rpl-nbr-policy.)
                                         0xd8 (size before relaxing)
 .eh_frame      0x000000000002e488      0x164 obj_cooja/mtype341.a(frame802154.o)
                                        0x17c (size before relaxing)
 .eh_frame      0x000000000002e5ec        0x4 /usr/lib/gcc/i686-linux-gnu/4.8/crtendS.o

.gcc_except_table
 *(.gcc_except_table .gcc_except_table.*)

.exception_ranges
 *(.exception_ranges .exception_ranges*)
                0x000000000002e5f0                . = (ALIGN (0x1000) - ((0x1000 - .) & 0xfff))
                0x000000000002fef8                . = DATA_SEGMENT_ALIGN (0x1000, 0x1000)

.eh_frame
 *(.eh_frame)

.gcc_except_table
 *(.gcc_except_table .gcc_except_table.*)

.exception_ranges
 *(.exception_ranges .exception_ranges*)

.tdata
 *(.tdata .tdata.* .gnu.linkonce.td.*)

.tbss
 *(.tbss .tbss.* .gnu.linkonce.tb.*)
 *(.tcommon)

.preinit_array
 *(.preinit_array)

.init_array     0x000000000002fef8        0x4
 *(SORT(.init_array.*) SORT(.ctors.*))
 *(.init_array EXCLUDE_FILE(*crtend?.o *crtend.o *crtbegin?.o *crtbegin.o) .ctors)
 .init_array    0x000000000002fef8        0x4 /usr/lib/gcc/i686-linux-gnu/4.8/crtbeginS.o

.fini_array     0x000000000002fefc        0x4
 *(SORT(.fini_array.*) SORT(.dtors.*))
 *(.fini_array EXCLUDE_FILE(*crtend?.o *crtend.o *crtbegin?.o *crtbegin.o) .dtors)
 .fini_array    0x000000000002fefc        0x4 /usr/lib/gcc/i686-linux-gnu/4.8/crtbeginS.o

.ctors
 *crtbegin.o(.ctors)
 *crtbegin?.o(.ctors)
 *(EXCLUDE_FILE(*crtend?.o *crtend.o) .ctors)
 *(SORT(.ctors.*))
 *(.ctors)

.dtors
 *crtbegin.o(.dtors)
 *crtbegin?.o(.dtors)
 *(EXCLUDE_FILE(*crtend?.o *crtend.o) .dtors)
 *(SORT(.dtors.*))
 *(.dtors)

.jcr            0x000000000002ff00        0x4
 *(.jcr)
 .jcr           0x000000000002ff00        0x0 /usr/lib/gcc/i686-linux-gnu/4.8/crtbeginS.o
 .jcr           0x000000000002ff00        0x4 /usr/lib/gcc/i686-linux-gnu/4.8/crtendS.o

.data.rel.ro
 *(.data.rel.ro.local* .gnu.linkonce.d.rel.ro.local.*)
 *(.data.rel.ro .data.rel.ro.* .gnu.linkonce.d.rel.ro.*)

.dynamic        0x000000000002ff04       0xe8
 *(.dynamic)
 .dynamic       0x000000000002ff04       0xe8 /usr/lib/gcc/i686-linux-gnu/4.8/../../../i386-linux-gnu/crti.o
                0x000000000002ff04                _DYNAMIC

.got            0x000000000002ffec       0x14
 *(.got)
 .got           0x000000000002ffec       0x14 /usr/lib/gcc/i686-linux-gnu/4.8/../../../i386-linux-gnu/crti.o
 *(.igot)
                0x0000000000030ff4                . = DATA_SEGMENT_RELRO_END (., (SIZEOF (.got.plt) >= 0xc)?0xc:0x0)

.got.plt        0x0000000000030000       0x14
 *(.got.plt)
 .got.plt       0x0000000000030000       0x14 /usr/lib/gcc/i686-linux-gnu/4.8/../../../i386-linux-gnu/crti.o
                0x0000000000030000                _GLOBAL_OFFSET_TABLE_
 *(.igot.plt)

.data           0x0000000000030020      0x2a2
 *(.data .data.* .gnu.linkonce.d.*)
 .data          0x0000000000030020        0x0 /usr/lib/gcc/i686-linux-gnu/4.8/../../../i386-linux-gnu/crti.o
 .data          0x0000000000030020        0x0 /usr/lib/gcc/i686-linux-gnu/4.8/crtbeginS.o
 .data.rel      0x0000000000030020        0x4 /usr/lib/gcc/i686-linux-gnu/4.8/crtbeginS.o
                0x0000000000030020                __dso_handle
 .data          0x0000000000030024       0x10 udp-server.co
                0x0000000000030024                udp_server_process
 *fill*         0x0000000000030034        0xc 
 .data          0x0000000000030040       0x44 obj_cooja/mtype341.o
                0x0000000000030040                simInterfaces
                0x0000000000030074                sensors
 .data          0x0000000000030084        0x0 obj_cooja/mtype341.a(simEnvChange.o)
 .data          0x0000000000030084        0x0 obj_cooja/mtype341.a(cooja_mt.o)
 .data          0x0000000000030084        0x0 obj_cooja/mtype341.a(cooja_mtarch.o)
 .data          0x0000000000030084        0x0 obj_cooja/mtype341.a(rtimer-arch.o)
 .data          0x0000000000030084        0x0 obj_cooja/mtype341.a(beep.o)
 .data          0x0000000000030084        0x0 obj_cooja/mtype341.a(button-sensor.o)
 .data          0x0000000000030084        0x0 obj_cooja/mtype341.a(leds-arch.o)
 .data          0x0000000000030084        0x0 obj_cooja/mtype341.a(moteid.o)
 .data          0x0000000000030084        0x0 obj_cooja/mtype341.a(pir-sensor.o)
 .data          0x0000000000030084        0x0 obj_cooja/mtype341.a(rs232.o)
 .data          0x0000000000030084        0x0 obj_cooja/mtype341.a(vib-sensor.o)
 .data          0x0000000000030084        0x0 obj_cooja/mtype341.a(clock.o)
 .data          0x0000000000030084        0x0 obj_cooja/mtype341.a(log.o)
 .data          0x0000000000030084        0x0 obj_cooja/mtype341.a(cfs-cooja.o)
 .data          0x0000000000030084       0x40 obj_cooja/mtype341.a(cooja-radio.o)
                0x0000000000030084                simRadioChannelLR
                0x0000000000030088                simRadioHWOnLR
                0x000000000003008c                simSignalStrengthLR
                0x0000000000030090                simLastSignalStrengthLR
                0x0000000000030094                simPowerLR
                0x0000000000030098                simLQILR
                0x000000000003009c                simRadioChannel
                0x00000000000300a0                simRadioHWOn
                0x00000000000300a4                simSignalStrength
                0x00000000000300a8                simLastSignalStrength
                0x00000000000300ac                simPower
                0x00000000000300b0                simLQI
                0x00000000000300b4                cooja_radio_process
 .data          0x00000000000300c4        0x0 obj_cooja/mtype341.a(eeprom.o)
 .data          0x00000000000300c4        0x0 obj_cooja/mtype341.a(random.o)
 .data          0x00000000000300c4       0x10 obj_cooja/mtype341.a(sensors.o)
                0x00000000000300c4                sensors_process
 .data          0x00000000000300d4        0x0 obj_cooja/mtype341.a(leds.o)
 .data          0x00000000000300d4       0x28 obj_cooja/mtype341.a(dual_conf.o)
                0x00000000000300d4                radio_received
                0x00000000000300d8                dual_dio_broadcast
                0x00000000000300e8                dual_dis_broadcast
 .data          0x00000000000300fc        0x0 obj_cooja/mtype341.a(autostart.o)
 .data          0x00000000000300fc       0x14 obj_cooja/mtype341.a(ctimer.o)
                0x0000000000030100                ctimer_process
 .data          0x0000000000030110       0x10 obj_cooja/mtype341.a(etimer.o)
                0x0000000000030110                etimer_process
 .data          0x0000000000030120        0x0 obj_cooja/mtype341.a(log_message.o)
 .data          0x0000000000030120        0x0 obj_cooja/mtype341.a(process.o)
 .data          0x0000000000030120        0x0 obj_cooja/mtype341.a(residual.o)
 .data          0x0000000000030120        0x0 obj_cooja/mtype341.a(rtimer.o)
 .data          0x0000000000030120        0x0 obj_cooja/mtype341.a(timer.o)
 .data          0x0000000000030120       0x10 obj_cooja/mtype341.a(serial-line.o)
                0x0000000000030120                serial_line_process
 .data          0x0000000000030130        0x0 obj_cooja/mtype341.a(list.o)
 .data          0x0000000000030130        0x0 obj_cooja/mtype341.a(ringbuf.o)
 .data          0x0000000000030130        0x0 obj_cooja/mtype341.a(sicslowpan.o)
 .data          0x0000000000030130       0x14 obj_cooja/mtype341.a(uip-ds6-nbr.o)
                0x0000000000030140                ds6_neighbors
 .data          0x0000000000030144        0x0 obj_cooja/mtype341.a(uip-ds6.o)
 .data          0x0000000000030144        0x0 obj_cooja/mtype341.a(uip6.o)
 .data          0x0000000000030144       0x10 obj_cooja/mtype341.a(tcpip.o)
                0x0000000000030144                tcpip_process
 .data          0x0000000000030154        0x0 obj_cooja/mtype341.a(uip-debug.o)
 .data          0x0000000000030154        0xc obj_cooja/mtype341.a(uip-packetqueue)
 .data          0x0000000000030160       0x28 obj_cooja/mtype341.a(rpl-dag.o)
                0x0000000000030170                rpl_parents
                0x0000000000030184                rpl_children
 .data          0x0000000000030188        0x0 obj_cooja/mtype341.a(rpl-ext-header.)
 .data          0x0000000000030188       0x34 obj_cooja/mtype341.a(rpl-icmp6.o)
 .data          0x00000000000301bc       0x1c obj_cooja/mtype341.a(rpl-ltmax.o)
                0x00000000000301bc                rpl_ltmax_of
 .data          0x00000000000301d8        0x0 obj_cooja/mtype341.a(rpl-timers.o)
 .data          0x00000000000301d8        0x0 obj_cooja/mtype341.a(rpl.o)
 .data          0x00000000000301d8       0x28 obj_cooja/mtype341.a(csma.o)
 .data          0x0000000000030200        0x0 obj_cooja/mtype341.a(framer-802154.o)
 .data          0x0000000000030200        0x0 obj_cooja/mtype341.a(mac.o)
 .data          0x0000000000030200       0x30 obj_cooja/mtype341.a(cxmac.o)
                0x0000000000030200                cxmac_config
                0x0000000000030210                strobe_wait
 .data          0x0000000000030230        0x0 obj_cooja/mtype341.a(linkaddr.o)
 .data          0x0000000000030230       0x10 obj_cooja/mtype341.a(nbr-table.o)
 .data          0x0000000000030240        0x0 obj_cooja/mtype341.a(netstack.o)
 .data          0x0000000000030240        0x4 obj_cooja/mtype341.a(packetbuf.o)
 .data          0x0000000000030244       0x18 obj_cooja/mtype341.a(queuebuf.o)
 .data          0x000000000003025c        0x0 obj_cooja/mtype341.a(nullsec.o)
 .data          0x000000000003025c        0x0 obj_cooja/mtype341.a(watchdog.o)
 .data          0x000000000003025c        0x0 obj_cooja/mtype341.a(rimestats.o)
 .data          0x000000000003025c        0x0 obj_cooja/mtype341.a(stimer.o)
 .data          0x000000000003025c        0x0 obj_cooja/mtype341.a(memb.o)
 .data          0x000000000003025c       0x44 obj_cooja/mtype341.a(uip-ds6-route.o)
                0x000000000003026c                nbr_routes
 .data          0x00000000000302a0       0x20 obj_cooja/mtype341.a(uip-icmp6.o)
 .data          0x00000000000302c0        0x0 obj_cooja/mtype341.a(uip-nd6.o)
 .data          0x00000000000302c0        0x0 obj_cooja/mtype341.a(rpl-nbr-policy.)
 .data          0x00000000000302c0        0x2 obj_cooja/mtype341.a(frame802154.o)
 .data          0x00000000000302c2        0x0 /usr/lib/gcc/i686-linux-gnu/4.8/crtendS.o
 .data          0x00000000000302c2        0x0 /usr/lib/gcc/i686-linux-gnu/4.8/../../../i386-linux-gnu/crtn.o

.tm_clone_table
                0x00000000000302c4        0x0
 .tm_clone_table
                0x00000000000302c4        0x0 /usr/lib/gcc/i686-linux-gnu/4.8/crtbeginS.o
 .tm_clone_table
                0x00000000000302c4        0x0 /usr/lib/gcc/i686-linux-gnu/4.8/crtendS.o

.data1
 *(.data1)
                0x00000000000302c4                _edata = .
                0x00000000000302c4                PROVIDE (edata, .)
                0x00000000000302c4                . = .
                0x00000000000302c4                __bss_start = .

.bss            0x00000000000302e0     0x9228
 *(.dynbss)
 .dynbss        0x0000000000000000        0x0 /usr/lib/gcc/i686-linux-gnu/4.8/../../../i386-linux-gnu/crti.o
 *(.bss .bss.* .gnu.linkonce.b.*)
 .bss           0x00000000000302e0        0x0 /usr/lib/gcc/i686-linux-gnu/4.8/../../../i386-linux-gnu/crti.o
 .bss           0x00000000000302e0        0x1 /usr/lib/gcc/i686-linux-gnu/4.8/crtbeginS.o
 *fill*         0x00000000000302e1       0x1f 
 .bss           0x0000000000030300       0x88 udp-server.co
                0x0000000000030300                my_weight
                0x0000000000030320                id_array
 *fill*         0x0000000000030388       0x18 
 .bss           0x00000000000303a0     0x2030 obj_cooja/mtype341.o
 .bss           0x00000000000323d0        0x1 obj_cooja/mtype341.a(simEnvChange.o)
                0x00000000000323d0                simDontFallAsleep
 *fill*         0x00000000000323d1        0x3 
 .bss           0x00000000000323d4        0x4 obj_cooja/mtype341.a(cooja_mt.o)
 .bss           0x00000000000323d8        0x4 obj_cooja/mtype341.a(cooja_mtarch.o)
 .bss           0x00000000000323dc        0xc obj_cooja/mtype341.a(rtimer-arch.o)
 .bss           0x00000000000323e8        0x0 obj_cooja/mtype341.a(beep.o)
 .bss           0x00000000000323e8        0x8 obj_cooja/mtype341.a(button-sensor.o)
 .bss           0x00000000000323f0        0x0 obj_cooja/mtype341.a(leds-arch.o)
 .bss           0x00000000000323f0        0x0 obj_cooja/mtype341.a(moteid.o)
 .bss           0x00000000000323f0        0x1 obj_cooja/mtype341.a(pir-sensor.o)
                0x00000000000323f0                simPirValue
 *fill*         0x00000000000323f1        0x3 
 .bss           0x00000000000323f4        0x4 obj_cooja/mtype341.a(rs232.o)
 .bss           0x00000000000323f8        0x1 obj_cooja/mtype341.a(vib-sensor.o)
                0x00000000000323f8                simVibValue
 .bss           0x00000000000323f9        0x0 obj_cooja/mtype341.a(clock.o)
 *fill*         0x00000000000323f9        0x7 
 .bss           0x0000000000032400      0x420 obj_cooja/mtype341.a(log.o)
 .bss           0x0000000000032820      0xfc0 obj_cooja/mtype341.a(cfs-cooja.o)
                0x0000000000032820                simCFSData
                0x00000000000337c0                simCFSSize
                0x00000000000337c4                simCFSChanged
                0x00000000000337c8                simCFSRead
                0x00000000000337cc                simCFSWritten
 .bss           0x00000000000337e0       0x24 obj_cooja/mtype341.a(cooja-radio.o)
                0x00000000000337e0                simReceivingLR
                0x00000000000337e4                simInSizeLR
                0x00000000000337e8                simOutSizeLR
                0x00000000000337ec                simReceiving
                0x00000000000337f0                simInSize
                0x00000000000337f4                simOutSize
                0x00000000000337f8                LongRangeTransmit
                0x00000000000337fc                LongRangeReceiving
 .bss           0x0000000000033804        0xc obj_cooja/mtype341.a(eeprom.o)
                0x0000000000033804                simEEPROMChanged
                0x0000000000033808                simEEPROMRead
                0x000000000003380c                simEEPROMWritten
 .bss           0x0000000000033810        0x0 obj_cooja/mtype341.a(random.o)
 .bss           0x0000000000033810        0xc obj_cooja/mtype341.a(sensors.o)
 .bss           0x000000000003381c        0x1 obj_cooja/mtype341.a(leds.o)
 *fill*         0x000000000003381d        0x3 
 .bss           0x0000000000033820       0x2c obj_cooja/mtype341.a(dual_conf.o)
                0x0000000000033820                long_range_radio
 .bss           0x000000000003384c        0x0 obj_cooja/mtype341.a(autostart.o)
 .bss           0x000000000003384c        0x5 obj_cooja/mtype341.a(ctimer.o)
 *fill*         0x0000000000033851        0x3 
 .bss           0x0000000000033854        0x8 obj_cooja/mtype341.a(etimer.o)
 .bss           0x000000000003385c        0x0 obj_cooja/mtype341.a(log_message.o)
 *fill*         0x000000000003385c        0x4 
 .bss           0x0000000000033860      0x1b1 obj_cooja/mtype341.a(process.o)
                0x0000000000033860                process_list
                0x0000000000033864                process_current
 .bss           0x0000000000033a11        0x0 obj_cooja/mtype341.a(residual.o)
 *fill*         0x0000000000033a11        0x3 
 .bss           0x0000000000033a14        0x4 obj_cooja/mtype341.a(rtimer.o)
 .bss           0x0000000000033a18        0x0 obj_cooja/mtype341.a(timer.o)
 *fill*         0x0000000000033a18        0x8 
 .bss           0x0000000000033a20      0x140 obj_cooja/mtype341.a(serial-line.o)
 .bss           0x0000000000033b60        0x0 obj_cooja/mtype341.a(list.o)
 .bss           0x0000000000033b60        0x0 obj_cooja/mtype341.a(ringbuf.o)
 .bss           0x0000000000033b60      0x70c obj_cooja/mtype341.a(sicslowpan.o)
 *fill*         0x000000000003426c       0x14 
 .bss           0x0000000000034280      0x4b0 obj_cooja/mtype341.a(uip-ds6-nbr.o)
 .bss           0x0000000000034730       0x30 obj_cooja/mtype341.a(uip-ds6.o)
 .bss           0x0000000000034760        0xe obj_cooja/mtype341.a(uip6.o)
                0x0000000000034760                uip_ext_bitmap
                0x0000000000034761                uip_ext_len
                0x0000000000034762                uip_ext_opt_offset
 *fill*         0x000000000003476e       0x12 
 .bss           0x0000000000034780       0x68 obj_cooja/mtype341.a(tcpip.o)
 .bss           0x00000000000347e8        0x0 obj_cooja/mtype341.a(uip-debug.o)
 *fill*         0x00000000000347e8       0x18 
 .bss           0x0000000000034800      0xcf8 obj_cooja/mtype341.a(uip-packetqueue)
 *fill*         0x00000000000354f8        0x8 
 .bss           0x0000000000035500      0x352 obj_cooja/mtype341.a(rpl-dag.o)
 .bss           0x0000000000035852        0x0 obj_cooja/mtype341.a(rpl-ext-header.)
 .bss           0x0000000000035852        0x0 obj_cooja/mtype341.a(rpl-icmp6.o)
 .bss           0x0000000000035852        0x0 obj_cooja/mtype341.a(rpl-ltmax.o)
 *fill*         0x0000000000035852        0xe 
 .bss           0x0000000000035860       0x23 obj_cooja/mtype341.a(rpl-timers.o)
 *fill*         0x0000000000035883        0x1 
 .bss           0x0000000000035884        0x4 obj_cooja/mtype341.a(rpl.o)
 *fill*         0x0000000000035888       0x18 
 .bss           0x00000000000358a0      0x288 obj_cooja/mtype341.a(csma.o)
 .bss           0x0000000000035b28        0x2 obj_cooja/mtype341.a(framer-802154.o)
 .bss           0x0000000000035b2a        0x0 obj_cooja/mtype341.a(mac.o)
 *fill*         0x0000000000035b2a       0x16 
 .bss           0x0000000000035b40       0xb1 obj_cooja/mtype341.a(cxmac.o)
 .bss           0x0000000000035bf1        0x0 obj_cooja/mtype341.a(linkaddr.o)
 *fill*         0x0000000000035bf1        0xf 
 .bss           0x0000000000035c00      0x35c obj_cooja/mtype341.a(nbr-table.o)
 .bss           0x0000000000035f5c        0x0 obj_cooja/mtype341.a(netstack.o)
 *fill*         0x0000000000035f5c        0x4 
 .bss           0x0000000000035f60       0xa0 obj_cooja/mtype341.a(packetbuf.o)
 .bss           0x0000000000036000      0xb80 obj_cooja/mtype341.a(queuebuf.o)
 .bss           0x0000000000036b80        0x0 obj_cooja/mtype341.a(nullsec.o)
 .bss           0x0000000000036b80        0x0 obj_cooja/mtype341.a(watchdog.o)
 .bss           0x0000000000036b80        0x0 obj_cooja/mtype341.a(rimestats.o)
 .bss           0x0000000000036b80        0x0 obj_cooja/mtype341.a(stimer.o)
 .bss           0x0000000000036b80        0x0 obj_cooja/mtype341.a(memb.o)
 .bss           0x0000000000036b80      0x608 obj_cooja/mtype341.a(uip-ds6-route.o)
 .bss           0x0000000000037188       0x18 obj_cooja/mtype341.a(uip-icmp6.o)
 .bss           0x00000000000371a0        0x0 obj_cooja/mtype341.a(uip-nd6.o)
 .bss           0x00000000000371a0       0x44 obj_cooja/mtype341.a(rpl-nbr-policy.)
 .bss           0x00000000000371e4        0x0 obj_cooja/mtype341.a(frame802154.o)
 .bss           0x00000000000371e4        0x0 /usr/lib/gcc/i686-linux-gnu/4.8/crtendS.o
 .bss           0x00000000000371e4        0x0 /usr/lib/gcc/i686-linux-gnu/4.8/../../../i386-linux-gnu/crtn.o
 *(COMMON)
 COMMON         0x00000000000371e4        0x2 udp-server.co
                0x00000000000371e4                my_sink_reachability
                0x00000000000371e5                my_parent_number
 *fill*         0x00000000000371e6        0x2 
 COMMON         0x00000000000371e8       0x70 obj_cooja/mtype341.o
                0x00000000000371e8                dio_count
                0x00000000000371ec                dis_count
                0x00000000000371f0                csma_drop_count
                0x00000000000371f4                tcp_output_count
                0x00000000000371f8                csma_transmission_count
                0x00000000000371fc                dao_ack_fwd_count
                0x0000000000037200                COOJA_radioRxLong
                0x0000000000037204                cxmac_collision_count
                0x0000000000037208                cxmac_retransmission_count
                0x000000000003720c                control_message_count
                0x0000000000037210                dao_count
                0x0000000000037214                icmp_count
                0x0000000000037218                COOJA_radioTx
                0x000000000003721c                referenceVar
                0x0000000000037220                cxmac_transmission_count
                0x0000000000037224                dao_ack_count
                0x0000000000037228                data_message_count
                0x000000000003722c                COOJA_radioTxLong
                0x0000000000037230                COOJA_radioRx
                0x0000000000037234                debugfp
                0x0000000000037238                COOJA_radioOn
                0x000000000003723c                LSA_count
                0x0000000000037240                dao_fwd_count
                0x0000000000037244                COOJA_duration
                0x0000000000037248                dio_ack_count
                0x000000000003724c                COOJA_radioOnLong
                0x0000000000037250                sensors_flags
                0x0000000000037254                data_fwd_count
 COMMON         0x0000000000037258        0xc obj_cooja/mtype341.a(simEnvChange.o)
                0x0000000000037258                simEtimerPending
                0x000000000003725c                simProcessRunValue
                0x0000000000037260                simNextExpirationTime
 COMMON         0x0000000000037264        0x1 obj_cooja/mtype341.a(beep.o)
                0x0000000000037264                simBeeped
 COMMON         0x0000000000037265        0x3 obj_cooja/mtype341.a(button-sensor.o)
                0x0000000000037265                simButtonIsActive
                0x0000000000037266                simButtonIsDown
                0x0000000000037267                simButtonChanged
 COMMON         0x0000000000037268        0x1 obj_cooja/mtype341.a(leds-arch.o)
                0x0000000000037268                simLedsValue
 *fill*         0x0000000000037269        0x3 
 COMMON         0x000000000003726c        0xc obj_cooja/mtype341.a(moteid.o)
                0x000000000003726c                simRandomSeed
                0x0000000000037270                simMoteIDChanged
                0x0000000000037274                simMoteID
 COMMON         0x0000000000037278        0x2 obj_cooja/mtype341.a(pir-sensor.o)
                0x0000000000037278                simPirIsActive
                0x0000000000037279                simPirChanged
 *fill*         0x000000000003727a        0x6 
 COMMON         0x0000000000037280      0x820 obj_cooja/mtype341.a(rs232.o)
                0x0000000000037280                simSerialReceivingFlag
                0x0000000000037284                simSerialReceivingLength
                0x00000000000372a0                simSerialReceivingData
 COMMON         0x0000000000037aa0        0x2 obj_cooja/mtype341.a(vib-sensor.o)
                0x0000000000037aa0                simVibChanged
                0x0000000000037aa1                simVibIsActive
 *fill*         0x0000000000037aa2        0x2 
 COMMON         0x0000000000037aa4        0x4 obj_cooja/mtype341.a(clock.o)
                0x0000000000037aa4                simCurrentTime
 *fill*         0x0000000000037aa8       0x18 
 COMMON         0x0000000000037ac0      0x420 obj_cooja/mtype341.a(log.o)
                0x0000000000037ac0                simLoggedLength
                0x0000000000037ac4                simLoggedFlag
                0x0000000000037ae0                simLoggedData
 COMMON         0x0000000000037ee0      0x260 obj_cooja/mtype341.a(cooja-radio.o)
                0x0000000000037ee0                simOutDataBuffer
                0x0000000000037f60                simRadioTarget
                0x0000000000037f80                simInDataBufferLR
                0x0000000000038000                packet_forwarding
                0x0000000000038020                simOutDataBufferLR
                0x00000000000380a0                dual_duty_cycle_count
                0x00000000000380c0                simInDataBuffer
 COMMON         0x0000000000038140      0x400 obj_cooja/mtype341.a(eeprom.o)
                0x0000000000038140                simEEPROMData
 COMMON         0x0000000000038540        0x1 obj_cooja/mtype341.a(sensors.o)
                0x0000000000038540                sensors_event
 *fill*         0x0000000000038541        0x3 
 COMMON         0x0000000000038544        0x4 obj_cooja/mtype341.a(log_message.o)
                0x0000000000038544                log_fp
 COMMON         0x0000000000038548        0x1 obj_cooja/mtype341.a(serial-line.o)
                0x0000000000038548                serial_line_event_message
 *fill*         0x0000000000038549       0x17 
 COMMON         0x0000000000038560      0x1f4 obj_cooja/mtype341.a(uip-ds6-nbr.o)
                0x0000000000038560                ds6_lr_addrmap
 *fill*         0x0000000000038754        0xc 
 COMMON         0x0000000000038760      0x298 obj_cooja/mtype341.a(uip-ds6.o)
                0x0000000000038760                uip_ds6_prefix_list
                0x00000000000387c0                uip_ds6_timer_periodic
                0x00000000000387d0                uip_ds6_netif_addr_list_offset
                0x00000000000387e0                uip_ds6_if
                0x00000000000388d8                uip_ds6_timer_ra
                0x00000000000388e0                uip_ds6_addr_size
                0x0000000000038900                long_uip_ds6_if
 *fill*         0x00000000000389f8        0x8 
 COMMON         0x0000000000038a00      0x8ec obj_cooja/mtype341.a(uip6.o)
                0x0000000000038a00                uip_slen
                0x0000000000038a02                uip_acc32
                0x0000000000038a20                uip_conns
                0x0000000000038ae0                uip_lladdr
                0x0000000000038ae8                uip_appdata
                0x0000000000038aec                uip_flags
                0x0000000000038b00                uip_aligned_buf
                0x0000000000039140                uip_listenports
                0x0000000000039150                uip_len
                0x0000000000039152                uip_long_lladdr
                0x000000000003915c                uip_sappdata
                0x0000000000039160                uip_udp_conns
                0x00000000000392e0                uip_udp_conn
                0x00000000000392e4                uip_next_hdr
                0x00000000000392e8                uip_conn
 COMMON         0x00000000000392ec        0x1 obj_cooja/mtype341.a(tcpip.o)
                0x00000000000392ec                tcpip_event
 *fill*         0x00000000000392ed       0x13 
 COMMON         0x0000000000039300      0x178 obj_cooja/mtype341.a(rpl-dag.o)
                0x0000000000039300                default_instance
                0x0000000000039320                instance_table
 COMMON         0x0000000000039478       0x10 obj_cooja/mtype341.a(linkaddr.o)
                0x0000000000039478                linkaddr_node_addr
                0x0000000000039480                long_linkaddr_node_addr
 COMMON         0x0000000000039488       0x2e obj_cooja/mtype341.a(packetbuf.o)
                0x0000000000039488                packetbuf_attrs
                0x00000000000394a6                packetbuf_addrs
 *fill*         0x00000000000394b6        0xa 
 COMMON         0x00000000000394c0       0x48 obj_cooja/mtype341.a(rimestats.o)
                0x00000000000394c0                rimestats
                0x0000000000039508                . = ALIGN ((. != 0x0)?0x4:0x1)
                0x0000000000039508                . = ALIGN (0x4)
                0x0000000000039508                . = SEGMENT_START ("ldata-segment", .)
                0x0000000000039508                . = ALIGN (0x4)
                0x0000000000039508                _end = .
                0x0000000000039508                PROVIDE (end, .)
                0x0000000000039508                . = DATA_SEGMENT_END (.)

.stab
 *(.stab)

.stabstr
 *(.stabstr)

.stab.excl
 *(.stab.excl)

.stab.exclstr
 *(.stab.exclstr)

.stab.index
 *(.stab.index)

.stab.indexstr
 *(.stab.indexstr)

.comment        0x0000000000000000       0x29
 *(.comment)
 .comment       0x0000000000000000       0x29 /usr/lib/gcc/i686-linux-gnu/4.8/crtbeginS.o
                                         0x2a (size before relaxing)
 .comment       0x0000000000000000       0x2a udp-server.co
 .comment       0x0000000000000000       0x2a obj_cooja/mtype341.o
 .comment       0x0000000000000000       0x2a obj_cooja/mtype341.a(simEnvChange.o)
 .comment       0x0000000000000000       0x2a obj_cooja/mtype341.a(cooja_mt.o)
 .comment       0x0000000000000000       0x2a obj_cooja/mtype341.a(cooja_mtarch.o)
 .comment       0x0000000000000000       0x2a obj_cooja/mtype341.a(rtimer-arch.o)
 .comment       0x0000000000000000       0x2a obj_cooja/mtype341.a(beep.o)
 .comment       0x0000000000000000       0x2a obj_cooja/mtype341.a(button-sensor.o)
 .comment       0x0000000000000000       0x2a obj_cooja/mtype341.a(leds-arch.o)
 .comment       0x0000000000000000       0x2a obj_cooja/mtype341.a(moteid.o)
 .comment       0x0000000000000000       0x2a obj_cooja/mtype341.a(pir-sensor.o)
 .comment       0x0000000000000000       0x2a obj_cooja/mtype341.a(rs232.o)
 .comment       0x0000000000000000       0x2a obj_cooja/mtype341.a(vib-sensor.o)
 .comment       0x0000000000000000       0x2a obj_cooja/mtype341.a(clock.o)
 .comment       0x0000000000000000       0x2a obj_cooja/mtype341.a(log.o)
 .comment       0x0000000000000000       0x2a obj_cooja/mtype341.a(cfs-cooja.o)
 .comment       0x0000000000000000       0x2a obj_cooja/mtype341.a(cooja-radio.o)
 .comment       0x0000000000000000       0x2a obj_cooja/mtype341.a(eeprom.o)
 .comment       0x0000000000000000       0x2a obj_cooja/mtype341.a(random.o)
 .comment       0x0000000000000000       0x2a obj_cooja/mtype341.a(sensors.o)
 .comment       0x0000000000000000       0x2a obj_cooja/mtype341.a(leds.o)
 .comment       0x0000000000000000       0x2a obj_cooja/mtype341.a(dual_conf.o)
 .comment       0x0000000000000000       0x2a obj_cooja/mtype341.a(autostart.o)
 .comment       0x0000000000000000       0x2a obj_cooja/mtype341.a(ctimer.o)
 .comment       0x0000000000000000       0x2a obj_cooja/mtype341.a(etimer.o)
 .comment       0x0000000000000000       0x2a obj_cooja/mtype341.a(log_message.o)
 .comment       0x0000000000000000       0x2a obj_cooja/mtype341.a(process.o)
 .comment       0x0000000000000000       0x2a obj_cooja/mtype341.a(residual.o)
 .comment       0x0000000000000000       0x2a obj_cooja/mtype341.a(rtimer.o)
 .comment       0x0000000000000000       0x2a obj_cooja/mtype341.a(timer.o)
 .comment       0x0000000000000000       0x2a obj_cooja/mtype341.a(serial-line.o)
 .comment       0x0000000000000000       0x2a obj_cooja/mtype341.a(list.o)
 .comment       0x0000000000000000       0x2a obj_cooja/mtype341.a(ringbuf.o)
 .comment       0x0000000000000000       0x2a obj_cooja/mtype341.a(sicslowpan.o)
 .comment       0x0000000000000000       0x2a obj_cooja/mtype341.a(uip-ds6-nbr.o)
 .comment       0x0000000000000000       0x2a obj_cooja/mtype341.a(uip-ds6.o)
 .comment       0x0000000000000000       0x2a obj_cooja/mtype341.a(uip6.o)
 .comment       0x0000000000000000       0x2a obj_cooja/mtype341.a(tcpip.o)
 .comment       0x0000000000000000       0x2a obj_cooja/mtype341.a(uip-debug.o)
 .comment       0x0000000000000000       0x2a obj_cooja/mtype341.a(uip-packetqueue)
 .comment       0x0000000000000000       0x2a obj_cooja/mtype341.a(rpl-dag.o)
 .comment       0x0000000000000000       0x2a obj_cooja/mtype341.a(rpl-ext-header.)
 .comment       0x0000000000000000       0x2a obj_cooja/mtype341.a(rpl-icmp6.o)
 .comment       0x0000000000000000       0x2a obj_cooja/mtype341.a(rpl-ltmax.o)
 .comment       0x0000000000000000       0x2a obj_cooja/mtype341.a(rpl-timers.o)
 .comment       0x0000000000000000       0x2a obj_cooja/mtype341.a(rpl.o)
 .comment       0x0000000000000000       0x2a obj_cooja/mtype341.a(csma.o)
 .comment       0x0000000000000000       0x2a obj_cooja/mtype341.a(framer-802154.o)
 .comment       0x0000000000000000       0x2a obj_cooja/mtype341.a(mac.o)
 .comment       0x0000000000000000       0x2a obj_cooja/mtype341.a(cxmac.o)
 .comment       0x0000000000000000       0x2a obj_cooja/mtype341.a(linkaddr.o)
 .comment       0x0000000000000000       0x2a obj_cooja/mtype341.a(nbr-table.o)
 .comment       0x0000000000000000       0x2a obj_cooja/mtype341.a(netstack.o)
 .comment       0x0000000000000000       0x2a obj_cooja/mtype341.a(packetbuf.o)
 .comment       0x0000000000000000       0x2a obj_cooja/mtype341.a(queuebuf.o)
 .comment       0x0000000000000000       0x2a obj_cooja/mtype341.a(nullsec.o)
 .comment       0x0000000000000000       0x2a obj_cooja/mtype341.a(watchdog.o)
 .comment       0x0000000000000000       0x2a obj_cooja/mtype341.a(rimestats.o)
 .comment       0x0000000000000000       0x2a obj_cooja/mtype341.a(stimer.o)
 .comment       0x0000000000000000       0x2a obj_cooja/mtype341.a(memb.o)
 .comment       0x0000000000000000       0x2a obj_cooja/mtype341.a(uip-ds6-route.o)
 .comment       0x0000000000000000       0x2a obj_cooja/mtype341.a(uip-icmp6.o)
 .comment       0x0000000000000000       0x2a obj_cooja/mtype341.a(uip-nd6.o)
 .comment       0x0000000000000000       0x2a obj_cooja/mtype341.a(rpl-nbr-policy.)
 .comment       0x0000000000000000       0x2a obj_cooja/mtype341.a(frame802154.o)
 .comment       0x0000000000000000       0x2a /usr/lib/gcc/i686-linux-gnu/4.8/crtendS.o

.debug
 *(.debug)

.line
 *(.line)

.debug_srcinfo
 *(.debug_srcinfo)

.debug_sfnames
 *(.debug_sfnames)

.debug_aranges  0x0000000000000000      0x818
 *(.debug_aranges)
 .debug_aranges
                0x0000000000000000       0x20 udp-server.co
 .debug_aranges
                0x0000000000000020       0x20 obj_cooja/mtype341.o
 .debug_aranges
                0x0000000000000040       0x20 obj_cooja/mtype341.a(simEnvChange.o)
 .debug_aranges
                0x0000000000000060       0x20 obj_cooja/mtype341.a(cooja_mt.o)
 .debug_aranges
                0x0000000000000080       0x20 obj_cooja/mtype341.a(cooja_mtarch.o)
 .debug_aranges
                0x00000000000000a0       0x20 obj_cooja/mtype341.a(rtimer-arch.o)
 .debug_aranges
                0x00000000000000c0       0x20 obj_cooja/mtype341.a(beep.o)
 .debug_aranges
                0x00000000000000e0       0x20 obj_cooja/mtype341.a(button-sensor.o)
 .debug_aranges
                0x0000000000000100       0x20 obj_cooja/mtype341.a(leds-arch.o)
 .debug_aranges
                0x0000000000000120       0x20 obj_cooja/mtype341.a(moteid.o)
 .debug_aranges
                0x0000000000000140       0x20 obj_cooja/mtype341.a(pir-sensor.o)
 .debug_aranges
                0x0000000000000160       0x20 obj_cooja/mtype341.a(rs232.o)
 .debug_aranges
                0x0000000000000180       0x20 obj_cooja/mtype341.a(vib-sensor.o)
 .debug_aranges
                0x00000000000001a0       0x20 obj_cooja/mtype341.a(clock.o)
 .debug_aranges
                0x00000000000001c0       0x20 obj_cooja/mtype341.a(log.o)
 .debug_aranges
                0x00000000000001e0       0x20 obj_cooja/mtype341.a(cfs-cooja.o)
 .debug_aranges
                0x0000000000000200       0x20 obj_cooja/mtype341.a(cooja-radio.o)
 .debug_aranges
                0x0000000000000220       0x20 obj_cooja/mtype341.a(eeprom.o)
 .debug_aranges
                0x0000000000000240       0x20 obj_cooja/mtype341.a(random.o)
 .debug_aranges
                0x0000000000000260       0x20 obj_cooja/mtype341.a(sensors.o)
 .debug_aranges
                0x0000000000000280       0x20 obj_cooja/mtype341.a(leds.o)
 .debug_aranges
                0x00000000000002a0       0x20 obj_cooja/mtype341.a(dual_conf.o)
 .debug_aranges
                0x00000000000002c0       0x20 obj_cooja/mtype341.a(autostart.o)
 .debug_aranges
                0x00000000000002e0       0x20 obj_cooja/mtype341.a(ctimer.o)
 .debug_aranges
                0x0000000000000300       0x20 obj_cooja/mtype341.a(etimer.o)
 .debug_aranges
                0x0000000000000320       0x20 obj_cooja/mtype341.a(log_message.o)
 .debug_aranges
                0x0000000000000340       0x20 obj_cooja/mtype341.a(process.o)
 .debug_aranges
                0x0000000000000360       0x20 obj_cooja/mtype341.a(residual.o)
 .debug_aranges
                0x0000000000000380       0x20 obj_cooja/mtype341.a(rtimer.o)
 .debug_aranges
                0x00000000000003a0       0x20 obj_cooja/mtype341.a(timer.o)
 .debug_aranges
                0x00000000000003c0       0x20 obj_cooja/mtype341.a(serial-line.o)
 .debug_aranges
                0x00000000000003e0       0x20 obj_cooja/mtype341.a(list.o)
 .debug_aranges
                0x0000000000000400       0x20 obj_cooja/mtype341.a(ringbuf.o)
 .debug_aranges
                0x0000000000000420       0x20 obj_cooja/mtype341.a(sicslowpan.o)
 .debug_aranges
                0x0000000000000440       0x20 obj_cooja/mtype341.a(uip-ds6-nbr.o)
 .debug_aranges
                0x0000000000000460       0x20 obj_cooja/mtype341.a(uip-ds6.o)
 .debug_aranges
                0x0000000000000480       0x20 obj_cooja/mtype341.a(uip6.o)
 .debug_aranges
                0x00000000000004a0       0x20 obj_cooja/mtype341.a(tcpip.o)
 .debug_aranges
                0x00000000000004c0       0x20 obj_cooja/mtype341.a(uip-debug.o)
 .debug_aranges
                0x00000000000004e0       0x20 obj_cooja/mtype341.a(uip-packetqueue)
 .debug_aranges
                0x0000000000000500       0x20 obj_cooja/mtype341.a(rpl-dag.o)
 .debug_aranges
                0x0000000000000520       0x20 obj_cooja/mtype341.a(rpl-ext-header.)
 .debug_aranges
                0x0000000000000540       0x20 obj_cooja/mtype341.a(rpl-icmp6.o)
 .debug_aranges
                0x0000000000000560       0x20 obj_cooja/mtype341.a(rpl-ltmax.o)
 .debug_aranges
                0x0000000000000580       0x20 obj_cooja/mtype341.a(rpl-timers.o)
 .debug_aranges
                0x00000000000005a0       0x20 obj_cooja/mtype341.a(rpl.o)
 .debug_aranges
                0x00000000000005c0       0x20 obj_cooja/mtype341.a(csma.o)
 .debug_aranges
                0x00000000000005e0       0x20 obj_cooja/mtype341.a(framer-802154.o)
 .debug_aranges
                0x0000000000000600       0x20 obj_cooja/mtype341.a(mac.o)
 .debug_aranges
                0x0000000000000620       0x20 obj_cooja/mtype341.a(cxmac.o)
 .debug_aranges
                0x0000000000000640       0x20 obj_cooja/mtype341.a(linkaddr.o)
 .debug_aranges
                0x0000000000000660       0x20 obj_cooja/mtype341.a(nbr-table.o)
 .debug_aranges
                0x0000000000000680       0x20 obj_cooja/mtype341.a(netstack.o)
 .debug_aranges
                0x00000000000006a0       0x20 obj_cooja/mtype341.a(packetbuf.o)
 .debug_aranges
                0x00000000000006c0       0x20 obj_cooja/mtype341.a(queuebuf.o)
 .debug_aranges
                0x00000000000006e0       0x20 obj_cooja/mtype341.a(nullsec.o)
 .debug_aranges
                0x0000000000000700       0x20 obj_cooja/mtype341.a(watchdog.o)
 .debug_aranges
                0x0000000000000720       0x18 obj_cooja/mtype341.a(rimestats.o)
 .debug_aranges
                0x0000000000000738       0x20 obj_cooja/mtype341.a(stimer.o)
 .debug_aranges
                0x0000000000000758       0x20 obj_cooja/mtype341.a(memb.o)
 .debug_aranges
                0x0000000000000778       0x20 obj_cooja/mtype341.a(uip-ds6-route.o)
 .debug_aranges
                0x0000000000000798       0x20 obj_cooja/mtype341.a(uip-icmp6.o)
 .debug_aranges
                0x00000000000007b8       0x20 obj_cooja/mtype341.a(uip-nd6.o)
 .debug_aranges
                0x00000000000007d8       0x20 obj_cooja/mtype341.a(rpl-nbr-policy.)
 .debug_aranges
                0x00000000000007f8       0x20 obj_cooja/mtype341.a(frame802154.o)

.debug_pubnames
 *(.debug_pubnames)

.debug_info     0x0000000000000000    0x1dfd6
 *(.debug_info .gnu.linkonce.wi.*)
 .debug_info    0x0000000000000000      0xe90 udp-server.co
 .debug_info    0x0000000000000e90     0x3b8f obj_cooja/mtype341.o
 .debug_info    0x0000000000004a1f      0x15a obj_cooja/mtype341.a(simEnvChange.o)
 .debug_info    0x0000000000004b79      0x1e2 obj_cooja/mtype341.a(cooja_mt.o)
 .debug_info    0x0000000000004d5b      0x2e7 obj_cooja/mtype341.a(cooja_mtarch.o)
 .debug_info    0x0000000000005042      0x16b obj_cooja/mtype341.a(rtimer-arch.o)
 .debug_info    0x00000000000051ad      0x1f3 obj_cooja/mtype341.a(beep.o)
 .debug_info    0x00000000000053a0      0x257 obj_cooja/mtype341.a(button-sensor.o)
 .debug_info    0x00000000000055f7      0x132 obj_cooja/mtype341.a(leds-arch.o)
 .debug_info    0x0000000000005729      0x10a obj_cooja/mtype341.a(moteid.o)
 .debug_info    0x0000000000005833      0x216 obj_cooja/mtype341.a(pir-sensor.o)
 .debug_info    0x0000000000005a49      0x21e obj_cooja/mtype341.a(rs232.o)