Archive member included to satisfy reference by file (symbol)

obj_cooja/mtype917.a(simEnvChange.o)
                              obj_cooja/mtype917.o (simDontFallAsleep)
obj_cooja/mtype917.a(cooja_mt.o)
                              obj_cooja/mtype917.o (cooja_mt_start)
obj_cooja/mtype917.a(cooja_mtarch.o)
                              obj_cooja/mtype917.a(cooja_mt.o) (cooja_mtarch_init)
obj_cooja/mtype917.a(rtimer-arch.o)
                              obj_cooja/mtype917.o (rtimer_arch_next)
obj_cooja/mtype917.a(beep.o)  obj_cooja/mtype917.o (beep_interface)
obj_cooja/mtype917.a(button-sensor.o)
                              obj_cooja/mtype917.o (button_interface)
obj_cooja/mtype917.a(leds-arch.o)
                              obj_cooja/mtype917.o (leds_interface)
obj_cooja/mtype917.a(moteid.o)
                              obj_cooja/mtype917.o (moteid_interface)
obj_cooja/mtype917.a(pir-sensor.o)
                              obj_cooja/mtype917.o (pir_interface)
obj_cooja/mtype917.a(rs232.o)
                              obj_cooja/mtype917.o (rs232_interface)
obj_cooja/mtype917.a(vib-sensor.o)
                              obj_cooja/mtype917.o (vib_interface)
obj_cooja/mtype917.a(clock.o)
                              obj_cooja/mtype917.o (clock_interface)
obj_cooja/mtype917.a(log.o)   obj_cooja/mtype917.o (simlog_interface)
obj_cooja/mtype917.a(cfs-cooja.o)
                              obj_cooja/mtype917.o (cfs_interface)
obj_cooja/mtype917.a(cooja-radio.o)
                              obj_cooja/mtype917.o (radio_interface)
obj_cooja/mtype917.a(eeprom.o)
                              obj_cooja/mtype917.o (eeprom_interface)
obj_cooja/mtype917.a(random.o)
                              obj_cooja/mtype917.a(moteid.o) (random_init)
obj_cooja/mtype917.a(sensors.o)
                              udp-client.co (sensors_event)
obj_cooja/mtype917.a(leds.o)  obj_cooja/mtype917.a(cooja-radio.o) (leds_on)
obj_cooja/mtype917.a(dual_conf.o)
                              obj_cooja/mtype917.a(cooja-radio.o) (long_range_radio)
obj_cooja/mtype917.a(autostart.o)
                              obj_cooja/mtype917.o (autostart_start)
obj_cooja/mtype917.a(ctimer.o)
                              obj_cooja/mtype917.o (ctimer_init)
obj_cooja/mtype917.a(etimer.o)
                              obj_cooja/mtype917.o (etimer_process)
obj_cooja/mtype917.a(log_message.o)
                              udp-client.co (log_fp)
obj_cooja/mtype917.a(process.o)
                              udp-client.co (process_current)
obj_cooja/mtype917.a(residual.o)
                              udp-client.co (DISSIPATION_RATE)
obj_cooja/mtype917.a(rtimer.o)
                              obj_cooja/mtype917.a(rtimer-arch.o) (rtimer_run_next)
obj_cooja/mtype917.a(stimer.o)
                              udp-client.co (stimer_remaining)
obj_cooja/mtype917.a(timer.o)
                              obj_cooja/mtype917.a(button-sensor.o) (timer_set)
obj_cooja/mtype917.a(serial-line.o)
                              udp-client.co (serial_line_event_message)
obj_cooja/mtype917.a(list.o)  obj_cooja/mtype917.a(ctimer.o) (list_init)
obj_cooja/mtype917.a(ringbuf.o)
                              obj_cooja/mtype917.a(serial-line.o) (ringbuf_init)
obj_cooja/mtype917.a(sicslowpan.o)
                              obj_cooja/mtype917.o (sicslowpan_driver)
obj_cooja/mtype917.a(uip-ds6-nbr.o)
                              obj_cooja/mtype917.a(sicslowpan.o) (uip_ds6_link_neighbor_callback)
obj_cooja/mtype917.a(uip-ds6-route.o)
                              udp-client.co (uip_ds6_route_nexthop)
obj_cooja/mtype917.a(uip-ds6.o)
                              udp-client.co (uip_ds6_if)
obj_cooja/mtype917.a(uip6.o)  udp-client.co (uip_lladdr)
obj_cooja/mtype917.a(tcpip.o)
                              udp-client.co (tcpip_event)
obj_cooja/mtype917.a(uip-debug.o)
                              udp-client.co (uip_debug_ipaddr_print)
obj_cooja/mtype917.a(uip-packetqueue)
                              obj_cooja/mtype917.a(uip-ds6-nbr.o) (uip_packetqueue_new)
obj_cooja/mtype917.a(uip-udp-packet.)
                              udp-client.co (uip_udp_packet_sendto)
obj_cooja/mtype917.a(rpl-dag.o)
                              udp-client.co (rpl_parents)
obj_cooja/mtype917.a(rpl-ext-header.)
                              obj_cooja/mtype917.a(uip6.o) (rpl_verify_header)
obj_cooja/mtype917.a(rpl-icmp6.o)
                              obj_cooja/mtype917.a(rpl-dag.o) (rpl_icmp6_update_nbr_table)
obj_cooja/mtype917.a(rpl-ltmax.o)
                              obj_cooja/mtype917.a(rpl-dag.o) (rpl_ltmax_of)
obj_cooja/mtype917.a(rpl-timers.o)
                              obj_cooja/mtype917.a(rpl-dag.o) (rpl_reset_dio_timer)
obj_cooja/mtype917.a(rpl.o)   obj_cooja/mtype917.a(rpl-icmp6.o) (rpl_get_mode)
obj_cooja/mtype917.a(csma.o)  obj_cooja/mtype917.o (csma_driver)
obj_cooja/mtype917.a(framer-802154.o)
                              obj_cooja/mtype917.a(sicslowpan.o) (framer_802154)
[...]
Memory Configuration

Name             Origin             Length             Attributes
*default*        0x0000000000000000 0xffffffffffffffff

Linker script and memory map

LOAD /usr/lib/gcc/i686-linux-gnu/4.8/../../../i386-linux-gnu/crti.o
LOAD /usr/lib/gcc/i686-linux-gnu/4.8/crtbeginS.o
LOAD udp-client.co
LOAD obj_cooja/mtype917.o
LOAD obj_cooja/mtype917.a
LOAD /usr/lib/gcc/i686-linux-gnu/4.8/libgcc.a
LOAD /usr/lib/gcc/i686-linux-gnu/4.8/libgcc_s.so
LOAD /usr/lib/gcc/i686-linux-gnu/4.8/../../../i386-linux-gnu/libc.so
START GROUP
LOAD /lib/i386-linux-gnu/libc.so.6
LOAD /usr/lib/i386-linux-gnu/libc_nonshared.a
LOAD /lib/i386-linux-gnu/ld-linux.so.2
END GROUP
LOAD /usr/lib/gcc/i686-linux-gnu/4.8/libgcc.a
LOAD /usr/lib/gcc/i686-linux-gnu/4.8/libgcc_s.so
LOAD /usr/lib/gcc/i686-linux-gnu/4.8/crtendS.o
LOAD /usr/lib/gcc/i686-linux-gnu/4.8/../../../i386-linux-gnu/crtn.o
                0x0000000000000114                . = (0x0 + SIZEOF_HEADERS)

.note.gnu.build-id
                0x0000000000000114       0x24
 *(.note.gnu.build-id)
 .note.gnu.build-id
                0x0000000000000114       0x24 /usr/lib/gcc/i686-linux-gnu/4.8/../../../i386-linux-gnu/crti.o

.hash
 *(.hash)

.gnu.hash       0x0000000000000138     0x138c
 *(.gnu.hash)
 .gnu.hash      0x0000000000000138     0x138c /usr/lib/gcc/i686-linux-gnu/4.8/../../../i386-linux-gnu/crti.o

.dynsym         0x00000000000014c4     0x26c0
 *(.dynsym)
 .dynsym        0x00000000000014c4     0x26c0 /usr/lib/gcc/i686-linux-gnu/4.8/../../../i386-linux-gnu/crti.o

.dynstr         0x0000000000003b84     0x27bf
 *(.dynstr)
 .dynstr        0x0000000000003b84     0x27bf /usr/lib/gcc/i686-linux-gnu/4.8/../../../i386-linux-gnu/crti.o

.gnu.version    0x0000000000006344      0x4d8
 *(.gnu.version)
 .gnu.version   0x0000000000006344      0x4d8 /usr/lib/gcc/i686-linux-gnu/4.8/../../../i386-linux-gnu/crti.o

.gnu.version_d  0x000000000000681c        0x0
 *(.gnu.version_d)
 .gnu.version_d
                0x0000000000000000        0x0 /usr/lib/gcc/i686-linux-gnu/4.8/../../../i386-linux-gnu/crti.o

.gnu.version_r  0x000000000000681c       0x50
 *(.gnu.version_r)
 .gnu.version_r
                0x000000000000681c       0x50 /usr/lib/gcc/i686-linux-gnu/4.8/../../../i386-linux-gnu/crti.o

.rel.dyn        0x000000000000686c     0x9fa8
 *(.rel.init)
 .rel.init      0x0000000000000000        0x0 /usr/lib/gcc/i686-linux-gnu/4.8/../../../i386-linux-gnu/crti.o
 *(.rel.text .rel.text.* .rel.gnu.linkonce.t.*)
 .rel.text      0x000000000000686c     0x97d0 /usr/lib/gcc/i686-linux-gnu/4.8/../../../i386-linux-gnu/crti.o
 *(.rel.fini)
 .rel.fini      0x0000000000000000        0x0 /usr/lib/gcc/i686-linux-gnu/4.8/../../../i386-linux-gnu/crti.o
 *(.rel.rodata .rel.rodata.* .rel.gnu.linkonce.r.*)
 .rel.rodata    0x000000000001003c      0x4e0 /usr/lib/gcc/i686-linux-gnu/4.8/../../../i386-linux-gnu/crti.o
 *(.rel.data.rel.ro .rel.data.rel.ro.* .rel.gnu.linkonce.d.rel.ro.*)
 *(.rel.data .rel.data.* .rel.gnu.linkonce.d.*)
 .rel.data.rel  0x000000000001051c        0x8 /usr/lib/gcc/i686-linux-gnu/4.8/../../../i386-linux-gnu/crti.o
 .rel.data      0x0000000000010524      0x2b8 /usr/lib/gcc/i686-linux-gnu/4.8/../../../i386-linux-gnu/crti.o
 *(.rel.tdata .rel.tdata.* .rel.gnu.linkonce.td.*)
 *(.rel.tbss .rel.tbss.* .rel.gnu.linkonce.tb.*)
 *(.rel.ctors)
 *(.rel.dtors)
 *(.rel.got)
 .rel.got       0x00000000000107dc       0x28 /usr/lib/gcc/i686-linux-gnu/4.8/../../../i386-linux-gnu/crti.o
 *(.rel.bss .rel.bss.* .rel.gnu.linkonce.b.*)
 *(.rel.ifunc)
 .rel.ifunc     0x0000000000000000        0x0 /usr/lib/gcc/i686-linux-gnu/4.8/../../../i386-linux-gnu/crti.o
 .rel.fini_array
                0x0000000000010804        0x8 /usr/lib/gcc/i686-linux-gnu/4.8/../../../i386-linux-gnu/crti.o
 .rel.init_array
                0x000000000001080c        0x8 /usr/lib/gcc/i686-linux-gnu/4.8/../../../i386-linux-gnu/crti.o

.rel.plt        0x0000000000010814       0x10
 *(.rel.plt)
 .rel.plt       0x0000000000010814       0x10 /usr/lib/gcc/i686-linux-gnu/4.8/../../../i386-linux-gnu/crti.o
 *(.rel.iplt)

.init           0x0000000000010824       0x23
 *(SORT(.init))
 .init          0x0000000000010824       0x1e /usr/lib/gcc/i686-linux-gnu/4.8/../../../i386-linux-gnu/crti.o
                0x0000000000010824                _init
 .init          0x0000000000010842        0x5 /usr/lib/gcc/i686-linux-gnu/4.8/../../../i386-linux-gnu/crtn.o

.plt            0x0000000000010850       0x30
 *(.plt)
 .plt           0x0000000000010850       0x30 /usr/lib/gcc/i686-linux-gnu/4.8/../../../i386-linux-gnu/crti.o
 *(.iplt)

.text           0x0000000000010880    0x17d56
 *(.text.unlikely .text.*_unlikely .text.unlikely.*)
 *(.text.exit .text.exit.*)
 *(.text.startup .text.startup.*)
 *(.text.hot .text.hot.*)
 *(.text .stub .text.* .gnu.linkonce.t.*)
 .text          0x0000000000010880        0x0 /usr/lib/gcc/i686-linux-gnu/4.8/../../../i386-linux-gnu/crti.o
 .gnu.linkonce.t.__x86.get_pc_thunk.bx
                0x0000000000010880        0x4 /usr/lib/gcc/i686-linux-gnu/4.8/../../../i386-linux-gnu/crti.o
                0x0000000000010880                __x86.get_pc_thunk.bx
 *fill*         0x0000000000010884        0xc 
 .text          0x0000000000010890      0x11b /usr/lib/gcc/i686-linux-gnu/4.8/crtbeginS.o
 .text          0x00000000000109ab      0xdc5 udp-client.co
 .text          0x0000000000011770      0x949 obj_cooja/mtype917.o
                0x000000000001191e                contiki_init
                0x0000000000011ed0                Java_org_contikios_cooja_corecomm_Lib2_init
                0x0000000000011f10                Java_org_contikios_cooja_corecomm_Lib2_getMemory
                0x0000000000011f50                Java_org_contikios_cooja_corecomm_Lib2_setMemory
                0x0000000000011fc7                Java_org_contikios_cooja_corecomm_Lib2_tick
                0x00000000000120a7                Java_org_contikios_cooja_corecomm_Lib2_setReferenceAddress
 .text          0x00000000000120b9       0x63 obj_cooja/mtype917.a(simEnvChange.o)
                0x00000000000120b9                doActionsBeforeTick
                0x00000000000120ea                doActionsAfterTick
 .text          0x000000000001211c       0xbc obj_cooja/mtype917.a(cooja_mt.o)
                0x000000000001211c                cooja_mt_init
                0x0000000000012129                cooja_mt_remove
                0x0000000000012136                cooja_mt_start
                0x0000000000012163                cooja_mt_exec
                0x0000000000012194                cooja_mt_exit
                0x00000000000121b6                cooja_mt_yield
 .text          0x00000000000121d8      0x115 obj_cooja/mtype917.a(cooja_mtarch.o)
                0x00000000000121d8                cooja_mtarch_init
                0x00000000000121dd                cooja_mtarch_start
                0x0000000000012258                cooja_sw
                0x000000000001227a                cooja_mtarch_exec
                0x0000000000012296                cooja_mtarch_remove
                0x000000000001229b                cooja_mtarch_yield
                0x00000000000122a5                cooja_mtarch_pstop
                0x00000000000122aa                cooja_mtarch_pstart
                0x00000000000122af                cooja_mtarch_stack_usage
 .text          0x00000000000122ed       0xc2 obj_cooja/mtype917.a(rtimer-arch.o)
                0x00000000000122ed                rtimer_arch_init
                0x0000000000012310                rtimer_arch_schedule
                0x0000000000012327                rtimer_arch_next
                0x0000000000012331                rtimer_arch_pending
                0x000000000001233b                rtimer_arch_check
                0x000000000001236d                rtimer_arch_now
 .text          0x00000000000123af       0x76 obj_cooja/mtype917.a(beep.o)
                0x00000000000123af                beep_alarm
                0x00000000000123bb                beep_beep
                0x00000000000123c7                beep
                0x00000000000123d3                beep_down
                0x00000000000123df                beep_on
                0x00000000000123eb                beep_off
                0x00000000000123f7                beep_spinup
                0x0000000000012403                beep_quick
                0x000000000001240f                beep_long
 .text          0x0000000000012425      0x103 obj_cooja/mtype917.a(button-sensor.o)
 .text          0x0000000000012528       0x45 obj_cooja/mtype917.a(leds-arch.o)
                0x0000000000012528                leds_arch_init
                0x0000000000012534                leds_arch_get
                0x0000000000012540                leds_arch_set
 .text          0x000000000001256d       0x2f obj_cooja/mtype917.a(moteid.o)
 .text          0x000000000001259c       0xb1 obj_cooja/mtype917.a(pir-sensor.o)
 .text          0x000000000001264d      0x131 obj_cooja/mtype917.a(rs232.o)
                0x000000000001264d                rs232_init
                0x0000000000012652                rs232_set_speed
                0x0000000000012660                rs232_set_input
                0x000000000001266d                rs232_send
                0x000000000001268f                rs232_print
                0x00000000000126aa                slip_arch_writeb
 .text          0x000000000001277e       0xb1 obj_cooja/mtype917.a(vib-sensor.o)
 .text          0x000000000001282f       0x34 obj_cooja/mtype917.a(clock.o)
                0x000000000001282f                clock_init
                0x0000000000012834                clock_time
                0x000000000001283e                clock_seconds
                0x0000000000012854                clock_delay
 .text          0x0000000000012863      0x1ed obj_cooja/mtype917.a(log.o)
                0x0000000000012863                simlog_char
                0x00000000000128a5                simlog
                0x0000000000012912                log_message
                0x000000000001293a                log_set_putchar_with_slip
                0x0000000000012947                log_putchar
                0x00000000000129cb                log_puts
                0x00000000000129ef                log_printf
 .text          0x0000000000012a50      0x2c4 obj_cooja/mtype917.a(cfs-cooja.o)
                0x0000000000012a50                cfs_open
                0x0000000000012ab9                cfs_close
                0x0000000000012ac5                cfs_read
                0x0000000000012b63                cfs_write
                0x0000000000012c40                cfs_seek
                0x0000000000012cc8                cfs_remove
                0x0000000000012cf1                cfs_opendir
                0x0000000000012cfb                cfs_readdir
                0x0000000000012d05                cfs_closedir
 .text          0x0000000000012d14      0x69f obj_cooja/mtype917.a(cooja-radio.o)
                0x0000000000012d3e                radio_set_channel
                0x0000000000012d53                radio_set_txpower
                0x0000000000012d73                radio_signal_strength_last
                0x0000000000012d7d                radio_signal_strength_current
                0x0000000000012d87                radio_LQI
 .text          0x00000000000133b3       0xef obj_cooja/mtype917.a(eeprom.o)
                0x00000000000133b3                eeprom_init
                0x00000000000133b8                eeprom_read
                0x0000000000013428                eeprom_write
 .text          0x00000000000134a2       0x28 obj_cooja/mtype917.a(random.o)
                0x00000000000134a2                random_init
                0x00000000000134bd                random_rand
 .text          0x00000000000134ca      0x2a1 obj_cooja/mtype917.a(sensors.o)
                0x0000000000013505                sensors_first
                0x000000000001350f                sensors_next
                0x000000000001352c                sensors_changed
                0x000000000001355b                sensors_find
 .text          0x000000000001376b      0x134 obj_cooja/mtype917.a(leds.o)
                0x00000000000137bc                leds_init
                0x00000000000137d0                leds_blink
                0x0000000000013808                leds_get
                0x0000000000013815                leds_set
                0x000000000001382f                leds_on
                0x0000000000013852                leds_off
                0x000000000001387c                leds_toggle
 .text          0x000000000001389f      0x318 obj_cooja/mtype917.a(dual_conf.o)
                0x000000000001389f                dual_radio_switch
                0x00000000000138df                dual_radio_change
                0x0000000000013919                sending_in_LR
                0x0000000000013944                dual_radio_received
                0x000000000001397c                radio_received_is_longrange
                0x0000000000013997                dual_radio_turn_on
                0x00000000000139ba                dual_radio_turn_off
                0x0000000000013b6d                dio_broadcast
                0x0000000000013b96                dis_broadcast
 .text          0x0000000000013bb7       0x8e obj_cooja/mtype917.a(autostart.o)
                0x0000000000013bb7                autostart_start
                0x0000000000013c02                autostart_exit
 .text          0x0000000000013c45      0x334 obj_cooja/mtype917.a(ctimer.o)
                0x0000000000013d5c                ctimer_init
                0x0000000000013d8c                ctimer_set
                0x0000000000013dbd                ctimer_set_with_process
                0x0000000000013e39                ctimer_reset
                0x0000000000013e88                ctimer_restart
                0x0000000000013ed7                ctimer_stop
                0x0000000000013f22                ctimer_expired
 .text          0x0000000000013f79      0x40b obj_cooja/mtype917.a(etimer.o)
                0x000000000001418c                etimer_request_poll
                0x0000000000014210                etimer_set
                0x0000000000014235                etimer_reset_with_new_interval
                0x000000000001425c                etimer_reset
                0x000000000001427a                etimer_restart
                0x0000000000014298                etimer_adjust
                0x00000000000142b4                etimer_expired
                0x00000000000142c7                etimer_expiration_time
                0x00000000000142d9                etimer_start_time
                0x00000000000142e3                etimer_pending
                0x00000000000142f5                etimer_next_expiration_time
                0x000000000001430f                etimer_stop
 .text          0x0000000000014384      0x1b3 obj_cooja/mtype917.a(log_message.o)
                0x0000000000014384                log_initialization
                0x0000000000014516                log_finisher
 .text          0x0000000000014537      0x560 obj_cooja/mtype917.a(process.o)
                0x0000000000014537                process_alloc_event
                0x000000000001454c                process_start
                0x0000000000014735                process_exit
                0x0000000000014751                process_init
                0x0000000000014922                process_run
                0x0000000000014955                process_nevents
                0x0000000000014970                process_post
                0x0000000000014a1c                process_post_synch
                0x0000000000014a54                process_poll
                0x0000000000014a83                process_is_running
 .text          0x0000000000014a97       0xd3 obj_cooja/mtype917.a(residual.o)
                0x0000000000014a97                get_residual_energy
 .text          0x0000000000014b6a       0xba obj_cooja/mtype917.a(rtimer.o)
                0x0000000000014b6a                rtimer_init
                0x0000000000014b77                rtimer_set
                0x0000000000014bce                rtimer_run_next
 .text          0x0000000000014c24       0xa3 obj_cooja/mtype917.a(stimer.o)
                0x0000000000014c24                stimer_set
                0x0000000000014c3f                stimer_reset
                0x0000000000014c56                stimer_restart
                0x0000000000014c68                stimer_expired
                0x0000000000014c8f                stimer_remaining
                0x0000000000014cb3                stimer_elapsed
 .text          0x0000000000014cc7       0x91 obj_cooja/mtype917.a(timer.o)
                0x0000000000014cc7                timer_set
                0x0000000000014ce2                timer_reset
                0x0000000000014cf9                timer_restart
                0x0000000000014d0b                timer_expired
                0x0000000000014d34                timer_remaining
 .text          0x0000000000014d58      0x1fb obj_cooja/mtype917.a(serial-line.o)
                0x0000000000014d58                serial_line_input_byte
                0x0000000000014f1b                serial_line_init
 .text          0x0000000000014f53      0x244 obj_cooja/mtype917.a(list.o)
                0x0000000000014f53                list_init
                0x0000000000014f61                list_head
                0x0000000000014f6b                list_copy
                0x0000000000014f7a                list_tail
                0x0000000000014fb0                list_add
                0x0000000000014ff9                list_push
                0x0000000000015025                list_chop
                0x000000000001508f                list_pop
                0x00000000000150b7                list_remove
                0x000000000001511e                list_length
                0x000000000001514c                list_insert
                0x0000000000015180                list_item_next
 .text          0x0000000000015197      0x155 obj_cooja/mtype917.a(ringbuf.o)
                0x0000000000015197                ringbuf_init
                0x00000000000151c8                ringbuf_put
                0x0000000000015246                ringbuf_get
                0x00000000000152b3                ringbuf_size
                0x00000000000152c5                ringbuf_elements
 .text          0x00000000000152ec     0x258b obj_cooja/mtype917.a(sicslowpan.o)
                0x0000000000015876                rime_sniffer_add
                0x0000000000015883                rime_sniffer_remove
                0x0000000000017816                sicslowpan_init
                0x000000000001786d                sicslowpan_get_last_rssi
 .text          0x0000000000017877      0x2d9 obj_cooja/mtype917.a(uip-ds6-nbr.o)
                0x0000000000017894                uip_ds6_neighbors_init
                0x00000000000178b1                uip_ds6_nbr_add
                0x000000000001795f                uip_ds6_nbr_rm
                0x00000000000179bc                uip_ds6_nbr_get_ipaddr
                0x00000000000179d1                uip_ds6_nbr_get_ll
                0x00000000000179ed                uip_ds6_nbr_num
                0x0000000000017a32                uip_ds6_nbr_lookup
                0x0000000000017a97                uip_ds6_nbr_ll_lookup
                0x0000000000017ab3                uip_ds6_nbr_ipaddr_from_lladdr
                0x0000000000017ad9                uip_ds6_nbr_lladdr_from_ipaddr
                0x0000000000017b07                uip_ds6_link_neighbor_callback
 .text          0x0000000000017b50      0x916 obj_cooja/mtype917.a(uip-ds6-route.o)
                0x0000000000017bc7                uip_ds6_notification_add
                0x0000000000017bf8                uip_ds6_notification_rm
                0x0000000000017c14                uip_ds6_route_init
                0x0000000000017c9c                uip_ds6_route_nexthop
                0x0000000000017cc4                uip_ds6_route_head
                0x0000000000017cd9                uip_ds6_route_next
                0x0000000000017cff                uip_ds6_route_is_nexthop
                0x0000000000017d3e                uip_ds6_route_num_routes
                0x0000000000017d48                uip_ds6_route_lookup
                0x0000000000017e0a                uip_ds6_route_add
                0x000000000001803e                uip_ds6_route_rm
                0x00000000000181d2                uip_ds6_route_rm_by_nexthop
                0x000000000001820a                uip_ds6_defrt_add
                0x00000000000182bb                uip_ds6_defrt_rm
                0x000000000001833a                uip_ds6_defrt_lookup
                0x0000000000018393                uip_ds6_defrt_choose
                0x00000000000183fe                uip_ds6_defrt_periodic
 .text          0x0000000000018466     0x12ad obj_cooja/mtype917.a(uip-ds6.o)
                0x0000000000018466                uip_ds6_init
                0x00000000000187bb                uip_ds6_periodic
                0x0000000000018893                uip_ds6_list_loop
                0x000000000001893a                uip_ds6_prefix_add
                0x00000000000189f8                uip_ds6_prefix_rm
                0x0000000000018a0a                uip_ds6_prefix_lookup
                0x0000000000018a5b                uip_ds6_is_addr_onlink
                0x0000000000018acf                uip_ds6_addr_add
                0x0000000000018bfd                uip_ds6_long_addr_add
                0x0000000000018d2b                uip_ds6_addr_rm
                0x0000000000018dcb                uip_ds6_addr_lookup
                0x0000000000018e16                uip_ds6_long_addr_lookup
                0x0000000000018e61                uip_ds6_get_link_local
                0x0000000000018ee0                uip_ds6_long_get_link_local
                0x0000000000018f5f                uip_ds6_get_global
                0x0000000000018fde                uip_ds6_long_get_global
                0x000000000001905d                uip_ds6_maddr_add
                0x00000000000190cf                uip_ds6_long_maddr_add
                0x0000000000019141                uip_ds6_maddr_rm
                0x0000000000019153                uip_ds6_maddr_lookup
                0x000000000001919e                uip_ds6_long_maddr_lookup
                0x00000000000191e9                uip_ds6_aaddr_add
                0x000000000001925b                uip_ds6_long_aaddr_add
                0x00000000000192cd                uip_ds6_aaddr_rm
                0x00000000000192df                uip_ds6_aaddr_lookup
                0x000000000001932a                uip_ds6_long_aaddr_lookup
                0x0000000000019375                uip_ds6_select_src
                0x00000000000195fe                uip_ds6_set_addr_iid
                0x0000000000019635                get_match_length
                0x00000000000196c7                uip_ds6_compute_reachable_time
 .text          0x0000000000019713     0x29ac obj_cooja/mtype917.a(uip6.o)
                0x0000000000019713                uip_add32
                0x00000000000198ac                uip_chksum
                0x000000000001999a                uip_icmp6chksum
                0x00000000000199ae                uip_tcpchksum
                0x00000000000199c2                uip_init
                0x0000000000019a92                uip_connect
                0x0000000000019c41                remove_ext_hdr
                0x0000000000019d16                uip_udp_new
                0x0000000000019e72                uip_unlisten
                0x0000000000019ed2                uip_listen
                0x000000000001a194                uip_process
                0x000000000001bfb3                uip_htons
                0x000000000001bfd5                uip_htonl
                0x000000000001c015                uip_send
 .text          0x000000000001c0bf      0xa53 obj_cooja/mtype917.a(tcpip.o)
                0x000000000001c0bf                tcpip_output
                0x000000000001c0fa                tcpip_set_outputfunc
                0x000000000001c18e                tcp_connect
                0x000000000001c1e3                tcp_unlisten
                0x000000000001c23e                tcp_listen
                0x000000000001c297                tcp_attach
                0x000000000001c2bc                udp_attach
                0x000000000001c2e1                udp_new
                0x000000000001c333                udp_broadcast_new
                0x000000000001c5a7                tcpip_input
                0x000000000001c5db                tcpip_ipv6_output
                0x000000000001c94e                tcpip_poll_udp
                0x000000000001c971                tcpip_poll_tcp
                0x000000000001c994                tcpip_uipcall
 .text          0x000000000001cb12      0x1c1 obj_cooja/mtype917.a(uip-debug.o)
                0x000000000001cb12                uip_debug_ipaddr_print
                0x000000000001cc74                uip_debug_lladdr_print
 .text          0x000000000001ccd3      0x141 obj_cooja/mtype917.a(uip-packetqueue)
                0x000000000001ccff                uip_packetqueue_new
                0x000000000001cd0d                uip_packetqueue_alloc
                0x000000000001cd6d                uip_packetqueue_free
                0x000000000001cdae                uip_packetqueue_buf
                0x000000000001cdcb                uip_packetqueue_buflen
                0x000000000001cdec                uip_packetqueue_set_buflen
 .text          0x000000000001ce14      0x131 obj_cooja/mtype917.a(uip-udp-packet.)
                0x000000000001ce14                uip_udp_packet_send
                0x000000000001ce74                uip_udp_packet_sendto
 .text          0x000000000001cf45     0x2847 obj_cooja/mtype917.a(rpl-dag.o)
                0x000000000001cf45                rpl_print_neighbor_list
                0x000000000001cfac                rpl_print_child_neighbor_list
                0x000000000001d013                rpl_get_nbr
                0x000000000001d06d                rpl_get_nbr_child
                0x000000000001d0c7                rpl_dag_init
                0x000000000001d0f9                rpl_get_parent
                0x000000000001d11b                rpl_get_parent_rank
                0x000000000001d14e                rpl_get_parent_link_metric
                0x000000000001d181                rpl_get_parent_ipaddr
                0x000000000001d1ab                rpl_get_child_ipaddr
                0x000000000001d770                rpl_set_root
                0x000000000001d99e                rpl_repair_root
                0x000000000001dbda                rpl_set_prefix
                0x000000000001dcd9                rpl_set_default_route
                0x000000000001dd65                rpl_alloc_instance
                0x000000000001dded                rpl_alloc_dag
                0x000000000001dea0                rpl_set_default_instance
                0x000000000001dead                rpl_get_default_instance
                0x000000000001deb7                rpl_free_instance
                0x000000000001df58                rpl_free_dag
                0x000000000001dfbe                rpl_add_parent
                0x000000000001e0a7                rpl_find_parent
                0x000000000001e0d7                rpl_add_child
                0x000000000001e17b                rpl_find_child
                0x000000000001e1c9                rpl_find_parent_any_dag
                0x000000000001e205                rpl_select_dag
                0x000000000001e635                rpl_select_parent
                0x000000000001e697                rpl_remove_parent
                0x000000000001e6cd                rpl_remove_child
                0x000000000001e6e9                rpl_nullify_parent
                0x000000000001e787                rpl_move_parent
                0x000000000001e824                rpl_has_downward_route
                0x000000000001e877                rpl_get_any_dag
                0x000000000001e8d9                rpl_get_instance
                0x000000000001e93c                rpl_find_of
                0x000000000001e979                rpl_join_instance
                0x000000000001ec15                rpl_add_dag
                0x000000000001f004                rpl_local_repair
                0x000000000001f0dd                rpl_recalculate_ranks
                0x000000000001f163                rpl_process_parent_event
                0x000000000001f215                rpl_process_dio
 .text          0x000000000001f78c      0xbf3 obj_cooja/mtype917.a(rpl-ext-header.)
                0x000000000001f7a9                rpl_verify_header
                0x000000000001fc23                rpl_update_header_empty
                0x000000000001ff3a                rpl_update_header_final
                0x00000000000200c9                rpl_remove_header
                0x00000000000201d3                rpl_invert_header
                0x000000000002035d                rpl_insert_header
 .text          0x000000000002037f     0x2291 obj_cooja/mtype917.a(rpl-icmp6.o)
                0x00000000000205de                rpl_icmp6_update_nbr_table
                0x00000000000206ce                dis_output
                0x0000000000021006                dio_output
                0x000000000002217b                dao_output
                0x0000000000022243                dao_output_target
                0x00000000000225c4                dao_ack_output
                0x00000000000225d8                rpl_icmp6_register_handlers
 .text          0x0000000000022610      0x4b1 obj_cooja/mtype917.a(rpl-ltmax.o)
 .text          0x0000000000022ac1      0x59d obj_cooja/mtype917.a(rpl-timers.o)
                0x0000000000022d07                rpl_reset_periodic_timer
                0x0000000000022d5c                rpl_reset_dio_timer
                0x0000000000022f96                rpl_schedule_dao
                0x0000000000022fb1                rpl_schedule_dao_immediately
                0x0000000000022fcc                rpl_cancel_dao
                0x000000000002302e                rpl_schedule_unicast_dio_immediately
 .text          0x000000000002305e      0x5c5 obj_cooja/mtype917.a(rpl.o)
                0x000000000002305e                rpl_get_mode
                0x0000000000023068                rpl_set_mode
                0x00000000000230f6                rpl_purge_routes
                0x00000000000231f0                rpl_remove_routes
                0x0000000000023236                rpl_remove_routes_by_nexthop
                0x00000000000232a2                rpl_add_route
                0x000000000002331d                rpl_link_neighbor_callback
                0x0000000000023422                rpl_ipv6_neighbor_callback
                0x0000000000023491                rpl_purge_dags
                0x000000000002359d                rpl_init
 .text          0x0000000000023623      0x903 obj_cooja/mtype917.a(csma.o)
 .text          0x0000000000023f26      0x3f5 obj_cooja/mtype917.a(framer-802154.o)
 .text          0x000000000002431b       0x3c obj_cooja/mtype917.a(mac.o)
                0x000000000002431b                mac_call_sent_callback
 .text          0x0000000000024357     0x152c obj_cooja/mtype917.a(cxmac.o)
                0x00000000000257d3                cxmac_set_announcement_radio_txpower
                0x00000000000257d8                cxmac_init
 .text          0x0000000000025883       0x82 obj_cooja/mtype917.a(linkaddr.o)
                0x0000000000025883                linkaddr_copy
                0x00000000000258a5                linkaddr_cmp
                0x00000000000258cf                linkaddr_set_node_addr
                0x00000000000258ea                linkaddr_set_node_long_addr
 .text          0x0000000000025905      0x919 obj_cooja/mtype917.a(nbr-table.o)
                0x0000000000025905                long_ip_from_lladdr_map
                0x0000000000025992                lladdr_map_add_lr
                0x0000000000025a4f                lladdr_map_rm_lr
                0x0000000000025f14                nbr_table_register
                0x0000000000025f5c                nbr_table_head
                0x0000000000025fb8                nbr_table_next
                0x000000000002601f                nbr_table_add_lladdr
                0x00000000000260fb                nbr_table_get_from_lladdr
                0x0000000000026148                nbr_table_remove
                0x000000000002619a                nbr_table_lock
                0x00000000000261c4                nbr_table_unlock
                0x00000000000261ee                nbr_table_get_lladdr
 .text          0x000000000002621e       0x2b obj_cooja/mtype917.a(netstack.o)
                0x000000000002621e                netstack_init
 .text          0x0000000000026249      0x3cd obj_cooja/mtype917.a(packetbuf.o)
                0x0000000000026249                packetbuf_clear
                0x0000000000026273                packetbuf_copyfrom
                0x00000000000262c5                packetbuf_compact
                0x0000000000026342                packetbuf_copyto
                0x00000000000263d9                packetbuf_hdralloc
                0x0000000000026456                packetbuf_hdrreduce
                0x000000000002649e                packetbuf_set_datalen
                0x00000000000264b7                packetbuf_dataptr
                0x00000000000264d4                packetbuf_hdrptr
                0x00000000000264de                packetbuf_datalen
                0x00000000000264ea                packetbuf_hdrlen
                0x0000000000026501                packetbuf_totlen
                0x0000000000026517                packetbuf_attr_clear
                0x0000000000026569                packetbuf_attr_copyto
                0x00000000000265b2                packetbuf_attr_copyfrom
                0x00000000000265fa                packetbuf_holds_broadcast
 .text          0x0000000000026616      0x2b4 obj_cooja/mtype917.a(queuebuf.o)
                0x0000000000026620                queuebuf_init
                0x0000000000026640                queuebuf_numfree
                0x0000000000026654                queuebuf_new_from_packetbuf
                0x00000000000266e4                queuebuf_update_attr_from_packetbuf
                0x0000000000026717                queuebuf_update_from_packetbuf
                0x0000000000026761                queuebuf_free
                0x00000000000267a8                queuebuf_to_packetbuf
                0x000000000002680e                queuebuf_dataptr
                0x0000000000026845                queuebuf_datalen
                0x0000000000026868                queuebuf_addr
                0x000000000002689a                queuebuf_attr
                0x00000000000268c5                queuebuf_debug_print
 .text          0x00000000000268ca       0x6e obj_cooja/mtype917.a(nullsec.o)
 .text          0x0000000000026938       0x19 obj_cooja/mtype917.a(watchdog.o)
                0x0000000000026938                watchdog_init
                0x000000000002693d                watchdog_start
                0x0000000000026942                watchdog_periodic
                0x0000000000026947                watchdog_stop
                0x000000000002694c                watchdog_reboot
 .text          0x0000000000026951        0x0 obj_cooja/mtype917.a(rimestats.o)
 .text          0x0000000000026951      0x1c1 obj_cooja/mtype917.a(memb.o)
                0x0000000000026951                memb_init
                0x00000000000269af                memb_alloc
                0x0000000000026a14                memb_free
                0x0000000000026a8f                memb_inmemb
                0x0000000000026ace                memb_numfree
 .text          0x0000000000026b12      0xabf obj_cooja/mtype917.a(uip-icmp6.o)
                0x0000000000026b80                uip_icmp6_input
                0x0000000000026bd6                uip_icmp6_register_input_handler
                0x0000000000026e9e                uip_icmp6_error_output
                0x00000000000271e3                uip_icmp6_send
                0x0000000000027564                uip_icmp6_echo_reply_callback_add
                0x0000000000027595                uip_icmp6_echo_reply_callback_rm
                0x00000000000275b1                uip_icmp6_init
 .text          0x00000000000275d1      0x358 obj_cooja/mtype917.a(uip-nd6.o)
                0x0000000000027625                uip_nd6_ns_output
                0x0000000000027924                uip_nd6_init
 .text          0x0000000000027929      0x331 obj_cooja/mtype917.a(rpl-nbr-policy.)
                0x0000000000027b01                find_removable_dis
                0x0000000000027b24                find_removable_dio
                0x0000000000027bb3                find_removable_dao
                0x0000000000027c03                rpl_nbr_policy_find_removable
 .text          0x0000000000027c5a      0x97c obj_cooja/mtype917.a(frame802154.o)
                0x0000000000027c8b                frame802154_get_pan_id
                0x0000000000027c97                frame802154_set_pan_id
                0x0000000000027cb0                frame802154_has_panid
                0x0000000000027d9c                frame802154_check_dest_panid
                0x0000000000027e04                frame802154_is_broadcast_addr
                0x0000000000027e51                frame802154_extract_linkaddr
                0x0000000000028091                frame802154_hdrlen
                0x00000000000280e2                frame802154_create
                0x00000000000282cd                frame802154_parse
 .text          0x00000000000285d6        0x0 /usr/lib/gcc/i686-linux-gnu/4.8/crtendS.o
 .text          0x00000000000285d6        0x0 /usr/lib/gcc/i686-linux-gnu/4.8/../../../i386-linux-gnu/crtn.o
 *(.gnu.warning)

.fini           0x00000000000285d8       0x14
 *(SORT(.fini))
 .fini          0x00000000000285d8        0xf /usr/lib/gcc/i686-linux-gnu/4.8/../../../i386-linux-gnu/crti.o
                0x00000000000285d8                _fini
 .fini          0x00000000000285e7        0x5 /usr/lib/gcc/i686-linux-gnu/4.8/../../../i386-linux-gnu/crtn.o
                0x00000000000285ec                PROVIDE (__etext, .)
                0x00000000000285ec                PROVIDE (_etext, .)
                0x00000000000285ec                PROVIDE (etext, .)

.rodata         0x0000000000028600      0xee0
 *(.rodata .rodata.* .gnu.linkonce.r.*)
 .rodata        0x0000000000028600      0x4a0 udp-client.co
                0x0000000000028614                autostart_processes
 .rodata        0x0000000000028aa0      0x1b6 obj_cooja/mtype917.o
 *fill*         0x0000000000028c56        0x2 
 .rodata        0x0000000000028c58        0x8 obj_cooja/mtype917.a(beep.o)
                0x0000000000028c58                beep_interface
 .rodata        0x0000000000028c60       0x20 obj_cooja/mtype917.a(button-sensor.o)
                0x0000000000028c60                button_interface
                0x0000000000028c70                button_sensor
 .rodata        0x0000000000028c80        0x8 obj_cooja/mtype917.a(leds-arch.o)
                0x0000000000028c80                leds_interface
 .rodata        0x0000000000028c88        0x8 obj_cooja/mtype917.a(moteid.o)
                0x0000000000028c88                moteid_interface
 .rodata        0x0000000000028c90       0x1c obj_cooja/mtype917.a(pir-sensor.o)
                0x0000000000028c90                pir_interface
                0x0000000000028c9c                pir_sensor
 .rodata        0x0000000000028cac        0xe obj_cooja/mtype917.a(rs232.o)
                0x0000000000028cac                rs232_interface
 *fill*         0x0000000000028cba        0x2 
 .rodata        0x0000000000028cbc       0x24 obj_cooja/mtype917.a(vib-sensor.o)
                0x0000000000028cbc                vib_interface
                0x0000000000028cd0                vib_sensor
 .rodata        0x0000000000028ce0        0x8 obj_cooja/mtype917.a(clock.o)
                0x0000000000028ce0                clock_interface
 .rodata        0x0000000000028ce8        0x8 obj_cooja/mtype917.a(log.o)
                0x0000000000028ce8                simlog_interface
 .rodata        0x0000000000028cf0       0x2f obj_cooja/mtype917.a(cfs-cooja.o)
                0x0000000000028cf0                cfs_interface
 *fill*         0x0000000000028d1f        0x1 
 .rodata        0x0000000000028d20       0x60 obj_cooja/mtype917.a(cooja-radio.o)
                0x0000000000028d40                cooja_radio_driver
                0x0000000000028d78                radio_interface
 .rodata        0x0000000000028d80        0x8 obj_cooja/mtype917.a(eeprom.o)
                0x0000000000028d80                eeprom_interface
 .rodata        0x0000000000028d88        0x8 obj_cooja/mtype917.a(sensors.o)
 .rodata        0x0000000000028d90       0x1c obj_cooja/mtype917.a(dual_conf.o)
 .rodata        0x0000000000028dac        0xf obj_cooja/mtype917.a(ctimer.o)
 .rodata        0x0000000000028dbb        0xc obj_cooja/mtype917.a(etimer.o)
 *fill*         0x0000000000028dc7        0x1 
 .rodata        0x0000000000028dc8      0x11c obj_cooja/mtype917.a(log_message.o)
 .rodata        0x0000000000028ee4       0x20 obj_cooja/mtype917.a(residual.o)
                0x0000000000028ee4                DISSIPATION_RATE
 .rodata        0x0000000000028f04        0xe obj_cooja/mtype917.a(serial-line.o)
 *fill*         0x0000000000028f12        0x2 
 .rodata        0x0000000000028f14       0x2c obj_cooja/mtype917.a(sicslowpan.o)
                0x0000000000028f14                unc_llconf
                0x0000000000028f18                unc_ctxconf
                0x0000000000028f1c                unc_mxconf
                0x0000000000028f20                llprefix
                0x0000000000028f34                sicslowpan_driver
 .rodata        0x0000000000028f40      0x13c obj_cooja/mtype917.a(uip6.o)
 .rodata        0x000000000002907c        0xd obj_cooja/mtype917.a(tcpip.o)
 .rodata        0x0000000000029089       0x3e obj_cooja/mtype917.a(uip-debug.o)
 *fill*         0x00000000000290c7        0x1 
 .rodata        0x00000000000290c8       0x40 obj_cooja/mtype917.a(rpl-dag.o)
 .rodata        0x0000000000029108       0x23 obj_cooja/mtype917.a(rpl-ltmax.o)
 *fill*         0x000000000002912b        0x1 
 .rodata        0x000000000002912c       0x38 obj_cooja/mtype917.a(csma.o)
                0x0000000000029148                csma_driver
 .rodata        0x0000000000029164        0xc obj_cooja/mtype917.a(framer-802154.o)
                0x0000000000029164                framer_802154
 *fill*         0x0000000000029170       0x10 
 .rodata        0x0000000000029180      0x340 obj_cooja/mtype917.a(cxmac.o)
                0x00000000000294a0                cxmac_driver
 .rodata        0x00000000000294c0        0x8 obj_cooja/mtype917.a(linkaddr.o)
                0x00000000000294c0                linkaddr_null
 .rodata        0x00000000000294c8       0x18 obj_cooja/mtype917.a(nullsec.o)
                0x00000000000294d0                nullsec_driver

.rodata1
 *(.rodata1)

.eh_frame_hdr   0x00000000000294e0     0x13fc
 *(.eh_frame_hdr)
 .eh_frame_hdr  0x00000000000294e0     0x13fc udp-client.co

.eh_frame       0x000000000002a8dc     0x5174
 *(.eh_frame)
 .eh_frame      0x000000000002a8dc       0x3c /usr/lib/gcc/i686-linux-gnu/4.8/../../../i386-linux-gnu/crti.o
                                         0x40 (size before relaxing)
 .eh_frame      0x000000000002a918       0xb8 udp-client.co
                                         0xd0 (size before relaxing)
 .eh_frame      0x000000000002a9d0      0x148 obj_cooja/mtype917.o
                                        0x160 (size before relaxing)
 .eh_frame      0x000000000002ab18       0x40 obj_cooja/mtype917.a(simEnvChange.o)
                                         0x58 (size before relaxing)
 .eh_frame      0x000000000002ab58       0xc0 obj_cooja/mtype917.a(cooja_mt.o)
                                         0xd8 (size before relaxing)
 .eh_frame      0x000000000002ac18      0x120 obj_cooja/mtype917.a(cooja_mtarch.o)
                                        0x138 (size before relaxing)
 .eh_frame      0x000000000002ad38       0xc0 obj_cooja/mtype917.a(rtimer-arch.o)
                                         0xd8 (size before relaxing)
 .eh_frame      0x000000000002adf8      0x160 obj_cooja/mtype917.a(beep.o)
                                        0x178 (size before relaxing)
 .eh_frame      0x000000000002af58       0xa0 obj_cooja/mtype917.a(button-sensor.o)
                                         0xb8 (size before relaxing)
 .eh_frame      0x000000000002aff8       0xa0 obj_cooja/mtype917.a(leds-arch.o)
                                         0xb8 (size before relaxing)
 .eh_frame      0x000000000002b098       0x40 obj_cooja/mtype917.a(moteid.o)
                                         0x58 (size before relaxing)
 .eh_frame      0x000000000002b0d8       0xa0 obj_cooja/mtype917.a(pir-sensor.o)
                                         0xb8 (size before relaxing)
 .eh_frame      0x000000000002b178      0x100 obj_cooja/mtype917.a(rs232.o)
                                        0x118 (size before relaxing)
 .eh_frame      0x000000000002b278       0xa0 obj_cooja/mtype917.a(vib-sensor.o)
                                         0xb8 (size before relaxing)
 .eh_frame      0x000000000002b318       0xc0 obj_cooja/mtype917.a(clock.o)
                                         0xd8 (size before relaxing)
 .eh_frame      0x000000000002b3d8      0x120 obj_cooja/mtype917.a(log.o)
                                        0x138 (size before relaxing)
 .eh_frame      0x000000000002b4f8      0x160 obj_cooja/mtype917.a(cfs-cooja.o)
                                        0x178 (size before relaxing)
 .eh_frame      0x000000000002b658      0x2e0 obj_cooja/mtype917.a(cooja-radio.o)
                                        0x2f8 (size before relaxing)
 .eh_frame      0x000000000002b938       0xa0 obj_cooja/mtype917.a(eeprom.o)
                                         0xb8 (size before relaxing)
 .eh_frame      0x000000000002b9d8       0x40 obj_cooja/mtype917.a(random.o)
                                         0x58 (size before relaxing)
 .eh_frame      0x000000000002ba18       0xc0 obj_cooja/mtype917.a(sensors.o)
                                         0xd8 (size before relaxing)
 .eh_frame      0x000000000002bad8      0x100 obj_cooja/mtype917.a(leds.o)
                                        0x118 (size before relaxing)
 .eh_frame      0x000000000002bbd8      0x160 obj_cooja/mtype917.a(dual_conf.o)
                                        0x178 (size before relaxing)
 .eh_frame      0x000000000002bd38       0x40 obj_cooja/mtype917.a(autostart.o)
                                         0x58 (size before relaxing)
 .eh_frame      0x000000000002bd78      0x100 obj_cooja/mtype917.a(ctimer.o)
                                        0x118 (size before relaxing)
 .eh_frame      0x000000000002be78      0x1e0 obj_cooja/mtype917.a(etimer.o)
                                        0x1f8 (size before relaxing)
 .eh_frame      0x000000000002c058       0x50 obj_cooja/mtype917.a(log_message.o)
                                         0x68 (size before relaxing)
 .eh_frame      0x000000000002c0a8      0x1c8 obj_cooja/mtype917.a(process.o)
                                        0x1e0 (size before relaxing)
 .eh_frame      0x000000000002c270       0x2c obj_cooja/mtype917.a(residual.o)
                                         0x44 (size before relaxing)
 .eh_frame      0x000000000002c29c       0x60 obj_cooja/mtype917.a(rtimer.o)
                                         0x78 (size before relaxing)
 .eh_frame      0x000000000002c2fc       0xc4 obj_cooja/mtype917.a(stimer.o)
                                         0xdc (size before relaxing)
 .eh_frame      0x000000000002c3c0       0xa4 obj_cooja/mtype917.a(timer.o)
                                         0xbc (size before relaxing)
 .eh_frame      0x000000000002c464       0x60 obj_cooja/mtype917.a(serial-line.o)
                                         0x78 (size before relaxing)
 .eh_frame      0x000000000002c4c4      0x180 obj_cooja/mtype917.a(list.o)
                                        0x198 (size before relaxing)
 .eh_frame      0x000000000002c644       0xa0 obj_cooja/mtype917.a(ringbuf.o)
                                         0xb8 (size before relaxing)
 .eh_frame      0x000000000002c6e4      0x350 obj_cooja/mtype917.a(sicslowpan.o)
                                        0x368 (size before relaxing)
 .eh_frame      0x000000000002ca34      0x180 obj_cooja/mtype917.a(uip-ds6-nbr.o)
                                        0x198 (size before relaxing)
 .eh_frame      0x000000000002cbb4      0x2a0 obj_cooja/mtype917.a(uip-ds6-route.o)
                                        0x2b8 (size before relaxing)
 .eh_frame      0x000000000002ce54      0x3c8 obj_cooja/mtype917.a(uip-ds6.o)
                                        0x3e0 (size before relaxing)
 .eh_frame      0x000000000002d21c      0x25c obj_cooja/mtype917.a(uip6.o)
                                        0x274 (size before relaxing)
 .eh_frame      0x000000000002d478      0x270 obj_cooja/mtype917.a(tcpip.o)
                                        0x288 (size before relaxing)
 .eh_frame      0x000000000002d6e8       0x48 obj_cooja/mtype917.a(uip-debug.o)
                                         0x60 (size before relaxing)
 .eh_frame      0x000000000002d730       0xe0 obj_cooja/mtype917.a(uip-packetqueue)
                                         0xf8 (size before relaxing)
 .eh_frame      0x000000000002d810       0x40 obj_cooja/mtype917.a(uip-udp-packet.)
                                         0x58 (size before relaxing)
 .eh_frame      0x000000000002d850      0x754 obj_cooja/mtype917.a(rpl-dag.o)
                                        0x76c (size before relaxing)
 .eh_frame      0x000000000002dfa4      0x10c obj_cooja/mtype917.a(rpl-ext-header.)
                                        0x124 (size before relaxing)
 .eh_frame      0x000000000002e0b0      0x278 obj_cooja/mtype917.a(rpl-icmp6.o)
                                        0x290 (size before relaxing)
 .eh_frame      0x000000000002e328       0xe8 obj_cooja/mtype917.a(rpl-ltmax.o)
                                        0x100 (size before relaxing)
 .eh_frame      0x000000000002e410      0x1ac obj_cooja/mtype917.a(rpl-timers.o)
                                        0x1c4 (size before relaxing)
 .eh_frame      0x000000000002e5bc      0x148 obj_cooja/mtype917.a(rpl.o)
                                        0x160 (size before relaxing)
 .eh_frame      0x000000000002e704      0x28c obj_cooja/mtype917.a(csma.o)
                                        0x2a4 (size before relaxing)
 .eh_frame      0x000000000002e990      0x108 obj_cooja/mtype917.a(framer-802154.o)
                                        0x120 (size before relaxing)
 .eh_frame      0x000000000002ea98       0x20 obj_cooja/mtype917.a(mac.o)
                                         0x38 (size before relaxing)
 .eh_frame      0x000000000002eab8      0x2c0 obj_cooja/mtype917.a(cxmac.o)
                                        0x2d8 (size before relaxing)
 .eh_frame      0x000000000002ed78       0x80 obj_cooja/mtype917.a(linkaddr.o)
                                         0x98 (size before relaxing)
 .eh_frame      0x000000000002edf8      0x2cc obj_cooja/mtype917.a(nbr-table.o)
                                        0x2e4 (size before relaxing)
 .eh_frame      0x000000000002f0c4       0x20 obj_cooja/mtype917.a(netstack.o)
                                         0x38 (size before relaxing)
 .eh_frame      0x000000000002f0e4      0x214 obj_cooja/mtype917.a(packetbuf.o)
                                        0x22c (size before relaxing)
 .eh_frame      0x000000000002f2f8      0x1a0 obj_cooja/mtype917.a(queuebuf.o)
                                        0x1b8 (size before relaxing)
 .eh_frame      0x000000000002f498       0x80 obj_cooja/mtype917.a(nullsec.o)
                                         0x98 (size before relaxing)
 .eh_frame      0x000000000002f518       0xa0 obj_cooja/mtype917.a(watchdog.o)
                                         0xb8 (size before relaxing)
 .eh_frame      0x000000000002f5b8       0xa0 obj_cooja/mtype917.a(memb.o)
                                         0xb8 (size before relaxing)
 .eh_frame      0x000000000002f658      0x168 obj_cooja/mtype917.a(uip-icmp6.o)
                                        0x180 (size before relaxing)
 .eh_frame      0x000000000002f7c0       0x68 obj_cooja/mtype917.a(uip-nd6.o)
                                         0x80 (size before relaxing)
 .eh_frame      0x000000000002f828       0xc0 obj_cooja/mtype917.a(rpl-nbr-policy.)
                                         0xd8 (size before relaxing)
 .eh_frame      0x000000000002f8e8      0x164 obj_cooja/mtype917.a(frame802154.o)
                                        0x17c (size before relaxing)
 .eh_frame      0x000000000002fa4c        0x4 /usr/lib/gcc/i686-linux-gnu/4.8/crtendS.o

.gcc_except_table
 *(.gcc_except_table .gcc_except_table.*)

.exception_ranges
 *(.exception_ranges .exception_ranges*)
                0x000000000002fa50                . = (ALIGN (0x1000) - ((0x1000 - .) & 0xfff))
                0x0000000000030ef8                . = DATA_SEGMENT_ALIGN (0x1000, 0x1000)

.eh_frame
 *(.eh_frame)

.gcc_except_table
 *(.gcc_except_table .gcc_except_table.*)

.exception_ranges
 *(.exception_ranges .exception_ranges*)

.tdata
 *(.tdata .tdata.* .gnu.linkonce.td.*)

.tbss
 *(.tbss .tbss.* .gnu.linkonce.tb.*)
 *(.tcommon)

.preinit_array
 *(.preinit_array)

.init_array     0x0000000000030ef8        0x4
 *(SORT(.init_array.*) SORT(.ctors.*))
 *(.init_array EXCLUDE_FILE(*crtend?.o *crtend.o *crtbegin?.o *crtbegin.o) .ctors)
 .init_array    0x0000000000030ef8        0x4 /usr/lib/gcc/i686-linux-gnu/4.8/crtbeginS.o

.fini_array     0x0000000000030efc        0x4
 *(SORT(.fini_array.*) SORT(.dtors.*))
 *(.fini_array EXCLUDE_FILE(*crtend?.o *crtend.o *crtbegin?.o *crtbegin.o) .dtors)
 .fini_array    0x0000000000030efc        0x4 /usr/lib/gcc/i686-linux-gnu/4.8/crtbeginS.o

.ctors
 *crtbegin.o(.ctors)
 *crtbegin?.o(.ctors)
 *(EXCLUDE_FILE(*crtend?.o *crtend.o) .ctors)
 *(SORT(.ctors.*))
 *(.ctors)

.dtors
 *crtbegin.o(.dtors)
 *crtbegin?.o(.dtors)
 *(EXCLUDE_FILE(*crtend?.o *crtend.o) .dtors)
 *(SORT(.dtors.*))
 *(.dtors)

.jcr            0x0000000000030f00        0x4
 *(.jcr)
 .jcr           0x0000000000030f00        0x0 /usr/lib/gcc/i686-linux-gnu/4.8/crtbeginS.o
 .jcr           0x0000000000030f00        0x4 /usr/lib/gcc/i686-linux-gnu/4.8/crtendS.o

.data.rel.ro
 *(.data.rel.ro.local* .gnu.linkonce.d.rel.ro.local.*)
 *(.data.rel.ro .data.rel.ro.* .gnu.linkonce.d.rel.ro.*)

.dynamic        0x0000000000030f04       0xe8
 *(.dynamic)
 .dynamic       0x0000000000030f04       0xe8 /usr/lib/gcc/i686-linux-gnu/4.8/../../../i386-linux-gnu/crti.o
                0x0000000000030f04                _DYNAMIC

.got            0x0000000000030fec       0x14
 *(.got)
 .got           0x0000000000030fec       0x14 /usr/lib/gcc/i686-linux-gnu/4.8/../../../i386-linux-gnu/crti.o
 *(.igot)
                0x0000000000031ff4                . = DATA_SEGMENT_RELRO_END (., (SIZEOF (.got.plt) >= 0xc)?0xc:0x0)

.got.plt        0x0000000000031000       0x14
 *(.got.plt)
 .got.plt       0x0000000000031000       0x14 /usr/lib/gcc/i686-linux-gnu/4.8/../../../i386-linux-gnu/crti.o
                0x0000000000031000                _GLOBAL_OFFSET_TABLE_
 *(.igot.plt)

.data           0x0000000000031020      0x2a2
 *(.data .data.* .gnu.linkonce.d.*)
 .data          0x0000000000031020        0x0 /usr/lib/gcc/i686-linux-gnu/4.8/../../../i386-linux-gnu/crti.o
 .data          0x0000000000031020        0x0 /usr/lib/gcc/i686-linux-gnu/4.8/crtbeginS.o
 .data.rel      0x0000000000031020        0x4 /usr/lib/gcc/i686-linux-gnu/4.8/crtbeginS.o
                0x0000000000031020                __dso_handle
 .data          0x0000000000031024       0x14 udp-client.co
                0x0000000000031028                udp_client_process
 *fill*         0x0000000000031038        0x8 
 .data          0x0000000000031040       0x44 obj_cooja/mtype917.o
                0x0000000000031040                simInterfaces
                0x0000000000031074                sensors
 .data          0x0000000000031084        0x0 obj_cooja/mtype917.a(simEnvChange.o)
 .data          0x0000000000031084        0x0 obj_cooja/mtype917.a(cooja_mt.o)
 .data          0x0000000000031084        0x0 obj_cooja/mtype917.a(cooja_mtarch.o)
 .data          0x0000000000031084        0x0 obj_cooja/mtype917.a(rtimer-arch.o)
 .data          0x0000000000031084        0x0 obj_cooja/mtype917.a(beep.o)
 .data          0x0000000000031084        0x0 obj_cooja/mtype917.a(button-sensor.o)
 .data          0x0000000000031084        0x0 obj_cooja/mtype917.a(leds-arch.o)
 .data          0x0000000000031084        0x0 obj_cooja/mtype917.a(moteid.o)
 .data          0x0000000000031084        0x0 obj_cooja/mtype917.a(pir-sensor.o)
 .data          0x0000000000031084        0x0 obj_cooja/mtype917.a(rs232.o)
 .data          0x0000000000031084        0x0 obj_cooja/mtype917.a(vib-sensor.o)
 .data          0x0000000000031084        0x0 obj_cooja/mtype917.a(clock.o)
 .data          0x0000000000031084        0x0 obj_cooja/mtype917.a(log.o)
 .data          0x0000000000031084        0x0 obj_cooja/mtype917.a(cfs-cooja.o)
 .data          0x0000000000031084       0x40 obj_cooja/mtype917.a(cooja-radio.o)
                0x0000000000031084                simRadioChannelLR
                0x0000000000031088                simRadioHWOnLR
                0x000000000003108c                simSignalStrengthLR
                0x0000000000031090                simLastSignalStrengthLR
                0x0000000000031094                simPowerLR
                0x0000000000031098                simLQILR
                0x000000000003109c                simRadioChannel
                0x00000000000310a0                simRadioHWOn
                0x00000000000310a4                simSignalStrength
                0x00000000000310a8                simLastSignalStrength
                0x00000000000310ac                simPower
                0x00000000000310b0                simLQI
                0x00000000000310b4                cooja_radio_process
 .data          0x00000000000310c4        0x0 obj_cooja/mtype917.a(eeprom.o)
 .data          0x00000000000310c4        0x0 obj_cooja/mtype917.a(random.o)
 .data          0x00000000000310c4       0x10 obj_cooja/mtype917.a(sensors.o)
                0x00000000000310c4                sensors_process
 .data          0x00000000000310d4        0x0 obj_cooja/mtype917.a(leds.o)
 .data          0x00000000000310d4       0x28 obj_cooja/mtype917.a(dual_conf.o)
                0x00000000000310d4                radio_received
                0x00000000000310d8                dual_dio_broadcast
                0x00000000000310e8                dual_dis_broadcast
 .data          0x00000000000310fc        0x0 obj_cooja/mtype917.a(autostart.o)
 .data          0x00000000000310fc       0x14 obj_cooja/mtype917.a(ctimer.o)
                0x0000000000031100                ctimer_process
 .data          0x0000000000031110       0x10 obj_cooja/mtype917.a(etimer.o)
                0x0000000000031110                etimer_process
 .data          0x0000000000031120        0x0 obj_cooja/mtype917.a(log_message.o)
 .data          0x0000000000031120        0x0 obj_cooja/mtype917.a(process.o)
 .data          0x0000000000031120        0x0 obj_cooja/mtype917.a(residual.o)
 .data          0x0000000000031120        0x0 obj_cooja/mtype917.a(rtimer.o)
 .data          0x0000000000031120        0x0 obj_cooja/mtype917.a(stimer.o)
 .data          0x0000000000031120        0x0 obj_cooja/mtype917.a(timer.o)
 .data          0x0000000000031120       0x10 obj_cooja/mtype917.a(serial-line.o)
                0x0000000000031120                serial_line_process
 .data          0x0000000000031130        0x0 obj_cooja/mtype917.a(list.o)
 .data          0x0000000000031130        0x0 obj_cooja/mtype917.a(ringbuf.o)
 .data          0x0000000000031130        0x0 obj_cooja/mtype917.a(sicslowpan.o)
 .data          0x0000000000031130       0x14 obj_cooja/mtype917.a(uip-ds6-nbr.o)
                0x0000000000031140                ds6_neighbors
 .data          0x0000000000031144       0x44 obj_cooja/mtype917.a(uip-ds6-route.o)
                0x0000000000031154                nbr_routes
 .data          0x0000000000031188        0x0 obj_cooja/mtype917.a(uip-ds6.o)
 .data          0x0000000000031188        0x0 obj_cooja/mtype917.a(uip6.o)
 .data          0x0000000000031188       0x10 obj_cooja/mtype917.a(tcpip.o)
                0x0000000000031188                tcpip_process
 .data          0x0000000000031198        0x0 obj_cooja/mtype917.a(uip-debug.o)
 .data          0x0000000000031198        0xc obj_cooja/mtype917.a(uip-packetqueue)
 .data          0x00000000000311a4        0x0 obj_cooja/mtype917.a(uip-udp-packet.)
 .data          0x00000000000311a4       0x28 obj_cooja/mtype917.a(rpl-dag.o)
                0x00000000000311b4                rpl_parents
                0x00000000000311c8                rpl_children
 .data          0x00000000000311cc        0x0 obj_cooja/mtype917.a(rpl-ext-header.)
 .data          0x00000000000311cc       0x34 obj_cooja/mtype917.a(rpl-icmp6.o)
 .data          0x0000000000031200       0x1c obj_cooja/mtype917.a(rpl-ltmax.o)
                0x0000000000031200                rpl_ltmax_of
 .data          0x000000000003121c        0x0 obj_cooja/mtype917.a(rpl-timers.o)
 .data          0x000000000003121c        0x0 obj_cooja/mtype917.a(rpl.o)
 .data          0x000000000003121c       0x28 obj_cooja/mtype917.a(csma.o)
 .data          0x0000000000031244        0x0 obj_cooja/mtype917.a(framer-802154.o)
 .data          0x0000000000031244        0x0 obj_cooja/mtype917.a(mac.o)
 .data          0x0000000000031244       0x30 obj_cooja/mtype917.a(cxmac.o)
                0x0000000000031244                cxmac_config
                0x0000000000031254                strobe_wait
 .data          0x0000000000031274        0x0 obj_cooja/mtype917.a(linkaddr.o)
 .data          0x0000000000031274       0x10 obj_cooja/mtype917.a(nbr-table.o)
 .data          0x0000000000031284        0x0 obj_cooja/mtype917.a(netstack.o)
 .data          0x0000000000031284        0x4 obj_cooja/mtype917.a(packetbuf.o)
 .data          0x0000000000031288       0x18 obj_cooja/mtype917.a(queuebuf.o)
 .data          0x00000000000312a0        0x0 obj_cooja/mtype917.a(nullsec.o)
 .data          0x00000000000312a0        0x0 obj_cooja/mtype917.a(watchdog.o)
 .data          0x00000000000312a0        0x0 obj_cooja/mtype917.a(rimestats.o)
 .data          0x00000000000312a0        0x0 obj_cooja/mtype917.a(memb.o)
 .data          0x00000000000312a0       0x20 obj_cooja/mtype917.a(uip-icmp6.o)
 .data          0x00000000000312c0        0x0 obj_cooja/mtype917.a(uip-nd6.o)
 .data          0x00000000000312c0        0x0 obj_cooja/mtype917.a(rpl-nbr-policy.)
 .data          0x00000000000312c0        0x2 obj_cooja/mtype917.a(frame802154.o)
 .data          0x00000000000312c2        0x0 /usr/lib/gcc/i686-linux-gnu/4.8/crtendS.o
 .data          0x00000000000312c2        0x0 /usr/lib/gcc/i686-linux-gnu/4.8/../../../i386-linux-gnu/crtn.o

.tm_clone_table
                0x00000000000312c4        0x0
 .tm_clone_table
                0x00000000000312c4        0x0 /usr/lib/gcc/i686-linux-gnu/4.8/crtbeginS.o
 .tm_clone_table
                0x00000000000312c4        0x0 /usr/lib/gcc/i686-linux-gnu/4.8/crtendS.o

.data1
 *(.data1)
                0x00000000000312c4                _edata = .
                0x00000000000312c4                PROVIDE (edata, .)
                0x00000000000312c4                . = .
                0x00000000000312c4                __bss_start = .

.bss            0x00000000000312e0     0x9208
 *(.dynbss)
 .dynbss        0x0000000000000000        0x0 /usr/lib/gcc/i686-linux-gnu/4.8/../../../i386-linux-gnu/crti.o
 *(.bss .bss.* .gnu.linkonce.b.*)
 .bss           0x00000000000312e0        0x0 /usr/lib/gcc/i686-linux-gnu/4.8/../../../i386-linux-gnu/crti.o
 .bss           0x00000000000312e0        0x1 /usr/lib/gcc/i686-linux-gnu/4.8/crtbeginS.o
 *fill*         0x00000000000312e1       0x1f 
 .bss           0x0000000000031300       0x60 udp-client.co
                0x0000000000031300                my_weight
 .bss           0x0000000000031360     0x2030 obj_cooja/mtype917.o
 .bss           0x0000000000033390        0x1 obj_cooja/mtype917.a(simEnvChange.o)
                0x0000000000033390                simDontFallAsleep
 *fill*         0x0000000000033391        0x3 
 .bss           0x0000000000033394        0x4 obj_cooja/mtype917.a(cooja_mt.o)
 .bss           0x0000000000033398        0x4 obj_cooja/mtype917.a(cooja_mtarch.o)
 .bss           0x000000000003339c        0xc obj_cooja/mtype917.a(rtimer-arch.o)
 .bss           0x00000000000333a8        0x0 obj_cooja/mtype917.a(beep.o)
 .bss           0x00000000000333a8        0x8 obj_cooja/mtype917.a(button-sensor.o)
 .bss           0x00000000000333b0        0x0 obj_cooja/mtype917.a(leds-arch.o)
 .bss           0x00000000000333b0        0x0 obj_cooja/mtype917.a(moteid.o)
 .bss           0x00000000000333b0        0x1 obj_cooja/mtype917.a(pir-sensor.o)
                0x00000000000333b0                simPirValue
 *fill*         0x00000000000333b1        0x3 
 .bss           0x00000000000333b4        0x4 obj_cooja/mtype917.a(rs232.o)
 .bss           0x00000000000333b8        0x1 obj_cooja/mtype917.a(vib-sensor.o)
                0x00000000000333b8                simVibValue
 .bss           0x00000000000333b9        0x0 obj_cooja/mtype917.a(clock.o)
 *fill*         0x00000000000333b9        0x7 
 .bss           0x00000000000333c0      0x420 obj_cooja/mtype917.a(log.o)
 .bss           0x00000000000337e0      0xfc0 obj_cooja/mtype917.a(cfs-cooja.o)
                0x00000000000337e0                simCFSData
                0x0000000000034780                simCFSSize
                0x0000000000034784                simCFSChanged
                0x0000000000034788                simCFSRead
                0x000000000003478c                simCFSWritten
 .bss           0x00000000000347a0       0x24 obj_cooja/mtype917.a(cooja-radio.o)
                0x00000000000347a0                simReceivingLR
                0x00000000000347a4                simInSizeLR
                0x00000000000347a8                simOutSizeLR
                0x00000000000347ac                simReceiving
                0x00000000000347b0                simInSize
                0x00000000000347b4                simOutSize
                0x00000000000347b8                LongRangeTransmit
                0x00000000000347bc                LongRangeReceiving
 .bss           0x00000000000347c4        0xc obj_cooja/mtype917.a(eeprom.o)
                0x00000000000347c4                simEEPROMChanged
                0x00000000000347c8                simEEPROMRead
                0x00000000000347cc                simEEPROMWritten
 .bss           0x00000000000347d0        0x0 obj_cooja/mtype917.a(random.o)
 .bss           0x00000000000347d0        0xc obj_cooja/mtype917.a(sensors.o)
 .bss           0x00000000000347dc        0x1 obj_cooja/mtype917.a(leds.o)
 *fill*         0x00000000000347dd        0x3 
 .bss           0x00000000000347e0       0x2c obj_cooja/mtype917.a(dual_conf.o)
                0x00000000000347e0                long_range_radio
 .bss           0x000000000003480c        0x0 obj_cooja/mtype917.a(autostart.o)
 .bss           0x000000000003480c        0x5 obj_cooja/mtype917.a(ctimer.o)
 *fill*         0x0000000000034811        0x3 
 .bss           0x0000000000034814        0x8 obj_cooja/mtype917.a(etimer.o)
 .bss           0x000000000003481c        0x0 obj_cooja/mtype917.a(log_message.o)
 *fill*         0x000000000003481c        0x4 
 .bss           0x0000000000034820      0x1b1 obj_cooja/mtype917.a(process.o)
                0x0000000000034820                process_list
                0x0000000000034824                process_current
 .bss           0x00000000000349d1        0x0 obj_cooja/mtype917.a(residual.o)
 *fill*         0x00000000000349d1        0x3 
 .bss           0x00000000000349d4        0x4 obj_cooja/mtype917.a(rtimer.o)
 .bss           0x00000000000349d8        0x0 obj_cooja/mtype917.a(stimer.o)
 .bss           0x00000000000349d8        0x0 obj_cooja/mtype917.a(timer.o)
 *fill*         0x00000000000349d8        0x8 
 .bss           0x00000000000349e0      0x140 obj_cooja/mtype917.a(serial-line.o)
 .bss           0x0000000000034b20        0x0 obj_cooja/mtype917.a(list.o)
 .bss           0x0000000000034b20        0x0 obj_cooja/mtype917.a(ringbuf.o)
 .bss           0x0000000000034b20      0x70c obj_cooja/mtype917.a(sicslowpan.o)
 *fill*         0x000000000003522c       0x14 
 .bss           0x0000000000035240      0x4b0 obj_cooja/mtype917.a(uip-ds6-nbr.o)
 *fill*         0x00000000000356f0       0x10 
 .bss           0x0000000000035700      0x608 obj_cooja/mtype917.a(uip-ds6-route.o)
 .bss           0x0000000000035d08       0x30 obj_cooja/mtype917.a(uip-ds6.o)
 .bss           0x0000000000035d38        0xe obj_cooja/mtype917.a(uip6.o)
                0x0000000000035d38                uip_ext_bitmap
                0x0000000000035d39                uip_ext_len
                0x0000000000035d3a                uip_ext_opt_offset
 *fill*         0x0000000000035d46       0x1a 
 .bss           0x0000000000035d60       0x68 obj_cooja/mtype917.a(tcpip.o)
 .bss           0x0000000000035dc8        0x0 obj_cooja/mtype917.a(uip-debug.o)
 *fill*         0x0000000000035dc8       0x18 
 .bss           0x0000000000035de0      0xcf8 obj_cooja/mtype917.a(uip-packetqueue)
 .bss           0x0000000000036ad8        0x0 obj_cooja/mtype917.a(uip-udp-packet.)
 *fill*         0x0000000000036ad8        0x8 
 .bss           0x0000000000036ae0      0x352 obj_cooja/mtype917.a(rpl-dag.o)
 .bss           0x0000000000036e32        0x0 obj_cooja/mtype917.a(rpl-ext-header.)
 .bss           0x0000000000036e32        0x0 obj_cooja/mtype917.a(rpl-icmp6.o)
 .bss           0x0000000000036e32        0x0 obj_cooja/mtype917.a(rpl-ltmax.o)
 *fill*         0x0000000000036e32        0xe 
 .bss           0x0000000000036e40       0x23 obj_cooja/mtype917.a(rpl-timers.o)
 *fill*         0x0000000000036e63        0x1 
 .bss           0x0000000000036e64        0x4 obj_cooja/mtype917.a(rpl.o)
 *fill*         0x0000000000036e68       0x18 
 .bss           0x0000000000036e80      0x288 obj_cooja/mtype917.a(csma.o)
 .bss           0x0000000000037108        0x2 obj_cooja/mtype917.a(framer-802154.o)
 .bss           0x000000000003710a        0x0 obj_cooja/mtype917.a(mac.o)
 *fill*         0x000000000003710a       0x16 
 .bss           0x0000000000037120       0xb1 obj_cooja/mtype917.a(cxmac.o)
 .bss           0x00000000000371d1        0x0 obj_cooja/mtype917.a(linkaddr.o)
 *fill*         0x00000000000371d1        0xf 
 .bss           0x00000000000371e0      0x35c obj_cooja/mtype917.a(nbr-table.o)
 .bss           0x000000000003753c        0x0 obj_cooja/mtype917.a(netstack.o)
 *fill*         0x000000000003753c        0x4 
 .bss           0x0000000000037540       0xa0 obj_cooja/mtype917.a(packetbuf.o)
 .bss           0x00000000000375e0      0xb80 obj_cooja/mtype917.a(queuebuf.o)
 .bss           0x0000000000038160        0x0 obj_cooja/mtype917.a(nullsec.o)
 .bss           0x0000000000038160        0x0 obj_cooja/mtype917.a(watchdog.o)
 .bss           0x0000000000038160        0x0 obj_cooja/mtype917.a(rimestats.o)
 .bss           0x0000000000038160        0x0 obj_cooja/mtype917.a(memb.o)
 .bss           0x0000000000038160       0x18 obj_cooja/mtype917.a(uip-icmp6.o)
 .bss           0x0000000000038178        0x0 obj_cooja/mtype917.a(uip-nd6.o)
 *fill*         0x0000000000038178        0x8 
 .bss           0x0000000000038180       0x44 obj_cooja/mtype917.a(rpl-nbr-policy.)
 .bss           0x00000000000381c4        0x0 obj_cooja/mtype917.a(frame802154.o)
 .bss           0x00000000000381c4        0x0 /usr/lib/gcc/i686-linux-gnu/4.8/crtendS.o
 .bss           0x00000000000381c4        0x0 /usr/lib/gcc/i686-linux-gnu/4.8/../../../i386-linux-gnu/crtn.o
 *(COMMON)
 COMMON         0x00000000000381c4       0x6c udp-client.co
                0x00000000000381c4                dio_count
                0x00000000000381c8                dis_count
                0x00000000000381cc                csma_drop_count
                0x00000000000381d0                tcp_output_count
                0x00000000000381d4                csma_transmission_count
                0x00000000000381d8                dao_ack_fwd_count
                0x00000000000381dc                COOJA_radioRxLong
                0x00000000000381e0                cxmac_collision_count
                0x00000000000381e4                cxmac_retransmission_count
                0x00000000000381e8                control_message_count
                0x00000000000381ec                dao_count
                0x00000000000381f0                icmp_count
                0x00000000000381f4                COOJA_radioTx
                0x00000000000381f8                cxmac_transmission_count
                0x00000000000381fc                dao_ack_count
                0x0000000000038200                data_message_count
                0x0000000000038204                my_sink_reachability
                0x0000000000038208                COOJA_radioTxLong
                0x000000000003820c                COOJA_radioRx
                0x0000000000038210                my_parent_number
                0x0000000000038214                COOJA_radioOn
                0x0000000000038218                LSA_count
                0x000000000003821c                dao_fwd_count
                0x0000000000038220                COOJA_duration
                0x0000000000038224                dio_ack_count
                0x0000000000038228                COOJA_radioOnLong
                0x000000000003822c                data_fwd_count
 COMMON         0x0000000000038230        0xc obj_cooja/mtype917.o
                0x0000000000038230                referenceVar
                0x0000000000038234                debugfp
                0x0000000000038238                sensors_flags
 COMMON         0x000000000003823c        0xc obj_cooja/mtype917.a(simEnvChange.o)
                0x000000000003823c                simEtimerPending
                0x0000000000038240                simProcessRunValue
                0x0000000000038244                simNextExpirationTime
 COMMON         0x0000000000038248        0x1 obj_cooja/mtype917.a(beep.o)
                0x0000000000038248                simBeeped
 COMMON         0x0000000000038249        0x3 obj_cooja/mtype917.a(button-sensor.o)
                0x0000000000038249                simButtonIsActive
                0x000000000003824a                simButtonIsDown
                0x000000000003824b                simButtonChanged
 COMMON         0x000000000003824c        0x1 obj_cooja/mtype917.a(leds-arch.o)
                0x000000000003824c                simLedsValue
 *fill*         0x000000000003824d        0x3 
 COMMON         0x0000000000038250        0xc obj_cooja/mtype917.a(moteid.o)
                0x0000000000038250                simRandomSeed
                0x0000000000038254                simMoteIDChanged
                0x0000000000038258                simMoteID
 COMMON         0x000000000003825c        0x2 obj_cooja/mtype917.a(pir-sensor.o)
                0x000000000003825c                simPirIsActive
                0x000000000003825d                simPirChanged
 *fill*         0x000000000003825e        0x2 
 COMMON         0x0000000000038260      0x820 obj_cooja/mtype917.a(rs232.o)
                0x0000000000038260                simSerialReceivingFlag
                0x0000000000038264                simSerialReceivingLength
                0x0000000000038280                simSerialReceivingData
 COMMON         0x0000000000038a80        0x2 obj_cooja/mtype917.a(vib-sensor.o)
                0x0000000000038a80                simVibChanged
                0x0000000000038a81                simVibIsActive
 *fill*         0x0000000000038a82        0x2 
 COMMON         0x0000000000038a84        0x4 obj_cooja/mtype917.a(clock.o)
                0x0000000000038a84                simCurrentTime
 *fill*         0x0000000000038a88       0x18 
 COMMON         0x0000000000038aa0      0x420 obj_cooja/mtype917.a(log.o)
                0x0000000000038aa0                simLoggedLength
                0x0000000000038aa4                simLoggedFlag
                0x0000000000038ac0                simLoggedData
 COMMON         0x0000000000038ec0      0x260 obj_cooja/mtype917.a(cooja-radio.o)
                0x0000000000038ec0                simOutDataBuffer
                0x0000000000038f40                simRadioTarget
                0x0000000000038f60                simInDataBufferLR
                0x0000000000038fe0                packet_forwarding
                0x0000000000039000                simOutDataBufferLR
                0x0000000000039080                dual_duty_cycle_count
                0x00000000000390a0                simInDataBuffer
 COMMON         0x0000000000039120      0x400 obj_cooja/mtype917.a(eeprom.o)
                0x0000000000039120                simEEPROMData
 COMMON         0x0000000000039520        0x1 obj_cooja/mtype917.a(sensors.o)
                0x0000000000039520                sensors_event
 *fill*         0x0000000000039521        0x3 
 COMMON         0x0000000000039524        0x4 obj_cooja/mtype917.a(log_message.o)
                0x0000000000039524                log_fp
 COMMON         0x0000000000039528        0x1 obj_cooja/mtype917.a(serial-line.o)
                0x0000000000039528                serial_line_event_message
 *fill*         0x0000000000039529       0x17 
 COMMON         0x0000000000039540      0x1f4 obj_cooja/mtype917.a(uip-ds6-nbr.o)
                0x0000000000039540                ds6_lr_addrmap
 *fill*         0x0000000000039734        0xc 
 COMMON         0x0000000000039740      0x298 obj_cooja/mtype917.a(uip-ds6.o)
                0x0000000000039740                uip_ds6_prefix_list
                0x00000000000397a0                uip_ds6_timer_periodic
                0x00000000000397b0                uip_ds6_netif_addr_list_offset
                0x00000000000397c0                uip_ds6_if
                0x00000000000398b8                uip_ds6_timer_ra
                0x00000000000398c0                uip_ds6_addr_size
                0x00000000000398e0                long_uip_ds6_if
 *fill*         0x00000000000399d8        0x8 
 COMMON         0x00000000000399e0      0x8ec obj_cooja/mtype917.a(uip6.o)
                0x00000000000399e0                uip_slen
                0x00000000000399e2                uip_acc32
                0x0000000000039a00                uip_conns
                0x0000000000039ac0                uip_lladdr
                0x0000000000039ac8                uip_appdata
                0x0000000000039acc                uip_flags
                0x0000000000039ae0                uip_aligned_buf
                0x000000000003a120                uip_listenports
                0x000000000003a130                uip_len
                0x000000000003a132                uip_long_lladdr
                0x000000000003a13c                uip_sappdata
                0x000000000003a140                uip_udp_conns
                0x000000000003a2c0                uip_udp_conn
                0x000000000003a2c4                uip_next_hdr
                0x000000000003a2c8                uip_conn
 COMMON         0x000000000003a2cc        0x1 obj_cooja/mtype917.a(tcpip.o)
                0x000000000003a2cc                tcpip_event
 *fill*         0x000000000003a2cd       0x13 
 COMMON         0x000000000003a2e0      0x178 obj_cooja/mtype917.a(rpl-dag.o)
                0x000000000003a2e0                default_instance
                0x000000000003a300                instance_table
 COMMON         0x000000000003a458       0x10 obj_cooja/mtype917.a(linkaddr.o)
                0x000000000003a458                linkaddr_node_addr
                0x000000000003a460                long_linkaddr_node_addr
 COMMON         0x000000000003a468       0x2e obj_cooja/mtype917.a(packetbuf.o)
                0x000000000003a468                packetbuf_attrs
                0x000000000003a486                packetbuf_addrs
 *fill*         0x000000000003a496        0xa 
 COMMON         0x000000000003a4a0       0x48 obj_cooja/mtype917.a(rimestats.o)
                0x000000000003a4a0                rimestats
                0x000000000003a4e8                . = ALIGN ((. != 0x0)?0x4:0x1)
                0x000000000003a4e8                . = ALIGN (0x4)
                0x000000000003a4e8                . = SEGMENT_START ("ldata-segment", .)
                0x000000000003a4e8                . = ALIGN (0x4)
                0x000000000003a4e8                _end = .
                0x000000000003a4e8                PROVIDE (end, .)
                0x000000000003a4e8                . = DATA_SEGMENT_END (.)

.stab
 *(.stab)

.stabstr
 *(.stabstr)

.stab.excl
 *(.stab.excl)

.stab.exclstr
 *(.stab.exclstr)

.stab.index
 *(.stab.index)

.stab.indexstr
 *(.stab.indexstr)

.comment        0x0000000000000000       0x29
 *(.comment)
 .comment       0x0000000000000000       0x29 /usr/lib/gcc/i686-linux-gnu/4.8/crtbeginS.o
                                         0x2a (size before relaxing)
 .comment       0x0000000000000000       0x2a udp-client.co
 .comment       0x0000000000000000       0x2a obj_cooja/mtype917.o
 .comment       0x0000000000000000       0x2a obj_cooja/mtype917.a(simEnvChange.o)
 .comment       0x0000000000000000       0x2a obj_cooja/mtype917.a(cooja_mt.o)
 .comment       0x0000000000000000       0x2a obj_cooja/mtype917.a(cooja_mtarch.o)
 .comment       0x0000000000000000       0x2a obj_cooja/mtype917.a(rtimer-arch.o)
 .comment       0x0000000000000000       0x2a obj_cooja/mtype917.a(beep.o)
 .comment       0x0000000000000000       0x2a obj_cooja/mtype917.a(button-sensor.o)
 .comment       0x0000000000000000       0x2a obj_cooja/mtype917.a(leds-arch.o)
 .comment       0x0000000000000000       0x2a obj_cooja/mtype917.a(moteid.o)
 .comment       0x0000000000000000       0x2a obj_cooja/mtype917.a(pir-sensor.o)
 .comment       0x0000000000000000       0x2a obj_cooja/mtype917.a(rs232.o)
 .comment       0x0000000000000000       0x2a obj_cooja/mtype917.a(vib-sensor.o)
 .comment       0x0000000000000000       0x2a obj_cooja/mtype917.a(clock.o)
 .comment       0x0000000000000000       0x2a obj_cooja/mtype917.a(log.o)
 .comment       0x0000000000000000       0x2a obj_cooja/mtype917.a(cfs-cooja.o)
 .comment       0x0000000000000000       0x2a obj_cooja/mtype917.a(cooja-radio.o)
 .comment       0x0000000000000000       0x2a obj_cooja/mtype917.a(eeprom.o)
 .comment       0x0000000000000000       0x2a obj_cooja/mtype917.a(random.o)
 .comment       0x0000000000000000       0x2a obj_cooja/mtype917.a(sensors.o)
 .comment       0x0000000000000000       0x2a obj_cooja/mtype917.a(leds.o)
 .comment       0x0000000000000000       0x2a obj_cooja/mtype917.a(dual_conf.o)
 .comment       0x0000000000000000       0x2a obj_cooja/mtype917.a(autostart.o)
 .comment       0x0000000000000000       0x2a obj_cooja/mtype917.a(ctimer.o)
 .comment       0x0000000000000000       0x2a obj_cooja/mtype917.a(etimer.o)
 .comment       0x0000000000000000       0x2a obj_cooja/mtype917.a(log_message.o)
 .comment       0x0000000000000000       0x2a obj_cooja/mtype917.a(process.o)
 .comment       0x0000000000000000       0x2a obj_cooja/mtype917.a(residual.o)
 .comment       0x0000000000000000       0x2a obj_cooja/mtype917.a(rtimer.o)
 .comment       0x0000000000000000       0x2a obj_cooja/mtype917.a(stimer.o)
 .comment       0x0000000000000000       0x2a obj_cooja/mtype917.a(timer.o)
 .comment       0x0000000000000000       0x2a obj_cooja/mtype917.a(serial-line.o)
 .comment       0x0000000000000000       0x2a obj_cooja/mtype917.a(list.o)
 .comment       0x0000000000000000       0x2a obj_cooja/mtype917.a(ringbuf.o)
 .comment       0x0000000000000000       0x2a obj_cooja/mtype917.a(sicslowpan.o)
 .comment       0x0000000000000000       0x2a obj_cooja/mtype917.a(uip-ds6-nbr.o)
 .comment       0x0000000000000000       0x2a obj_cooja/mtype917.a(uip-ds6-route.o)
 .comment       0x0000000000000000       0x2a obj_cooja/mtype917.a(uip-ds6.o)
 .comment       0x0000000000000000       0x2a obj_cooja/mtype917.a(uip6.o)
 .comment       0x0000000000000000       0x2a obj_cooja/mtype917.a(tcpip.o)
 .comment       0x0000000000000000       0x2a obj_cooja/mtype917.a(uip-debug.o)
 .comment       0x0000000000000000       0x2a obj_cooja/mtype917.a(uip-packetqueue)
 .comment       0x0000000000000000       0x2a obj_cooja/mtype917.a(uip-udp-packet.)
 .comment       0x0000000000000000       0x2a obj_cooja/mtype917.a(rpl-dag.o)
 .comment       0x0000000000000000       0x2a obj_cooja/mtype917.a(rpl-ext-header.)
 .comment       0x0000000000000000       0x2a obj_cooja/mtype917.a(rpl-icmp6.o)
 .comment       0x0000000000000000       0x2a obj_cooja/mtype917.a(rpl-ltmax.o)
 .comment       0x0000000000000000       0x2a obj_cooja/mtype917.a(rpl-timers.o)
 .comment       0x0000000000000000       0x2a obj_cooja/mtype917.a(rpl.o)
 .comment       0x0000000000000000       0x2a obj_cooja/mtype917.a(csma.o)
 .comment       0x0000000000000000       0x2a obj_cooja/mtype917.a(framer-802154.o)
 .comment       0x0000000000000000       0x2a obj_cooja/mtype917.a(mac.o)
 .comment       0x0000000000000000       0x2a obj_cooja/mtype917.a(cxmac.o)
 .comment       0x0000000000000000       0x2a obj_cooja/mtype917.a(linkaddr.o)
 .comment       0x0000000000000000       0x2a obj_cooja/mtype917.a(nbr-table.o)
 .comment       0x0000000000000000       0x2a obj_cooja/mtype917.a(netstack.o)
 .comment       0x0000000000000000       0x2a obj_cooja/mtype917.a(packetbuf.o)
 .comment       0x0000000000000000       0x2a obj_cooja/mtype917.a(queuebuf.o)
 .comment       0x0000000000000000       0x2a obj_cooja/mtype917.a(nullsec.o)
 .comment       0x0000000000000000       0x2a obj_cooja/mtype917.a(watchdog.o)
 .comment       0x0000000000000000       0x2a obj_cooja/mtype917.a(rimestats.o)
 .comment       0x0000000000000000       0x2a obj_cooja/mtype917.a(memb.o)
 .comment       0x0000000000000000       0x2a obj_cooja/mtype917.a(uip-icmp6.o)
 .comment       0x0000000000000000       0x2a obj_cooja/mtype917.a(uip-nd6.o)
 .comment       0x0000000000000000       0x2a obj_cooja/mtype917.a(rpl-nbr-policy.)
 .comment       0x0000000000000000       0x2a obj_cooja/mtype917.a(frame802154.o)
 .comment       0x0000000000000000       0x2a /usr/lib/gcc/i686-linux-gnu/4.8/crtendS.o

.debug
 *(.debug)

.line
 *(.line)

.debug_srcinfo
 *(.debug_srcinfo)

.debug_sfnames
 *(.debug_sfnames)

.debug_aranges  0x0000000000000000      0x838
 *(.debug_aranges)
 .debug_aranges
                0x0000000000000000       0x20 udp-client.co
 .debug_aranges
                0x0000000000000020       0x20 obj_cooja/mtype917.o
 .debug_aranges
                0x0000000000000040       0x20 obj_cooja/mtype917.a(simEnvChange.o)
 .debug_aranges
                0x0000000000000060       0x20 obj_cooja/mtype917.a(cooja_mt.o)
 .debug_aranges
                0x0000000000000080       0x20 obj_cooja/mtype917.a(cooja_mtarch.o)
 .debug_aranges
                0x00000000000000a0       0x20 obj_cooja/mtype917.a(rtimer-arch.o)
 .debug_aranges
                0x00000000000000c0       0x20 obj_cooja/mtype917.a(beep.o)
 .debug_aranges
                0x00000000000000e0       0x20 obj_cooja/mtype917.a(button-sensor.o)
 .debug_aranges
                0x0000000000000100       0x20 obj_cooja/mtype917.a(leds-arch.o)
 .debug_aranges
                0x0000000000000120       0x20 obj_cooja/mtype917.a(moteid.o)
 .debug_aranges
                0x0000000000000140       0x20 obj_cooja/mtype917.a(pir-sensor.o)
 .debug_aranges
                0x0000000000000160       0x20 obj_cooja/mtype917.a(rs232.o)
 .debug_aranges
                0x0000000000000180       0x20 obj_cooja/mtype917.a(vib-sensor.o)
 .debug_aranges
                0x00000000000001a0       0x20 obj_cooja/mtype917.a(clock.o)
 .debug_aranges
                0x00000000000001c0       0x20 obj_cooja/mtype917.a(log.o)
 .debug_aranges
                0x00000000000001e0       0x20 obj_cooja/mtype917.a(cfs-cooja.o)
 .debug_aranges
                0x0000000000000200       0x20 obj_cooja/mtype917.a(cooja-radio.o)
 .debug_aranges
                0x0000000000000220       0x20 obj_cooja/mtype917.a(eeprom.o)
 .debug_aranges
                0x0000000000000240       0x20 obj_cooja/mtype917.a(random.o)
 .debug_aranges
                0x0000000000000260       0x20 obj_cooja/mtype917.a(sensors.o)
 .debug_aranges
                0x0000000000000280       0x20 obj_cooja/mtype917.a(leds.o)
 .debug_aranges
                0x00000000000002a0       0x20 obj_cooja/mtype917.a(dual_conf.o)
 .debug_aranges
                0x00000000000002c0       0x20 obj_cooja/mtype917.a(autostart.o)
 .debug_aranges
                0x00000000000002e0       0x20 obj_cooja/mtype917.a(ctimer.o)
 .debug_aranges
                0x0000000000000300       0x20 obj_cooja/mtype917.a(etimer.o)
 .debug_aranges
                0x0000000000000320       0x20 obj_cooja/mtype917.a(log_message.o)
 .debug_aranges
                0x0000000000000340       0x20 obj_cooja/mtype917.a(process.o)
 .debug_aranges
                0x0000000000000360       0x20 obj_cooja/mtype917.a(residual.o)
 .debug_aranges
                0x0000000000000380       0x20 obj_cooja/mtype917.a(rtimer.o)
 .debug_aranges
                0x00000000000003a0       0x20 obj_cooja/mtype917.a(stimer.o)
 .debug_aranges
                0x00000000000003c0       0x20 obj_cooja/mtype917.a(timer.o)
 .debug_aranges
                0x00000000000003e0       0x20 obj_cooja/mtype917.a(serial-line.o)
 .debug_aranges
                0x0000000000000400       0x20 obj_cooja/mtype917.a(list.o)
 .debug_aranges
                0x0000000000000420       0x20 obj_cooja/mtype917.a(ringbuf.o)
 .debug_aranges
                0x0000000000000440       0x20 obj_cooja/mtype917.a(sicslowpan.o)
 .debug_aranges
                0x0000000000000460       0x20 obj_cooja/mtype917.a(uip-ds6-nbr.o)
 .debug_aranges
                0x0000000000000480       0x20 obj_cooja/mtype917.a(uip-ds6-route.o)
 .debug_aranges
                0x00000000000004a0       0x20 obj_cooja/mtype917.a(uip-ds6.o)
 .debug_aranges
                0x00000000000004c0       0x20 obj_cooja/mtype917.a(uip6.o)
 .debug_aranges
                0x00000000000004e0       0x20 obj_cooja/mtype917.a(tcpip.o)
 .debug_aranges
                0x0000000000000500       0x20 obj_cooja/mtype917.a(uip-debug.o)
 .debug_aranges
                0x0000000000000520       0x20 obj_cooja/mtype917.a(uip-packetqueue)
 .debug_aranges
                0x0000000000000540       0x20 obj_cooja/mtype917.a(uip-udp-packet.)
 .debug_aranges
                0x0000000000000560       0x20 obj_cooja/mtype917.a(rpl-dag.o)
 .debug_aranges
                0x0000000000000580       0x20 obj_cooja/mtype917.a(rpl-ext-header.)
 .debug_aranges
                0x00000000000005a0       0x20 obj_cooja/mtype917.a(rpl-icmp6.o)
 .debug_aranges
                0x00000000000005c0       0x20 obj_cooja/mtype917.a(rpl-ltmax.o)
 .debug_aranges
                0x00000000000005e0       0x20 obj_cooja/mtype917.a(rpl-timers.o)
 .debug_aranges
                0x0000000000000600       0x20 obj_cooja/mtype917.a(rpl.o)
 .debug_aranges
                0x0000000000000620       0x20 obj_cooja/mtype917.a(csma.o)
 .debug_aranges
                0x0000000000000640       0x20 obj_cooja/mtype917.a(framer-802154.o)
 .debug_aranges
                0x0000000000000660       0x20 obj_cooja/mtype917.a(mac.o)
 .debug_aranges
                0x0000000000000680       0x20 obj_cooja/mtype917.a(cxmac.o)
 .debug_aranges
                0x00000000000006a0       0x20 obj_cooja/mtype917.a(linkaddr.o)
 .debug_aranges
                0x00000000000006c0       0x20 obj_cooja/mtype917.a(nbr-table.o)
 .debug_aranges
                0x00000000000006e0       0x20 obj_cooja/mtype917.a(netstack.o)
 .debug_aranges
                0x0000000000000700       0x20 obj_cooja/mtype917.a(packetbuf.o)
 .debug_aranges
                0x0000000000000720       0x20 obj_cooja/mtype917.a(queuebuf.o)
 .debug_aranges
                0x0000000000000740       0x20 obj_cooja/mtype917.a(nullsec.o)
 .debug_aranges
                0x0000000000000760       0x20 obj_cooja/mtype917.a(watchdog.o)
 .debug_aranges
                0x0000000000000780       0x18 obj_cooja/mtype917.a(rimestats.o)
 .debug_aranges
                0x0000000000000798       0x20 obj_cooja/mtype917.a(memb.o)
 .debug_aranges
                0x00000000000007b8       0x20 obj_cooja/mtype917.a(uip-icmp6.o)
 .debug_aranges
                0x00000000000007d8       0x20 obj_cooja/mtype917.a(uip-nd6.o)
 .debug_aranges
                0x00000000000007f8       0x20 obj_cooja/mtype917.a(rpl-nbr-policy.)
 .debug_aranges
                0x0000000000000818       0x20 obj_cooja/mtype917.a(frame802154.o)

.debug_pubnames
 *(.debug_pubnames)

.debug_info     0x0000000000000000    0x1f6c8
 *(.debug_info .gnu.linkonce.wi.*)
 .debug_info    0x0000000000000000     0x1478 udp-client.co
 .debug_info    0x0000000000001478     0x3b8f obj_cooja/mtype917.o
 .debug_info    0x0000000000005007      0x15a obj_cooja/mtype917.a(simEnvChange.o)