Archive member included to satisfy reference by file (symbol)

obj_cooja/mtype77.a(simEnvChange.o)
                              obj_cooja/mtype77.o (simDontFallAsleep)
obj_cooja/mtype77.a(cooja_mt.o)
                              obj_cooja/mtype77.o (cooja_mt_start)
obj_cooja/mtype77.a(cooja_mtarch.o)
                              obj_cooja/mtype77.a(cooja_mt.o) (cooja_mtarch_init)
obj_cooja/mtype77.a(rtimer-arch.o)
                              obj_cooja/mtype77.o (rtimer_arch_next)
obj_cooja/mtype77.a(beep.o)   obj_cooja/mtype77.o (beep_interface)
obj_cooja/mtype77.a(button-sensor.o)
                              obj_cooja/mtype77.o (button_interface)
obj_cooja/mtype77.a(leds-arch.o)
                              obj_cooja/mtype77.o (leds_interface)
obj_cooja/mtype77.a(moteid.o)
                              obj_cooja/mtype77.o (moteid_interface)
obj_cooja/mtype77.a(pir-sensor.o)
                              obj_cooja/mtype77.o (pir_interface)
obj_cooja/mtype77.a(rs232.o)  obj_cooja/mtype77.o (rs232_interface)
obj_cooja/mtype77.a(vib-sensor.o)
                              obj_cooja/mtype77.o (vib_interface)
obj_cooja/mtype77.a(clock.o)  obj_cooja/mtype77.o (clock_interface)
obj_cooja/mtype77.a(log.o)    obj_cooja/mtype77.o (simlog_interface)
obj_cooja/mtype77.a(cfs-cooja.o)
                              obj_cooja/mtype77.o (cfs_interface)
obj_cooja/mtype77.a(cooja-radio.o)
                              obj_cooja/mtype77.o (radio_interface)
obj_cooja/mtype77.a(eeprom.o)
                              obj_cooja/mtype77.o (eeprom_interface)
obj_cooja/mtype77.a(random.o)
                              obj_cooja/mtype77.a(moteid.o) (random_init)
obj_cooja/mtype77.a(sensors.o)
                              obj_cooja/mtype77.o (sensors_process)
obj_cooja/mtype77.a(leds.o)   obj_cooja/mtype77.a(cooja-radio.o) (leds_on)
obj_cooja/mtype77.a(dual_conf.o)
                              obj_cooja/mtype77.a(cooja-radio.o) (long_range_radio)
obj_cooja/mtype77.a(autostart.o)
                              obj_cooja/mtype77.o (autostart_start)
obj_cooja/mtype77.a(ctimer.o)
                              obj_cooja/mtype77.o (ctimer_init)
obj_cooja/mtype77.a(etimer.o)
                              obj_cooja/mtype77.o (etimer_process)
obj_cooja/mtype77.a(log_message.o)
                              obj_cooja/mtype77.o (log_initialization)
obj_cooja/mtype77.a(process.o)
                              udp-client.co (process_current)
obj_cooja/mtype77.a(residual.o)
                              udp-client.co (DISSIPATION_RATE)
obj_cooja/mtype77.a(rtimer.o)
                              obj_cooja/mtype77.a(rtimer-arch.o) (rtimer_run_next)
obj_cooja/mtype77.a(stimer.o)
                              udp-client.co (stimer_remaining)
obj_cooja/mtype77.a(timer.o)  obj_cooja/mtype77.a(button-sensor.o) (timer_set)
obj_cooja/mtype77.a(serial-line.o)
                              udp-client.co (serial_line_event_message)
obj_cooja/mtype77.a(list.o)   obj_cooja/mtype77.a(ctimer.o) (list_init)
obj_cooja/mtype77.a(ringbuf.o)
                              obj_cooja/mtype77.a(serial-line.o) (ringbuf_init)
obj_cooja/mtype77.a(sicslowpan.o)
                              obj_cooja/mtype77.o (sicslowpan_driver)
obj_cooja/mtype77.a(uip-ds6-nbr.o)
                              obj_cooja/mtype77.a(sicslowpan.o) (uip_ds6_link_neighbor_callback)
obj_cooja/mtype77.a(uip-ds6-route.o)
                              udp-client.co (uip_ds6_route_nexthop)
obj_cooja/mtype77.a(uip-ds6.o)
                              udp-client.co (uip_ds6_if)
obj_cooja/mtype77.a(uip6.o)   udp-client.co (uip_lladdr)
obj_cooja/mtype77.a(tcpip.o)  udp-client.co (tcpip_event)
obj_cooja/mtype77.a(uip-debug.o)
                              udp-client.co (uip_debug_ipaddr_print)
obj_cooja/mtype77.a(uip-packetqueue)
                              obj_cooja/mtype77.a(uip-ds6-nbr.o) (uip_packetqueue_new)
obj_cooja/mtype77.a(uip-udp-packet.)
                              udp-client.co (uip_udp_packet_sendto)
obj_cooja/mtype77.a(rpl-dag.o)
                              udp-client.co (rpl_parents)
obj_cooja/mtype77.a(rpl-ext-header.)
                              obj_cooja/mtype77.a(uip6.o) (rpl_verify_header)
obj_cooja/mtype77.a(rpl-icmp6.o)
                              obj_cooja/mtype77.a(rpl-dag.o) (rpl_icmp6_update_nbr_table)
obj_cooja/mtype77.a(rpl-ltmax.o)
                              obj_cooja/mtype77.a(rpl-dag.o) (rpl_ltmax_of)
obj_cooja/mtype77.a(rpl-timers.o)
                              obj_cooja/mtype77.a(rpl-dag.o) (rpl_reset_dio_timer)
obj_cooja/mtype77.a(rpl.o)    obj_cooja/mtype77.a(rpl-icmp6.o) (rpl_get_mode)
obj_cooja/mtype77.a(csma.o)   obj_cooja/mtype77.o (csma_driver)
obj_cooja/mtype77.a(framer-802154.o)
                              obj_cooja/mtype77.a(sicslowpan.o) (framer_802154)
obj_cooja/mtype77.a(mac.o)    obj_cooja/mtype77.a(csma.o) (mac_call_sent_callback)
obj_cooja/mtype77.a(cxmac.o)  obj_cooja/mtype77.o (cxmac_driver)
obj_cooja/mtype77.a(linkaddr.o)
[...]
Memory Configuration

Name             Origin             Length             Attributes
*default*        0x0000000000000000 0xffffffffffffffff

Linker script and memory map

LOAD /usr/lib/gcc/i686-linux-gnu/4.8/../../../i386-linux-gnu/crti.o
LOAD /usr/lib/gcc/i686-linux-gnu/4.8/crtbeginS.o
LOAD udp-client.co
LOAD obj_cooja/mtype77.o
LOAD obj_cooja/mtype77.a
LOAD /usr/lib/gcc/i686-linux-gnu/4.8/libgcc.a
LOAD /usr/lib/gcc/i686-linux-gnu/4.8/libgcc_s.so
LOAD /usr/lib/gcc/i686-linux-gnu/4.8/../../../i386-linux-gnu/libc.so
START GROUP
LOAD /lib/i386-linux-gnu/libc.so.6
LOAD /usr/lib/i386-linux-gnu/libc_nonshared.a
LOAD /lib/i386-linux-gnu/ld-linux.so.2
END GROUP
LOAD /usr/lib/gcc/i686-linux-gnu/4.8/libgcc.a
LOAD /usr/lib/gcc/i686-linux-gnu/4.8/libgcc_s.so
LOAD /usr/lib/gcc/i686-linux-gnu/4.8/crtendS.o
LOAD /usr/lib/gcc/i686-linux-gnu/4.8/../../../i386-linux-gnu/crtn.o
                0x0000000000000114                . = (0x0 + SIZEOF_HEADERS)

.note.gnu.build-id
                0x0000000000000114       0x24
 *(.note.gnu.build-id)
 .note.gnu.build-id
                0x0000000000000114       0x24 /usr/lib/gcc/i686-linux-gnu/4.8/../../../i386-linux-gnu/crti.o

.hash
 *(.hash)

.gnu.hash       0x0000000000000138     0x138c
 *(.gnu.hash)
 .gnu.hash      0x0000000000000138     0x138c /usr/lib/gcc/i686-linux-gnu/4.8/../../../i386-linux-gnu/crti.o

.dynsym         0x00000000000014c4     0x2690
 *(.dynsym)
 .dynsym        0x00000000000014c4     0x2690 /usr/lib/gcc/i686-linux-gnu/4.8/../../../i386-linux-gnu/crti.o

.dynstr         0x0000000000003b54     0x27a9
 *(.dynstr)
 .dynstr        0x0000000000003b54     0x27a9 /usr/lib/gcc/i686-linux-gnu/4.8/../../../i386-linux-gnu/crti.o

.gnu.version    0x00000000000062fe      0x4d2
 *(.gnu.version)
 .gnu.version   0x00000000000062fe      0x4d2 /usr/lib/gcc/i686-linux-gnu/4.8/../../../i386-linux-gnu/crti.o

.gnu.version_d  0x00000000000067d0        0x0
 *(.gnu.version_d)
 .gnu.version_d
                0x0000000000000000        0x0 /usr/lib/gcc/i686-linux-gnu/4.8/../../../i386-linux-gnu/crti.o

.gnu.version_r  0x00000000000067d0       0x50
 *(.gnu.version_r)
 .gnu.version_r
                0x00000000000067d0       0x50 /usr/lib/gcc/i686-linux-gnu/4.8/../../../i386-linux-gnu/crti.o

.rel.dyn        0x0000000000006820     0x9708
 *(.rel.init)
 .rel.init      0x0000000000000000        0x0 /usr/lib/gcc/i686-linux-gnu/4.8/../../../i386-linux-gnu/crti.o
 *(.rel.text .rel.text.* .rel.gnu.linkonce.t.*)
 .rel.text      0x0000000000006820     0x8f30 /usr/lib/gcc/i686-linux-gnu/4.8/../../../i386-linux-gnu/crti.o
 *(.rel.fini)
 .rel.fini      0x0000000000000000        0x0 /usr/lib/gcc/i686-linux-gnu/4.8/../../../i386-linux-gnu/crti.o
 *(.rel.rodata .rel.rodata.* .rel.gnu.linkonce.r.*)
 .rel.rodata    0x000000000000f750      0x4e0 /usr/lib/gcc/i686-linux-gnu/4.8/../../../i386-linux-gnu/crti.o
 *(.rel.data.rel.ro .rel.data.rel.ro.* .rel.gnu.linkonce.d.rel.ro.*)
 *(.rel.data .rel.data.* .rel.gnu.linkonce.d.*)
 .rel.data.rel  0x000000000000fc30        0x8 /usr/lib/gcc/i686-linux-gnu/4.8/../../../i386-linux-gnu/crti.o
 .rel.data      0x000000000000fc38      0x2b8 /usr/lib/gcc/i686-linux-gnu/4.8/../../../i386-linux-gnu/crti.o
 *(.rel.tdata .rel.tdata.* .rel.gnu.linkonce.td.*)
 *(.rel.tbss .rel.tbss.* .rel.gnu.linkonce.tb.*)
 *(.rel.ctors)
 *(.rel.dtors)
 *(.rel.got)
 .rel.got       0x000000000000fef0       0x28 /usr/lib/gcc/i686-linux-gnu/4.8/../../../i386-linux-gnu/crti.o
 *(.rel.bss .rel.bss.* .rel.gnu.linkonce.b.*)
 *(.rel.ifunc)
 .rel.ifunc     0x0000000000000000        0x0 /usr/lib/gcc/i686-linux-gnu/4.8/../../../i386-linux-gnu/crti.o
 .rel.fini_array
                0x000000000000ff18        0x8 /usr/lib/gcc/i686-linux-gnu/4.8/../../../i386-linux-gnu/crti.o
 .rel.init_array
                0x000000000000ff20        0x8 /usr/lib/gcc/i686-linux-gnu/4.8/../../../i386-linux-gnu/crti.o

.rel.plt        0x000000000000ff28       0x10
 *(.rel.plt)
 .rel.plt       0x000000000000ff28       0x10 /usr/lib/gcc/i686-linux-gnu/4.8/../../../i386-linux-gnu/crti.o
 *(.rel.iplt)

.init           0x000000000000ff38       0x23
 *(SORT(.init))
 .init          0x000000000000ff38       0x1e /usr/lib/gcc/i686-linux-gnu/4.8/../../../i386-linux-gnu/crti.o
                0x000000000000ff38                _init
 .init          0x000000000000ff56        0x5 /usr/lib/gcc/i686-linux-gnu/4.8/../../../i386-linux-gnu/crtn.o

.plt            0x000000000000ff60       0x30
 *(.plt)
 .plt           0x000000000000ff60       0x30 /usr/lib/gcc/i686-linux-gnu/4.8/../../../i386-linux-gnu/crti.o
 *(.iplt)

.text           0x000000000000ff90    0x170d0
 *(.text.unlikely .text.*_unlikely .text.unlikely.*)
 *(.text.exit .text.exit.*)
 *(.text.startup .text.startup.*)
 *(.text.hot .text.hot.*)
 *(.text .stub .text.* .gnu.linkonce.t.*)
 .text          0x000000000000ff90        0x0 /usr/lib/gcc/i686-linux-gnu/4.8/../../../i386-linux-gnu/crti.o
 .gnu.linkonce.t.__x86.get_pc_thunk.bx
                0x000000000000ff90        0x4 /usr/lib/gcc/i686-linux-gnu/4.8/../../../i386-linux-gnu/crti.o
                0x000000000000ff90                __x86.get_pc_thunk.bx
 *fill*         0x000000000000ff94        0xc 
 .text          0x000000000000ffa0      0x11b /usr/lib/gcc/i686-linux-gnu/4.8/crtbeginS.o
 .text          0x00000000000100bb      0x918 udp-client.co
 .text          0x00000000000109d3      0x96a obj_cooja/mtype77.o
                0x0000000000010b81                contiki_init
                0x0000000000011154                Java_org_contikios_cooja_corecomm_Lib2_init
                0x0000000000011194                Java_org_contikios_cooja_corecomm_Lib2_getMemory
                0x00000000000111d4                Java_org_contikios_cooja_corecomm_Lib2_setMemory
                0x000000000001124b                Java_org_contikios_cooja_corecomm_Lib2_tick
                0x000000000001132b                Java_org_contikios_cooja_corecomm_Lib2_setReferenceAddress
 .text          0x000000000001133d       0x63 obj_cooja/mtype77.a(simEnvChange.o)
                0x000000000001133d                doActionsBeforeTick
                0x000000000001136e                doActionsAfterTick
 .text          0x00000000000113a0       0xbc obj_cooja/mtype77.a(cooja_mt.o)
                0x00000000000113a0                cooja_mt_init
                0x00000000000113ad                cooja_mt_remove
                0x00000000000113ba                cooja_mt_start
                0x00000000000113e7                cooja_mt_exec
                0x0000000000011418                cooja_mt_exit
                0x000000000001143a                cooja_mt_yield
 .text          0x000000000001145c      0x115 obj_cooja/mtype77.a(cooja_mtarch.o)
                0x000000000001145c                cooja_mtarch_init
                0x0000000000011461                cooja_mtarch_start
                0x00000000000114dc                cooja_sw
                0x00000000000114fe                cooja_mtarch_exec
                0x000000000001151a                cooja_mtarch_remove
                0x000000000001151f                cooja_mtarch_yield
                0x0000000000011529                cooja_mtarch_pstop
                0x000000000001152e                cooja_mtarch_pstart
                0x0000000000011533                cooja_mtarch_stack_usage
 .text          0x0000000000011571       0xc2 obj_cooja/mtype77.a(rtimer-arch.o)
                0x0000000000011571                rtimer_arch_init
                0x0000000000011594                rtimer_arch_schedule
                0x00000000000115ab                rtimer_arch_next
                0x00000000000115b5                rtimer_arch_pending
                0x00000000000115bf                rtimer_arch_check
                0x00000000000115f1                rtimer_arch_now
 .text          0x0000000000011633       0x76 obj_cooja/mtype77.a(beep.o)
                0x0000000000011633                beep_alarm
                0x000000000001163f                beep_beep
                0x000000000001164b                beep
                0x0000000000011657                beep_down
                0x0000000000011663                beep_on
                0x000000000001166f                beep_off
                0x000000000001167b                beep_spinup
                0x0000000000011687                beep_quick
                0x0000000000011693                beep_long
 .text          0x00000000000116a9      0x103 obj_cooja/mtype77.a(button-sensor.o)
 .text          0x00000000000117ac       0x45 obj_cooja/mtype77.a(leds-arch.o)
                0x00000000000117ac                leds_arch_init
                0x00000000000117b8                leds_arch_get
                0x00000000000117c4                leds_arch_set
 .text          0x00000000000117f1       0x2f obj_cooja/mtype77.a(moteid.o)
 .text          0x0000000000011820       0xb1 obj_cooja/mtype77.a(pir-sensor.o)
 .text          0x00000000000118d1      0x131 obj_cooja/mtype77.a(rs232.o)
                0x00000000000118d1                rs232_init
                0x00000000000118d6                rs232_set_speed
                0x00000000000118e4                rs232_set_input
                0x00000000000118f1                rs232_send
                0x0000000000011913                rs232_print
                0x000000000001192e                slip_arch_writeb
 .text          0x0000000000011a02       0xb1 obj_cooja/mtype77.a(vib-sensor.o)
 .text          0x0000000000011ab3       0x34 obj_cooja/mtype77.a(clock.o)
                0x0000000000011ab3                clock_init
                0x0000000000011ab8                clock_time
                0x0000000000011ac2                clock_seconds
                0x0000000000011ad8                clock_delay
 .text          0x0000000000011ae7      0x1ed obj_cooja/mtype77.a(log.o)
                0x0000000000011ae7                simlog_char
                0x0000000000011b29                simlog
                0x0000000000011b96                log_message
                0x0000000000011bbe                log_set_putchar_with_slip
                0x0000000000011bcb                log_putchar
                0x0000000000011c4f                log_puts
                0x0000000000011c73                log_printf
 .text          0x0000000000011cd4      0x2c4 obj_cooja/mtype77.a(cfs-cooja.o)
                0x0000000000011cd4                cfs_open
                0x0000000000011d3d                cfs_close
                0x0000000000011d49                cfs_read
                0x0000000000011de7                cfs_write
                0x0000000000011ec4                cfs_seek
                0x0000000000011f4c                cfs_remove
                0x0000000000011f75                cfs_opendir
                0x0000000000011f7f                cfs_readdir
                0x0000000000011f89                cfs_closedir
 .text          0x0000000000011f98      0x69f obj_cooja/mtype77.a(cooja-radio.o)
                0x0000000000011fc2                radio_set_channel
                0x0000000000011fd7                radio_set_txpower
                0x0000000000011ff7                radio_signal_strength_last
                0x0000000000012001                radio_signal_strength_current
                0x000000000001200b                radio_LQI
 .text          0x0000000000012637       0xef obj_cooja/mtype77.a(eeprom.o)
                0x0000000000012637                eeprom_init
                0x000000000001263c                eeprom_read
                0x00000000000126ac                eeprom_write
 .text          0x0000000000012726       0x28 obj_cooja/mtype77.a(random.o)
                0x0000000000012726                random_init
                0x0000000000012741                random_rand
 .text          0x000000000001274e      0x2a1 obj_cooja/mtype77.a(sensors.o)
                0x0000000000012789                sensors_first
                0x0000000000012793                sensors_next
                0x00000000000127b0                sensors_changed
                0x00000000000127df                sensors_find
 .text          0x00000000000129ef      0x134 obj_cooja/mtype77.a(leds.o)
                0x0000000000012a40                leds_init
                0x0000000000012a54                leds_blink
                0x0000000000012a8c                leds_get
                0x0000000000012a99                leds_set
                0x0000000000012ab3                leds_on
                0x0000000000012ad6                leds_off
                0x0000000000012b00                leds_toggle
 .text          0x0000000000012b23      0x318 obj_cooja/mtype77.a(dual_conf.o)
                0x0000000000012b23                dual_radio_switch
                0x0000000000012b63                dual_radio_change
                0x0000000000012b9d                sending_in_LR
                0x0000000000012bc8                dual_radio_received
                0x0000000000012c00                radio_received_is_longrange
                0x0000000000012c1b                dual_radio_turn_on
                0x0000000000012c3e                dual_radio_turn_off
                0x0000000000012df1                dio_broadcast
                0x0000000000012e1a                dis_broadcast
 .text          0x0000000000012e3b       0x8e obj_cooja/mtype77.a(autostart.o)
                0x0000000000012e3b                autostart_start
                0x0000000000012e86                autostart_exit
 .text          0x0000000000012ec9      0x334 obj_cooja/mtype77.a(ctimer.o)
                0x0000000000012fe0                ctimer_init
                0x0000000000013010                ctimer_set
                0x0000000000013041                ctimer_set_with_process
                0x00000000000130bd                ctimer_reset
                0x000000000001310c                ctimer_restart
                0x000000000001315b                ctimer_stop
                0x00000000000131a6                ctimer_expired
 .text          0x00000000000131fd      0x40b obj_cooja/mtype77.a(etimer.o)
                0x0000000000013410                etimer_request_poll
                0x0000000000013494                etimer_set
                0x00000000000134b9                etimer_reset_with_new_interval
                0x00000000000134e0                etimer_reset
                0x00000000000134fe                etimer_restart
                0x000000000001351c                etimer_adjust
                0x0000000000013538                etimer_expired
                0x000000000001354b                etimer_expiration_time
                0x000000000001355d                etimer_start_time
                0x0000000000013567                etimer_pending
                0x0000000000013579                etimer_next_expiration_time
                0x0000000000013593                etimer_stop
 .text          0x0000000000013608      0x220 obj_cooja/mtype77.a(log_message.o)
                0x0000000000013608                log_initialization
                0x0000000000013807                log_finisher
 .text          0x0000000000013828      0x560 obj_cooja/mtype77.a(process.o)
                0x0000000000013828                process_alloc_event
                0x000000000001383d                process_start
                0x0000000000013a26                process_exit
                0x0000000000013a42                process_init
                0x0000000000013c13                process_run
                0x0000000000013c46                process_nevents
                0x0000000000013c61                process_post
                0x0000000000013d0d                process_post_synch
                0x0000000000013d45                process_poll
                0x0000000000013d74                process_is_running
 .text          0x0000000000013d88       0xd3 obj_cooja/mtype77.a(residual.o)
                0x0000000000013d88                get_residual_energy
 .text          0x0000000000013e5b       0xba obj_cooja/mtype77.a(rtimer.o)
                0x0000000000013e5b                rtimer_init
                0x0000000000013e68                rtimer_set
                0x0000000000013ebf                rtimer_run_next
 .text          0x0000000000013f15       0xa3 obj_cooja/mtype77.a(stimer.o)
                0x0000000000013f15                stimer_set
                0x0000000000013f30                stimer_reset
                0x0000000000013f47                stimer_restart
                0x0000000000013f59                stimer_expired
                0x0000000000013f80                stimer_remaining
                0x0000000000013fa4                stimer_elapsed
 .text          0x0000000000013fb8       0x91 obj_cooja/mtype77.a(timer.o)
                0x0000000000013fb8                timer_set
                0x0000000000013fd3                timer_reset
                0x0000000000013fea                timer_restart
                0x0000000000013ffc                timer_expired
                0x0000000000014025                timer_remaining
 .text          0x0000000000014049      0x1fb obj_cooja/mtype77.a(serial-line.o)
                0x0000000000014049                serial_line_input_byte
                0x000000000001420c                serial_line_init
 .text          0x0000000000014244      0x244 obj_cooja/mtype77.a(list.o)
                0x0000000000014244                list_init
                0x0000000000014252                list_head
                0x000000000001425c                list_copy
                0x000000000001426b                list_tail
                0x00000000000142a1                list_add
                0x00000000000142ea                list_push
                0x0000000000014316                list_chop
                0x0000000000014380                list_pop
                0x00000000000143a8                list_remove
                0x000000000001440f                list_length
                0x000000000001443d                list_insert
                0x0000000000014471                list_item_next
 .text          0x0000000000014488      0x155 obj_cooja/mtype77.a(ringbuf.o)
                0x0000000000014488                ringbuf_init
                0x00000000000144b9                ringbuf_put
                0x0000000000014537                ringbuf_get
                0x00000000000145a4                ringbuf_size
                0x00000000000145b6                ringbuf_elements
 .text          0x00000000000145dd     0x258b obj_cooja/mtype77.a(sicslowpan.o)
                0x0000000000014b67                rime_sniffer_add
                0x0000000000014b74                rime_sniffer_remove
                0x0000000000016b07                sicslowpan_init
                0x0000000000016b5e                sicslowpan_get_last_rssi
 .text          0x0000000000016b68      0x2d9 obj_cooja/mtype77.a(uip-ds6-nbr.o)
                0x0000000000016b85                uip_ds6_neighbors_init
                0x0000000000016ba2                uip_ds6_nbr_add
                0x0000000000016c50                uip_ds6_nbr_rm
                0x0000000000016cad                uip_ds6_nbr_get_ipaddr
                0x0000000000016cc2                uip_ds6_nbr_get_ll
                0x0000000000016cde                uip_ds6_nbr_num
                0x0000000000016d23                uip_ds6_nbr_lookup
                0x0000000000016d88                uip_ds6_nbr_ll_lookup
                0x0000000000016da4                uip_ds6_nbr_ipaddr_from_lladdr
                0x0000000000016dca                uip_ds6_nbr_lladdr_from_ipaddr
                0x0000000000016df8                uip_ds6_link_neighbor_callback
 .text          0x0000000000016e41      0x916 obj_cooja/mtype77.a(uip-ds6-route.o)
                0x0000000000016eb8                uip_ds6_notification_add
                0x0000000000016ee9                uip_ds6_notification_rm
                0x0000000000016f05                uip_ds6_route_init
                0x0000000000016f8d                uip_ds6_route_nexthop
                0x0000000000016fb5                uip_ds6_route_head
                0x0000000000016fca                uip_ds6_route_next
                0x0000000000016ff0                uip_ds6_route_is_nexthop
                0x000000000001702f                uip_ds6_route_num_routes
                0x0000000000017039                uip_ds6_route_lookup
                0x00000000000170fb                uip_ds6_route_add
                0x000000000001732f                uip_ds6_route_rm
                0x00000000000174c3                uip_ds6_route_rm_by_nexthop
                0x00000000000174fb                uip_ds6_defrt_add
                0x00000000000175ac                uip_ds6_defrt_rm
                0x000000000001762b                uip_ds6_defrt_lookup
                0x0000000000017684                uip_ds6_defrt_choose
                0x00000000000176ef                uip_ds6_defrt_periodic
 .text          0x0000000000017757     0x12ad obj_cooja/mtype77.a(uip-ds6.o)
                0x0000000000017757                uip_ds6_init
                0x0000000000017aac                uip_ds6_periodic
                0x0000000000017b84                uip_ds6_list_loop
                0x0000000000017c2b                uip_ds6_prefix_add
                0x0000000000017ce9                uip_ds6_prefix_rm
                0x0000000000017cfb                uip_ds6_prefix_lookup
                0x0000000000017d4c                uip_ds6_is_addr_onlink
                0x0000000000017dc0                uip_ds6_addr_add
                0x0000000000017eee                uip_ds6_long_addr_add
                0x000000000001801c                uip_ds6_addr_rm
                0x00000000000180bc                uip_ds6_addr_lookup
                0x0000000000018107                uip_ds6_long_addr_lookup
                0x0000000000018152                uip_ds6_get_link_local
                0x00000000000181d1                uip_ds6_long_get_link_local
                0x0000000000018250                uip_ds6_get_global
                0x00000000000182cf                uip_ds6_long_get_global
                0x000000000001834e                uip_ds6_maddr_add
                0x00000000000183c0                uip_ds6_long_maddr_add
                0x0000000000018432                uip_ds6_maddr_rm
                0x0000000000018444                uip_ds6_maddr_lookup
                0x000000000001848f                uip_ds6_long_maddr_lookup
                0x00000000000184da                uip_ds6_aaddr_add
                0x000000000001854c                uip_ds6_long_aaddr_add
                0x00000000000185be                uip_ds6_aaddr_rm
                0x00000000000185d0                uip_ds6_aaddr_lookup
                0x000000000001861b                uip_ds6_long_aaddr_lookup
                0x0000000000018666                uip_ds6_select_src
                0x00000000000188ef                uip_ds6_set_addr_iid
                0x0000000000018926                get_match_length
                0x00000000000189b8                uip_ds6_compute_reachable_time
 .text          0x0000000000018a04     0x29ac obj_cooja/mtype77.a(uip6.o)
                0x0000000000018a04                uip_add32
                0x0000000000018b9d                uip_chksum
                0x0000000000018c8b                uip_icmp6chksum
                0x0000000000018c9f                uip_tcpchksum
                0x0000000000018cb3                uip_init
                0x0000000000018d83                uip_connect
                0x0000000000018f32                remove_ext_hdr
                0x0000000000019007                uip_udp_new
                0x0000000000019163                uip_unlisten
                0x00000000000191c3                uip_listen
                0x0000000000019485                uip_process
                0x000000000001b2a4                uip_htons
                0x000000000001b2c6                uip_htonl
                0x000000000001b306                uip_send
 .text          0x000000000001b3b0      0xa53 obj_cooja/mtype77.a(tcpip.o)
                0x000000000001b3b0                tcpip_output
                0x000000000001b3eb                tcpip_set_outputfunc
                0x000000000001b47f                tcp_connect
                0x000000000001b4d4                tcp_unlisten
                0x000000000001b52f                tcp_listen
                0x000000000001b588                tcp_attach
                0x000000000001b5ad                udp_attach
                0x000000000001b5d2                udp_new
                0x000000000001b624                udp_broadcast_new
                0x000000000001b898                tcpip_input
                0x000000000001b8cc                tcpip_ipv6_output
                0x000000000001bc3f                tcpip_poll_udp
                0x000000000001bc62                tcpip_poll_tcp
                0x000000000001bc85                tcpip_uipcall
 .text          0x000000000001be03      0x1c1 obj_cooja/mtype77.a(uip-debug.o)
                0x000000000001be03                uip_debug_ipaddr_print
                0x000000000001bf65                uip_debug_lladdr_print
 .text          0x000000000001bfc4      0x141 obj_cooja/mtype77.a(uip-packetqueue)
                0x000000000001bff0                uip_packetqueue_new
                0x000000000001bffe                uip_packetqueue_alloc
                0x000000000001c05e                uip_packetqueue_free
                0x000000000001c09f                uip_packetqueue_buf
                0x000000000001c0bc                uip_packetqueue_buflen
                0x000000000001c0dd                uip_packetqueue_set_buflen
 .text          0x000000000001c105      0x131 obj_cooja/mtype77.a(uip-udp-packet.)
                0x000000000001c105                uip_udp_packet_send
                0x000000000001c165                uip_udp_packet_sendto
 .text          0x000000000001c236     0x258c obj_cooja/mtype77.a(rpl-dag.o)
                0x000000000001c236                rpl_print_neighbor_list
                0x000000000001c29d                rpl_print_child_neighbor_list
                0x000000000001c304                rpl_get_nbr
                0x000000000001c35e                rpl_get_nbr_child
                0x000000000001c3b8                rpl_dag_init
                0x000000000001c3ea                rpl_get_parent
                0x000000000001c40c                rpl_get_parent_rank
                0x000000000001c43f                rpl_get_parent_link_metric
                0x000000000001c472                rpl_get_parent_ipaddr
                0x000000000001c49c                rpl_get_child_ipaddr
                0x000000000001c7a6                rpl_set_root
                0x000000000001c9d4                rpl_repair_root
                0x000000000001cc10                rpl_set_prefix
                0x000000000001cd0f                rpl_set_default_route
                0x000000000001cd9b                rpl_alloc_instance
                0x000000000001ce23                rpl_alloc_dag
                0x000000000001ced6                rpl_set_default_instance
                0x000000000001cee3                rpl_get_default_instance
                0x000000000001ceed                rpl_free_instance
                0x000000000001cf8e                rpl_free_dag
                0x000000000001cff4                rpl_add_parent
                0x000000000001d0dd                rpl_find_parent
                0x000000000001d10d                rpl_add_child
                0x000000000001d1b1                rpl_find_child
                0x000000000001d1ff                rpl_find_parent_any_dag
                0x000000000001d23b                rpl_select_dag
                0x000000000001d66b                rpl_select_parent
                0x000000000001d6cd                rpl_remove_parent
                0x000000000001d703                rpl_remove_child
                0x000000000001d71f                rpl_nullify_parent
                0x000000000001d7bd                rpl_move_parent
                0x000000000001d85a                rpl_has_downward_route
                0x000000000001d8ad                rpl_get_any_dag
                0x000000000001d90f                rpl_get_instance
                0x000000000001d972                rpl_find_of
                0x000000000001d9af                rpl_join_instance
                0x000000000001dc4b                rpl_add_dag
                0x000000000001e03a                rpl_local_repair
                0x000000000001e113                rpl_recalculate_ranks
                0x000000000001e199                rpl_process_parent_event
                0x000000000001e24b                rpl_process_dio
 .text          0x000000000001e7c2      0xbf3 obj_cooja/mtype77.a(rpl-ext-header.)
                0x000000000001e7df                rpl_verify_header
                0x000000000001ec59                rpl_update_header_empty
                0x000000000001ef70                rpl_update_header_final
                0x000000000001f0ff                rpl_remove_header
                0x000000000001f209                rpl_invert_header
                0x000000000001f393                rpl_insert_header
 .text          0x000000000001f3b5     0x22fb obj_cooja/mtype77.a(rpl-icmp6.o)
                0x000000000001f67e                rpl_icmp6_update_nbr_table
                0x000000000001f76e                dis_output
                0x00000000000200a6                dio_output
                0x000000000002121b                dao_output
                0x00000000000212e3                dao_output_target
                0x0000000000021664                dao_ack_output
                0x0000000000021678                rpl_icmp6_register_handlers
 .text          0x00000000000216b0      0x3b5 obj_cooja/mtype77.a(rpl-ltmax.o)
 .text          0x0000000000021a65      0x59d obj_cooja/mtype77.a(rpl-timers.o)
                0x0000000000021cab                rpl_reset_periodic_timer
                0x0000000000021d00                rpl_reset_dio_timer
                0x0000000000021f3a                rpl_schedule_dao
                0x0000000000021f55                rpl_schedule_dao_immediately
                0x0000000000021f70                rpl_cancel_dao
                0x0000000000021fd2                rpl_schedule_unicast_dio_immediately
 .text          0x0000000000022002      0x5c5 obj_cooja/mtype77.a(rpl.o)
                0x0000000000022002                rpl_get_mode
                0x000000000002200c                rpl_set_mode
                0x000000000002209a                rpl_purge_routes
                0x0000000000022194                rpl_remove_routes
                0x00000000000221da                rpl_remove_routes_by_nexthop
                0x0000000000022246                rpl_add_route
                0x00000000000222c1                rpl_link_neighbor_callback
                0x00000000000223c6                rpl_ipv6_neighbor_callback
                0x0000000000022435                rpl_purge_dags
                0x0000000000022541                rpl_init
 .text          0x00000000000225c7      0x8c3 obj_cooja/mtype77.a(csma.o)
 .text          0x0000000000022e8a      0x3f5 obj_cooja/mtype77.a(framer-802154.o)
 .text          0x000000000002327f       0x3c obj_cooja/mtype77.a(mac.o)
                0x000000000002327f                mac_call_sent_callback
 .text          0x00000000000232bb     0x1052 obj_cooja/mtype77.a(cxmac.o)
                0x000000000002425d                cxmac_set_announcement_radio_txpower
                0x0000000000024262                cxmac_init
 .text          0x000000000002430d       0x82 obj_cooja/mtype77.a(linkaddr.o)
                0x000000000002430d                linkaddr_copy
                0x000000000002432f                linkaddr_cmp
                0x0000000000024359                linkaddr_set_node_addr
                0x0000000000024374                linkaddr_set_node_long_addr
 .text          0x000000000002438f      0x919 obj_cooja/mtype77.a(nbr-table.o)
                0x000000000002438f                long_ip_from_lladdr_map
                0x000000000002441c                lladdr_map_add_lr
                0x00000000000244d9                lladdr_map_rm_lr
                0x000000000002499e                nbr_table_register
                0x00000000000249e6                nbr_table_head
                0x0000000000024a42                nbr_table_next
                0x0000000000024aa9                nbr_table_add_lladdr
                0x0000000000024b85                nbr_table_get_from_lladdr
                0x0000000000024bd2                nbr_table_remove
                0x0000000000024c24                nbr_table_lock
                0x0000000000024c4e                nbr_table_unlock
                0x0000000000024c78                nbr_table_get_lladdr
 .text          0x0000000000024ca8       0x2b obj_cooja/mtype77.a(netstack.o)
                0x0000000000024ca8                netstack_init
 .text          0x0000000000024cd3      0x3cd obj_cooja/mtype77.a(packetbuf.o)
                0x0000000000024cd3                packetbuf_clear
                0x0000000000024cfd                packetbuf_copyfrom
                0x0000000000024d4f                packetbuf_compact
                0x0000000000024dcc                packetbuf_copyto
                0x0000000000024e63                packetbuf_hdralloc
                0x0000000000024ee0                packetbuf_hdrreduce
                0x0000000000024f28                packetbuf_set_datalen
                0x0000000000024f41                packetbuf_dataptr
                0x0000000000024f5e                packetbuf_hdrptr
                0x0000000000024f68                packetbuf_datalen
                0x0000000000024f74                packetbuf_hdrlen
                0x0000000000024f8b                packetbuf_totlen
                0x0000000000024fa1                packetbuf_attr_clear
                0x0000000000024ff3                packetbuf_attr_copyto
                0x000000000002503c                packetbuf_attr_copyfrom
                0x0000000000025084                packetbuf_holds_broadcast
 .text          0x00000000000250a0      0x2b4 obj_cooja/mtype77.a(queuebuf.o)
                0x00000000000250aa                queuebuf_init
                0x00000000000250ca                queuebuf_numfree
                0x00000000000250de                queuebuf_new_from_packetbuf
                0x000000000002516e                queuebuf_update_attr_from_packetbuf
                0x00000000000251a1                queuebuf_update_from_packetbuf
                0x00000000000251eb                queuebuf_free
                0x0000000000025232                queuebuf_to_packetbuf
                0x0000000000025298                queuebuf_dataptr
                0x00000000000252cf                queuebuf_datalen
                0x00000000000252f2                queuebuf_addr
                0x0000000000025324                queuebuf_attr
                0x000000000002534f                queuebuf_debug_print
 .text          0x0000000000025354       0x6e obj_cooja/mtype77.a(nullsec.o)
 .text          0x00000000000253c2       0x19 obj_cooja/mtype77.a(watchdog.o)
                0x00000000000253c2                watchdog_init
                0x00000000000253c7                watchdog_start
                0x00000000000253cc                watchdog_periodic
                0x00000000000253d1                watchdog_stop
                0x00000000000253d6                watchdog_reboot
 .text          0x00000000000253db        0x0 obj_cooja/mtype77.a(rimestats.o)
 .text          0x00000000000253db      0x1c1 obj_cooja/mtype77.a(memb.o)
                0x00000000000253db                memb_init
                0x0000000000025439                memb_alloc
                0x000000000002549e                memb_free
                0x0000000000025519                memb_inmemb
                0x0000000000025558                memb_numfree
 .text          0x000000000002559c      0xabf obj_cooja/mtype77.a(uip-icmp6.o)
                0x000000000002560a                uip_icmp6_input
                0x0000000000025660                uip_icmp6_register_input_handler
                0x0000000000025928                uip_icmp6_error_output
                0x0000000000025c6d                uip_icmp6_send
                0x0000000000025fee                uip_icmp6_echo_reply_callback_add
                0x000000000002601f                uip_icmp6_echo_reply_callback_rm
                0x000000000002603b                uip_icmp6_init
 .text          0x000000000002605b      0x358 obj_cooja/mtype77.a(uip-nd6.o)
                0x00000000000260af                uip_nd6_ns_output
                0x00000000000263ae                uip_nd6_init
 .text          0x00000000000263b3      0x331 obj_cooja/mtype77.a(rpl-nbr-policy.)
                0x000000000002658b                find_removable_dis
                0x00000000000265ae                find_removable_dio
                0x000000000002663d                find_removable_dao
                0x000000000002668d                rpl_nbr_policy_find_removable
 .text          0x00000000000266e4      0x97c obj_cooja/mtype77.a(frame802154.o)
                0x0000000000026715                frame802154_get_pan_id
                0x0000000000026721                frame802154_set_pan_id
                0x000000000002673a                frame802154_has_panid
                0x0000000000026826                frame802154_check_dest_panid
                0x000000000002688e                frame802154_is_broadcast_addr
                0x00000000000268db                frame802154_extract_linkaddr
                0x0000000000026b1b                frame802154_hdrlen
                0x0000000000026b6c                frame802154_create
                0x0000000000026d57                frame802154_parse
 .text          0x0000000000027060        0x0 /usr/lib/gcc/i686-linux-gnu/4.8/crtendS.o
 .text          0x0000000000027060        0x0 /usr/lib/gcc/i686-linux-gnu/4.8/../../../i386-linux-gnu/crtn.o
 *(.gnu.warning)

.fini           0x0000000000027060       0x14
 *(SORT(.fini))
 .fini          0x0000000000027060        0xf /usr/lib/gcc/i686-linux-gnu/4.8/../../../i386-linux-gnu/crti.o
                0x0000000000027060                _fini
 .fini          0x000000000002706f        0x5 /usr/lib/gcc/i686-linux-gnu/4.8/../../../i386-linux-gnu/crtn.o
                0x0000000000027074                PROVIDE (__etext, .)
                0x0000000000027074                PROVIDE (_etext, .)
                0x0000000000027074                PROVIDE (etext, .)

.rodata         0x0000000000027080      0xbc0
 *(.rodata .rodata.* .gnu.linkonce.r.*)
 .rodata        0x0000000000027080      0x456 udp-client.co
                0x0000000000027094                autostart_processes
 *fill*         0x00000000000274d6        0x2 
 .rodata        0x00000000000274d8      0x1e6 obj_cooja/mtype77.o
 *fill*         0x00000000000276be        0x2 
 .rodata        0x00000000000276c0        0x8 obj_cooja/mtype77.a(beep.o)
                0x00000000000276c0                beep_interface
 .rodata        0x00000000000276c8       0x20 obj_cooja/mtype77.a(button-sensor.o)
                0x00000000000276c8                button_interface
                0x00000000000276d8                button_sensor
 .rodata        0x00000000000276e8        0x8 obj_cooja/mtype77.a(leds-arch.o)
                0x00000000000276e8                leds_interface
 .rodata        0x00000000000276f0        0x8 obj_cooja/mtype77.a(moteid.o)
                0x00000000000276f0                moteid_interface
 .rodata        0x00000000000276f8       0x1c obj_cooja/mtype77.a(pir-sensor.o)
                0x00000000000276f8                pir_interface
                0x0000000000027704                pir_sensor
 .rodata        0x0000000000027714        0xe obj_cooja/mtype77.a(rs232.o)
                0x0000000000027714                rs232_interface
 *fill*         0x0000000000027722        0x2 
 .rodata        0x0000000000027724       0x24 obj_cooja/mtype77.a(vib-sensor.o)
                0x0000000000027724                vib_interface
                0x0000000000027738                vib_sensor
 .rodata        0x0000000000027748        0x8 obj_cooja/mtype77.a(clock.o)
                0x0000000000027748                clock_interface
 .rodata        0x0000000000027750        0x8 obj_cooja/mtype77.a(log.o)
                0x0000000000027750                simlog_interface
 .rodata        0x0000000000027758       0x2f obj_cooja/mtype77.a(cfs-cooja.o)
                0x0000000000027758                cfs_interface
 *fill*         0x0000000000027787       0x19 
 .rodata        0x00000000000277a0       0x60 obj_cooja/mtype77.a(cooja-radio.o)
                0x00000000000277c0                cooja_radio_driver
                0x00000000000277f8                radio_interface
 .rodata        0x0000000000027800        0x8 obj_cooja/mtype77.a(eeprom.o)
                0x0000000000027800                eeprom_interface
 .rodata        0x0000000000027808        0x8 obj_cooja/mtype77.a(sensors.o)
 .rodata        0x0000000000027810       0x1c obj_cooja/mtype77.a(dual_conf.o)
 .rodata        0x000000000002782c        0xf obj_cooja/mtype77.a(ctimer.o)
 .rodata        0x000000000002783b        0xc obj_cooja/mtype77.a(etimer.o)
 *fill*         0x0000000000027847        0x1 
 .rodata        0x0000000000027848      0x16d obj_cooja/mtype77.a(log_message.o)
 *fill*         0x00000000000279b5        0x3 
 .rodata        0x00000000000279b8       0x20 obj_cooja/mtype77.a(residual.o)
                0x00000000000279b8                DISSIPATION_RATE
 .rodata        0x00000000000279d8        0xe obj_cooja/mtype77.a(serial-line.o)
 *fill*         0x00000000000279e6        0x2 
 .rodata        0x00000000000279e8       0x2c obj_cooja/mtype77.a(sicslowpan.o)
                0x00000000000279e8                unc_llconf
                0x00000000000279ec                unc_ctxconf
                0x00000000000279f0                unc_mxconf
                0x00000000000279f4                llprefix
                0x0000000000027a08                sicslowpan_driver
 .rodata        0x0000000000027a14      0x13c obj_cooja/mtype77.a(uip6.o)
 .rodata        0x0000000000027b50        0xd obj_cooja/mtype77.a(tcpip.o)
 .rodata        0x0000000000027b5d       0x3e obj_cooja/mtype77.a(uip-debug.o)
 *fill*         0x0000000000027b9b        0x1 
 .rodata        0x0000000000027b9c        0x4 obj_cooja/mtype77.a(rpl-dag.o)
 .rodata        0x0000000000027ba0       0x24 obj_cooja/mtype77.a(csma.o)
                0x0000000000027ba8                csma_driver
 .rodata        0x0000000000027bc4        0xc obj_cooja/mtype77.a(framer-802154.o)
                0x0000000000027bc4                framer_802154
 *fill*         0x0000000000027bd0       0x10 
 .rodata        0x0000000000027be0       0x40 obj_cooja/mtype77.a(cxmac.o)
                0x0000000000027c00                cxmac_driver
 .rodata        0x0000000000027c20        0x8 obj_cooja/mtype77.a(linkaddr.o)
                0x0000000000027c20                linkaddr_null
 .rodata        0x0000000000027c28       0x18 obj_cooja/mtype77.a(nullsec.o)
                0x0000000000027c30                nullsec_driver

.rodata1
 *(.rodata1)

.eh_frame_hdr   0x0000000000027c40     0x140c
 *(.eh_frame_hdr)
 .eh_frame_hdr  0x0000000000027c40     0x140c udp-client.co

.eh_frame       0x000000000002904c     0x519c
 *(.eh_frame)
 .eh_frame      0x000000000002904c       0x3c /usr/lib/gcc/i686-linux-gnu/4.8/../../../i386-linux-gnu/crti.o
                                         0x40 (size before relaxing)
 .eh_frame      0x0000000000029088       0xb4 udp-client.co
                                         0xcc (size before relaxing)
 .eh_frame      0x000000000002913c      0x148 obj_cooja/mtype77.o
                                        0x160 (size before relaxing)
 .eh_frame      0x0000000000029284       0x40 obj_cooja/mtype77.a(simEnvChange.o)
                                         0x58 (size before relaxing)
 .eh_frame      0x00000000000292c4       0xc0 obj_cooja/mtype77.a(cooja_mt.o)
                                         0xd8 (size before relaxing)
 .eh_frame      0x0000000000029384      0x120 obj_cooja/mtype77.a(cooja_mtarch.o)
                                        0x138 (size before relaxing)
 .eh_frame      0x00000000000294a4       0xc0 obj_cooja/mtype77.a(rtimer-arch.o)
                                         0xd8 (size before relaxing)
 .eh_frame      0x0000000000029564      0x160 obj_cooja/mtype77.a(beep.o)
                                        0x178 (size before relaxing)
 .eh_frame      0x00000000000296c4       0xa0 obj_cooja/mtype77.a(button-sensor.o)
                                         0xb8 (size before relaxing)
 .eh_frame      0x0000000000029764       0xa0 obj_cooja/mtype77.a(leds-arch.o)
                                         0xb8 (size before relaxing)
 .eh_frame      0x0000000000029804       0x40 obj_cooja/mtype77.a(moteid.o)
                                         0x58 (size before relaxing)
 .eh_frame      0x0000000000029844       0xa0 obj_cooja/mtype77.a(pir-sensor.o)
                                         0xb8 (size before relaxing)
 .eh_frame      0x00000000000298e4      0x100 obj_cooja/mtype77.a(rs232.o)
                                        0x118 (size before relaxing)
 .eh_frame      0x00000000000299e4       0xa0 obj_cooja/mtype77.a(vib-sensor.o)
                                         0xb8 (size before relaxing)
 .eh_frame      0x0000000000029a84       0xc0 obj_cooja/mtype77.a(clock.o)
                                         0xd8 (size before relaxing)
 .eh_frame      0x0000000000029b44      0x120 obj_cooja/mtype77.a(log.o)
                                        0x138 (size before relaxing)
 .eh_frame      0x0000000000029c64      0x160 obj_cooja/mtype77.a(cfs-cooja.o)
                                        0x178 (size before relaxing)
 .eh_frame      0x0000000000029dc4      0x2e0 obj_cooja/mtype77.a(cooja-radio.o)
                                        0x2f8 (size before relaxing)
 .eh_frame      0x000000000002a0a4       0xa0 obj_cooja/mtype77.a(eeprom.o)
                                         0xb8 (size before relaxing)
 .eh_frame      0x000000000002a144       0x40 obj_cooja/mtype77.a(random.o)
                                         0x58 (size before relaxing)
 .eh_frame      0x000000000002a184       0xc0 obj_cooja/mtype77.a(sensors.o)
                                         0xd8 (size before relaxing)
 .eh_frame      0x000000000002a244      0x100 obj_cooja/mtype77.a(leds.o)
                                        0x118 (size before relaxing)
 .eh_frame      0x000000000002a344      0x160 obj_cooja/mtype77.a(dual_conf.o)
                                        0x178 (size before relaxing)
 .eh_frame      0x000000000002a4a4       0x40 obj_cooja/mtype77.a(autostart.o)
                                         0x58 (size before relaxing)
 .eh_frame      0x000000000002a4e4      0x100 obj_cooja/mtype77.a(ctimer.o)
                                        0x118 (size before relaxing)
 .eh_frame      0x000000000002a5e4      0x1e0 obj_cooja/mtype77.a(etimer.o)
                                        0x1f8 (size before relaxing)
 .eh_frame      0x000000000002a7c4       0x50 obj_cooja/mtype77.a(log_message.o)
                                         0x68 (size before relaxing)
 .eh_frame      0x000000000002a814      0x1c8 obj_cooja/mtype77.a(process.o)
                                        0x1e0 (size before relaxing)
 .eh_frame      0x000000000002a9dc       0x2c obj_cooja/mtype77.a(residual.o)
                                         0x44 (size before relaxing)
 .eh_frame      0x000000000002aa08       0x60 obj_cooja/mtype77.a(rtimer.o)
                                         0x78 (size before relaxing)
 .eh_frame      0x000000000002aa68       0xc4 obj_cooja/mtype77.a(stimer.o)
                                         0xdc (size before relaxing)
 .eh_frame      0x000000000002ab2c       0xa4 obj_cooja/mtype77.a(timer.o)
                                         0xbc (size before relaxing)
 .eh_frame      0x000000000002abd0       0x60 obj_cooja/mtype77.a(serial-line.o)
                                         0x78 (size before relaxing)
 .eh_frame      0x000000000002ac30      0x180 obj_cooja/mtype77.a(list.o)
                                        0x198 (size before relaxing)
 .eh_frame      0x000000000002adb0       0xa0 obj_cooja/mtype77.a(ringbuf.o)
                                         0xb8 (size before relaxing)
 .eh_frame      0x000000000002ae50      0x350 obj_cooja/mtype77.a(sicslowpan.o)
                                        0x368 (size before relaxing)
 .eh_frame      0x000000000002b1a0      0x180 obj_cooja/mtype77.a(uip-ds6-nbr.o)
                                        0x198 (size before relaxing)
 .eh_frame      0x000000000002b320      0x2a0 obj_cooja/mtype77.a(uip-ds6-route.o)
                                        0x2b8 (size before relaxing)
 .eh_frame      0x000000000002b5c0      0x3c8 obj_cooja/mtype77.a(uip-ds6.o)
                                        0x3e0 (size before relaxing)
 .eh_frame      0x000000000002b988      0x25c obj_cooja/mtype77.a(uip6.o)
                                        0x274 (size before relaxing)
 .eh_frame      0x000000000002bbe4      0x270 obj_cooja/mtype77.a(tcpip.o)
                                        0x288 (size before relaxing)
 .eh_frame      0x000000000002be54       0x48 obj_cooja/mtype77.a(uip-debug.o)
                                         0x60 (size before relaxing)
 .eh_frame      0x000000000002be9c       0xe0 obj_cooja/mtype77.a(uip-packetqueue)
                                         0xf8 (size before relaxing)
 .eh_frame      0x000000000002bf7c       0x40 obj_cooja/mtype77.a(uip-udp-packet.)
                                         0x58 (size before relaxing)
 .eh_frame      0x000000000002bfbc      0x74c obj_cooja/mtype77.a(rpl-dag.o)
                                        0x764 (size before relaxing)
 .eh_frame      0x000000000002c708      0x10c obj_cooja/mtype77.a(rpl-ext-header.)
                                        0x124 (size before relaxing)
 .eh_frame      0x000000000002c814      0x2b8 obj_cooja/mtype77.a(rpl-icmp6.o)
                                        0x2d0 (size before relaxing)
 .eh_frame      0x000000000002cacc       0xe0 obj_cooja/mtype77.a(rpl-ltmax.o)
                                         0xf8 (size before relaxing)
 .eh_frame      0x000000000002cbac      0x1ac obj_cooja/mtype77.a(rpl-timers.o)
                                        0x1c4 (size before relaxing)
 .eh_frame      0x000000000002cd58      0x148 obj_cooja/mtype77.a(rpl.o)
                                        0x160 (size before relaxing)
 .eh_frame      0x000000000002cea0      0x28c obj_cooja/mtype77.a(csma.o)
                                        0x2a4 (size before relaxing)
 .eh_frame      0x000000000002d12c      0x108 obj_cooja/mtype77.a(framer-802154.o)
                                        0x120 (size before relaxing)
 .eh_frame      0x000000000002d234       0x20 obj_cooja/mtype77.a(mac.o)
                                         0x38 (size before relaxing)
 .eh_frame      0x000000000002d254      0x2bc obj_cooja/mtype77.a(cxmac.o)
                                        0x2d4 (size before relaxing)
 .eh_frame      0x000000000002d510       0x80 obj_cooja/mtype77.a(linkaddr.o)
                                         0x98 (size before relaxing)
 .eh_frame      0x000000000002d590      0x2cc obj_cooja/mtype77.a(nbr-table.o)
                                        0x2e4 (size before relaxing)
 .eh_frame      0x000000000002d85c       0x20 obj_cooja/mtype77.a(netstack.o)
                                         0x38 (size before relaxing)
 .eh_frame      0x000000000002d87c      0x214 obj_cooja/mtype77.a(packetbuf.o)
                                        0x22c (size before relaxing)
 .eh_frame      0x000000000002da90      0x1a0 obj_cooja/mtype77.a(queuebuf.o)
                                        0x1b8 (size before relaxing)
 .eh_frame      0x000000000002dc30       0x80 obj_cooja/mtype77.a(nullsec.o)
                                         0x98 (size before relaxing)
 .eh_frame      0x000000000002dcb0       0xa0 obj_cooja/mtype77.a(watchdog.o)
                                         0xb8 (size before relaxing)
 .eh_frame      0x000000000002dd50       0xa0 obj_cooja/mtype77.a(memb.o)
                                         0xb8 (size before relaxing)
 .eh_frame      0x000000000002ddf0      0x168 obj_cooja/mtype77.a(uip-icmp6.o)
                                        0x180 (size before relaxing)
 .eh_frame      0x000000000002df58       0x68 obj_cooja/mtype77.a(uip-nd6.o)
                                         0x80 (size before relaxing)
 .eh_frame      0x000000000002dfc0       0xc0 obj_cooja/mtype77.a(rpl-nbr-policy.)
                                         0xd8 (size before relaxing)
 .eh_frame      0x000000000002e080      0x164 obj_cooja/mtype77.a(frame802154.o)
                                        0x17c (size before relaxing)
 .eh_frame      0x000000000002e1e4        0x4 /usr/lib/gcc/i686-linux-gnu/4.8/crtendS.o

.gcc_except_table
 *(.gcc_except_table .gcc_except_table.*)

.exception_ranges
 *(.exception_ranges .exception_ranges*)
                0x000000000002e1e8                . = (ALIGN (0x1000) - ((0x1000 - .) & 0xfff))
                0x000000000002fef8                . = DATA_SEGMENT_ALIGN (0x1000, 0x1000)

.eh_frame
 *(.eh_frame)

.gcc_except_table
 *(.gcc_except_table .gcc_except_table.*)

.exception_ranges
 *(.exception_ranges .exception_ranges*)

.tdata
 *(.tdata .tdata.* .gnu.linkonce.td.*)

.tbss
 *(.tbss .tbss.* .gnu.linkonce.tb.*)
 *(.tcommon)

.preinit_array
 *(.preinit_array)

.init_array     0x000000000002fef8        0x4
 *(SORT(.init_array.*) SORT(.ctors.*))
 *(.init_array EXCLUDE_FILE(*crtend?.o *crtend.o *crtbegin?.o *crtbegin.o) .ctors)
 .init_array    0x000000000002fef8        0x4 /usr/lib/gcc/i686-linux-gnu/4.8/crtbeginS.o

.fini_array     0x000000000002fefc        0x4
 *(SORT(.fini_array.*) SORT(.dtors.*))
 *(.fini_array EXCLUDE_FILE(*crtend?.o *crtend.o *crtbegin?.o *crtbegin.o) .dtors)
 .fini_array    0x000000000002fefc        0x4 /usr/lib/gcc/i686-linux-gnu/4.8/crtbeginS.o

.ctors
 *crtbegin.o(.ctors)
 *crtbegin?.o(.ctors)
 *(EXCLUDE_FILE(*crtend?.o *crtend.o) .ctors)
 *(SORT(.ctors.*))
 *(.ctors)

.dtors
 *crtbegin.o(.dtors)
 *crtbegin?.o(.dtors)
 *(EXCLUDE_FILE(*crtend?.o *crtend.o) .dtors)
 *(SORT(.dtors.*))
 *(.dtors)

.jcr            0x000000000002ff00        0x4
 *(.jcr)
 .jcr           0x000000000002ff00        0x0 /usr/lib/gcc/i686-linux-gnu/4.8/crtbeginS.o
 .jcr           0x000000000002ff00        0x4 /usr/lib/gcc/i686-linux-gnu/4.8/crtendS.o

.data.rel.ro
 *(.data.rel.ro.local* .gnu.linkonce.d.rel.ro.local.*)
 *(.data.rel.ro .data.rel.ro.* .gnu.linkonce.d.rel.ro.*)

.dynamic        0x000000000002ff04       0xe8
 *(.dynamic)
 .dynamic       0x000000000002ff04       0xe8 /usr/lib/gcc/i686-linux-gnu/4.8/../../../i386-linux-gnu/crti.o
                0x000000000002ff04                _DYNAMIC

.got            0x000000000002ffec       0x14
 *(.got)
 .got           0x000000000002ffec       0x14 /usr/lib/gcc/i686-linux-gnu/4.8/../../../i386-linux-gnu/crti.o
 *(.igot)
                0x0000000000030ff4                . = DATA_SEGMENT_RELRO_END (., (SIZEOF (.got.plt) >= 0xc)?0xc:0x0)

.got.plt        0x0000000000030000       0x14
 *(.got.plt)
 .got.plt       0x0000000000030000       0x14 /usr/lib/gcc/i686-linux-gnu/4.8/../../../i386-linux-gnu/crti.o
                0x0000000000030000                _GLOBAL_OFFSET_TABLE_
 *(.igot.plt)

.data           0x0000000000030020      0x2a2
 *(.data .data.* .gnu.linkonce.d.*)
 .data          0x0000000000030020        0x0 /usr/lib/gcc/i686-linux-gnu/4.8/../../../i386-linux-gnu/crti.o
 .data          0x0000000000030020        0x0 /usr/lib/gcc/i686-linux-gnu/4.8/crtbeginS.o
 .data.rel      0x0000000000030020        0x4 /usr/lib/gcc/i686-linux-gnu/4.8/crtbeginS.o
                0x0000000000030020                __dso_handle
 .data          0x0000000000030024       0x14 udp-client.co
                0x0000000000030028                udp_client_process
 *fill*         0x0000000000030038        0x8 
 .data          0x0000000000030040       0x44 obj_cooja/mtype77.o
                0x0000000000030040                simInterfaces
                0x0000000000030074                sensors
 .data          0x0000000000030084        0x0 obj_cooja/mtype77.a(simEnvChange.o)
 .data          0x0000000000030084        0x0 obj_cooja/mtype77.a(cooja_mt.o)
 .data          0x0000000000030084        0x0 obj_cooja/mtype77.a(cooja_mtarch.o)
 .data          0x0000000000030084        0x0 obj_cooja/mtype77.a(rtimer-arch.o)
 .data          0x0000000000030084        0x0 obj_cooja/mtype77.a(beep.o)
 .data          0x0000000000030084        0x0 obj_cooja/mtype77.a(button-sensor.o)
 .data          0x0000000000030084        0x0 obj_cooja/mtype77.a(leds-arch.o)
 .data          0x0000000000030084        0x0 obj_cooja/mtype77.a(moteid.o)
 .data          0x0000000000030084        0x0 obj_cooja/mtype77.a(pir-sensor.o)
 .data          0x0000000000030084        0x0 obj_cooja/mtype77.a(rs232.o)
 .data          0x0000000000030084        0x0 obj_cooja/mtype77.a(vib-sensor.o)
 .data          0x0000000000030084        0x0 obj_cooja/mtype77.a(clock.o)
 .data          0x0000000000030084        0x0 obj_cooja/mtype77.a(log.o)
 .data          0x0000000000030084        0x0 obj_cooja/mtype77.a(cfs-cooja.o)
 .data          0x0000000000030084       0x40 obj_cooja/mtype77.a(cooja-radio.o)
                0x0000000000030084                simRadioChannelLR
                0x0000000000030088                simRadioHWOnLR
                0x000000000003008c                simSignalStrengthLR
                0x0000000000030090                simLastSignalStrengthLR
                0x0000000000030094                simPowerLR
                0x0000000000030098                simLQILR
                0x000000000003009c                simRadioChannel
                0x00000000000300a0                simRadioHWOn
                0x00000000000300a4                simSignalStrength
                0x00000000000300a8                simLastSignalStrength
                0x00000000000300ac                simPower
                0x00000000000300b0                simLQI
                0x00000000000300b4                cooja_radio_process
 .data          0x00000000000300c4        0x0 obj_cooja/mtype77.a(eeprom.o)
 .data          0x00000000000300c4        0x0 obj_cooja/mtype77.a(random.o)
 .data          0x00000000000300c4       0x10 obj_cooja/mtype77.a(sensors.o)
                0x00000000000300c4                sensors_process
 .data          0x00000000000300d4        0x0 obj_cooja/mtype77.a(leds.o)
 .data          0x00000000000300d4       0x28 obj_cooja/mtype77.a(dual_conf.o)
                0x00000000000300d4                radio_received
                0x00000000000300d8                dual_dio_broadcast
                0x00000000000300e8                dual_dis_broadcast
 .data          0x00000000000300fc        0x0 obj_cooja/mtype77.a(autostart.o)
 .data          0x00000000000300fc       0x14 obj_cooja/mtype77.a(ctimer.o)
                0x0000000000030100                ctimer_process
 .data          0x0000000000030110       0x10 obj_cooja/mtype77.a(etimer.o)
                0x0000000000030110                etimer_process
 .data          0x0000000000030120        0x0 obj_cooja/mtype77.a(log_message.o)
 .data          0x0000000000030120        0x0 obj_cooja/mtype77.a(process.o)
 .data          0x0000000000030120        0x0 obj_cooja/mtype77.a(residual.o)
 .data          0x0000000000030120        0x0 obj_cooja/mtype77.a(rtimer.o)
 .data          0x0000000000030120        0x0 obj_cooja/mtype77.a(stimer.o)
 .data          0x0000000000030120        0x0 obj_cooja/mtype77.a(timer.o)
 .data          0x0000000000030120       0x10 obj_cooja/mtype77.a(serial-line.o)
                0x0000000000030120                serial_line_process
 .data          0x0000000000030130        0x0 obj_cooja/mtype77.a(list.o)
 .data          0x0000000000030130        0x0 obj_cooja/mtype77.a(ringbuf.o)
 .data          0x0000000000030130        0x0 obj_cooja/mtype77.a(sicslowpan.o)
 .data          0x0000000000030130       0x14 obj_cooja/mtype77.a(uip-ds6-nbr.o)
                0x0000000000030140                ds6_neighbors
 .data          0x0000000000030144       0x44 obj_cooja/mtype77.a(uip-ds6-route.o)
                0x0000000000030154                nbr_routes
 .data          0x0000000000030188        0x0 obj_cooja/mtype77.a(uip-ds6.o)
 .data          0x0000000000030188        0x0 obj_cooja/mtype77.a(uip6.o)
 .data          0x0000000000030188       0x10 obj_cooja/mtype77.a(tcpip.o)
                0x0000000000030188                tcpip_process
 .data          0x0000000000030198        0x0 obj_cooja/mtype77.a(uip-debug.o)
 .data          0x0000000000030198        0xc obj_cooja/mtype77.a(uip-packetqueue)
 .data          0x00000000000301a4        0x0 obj_cooja/mtype77.a(uip-udp-packet.)
 .data          0x00000000000301a4       0x28 obj_cooja/mtype77.a(rpl-dag.o)
                0x00000000000301b4                rpl_parents
                0x00000000000301c8                rpl_children
 .data          0x00000000000301cc        0x0 obj_cooja/mtype77.a(rpl-ext-header.)
 .data          0x00000000000301cc       0x34 obj_cooja/mtype77.a(rpl-icmp6.o)
 .data          0x0000000000030200       0x1c obj_cooja/mtype77.a(rpl-ltmax.o)
                0x0000000000030200                rpl_ltmax_of
 .data          0x000000000003021c        0x0 obj_cooja/mtype77.a(rpl-timers.o)
 .data          0x000000000003021c        0x0 obj_cooja/mtype77.a(rpl.o)
 .data          0x000000000003021c       0x28 obj_cooja/mtype77.a(csma.o)
 .data          0x0000000000030244        0x0 obj_cooja/mtype77.a(framer-802154.o)
 .data          0x0000000000030244        0x0 obj_cooja/mtype77.a(mac.o)
 .data          0x0000000000030244       0x30 obj_cooja/mtype77.a(cxmac.o)
                0x0000000000030244                cxmac_config
                0x0000000000030254                strobe_wait
 .data          0x0000000000030274        0x0 obj_cooja/mtype77.a(linkaddr.o)
 .data          0x0000000000030274       0x10 obj_cooja/mtype77.a(nbr-table.o)
 .data          0x0000000000030284        0x0 obj_cooja/mtype77.a(netstack.o)
 .data          0x0000000000030284        0x4 obj_cooja/mtype77.a(packetbuf.o)
 .data          0x0000000000030288       0x18 obj_cooja/mtype77.a(queuebuf.o)
 .data          0x00000000000302a0        0x0 obj_cooja/mtype77.a(nullsec.o)
 .data          0x00000000000302a0        0x0 obj_cooja/mtype77.a(watchdog.o)
 .data          0x00000000000302a0        0x0 obj_cooja/mtype77.a(rimestats.o)
 .data          0x00000000000302a0        0x0 obj_cooja/mtype77.a(memb.o)
 .data          0x00000000000302a0       0x20 obj_cooja/mtype77.a(uip-icmp6.o)
 .data          0x00000000000302c0        0x0 obj_cooja/mtype77.a(uip-nd6.o)
 .data          0x00000000000302c0        0x0 obj_cooja/mtype77.a(rpl-nbr-policy.)
 .data          0x00000000000302c0        0x2 obj_cooja/mtype77.a(frame802154.o)
 .data          0x00000000000302c2        0x0 /usr/lib/gcc/i686-linux-gnu/4.8/crtendS.o
 .data          0x00000000000302c2        0x0 /usr/lib/gcc/i686-linux-gnu/4.8/../../../i386-linux-gnu/crtn.o

.tm_clone_table
                0x00000000000302c4        0x0
 .tm_clone_table
                0x00000000000302c4        0x0 /usr/lib/gcc/i686-linux-gnu/4.8/crtbeginS.o
 .tm_clone_table
                0x00000000000302c4        0x0 /usr/lib/gcc/i686-linux-gnu/4.8/crtendS.o

.data1
 *(.data1)
                0x00000000000302c4                _edata = .
                0x00000000000302c4                PROVIDE (edata, .)
                0x00000000000302c4                . = .
                0x00000000000302c4                __bss_start = .

.bss            0x00000000000302e0     0x9208
 *(.dynbss)
 .dynbss        0x0000000000000000        0x0 /usr/lib/gcc/i686-linux-gnu/4.8/../../../i386-linux-gnu/crti.o
 *(.bss .bss.* .gnu.linkonce.b.*)
 .bss           0x00000000000302e0        0x0 /usr/lib/gcc/i686-linux-gnu/4.8/../../../i386-linux-gnu/crti.o
 .bss           0x00000000000302e0        0x1 /usr/lib/gcc/i686-linux-gnu/4.8/crtbeginS.o
 *fill*         0x00000000000302e1       0x1f 
 .bss           0x0000000000030300       0x60 udp-client.co
                0x0000000000030300                my_weight
 .bss           0x0000000000030360     0x2030 obj_cooja/mtype77.o
 .bss           0x0000000000032390        0x1 obj_cooja/mtype77.a(simEnvChange.o)
                0x0000000000032390                simDontFallAsleep
 *fill*         0x0000000000032391        0x3 
 .bss           0x0000000000032394        0x4 obj_cooja/mtype77.a(cooja_mt.o)
 .bss           0x0000000000032398        0x4 obj_cooja/mtype77.a(cooja_mtarch.o)
 .bss           0x000000000003239c        0xc obj_cooja/mtype77.a(rtimer-arch.o)
 .bss           0x00000000000323a8        0x0 obj_cooja/mtype77.a(beep.o)
 .bss           0x00000000000323a8        0x8 obj_cooja/mtype77.a(button-sensor.o)
 .bss           0x00000000000323b0        0x0 obj_cooja/mtype77.a(leds-arch.o)
 .bss           0x00000000000323b0        0x0 obj_cooja/mtype77.a(moteid.o)
 .bss           0x00000000000323b0        0x1 obj_cooja/mtype77.a(pir-sensor.o)
                0x00000000000323b0                simPirValue
 *fill*         0x00000000000323b1        0x3 
 .bss           0x00000000000323b4        0x4 obj_cooja/mtype77.a(rs232.o)
 .bss           0x00000000000323b8        0x1 obj_cooja/mtype77.a(vib-sensor.o)
                0x00000000000323b8                simVibValue
 .bss           0x00000000000323b9        0x0 obj_cooja/mtype77.a(clock.o)
 *fill*         0x00000000000323b9        0x7 
 .bss           0x00000000000323c0      0x420 obj_cooja/mtype77.a(log.o)
 .bss           0x00000000000327e0      0xfc0 obj_cooja/mtype77.a(cfs-cooja.o)
                0x00000000000327e0                simCFSData
                0x0000000000033780                simCFSSize
                0x0000000000033784                simCFSChanged
                0x0000000000033788                simCFSRead
                0x000000000003378c                simCFSWritten
 .bss           0x00000000000337a0       0x24 obj_cooja/mtype77.a(cooja-radio.o)
                0x00000000000337a0                simReceivingLR
                0x00000000000337a4                simInSizeLR
                0x00000000000337a8                simOutSizeLR
                0x00000000000337ac                simReceiving
                0x00000000000337b0                simInSize
                0x00000000000337b4                simOutSize
                0x00000000000337b8                LongRangeTransmit
                0x00000000000337bc                LongRangeReceiving
 .bss           0x00000000000337c4        0xc obj_cooja/mtype77.a(eeprom.o)
                0x00000000000337c4                simEEPROMChanged
                0x00000000000337c8                simEEPROMRead
                0x00000000000337cc                simEEPROMWritten
 .bss           0x00000000000337d0        0x0 obj_cooja/mtype77.a(random.o)
 .bss           0x00000000000337d0        0xc obj_cooja/mtype77.a(sensors.o)
 .bss           0x00000000000337dc        0x1 obj_cooja/mtype77.a(leds.o)
 *fill*         0x00000000000337dd        0x3 
 .bss           0x00000000000337e0       0x2c obj_cooja/mtype77.a(dual_conf.o)
                0x00000000000337e0                long_range_radio
 .bss           0x000000000003380c        0x0 obj_cooja/mtype77.a(autostart.o)
 .bss           0x000000000003380c        0x5 obj_cooja/mtype77.a(ctimer.o)
 *fill*         0x0000000000033811        0x3 
 .bss           0x0000000000033814        0x8 obj_cooja/mtype77.a(etimer.o)
 .bss           0x000000000003381c        0x0 obj_cooja/mtype77.a(log_message.o)
 *fill*         0x000000000003381c        0x4 
 .bss           0x0000000000033820      0x1b1 obj_cooja/mtype77.a(process.o)
                0x0000000000033820                process_list
                0x0000000000033824                process_current
 .bss           0x00000000000339d1        0x0 obj_cooja/mtype77.a(residual.o)
 *fill*         0x00000000000339d1        0x3 
 .bss           0x00000000000339d4        0x4 obj_cooja/mtype77.a(rtimer.o)
 .bss           0x00000000000339d8        0x0 obj_cooja/mtype77.a(stimer.o)
 .bss           0x00000000000339d8        0x0 obj_cooja/mtype77.a(timer.o)
 *fill*         0x00000000000339d8        0x8 
 .bss           0x00000000000339e0      0x140 obj_cooja/mtype77.a(serial-line.o)
 .bss           0x0000000000033b20        0x0 obj_cooja/mtype77.a(list.o)
 .bss           0x0000000000033b20        0x0 obj_cooja/mtype77.a(ringbuf.o)
 .bss           0x0000000000033b20      0x70c obj_cooja/mtype77.a(sicslowpan.o)
 *fill*         0x000000000003422c       0x14 
 .bss           0x0000000000034240      0x4b0 obj_cooja/mtype77.a(uip-ds6-nbr.o)
 *fill*         0x00000000000346f0       0x10 
 .bss           0x0000000000034700      0x608 obj_cooja/mtype77.a(uip-ds6-route.o)
 .bss           0x0000000000034d08       0x30 obj_cooja/mtype77.a(uip-ds6.o)
 .bss           0x0000000000034d38        0xe obj_cooja/mtype77.a(uip6.o)
                0x0000000000034d38                uip_ext_bitmap
                0x0000000000034d39                uip_ext_len
                0x0000000000034d3a                uip_ext_opt_offset
 *fill*         0x0000000000034d46       0x1a 
 .bss           0x0000000000034d60       0x68 obj_cooja/mtype77.a(tcpip.o)
 .bss           0x0000000000034dc8        0x0 obj_cooja/mtype77.a(uip-debug.o)
 *fill*         0x0000000000034dc8       0x18 
 .bss           0x0000000000034de0      0xcf8 obj_cooja/mtype77.a(uip-packetqueue)
 .bss           0x0000000000035ad8        0x0 obj_cooja/mtype77.a(uip-udp-packet.)
 *fill*         0x0000000000035ad8        0x8 
 .bss           0x0000000000035ae0      0x352 obj_cooja/mtype77.a(rpl-dag.o)
 .bss           0x0000000000035e32        0x0 obj_cooja/mtype77.a(rpl-ext-header.)
 .bss           0x0000000000035e32        0x0 obj_cooja/mtype77.a(rpl-icmp6.o)
 .bss           0x0000000000035e32        0x0 obj_cooja/mtype77.a(rpl-ltmax.o)
 *fill*         0x0000000000035e32        0xe 
 .bss           0x0000000000035e40       0x23 obj_cooja/mtype77.a(rpl-timers.o)
 *fill*         0x0000000000035e63        0x1 
 .bss           0x0000000000035e64        0x4 obj_cooja/mtype77.a(rpl.o)
 *fill*         0x0000000000035e68       0x18 
 .bss           0x0000000000035e80      0x288 obj_cooja/mtype77.a(csma.o)
 .bss           0x0000000000036108        0x2 obj_cooja/mtype77.a(framer-802154.o)
 .bss           0x000000000003610a        0x0 obj_cooja/mtype77.a(mac.o)
 *fill*         0x000000000003610a       0x16 
 .bss           0x0000000000036120       0xb1 obj_cooja/mtype77.a(cxmac.o)
 .bss           0x00000000000361d1        0x0 obj_cooja/mtype77.a(linkaddr.o)
 *fill*         0x00000000000361d1        0xf 
 .bss           0x00000000000361e0      0x35c obj_cooja/mtype77.a(nbr-table.o)
 .bss           0x000000000003653c        0x0 obj_cooja/mtype77.a(netstack.o)
 *fill*         0x000000000003653c        0x4 
 .bss           0x0000000000036540       0xa0 obj_cooja/mtype77.a(packetbuf.o)
 .bss           0x00000000000365e0      0xb80 obj_cooja/mtype77.a(queuebuf.o)
 .bss           0x0000000000037160        0x0 obj_cooja/mtype77.a(nullsec.o)
 .bss           0x0000000000037160        0x0 obj_cooja/mtype77.a(watchdog.o)
 .bss           0x0000000000037160        0x0 obj_cooja/mtype77.a(rimestats.o)
 .bss           0x0000000000037160        0x0 obj_cooja/mtype77.a(memb.o)
 .bss           0x0000000000037160       0x18 obj_cooja/mtype77.a(uip-icmp6.o)
 .bss           0x0000000000037178        0x0 obj_cooja/mtype77.a(uip-nd6.o)
 *fill*         0x0000000000037178        0x8 
 .bss           0x0000000000037180       0x44 obj_cooja/mtype77.a(rpl-nbr-policy.)
 .bss           0x00000000000371c4        0x0 obj_cooja/mtype77.a(frame802154.o)
 .bss           0x00000000000371c4        0x0 /usr/lib/gcc/i686-linux-gnu/4.8/crtendS.o
 .bss           0x00000000000371c4        0x0 /usr/lib/gcc/i686-linux-gnu/4.8/../../../i386-linux-gnu/crtn.o
 *(COMMON)
 COMMON         0x00000000000371c4       0x6c udp-client.co
                0x00000000000371c4                dio_count
                0x00000000000371c8                dis_count
                0x00000000000371cc                csma_drop_count
                0x00000000000371d0                tcp_output_count
                0x00000000000371d4                csma_transmission_count
                0x00000000000371d8                dao_ack_fwd_count
                0x00000000000371dc                COOJA_radioRxLong
                0x00000000000371e0                cxmac_collision_count
                0x00000000000371e4                cxmac_retransmission_count
                0x00000000000371e8                control_message_count
                0x00000000000371ec                dao_count
                0x00000000000371f0                icmp_count
                0x00000000000371f4                COOJA_radioTx
                0x00000000000371f8                cxmac_transmission_count
                0x00000000000371fc                dao_ack_count
                0x0000000000037200                data_message_count
                0x0000000000037204                my_sink_reachability
                0x0000000000037208                COOJA_radioTxLong
                0x000000000003720c                COOJA_radioRx
                0x0000000000037210                my_parent_number
                0x0000000000037214                COOJA_radioOn
                0x0000000000037218                LSA_count
                0x000000000003721c                dao_fwd_count
                0x0000000000037220                COOJA_duration
                0x0000000000037224                dio_ack_count
                0x0000000000037228                COOJA_radioOnLong
                0x000000000003722c                data_fwd_count
 COMMON         0x0000000000037230        0xc obj_cooja/mtype77.o
                0x0000000000037230                referenceVar
                0x0000000000037234                debugfp
                0x0000000000037238                sensors_flags
 COMMON         0x000000000003723c        0xc obj_cooja/mtype77.a(simEnvChange.o)
                0x000000000003723c                simEtimerPending
                0x0000000000037240                simProcessRunValue
                0x0000000000037244                simNextExpirationTime
 COMMON         0x0000000000037248        0x1 obj_cooja/mtype77.a(beep.o)
                0x0000000000037248                simBeeped
 COMMON         0x0000000000037249        0x3 obj_cooja/mtype77.a(button-sensor.o)
                0x0000000000037249                simButtonIsActive
                0x000000000003724a                simButtonIsDown
                0x000000000003724b                simButtonChanged
 COMMON         0x000000000003724c        0x1 obj_cooja/mtype77.a(leds-arch.o)
                0x000000000003724c                simLedsValue
 *fill*         0x000000000003724d        0x3 
 COMMON         0x0000000000037250        0xc obj_cooja/mtype77.a(moteid.o)
                0x0000000000037250                simRandomSeed
                0x0000000000037254                simMoteIDChanged
                0x0000000000037258                simMoteID
 COMMON         0x000000000003725c        0x2 obj_cooja/mtype77.a(pir-sensor.o)
                0x000000000003725c                simPirIsActive
                0x000000000003725d                simPirChanged
 *fill*         0x000000000003725e        0x2 
 COMMON         0x0000000000037260      0x820 obj_cooja/mtype77.a(rs232.o)
                0x0000000000037260                simSerialReceivingFlag
                0x0000000000037264                simSerialReceivingLength
                0x0000000000037280                simSerialReceivingData
 COMMON         0x0000000000037a80        0x2 obj_cooja/mtype77.a(vib-sensor.o)
                0x0000000000037a80                simVibChanged
                0x0000000000037a81                simVibIsActive
 *fill*         0x0000000000037a82        0x2 
 COMMON         0x0000000000037a84        0x4 obj_cooja/mtype77.a(clock.o)
                0x0000000000037a84                simCurrentTime
 *fill*         0x0000000000037a88       0x18 
 COMMON         0x0000000000037aa0      0x420 obj_cooja/mtype77.a(log.o)
                0x0000000000037aa0                simLoggedLength
                0x0000000000037aa4                simLoggedFlag
                0x0000000000037ac0                simLoggedData
 COMMON         0x0000000000037ec0      0x260 obj_cooja/mtype77.a(cooja-radio.o)
                0x0000000000037ec0                simOutDataBuffer
                0x0000000000037f40                simRadioTarget
                0x0000000000037f60                simInDataBufferLR
                0x0000000000037fe0                packet_forwarding
                0x0000000000038000                simOutDataBufferLR
                0x0000000000038080                dual_duty_cycle_count
                0x00000000000380a0                simInDataBuffer
 COMMON         0x0000000000038120      0x400 obj_cooja/mtype77.a(eeprom.o)
                0x0000000000038120                simEEPROMData
 COMMON         0x0000000000038520        0x1 obj_cooja/mtype77.a(sensors.o)
                0x0000000000038520                sensors_event
 *fill*         0x0000000000038521        0x3 
 COMMON         0x0000000000038524        0x4 obj_cooja/mtype77.a(log_message.o)
                0x0000000000038524                log_fp
 COMMON         0x0000000000038528        0x1 obj_cooja/mtype77.a(serial-line.o)
                0x0000000000038528                serial_line_event_message
 *fill*         0x0000000000038529       0x17 
 COMMON         0x0000000000038540      0x1f4 obj_cooja/mtype77.a(uip-ds6-nbr.o)
                0x0000000000038540                ds6_lr_addrmap
 *fill*         0x0000000000038734        0xc 
 COMMON         0x0000000000038740      0x298 obj_cooja/mtype77.a(uip-ds6.o)
                0x0000000000038740                uip_ds6_prefix_list
                0x00000000000387a0                uip_ds6_timer_periodic
                0x00000000000387b0                uip_ds6_netif_addr_list_offset
                0x00000000000387c0                uip_ds6_if
                0x00000000000388b8                uip_ds6_timer_ra
                0x00000000000388c0                uip_ds6_addr_size
                0x00000000000388e0                long_uip_ds6_if
 *fill*         0x00000000000389d8        0x8 
 COMMON         0x00000000000389e0      0x8ec obj_cooja/mtype77.a(uip6.o)
                0x00000000000389e0                uip_slen
                0x00000000000389e2                uip_acc32
                0x0000000000038a00                uip_conns
                0x0000000000038ac0                uip_lladdr
                0x0000000000038ac8                uip_appdata
                0x0000000000038acc                uip_flags
                0x0000000000038ae0                uip_aligned_buf
                0x0000000000039120                uip_listenports
                0x0000000000039130                uip_len
                0x0000000000039132                uip_long_lladdr
                0x000000000003913c                uip_sappdata
                0x0000000000039140                uip_udp_conns
                0x00000000000392c0                uip_udp_conn
                0x00000000000392c4                uip_next_hdr
                0x00000000000392c8                uip_conn
 COMMON         0x00000000000392cc        0x1 obj_cooja/mtype77.a(tcpip.o)
                0x00000000000392cc                tcpip_event
 *fill*         0x00000000000392cd       0x13 
 COMMON         0x00000000000392e0      0x178 obj_cooja/mtype77.a(rpl-dag.o)
                0x00000000000392e0                default_instance
                0x0000000000039300                instance_table
 COMMON         0x0000000000039458       0x10 obj_cooja/mtype77.a(linkaddr.o)
                0x0000000000039458                linkaddr_node_addr
                0x0000000000039460                long_linkaddr_node_addr
 COMMON         0x0000000000039468       0x2e obj_cooja/mtype77.a(packetbuf.o)
                0x0000000000039468                packetbuf_attrs
                0x0000000000039486                packetbuf_addrs
 *fill*         0x0000000000039496        0xa 
 COMMON         0x00000000000394a0       0x48 obj_cooja/mtype77.a(rimestats.o)
                0x00000000000394a0                rimestats
                0x00000000000394e8                . = ALIGN ((. != 0x0)?0x4:0x1)
                0x00000000000394e8                . = ALIGN (0x4)
                0x00000000000394e8                . = SEGMENT_START ("ldata-segment", .)
                0x00000000000394e8                . = ALIGN (0x4)
                0x00000000000394e8                _end = .
                0x00000000000394e8                PROVIDE (end, .)
                0x00000000000394e8                . = DATA_SEGMENT_END (.)

.stab
 *(.stab)

.stabstr
 *(.stabstr)

.stab.excl
 *(.stab.excl)

.stab.exclstr
 *(.stab.exclstr)

.stab.index
 *(.stab.index)

.stab.indexstr
 *(.stab.indexstr)

.comment        0x0000000000000000       0x29
 *(.comment)
 .comment       0x0000000000000000       0x29 /usr/lib/gcc/i686-linux-gnu/4.8/crtbeginS.o
                                         0x2a (size before relaxing)
 .comment       0x0000000000000000       0x2a udp-client.co
 .comment       0x0000000000000000       0x2a obj_cooja/mtype77.o
 .comment       0x0000000000000000       0x2a obj_cooja/mtype77.a(simEnvChange.o)
 .comment       0x0000000000000000       0x2a obj_cooja/mtype77.a(cooja_mt.o)
 .comment       0x0000000000000000       0x2a obj_cooja/mtype77.a(cooja_mtarch.o)
 .comment       0x0000000000000000       0x2a obj_cooja/mtype77.a(rtimer-arch.o)
 .comment       0x0000000000000000       0x2a obj_cooja/mtype77.a(beep.o)
 .comment       0x0000000000000000       0x2a obj_cooja/mtype77.a(button-sensor.o)
 .comment       0x0000000000000000       0x2a obj_cooja/mtype77.a(leds-arch.o)
 .comment       0x0000000000000000       0x2a obj_cooja/mtype77.a(moteid.o)
 .comment       0x0000000000000000       0x2a obj_cooja/mtype77.a(pir-sensor.o)
 .comment       0x0000000000000000       0x2a obj_cooja/mtype77.a(rs232.o)
 .comment       0x0000000000000000       0x2a obj_cooja/mtype77.a(vib-sensor.o)
 .comment       0x0000000000000000       0x2a obj_cooja/mtype77.a(clock.o)
 .comment       0x0000000000000000       0x2a obj_cooja/mtype77.a(log.o)
 .comment       0x0000000000000000       0x2a obj_cooja/mtype77.a(cfs-cooja.o)
 .comment       0x0000000000000000       0x2a obj_cooja/mtype77.a(cooja-radio.o)
 .comment       0x0000000000000000       0x2a obj_cooja/mtype77.a(eeprom.o)
 .comment       0x0000000000000000       0x2a obj_cooja/mtype77.a(random.o)
 .comment       0x0000000000000000       0x2a obj_cooja/mtype77.a(sensors.o)
 .comment       0x0000000000000000       0x2a obj_cooja/mtype77.a(leds.o)
 .comment       0x0000000000000000       0x2a obj_cooja/mtype77.a(dual_conf.o)
 .comment       0x0000000000000000       0x2a obj_cooja/mtype77.a(autostart.o)
 .comment       0x0000000000000000       0x2a obj_cooja/mtype77.a(ctimer.o)
 .comment       0x0000000000000000       0x2a obj_cooja/mtype77.a(etimer.o)
 .comment       0x0000000000000000       0x2a obj_cooja/mtype77.a(log_message.o)
 .comment       0x0000000000000000       0x2a obj_cooja/mtype77.a(process.o)
 .comment       0x0000000000000000       0x2a obj_cooja/mtype77.a(residual.o)
 .comment       0x0000000000000000       0x2a obj_cooja/mtype77.a(rtimer.o)
 .comment       0x0000000000000000       0x2a obj_cooja/mtype77.a(stimer.o)
 .comment       0x0000000000000000       0x2a obj_cooja/mtype77.a(timer.o)
 .comment       0x0000000000000000       0x2a obj_cooja/mtype77.a(serial-line.o)
 .comment       0x0000000000000000       0x2a obj_cooja/mtype77.a(list.o)
 .comment       0x0000000000000000       0x2a obj_cooja/mtype77.a(ringbuf.o)
 .comment       0x0000000000000000       0x2a obj_cooja/mtype77.a(sicslowpan.o)
 .comment       0x0000000000000000       0x2a obj_cooja/mtype77.a(uip-ds6-nbr.o)
 .comment       0x0000000000000000       0x2a obj_cooja/mtype77.a(uip-ds6-route.o)
 .comment       0x0000000000000000       0x2a obj_cooja/mtype77.a(uip-ds6.o)
 .comment       0x0000000000000000       0x2a obj_cooja/mtype77.a(uip6.o)
 .comment       0x0000000000000000       0x2a obj_cooja/mtype77.a(tcpip.o)
 .comment       0x0000000000000000       0x2a obj_cooja/mtype77.a(uip-debug.o)
 .comment       0x0000000000000000       0x2a obj_cooja/mtype77.a(uip-packetqueue)
 .comment       0x0000000000000000       0x2a obj_cooja/mtype77.a(uip-udp-packet.)
 .comment       0x0000000000000000       0x2a obj_cooja/mtype77.a(rpl-dag.o)
 .comment       0x0000000000000000       0x2a obj_cooja/mtype77.a(rpl-ext-header.)
 .comment       0x0000000000000000       0x2a obj_cooja/mtype77.a(rpl-icmp6.o)
 .comment       0x0000000000000000       0x2a obj_cooja/mtype77.a(rpl-ltmax.o)
 .comment       0x0000000000000000       0x2a obj_cooja/mtype77.a(rpl-timers.o)
 .comment       0x0000000000000000       0x2a obj_cooja/mtype77.a(rpl.o)
 .comment       0x0000000000000000       0x2a obj_cooja/mtype77.a(csma.o)
 .comment       0x0000000000000000       0x2a obj_cooja/mtype77.a(framer-802154.o)
 .comment       0x0000000000000000       0x2a obj_cooja/mtype77.a(mac.o)
 .comment       0x0000000000000000       0x2a obj_cooja/mtype77.a(cxmac.o)
 .comment       0x0000000000000000       0x2a obj_cooja/mtype77.a(linkaddr.o)
 .comment       0x0000000000000000       0x2a obj_cooja/mtype77.a(nbr-table.o)
 .comment       0x0000000000000000       0x2a obj_cooja/mtype77.a(netstack.o)
 .comment       0x0000000000000000       0x2a obj_cooja/mtype77.a(packetbuf.o)
 .comment       0x0000000000000000       0x2a obj_cooja/mtype77.a(queuebuf.o)
 .comment       0x0000000000000000       0x2a obj_cooja/mtype77.a(nullsec.o)
 .comment       0x0000000000000000       0x2a obj_cooja/mtype77.a(watchdog.o)
 .comment       0x0000000000000000       0x2a obj_cooja/mtype77.a(rimestats.o)
 .comment       0x0000000000000000       0x2a obj_cooja/mtype77.a(memb.o)
 .comment       0x0000000000000000       0x2a obj_cooja/mtype77.a(uip-icmp6.o)
 .comment       0x0000000000000000       0x2a obj_cooja/mtype77.a(uip-nd6.o)
 .comment       0x0000000000000000       0x2a obj_cooja/mtype77.a(rpl-nbr-policy.)
 .comment       0x0000000000000000       0x2a obj_cooja/mtype77.a(frame802154.o)
 .comment       0x0000000000000000       0x2a /usr/lib/gcc/i686-linux-gnu/4.8/crtendS.o

.debug
 *(.debug)

.line
 *(.line)

.debug_srcinfo
 *(.debug_srcinfo)

.debug_sfnames
 *(.debug_sfnames)

.debug_aranges  0x0000000000000000      0x838
 *(.debug_aranges)
 .debug_aranges
                0x0000000000000000       0x20 udp-client.co
 .debug_aranges
                0x0000000000000020       0x20 obj_cooja/mtype77.o
 .debug_aranges
                0x0000000000000040       0x20 obj_cooja/mtype77.a(simEnvChange.o)
 .debug_aranges
                0x0000000000000060       0x20 obj_cooja/mtype77.a(cooja_mt.o)
 .debug_aranges
                0x0000000000000080       0x20 obj_cooja/mtype77.a(cooja_mtarch.o)
 .debug_aranges
                0x00000000000000a0       0x20 obj_cooja/mtype77.a(rtimer-arch.o)
 .debug_aranges
                0x00000000000000c0       0x20 obj_cooja/mtype77.a(beep.o)
 .debug_aranges
                0x00000000000000e0       0x20 obj_cooja/mtype77.a(button-sensor.o)
 .debug_aranges
                0x0000000000000100       0x20 obj_cooja/mtype77.a(leds-arch.o)
 .debug_aranges
                0x0000000000000120       0x20 obj_cooja/mtype77.a(moteid.o)
 .debug_aranges
                0x0000000000000140       0x20 obj_cooja/mtype77.a(pir-sensor.o)
 .debug_aranges
                0x0000000000000160       0x20 obj_cooja/mtype77.a(rs232.o)
 .debug_aranges
                0x0000000000000180       0x20 obj_cooja/mtype77.a(vib-sensor.o)
 .debug_aranges
                0x00000000000001a0       0x20 obj_cooja/mtype77.a(clock.o)
 .debug_aranges
                0x00000000000001c0       0x20 obj_cooja/mtype77.a(log.o)
 .debug_aranges
                0x00000000000001e0       0x20 obj_cooja/mtype77.a(cfs-cooja.o)
 .debug_aranges
                0x0000000000000200       0x20 obj_cooja/mtype77.a(cooja-radio.o)
 .debug_aranges
                0x0000000000000220       0x20 obj_cooja/mtype77.a(eeprom.o)
 .debug_aranges
                0x0000000000000240       0x20 obj_cooja/mtype77.a(random.o)
 .debug_aranges
                0x0000000000000260       0x20 obj_cooja/mtype77.a(sensors.o)
 .debug_aranges
                0x0000000000000280       0x20 obj_cooja/mtype77.a(leds.o)
 .debug_aranges
                0x00000000000002a0       0x20 obj_cooja/mtype77.a(dual_conf.o)
 .debug_aranges
                0x00000000000002c0       0x20 obj_cooja/mtype77.a(autostart.o)
 .debug_aranges
                0x00000000000002e0       0x20 obj_cooja/mtype77.a(ctimer.o)
 .debug_aranges
                0x0000000000000300       0x20 obj_cooja/mtype77.a(etimer.o)
 .debug_aranges
                0x0000000000000320       0x20 obj_cooja/mtype77.a(log_message.o)
 .debug_aranges
                0x0000000000000340       0x20 obj_cooja/mtype77.a(process.o)
 .debug_aranges
                0x0000000000000360       0x20 obj_cooja/mtype77.a(residual.o)
 .debug_aranges
                0x0000000000000380       0x20 obj_cooja/mtype77.a(rtimer.o)
 .debug_aranges
                0x00000000000003a0       0x20 obj_cooja/mtype77.a(stimer.o)
 .debug_aranges
                0x00000000000003c0       0x20 obj_cooja/mtype77.a(timer.o)
 .debug_aranges
                0x00000000000003e0       0x20 obj_cooja/mtype77.a(serial-line.o)
 .debug_aranges
                0x0000000000000400       0x20 obj_cooja/mtype77.a(list.o)
 .debug_aranges
                0x0000000000000420       0x20 obj_cooja/mtype77.a(ringbuf.o)
 .debug_aranges
                0x0000000000000440       0x20 obj_cooja/mtype77.a(sicslowpan.o)
 .debug_aranges
                0x0000000000000460       0x20 obj_cooja/mtype77.a(uip-ds6-nbr.o)
 .debug_aranges
                0x0000000000000480       0x20 obj_cooja/mtype77.a(uip-ds6-route.o)
 .debug_aranges
                0x00000000000004a0       0x20 obj_cooja/mtype77.a(uip-ds6.o)
 .debug_aranges
                0x00000000000004c0       0x20 obj_cooja/mtype77.a(uip6.o)
 .debug_aranges
                0x00000000000004e0       0x20 obj_cooja/mtype77.a(tcpip.o)
 .debug_aranges
                0x0000000000000500       0x20 obj_cooja/mtype77.a(uip-debug.o)
 .debug_aranges
                0x0000000000000520       0x20 obj_cooja/mtype77.a(uip-packetqueue)
 .debug_aranges
                0x0000000000000540       0x20 obj_cooja/mtype77.a(uip-udp-packet.)
 .debug_aranges
                0x0000000000000560       0x20 obj_cooja/mtype77.a(rpl-dag.o)
 .debug_aranges
                0x0000000000000580       0x20 obj_cooja/mtype77.a(rpl-ext-header.)
 .debug_aranges
                0x00000000000005a0       0x20 obj_cooja/mtype77.a(rpl-icmp6.o)
 .debug_aranges
                0x00000000000005c0       0x20 obj_cooja/mtype77.a(rpl-ltmax.o)
 .debug_aranges
                0x00000000000005e0       0x20 obj_cooja/mtype77.a(rpl-timers.o)
 .debug_aranges
                0x0000000000000600       0x20 obj_cooja/mtype77.a(rpl.o)
 .debug_aranges
                0x0000000000000620       0x20 obj_cooja/mtype77.a(csma.o)
 .debug_aranges
                0x0000000000000640       0x20 obj_cooja/mtype77.a(framer-802154.o)
 .debug_aranges
                0x0000000000000660       0x20 obj_cooja/mtype77.a(mac.o)
 .debug_aranges
                0x0000000000000680       0x20 obj_cooja/mtype77.a(cxmac.o)
 .debug_aranges
                0x00000000000006a0       0x20 obj_cooja/mtype77.a(linkaddr.o)
 .debug_aranges
                0x00000000000006c0       0x20 obj_cooja/mtype77.a(nbr-table.o)
 .debug_aranges
                0x00000000000006e0       0x20 obj_cooja/mtype77.a(netstack.o)
 .debug_aranges
                0x0000000000000700       0x20 obj_cooja/mtype77.a(packetbuf.o)
 .debug_aranges
                0x0000000000000720       0x20 obj_cooja/mtype77.a(queuebuf.o)
 .debug_aranges
                0x0000000000000740       0x20 obj_cooja/mtype77.a(nullsec.o)
 .debug_aranges
                0x0000000000000760       0x20 obj_cooja/mtype77.a(watchdog.o)
 .debug_aranges
                0x0000000000000780       0x18 obj_cooja/mtype77.a(rimestats.o)
 .debug_aranges
                0x0000000000000798       0x20 obj_cooja/mtype77.a(memb.o)
 .debug_aranges
                0x00000000000007b8       0x20 obj_cooja/mtype77.a(uip-icmp6.o)
 .debug_aranges
                0x00000000000007d8       0x20 obj_cooja/mtype77.a(uip-nd6.o)
 .debug_aranges
                0x00000000000007f8       0x20 obj_cooja/mtype77.a(rpl-nbr-policy.)
 .debug_aranges
                0x0000000000000818       0x20 obj_cooja/mtype77.a(frame802154.o)

.debug_pubnames
 *(.debug_pubnames)

.debug_info     0x0000000000000000    0x1e69a
 *(.debug_info .gnu.linkonce.wi.*)
 .debug_info    0x0000000000000000     0x1184 udp-client.co
 .debug_info    0x0000000000001184     0x3b8f obj_cooja/mtype77.o
 .debug_info    0x0000000000004d13      0x15a obj_cooja/mtype77.a(simEnvChange.o)
 .debug_info    0x0000000000004e6d      0x1e2 obj_cooja/mtype77.a(cooja_mt.o)
 .debug_info    0x000000000000504f      0x2e7 obj_cooja/mtype77.a(cooja_mtarch.o)
 .debug_info    0x0000000000005336      0x16b obj_cooja/mtype77.a(rtimer-arch.o)
 .debug_info    0x00000000000054a1      0x1f3 obj_cooja/mtype77.a(beep.o)
 .debug_info    0x0000000000005694      0x257 obj_cooja/mtype77.a(button-sensor.o)
 .debug_info    0x00000000000058eb      0x132 obj_cooja/mtype77.a(leds-arch.o)